hot: 2115.0 appends/s
parallel: 20474.5 appends/s
{
  "nats_server_version": "2.15.0",
  "go_version": "go1.27.1",
  "replicas": 3,
  "storage": "file",
  "parallel_workers": 1000,
  "hot": {
    "invocations": 1,
    "entries_each": 10000,
    "appends": 10000,
    "elapsed_ms": 4728.155327,
    "appends_per_second": 2114.989738787827
  },
  "parallel": {
    "invocations": 1000,
    "entries_each": 100,
    "appends": 100000,
    "elapsed_ms": 4884.133478,
    "appends_per_second": 20474.46091521416
  },
  "journal_messages": 110000,
  "journal_subjects": 1001,
  "hot_placement": "leader",
  "hot_topology_before": {
    "leader": "wf-test-1",
    "client_server": "wf-test-1",
    "client_is_leader": true
  },
  "hot_topology_after": {
    "leader": "wf-test-1",
    "client_server": "wf-test-1",
    "client_is_leader": true
  }
}
