--- FAIL: TestReplayBundleEnvelope (0.02s)
    --- FAIL: TestReplayBundleEnvelope/duplicate_format_downgrade (0.00s)
        replay_envelope_test.go:36: decode error=<nil> reject=true
    --- FAIL: TestReplayBundleEnvelope/escaped_duplicate_format (0.00s)
        replay_envelope_test.go:36: decode error=<nil> reject=true
    --- FAIL: TestReplayBundleEnvelope/alias_format (0.00s)
        replay_envelope_test.go:36: decode error=<nil> reject=true
    --- FAIL: TestReplayBundleEnvelope/duplicate_input (0.00s)
        replay_envelope_test.go:36: decode error=<nil> reject=true
    --- FAIL: TestReplayBundleEnvelope/duplicate_identity (0.00s)
        replay_envelope_test.go:36: decode error=<nil> reject=true
    --- FAIL: TestReplayBundleEnvelope/duplicate_object (0.00s)
        replay_envelope_test.go:36: decode error=<nil> reject=true
    --- FAIL: TestReplayBundleEnvelope/alias_pending_sequence (0.00s)
        replay_envelope_test.go:36: decode error=<nil> reject=true
    --- FAIL: TestReplayBundleEnvelope/duplicate_pending_header (0.00s)
        replay_envelope_test.go:36: decode error=<nil> reject=true
FAIL
FAIL	js-wf/cmd/wf	0.077s
FAIL
