=== RUN   TestPinnedRegressionCorpus
=== RUN   TestPinnedRegressionCorpus/worker-common-clock-ahead_await_1s.json
=== RUN   TestPinnedRegressionCorpus/worker-common-clock-ahead_await_250ms.json
=== RUN   TestPinnedRegressionCorpus/worker-common-clock-ahead_select_many_1s.json
=== RUN   TestPinnedRegressionCorpus/worker-common-clock-ahead_select_many_250ms.json
=== RUN   TestPinnedRegressionCorpus/worker-common-clock-ahead_select_signal_1s.json
=== RUN   TestPinnedRegressionCorpus/worker-common-clock-ahead_select_signal_250ms.json
=== RUN   TestPinnedRegressionCorpus/worker-common-clock-ahead_sleep_1s.json
=== RUN   TestPinnedRegressionCorpus/worker-common-clock-ahead_sleep_250ms.json
=== RUN   TestPinnedRegressionCorpus/worker-common-clock-behind_await_1s.json
=== RUN   TestPinnedRegressionCorpus/worker-common-clock-behind_await_250ms.json
=== RUN   TestPinnedRegressionCorpus/worker-common-clock-behind_select_many_1s.json
=== RUN   TestPinnedRegressionCorpus/worker-common-clock-behind_select_many_250ms.json
=== RUN   TestPinnedRegressionCorpus/worker-common-clock-behind_select_signal_1s.json
=== RUN   TestPinnedRegressionCorpus/worker-common-clock-behind_select_signal_250ms.json
=== RUN   TestPinnedRegressionCorpus/worker-common-clock-behind_sleep_1s.json
=== RUN   TestPinnedRegressionCorpus/worker-common-clock-behind_sleep_250ms.json
=== RUN   TestPinnedRegressionCorpus/worker-common-transition-ahead_await_1s_after_due_without_quorum.json
=== RUN   TestPinnedRegressionCorpus/worker-common-transition-ahead_await_1s_before_due.json
=== RUN   TestPinnedRegressionCorpus/worker-common-transition-ahead_await_250ms_after_due_without_quorum.json
=== RUN   TestPinnedRegressionCorpus/worker-common-transition-ahead_await_250ms_before_due.json
=== RUN   TestPinnedRegressionCorpus/worker-common-transition-ahead_select_many_1s_after_due_without_quorum.json
=== RUN   TestPinnedRegressionCorpus/worker-common-transition-ahead_select_many_1s_before_due.json
=== RUN   TestPinnedRegressionCorpus/worker-common-transition-ahead_select_many_250ms_after_due_without_quorum.json
=== RUN   TestPinnedRegressionCorpus/worker-common-transition-ahead_select_many_250ms_before_due.json
=== RUN   TestPinnedRegressionCorpus/worker-common-transition-ahead_select_signal_1s_after_due_without_quorum.json
=== RUN   TestPinnedRegressionCorpus/worker-common-transition-ahead_select_signal_1s_before_due.json
=== RUN   TestPinnedRegressionCorpus/worker-common-transition-ahead_select_signal_250ms_after_due_without_quorum.json
=== RUN   TestPinnedRegressionCorpus/worker-common-transition-ahead_select_signal_250ms_before_due.json
=== RUN   TestPinnedRegressionCorpus/worker-common-transition-ahead_sleep_1s_after_due_without_quorum.json
=== RUN   TestPinnedRegressionCorpus/worker-common-transition-ahead_sleep_1s_before_due.json
=== RUN   TestPinnedRegressionCorpus/worker-common-transition-ahead_sleep_250ms_after_due_without_quorum.json
=== RUN   TestPinnedRegressionCorpus/worker-common-transition-ahead_sleep_250ms_before_due.json
=== RUN   TestPinnedRegressionCorpus/worker-common-transition-behind_await_1s_after_due_without_quorum.json
=== RUN   TestPinnedRegressionCorpus/worker-common-transition-behind_await_1s_before_due.json
=== RUN   TestPinnedRegressionCorpus/worker-common-transition-behind_await_250ms_after_due_without_quorum.json
=== RUN   TestPinnedRegressionCorpus/worker-common-transition-behind_await_250ms_before_due.json
=== RUN   TestPinnedRegressionCorpus/worker-common-transition-behind_select_many_1s_after_due_without_quorum.json
=== RUN   TestPinnedRegressionCorpus/worker-common-transition-behind_select_many_1s_before_due.json
=== RUN   TestPinnedRegressionCorpus/worker-common-transition-behind_select_many_250ms_after_due_without_quorum.json
=== RUN   TestPinnedRegressionCorpus/worker-common-transition-behind_select_many_250ms_before_due.json
=== RUN   TestPinnedRegressionCorpus/worker-common-transition-behind_select_signal_1s_after_due_without_quorum.json
=== RUN   TestPinnedRegressionCorpus/worker-common-transition-behind_select_signal_1s_before_due.json
=== RUN   TestPinnedRegressionCorpus/worker-common-transition-behind_select_signal_250ms_after_due_without_quorum.json
=== RUN   TestPinnedRegressionCorpus/worker-common-transition-behind_select_signal_250ms_before_due.json
=== RUN   TestPinnedRegressionCorpus/worker-common-transition-behind_sleep_1s_after_due_without_quorum.json
=== RUN   TestPinnedRegressionCorpus/worker-common-transition-behind_sleep_1s_before_due.json
=== RUN   TestPinnedRegressionCorpus/worker-common-transition-behind_sleep_250ms_after_due_without_quorum.json
=== RUN   TestPinnedRegressionCorpus/worker-common-transition-behind_sleep_250ms_before_due.json
=== RUN   TestPinnedRegressionCorpus/worker-fresh-timer-behind_await_250ms.json
=== RUN   TestPinnedRegressionCorpus/worker-fresh-timer-behind_select_many_250ms.json
=== RUN   TestPinnedRegressionCorpus/worker-fresh-timer-behind_select_signal_250ms.json
=== RUN   TestPinnedRegressionCorpus/worker-fresh-timer-behind_sleep_250ms.json
--- PASS: TestPinnedRegressionCorpus (2.12s)
    --- PASS: TestPinnedRegressionCorpus/worker-common-clock-ahead_await_1s.json (0.04s)
    --- PASS: TestPinnedRegressionCorpus/worker-common-clock-ahead_await_250ms.json (0.05s)
    --- PASS: TestPinnedRegressionCorpus/worker-common-clock-ahead_select_many_1s.json (0.04s)
    --- PASS: TestPinnedRegressionCorpus/worker-common-clock-ahead_select_many_250ms.json (0.05s)
    --- PASS: TestPinnedRegressionCorpus/worker-common-clock-ahead_select_signal_1s.json (0.04s)
    --- PASS: TestPinnedRegressionCorpus/worker-common-clock-ahead_select_signal_250ms.json (0.04s)
    --- PASS: TestPinnedRegressionCorpus/worker-common-clock-ahead_sleep_1s.json (0.02s)
    --- PASS: TestPinnedRegressionCorpus/worker-common-clock-ahead_sleep_250ms.json (0.02s)
    --- PASS: TestPinnedRegressionCorpus/worker-common-clock-behind_await_1s.json (0.04s)
    --- PASS: TestPinnedRegressionCorpus/worker-common-clock-behind_await_250ms.json (0.03s)
    --- PASS: TestPinnedRegressionCorpus/worker-common-clock-behind_select_many_1s.json (0.04s)
    --- PASS: TestPinnedRegressionCorpus/worker-common-clock-behind_select_many_250ms.json (0.05s)
    --- PASS: TestPinnedRegressionCorpus/worker-common-clock-behind_select_signal_1s.json (0.04s)
    --- PASS: TestPinnedRegressionCorpus/worker-common-clock-behind_select_signal_250ms.json (0.04s)
    --- PASS: TestPinnedRegressionCorpus/worker-common-clock-behind_sleep_1s.json (0.03s)
    --- PASS: TestPinnedRegressionCorpus/worker-common-clock-behind_sleep_250ms.json (0.02s)
    --- PASS: TestPinnedRegressionCorpus/worker-common-transition-ahead_await_1s_after_due_without_quorum.json (0.04s)
    --- PASS: TestPinnedRegressionCorpus/worker-common-transition-ahead_await_1s_before_due.json (0.05s)
    --- PASS: TestPinnedRegressionCorpus/worker-common-transition-ahead_await_250ms_after_due_without_quorum.json (0.05s)
    --- PASS: TestPinnedRegressionCorpus/worker-common-transition-ahead_await_250ms_before_due.json (0.05s)
    --- PASS: TestPinnedRegressionCorpus/worker-common-transition-ahead_select_many_1s_after_due_without_quorum.json (0.06s)
    --- PASS: TestPinnedRegressionCorpus/worker-common-transition-ahead_select_many_1s_before_due.json (0.06s)
    --- PASS: TestPinnedRegressionCorpus/worker-common-transition-ahead_select_many_250ms_after_due_without_quorum.json (0.05s)
    --- PASS: TestPinnedRegressionCorpus/worker-common-transition-ahead_select_many_250ms_before_due.json (0.06s)
    --- PASS: TestPinnedRegressionCorpus/worker-common-transition-ahead_select_signal_1s_after_due_without_quorum.json (0.06s)
    --- PASS: TestPinnedRegressionCorpus/worker-common-transition-ahead_select_signal_1s_before_due.json (0.05s)
    --- PASS: TestPinnedRegressionCorpus/worker-common-transition-ahead_select_signal_250ms_after_due_without_quorum.json (0.04s)
    --- PASS: TestPinnedRegressionCorpus/worker-common-transition-ahead_select_signal_250ms_before_due.json (0.05s)
    --- PASS: TestPinnedRegressionCorpus/worker-common-transition-ahead_sleep_1s_after_due_without_quorum.json (0.03s)
    --- PASS: TestPinnedRegressionCorpus/worker-common-transition-ahead_sleep_1s_before_due.json (0.03s)
    --- PASS: TestPinnedRegressionCorpus/worker-common-transition-ahead_sleep_250ms_after_due_without_quorum.json (0.03s)
    --- PASS: TestPinnedRegressionCorpus/worker-common-transition-ahead_sleep_250ms_before_due.json (0.03s)
    --- PASS: TestPinnedRegressionCorpus/worker-common-transition-behind_await_1s_after_due_without_quorum.json (0.04s)
    --- PASS: TestPinnedRegressionCorpus/worker-common-transition-behind_await_1s_before_due.json (0.07s)
    --- PASS: TestPinnedRegressionCorpus/worker-common-transition-behind_await_250ms_after_due_without_quorum.json (0.04s)
    --- PASS: TestPinnedRegressionCorpus/worker-common-transition-behind_await_250ms_before_due.json (0.04s)
    --- PASS: TestPinnedRegressionCorpus/worker-common-transition-behind_select_many_1s_after_due_without_quorum.json (0.04s)
    --- PASS: TestPinnedRegressionCorpus/worker-common-transition-behind_select_many_1s_before_due.json (0.04s)
    --- PASS: TestPinnedRegressionCorpus/worker-common-transition-behind_select_many_250ms_after_due_without_quorum.json (0.04s)
    --- PASS: TestPinnedRegressionCorpus/worker-common-transition-behind_select_many_250ms_before_due.json (0.04s)
    --- PASS: TestPinnedRegressionCorpus/worker-common-transition-behind_select_signal_1s_after_due_without_quorum.json (0.04s)
    --- PASS: TestPinnedRegressionCorpus/worker-common-transition-behind_select_signal_1s_before_due.json (0.04s)
    --- PASS: TestPinnedRegressionCorpus/worker-common-transition-behind_select_signal_250ms_after_due_without_quorum.json (0.06s)
    --- PASS: TestPinnedRegressionCorpus/worker-common-transition-behind_select_signal_250ms_before_due.json (0.05s)
    --- PASS: TestPinnedRegressionCorpus/worker-common-transition-behind_sleep_1s_after_due_without_quorum.json (0.02s)
    --- PASS: TestPinnedRegressionCorpus/worker-common-transition-behind_sleep_1s_before_due.json (0.03s)
    --- PASS: TestPinnedRegressionCorpus/worker-common-transition-behind_sleep_250ms_after_due_without_quorum.json (0.02s)
    --- PASS: TestPinnedRegressionCorpus/worker-common-transition-behind_sleep_250ms_before_due.json (0.03s)
    --- PASS: TestPinnedRegressionCorpus/worker-fresh-timer-behind_await_250ms.json (0.03s)
    --- PASS: TestPinnedRegressionCorpus/worker-fresh-timer-behind_select_many_250ms.json (0.03s)
    --- PASS: TestPinnedRegressionCorpus/worker-fresh-timer-behind_select_signal_250ms.json (0.03s)
    --- PASS: TestPinnedRegressionCorpus/worker-fresh-timer-behind_sleep_250ms.json (0.02s)
PASS
ok  	js-wf/sim	3.138s
