=== RUN   TestRawGraphCursorEnvelope
=== RUN   TestRawGraphCursorEnvelope/json/archive=false/valid
=== RUN   TestRawGraphCursorEnvelope/json/archive=false/whitespace
=== RUN   TestRawGraphCursorEnvelope/json/archive=false/unknown
=== RUN   TestRawGraphCursorEnvelope/json/archive=false/alias
=== RUN   TestRawGraphCursorEnvelope/json/archive=false/duplicate-schema
=== RUN   TestRawGraphCursorEnvelope/json/archive=false/duplicate-invocation
=== RUN   TestRawGraphCursorEnvelope/json/archive=false/escaped-count
=== RUN   TestRawGraphCursorEnvelope/json/archive=false/count-fraction
=== RUN   TestRawGraphCursorEnvelope/json/archive=false/invocation-negative
=== RUN   TestRawGraphCursorEnvelope/json/archive=true/valid
=== RUN   TestRawGraphCursorEnvelope/json/archive=true/whitespace
=== RUN   TestRawGraphCursorEnvelope/json/archive=true/unknown
=== RUN   TestRawGraphCursorEnvelope/json/archive=true/alias
=== RUN   TestRawGraphCursorEnvelope/json/archive=true/duplicate-schema
=== RUN   TestRawGraphCursorEnvelope/json/archive=true/duplicate-invocation
=== RUN   TestRawGraphCursorEnvelope/json/archive=true/escaped-count
=== RUN   TestRawGraphCursorEnvelope/json/archive=true/count-fraction
=== RUN   TestRawGraphCursorEnvelope/json/archive=true/invocation-negative
=== RUN   TestRawGraphCursorEnvelope/protobuf-v1/archive=false/valid
=== RUN   TestRawGraphCursorEnvelope/protobuf-v1/archive=false/whitespace
=== RUN   TestRawGraphCursorEnvelope/protobuf-v1/archive=false/unknown
=== RUN   TestRawGraphCursorEnvelope/protobuf-v1/archive=false/alias
=== RUN   TestRawGraphCursorEnvelope/protobuf-v1/archive=false/duplicate-schema
=== RUN   TestRawGraphCursorEnvelope/protobuf-v1/archive=false/duplicate-invocation
=== RUN   TestRawGraphCursorEnvelope/protobuf-v1/archive=false/escaped-count
=== RUN   TestRawGraphCursorEnvelope/protobuf-v1/archive=false/count-fraction
=== RUN   TestRawGraphCursorEnvelope/protobuf-v1/archive=false/invocation-negative
=== RUN   TestRawGraphCursorEnvelope/protobuf-v1/archive=true/valid
=== RUN   TestRawGraphCursorEnvelope/protobuf-v1/archive=true/whitespace
=== RUN   TestRawGraphCursorEnvelope/protobuf-v1/archive=true/unknown
=== RUN   TestRawGraphCursorEnvelope/protobuf-v1/archive=true/alias
=== RUN   TestRawGraphCursorEnvelope/protobuf-v1/archive=true/duplicate-schema
=== RUN   TestRawGraphCursorEnvelope/protobuf-v1/archive=true/duplicate-invocation
=== RUN   TestRawGraphCursorEnvelope/protobuf-v1/archive=true/escaped-count
=== RUN   TestRawGraphCursorEnvelope/protobuf-v1/archive=true/count-fraction
=== RUN   TestRawGraphCursorEnvelope/protobuf-v1/archive=true/invocation-negative
--- PASS: TestRawGraphCursorEnvelope (0.12s)
    --- PASS: TestRawGraphCursorEnvelope/json/archive=false/valid (0.01s)
    --- PASS: TestRawGraphCursorEnvelope/json/archive=false/whitespace (0.00s)
    --- PASS: TestRawGraphCursorEnvelope/json/archive=false/unknown (0.00s)
    --- PASS: TestRawGraphCursorEnvelope/json/archive=false/alias (0.00s)
    --- PASS: TestRawGraphCursorEnvelope/json/archive=false/duplicate-schema (0.00s)
    --- PASS: TestRawGraphCursorEnvelope/json/archive=false/duplicate-invocation (0.00s)
    --- PASS: TestRawGraphCursorEnvelope/json/archive=false/escaped-count (0.00s)
    --- PASS: TestRawGraphCursorEnvelope/json/archive=false/count-fraction (0.00s)
    --- PASS: TestRawGraphCursorEnvelope/json/archive=false/invocation-negative (0.00s)
    --- PASS: TestRawGraphCursorEnvelope/json/archive=true/valid (0.01s)
    --- PASS: TestRawGraphCursorEnvelope/json/archive=true/whitespace (0.01s)
    --- PASS: TestRawGraphCursorEnvelope/json/archive=true/unknown (0.00s)
    --- PASS: TestRawGraphCursorEnvelope/json/archive=true/alias (0.00s)
    --- PASS: TestRawGraphCursorEnvelope/json/archive=true/duplicate-schema (0.00s)
    --- PASS: TestRawGraphCursorEnvelope/json/archive=true/duplicate-invocation (0.00s)
    --- PASS: TestRawGraphCursorEnvelope/json/archive=true/escaped-count (0.00s)
    --- PASS: TestRawGraphCursorEnvelope/json/archive=true/count-fraction (0.00s)
    --- PASS: TestRawGraphCursorEnvelope/json/archive=true/invocation-negative (0.00s)
    --- PASS: TestRawGraphCursorEnvelope/protobuf-v1/archive=false/valid (0.00s)
    --- PASS: TestRawGraphCursorEnvelope/protobuf-v1/archive=false/whitespace (0.00s)
    --- PASS: TestRawGraphCursorEnvelope/protobuf-v1/archive=false/unknown (0.00s)
    --- PASS: TestRawGraphCursorEnvelope/protobuf-v1/archive=false/alias (0.00s)
    --- PASS: TestRawGraphCursorEnvelope/protobuf-v1/archive=false/duplicate-schema (0.00s)
    --- PASS: TestRawGraphCursorEnvelope/protobuf-v1/archive=false/duplicate-invocation (0.00s)
    --- PASS: TestRawGraphCursorEnvelope/protobuf-v1/archive=false/escaped-count (0.00s)
    --- PASS: TestRawGraphCursorEnvelope/protobuf-v1/archive=false/count-fraction (0.00s)
    --- PASS: TestRawGraphCursorEnvelope/protobuf-v1/archive=false/invocation-negative (0.00s)
    --- PASS: TestRawGraphCursorEnvelope/protobuf-v1/archive=true/valid (0.01s)
    --- PASS: TestRawGraphCursorEnvelope/protobuf-v1/archive=true/whitespace (0.01s)
    --- PASS: TestRawGraphCursorEnvelope/protobuf-v1/archive=true/unknown (0.00s)
    --- PASS: TestRawGraphCursorEnvelope/protobuf-v1/archive=true/alias (0.00s)
    --- PASS: TestRawGraphCursorEnvelope/protobuf-v1/archive=true/duplicate-schema (0.00s)
    --- PASS: TestRawGraphCursorEnvelope/protobuf-v1/archive=true/duplicate-invocation (0.01s)
    --- PASS: TestRawGraphCursorEnvelope/protobuf-v1/archive=true/escaped-count (0.00s)
    --- PASS: TestRawGraphCursorEnvelope/protobuf-v1/archive=true/count-fraction (0.00s)
    --- PASS: TestRawGraphCursorEnvelope/protobuf-v1/archive=true/invocation-negative (0.00s)
=== RUN   TestRawGraphStartEnvelope
=== RUN   TestRawGraphStartEnvelope/json/valid
=== RUN   TestRawGraphStartEnvelope/json/cursor-unknown
=== RUN   TestRawGraphStartEnvelope/json/cursor-alias
=== RUN   TestRawGraphStartEnvelope/json/cursor-duplicate
=== RUN   TestRawGraphStartEnvelope/json/cursor-request-unknown
=== RUN   TestRawGraphStartEnvelope/json/cursor-request-alias
=== RUN   TestRawGraphStartEnvelope/json/cursor-request-duplicate
=== RUN   TestRawGraphStartEnvelope/json/start-wire-unknown
=== RUN   TestRawGraphStartEnvelope/json/start-wire-alias
=== RUN   TestRawGraphStartEnvelope/json/start-wire-duplicate
=== RUN   TestRawGraphStartEnvelope/json/start-wire-escaped
=== RUN   TestRawGraphStartEnvelope/json/start-wire-request-unknown
=== RUN   TestRawGraphStartEnvelope/json/start-wire-request-alias
=== RUN   TestRawGraphStartEnvelope/json/start-wire-request-duplicate
=== RUN   TestRawGraphStartEnvelope/json/start-parent-valid
=== RUN   TestRawGraphStartEnvelope/json/start-parent-type
=== RUN   TestRawGraphStartEnvelope/json/start-parent-id
=== RUN   TestRawGraphStartEnvelope/json/start-parent-generation
=== RUN   TestRawGraphStartEnvelope/json/start-parent-signal
=== RUN   TestRawGraphStartEnvelope/protobuf-v1/valid
=== RUN   TestRawGraphStartEnvelope/protobuf-v1/cursor-unknown
=== RUN   TestRawGraphStartEnvelope/protobuf-v1/cursor-alias
=== RUN   TestRawGraphStartEnvelope/protobuf-v1/cursor-duplicate
=== RUN   TestRawGraphStartEnvelope/protobuf-v1/cursor-request-unknown
=== RUN   TestRawGraphStartEnvelope/protobuf-v1/cursor-request-alias
=== RUN   TestRawGraphStartEnvelope/protobuf-v1/cursor-request-duplicate
=== RUN   TestRawGraphStartEnvelope/protobuf-v1/start-wire-unknown
=== RUN   TestRawGraphStartEnvelope/protobuf-v1/start-wire-alias
=== RUN   TestRawGraphStartEnvelope/protobuf-v1/start-wire-duplicate
=== RUN   TestRawGraphStartEnvelope/protobuf-v1/start-wire-escaped
=== RUN   TestRawGraphStartEnvelope/protobuf-v1/start-wire-request-unknown
=== RUN   TestRawGraphStartEnvelope/protobuf-v1/start-wire-request-alias
=== RUN   TestRawGraphStartEnvelope/protobuf-v1/start-wire-request-duplicate
=== RUN   TestRawGraphStartEnvelope/protobuf-v1/start-parent-valid
=== RUN   TestRawGraphStartEnvelope/protobuf-v1/start-parent-type
=== RUN   TestRawGraphStartEnvelope/protobuf-v1/start-parent-id
=== RUN   TestRawGraphStartEnvelope/protobuf-v1/start-parent-generation
=== RUN   TestRawGraphStartEnvelope/protobuf-v1/start-parent-signal
--- PASS: TestRawGraphStartEnvelope (0.17s)
    --- PASS: TestRawGraphStartEnvelope/json/valid (0.01s)
    --- PASS: TestRawGraphStartEnvelope/json/cursor-unknown (0.00s)
    --- PASS: TestRawGraphStartEnvelope/json/cursor-alias (0.00s)
    --- PASS: TestRawGraphStartEnvelope/json/cursor-duplicate (0.00s)
    --- PASS: TestRawGraphStartEnvelope/json/cursor-request-unknown (0.00s)
    --- PASS: TestRawGraphStartEnvelope/json/cursor-request-alias (0.00s)
    --- PASS: TestRawGraphStartEnvelope/json/cursor-request-duplicate (0.00s)
    --- PASS: TestRawGraphStartEnvelope/json/start-wire-unknown (0.01s)
    --- PASS: TestRawGraphStartEnvelope/json/start-wire-alias (0.00s)
    --- PASS: TestRawGraphStartEnvelope/json/start-wire-duplicate (0.00s)
    --- PASS: TestRawGraphStartEnvelope/json/start-wire-escaped (0.01s)
    --- PASS: TestRawGraphStartEnvelope/json/start-wire-request-unknown (0.01s)
    --- PASS: TestRawGraphStartEnvelope/json/start-wire-request-alias (0.01s)
    --- PASS: TestRawGraphStartEnvelope/json/start-wire-request-duplicate (0.01s)
    --- PASS: TestRawGraphStartEnvelope/json/start-parent-valid (0.01s)
    --- PASS: TestRawGraphStartEnvelope/json/start-parent-type (0.00s)
    --- PASS: TestRawGraphStartEnvelope/json/start-parent-id (0.00s)
    --- PASS: TestRawGraphStartEnvelope/json/start-parent-generation (0.00s)
    --- PASS: TestRawGraphStartEnvelope/json/start-parent-signal (0.00s)
    --- PASS: TestRawGraphStartEnvelope/protobuf-v1/valid (0.00s)
    --- PASS: TestRawGraphStartEnvelope/protobuf-v1/cursor-unknown (0.00s)
    --- PASS: TestRawGraphStartEnvelope/protobuf-v1/cursor-alias (0.00s)
    --- PASS: TestRawGraphStartEnvelope/protobuf-v1/cursor-duplicate (0.00s)
    --- PASS: TestRawGraphStartEnvelope/protobuf-v1/cursor-request-unknown (0.00s)
    --- PASS: TestRawGraphStartEnvelope/protobuf-v1/cursor-request-alias (0.00s)
    --- PASS: TestRawGraphStartEnvelope/protobuf-v1/cursor-request-duplicate (0.00s)
    --- PASS: TestRawGraphStartEnvelope/protobuf-v1/start-wire-unknown (0.01s)
    --- PASS: TestRawGraphStartEnvelope/protobuf-v1/start-wire-alias (0.01s)
    --- PASS: TestRawGraphStartEnvelope/protobuf-v1/start-wire-duplicate (0.01s)
    --- PASS: TestRawGraphStartEnvelope/protobuf-v1/start-wire-escaped (0.01s)
    --- PASS: TestRawGraphStartEnvelope/protobuf-v1/start-wire-request-unknown (0.01s)
    --- PASS: TestRawGraphStartEnvelope/protobuf-v1/start-wire-request-alias (0.00s)
    --- PASS: TestRawGraphStartEnvelope/protobuf-v1/start-wire-request-duplicate (0.00s)
    --- PASS: TestRawGraphStartEnvelope/protobuf-v1/start-parent-valid (0.00s)
    --- PASS: TestRawGraphStartEnvelope/protobuf-v1/start-parent-type (0.01s)
    --- PASS: TestRawGraphStartEnvelope/protobuf-v1/start-parent-id (0.00s)
    --- PASS: TestRawGraphStartEnvelope/protobuf-v1/start-parent-generation (0.00s)
    --- PASS: TestRawGraphStartEnvelope/protobuf-v1/start-parent-signal (0.00s)
=== RUN   TestRawGraphRetiredProjectionEnvelope
=== RUN   TestRawGraphRetiredProjectionEnvelope/json/inline
=== RUN   TestRawGraphRetiredProjectionEnvelope/json/opaque
=== RUN   TestRawGraphRetiredProjectionEnvelope/json/empty
=== RUN   TestRawGraphRetiredProjectionEnvelope/json/whitespace
=== RUN   TestRawGraphRetiredProjectionEnvelope/json/failed
=== RUN   TestRawGraphRetiredProjectionEnvelope/json/external
=== RUN   TestRawGraphRetiredProjectionEnvelope/json/limit-request
=== RUN   TestRawGraphRetiredProjectionEnvelope/json/limit-entry
=== RUN   TestRawGraphRetiredProjectionEnvelope/json/unknown
=== RUN   TestRawGraphRetiredProjectionEnvelope/json/alias
=== RUN   TestRawGraphRetiredProjectionEnvelope/json/duplicate-generation
=== RUN   TestRawGraphRetiredProjectionEnvelope/json/escaped-generation
=== RUN   TestRawGraphRetiredProjectionEnvelope/json/duplicate-result
=== RUN   TestRawGraphRetiredProjectionEnvelope/json/duplicate-error
=== RUN   TestRawGraphRetiredProjectionEnvelope/json/unknown-limit-entry
=== RUN   TestRawGraphRetiredProjectionEnvelope/json/alias-limit-entry
=== RUN   TestRawGraphRetiredProjectionEnvelope/json/duplicate-limit-entry
=== RUN   TestRawGraphRetiredProjectionEnvelope/json/null
=== RUN   TestRawGraphRetiredProjectionEnvelope/json/array
=== RUN   TestRawGraphRetiredProjectionEnvelope/json/base64
=== RUN   TestRawGraphRetiredProjectionEnvelope/json/generation-fraction
=== RUN   TestRawGraphRetiredProjectionEnvelope/json/generation-negative
=== RUN   TestRawGraphRetiredProjectionEnvelope/json/failed-inline
=== RUN   TestRawGraphRetiredProjectionEnvelope/json/failed-pointer
=== RUN   TestRawGraphRetiredProjectionEnvelope/json/hash-only
=== RUN   TestRawGraphRetiredProjectionEnvelope/json/pointer-only
=== RUN   TestRawGraphRetiredProjectionEnvelope/json/bad-hash
=== RUN   TestRawGraphRetiredProjectionEnvelope/json/mixed-result
=== RUN   TestRawGraphRetiredProjectionEnvelope/json/completed-limit
=== RUN   TestRawGraphRetiredProjectionEnvelope/json/both-limits
=== RUN   TestRawGraphRetiredProjectionEnvelope/json/wrong-limit-error
=== RUN   TestRawGraphRetiredProjectionEnvelope/protobuf-v1/inline
=== RUN   TestRawGraphRetiredProjectionEnvelope/protobuf-v1/opaque
=== RUN   TestRawGraphRetiredProjectionEnvelope/protobuf-v1/empty
=== RUN   TestRawGraphRetiredProjectionEnvelope/protobuf-v1/whitespace
=== RUN   TestRawGraphRetiredProjectionEnvelope/protobuf-v1/failed
=== RUN   TestRawGraphRetiredProjectionEnvelope/protobuf-v1/external
=== RUN   TestRawGraphRetiredProjectionEnvelope/protobuf-v1/limit-request
=== RUN   TestRawGraphRetiredProjectionEnvelope/protobuf-v1/limit-entry
=== RUN   TestRawGraphRetiredProjectionEnvelope/protobuf-v1/unknown
=== RUN   TestRawGraphRetiredProjectionEnvelope/protobuf-v1/alias
=== RUN   TestRawGraphRetiredProjectionEnvelope/protobuf-v1/duplicate-generation
=== RUN   TestRawGraphRetiredProjectionEnvelope/protobuf-v1/escaped-generation
=== RUN   TestRawGraphRetiredProjectionEnvelope/protobuf-v1/duplicate-result
=== RUN   TestRawGraphRetiredProjectionEnvelope/protobuf-v1/duplicate-error
=== RUN   TestRawGraphRetiredProjectionEnvelope/protobuf-v1/unknown-limit-entry
=== RUN   TestRawGraphRetiredProjectionEnvelope/protobuf-v1/alias-limit-entry
=== RUN   TestRawGraphRetiredProjectionEnvelope/protobuf-v1/duplicate-limit-entry
=== RUN   TestRawGraphRetiredProjectionEnvelope/protobuf-v1/null
=== RUN   TestRawGraphRetiredProjectionEnvelope/protobuf-v1/array
=== RUN   TestRawGraphRetiredProjectionEnvelope/protobuf-v1/base64
=== RUN   TestRawGraphRetiredProjectionEnvelope/protobuf-v1/generation-fraction
=== RUN   TestRawGraphRetiredProjectionEnvelope/protobuf-v1/generation-negative
=== RUN   TestRawGraphRetiredProjectionEnvelope/protobuf-v1/failed-inline
=== RUN   TestRawGraphRetiredProjectionEnvelope/protobuf-v1/failed-pointer
=== RUN   TestRawGraphRetiredProjectionEnvelope/protobuf-v1/hash-only
=== RUN   TestRawGraphRetiredProjectionEnvelope/protobuf-v1/pointer-only
=== RUN   TestRawGraphRetiredProjectionEnvelope/protobuf-v1/bad-hash
=== RUN   TestRawGraphRetiredProjectionEnvelope/protobuf-v1/mixed-result
=== RUN   TestRawGraphRetiredProjectionEnvelope/protobuf-v1/completed-limit
=== RUN   TestRawGraphRetiredProjectionEnvelope/protobuf-v1/both-limits
=== RUN   TestRawGraphRetiredProjectionEnvelope/protobuf-v1/wrong-limit-error
--- PASS: TestRawGraphRetiredProjectionEnvelope (0.07s)
    --- PASS: TestRawGraphRetiredProjectionEnvelope/json/inline (0.00s)
    --- PASS: TestRawGraphRetiredProjectionEnvelope/json/opaque (0.00s)
    --- PASS: TestRawGraphRetiredProjectionEnvelope/json/empty (0.00s)
    --- PASS: TestRawGraphRetiredProjectionEnvelope/json/whitespace (0.00s)
    --- PASS: TestRawGraphRetiredProjectionEnvelope/json/failed (0.00s)
    --- PASS: TestRawGraphRetiredProjectionEnvelope/json/external (0.00s)
    --- PASS: TestRawGraphRetiredProjectionEnvelope/json/limit-request (0.00s)
    --- PASS: TestRawGraphRetiredProjectionEnvelope/json/limit-entry (0.00s)
    --- PASS: TestRawGraphRetiredProjectionEnvelope/json/unknown (0.00s)
    --- PASS: TestRawGraphRetiredProjectionEnvelope/json/alias (0.00s)
    --- PASS: TestRawGraphRetiredProjectionEnvelope/json/duplicate-generation (0.00s)
    --- PASS: TestRawGraphRetiredProjectionEnvelope/json/escaped-generation (0.00s)
    --- PASS: TestRawGraphRetiredProjectionEnvelope/json/duplicate-result (0.00s)
    --- PASS: TestRawGraphRetiredProjectionEnvelope/json/duplicate-error (0.00s)
    --- PASS: TestRawGraphRetiredProjectionEnvelope/json/unknown-limit-entry (0.00s)
    --- PASS: TestRawGraphRetiredProjectionEnvelope/json/alias-limit-entry (0.00s)
    --- PASS: TestRawGraphRetiredProjectionEnvelope/json/duplicate-limit-entry (0.00s)
    --- PASS: TestRawGraphRetiredProjectionEnvelope/json/null (0.00s)
    --- PASS: TestRawGraphRetiredProjectionEnvelope/json/array (0.00s)
    --- PASS: TestRawGraphRetiredProjectionEnvelope/json/base64 (0.00s)
    --- PASS: TestRawGraphRetiredProjectionEnvelope/json/generation-fraction (0.00s)
    --- PASS: TestRawGraphRetiredProjectionEnvelope/json/generation-negative (0.00s)
    --- PASS: TestRawGraphRetiredProjectionEnvelope/json/failed-inline (0.00s)
    --- PASS: TestRawGraphRetiredProjectionEnvelope/json/failed-pointer (0.00s)
    --- PASS: TestRawGraphRetiredProjectionEnvelope/json/hash-only (0.00s)
    --- PASS: TestRawGraphRetiredProjectionEnvelope/json/pointer-only (0.00s)
    --- PASS: TestRawGraphRetiredProjectionEnvelope/json/bad-hash (0.00s)
    --- PASS: TestRawGraphRetiredProjectionEnvelope/json/mixed-result (0.00s)
    --- PASS: TestRawGraphRetiredProjectionEnvelope/json/completed-limit (0.00s)
    --- PASS: TestRawGraphRetiredProjectionEnvelope/json/both-limits (0.00s)
    --- PASS: TestRawGraphRetiredProjectionEnvelope/json/wrong-limit-error (0.00s)
    --- PASS: TestRawGraphRetiredProjectionEnvelope/protobuf-v1/inline (0.00s)
    --- PASS: TestRawGraphRetiredProjectionEnvelope/protobuf-v1/opaque (0.00s)
    --- PASS: TestRawGraphRetiredProjectionEnvelope/protobuf-v1/empty (0.00s)
    --- PASS: TestRawGraphRetiredProjectionEnvelope/protobuf-v1/whitespace (0.00s)
    --- PASS: TestRawGraphRetiredProjectionEnvelope/protobuf-v1/failed (0.00s)
    --- PASS: TestRawGraphRetiredProjectionEnvelope/protobuf-v1/external (0.00s)
    --- PASS: TestRawGraphRetiredProjectionEnvelope/protobuf-v1/limit-request (0.00s)
    --- PASS: TestRawGraphRetiredProjectionEnvelope/protobuf-v1/limit-entry (0.00s)
    --- PASS: TestRawGraphRetiredProjectionEnvelope/protobuf-v1/unknown (0.00s)
    --- PASS: TestRawGraphRetiredProjectionEnvelope/protobuf-v1/alias (0.00s)
    --- PASS: TestRawGraphRetiredProjectionEnvelope/protobuf-v1/duplicate-generation (0.00s)
    --- PASS: TestRawGraphRetiredProjectionEnvelope/protobuf-v1/escaped-generation (0.00s)
    --- PASS: TestRawGraphRetiredProjectionEnvelope/protobuf-v1/duplicate-result (0.00s)
    --- PASS: TestRawGraphRetiredProjectionEnvelope/protobuf-v1/duplicate-error (0.00s)
    --- PASS: TestRawGraphRetiredProjectionEnvelope/protobuf-v1/unknown-limit-entry (0.00s)
    --- PASS: TestRawGraphRetiredProjectionEnvelope/protobuf-v1/alias-limit-entry (0.00s)
    --- PASS: TestRawGraphRetiredProjectionEnvelope/protobuf-v1/duplicate-limit-entry (0.00s)
    --- PASS: TestRawGraphRetiredProjectionEnvelope/protobuf-v1/null (0.00s)
    --- PASS: TestRawGraphRetiredProjectionEnvelope/protobuf-v1/array (0.00s)
    --- PASS: TestRawGraphRetiredProjectionEnvelope/protobuf-v1/base64 (0.00s)
    --- PASS: TestRawGraphRetiredProjectionEnvelope/protobuf-v1/generation-fraction (0.00s)
    --- PASS: TestRawGraphRetiredProjectionEnvelope/protobuf-v1/generation-negative (0.00s)
    --- PASS: TestRawGraphRetiredProjectionEnvelope/protobuf-v1/failed-inline (0.00s)
    --- PASS: TestRawGraphRetiredProjectionEnvelope/protobuf-v1/failed-pointer (0.00s)
    --- PASS: TestRawGraphRetiredProjectionEnvelope/protobuf-v1/hash-only (0.00s)
    --- PASS: TestRawGraphRetiredProjectionEnvelope/protobuf-v1/pointer-only (0.00s)
    --- PASS: TestRawGraphRetiredProjectionEnvelope/protobuf-v1/bad-hash (0.00s)
    --- PASS: TestRawGraphRetiredProjectionEnvelope/protobuf-v1/mixed-result (0.00s)
    --- PASS: TestRawGraphRetiredProjectionEnvelope/protobuf-v1/completed-limit (0.00s)
    --- PASS: TestRawGraphRetiredProjectionEnvelope/protobuf-v1/both-limits (0.00s)
    --- PASS: TestRawGraphRetiredProjectionEnvelope/protobuf-v1/wrong-limit-error (0.00s)
=== RUN   TestRawGraphRetiredSourceProjectionScope
=== RUN   TestRawGraphRetiredSourceProjectionScope/valid
=== RUN   TestRawGraphRetiredSourceProjectionScope/purging-source
=== RUN   TestRawGraphRetiredSourceProjectionScope/source-generation
=== RUN   TestRawGraphRetiredSourceProjectionScope/projection-missing
=== RUN   TestRawGraphRetiredSourceProjectionScope/projection-generation
=== RUN   TestRawGraphRetiredSourceProjectionScope/projection-kind
=== RUN   TestRawGraphRetiredSourceProjectionScope/nonterminal
=== RUN   TestRawGraphRetiredSourceProjectionScope/live-forest
--- PASS: TestRawGraphRetiredSourceProjectionScope (0.01s)
    --- PASS: TestRawGraphRetiredSourceProjectionScope/valid (0.00s)
    --- PASS: TestRawGraphRetiredSourceProjectionScope/purging-source (0.00s)
    --- PASS: TestRawGraphRetiredSourceProjectionScope/source-generation (0.00s)
    --- PASS: TestRawGraphRetiredSourceProjectionScope/projection-missing (0.00s)
    --- PASS: TestRawGraphRetiredSourceProjectionScope/projection-generation (0.00s)
    --- PASS: TestRawGraphRetiredSourceProjectionScope/projection-kind (0.00s)
    --- PASS: TestRawGraphRetiredSourceProjectionScope/nonterminal (0.00s)
    --- PASS: TestRawGraphRetiredSourceProjectionScope/live-forest (0.00s)
=== RUN   TestRawGraphTerminalEnvelope
=== RUN   TestRawGraphTerminalEnvelope/json/ordinary
=== RUN   TestRawGraphTerminalEnvelope/json/opaque-result
=== RUN   TestRawGraphTerminalEnvelope/json/failed
=== RUN   TestRawGraphTerminalEnvelope/json/limit-request
=== RUN   TestRawGraphTerminalEnvelope/json/limit-entry
=== RUN   TestRawGraphTerminalEnvelope/json/unknown
=== RUN   TestRawGraphTerminalEnvelope/json/alias
=== RUN   TestRawGraphTerminalEnvelope/json/duplicate-invocation
=== RUN   TestRawGraphTerminalEnvelope/json/escaped-duplicate
=== RUN   TestRawGraphTerminalEnvelope/json/duplicate-result
=== RUN   TestRawGraphTerminalEnvelope/json/duplicate-error
=== RUN   TestRawGraphTerminalEnvelope/json/duplicate-limit-request
=== RUN   TestRawGraphTerminalEnvelope/json/duplicate-limit-entry
=== RUN   TestRawGraphTerminalEnvelope/json/limit-entry-unknown
=== RUN   TestRawGraphTerminalEnvelope/json/limit-entry-alias
=== RUN   TestRawGraphTerminalEnvelope/json/limit-entry-duplicate
=== RUN   TestRawGraphTerminalEnvelope/protobuf-v1/ordinary
=== RUN   TestRawGraphTerminalEnvelope/protobuf-v1/opaque-result
=== RUN   TestRawGraphTerminalEnvelope/protobuf-v1/failed
=== RUN   TestRawGraphTerminalEnvelope/protobuf-v1/limit-request
=== RUN   TestRawGraphTerminalEnvelope/protobuf-v1/limit-entry
=== RUN   TestRawGraphTerminalEnvelope/protobuf-v1/unknown
=== RUN   TestRawGraphTerminalEnvelope/protobuf-v1/alias
=== RUN   TestRawGraphTerminalEnvelope/protobuf-v1/duplicate-invocation
=== RUN   TestRawGraphTerminalEnvelope/protobuf-v1/escaped-duplicate
=== RUN   TestRawGraphTerminalEnvelope/protobuf-v1/duplicate-result
=== RUN   TestRawGraphTerminalEnvelope/protobuf-v1/duplicate-error
=== RUN   TestRawGraphTerminalEnvelope/protobuf-v1/duplicate-limit-request
=== RUN   TestRawGraphTerminalEnvelope/protobuf-v1/duplicate-limit-entry
=== RUN   TestRawGraphTerminalEnvelope/protobuf-v1/limit-entry-unknown
=== RUN   TestRawGraphTerminalEnvelope/protobuf-v1/limit-entry-alias
=== RUN   TestRawGraphTerminalEnvelope/protobuf-v1/limit-entry-duplicate
--- PASS: TestRawGraphTerminalEnvelope (0.09s)
    --- PASS: TestRawGraphTerminalEnvelope/json/ordinary (0.00s)
    --- PASS: TestRawGraphTerminalEnvelope/json/opaque-result (0.00s)
    --- PASS: TestRawGraphTerminalEnvelope/json/failed (0.00s)
    --- PASS: TestRawGraphTerminalEnvelope/json/limit-request (0.00s)
    --- PASS: TestRawGraphTerminalEnvelope/json/limit-entry (0.00s)
    --- PASS: TestRawGraphTerminalEnvelope/json/unknown (0.00s)
    --- PASS: TestRawGraphTerminalEnvelope/json/alias (0.00s)
    --- PASS: TestRawGraphTerminalEnvelope/json/duplicate-invocation (0.00s)
    --- PASS: TestRawGraphTerminalEnvelope/json/escaped-duplicate (0.00s)
    --- PASS: TestRawGraphTerminalEnvelope/json/duplicate-result (0.00s)
    --- PASS: TestRawGraphTerminalEnvelope/json/duplicate-error (0.00s)
    --- PASS: TestRawGraphTerminalEnvelope/json/duplicate-limit-request (0.00s)
    --- PASS: TestRawGraphTerminalEnvelope/json/duplicate-limit-entry (0.00s)
    --- PASS: TestRawGraphTerminalEnvelope/json/limit-entry-unknown (0.00s)
    --- PASS: TestRawGraphTerminalEnvelope/json/limit-entry-alias (0.00s)
    --- PASS: TestRawGraphTerminalEnvelope/json/limit-entry-duplicate (0.00s)
    --- PASS: TestRawGraphTerminalEnvelope/protobuf-v1/ordinary (0.00s)
    --- PASS: TestRawGraphTerminalEnvelope/protobuf-v1/opaque-result (0.00s)
    --- PASS: TestRawGraphTerminalEnvelope/protobuf-v1/failed (0.00s)
    --- PASS: TestRawGraphTerminalEnvelope/protobuf-v1/limit-request (0.00s)
    --- PASS: TestRawGraphTerminalEnvelope/protobuf-v1/limit-entry (0.00s)
    --- PASS: TestRawGraphTerminalEnvelope/protobuf-v1/unknown (0.00s)
    --- PASS: TestRawGraphTerminalEnvelope/protobuf-v1/alias (0.00s)
    --- PASS: TestRawGraphTerminalEnvelope/protobuf-v1/duplicate-invocation (0.00s)
    --- PASS: TestRawGraphTerminalEnvelope/protobuf-v1/escaped-duplicate (0.00s)
    --- PASS: TestRawGraphTerminalEnvelope/protobuf-v1/duplicate-result (0.00s)
    --- PASS: TestRawGraphTerminalEnvelope/protobuf-v1/duplicate-error (0.00s)
    --- PASS: TestRawGraphTerminalEnvelope/protobuf-v1/duplicate-limit-request (0.00s)
    --- PASS: TestRawGraphTerminalEnvelope/protobuf-v1/duplicate-limit-entry (0.00s)
    --- PASS: TestRawGraphTerminalEnvelope/protobuf-v1/limit-entry-unknown (0.00s)
    --- PASS: TestRawGraphTerminalEnvelope/protobuf-v1/limit-entry-alias (0.00s)
    --- PASS: TestRawGraphTerminalEnvelope/protobuf-v1/limit-entry-duplicate (0.00s)
=== RUN   TestNativeRawGraphCheckpointAudit
=== RUN   TestNativeRawGraphCheckpointAudit/R1/indexedfalse
    graph_checkpoint_native_test.go:112: RAW_CHECKPOINT_AUDIT stage=unpublished entries=4 terminals=0 R1 indexed=false
    graph_checkpoint_native_test.go:116: RAW_CHECKPOINT_AUDIT stage=published entries=4 terminals=0 R1 indexed=false
    graph_checkpoint_native_test.go:120: RAW_CHECKPOINT_AUDIT stage=archived entries=4 terminals=0 R1 indexed=false
    graph_checkpoint_native_test.go:130: RAW_CHECKPOINT_AUDIT stage=terminal entries=5 terminals=1 R1 indexed=false
=== RUN   TestNativeRawGraphCheckpointAudit/R1/indexedtrue
    graph_checkpoint_native_test.go:112: RAW_CHECKPOINT_AUDIT stage=unpublished entries=4 terminals=0 R1 indexed=true
    graph_checkpoint_native_test.go:116: RAW_CHECKPOINT_AUDIT stage=published entries=4 terminals=0 R1 indexed=true
    graph_checkpoint_native_test.go:120: RAW_CHECKPOINT_AUDIT stage=archived entries=4 terminals=0 R1 indexed=true
    graph_checkpoint_native_test.go:130: RAW_CHECKPOINT_AUDIT stage=terminal entries=5 terminals=1 R1 indexed=true
=== RUN   TestNativeRawGraphCheckpointAudit/R3/indexedfalse
    graph_checkpoint_native_test.go:112: RAW_CHECKPOINT_AUDIT stage=unpublished entries=4 terminals=0 R3 indexed=false
    graph_checkpoint_native_test.go:116: RAW_CHECKPOINT_AUDIT stage=published entries=4 terminals=0 R3 indexed=false
    graph_checkpoint_native_test.go:120: RAW_CHECKPOINT_AUDIT stage=archived entries=4 terminals=0 R3 indexed=false
    graph_checkpoint_native_test.go:130: RAW_CHECKPOINT_AUDIT stage=terminal entries=5 terminals=1 R3 indexed=false
=== RUN   TestNativeRawGraphCheckpointAudit/R3/indexedtrue
    graph_checkpoint_native_test.go:112: RAW_CHECKPOINT_AUDIT stage=unpublished entries=4 terminals=0 R3 indexed=true
    graph_checkpoint_native_test.go:116: RAW_CHECKPOINT_AUDIT stage=published entries=4 terminals=0 R3 indexed=true
    graph_checkpoint_native_test.go:120: RAW_CHECKPOINT_AUDIT stage=archived entries=4 terminals=0 R3 indexed=true
    graph_checkpoint_native_test.go:130: RAW_CHECKPOINT_AUDIT stage=terminal entries=5 terminals=1 R3 indexed=true
--- PASS: TestNativeRawGraphCheckpointAudit (17.19s)
    --- PASS: TestNativeRawGraphCheckpointAudit/R1/indexedfalse (2.43s)
    --- PASS: TestNativeRawGraphCheckpointAudit/R1/indexedtrue (2.70s)
    --- PASS: TestNativeRawGraphCheckpointAudit/R3/indexedfalse (5.96s)
    --- PASS: TestNativeRawGraphCheckpointAudit/R3/indexedtrue (6.11s)
PASS
ok  	js-wf/integrity	18.712s
