[1] 2026/10/01 18:20:58.872816 [INF] Starting nats-server
[1] 2026/10/01 18:20:58.872873 [INF]   Version:  2.15.0
[1] 2026/10/01 18:20:58.872876 [INF]   Git:      [not set]
[1] 2026/10/01 18:20:58.872878 [INF]   Cluster:  js-wf-route-5718-1790878619569089815
[1] 2026/10/01 18:20:58.872881 [INF]   Name:     js-wf-route-5718-1790878619569089815-n4
[1] 2026/10/01 18:20:58.872884 [INF]   Node:     RTTLt2yU
[1] 2026/10/01 18:20:58.872887 [INF]   ID:       NB6YAUMAJCSSIHBWE7BI65QZ7WLWDB7LMQ3FIJ22QUTJYMUX4QOENI6X
[1] 2026/10/01 18:20:58.872899 [INF] Using configuration file: /etc/nats.conf (sha256:2b3c0cdf1bae0dc828987430072bec52f1eee9114880f8779b1ec8bfa212027e)
[1] 2026/10/01 18:20:58.873534 [INF] Starting http monitor on 0.0.0.0:8222
[1] 2026/10/01 18:20:58.873808 [INF] Starting JetStream
[1] 2026/10/01 18:20:58.874210 [INF]     _ ___ _____ ___ _____ ___ ___   _   __  __
[1] 2026/10/01 18:20:58.874218 [INF]  _ | | __|_   _/ __|_   _| _ \ __| /_\ |  \/  |
[1] 2026/10/01 18:20:58.874220 [INF] | || | _|  | | \__ \ | | |   / _| / _ \| |\/| |
[1] 2026/10/01 18:20:58.874223 [INF]  \__/|___| |_| |___/ |_| |_|_\___/_/ \_\_|  |_|
[1] 2026/10/01 18:20:58.874225 [INF] 
[1] 2026/10/01 18:20:58.874227 [INF]          https://docs.nats.io/jetstream
[1] 2026/10/01 18:20:58.874229 [INF] 
[1] 2026/10/01 18:20:58.874231 [INF] ---------------- JETSTREAM ----------------
[1] 2026/10/01 18:20:58.874233 [INF]   Strict:          true
[1] 2026/10/01 18:20:58.874238 [INF]   Max Memory:      11.71 GB
[1] 2026/10/01 18:20:58.874241 [INF]   Max Storage:     62.93 GB
[1] 2026/10/01 18:20:58.874243 [INF]   Store Directory: "/data/jetstream"
[1] 2026/10/01 18:20:58.874245 [INF]   API Level:       5
[1] 2026/10/01 18:20:58.874248 [INF] -------------------------------------------
[1] 2026/10/01 18:20:58.875166 [INF]   Starting restore for stream '$G > WF_JRN'
[1] 2026/10/01 18:20:58.875398 [INF]   Starting restore for stream '$G > WF_SIG'
[1] 2026/10/01 18:20:58.875509 [INF]   Starting restore for stream '$G > KV_WF_ASSIGN'
[1] 2026/10/01 18:20:58.876836 [WRN] Filestore [WF_SIG] Stream state outdated, last block has additional entries, will rebuild
[1] 2026/10/01 18:20:58.876959 [WRN] Filestore [WF_SIG] Recovering stream state from index errored: prior state file
[1] 2026/10/01 18:20:58.875526 [INF]   Starting restore for stream '$G > WF_PURGE'
[1] 2026/10/01 18:20:58.875604 [INF]   Starting restore for stream '$G > WF_INV'
[1] 2026/10/01 18:20:58.875658 [INF]   Starting restore for stream '$G > KV_WF_STATE'
[1] 2026/10/01 18:20:58.875686 [INF]   Starting restore for stream '$G > WF_RUN'
[1] 2026/10/01 18:20:58.875696 [INF]   Starting restore for stream '$G > KV_WF_VIEW'
[1] 2026/10/01 18:20:58.875810 [INF]   Starting restore for stream '$G > OBJ_WF_BLOB'
[1] 2026/10/01 18:20:58.876107 [INF]   Starting restore for stream '$G > KV_WF_LEASE'
[1] 2026/10/01 18:20:58.877357 [INF]   Restored 0 messages for stream '$G > KV_WF_ASSIGN' in 1ms
[1] 2026/10/01 18:20:58.878381 [WRN] Filestore [WF_JRN] Stream state outdated, last block has additional entries, will rebuild
[1] 2026/10/01 18:20:58.878413 [WRN] Filestore [WF_JRN] Recovering stream state from index errored: prior state file
[1] 2026/10/01 18:20:58.879663 [INF]   Restored 0 messages for stream '$G > WF_PURGE' in 2ms
[1] 2026/10/01 18:20:58.880431 [WRN] Filestore [KV_WF_LEASE] Stream state outdated, last block has additional entries, will rebuild
[1] 2026/10/01 18:20:58.880498 [WRN] Filestore [KV_WF_LEASE] Recovering stream state from index errored: prior state file
[1] 2026/10/01 18:20:58.882244 [WRN] Filestore [WF_INV] Stream state outdated, last block has additional entries, will rebuild
[1] 2026/10/01 18:20:58.882255 [WRN] Filestore [WF_INV] Recovering stream state from index errored: prior state file
[1] 2026/10/01 18:20:58.884264 [WRN] Filestore [KV_WF_STATE] Stream state outdated, last block has additional entries, will rebuild
[1] 2026/10/01 18:20:58.884406 [WRN] Filestore [KV_WF_STATE] Recovering stream state from index errored: prior state file
[1] 2026/10/01 18:20:58.887927 [INF]   Restored 952 messages for stream '$G > WF_INV' in 10ms
[1] 2026/10/01 18:20:58.888543 [INF]   Restored 0 messages for stream '$G > KV_WF_VIEW' in 10ms
[1] 2026/10/01 18:20:58.888602 [INF]   Restored 0 messages for stream '$G > OBJ_WF_BLOB' in 10ms
[1] 2026/10/01 18:20:58.889213 [INF]   Restored 1,156 messages for stream '$G > WF_SIG' in 13ms
[1] 2026/10/01 18:20:58.889457 [WRN] Filestore [WF_RUN] Stream state detected prior state, could not locate msg block 3
[1] 2026/10/01 18:20:58.889469 [WRN] Filestore [WF_RUN] Recovering stream state from index errored: prior state file
[1] 2026/10/01 18:20:58.890054 [WRN] Filestore [WF_RUN] Message scheduling state is outdated; attempting to recover using linear scan (seq 3337 to 3749)
[1] 2026/10/01 18:20:58.894057 [INF]   Restored 951 messages for stream '$G > KV_WF_STATE' in 15ms
[1] 2026/10/01 18:20:58.895358 [INF]   Restored 29 messages for stream '$G > WF_RUN' in 17ms
[1] 2026/10/01 18:20:58.895549 [INF]   Recovering 64 consumers for stream - '$G > WF_RUN'
[1] 2026/10/01 18:20:58.899918 [INF]   Restored 10,439 messages for stream '$G > WF_JRN' in 24ms
[1] 2026/10/01 18:20:58.912744 [WRN] Filestore [KV_WF_LEASE] TTL state is outdated; attempting to recover using linear scan (seq 16505 to 21778)
[1] 2026/10/01 18:20:58.956839 [INF]   Restored 955 messages for stream '$G > KV_WF_LEASE' in 78ms
[1] 2026/10/01 18:20:58.956983 [INF] Starting JetStream cluster
[1] 2026/10/01 18:20:58.957024 [INF] Creating JetStream metadata controller
[1] 2026/10/01 18:20:58.957229 [WRN] Filestore [_meta_] Stream state outdated, last block has additional entries, will rebuild
[1] 2026/10/01 18:20:58.957261 [WRN] Filestore [_meta_] Recovering stream state from index errored: prior state file
[1] 2026/10/01 18:20:58.957493 [INF] JetStream cluster recovering state
[1] 2026/10/01 18:20:58.959857 [INF] Took 85.780292ms to start JetStream
[1] 2026/10/01 18:20:58.959991 [INF] Listening for client connections on 0.0.0.0:4222
[1] 2026/10/01 18:20:58.960242 [INF] Server is ready
[1] 2026/10/01 18:20:58.960264 [INF] Cluster name is js-wf-route-5718-1790878619569089815
[1] 2026/10/01 18:20:58.960394 [INF] Listening for route connections on 0.0.0.0:6222
[1] 2026/10/01 18:20:58.961672 [INF] 172.19.0.2:6222 - rid:166 - Route connection created
[1] 2026/10/01 18:20:58.961793 [INF] 172.19.0.2:6222 - rid:167 - Route connection created
[1] 2026/10/01 18:20:58.963678 [INF] 172.19.0.2:6222 - rid:168 - Route connection created
[1] 2026/10/01 18:20:58.964020 [INF] 172.19.0.4:52244 - rid:169 - Route connection created
[1] 2026/10/01 18:20:58.964266 [INF] 172.19.0.3:58192 - rid:170 - Route connection created
[1] 2026/10/01 18:20:58.964295 [INF] 172.19.0.5:51576 - rid:171 - Route connection created
[1] 2026/10/01 18:20:58.964566 [INF] 172.19.0.5:51592 - rid:172 - Route connection created
[1] 2026/10/01 18:20:58.964722 [INF] 172.19.0.4:52232 - rid:173 - Route connection created
[1] 2026/10/01 18:20:58.964747 [INF] 172.19.0.3:58208 - rid:174 - Route connection created
[1] 2026/10/01 18:20:58.965416 [INF] 172.19.0.5:51602 - rid:175 - Route connection created
[1] 2026/10/01 18:20:58.966136 [INF] 172.19.0.2:6222 - rid:176 - Route connection created
[1] 2026/10/01 18:20:58.966771 [INF] 172.19.0.3:58216 - rid:177 - Route connection created
[1] 2026/10/01 18:20:58.966868 [INF] 172.19.0.4:52252 - rid:178 - Route connection created
[1] 2026/10/01 18:20:58.967005 [INF] 172.19.0.5:51606 - rid:179 - Route connection created
[1] 2026/10/01 18:20:58.967138 [INF] 172.19.0.4:52254 - rid:180 - Route connection created
[1] 2026/10/01 18:20:58.967715 [INF] 172.19.0.3:58232 - rid:181 - Route connection created
[1] 2026/10/01 18:20:58.968985 [INF] 172.19.0.4:52260 - rid:182 - Route connection created
[1] 2026/10/01 18:20:58.969305 [INF] 172.19.0.4:52260 - rid:182 - Router connection closed: Client Closed
[1] 2026/10/01 18:20:59.060265 [WRN] Waiting for routing to be established...
[1] 2026/10/01 18:20:59.065879 [WRN] Filestore [S-R5F-bnEJSLq1] Stream state outdated, last block has additional entries, will rebuild
[1] 2026/10/01 18:20:59.066004 [WRN] Filestore [S-R5F-bnEJSLq1] Recovering stream state from index errored: prior state file
[1] 2026/10/01 18:20:59.070233 [WRN] Filestore [S-R5F-BgFaVgjo] Stream state outdated, last block has additional entries, will rebuild
[1] 2026/10/01 18:20:59.070261 [WRN] Filestore [S-R5F-BgFaVgjo] Recovering stream state from index errored: prior state file
[1] 2026/10/01 18:20:59.073538 [WRN] Filestore [S-R5F-gMMg5Cnp] Stream state outdated, last block has additional entries, will rebuild
[1] 2026/10/01 18:20:59.073546 [WRN] Filestore [S-R5F-gMMg5Cnp] Recovering stream state from index errored: prior state file
[1] 2026/10/01 18:20:59.076589 [WRN] Filestore [S-R5F-y8cw2hs6] Stream state outdated, last block has additional entries, will rebuild
[1] 2026/10/01 18:20:59.076597 [WRN] Filestore [S-R5F-y8cw2hs6] Recovering stream state from index errored: prior state file
[1] 2026/10/01 18:20:59.078231 [WRN] Filestore [S-R5F-dIRIgdXv] Stream state outdated, last block has additional entries, will rebuild
[1] 2026/10/01 18:20:59.078239 [WRN] Filestore [S-R5F-dIRIgdXv] Recovering stream state from index errored: prior state file
[1] 2026/10/01 18:20:59.079510 [WRN] Filestore [S-R5F-ksjlOF2x] Stream state outdated, last block has additional entries, will rebuild
[1] 2026/10/01 18:20:59.079565 [WRN] Filestore [S-R5F-ksjlOF2x] Recovering stream state from index errored: prior state file
[1] 2026/10/01 18:20:59.083234 [WRN] Filestore [S-R5F-mvtUCTYA] Stream state outdated, last block has additional entries, will rebuild
[1] 2026/10/01 18:20:59.083290 [WRN] Filestore [S-R5F-mvtUCTYA] Recovering stream state from index errored: prior state file
[1] 2026/10/01 18:20:59.091724 [WRN] Filestore [C-R5F-p3R2cr5q] Stream state outdated, last block has additional entries, will rebuild
[1] 2026/10/01 18:20:59.091738 [WRN] Filestore [C-R5F-p3R2cr5q] Recovering stream state from index errored: prior state file
[1] 2026/10/01 18:20:59.094455 [WRN] Filestore [C-R5F-hz7knthn] Stream state outdated, last block has additional entries, will rebuild
[1] 2026/10/01 18:20:59.094466 [WRN] Filestore [C-R5F-hz7knthn] Recovering stream state from index errored: prior state file
[1] 2026/10/01 18:20:59.096552 [WRN] Filestore [C-R5F-bPyAznwJ] Stream state outdated, last block has additional entries, will rebuild
[1] 2026/10/01 18:20:59.096562 [WRN] Filestore [C-R5F-bPyAznwJ] Recovering stream state from index errored: prior state file
[1] 2026/10/01 18:20:59.098460 [WRN] Filestore [C-R5F-IpacN0CV] Stream state outdated, last block has additional entries, will rebuild
[1] 2026/10/01 18:20:59.098471 [WRN] Filestore [C-R5F-IpacN0CV] Recovering stream state from index errored: prior state file
[1] 2026/10/01 18:20:59.099867 [WRN] Catchup for stream '$G > KV_WF_LEASE' resetting first sequence: 14736 on catchup request
[1] 2026/10/01 18:20:59.100739 [WRN] Filestore [C-R5F-6Krfsuob] Stream state outdated, last block has additional entries, will rebuild
[1] 2026/10/01 18:20:59.100751 [WRN] Filestore [C-R5F-6Krfsuob] Recovering stream state from index errored: prior state file
[1] 2026/10/01 18:20:59.102454 [WRN] Filestore [C-R5F-7gt5kULu] Stream state outdated, last block has additional entries, will rebuild
[1] 2026/10/01 18:20:59.102466 [WRN] Filestore [C-R5F-7gt5kULu] Recovering stream state from index errored: prior state file
[1] 2026/10/01 18:20:59.104582 [WRN] Filestore [C-R5F-lPGgikX5] Stream state outdated, last block has additional entries, will rebuild
[1] 2026/10/01 18:20:59.104592 [WRN] Filestore [C-R5F-lPGgikX5] Recovering stream state from index errored: prior state file
[1] 2026/10/01 18:20:59.106623 [WRN] Filestore [C-R5F-ckCLO79e] Stream state outdated, last block has additional entries, will rebuild
[1] 2026/10/01 18:20:59.106635 [WRN] Filestore [C-R5F-ckCLO79e] Recovering stream state from index errored: prior state file
[1] 2026/10/01 18:20:59.108273 [WRN] Filestore [C-R5F-GyN5P4s5] Stream state outdated, last block has additional entries, will rebuild
[1] 2026/10/01 18:20:59.108286 [WRN] Filestore [C-R5F-GyN5P4s5] Recovering stream state from index errored: prior state file
[1] 2026/10/01 18:20:59.109887 [WRN] Filestore [C-R5F-MZMS7VgY] Stream state outdated, last block has additional entries, will rebuild
[1] 2026/10/01 18:20:59.109897 [WRN] Filestore [C-R5F-MZMS7VgY] Recovering stream state from index errored: prior state file
[1] 2026/10/01 18:20:59.111292 [WRN] Filestore [C-R5F-8c291fiF] Stream state outdated, last block has additional entries, will rebuild
[1] 2026/10/01 18:20:59.111300 [WRN] Filestore [C-R5F-8c291fiF] Recovering stream state from index errored: prior state file
[1] 2026/10/01 18:20:59.113928 [WRN] Filestore [C-R5F-eMypCuj5] Stream state outdated, last block has additional entries, will rebuild
[1] 2026/10/01 18:20:59.113938 [WRN] Filestore [C-R5F-eMypCuj5] Recovering stream state from index errored: prior state file
[1] 2026/10/01 18:20:59.116840 [WRN] Filestore [C-R5F-0nM0dwVy] Stream state outdated, last block has additional entries, will rebuild
[1] 2026/10/01 18:20:59.116851 [WRN] Filestore [C-R5F-0nM0dwVy] Recovering stream state from index errored: prior state file
[1] 2026/10/01 18:20:59.118363 [WRN] Filestore [C-R5F-gQ6UlnBE] Stream state outdated, last block has additional entries, will rebuild
[1] 2026/10/01 18:20:59.118371 [WRN] Filestore [C-R5F-gQ6UlnBE] Recovering stream state from index errored: prior state file
[1] 2026/10/01 18:20:59.120755 [WRN] Filestore [C-R5F-ghY59GZP] Stream state outdated, last block has additional entries, will rebuild
[1] 2026/10/01 18:20:59.120766 [WRN] Filestore [C-R5F-ghY59GZP] Recovering stream state from index errored: prior state file
[1] 2026/10/01 18:20:59.122617 [WRN] Filestore [C-R5F-H2f2ySp5] Stream state outdated, last block has additional entries, will rebuild
[1] 2026/10/01 18:20:59.122629 [WRN] Filestore [C-R5F-H2f2ySp5] Recovering stream state from index errored: prior state file
[1] 2026/10/01 18:20:59.124103 [WRN] Filestore [C-R5F-HaGT0kyw] Stream state outdated, last block has additional entries, will rebuild
[1] 2026/10/01 18:20:59.124115 [WRN] Filestore [C-R5F-HaGT0kyw] Recovering stream state from index errored: prior state file
[1] 2026/10/01 18:20:59.125681 [WRN] Filestore [C-R5F-f43XwAll] Stream state outdated, last block has additional entries, will rebuild
[1] 2026/10/01 18:20:59.125693 [WRN] Filestore [C-R5F-f43XwAll] Recovering stream state from index errored: prior state file
[1] 2026/10/01 18:20:59.127598 [WRN] Filestore [C-R5F-T66hZZ0j] Stream state outdated, last block has additional entries, will rebuild
[1] 2026/10/01 18:20:59.127609 [WRN] Filestore [C-R5F-T66hZZ0j] Recovering stream state from index errored: prior state file
[1] 2026/10/01 18:20:59.128989 [WRN] Filestore [C-R5F-WM3fKDoi] Stream state outdated, last block has additional entries, will rebuild
[1] 2026/10/01 18:20:59.128997 [WRN] Filestore [C-R5F-WM3fKDoi] Recovering stream state from index errored: prior state file
[1] 2026/10/01 18:20:59.130379 [WRN] Filestore [C-R5F-t2RW7vWJ] Stream state outdated, last block has additional entries, will rebuild
[1] 2026/10/01 18:20:59.130392 [WRN] Filestore [C-R5F-t2RW7vWJ] Recovering stream state from index errored: prior state file
[1] 2026/10/01 18:20:59.132339 [WRN] Filestore [C-R5F-e5Bk2XVA] Stream state outdated, last block has additional entries, will rebuild
[1] 2026/10/01 18:20:59.132348 [WRN] Filestore [C-R5F-e5Bk2XVA] Recovering stream state from index errored: prior state file
[1] 2026/10/01 18:20:59.134358 [WRN] Filestore [C-R5F-z9DzfqRa] Stream state outdated, last block has additional entries, will rebuild
[1] 2026/10/01 18:20:59.134365 [WRN] Filestore [C-R5F-z9DzfqRa] Recovering stream state from index errored: prior state file
[1] 2026/10/01 18:20:59.136021 [WRN] Filestore [C-R5F-yhMUokHE] Stream state outdated, last block has additional entries, will rebuild
[1] 2026/10/01 18:20:59.136029 [WRN] Filestore [C-R5F-yhMUokHE] Recovering stream state from index errored: prior state file
[1] 2026/10/01 18:20:59.138440 [WRN] Filestore [C-R5F-WFIUZ1Xb] Stream state outdated, last block has additional entries, will rebuild
[1] 2026/10/01 18:20:59.138448 [WRN] Filestore [C-R5F-WFIUZ1Xb] Recovering stream state from index errored: prior state file
[1] 2026/10/01 18:20:59.141404 [WRN] Filestore [C-R5F-KWLWBuf4] Stream state outdated, last block has additional entries, will rebuild
[1] 2026/10/01 18:20:59.141458 [WRN] Filestore [C-R5F-KWLWBuf4] Recovering stream state from index errored: prior state file
[1] 2026/10/01 18:20:59.143057 [WRN] Filestore [C-R5F-kjMWYLvu] Stream state outdated, last block has additional entries, will rebuild
[1] 2026/10/01 18:20:59.143070 [WRN] Filestore [C-R5F-kjMWYLvu] Recovering stream state from index errored: prior state file
[1] 2026/10/01 18:20:59.145239 [WRN] Filestore [C-R5F-AhvXmevw] Stream state outdated, last block has additional entries, will rebuild
[1] 2026/10/01 18:20:59.145250 [WRN] Filestore [C-R5F-AhvXmevw] Recovering stream state from index errored: prior state file
[1] 2026/10/01 18:20:59.146656 [WRN] Filestore [C-R5F-T2N1jJnB] Stream state outdated, last block has additional entries, will rebuild
[1] 2026/10/01 18:20:59.146668 [WRN] Filestore [C-R5F-T2N1jJnB] Recovering stream state from index errored: prior state file
[1] 2026/10/01 18:20:59.148442 [WRN] Filestore [C-R5F-Ljg3O969] Stream state outdated, last block has additional entries, will rebuild
[1] 2026/10/01 18:20:59.148453 [WRN] Filestore [C-R5F-Ljg3O969] Recovering stream state from index errored: prior state file
[1] 2026/10/01 18:20:59.150648 [WRN] Filestore [C-R5F-MlZTfQDZ] Stream state outdated, last block has additional entries, will rebuild
[1] 2026/10/01 18:20:59.150656 [WRN] Filestore [C-R5F-MlZTfQDZ] Recovering stream state from index errored: prior state file
[1] 2026/10/01 18:20:59.152187 [WRN] Filestore [C-R5F-AZvh1tb6] Stream state outdated, last block has additional entries, will rebuild
[1] 2026/10/01 18:20:59.152195 [WRN] Filestore [C-R5F-AZvh1tb6] Recovering stream state from index errored: prior state file
[1] 2026/10/01 18:20:59.153697 [WRN] Filestore [C-R5F-WZrV5odV] Stream state outdated, last block has additional entries, will rebuild
[1] 2026/10/01 18:20:59.153706 [WRN] Filestore [C-R5F-WZrV5odV] Recovering stream state from index errored: prior state file
[1] 2026/10/01 18:20:59.155880 [WRN] Filestore [C-R5F-YkW1zhdX] Stream state outdated, last block has additional entries, will rebuild
[1] 2026/10/01 18:20:59.155892 [WRN] Filestore [C-R5F-YkW1zhdX] Recovering stream state from index errored: prior state file
[1] 2026/10/01 18:20:59.157351 [WRN] Filestore [C-R5F-xQorMOSU] Stream state outdated, last block has additional entries, will rebuild
[1] 2026/10/01 18:20:59.157363 [WRN] Filestore [C-R5F-xQorMOSU] Recovering stream state from index errored: prior state file
[1] 2026/10/01 18:20:59.159022 [WRN] Filestore [C-R5F-5SOP1cW7] Stream state outdated, last block has additional entries, will rebuild
[1] 2026/10/01 18:20:59.159032 [WRN] Filestore [C-R5F-5SOP1cW7] Recovering stream state from index errored: prior state file
[1] 2026/10/01 18:20:59.160591 [WRN] Filestore [C-R5F-unnnozOa] Stream state outdated, last block has additional entries, will rebuild
[1] 2026/10/01 18:20:59.160604 [WRN] Filestore [C-R5F-unnnozOa] Recovering stream state from index errored: prior state file
[1] 2026/10/01 18:20:59.162093 [WRN] Filestore [C-R5F-ngwwuPm7] Stream state outdated, last block has additional entries, will rebuild
[1] 2026/10/01 18:20:59.162101 [WRN] Filestore [C-R5F-ngwwuPm7] Recovering stream state from index errored: prior state file
[1] 2026/10/01 18:20:59.164095 [WRN] Filestore [C-R5F-XEhUnKxy] Stream state outdated, last block has additional entries, will rebuild
[1] 2026/10/01 18:20:59.164103 [WRN] Filestore [C-R5F-XEhUnKxy] Recovering stream state from index errored: prior state file
[1] 2026/10/01 18:20:59.165659 [WRN] Filestore [C-R5F-N1xyEHi7] Stream state outdated, last block has additional entries, will rebuild
[1] 2026/10/01 18:20:59.165668 [WRN] Filestore [C-R5F-N1xyEHi7] Recovering stream state from index errored: prior state file
[1] 2026/10/01 18:20:59.167082 [WRN] Filestore [C-R5F-EmK2m3Lh] Stream state outdated, last block has additional entries, will rebuild
[1] 2026/10/01 18:20:59.167091 [WRN] Filestore [C-R5F-EmK2m3Lh] Recovering stream state from index errored: prior state file
[1] 2026/10/01 18:20:59.168464 [WRN] Filestore [C-R5F-gzclWn7o] Stream state outdated, last block has additional entries, will rebuild
[1] 2026/10/01 18:20:59.168475 [WRN] Filestore [C-R5F-gzclWn7o] Recovering stream state from index errored: prior state file
[1] 2026/10/01 18:20:59.169911 [WRN] Filestore [C-R5F-uowHG10n] Stream state outdated, last block has additional entries, will rebuild
[1] 2026/10/01 18:20:59.169919 [WRN] Filestore [C-R5F-uowHG10n] Recovering stream state from index errored: prior state file
[1] 2026/10/01 18:20:59.171338 [WRN] Filestore [C-R5F-2OdNQLjx] Stream state outdated, last block has additional entries, will rebuild
[1] 2026/10/01 18:20:59.171350 [WRN] Filestore [C-R5F-2OdNQLjx] Recovering stream state from index errored: prior state file
[1] 2026/10/01 18:20:59.172677 [WRN] Filestore [C-R5F-7dLU4Up7] Stream state outdated, last block has additional entries, will rebuild
[1] 2026/10/01 18:20:59.172689 [WRN] Filestore [C-R5F-7dLU4Up7] Recovering stream state from index errored: prior state file
[1] 2026/10/01 18:20:59.174147 [WRN] Filestore [C-R5F-Z7ctSSUc] Stream state outdated, last block has additional entries, will rebuild
[1] 2026/10/01 18:20:59.174158 [WRN] Filestore [C-R5F-Z7ctSSUc] Recovering stream state from index errored: prior state file
[1] 2026/10/01 18:20:59.176191 [WRN] Filestore [C-R5F-RrmfSQl8] Stream state outdated, last block has additional entries, will rebuild
[1] 2026/10/01 18:20:59.176202 [WRN] Filestore [C-R5F-RrmfSQl8] Recovering stream state from index errored: prior state file
[1] 2026/10/01 18:20:59.177732 [WRN] Filestore [C-R5F-9r9zNayR] Stream state outdated, last block has additional entries, will rebuild
[1] 2026/10/01 18:20:59.177746 [WRN] Filestore [C-R5F-9r9zNayR] Recovering stream state from index errored: prior state file
[1] 2026/10/01 18:20:59.179349 [WRN] Filestore [C-R5F-wwFKwktY] Stream state outdated, last block has additional entries, will rebuild
[1] 2026/10/01 18:20:59.179360 [WRN] Filestore [C-R5F-wwFKwktY] Recovering stream state from index errored: prior state file
[1] 2026/10/01 18:20:59.180807 [WRN] Filestore [C-R5F-TrK3j3JO] Stream state outdated, last block has additional entries, will rebuild
[1] 2026/10/01 18:20:59.180820 [WRN] Filestore [C-R5F-TrK3j3JO] Recovering stream state from index errored: prior state file
[1] 2026/10/01 18:20:59.182366 [WRN] Filestore [C-R5F-bniGklQH] Stream state outdated, last block has additional entries, will rebuild
[1] 2026/10/01 18:20:59.182377 [WRN] Filestore [C-R5F-bniGklQH] Recovering stream state from index errored: prior state file
[1] 2026/10/01 18:20:59.183726 [WRN] Filestore [C-R5F-y1wSwq6c] Stream state outdated, last block has additional entries, will rebuild
[1] 2026/10/01 18:20:59.183738 [WRN] Filestore [C-R5F-y1wSwq6c] Recovering stream state from index errored: prior state file
[1] 2026/10/01 18:20:59.185203 [WRN] Filestore [C-R5F-HYZPv77n] Stream state outdated, last block has additional entries, will rebuild
[1] 2026/10/01 18:20:59.185211 [WRN] Filestore [C-R5F-HYZPv77n] Recovering stream state from index errored: prior state file
[1] 2026/10/01 18:20:59.186869 [WRN] Filestore [C-R5F-Zevwt5bL] Stream state outdated, last block has additional entries, will rebuild
[1] 2026/10/01 18:20:59.186879 [WRN] Filestore [C-R5F-Zevwt5bL] Recovering stream state from index errored: prior state file
[1] 2026/10/01 18:20:59.188184 [WRN] Filestore [C-R5F-730512RS] Stream state outdated, last block has additional entries, will rebuild
[1] 2026/10/01 18:20:59.188195 [WRN] Filestore [C-R5F-730512RS] Recovering stream state from index errored: prior state file
[1] 2026/10/01 18:20:59.189647 [WRN] Filestore [C-R5F-kzgFwYuE] Stream state outdated, last block has additional entries, will rebuild
[1] 2026/10/01 18:20:59.189655 [WRN] Filestore [C-R5F-kzgFwYuE] Recovering stream state from index errored: prior state file
[1] 2026/10/01 18:20:59.190998 [WRN] Filestore [C-R5F-YZ2awE4K] Stream state outdated, last block has additional entries, will rebuild
[1] 2026/10/01 18:20:59.191010 [WRN] Filestore [C-R5F-YZ2awE4K] Recovering stream state from index errored: prior state file
[1] 2026/10/01 18:20:59.192494 [WRN] Filestore [C-R5F-phL8WJoG] Stream state outdated, last block has additional entries, will rebuild
[1] 2026/10/01 18:20:59.192505 [WRN] Filestore [C-R5F-phL8WJoG] Recovering stream state from index errored: prior state file
[1] 2026/10/01 18:20:59.193990 [WRN] Filestore [C-R5F-1w3a4xh2] Stream state outdated, last block has additional entries, will rebuild
[1] 2026/10/01 18:20:59.193999 [WRN] Filestore [C-R5F-1w3a4xh2] Recovering stream state from index errored: prior state file
[1] 2026/10/01 18:20:59.195419 [WRN] Filestore [C-R5F-fFunxWR4] Stream state outdated, last block has additional entries, will rebuild
[1] 2026/10/01 18:20:59.195426 [WRN] Filestore [C-R5F-fFunxWR4] Recovering stream state from index errored: prior state file
[1] 2026/10/01 18:20:59.196807 [WRN] Filestore [C-R5F-kdsSVaGH] Stream state outdated, last block has additional entries, will rebuild
[1] 2026/10/01 18:20:59.196818 [WRN] Filestore [C-R5F-kdsSVaGH] Recovering stream state from index errored: prior state file
[1] 2026/10/01 18:20:59.198459 [WRN] Filestore [C-R5F-lEP7NFSP] Stream state outdated, last block has additional entries, will rebuild
[1] 2026/10/01 18:20:59.198471 [WRN] Filestore [C-R5F-lEP7NFSP] Recovering stream state from index errored: prior state file
[1] 2026/10/01 18:20:59.200002 [WRN] Filestore [C-R5F-SHz7yI29] Stream state outdated, last block has additional entries, will rebuild
[1] 2026/10/01 18:20:59.200014 [WRN] Filestore [C-R5F-SHz7yI29] Recovering stream state from index errored: prior state file
[1] 2026/10/01 18:20:59.203264 [WRN] Filestore [C-R5F-z2bz5e80] Stream state outdated, last block has additional entries, will rebuild
[1] 2026/10/01 18:20:59.203275 [WRN] Filestore [C-R5F-z2bz5e80] Recovering stream state from index errored: prior state file
[1] 2026/10/01 18:20:59.205003 [WRN] Metalayer blocking snapshot starting
[1] 2026/10/01 18:20:59.206150 [WRN] Metalayer blocking snapshot took 0.001s (streams: 10, consumers: 64, compacted: 37.88 KB)
[1] 2026/10/01 18:20:59.206192 [WRN] JetStream has not established contact with a meta leader
[1] 2026/10/01 18:21:02.046898 [INF] JetStream cluster new metadata leader: js-wf-route-5718-1790878619569089815-n2/js-wf-route-5718-1790878619569089815
[1] 2026/10/01 18:21:04.189823 [INF] JetStream cluster new consumer leader for '$G > WF_RUN > WF_P_16'
[1] 2026/10/01 18:21:04.417109 [WRN] JetStream cluster consumer '$G > WF_RUN > WF_P_07' has NO quorum, stalled.
[1] 2026/10/01 18:21:06.024315 [WRN] JetStream cluster consumer '$G > WF_RUN > WF_P_37' has NO quorum, stalled.
[1] 2026/10/01 18:21:28.375387 [INF] 172.19.0.3:58232 - rid:181 - Router connection closed: Client Closed - Remote: js-wf-route-5718-1790878619569089815-n1
[1] 2026/10/01 18:21:28.377769 [INF] 172.19.0.3:58208 - rid:174 - Router connection closed: Client Closed - Remote: js-wf-route-5718-1790878619569089815-n1
[1] 2026/10/01 18:21:28.377763 [INF] 172.19.0.3:58192 - rid:170 - Router connection closed: Client Closed - Remote: js-wf-route-5718-1790878619569089815-n1
[1] 2026/10/01 18:21:28.377857 [INF] 172.19.0.3:58216 - rid:177 - Router connection closed: Client Closed - Remote: js-wf-route-5718-1790878619569089815-n1
[1] 2026/10/01 18:21:28.932597 [INF] 172.19.0.3:6222 - rid:258 - Route connection created
[1] 2026/10/01 18:21:28.933479 [INF] 172.19.0.3:6222 - rid:259 - Route connection created
[1] 2026/10/01 18:21:28.936681 [INF] 172.19.0.3:6222 - rid:260 - Route connection created
[1] 2026/10/01 18:21:28.938350 [INF] 172.19.0.3:6222 - rid:261 - Route connection created
[1] 2026/10/01 18:21:31.629702 [INF] JetStream cluster new consumer leader for '$G > WF_RUN > WF_P_34'
[1] 2026/10/01 18:21:31.831241 [WRN] JetStream cluster consumer '$G > WF_RUN > WF_P_54' has NO quorum, stalled.
[1] 2026/10/01 18:21:31.831577 [WRN] JetStream cluster consumer '$G > WF_RUN > WF_P_38' has NO quorum, stalled.
[1] 2026/10/01 18:21:31.979874 [WRN] JetStream cluster consumer '$G > WF_RUN > WF_P_08' has NO quorum, stalled.
[1] 2026/10/01 18:21:32.010728 [WRN] JetStream cluster consumer '$G > WF_RUN > WF_P_45' has NO quorum, stalled.
[1] 2026/10/01 18:21:32.068579 [WRN] JetStream cluster consumer '$G > WF_RUN > WF_P_62' has NO quorum, stalled.
[1] 2026/10/01 18:21:32.150136 [WRN] JetStream cluster consumer '$G > WF_RUN > WF_P_61' has NO quorum, stalled.
[1] 2026/10/01 18:21:32.183230 [WRN] JetStream cluster consumer '$G > WF_RUN > WF_P_58' has NO quorum, stalled.
[1] 2026/10/01 18:21:32.202130 [WRN] JetStream cluster consumer '$G > WF_RUN > WF_P_24' has NO quorum, stalled.
[1] 2026/10/01 18:21:32.443209 [WRN] JetStream cluster consumer '$G > WF_RUN > WF_P_40' has NO quorum, stalled.
[1] 2026/10/01 18:21:32.486894 [WRN] JetStream cluster consumer '$G > WF_RUN > WF_P_39' has NO quorum, stalled.
[1] 2026/10/01 18:21:32.611639 [WRN] JetStream cluster consumer '$G > WF_RUN > WF_P_06' has NO quorum, stalled.
[1] 2026/10/01 18:21:32.638677 [WRN] JetStream cluster consumer '$G > WF_RUN > WF_P_53' has NO quorum, stalled.
[1] 2026/10/01 18:21:32.683455 [INF] JetStream cluster new consumer leader for '$G > WF_RUN > WF_P_44'
[1] 2026/10/01 18:21:32.699395 [WRN] JetStream cluster consumer '$G > WF_RUN > WF_P_11' has NO quorum, stalled.
[1] 2026/10/01 18:21:32.756300 [INF] JetStream cluster new consumer leader for '$G > WF_RUN > WF_P_46'
[1] 2026/10/01 18:21:32.770992 [INF] JetStream cluster new consumer leader for '$G > WF_RUN > WF_P_56'
[1] 2026/10/01 18:21:32.954870 [INF] JetStream cluster new consumer leader for '$G > WF_RUN > WF_P_21'
[1] 2026/10/01 18:21:33.105287 [WRN] JetStream cluster stream '$G > OBJ_WF_BLOB' has NO quorum, stalled
[1] 2026/10/01 18:21:33.150512 [WRN] JetStream cluster consumer '$G > WF_RUN > WF_P_23' has NO quorum, stalled.
[1] 2026/10/01 18:21:33.270610 [WRN] JetStream cluster consumer '$G > WF_RUN > WF_P_30' has NO quorum, stalled.
[1] 2026/10/01 18:21:33.439913 [WRN] JetStream cluster consumer '$G > WF_RUN > WF_P_41' has NO quorum, stalled.
[1] 2026/10/01 18:21:33.453158 [WRN] JetStream cluster consumer '$G > WF_RUN > WF_P_49' has NO quorum, stalled.
[1] 2026/10/01 18:21:33.515751 [WRN] JetStream cluster consumer '$G > WF_RUN > WF_P_10' has NO quorum, stalled.
[1] 2026/10/01 18:21:33.754578 [WRN] JetStream cluster consumer '$G > WF_RUN > WF_P_26' has NO quorum, stalled.
[1] 2026/10/01 18:21:33.870156 [WRN] JetStream cluster stream '$G > WF_JRN' has NO quorum, stalled
[1] 2026/10/01 18:21:34.243185 [WRN] JetStream cluster consumer '$G > WF_RUN > WF_P_63' has NO quorum, stalled.
[1] 2026/10/01 18:21:34.326623 [WRN] JetStream cluster stream '$G > KV_WF_LEASE' has NO quorum, stalled
[1] 2026/10/01 18:21:34.432292 [INF] JetStream cluster new consumer leader for '$G > WF_RUN > WF_P_07'
[1] 2026/10/01 18:21:34.673157 [WRN] JetStream cluster consumer '$G > WF_RUN > WF_P_51' has NO quorum, stalled.
[1] 2026/10/01 18:21:58.390280 [INF] 172.19.0.4:52254 - rid:180 - Router connection closed: Client Closed - Remote: js-wf-route-5718-1790878619569089815-n2
[1] 2026/10/01 18:21:58.390449 [INF] 172.19.0.4:52252 - rid:178 - Router connection closed: Client Closed - Remote: js-wf-route-5718-1790878619569089815-n2
[1] 2026/10/01 18:21:58.390604 [INF] 172.19.0.4:52232 - rid:173 - Router connection closed: Client Closed - Remote: js-wf-route-5718-1790878619569089815-n2
[1] 2026/10/01 18:21:58.390665 [INF] 172.19.0.4:52244 - rid:169 - Router connection closed: Client Closed - Remote: js-wf-route-5718-1790878619569089815-n2
[1] 2026/10/01 18:21:59.023874 [INF] 172.19.0.4:6222 - rid:262 - Route connection created
[1] 2026/10/01 18:21:59.025187 [INF] 172.19.0.4:6222 - rid:263 - Route connection created
[1] 2026/10/01 18:21:59.025496 [INF] 172.19.0.4:6222 - rid:264 - Route connection created
[1] 2026/10/01 18:21:59.027804 [INF] 172.19.0.4:6222 - rid:265 - Route connection created
[1] 2026/10/01 18:21:59.028771 [INF] 172.19.0.4:6222 - rid:265 - Router connection closed: Duplicate Route - Remote: js-wf-route-5718-1790878619569089815-n2
[1] 2026/10/01 18:21:59.032032 [INF] 172.19.0.4:6222 - rid:266 - Route connection created
[1] 2026/10/01 18:22:01.473804 [INF] JetStream cluster new consumer leader for '$G > WF_RUN > WF_P_57'
[1] 2026/10/01 18:22:01.791882 [WRN] JetStream cluster consumer '$G > WF_RUN > WF_P_39' has NO quorum, stalled.
[1] 2026/10/01 18:22:01.861255 [WRN] JetStream cluster consumer '$G > WF_RUN > WF_P_11' has NO quorum, stalled.
[1] 2026/10/01 18:22:01.912706 [WRN] JetStream cluster consumer '$G > WF_RUN > WF_P_20' has NO quorum, stalled.
[1] 2026/10/01 18:22:02.108305 [WRN] JetStream cluster consumer '$G > WF_RUN > WF_P_54' has NO quorum, stalled.
[1] 2026/10/01 18:22:02.187270 [INF] JetStream cluster new consumer leader for '$G > WF_RUN > WF_P_48'
[1] 2026/10/01 18:22:02.216175 [WRN] JetStream cluster stream '$G > OBJ_WF_BLOB' has NO quorum, stalled
[1] 2026/10/01 18:22:02.405784 [WRN] JetStream cluster consumer '$G > WF_RUN > WF_P_38' has NO quorum, stalled.
[1] 2026/10/01 18:22:02.435549 [WRN] JetStream cluster consumer '$G > WF_RUN > WF_P_14' has NO quorum, stalled.
[1] 2026/10/01 18:22:02.619353 [WRN] JetStream cluster stream '$G > WF_JRN' has NO quorum, stalled
[1] 2026/10/01 18:22:02.626535 [INF] JetStream cluster new consumer leader for '$G > WF_RUN > WF_P_36'
[1] 2026/10/01 18:22:02.655804 [WRN] JetStream cluster consumer '$G > WF_RUN > WF_P_22' has NO quorum, stalled.
[1] 2026/10/01 18:22:02.668588 [INF] JetStream cluster new consumer leader for '$G > WF_RUN > WF_P_63'
[1] 2026/10/01 18:22:02.758815 [WRN] JetStream cluster consumer '$G > WF_RUN > WF_P_10' has NO quorum, stalled.
[1] 2026/10/01 18:22:02.780740 [WRN] JetStream cluster consumer '$G > WF_RUN > WF_P_12' has NO quorum, stalled.
[1] 2026/10/01 18:22:02.869250 [INF] Self is new JetStream cluster metadata leader
[1] 2026/10/01 18:22:03.176172 [WRN] JetStream cluster consumer '$G > WF_RUN > WF_P_08' has NO quorum, stalled.
[1] 2026/10/01 18:22:03.355948 [INF] JetStream cluster new consumer leader for '$G > WF_RUN > WF_P_35'
[1] 2026/10/01 18:22:03.357633 [WRN] JetStream cluster consumer '$G > WF_RUN > WF_P_40' has NO quorum, stalled.
[1] 2026/10/01 18:22:03.991871 [WRN] JetStream cluster consumer '$G > WF_RUN > WF_P_53' has NO quorum, stalled.
[1] 2026/10/01 18:22:04.529024 [INF] JetStream cluster new consumer leader for '$G > WF_RUN > WF_P_04'
[1] 2026/10/01 18:22:04.704272 [WRN] JetStream cluster stream '$G > KV_WF_ASSIGN' has NO quorum, stalled
[1] 2026/10/01 18:22:28.408281 [INF] 172.19.0.2:6222 - rid:176 - Router connection closed: Client Closed - Remote: js-wf-route-5718-1790878619569089815-n0
[1] 2026/10/01 18:22:28.408541 [INF] 172.19.0.2:6222 - rid:168 - Router connection closed: Client Closed - Remote: js-wf-route-5718-1790878619569089815-n0
[1] 2026/10/01 18:22:28.408619 [INF] 172.19.0.2:6222 - rid:166 - Router connection closed: Client Closed - Remote: js-wf-route-5718-1790878619569089815-n0
[1] 2026/10/01 18:22:28.409039 [INF] 172.19.0.2:6222 - rid:167 - Router connection closed: Client Closed - Remote: js-wf-route-5718-1790878619569089815-n0
[1] 2026/10/01 18:22:29.169364 [INF] 172.19.0.2:6222 - rid:267 - Route connection created
[1] 2026/10/01 18:22:29.171491 [INF] 172.19.0.2:6222 - rid:268 - Route connection created
[1] 2026/10/01 18:22:29.173342 [INF] 172.19.0.2:6222 - rid:269 - Route connection created
[1] 2026/10/01 18:22:29.174804 [INF] 172.19.0.2:6222 - rid:270 - Route connection created
[1] 2026/10/01 18:22:29.421700 [INF] 172.19.0.2:6222 - rid:271 - Route connection created
[1] 2026/10/01 18:22:29.421843 [INF] 172.19.0.2:6222 - rid:271 - Router connection closed: Duplicate Route - Remote: js-wf-route-5718-1790878619569089815-n0
[1] 2026/10/01 18:22:29.432587 [INF] 172.19.0.2:6222 - rid:272 - Route connection created
[1] 2026/10/01 18:22:29.432657 [INF] 172.19.0.2:6222 - rid:272 - Router connection closed: Duplicate Route - Remote: js-wf-route-5718-1790878619569089815-n0
[1] 2026/10/01 18:22:29.453478 [INF] 172.19.0.2:6222 - rid:273 - Route connection created
[1] 2026/10/01 18:22:29.453601 [INF] 172.19.0.2:6222 - rid:273 - Router connection closed: Duplicate Route - Remote: js-wf-route-5718-1790878619569089815-n0
[1] 2026/10/01 18:22:29.485748 [INF] 172.19.0.2:6222 - rid:274 - Route connection created
[1] 2026/10/01 18:22:29.485961 [INF] 172.19.0.2:6222 - rid:274 - Router connection closed: Duplicate Route - Remote: js-wf-route-5718-1790878619569089815-n0
[1] 2026/10/01 18:22:32.083017 [INF] JetStream cluster new consumer leader for '$G > WF_RUN > WF_P_18'
[1] 2026/10/01 18:22:32.126004 [WRN] JetStream cluster consumer '$G > WF_RUN > WF_P_25' has NO quorum, stalled.
[1] 2026/10/01 18:22:32.153546 [WRN] JetStream cluster consumer '$G > WF_RUN > WF_P_52' has NO quorum, stalled.
[1] 2026/10/01 18:22:32.294738 [WRN] JetStream cluster consumer '$G > WF_RUN > WF_P_38' has NO quorum, stalled.
[1] 2026/10/01 18:22:32.407480 [INF] JetStream cluster new consumer leader for '$G > WF_RUN > WF_P_05'
[1] 2026/10/01 18:22:32.445867 [WRN] JetStream cluster consumer '$G > WF_RUN > WF_P_50' has NO quorum, stalled.
[1] 2026/10/01 18:22:32.491236 [WRN] JetStream cluster consumer '$G > WF_RUN > WF_P_47' has NO quorum, stalled.
[1] 2026/10/01 18:22:32.502687 [INF] JetStream cluster new consumer leader for '$G > WF_RUN > WF_P_19'
[1] 2026/10/01 18:22:32.539411 [WRN] JetStream cluster consumer '$G > WF_RUN > WF_P_33' has NO quorum, stalled.
[1] 2026/10/01 18:22:32.632845 [WRN] JetStream cluster consumer '$G > WF_RUN > WF_P_58' has NO quorum, stalled.
[1] 2026/10/01 18:22:32.730107 [WRN] JetStream cluster consumer '$G > WF_RUN > WF_P_17' has NO quorum, stalled.
[1] 2026/10/01 18:22:32.742478 [INF] JetStream cluster new consumer leader for '$G > WF_RUN > WF_P_28'
[1] 2026/10/01 18:22:32.805272 [WRN] JetStream cluster consumer '$G > WF_RUN > WF_P_03' has NO quorum, stalled.
[1] 2026/10/01 18:22:32.826560 [INF] JetStream cluster new consumer leader for '$G > WF_RUN > WF_P_00'
[1] 2026/10/01 18:22:32.971267 [WRN] JetStream cluster consumer '$G > WF_RUN > WF_P_23' has NO quorum, stalled.
[1] 2026/10/01 18:22:33.008083 [INF] JetStream cluster new consumer leader for '$G > WF_RUN > WF_P_13'
[1] 2026/10/01 18:22:33.027356 [WRN] JetStream cluster stream '$G > WF_RUN' has NO quorum, stalled
[1] 2026/10/01 18:22:33.028520 [WRN] JetStream cluster stream '$G > KV_WF_STATE' has NO quorum, stalled
[1] 2026/10/01 18:22:33.030794 [WRN] JetStream cluster consumer '$G > WF_RUN > WF_P_08' has NO quorum, stalled.
[1] 2026/10/01 18:22:33.249508 [INF] JetStream cluster new consumer leader for '$G > WF_RUN > WF_P_55'
[1] 2026/10/01 18:22:33.268568 [WRN] JetStream cluster consumer '$G > WF_RUN > WF_P_49' has NO quorum, stalled.
[1] 2026/10/01 18:22:33.308783 [INF] JetStream cluster new consumer leader for '$G > WF_RUN > WF_P_24'
[1] 2026/10/01 18:22:33.314827 [WRN] JetStream cluster stream '$G > WF_PURGE' has NO quorum, stalled
[1] 2026/10/01 18:22:33.465017 [WRN] JetStream cluster consumer '$G > WF_RUN > WF_P_29' has NO quorum, stalled.
[1] 2026/10/01 18:22:33.529655 [WRN] JetStream cluster consumer '$G > WF_RUN > WF_P_59' has NO quorum, stalled.
[1] 2026/10/01 18:22:33.892659 [INF] JetStream cluster new consumer leader for '$G > WF_RUN > WF_P_43'
[1] 2026/10/01 18:22:34.066897 [WRN] JetStream cluster consumer '$G > WF_RUN > WF_P_37' has NO quorum, stalled.
[1] 2026/10/01 18:22:34.844634 [INF] JetStream cluster new stream leader for '$G > WF_JRN'
[1] 2026/10/01 18:22:35.079000 [INF] JetStream cluster new consumer leader for '$G > WF_RUN > WF_P_11'
[1] 2026/10/01 18:22:35.137620 [WRN] JetStream cluster stream '$G > KV_WF_VIEW' has NO quorum, stalled