[1] 2026/10/01 18:19:58.921275 [INF] Starting nats-server
[1] 2026/10/01 18:19:58.921340 [INF]   Version:  2.15.0
[1] 2026/10/01 18:19:58.921342 [INF]   Git:      [not set]
[1] 2026/10/01 18:19:58.921344 [INF]   Cluster:  js-wf-route-5718-1790878619569089815
[1] 2026/10/01 18:19:58.921347 [INF]   Name:     js-wf-route-5718-1790878619569089815-n2
[1] 2026/10/01 18:19:58.921349 [INF]   Node:     K4UH8KTS
[1] 2026/10/01 18:19:58.921351 [INF]   ID:       NDXNAPGVCQWLRCYG773HZZJ23FD4JQPCGZTMLQL6YU4DBDQE6REQH4YP
[1] 2026/10/01 18:19:58.921369 [INF] Using configuration file: /etc/nats.conf (sha256:2b3c0cdf1bae0dc828987430072bec52f1eee9114880f8779b1ec8bfa212027e)
[1] 2026/10/01 18:19:58.921896 [INF] Starting http monitor on 0.0.0.0:8222
[1] 2026/10/01 18:19:58.922096 [INF] Starting JetStream
[1] 2026/10/01 18:19:58.922301 [INF]     _ ___ _____ ___ _____ ___ ___   _   __  __
[1] 2026/10/01 18:19:58.922314 [INF]  _ | | __|_   _/ __|_   _| _ \ __| /_\ |  \/  |
[1] 2026/10/01 18:19:58.922317 [INF] | || | _|  | | \__ \ | | |   / _| / _ \| |\/| |
[1] 2026/10/01 18:19:58.922319 [INF]  \__/|___| |_| |___/ |_| |_|_\___/_/ \_\_|  |_|
[1] 2026/10/01 18:19:58.922321 [INF] 
[1] 2026/10/01 18:19:58.922324 [INF]          https://docs.nats.io/jetstream
[1] 2026/10/01 18:19:58.922326 [INF] 
[1] 2026/10/01 18:19:58.922328 [INF] ---------------- JETSTREAM ----------------
[1] 2026/10/01 18:19:58.922331 [INF]   Strict:          true
[1] 2026/10/01 18:19:58.922335 [INF]   Max Memory:      11.71 GB
[1] 2026/10/01 18:19:58.922339 [INF]   Max Storage:     62.95 GB
[1] 2026/10/01 18:19:58.922341 [INF]   Store Directory: "/data/jetstream"
[1] 2026/10/01 18:19:58.922343 [INF]   API Level:       5
[1] 2026/10/01 18:19:58.922346 [INF] -------------------------------------------
[1] 2026/10/01 18:19:58.922840 [INF]   Starting restore for stream '$G > WF_SIG'
[1] 2026/10/01 18:19:58.922884 [INF]   Starting restore for stream '$G > KV_WF_STATE'
[1] 2026/10/01 18:19:58.922884 [INF]   Starting restore for stream '$G > KV_WF_LEASE'
[1] 2026/10/01 18:19:58.923062 [INF]   Starting restore for stream '$G > KV_WF_VIEW'
[1] 2026/10/01 18:19:58.923189 [INF]   Starting restore for stream '$G > WF_RUN'
[1] 2026/10/01 18:19:58.923463 [WRN] Filestore [WF_SIG] Stream state outdated, last block has additional entries, will rebuild
[1] 2026/10/01 18:19:58.923502 [INF]   Starting restore for stream '$G > KV_WF_ASSIGN'
[1] 2026/10/01 18:19:58.923505 [WRN] Filestore [WF_SIG] Recovering stream state from index errored: prior state file
[1] 2026/10/01 18:19:58.923558 [INF]   Starting restore for stream '$G > WF_INV'
[1] 2026/10/01 18:19:58.923646 [INF]   Starting restore for stream '$G > WF_JRN'
[1] 2026/10/01 18:19:58.923763 [INF]   Starting restore for stream '$G > WF_PURGE'
[1] 2026/10/01 18:19:58.925098 [INF]   Starting restore for stream '$G > OBJ_WF_BLOB'
[1] 2026/10/01 18:19:58.923547 [INF]   Restored 0 messages for stream '$G > KV_WF_VIEW' in 0s
[1] 2026/10/01 18:19:58.925649 [WRN] Filestore [KV_WF_STATE] Stream state outdated, last block has additional entries, will rebuild
[1] 2026/10/01 18:19:58.925658 [WRN] Filestore [KV_WF_STATE] Recovering stream state from index errored: prior state file
[1] 2026/10/01 18:19:58.928561 [WRN] Filestore [WF_JRN] Stream state outdated, last block has additional entries, will rebuild
[1] 2026/10/01 18:19:58.928576 [WRN] Filestore [WF_JRN] Recovering stream state from index errored: prior state file
[1] 2026/10/01 18:19:58.928741 [WRN] Filestore [KV_WF_LEASE] Stream state outdated, last block has additional entries, will rebuild
[1] 2026/10/01 18:19:58.928806 [WRN] Filestore [KV_WF_LEASE] Recovering stream state from index errored: prior state file
[1] 2026/10/01 18:19:58.930113 [INF]   Restored 0 messages for stream '$G > OBJ_WF_BLOB' in 5ms
[1] 2026/10/01 18:19:58.930165 [INF]   Restored 884 messages for stream '$G > WF_SIG' in 7ms
[1] 2026/10/01 18:19:58.930399 [INF]   Restored 0 messages for stream '$G > WF_PURGE' in 7ms
[1] 2026/10/01 18:19:58.930599 [WRN] Filestore [WF_RUN] Stream state outdated, last block has additional entries, will rebuild
[1] 2026/10/01 18:19:58.930605 [WRN] Filestore [WF_RUN] Recovering stream state from index errored: prior state file
[1] 2026/10/01 18:19:58.932007 [WRN] Filestore [WF_INV] Stream state outdated, last block has additional entries, will rebuild
[1] 2026/10/01 18:19:58.932138 [WRN] Filestore [WF_INV] Recovering stream state from index errored: prior state file
[1] 2026/10/01 18:19:58.935261 [INF]   Restored 728 messages for stream '$G > WF_INV' in 12ms
[1] 2026/10/01 18:19:58.935273 [WRN] Filestore [WF_RUN] Message scheduling state is outdated; attempting to recover using linear scan (seq 2467 to 2896)
[1] 2026/10/01 18:19:58.935947 [INF]   Restored 0 messages for stream '$G > KV_WF_ASSIGN' in 12ms
[1] 2026/10/01 18:19:58.937124 [INF]   Restored 27 messages for stream '$G > WF_RUN' in 14ms
[1] 2026/10/01 18:19:58.936618 [INF]   Restored 729 messages for stream '$G > KV_WF_STATE' in 14ms
[1] 2026/10/01 18:19:58.938071 [INF]   Recovering 64 consumers for stream - '$G > WF_RUN'
[1] 2026/10/01 18:19:58.959775 [INF]   Restored 7,996 messages for stream '$G > WF_JRN' in 36ms
[1] 2026/10/01 18:19:58.965095 [WRN] Filestore [KV_WF_LEASE] TTL state is outdated; attempting to recover using linear scan (seq 14739 to 16644)
[1] 2026/10/01 18:19:59.008843 [INF]   Restored 731 messages for stream '$G > KV_WF_LEASE' in 86ms
[1] 2026/10/01 18:19:59.008947 [INF] Starting JetStream cluster
[1] 2026/10/01 18:19:59.008954 [INF] Creating JetStream metadata controller
[1] 2026/10/01 18:19:59.009182 [WRN] Filestore [_meta_] Stream state outdated, last block has additional entries, will rebuild
[1] 2026/10/01 18:19:59.009190 [WRN] Filestore [_meta_] Recovering stream state from index errored: prior state file
[1] 2026/10/01 18:19:59.009616 [INF] JetStream cluster recovering state
[1] 2026/10/01 18:19:59.012323 [INF] Took 90.167574ms to start JetStream
[1] 2026/10/01 18:19:59.012614 [INF] Listening for client connections on 0.0.0.0:4222
[1] 2026/10/01 18:19:59.013260 [INF] Server is ready
[1] 2026/10/01 18:19:59.013423 [INF] Cluster name is js-wf-route-5718-1790878619569089815
[1] 2026/10/01 18:19:59.013469 [INF] Listening for route connections on 0.0.0.0:6222
[1] 2026/10/01 18:19:59.016745 [INF] 172.19.0.2:6222 - rid:166 - Route connection created
[1] 2026/10/01 18:19:59.017519 [INF] 172.19.0.2:6222 - rid:167 - Route connection created
[1] 2026/10/01 18:19:59.019419 [INF] 172.19.0.5:33902 - rid:168 - Route connection created
[1] 2026/10/01 18:19:59.019932 [INF] 172.19.0.3:39750 - rid:169 - Route connection created
[1] 2026/10/01 18:19:59.020917 [INF] 172.19.0.5:33910 - rid:170 - Route connection created
[1] 2026/10/01 18:19:59.021339 [INF] 172.19.0.6:33044 - rid:171 - Route connection created
[1] 2026/10/01 18:19:59.022014 [INF] 172.19.0.5:33918 - rid:172 - Route connection created
[1] 2026/10/01 18:19:59.022335 [INF] 172.19.0.3:39764 - rid:173 - Route connection created
[1] 2026/10/01 18:19:59.023284 [INF] 172.19.0.6:33030 - rid:174 - Route connection created
[1] 2026/10/01 18:19:59.024350 [INF] 172.19.0.2:6222 - rid:176 - Route connection created
[1] 2026/10/01 18:19:59.024523 [INF] 172.19.0.5:33944 - rid:177 - Route connection created
[1] 2026/10/01 18:19:59.024615 [INF] 172.19.0.6:33026 - rid:175 - Route connection created
[1] 2026/10/01 18:19:59.025367 [INF] 172.19.0.5:33934 - rid:178 - Route connection created
[1] 2026/10/01 18:19:59.026274 [INF] 172.19.0.5:33944 - rid:177 - Router connection closed: Client Closed
[1] 2026/10/01 18:19:59.026954 [INF] 172.19.0.3:39768 - rid:179 - Route connection created
[1] 2026/10/01 18:19:59.027999 [INF] 172.19.0.6:33058 - rid:180 - Route connection created
[1] 2026/10/01 18:19:59.028066 [INF] 172.19.0.2:6222 - rid:182 - Route connection created
[1] 2026/10/01 18:19:59.028261 [INF] 172.19.0.6:33056 - rid:181 - Route connection created
[1] 2026/10/01 18:19:59.029465 [INF] 172.19.0.3:39774 - rid:183 - Route connection created
[1] 2026/10/01 18:19:59.029857 [INF] 172.19.0.6:33056 - rid:181 - Router connection closed: Client Closed
[1] 2026/10/01 18:19:59.113836 [WRN] Waiting for routing to be established...
[1] 2026/10/01 18:19:59.114234 [WRN] Filestore [S-R5F-gMMg5Cnp] Stream state outdated, last block has additional entries, will rebuild
[1] 2026/10/01 18:19:59.114245 [WRN] Filestore [S-R5F-gMMg5Cnp] Recovering stream state from index errored: prior state file
[1] 2026/10/01 18:19:59.118772 [WRN] Filestore [S-R5F-mvtUCTYA] Stream state outdated, last block has additional entries, will rebuild
[1] 2026/10/01 18:19:59.118785 [WRN] Filestore [S-R5F-mvtUCTYA] Recovering stream state from index errored: prior state file
[1] 2026/10/01 18:19:59.152126 [WRN] Filestore [S-R5F-y8cw2hs6] Stream state outdated, last block has additional entries, will rebuild
[1] 2026/10/01 18:19:59.152380 [WRN] Filestore [S-R5F-y8cw2hs6] Recovering stream state from index errored: prior state file
[1] 2026/10/01 18:19:59.157342 [WRN] Filestore [S-R5F-bnEJSLq1] Stream state outdated, last block has additional entries, will rebuild
[1] 2026/10/01 18:19:59.157506 [WRN] Filestore [S-R5F-bnEJSLq1] Recovering stream state from index errored: prior state file
[1] 2026/10/01 18:19:59.166584 [WRN] Filestore [S-R5F-BgFaVgjo] Stream state outdated, last block has additional entries, will rebuild
[1] 2026/10/01 18:19:59.166593 [WRN] Filestore [S-R5F-BgFaVgjo] Recovering stream state from index errored: prior state file
[1] 2026/10/01 18:19:59.169836 [WRN] Filestore [S-R5F-ksjlOF2x] Stream state outdated, last block has additional entries, will rebuild
[1] 2026/10/01 18:19:59.169846 [WRN] Filestore [S-R5F-ksjlOF2x] Recovering stream state from index errored: prior state file
[1] 2026/10/01 18:19:59.171245 [WRN] Filestore [C-R5F-5SOP1cW7] Stream state outdated, last block has additional entries, will rebuild
[1] 2026/10/01 18:19:59.171258 [WRN] Filestore [C-R5F-5SOP1cW7] Recovering stream state from index errored: prior state file
[1] 2026/10/01 18:19:59.172550 [WRN] Filestore [C-R5F-1w3a4xh2] Stream state outdated, last block has additional entries, will rebuild
[1] 2026/10/01 18:19:59.172640 [WRN] Filestore [C-R5F-1w3a4xh2] Recovering stream state from index errored: prior state file
[1] 2026/10/01 18:19:59.175889 [WRN] Filestore [C-R5F-KWLWBuf4] Stream state outdated, last block has additional entries, will rebuild
[1] 2026/10/01 18:19:59.176004 [WRN] Filestore [C-R5F-KWLWBuf4] Recovering stream state from index errored: prior state file
[1] 2026/10/01 18:19:59.179136 [WRN] Filestore [C-R5F-7dLU4Up7] Stream state outdated, last block has additional entries, will rebuild
[1] 2026/10/01 18:19:59.179149 [WRN] Filestore [C-R5F-7dLU4Up7] Recovering stream state from index errored: prior state file
[1] 2026/10/01 18:19:59.181788 [WRN] Filestore [C-R5F-lPGgikX5] Stream state outdated, last block has additional entries, will rebuild
[1] 2026/10/01 18:19:59.181798 [WRN] Filestore [C-R5F-lPGgikX5] Recovering stream state from index errored: prior state file
[1] 2026/10/01 18:19:59.183927 [WRN] Filestore [C-R5F-wwFKwktY] Stream state outdated, last block has additional entries, will rebuild
[1] 2026/10/01 18:19:59.184070 [WRN] Filestore [C-R5F-wwFKwktY] Recovering stream state from index errored: prior state file
[1] 2026/10/01 18:19:59.186811 [WRN] Filestore [C-R5F-T2N1jJnB] Stream state outdated, last block has additional entries, will rebuild
[1] 2026/10/01 18:19:59.186822 [WRN] Filestore [C-R5F-T2N1jJnB] Recovering stream state from index errored: prior state file
[1] 2026/10/01 18:19:59.192453 [WRN] Filestore [C-R5F-TrK3j3JO] Stream state outdated, last block has additional entries, will rebuild
[1] 2026/10/01 18:19:59.192505 [WRN] Filestore [C-R5F-TrK3j3JO] Recovering stream state from index errored: prior state file
[1] 2026/10/01 18:19:59.196870 [WRN] Filestore [C-R5F-Zevwt5bL] Stream state outdated, last block has additional entries, will rebuild
[1] 2026/10/01 18:19:59.196879 [WRN] Filestore [C-R5F-Zevwt5bL] Recovering stream state from index errored: prior state file
[1] 2026/10/01 18:19:59.198439 [WRN] Filestore [C-R5F-kjMWYLvu] Stream state outdated, last block has additional entries, will rebuild
[1] 2026/10/01 18:19:59.198450 [WRN] Filestore [C-R5F-kjMWYLvu] Recovering stream state from index errored: prior state file
[1] 2026/10/01 18:19:59.199826 [WRN] Filestore [C-R5F-8c291fiF] Stream state outdated, last block has additional entries, will rebuild
[1] 2026/10/01 18:19:59.199836 [WRN] Filestore [C-R5F-8c291fiF] Recovering stream state from index errored: prior state file
[1] 2026/10/01 18:19:59.201093 [WRN] Filestore [C-R5F-7gt5kULu] Stream state outdated, last block has additional entries, will rebuild
[1] 2026/10/01 18:19:59.201101 [WRN] Filestore [C-R5F-7gt5kULu] Recovering stream state from index errored: prior state file
[1] 2026/10/01 18:19:59.202322 [WRN] Filestore [C-R5F-e5Bk2XVA] Stream state outdated, last block has additional entries, will rebuild
[1] 2026/10/01 18:19:59.202331 [WRN] Filestore [C-R5F-e5Bk2XVA] Recovering stream state from index errored: prior state file
[1] 2026/10/01 18:19:59.205499 [WRN] Filestore [C-R5F-0nM0dwVy] Stream state outdated, last block has additional entries, will rebuild
[1] 2026/10/01 18:19:59.205510 [WRN] Filestore [C-R5F-0nM0dwVy] Recovering stream state from index errored: prior state file
[1] 2026/10/01 18:19:59.207049 [WRN] Filestore [C-R5F-kzgFwYuE] Stream state outdated, last block has additional entries, will rebuild
[1] 2026/10/01 18:19:59.207058 [WRN] Filestore [C-R5F-kzgFwYuE] Recovering stream state from index errored: prior state file
[1] 2026/10/01 18:19:59.208380 [WRN] Filestore [C-R5F-ckCLO79e] Stream state outdated, last block has additional entries, will rebuild
[1] 2026/10/01 18:19:59.208393 [WRN] Filestore [C-R5F-ckCLO79e] Recovering stream state from index errored: prior state file
[1] 2026/10/01 18:19:59.211099 [WRN] Filestore [C-R5F-z2bz5e80] Stream state outdated, last block has additional entries, will rebuild
[1] 2026/10/01 18:19:59.211111 [WRN] Filestore [C-R5F-z2bz5e80] Recovering stream state from index errored: prior state file
[1] 2026/10/01 18:19:59.213345 [WRN] Filestore [C-R5F-YZ2awE4K] Stream state outdated, last block has additional entries, will rebuild
[1] 2026/10/01 18:19:59.213353 [WRN] Filestore [C-R5F-YZ2awE4K] Recovering stream state from index errored: prior state file
[1] 2026/10/01 18:19:59.217597 [WRN] Filestore [C-R5F-N1xyEHi7] Stream state outdated, last block has additional entries, will rebuild
[1] 2026/10/01 18:19:59.217610 [WRN] Filestore [C-R5F-N1xyEHi7] Recovering stream state from index errored: prior state file
[1] 2026/10/01 18:19:59.219192 [WRN] Filestore [C-R5F-y1wSwq6c] Stream state outdated, last block has additional entries, will rebuild
[1] 2026/10/01 18:19:59.219201 [WRN] Filestore [C-R5F-y1wSwq6c] Recovering stream state from index errored: prior state file
[1] 2026/10/01 18:19:59.220558 [WRN] Filestore [C-R5F-yhMUokHE] Stream state outdated, last block has additional entries, will rebuild
[1] 2026/10/01 18:19:59.220569 [WRN] Filestore [C-R5F-yhMUokHE] Recovering stream state from index errored: prior state file
[1] 2026/10/01 18:19:59.222354 [WRN] Filestore [C-R5F-phL8WJoG] Stream state outdated, last block has additional entries, will rebuild
[1] 2026/10/01 18:19:59.222366 [WRN] Filestore [C-R5F-phL8WJoG] Recovering stream state from index errored: prior state file
[1] 2026/10/01 18:19:59.224315 [WRN] Filestore [C-R5F-6Krfsuob] Stream state outdated, last block has additional entries, will rebuild
[1] 2026/10/01 18:19:59.224361 [WRN] Filestore [C-R5F-6Krfsuob] Recovering stream state from index errored: prior state file
[1] 2026/10/01 18:19:59.226128 [WRN] Filestore [C-R5F-t2RW7vWJ] Stream state outdated, last block has additional entries, will rebuild
[1] 2026/10/01 18:19:59.226141 [WRN] Filestore [C-R5F-t2RW7vWJ] Recovering stream state from index errored: prior state file
[1] 2026/10/01 18:19:59.227500 [WRN] Filestore [C-R5F-HaGT0kyw] Stream state outdated, last block has additional entries, will rebuild
[1] 2026/10/01 18:19:59.227550 [WRN] Filestore [C-R5F-HaGT0kyw] Recovering stream state from index errored: prior state file
[1] 2026/10/01 18:19:59.230672 [WRN] Filestore [C-R5F-bPyAznwJ] Stream state outdated, last block has additional entries, will rebuild
[1] 2026/10/01 18:19:59.230680 [WRN] Filestore [C-R5F-bPyAznwJ] Recovering stream state from index errored: prior state file
[1] 2026/10/01 18:19:59.232459 [WRN] Filestore [C-R5F-z9DzfqRa] Stream state outdated, last block has additional entries, will rebuild
[1] 2026/10/01 18:19:59.232471 [WRN] Filestore [C-R5F-z9DzfqRa] Recovering stream state from index errored: prior state file
[1] 2026/10/01 18:19:59.234287 [WRN] Filestore [C-R5F-Z7ctSSUc] Stream state outdated, last block has additional entries, will rebuild
[1] 2026/10/01 18:19:59.234298 [WRN] Filestore [C-R5F-Z7ctSSUc] Recovering stream state from index errored: prior state file
[1] 2026/10/01 18:19:59.236845 [WRN] Filestore [C-R5F-9r9zNayR] Stream state outdated, last block has additional entries, will rebuild
[1] 2026/10/01 18:19:59.236854 [WRN] Filestore [C-R5F-9r9zNayR] Recovering stream state from index errored: prior state file
[1] 2026/10/01 18:19:59.238299 [WRN] Filestore [C-R5F-IpacN0CV] Stream state outdated, last block has additional entries, will rebuild
[1] 2026/10/01 18:19:59.238311 [WRN] Filestore [C-R5F-IpacN0CV] Recovering stream state from index errored: prior state file
[1] 2026/10/01 18:19:59.240102 [WRN] Filestore [C-R5F-EmK2m3Lh] Stream state outdated, last block has additional entries, will rebuild
[1] 2026/10/01 18:19:59.240146 [WRN] Filestore [C-R5F-EmK2m3Lh] Recovering stream state from index errored: prior state file
[1] 2026/10/01 18:19:59.242727 [WRN] Filestore [C-R5F-MZMS7VgY] Stream state outdated, last block has additional entries, will rebuild
[1] 2026/10/01 18:19:59.242736 [WRN] Filestore [C-R5F-MZMS7VgY] Recovering stream state from index errored: prior state file
[1] 2026/10/01 18:19:59.244120 [WRN] Filestore [C-R5F-RrmfSQl8] Stream state outdated, last block has additional entries, will rebuild
[1] 2026/10/01 18:19:59.244129 [WRN] Filestore [C-R5F-RrmfSQl8] Recovering stream state from index errored: prior state file
[1] 2026/10/01 18:19:59.245490 [WRN] Filestore [C-R5F-YkW1zhdX] Stream state outdated, last block has additional entries, will rebuild
[1] 2026/10/01 18:19:59.245500 [WRN] Filestore [C-R5F-YkW1zhdX] Recovering stream state from index errored: prior state file
[1] 2026/10/01 18:19:59.248440 [WRN] Filestore [C-R5F-p3R2cr5q] Stream state outdated, last block has additional entries, will rebuild
[1] 2026/10/01 18:19:59.248451 [WRN] Filestore [C-R5F-p3R2cr5q] Recovering stream state from index errored: prior state file
[1] 2026/10/01 18:19:59.250384 [WRN] Filestore [C-R5F-T66hZZ0j] Stream state outdated, last block has additional entries, will rebuild
[1] 2026/10/01 18:19:59.250397 [WRN] Filestore [C-R5F-T66hZZ0j] Recovering stream state from index errored: prior state file
[1] 2026/10/01 18:19:59.251854 [WRN] Filestore [C-R5F-H2f2ySp5] Stream state outdated, last block has additional entries, will rebuild
[1] 2026/10/01 18:19:59.251866 [WRN] Filestore [C-R5F-H2f2ySp5] Recovering stream state from index errored: prior state file
[1] 2026/10/01 18:19:59.254651 [WRN] Filestore [C-R5F-gzclWn7o] Stream state outdated, last block has additional entries, will rebuild
[1] 2026/10/01 18:19:59.254668 [WRN] Filestore [C-R5F-gzclWn7o] Recovering stream state from index errored: prior state file
[1] 2026/10/01 18:19:59.258454 [WRN] Filestore [C-R5F-SHz7yI29] Stream state outdated, last block has additional entries, will rebuild
[1] 2026/10/01 18:19:59.258467 [WRN] Filestore [C-R5F-SHz7yI29] Recovering stream state from index errored: prior state file
[1] 2026/10/01 18:19:59.259894 [WRN] Filestore [C-R5F-xQorMOSU] Stream state outdated, last block has additional entries, will rebuild
[1] 2026/10/01 18:19:59.259908 [WRN] Filestore [C-R5F-xQorMOSU] Recovering stream state from index errored: prior state file
[1] 2026/10/01 18:19:59.261305 [WRN] Filestore [C-R5F-kdsSVaGH] Stream state outdated, last block has additional entries, will rebuild
[1] 2026/10/01 18:19:59.261317 [WRN] Filestore [C-R5F-kdsSVaGH] Recovering stream state from index errored: prior state file
[1] 2026/10/01 18:19:59.263002 [WRN] Filestore [C-R5F-unnnozOa] Stream state outdated, last block has additional entries, will rebuild
[1] 2026/10/01 18:19:59.263048 [WRN] Filestore [C-R5F-unnnozOa] Recovering stream state from index errored: prior state file
[1] 2026/10/01 18:19:59.266989 [WRN] Filestore [C-R5F-730512RS] Stream state outdated, last block has additional entries, will rebuild
[1] 2026/10/01 18:19:59.267035 [WRN] Filestore [C-R5F-730512RS] Recovering stream state from index errored: prior state file
[1] 2026/10/01 18:19:59.269804 [WRN] Filestore [C-R5F-XEhUnKxy] Stream state outdated, last block has additional entries, will rebuild
[1] 2026/10/01 18:19:59.269815 [WRN] Filestore [C-R5F-XEhUnKxy] Recovering stream state from index errored: prior state file
[1] 2026/10/01 18:19:59.272802 [WRN] Filestore [C-R5F-hz7knthn] Stream state outdated, last block has additional entries, will rebuild
[1] 2026/10/01 18:19:59.272816 [WRN] Filestore [C-R5F-hz7knthn] Recovering stream state from index errored: prior state file
[1] 2026/10/01 18:19:59.274683 [WRN] Filestore [C-R5F-WZrV5odV] Stream state outdated, last block has additional entries, will rebuild
[1] 2026/10/01 18:19:59.274694 [WRN] Filestore [C-R5F-WZrV5odV] Recovering stream state from index errored: prior state file
[1] 2026/10/01 18:19:59.277066 [WRN] Filestore [C-R5F-Ljg3O969] Stream state outdated, last block has additional entries, will rebuild
[1] 2026/10/01 18:19:59.277160 [WRN] Filestore [C-R5F-Ljg3O969] Recovering stream state from index errored: prior state file
[1] 2026/10/01 18:19:59.278575 [WRN] Filestore [C-R5F-2OdNQLjx] Stream state outdated, last block has additional entries, will rebuild
[1] 2026/10/01 18:19:59.278587 [WRN] Filestore [C-R5F-2OdNQLjx] Recovering stream state from index errored: prior state file
[1] 2026/10/01 18:19:59.279863 [WRN] Filestore [C-R5F-GyN5P4s5] Stream state outdated, last block has additional entries, will rebuild
[1] 2026/10/01 18:19:59.279873 [WRN] Filestore [C-R5F-GyN5P4s5] Recovering stream state from index errored: prior state file
[1] 2026/10/01 18:19:59.281795 [WRN] Filestore [C-R5F-lEP7NFSP] Stream state outdated, last block has additional entries, will rebuild
[1] 2026/10/01 18:19:59.281807 [WRN] Filestore [C-R5F-lEP7NFSP] Recovering stream state from index errored: prior state file
[1] 2026/10/01 18:19:59.283206 [WRN] Filestore [C-R5F-gQ6UlnBE] Stream state outdated, last block has additional entries, will rebuild
[1] 2026/10/01 18:19:59.283218 [WRN] Filestore [C-R5F-gQ6UlnBE] Recovering stream state from index errored: prior state file
[1] 2026/10/01 18:19:59.286774 [WRN] Filestore [C-R5F-WM3fKDoi] Stream state outdated, last block has additional entries, will rebuild
[1] 2026/10/01 18:19:59.286785 [WRN] Filestore [C-R5F-WM3fKDoi] Recovering stream state from index errored: prior state file
[1] 2026/10/01 18:19:59.289407 [WRN] Filestore [C-R5F-f43XwAll] Stream state outdated, last block has additional entries, will rebuild
[1] 2026/10/01 18:19:59.289419 [WRN] Filestore [C-R5F-f43XwAll] Recovering stream state from index errored: prior state file
[1] 2026/10/01 18:19:59.290885 [WRN] Filestore [C-R5F-uowHG10n] Stream state outdated, last block has additional entries, will rebuild
[1] 2026/10/01 18:19:59.290897 [WRN] Filestore [C-R5F-uowHG10n] Recovering stream state from index errored: prior state file
[1] 2026/10/01 18:19:59.292815 [WRN] Filestore [C-R5F-AZvh1tb6] Stream state outdated, last block has additional entries, will rebuild
[1] 2026/10/01 18:19:59.292828 [WRN] Filestore [C-R5F-AZvh1tb6] Recovering stream state from index errored: prior state file
[1] 2026/10/01 18:19:59.294407 [WRN] Filestore [C-R5F-bniGklQH] Stream state outdated, last block has additional entries, will rebuild
[1] 2026/10/01 18:19:59.294416 [WRN] Filestore [C-R5F-bniGklQH] Recovering stream state from index errored: prior state file
[1] 2026/10/01 18:19:59.296284 [WRN] Filestore [C-R5F-AhvXmevw] Stream state outdated, last block has additional entries, will rebuild
[1] 2026/10/01 18:19:59.296391 [WRN] Filestore [C-R5F-AhvXmevw] Recovering stream state from index errored: prior state file
[1] 2026/10/01 18:19:59.299352 [WRN] Filestore [C-R5F-ngwwuPm7] Stream state outdated, last block has additional entries, will rebuild
[1] 2026/10/01 18:19:59.299364 [WRN] Filestore [C-R5F-ngwwuPm7] Recovering stream state from index errored: prior state file
[1] 2026/10/01 18:19:59.301494 [WRN] Filestore [C-R5F-HYZPv77n] Stream state outdated, last block has additional entries, will rebuild
[1] 2026/10/01 18:19:59.301505 [WRN] Filestore [C-R5F-HYZPv77n] Recovering stream state from index errored: prior state file
[1] 2026/10/01 18:19:59.305296 [WRN] Filestore [C-R5F-WFIUZ1Xb] Stream state outdated, last block has additional entries, will rebuild
[1] 2026/10/01 18:19:59.305319 [WRN] Filestore [C-R5F-WFIUZ1Xb] Recovering stream state from index errored: prior state file
[1] 2026/10/01 18:19:59.307679 [WRN] Filestore [C-R5F-eMypCuj5] Stream state outdated, last block has additional entries, will rebuild
[1] 2026/10/01 18:19:59.307694 [WRN] Filestore [C-R5F-eMypCuj5] Recovering stream state from index errored: prior state file
[1] 2026/10/01 18:19:59.310570 [WRN] Filestore [C-R5F-fFunxWR4] Stream state outdated, last block has additional entries, will rebuild
[1] 2026/10/01 18:19:59.310581 [WRN] Filestore [C-R5F-fFunxWR4] Recovering stream state from index errored: prior state file
[1] 2026/10/01 18:19:59.314505 [WRN] Metalayer blocking snapshot starting
[1] 2026/10/01 18:19:59.320488 [WRN] Metalayer blocking snapshot took 0.006s (streams: 10, consumers: 64, compacted: 55.25 KB)
[1] 2026/10/01 18:19:59.320631 [WRN] JetStream has not established contact with a meta leader
[1] 2026/10/01 18:20:01.806231 [INF] JetStream cluster new metadata leader: js-wf-route-5718-1790878619569089815-n3/js-wf-route-5718-1790878619569089815
[1] 2026/10/01 18:20:04.158793 [WRN] JetStream cluster stream '$G > KV_WF_STATE' has NO quorum, stalled
[1] 2026/10/01 18:20:04.475757 [WRN] JetStream cluster stream '$G > WF_JRN' has NO quorum, stalled
[1] 2026/10/01 18:20:28.407934 [INF] 172.19.0.5:33934 - rid:178 - Router connection closed: Client Closed - Remote: js-wf-route-5718-1790878619569089815-n3
[1] 2026/10/01 18:20:28.408343 [INF] 172.19.0.5:33902 - rid:168 - Router connection closed: Client Closed - Remote: js-wf-route-5718-1790878619569089815-n3
[1] 2026/10/01 18:20:28.408429 [INF] 172.19.0.5:33910 - rid:170 - Router connection closed: Client Closed - Remote: js-wf-route-5718-1790878619569089815-n3
[1] 2026/10/01 18:20:28.408534 [INF] 172.19.0.5:33918 - rid:172 - Router connection closed: Client Closed - Remote: js-wf-route-5718-1790878619569089815-n3
[1] 2026/10/01 18:20:28.996454 [INF] 172.19.0.5:6222 - rid:259 - Route connection created
[1] 2026/10/01 18:20:28.997733 [INF] 172.19.0.5:6222 - rid:260 - Route connection created
[1] 2026/10/01 18:20:28.997794 [INF] 172.19.0.5:6222 - rid:261 - Route connection created
[1] 2026/10/01 18:20:29.003908 [INF] 172.19.0.5:6222 - rid:262 - Route connection created
[1] 2026/10/01 18:20:29.005152 [INF] 172.19.0.5:6222 - rid:263 - Route connection created
[1] 2026/10/01 18:20:29.006577 [INF] 172.19.0.5:6222 - rid:263 - Router connection closed: Duplicate Route - Remote: js-wf-route-5718-1790878619569089815-n3
[1] 2026/10/01 18:20:31.555506 [WRN] JetStream cluster consumer '$G > WF_RUN > WF_P_00' has NO quorum, stalled.
[1] 2026/10/01 18:20:31.843495 [WRN] JetStream cluster consumer '$G > WF_RUN > WF_P_59' has NO quorum, stalled.
[1] 2026/10/01 18:20:32.070380 [WRN] JetStream cluster stream '$G > WF_JRN' has NO quorum, stalled
[1] 2026/10/01 18:20:32.197219 [INF] JetStream cluster new consumer leader for '$G > WF_RUN > WF_P_57'
[1] 2026/10/01 18:20:32.214987 [WRN] JetStream cluster consumer '$G > WF_RUN > WF_P_28' has NO quorum, stalled.
[1] 2026/10/01 18:20:32.240144 [WRN] JetStream cluster stream '$G > KV_WF_STATE' has NO quorum, stalled
[1] 2026/10/01 18:20:32.348617 [WRN] JetStream cluster stream '$G > OBJ_WF_BLOB' has NO quorum, stalled
[1] 2026/10/01 18:20:32.449351 [INF] JetStream cluster new consumer leader for '$G > WF_RUN > WF_P_20'
[1] 2026/10/01 18:20:32.476270 [WRN] JetStream cluster stream '$G > WF_RUN' has NO quorum, stalled
[1] 2026/10/01 18:20:32.844445 [WRN] JetStream cluster consumer '$G > WF_RUN > WF_P_48' has NO quorum, stalled.
[1] 2026/10/01 18:20:32.923641 [INF] JetStream cluster new metadata leader: js-wf-route-5718-1790878619569089815-n4/js-wf-route-5718-1790878619569089815
[1] 2026/10/01 18:20:33.127945 [INF] JetStream cluster new consumer leader for '$G > WF_RUN > WF_P_14'
[1] 2026/10/01 18:20:33.957740 [WRN] JetStream cluster consumer '$G > WF_RUN > WF_P_45' has NO quorum, stalled.
[1] 2026/10/01 18:20:35.201065 [WRN] JetStream cluster consumer '$G > WF_RUN > WF_P_56' has NO quorum, stalled.
[1] 2026/10/01 18:20:58.374996 [INF] 172.19.0.6:33058 - rid:180 - Router connection closed: Client Closed - Remote: js-wf-route-5718-1790878619569089815-n4
[1] 2026/10/01 18:20:58.375911 [INF] 172.19.0.6:33026 - rid:175 - Router connection closed: Client Closed - Remote: js-wf-route-5718-1790878619569089815-n4
[1] 2026/10/01 18:20:58.376098 [INF] 172.19.0.6:33030 - rid:174 - Router connection closed: Client Closed - Remote: js-wf-route-5718-1790878619569089815-n4
[1] 2026/10/01 18:20:58.376818 [INF] 172.19.0.6:33044 - rid:171 - Router connection closed: Client Closed - Remote: js-wf-route-5718-1790878619569089815-n4
[1] 2026/10/01 18:20:58.963571 [INF] 172.19.0.6:6222 - rid:265 - Route connection created
[1] 2026/10/01 18:20:58.963896 [INF] 172.19.0.6:6222 - rid:266 - Route connection created
[1] 2026/10/01 18:20:58.966461 [INF] 172.19.0.6:6222 - rid:267 - Route connection created
[1] 2026/10/01 18:20:58.967593 [INF] 172.19.0.6:6222 - rid:268 - Route connection created
[1] 2026/10/01 18:20:58.968700 [INF] 172.19.0.6:6222 - rid:269 - Route connection created
[1] 2026/10/01 18:20:58.969195 [INF] 172.19.0.6:6222 - rid:269 - Router connection closed: Duplicate Route - Remote: js-wf-route-5718-1790878619569089815-n4
[1] 2026/10/01 18:21:01.229884 [WRN] JetStream cluster stream '$G > WF_INV' has NO quorum, stalled
[1] 2026/10/01 18:21:01.525914 [WRN] JetStream cluster consumer '$G > WF_RUN > WF_P_27' has NO quorum, stalled.
[1] 2026/10/01 18:21:01.649311 [WRN] JetStream cluster stream '$G > WF_SIG' has NO quorum, stalled
[1] 2026/10/01 18:21:01.713987 [WRN] JetStream cluster consumer '$G > WF_RUN > WF_P_51' has NO quorum, stalled.
[1] 2026/10/01 18:21:01.849262 [INF] JetStream cluster new consumer leader for '$G > WF_RUN > WF_P_22'
[1] 2026/10/01 18:21:01.942841 [WRN] JetStream cluster consumer '$G > WF_RUN > WF_P_33' has NO quorum, stalled.
[1] 2026/10/01 18:21:01.953315 [INF] JetStream cluster new consumer leader for '$G > WF_RUN > WF_P_04'
[1] 2026/10/01 18:21:01.977196 [WRN] JetStream cluster consumer '$G > WF_RUN > WF_P_23' has NO quorum, stalled.
[1] 2026/10/01 18:21:02.016728 [WRN] JetStream cluster consumer '$G > WF_RUN > WF_P_47' has NO quorum, stalled.
[1] 2026/10/01 18:21:02.047017 [INF] Self is new JetStream cluster metadata leader
[1] 2026/10/01 18:21:02.134026 [WRN] JetStream cluster consumer '$G > WF_RUN > WF_P_31' has NO quorum, stalled.
[1] 2026/10/01 18:21:02.239064 [WRN] JetStream cluster consumer '$G > WF_RUN > WF_P_41' has NO quorum, stalled.
[1] 2026/10/01 18:21:02.252948 [WRN] JetStream cluster consumer '$G > WF_RUN > WF_P_18' has NO quorum, stalled.
[1] 2026/10/01 18:21:02.283715 [WRN] JetStream cluster consumer '$G > WF_RUN > WF_P_19' has NO quorum, stalled.
[1] 2026/10/01 18:21:02.298231 [INF] JetStream cluster new consumer leader for '$G > WF_RUN > WF_P_12'
[1] 2026/10/01 18:21:02.355109 [WRN] JetStream cluster consumer '$G > WF_RUN > WF_P_55' has NO quorum, stalled.
[1] 2026/10/01 18:21:02.366669 [INF] JetStream cluster new stream leader for '$G > KV_WF_ASSIGN'
[1] 2026/10/01 18:21:02.401750 [WRN] JetStream cluster consumer '$G > WF_RUN > WF_P_54' has NO quorum, stalled.
[1] 2026/10/01 18:21:02.414633 [WRN] JetStream cluster consumer '$G > WF_RUN > WF_P_49' has NO quorum, stalled.
[1] 2026/10/01 18:21:02.468248 [WRN] JetStream cluster stream '$G > WF_JRN' has NO quorum, stalled
[1] 2026/10/01 18:21:02.580586 [WRN] JetStream cluster consumer '$G > WF_RUN > WF_P_34' has NO quorum, stalled.
[1] 2026/10/01 18:21:02.631871 [WRN] JetStream cluster consumer '$G > WF_RUN > WF_P_60' has NO quorum, stalled.
[1] 2026/10/01 18:21:02.712196 [WRN] JetStream cluster consumer '$G > WF_RUN > WF_P_01' has NO quorum, stalled.
[1] 2026/10/01 18:21:02.761295 [INF] JetStream cluster new consumer leader for '$G > WF_RUN > WF_P_36'
[1] 2026/10/01 18:21:02.838001 [INF] JetStream cluster new consumer leader for '$G > WF_RUN > WF_P_48'
[1] 2026/10/01 18:21:02.858270 [WRN] JetStream cluster stream '$G > KV_WF_STATE' has NO quorum, stalled
[1] 2026/10/01 18:21:02.879356 [WRN] JetStream cluster consumer '$G > WF_RUN > WF_P_44' has NO quorum, stalled.
[1] 2026/10/01 18:21:02.890008 [WRN] JetStream cluster consumer '$G > WF_RUN > WF_P_56' has NO quorum, stalled.
[1] 2026/10/01 18:21:02.893220 [WRN] JetStream cluster consumer '$G > WF_RUN > WF_P_53' has NO quorum, stalled.
[1] 2026/10/01 18:21:03.057397 [WRN] JetStream cluster consumer '$G > WF_RUN > WF_P_29' has NO quorum, stalled.
[1] 2026/10/01 18:21:03.096741 [WRN] JetStream cluster consumer '$G > WF_RUN > WF_P_02' has NO quorum, stalled.
[1] 2026/10/01 18:21:03.204742 [WRN] JetStream cluster consumer '$G > WF_RUN > WF_P_42' has NO quorum, stalled.
[1] 2026/10/01 18:21:03.289602 [WRN] JetStream cluster stream '$G > KV_WF_VIEW' has NO quorum, stalled
[1] 2026/10/01 18:21:03.334094 [WRN] JetStream cluster consumer '$G > WF_RUN > WF_P_39' has NO quorum, stalled.
[1] 2026/10/01 18:21:03.349471 [WRN] JetStream cluster consumer '$G > WF_RUN > WF_P_15' has NO quorum, stalled.
[1] 2026/10/01 18:21:03.558591 [WRN] JetStream cluster consumer '$G > WF_RUN > WF_P_03' has NO quorum, stalled.
[1] 2026/10/01 18:21:03.812821 [WRN] JetStream cluster consumer '$G > WF_RUN > WF_P_21' has NO quorum, stalled.
[1] 2026/10/01 18:21:03.834159 [WRN] JetStream cluster consumer '$G > WF_RUN > WF_P_32' has NO quorum, stalled.
[1] 2026/10/01 18:21:03.853910 [INF] JetStream cluster new consumer leader for '$G > WF_RUN > WF_P_35'
[1] 2026/10/01 18:21:04.012194 [WRN] JetStream cluster consumer '$G > WF_RUN > WF_P_09' has NO quorum, stalled.
[1] 2026/10/01 18:21:04.189683 [WRN] JetStream cluster consumer '$G > WF_RUN > WF_P_16' has NO quorum, stalled.
[1] 2026/10/01 18:21:04.416959 [WRN] JetStream cluster consumer '$G > WF_RUN > WF_P_07' has NO quorum, stalled.
[1] 2026/10/01 18:21:06.023955 [WRN] JetStream cluster consumer '$G > WF_RUN > WF_P_37' has NO quorum, stalled.
[1] 2026/10/01 18:21:28.375578 [INF] 172.19.0.3:39750 - rid:169 - Router connection closed: Client Closed - Remote: js-wf-route-5718-1790878619569089815-n1
[1] 2026/10/01 18:21:28.375652 [INF] 172.19.0.3:39764 - rid:173 - Router connection closed: Client Closed - Remote: js-wf-route-5718-1790878619569089815-n1
[1] 2026/10/01 18:21:28.375667 [INF] 172.19.0.3:39768 - rid:179 - Router connection closed: Client Closed - Remote: js-wf-route-5718-1790878619569089815-n1
[1] 2026/10/01 18:21:28.375723 [INF] 172.19.0.3:39774 - rid:183 - Router connection closed: Client Closed - Remote: js-wf-route-5718-1790878619569089815-n1
[1] 2026/10/01 18:21:28.933157 [INF] 172.19.0.3:6222 - rid:270 - Route connection created
[1] 2026/10/01 18:21:28.933529 [INF] 172.19.0.3:6222 - rid:271 - Route connection created
[1] 2026/10/01 18:21:28.938091 [INF] 172.19.0.3:6222 - rid:272 - Route connection created
[1] 2026/10/01 18:21:28.939202 [INF] 172.19.0.3:6222 - rid:273 - Route connection created
[1] 2026/10/01 18:21:31.629264 [WRN] JetStream cluster consumer '$G > WF_RUN > WF_P_34' has NO quorum, stalled.
[1] 2026/10/01 18:21:31.831873 [INF] JetStream cluster new consumer leader for '$G > WF_RUN > WF_P_38'
[1] 2026/10/01 18:21:31.831899 [INF] JetStream cluster new consumer leader for '$G > WF_RUN > WF_P_54'
[1] 2026/10/01 18:21:31.979949 [INF] JetStream cluster new consumer leader for '$G > WF_RUN > WF_P_08'
[1] 2026/10/01 18:21:32.011297 [WRN] JetStream cluster consumer '$G > WF_RUN > WF_P_45' has NO quorum, stalled.
[1] 2026/10/01 18:21:32.068573 [WRN] JetStream cluster consumer '$G > WF_RUN > WF_P_62' has NO quorum, stalled.
[1] 2026/10/01 18:21:32.150129 [WRN] JetStream cluster consumer '$G > WF_RUN > WF_P_61' has NO quorum, stalled.
[1] 2026/10/01 18:21:32.183617 [WRN] JetStream cluster consumer '$G > WF_RUN > WF_P_58' has NO quorum, stalled.
[1] 2026/10/01 18:21:32.202233 [WRN] JetStream cluster consumer '$G > WF_RUN > WF_P_24' has NO quorum, stalled.
[1] 2026/10/01 18:21:32.443474 [INF] JetStream cluster new consumer leader for '$G > WF_RUN > WF_P_40'
[1] 2026/10/01 18:21:32.486954 [INF] JetStream cluster new consumer leader for '$G > WF_RUN > WF_P_39'
[1] 2026/10/01 18:21:32.611605 [WRN] JetStream cluster consumer '$G > WF_RUN > WF_P_06' has NO quorum, stalled.
[1] 2026/10/01 18:21:32.638736 [INF] JetStream cluster new consumer leader for '$G > WF_RUN > WF_P_53'
[1] 2026/10/01 18:21:32.683552 [WRN] JetStream cluster consumer '$G > WF_RUN > WF_P_44' has NO quorum, stalled.
[1] 2026/10/01 18:21:32.699585 [INF] JetStream cluster new consumer leader for '$G > WF_RUN > WF_P_11'
[1] 2026/10/01 18:21:32.756142 [WRN] JetStream cluster consumer '$G > WF_RUN > WF_P_46' has NO quorum, stalled.
[1] 2026/10/01 18:21:32.770490 [WRN] JetStream cluster consumer '$G > WF_RUN > WF_P_56' has NO quorum, stalled.
[1] 2026/10/01 18:21:32.956254 [WRN] JetStream cluster consumer '$G > WF_RUN > WF_P_21' has NO quorum, stalled.
[1] 2026/10/01 18:21:33.105535 [INF] JetStream cluster new stream leader for '$G > OBJ_WF_BLOB'
[1] 2026/10/01 18:21:33.150841 [WRN] JetStream cluster consumer '$G > WF_RUN > WF_P_23' has NO quorum, stalled.
[1] 2026/10/01 18:21:33.270509 [WRN] JetStream cluster consumer '$G > WF_RUN > WF_P_30' has NO quorum, stalled.
[1] 2026/10/01 18:21:33.439885 [WRN] JetStream cluster consumer '$G > WF_RUN > WF_P_41' has NO quorum, stalled.
[1] 2026/10/01 18:21:33.453091 [WRN] JetStream cluster consumer '$G > WF_RUN > WF_P_49' has NO quorum, stalled.
[1] 2026/10/01 18:21:33.516039 [INF] JetStream cluster new consumer leader for '$G > WF_RUN > WF_P_10'
[1] 2026/10/01 18:21:33.754509 [WRN] JetStream cluster consumer '$G > WF_RUN > WF_P_26' has NO quorum, stalled.
[1] 2026/10/01 18:21:33.870344 [INF] JetStream cluster new stream leader for '$G > WF_JRN'
[1] 2026/10/01 18:21:34.243474 [INF] JetStream cluster new consumer leader for '$G > WF_RUN > WF_P_63'
[1] 2026/10/01 18:21:34.326625 [WRN] JetStream cluster stream '$G > KV_WF_LEASE' has NO quorum, stalled
[1] 2026/10/01 18:21:34.432003 [WRN] JetStream cluster consumer '$G > WF_RUN > WF_P_07' has NO quorum, stalled.
[1] 2026/10/01 18:21:34.673097 [WRN] JetStream cluster consumer '$G > WF_RUN > WF_P_51' has NO quorum, stalled.