[1] 2026/10/01 18:25:59.005719 [INF] Starting nats-server
[1] 2026/10/01 18:25:59.005816 [INF]   Version:  2.15.0
[1] 2026/10/01 18:25:59.005820 [INF]   Git:      [not set]
[1] 2026/10/01 18:25:59.005822 [INF]   Cluster:  js-wf-route-5718-1790878619569089815
[1] 2026/10/01 18:25:59.005825 [INF]   Name:     js-wf-route-5718-1790878619569089815-n3
[1] 2026/10/01 18:25:59.005827 [INF]   Node:     dwP3V2Dn
[1] 2026/10/01 18:25:59.005829 [INF]   ID:       NAU5Y2IM6PW53IKFQTGWCXSJ2LJJ2AUVTEMGQHNE2C6BE46WEMLS6EMA
[1] 2026/10/01 18:25:59.006006 [INF] Using configuration file: /etc/nats.conf (sha256:2b3c0cdf1bae0dc828987430072bec52f1eee9114880f8779b1ec8bfa212027e)
[1] 2026/10/01 18:25:59.006887 [INF] Starting http monitor on 0.0.0.0:8222
[1] 2026/10/01 18:25:59.007024 [INF] Starting JetStream
[1] 2026/10/01 18:25:59.007259 [INF]     _ ___ _____ ___ _____ ___ ___   _   __  __
[1] 2026/10/01 18:25:59.007353 [INF]  _ | | __|_   _/ __|_   _| _ \ __| /_\ |  \/  |
[1] 2026/10/01 18:25:59.007427 [INF] | || | _|  | | \__ \ | | |   / _| / _ \| |\/| |
[1] 2026/10/01 18:25:59.007489 [INF]  \__/|___| |_| |___/ |_| |_|_\___/_/ \_\_|  |_|
[1] 2026/10/01 18:25:59.007553 [INF] 
[1] 2026/10/01 18:25:59.007606 [INF]          https://docs.nats.io/jetstream
[1] 2026/10/01 18:25:59.007649 [INF] 
[1] 2026/10/01 18:25:59.007690 [INF] ---------------- JETSTREAM ----------------
[1] 2026/10/01 18:25:59.007692 [INF]   Strict:          true
[1] 2026/10/01 18:25:59.007697 [INF]   Max Memory:      11.71 GB
[1] 2026/10/01 18:25:59.007699 [INF]   Max Storage:     62.93 GB
[1] 2026/10/01 18:25:59.007701 [INF]   Store Directory: "/data/jetstream"
[1] 2026/10/01 18:25:59.007703 [INF]   API Level:       5
[1] 2026/10/01 18:25:59.007704 [INF] -------------------------------------------
[1] 2026/10/01 18:25:59.008212 [INF]   Starting restore for stream '$G > WF_SIG'
[1] 2026/10/01 18:25:59.008735 [INF]   Starting restore for stream '$G > OBJ_WF_BLOB'
[1] 2026/10/01 18:25:59.008877 [INF]   Starting restore for stream '$G > KV_WF_LEASE'
[1] 2026/10/01 18:25:59.009090 [WRN] Filestore [WF_SIG] Stream state outdated, last block has additional entries, will rebuild
[1] 2026/10/01 18:25:59.009126 [WRN] Filestore [WF_SIG] Recovering stream state from index errored: prior state file
[1] 2026/10/01 18:25:59.009521 [WRN] Filestore [KV_WF_LEASE] Stream state outdated, last block has additional entries, will rebuild
[1] 2026/10/01 18:25:59.009723 [WRN] Filestore [KV_WF_LEASE] Recovering stream state from index errored: prior state file
[1] 2026/10/01 18:25:59.009847 [INF]   Restored 0 messages for stream '$G > OBJ_WF_BLOB' in 1ms
[1] 2026/10/01 18:25:59.012293 [INF]   Starting restore for stream '$G > KV_WF_STATE'
[1] 2026/10/01 18:25:59.013230 [INF]   Starting restore for stream '$G > KV_WF_ASSIGN'
[1] 2026/10/01 18:25:59.009530 [INF]   Starting restore for stream '$G > WF_PURGE'
[1] 2026/10/01 18:25:59.013615 [INF]   Starting restore for stream '$G > WF_INV'
[1] 2026/10/01 18:25:59.019562 [INF]   Starting restore for stream '$G > WF_RUN'
[1] 2026/10/01 18:25:59.025409 [INF]   Starting restore for stream '$G > WF_JRN'
[1] 2026/10/01 18:25:59.027427 [WRN] Filestore [WF_INV] Stream state outdated, last block has additional entries, will rebuild
[1] 2026/10/01 18:25:59.027551 [WRN] Filestore [WF_INV] Recovering stream state from index errored: prior state file
[1] 2026/10/01 18:25:59.029461 [WRN] Filestore [KV_WF_STATE] Stream state outdated, last block has additional entries, will rebuild
[1] 2026/10/01 18:25:59.031266 [WRN] Filestore [KV_WF_STATE] Recovering stream state from index errored: prior state file
[1] 2026/10/01 18:25:59.030341 [INF]   Starting restore for stream '$G > KV_WF_VIEW'
[1] 2026/10/01 18:25:59.034865 [INF]   Restored 2,558 messages for stream '$G > WF_SIG' in 27ms
[1] 2026/10/01 18:25:59.038181 [WRN] Filestore [WF_RUN] Stream state detected prior state, could not locate msg block 5
[1] 2026/10/01 18:25:59.038194 [WRN] Filestore [WF_RUN] Recovering stream state from index errored: prior state file
[1] 2026/10/01 18:25:59.039613 [INF]   Restored 0 messages for stream '$G > WF_PURGE' in 26ms
[1] 2026/10/01 18:25:59.040463 [WRN] Filestore [WF_JRN] Stream state outdated, last block has additional entries, will rebuild
[1] 2026/10/01 18:25:59.040549 [WRN] Filestore [WF_JRN] Recovering stream state from index errored: prior state file
[1] 2026/10/01 18:25:59.046273 [WRN] Filestore [WF_RUN] Message scheduling state is outdated; attempting to recover using linear scan (seq 7853 to 8314)
[1] 2026/10/01 18:25:59.051617 [WRN] Filestore [KV_WF_LEASE] TTL state is outdated; attempting to recover using linear scan (seq 38662 to 49954)
[1] 2026/10/01 18:25:59.052806 [INF]   Restored 0 messages for stream '$G > KV_WF_ASSIGN' in 39ms
[1] 2026/10/01 18:25:59.053028 [INF]   Restored 0 messages for stream '$G > KV_WF_VIEW' in 21ms
[1] 2026/10/01 18:25:59.053293 [INF]   Restored 24 messages for stream '$G > WF_RUN' in 34ms
[1] 2026/10/01 18:25:59.053486 [INF]   Recovering 64 consumers for stream - '$G > WF_RUN'
[1] 2026/10/01 18:25:59.066025 [INF]   Restored 2,111 messages for stream '$G > WF_INV' in 52ms
[1] 2026/10/01 18:25:59.076696 [INF]   Restored 2,107 messages for stream '$G > KV_WF_STATE' in 64ms
[1] 2026/10/01 18:25:59.088101 [INF]   Restored 23,166 messages for stream '$G > WF_JRN' in 62ms
[1] 2026/10/01 18:25:59.110829 [INF]   Restored 714 messages for stream '$G > KV_WF_LEASE' in 102ms
[1] 2026/10/01 18:25:59.111011 [INF] Starting JetStream cluster
[1] 2026/10/01 18:25:59.111050 [INF] Creating JetStream metadata controller
[1] 2026/10/01 18:25:59.111274 [WRN] Filestore [_meta_] Stream state outdated, last block has additional entries, will rebuild
[1] 2026/10/01 18:25:59.111305 [WRN] Filestore [_meta_] Recovering stream state from index errored: prior state file
[1] 2026/10/01 18:25:59.111775 [INF] JetStream cluster recovering state
[1] 2026/10/01 18:25:59.113459 [INF] Took 106.318258ms to start JetStream
[1] 2026/10/01 18:25:59.113616 [INF] Listening for client connections on 0.0.0.0:4222
[1] 2026/10/01 18:25:59.113861 [INF] Server is ready
[1] 2026/10/01 18:25:59.113900 [INF] Cluster name is js-wf-route-5718-1790878619569089815
[1] 2026/10/01 18:25:59.113997 [INF] Listening for route connections on 0.0.0.0:6222
[1] 2026/10/01 18:25:59.115059 [INF] 172.19.0.2:6222 - rid:166 - Route connection created
[1] 2026/10/01 18:25:59.115577 [INF] 172.19.0.2:6222 - rid:167 - Route connection created
[1] 2026/10/01 18:25:59.117246 [INF] 172.19.0.3:49324 - rid:168 - Route connection created
[1] 2026/10/01 18:25:59.117275 [INF] 172.19.0.4:56966 - rid:169 - Route connection created
[1] 2026/10/01 18:25:59.117551 [INF] 172.19.0.6:55926 - rid:170 - Route connection created
[1] 2026/10/01 18:25:59.117713 [INF] 172.19.0.2:6222 - rid:171 - Route connection created
[1] 2026/10/01 18:25:59.118394 [INF] 172.19.0.4:56970 - rid:172 - Route connection created
[1] 2026/10/01 18:25:59.118738 [INF] 172.19.0.3:49320 - rid:173 - Route connection created
[1] 2026/10/01 18:25:59.119278 [INF] 172.19.0.6:55928 - rid:174 - Route connection created
[1] 2026/10/01 18:25:59.119523 [INF] 172.19.0.4:56972 - rid:175 - Route connection created
[1] 2026/10/01 18:25:59.119661 [INF] 172.19.0.6:55930 - rid:176 - Route connection created
[1] 2026/10/01 18:25:59.120307 [INF] 172.19.0.3:49336 - rid:177 - Route connection created
[1] 2026/10/01 18:25:59.121235 [INF] 172.19.0.4:56986 - rid:178 - Route connection created
[1] 2026/10/01 18:25:59.121360 [INF] 172.19.0.6:55940 - rid:179 - Route connection created
[1] 2026/10/01 18:25:59.121480 [INF] 172.19.0.6:55934 - rid:180 - Route connection created
[1] 2026/10/01 18:25:59.121629 [INF] 172.19.0.3:49348 - rid:181 - Route connection created
[1] 2026/10/01 18:25:59.121669 [INF] 172.19.0.2:6222 - rid:182 - Route connection created
[1] 2026/10/01 18:25:59.121819 [INF] 172.19.0.6:55934 - rid:180 - Router connection closed: Client Closed
[1] 2026/10/01 18:25:59.213503 [WRN] Waiting for routing to be established...
[1] 2026/10/01 18:25:59.319418 [WRN] Filestore [C-R5F-6Krfsuob] Stream state outdated, last block has additional entries, will rebuild
[1] 2026/10/01 18:25:59.319435 [WRN] Filestore [C-R5F-6Krfsuob] Recovering stream state from index errored: prior state file
[1] 2026/10/01 18:25:59.335962 [WRN] Filestore [C-R5F-EmK2m3Lh] Stream state outdated, last block has additional entries, will rebuild
[1] 2026/10/01 18:25:59.336001 [WRN] Filestore [C-R5F-EmK2m3Lh] Recovering stream state from index errored: prior state file
[1] 2026/10/01 18:25:59.343621 [WRN] Filestore [C-R5F-WM3fKDoi] Stream state outdated, last block has additional entries, will rebuild
[1] 2026/10/01 18:25:59.343638 [WRN] Filestore [C-R5F-WM3fKDoi] Recovering stream state from index errored: prior state file
[1] 2026/10/01 18:25:59.349479 [WRN] Filestore [C-R5F-WFIUZ1Xb] Stream state outdated, last block has additional entries, will rebuild
[1] 2026/10/01 18:25:59.349489 [WRN] Filestore [C-R5F-WFIUZ1Xb] Recovering stream state from index errored: prior state file
[1] 2026/10/01 18:25:59.361159 [WRN] Filestore [C-R5F-bniGklQH] Stream state outdated, last block has additional entries, will rebuild
[1] 2026/10/01 18:25:59.361173 [WRN] Filestore [C-R5F-bniGklQH] Recovering stream state from index errored: prior state file
[1] 2026/10/01 18:25:59.362696 [WRN] Filestore [C-R5F-z9DzfqRa] Stream state outdated, last block has additional entries, will rebuild
[1] 2026/10/01 18:25:59.362709 [WRN] Filestore [C-R5F-z9DzfqRa] Recovering stream state from index errored: prior state file
[1] 2026/10/01 18:25:59.364031 [WRN] Filestore [C-R5F-eMypCuj5] Stream state outdated, last block has additional entries, will rebuild
[1] 2026/10/01 18:25:59.364041 [WRN] Filestore [C-R5F-eMypCuj5] Recovering stream state from index errored: prior state file
[1] 2026/10/01 18:25:59.369275 [WRN] Filestore [C-R5F-unnnozOa] Stream state outdated, last block has additional entries, will rebuild
[1] 2026/10/01 18:25:59.369288 [WRN] Filestore [C-R5F-unnnozOa] Recovering stream state from index errored: prior state file
[1] 2026/10/01 18:25:59.372253 [WRN] Filestore [C-R5F-WZrV5odV] Stream state outdated, last block has additional entries, will rebuild
[1] 2026/10/01 18:25:59.372262 [WRN] Filestore [C-R5F-WZrV5odV] Recovering stream state from index errored: prior state file
[1] 2026/10/01 18:25:59.373667 [WRN] Filestore [C-R5F-TrK3j3JO] Stream state outdated, last block has additional entries, will rebuild
[1] 2026/10/01 18:25:59.373677 [WRN] Filestore [C-R5F-TrK3j3JO] Recovering stream state from index errored: prior state file
[1] 2026/10/01 18:25:59.377181 [WRN] Filestore [C-R5F-T66hZZ0j] Stream state outdated, last block has additional entries, will rebuild
[1] 2026/10/01 18:25:59.377192 [WRN] Filestore [C-R5F-T66hZZ0j] Recovering stream state from index errored: prior state file
[1] 2026/10/01 18:25:59.379109 [WRN] Filestore [C-R5F-z2bz5e80] Stream state outdated, last block has additional entries, will rebuild
[1] 2026/10/01 18:25:59.379120 [WRN] Filestore [C-R5F-z2bz5e80] Recovering stream state from index errored: prior state file
[1] 2026/10/01 18:25:59.385518 [WRN] Filestore [C-R5F-RrmfSQl8] Stream state outdated, last block has additional entries, will rebuild
[1] 2026/10/01 18:25:59.385530 [WRN] Filestore [C-R5F-RrmfSQl8] Recovering stream state from index errored: prior state file
[1] 2026/10/01 18:25:59.401331 [WRN] Filestore [C-R5F-N1xyEHi7] Stream state outdated, last block has additional entries, will rebuild
[1] 2026/10/01 18:25:59.401349 [WRN] Filestore [C-R5F-N1xyEHi7] Recovering stream state from index errored: prior state file
[1] 2026/10/01 18:25:59.402837 [WRN] Filestore [C-R5F-7dLU4Up7] Stream state outdated, last block has additional entries, will rebuild
[1] 2026/10/01 18:25:59.402849 [WRN] Filestore [C-R5F-7dLU4Up7] Recovering stream state from index errored: prior state file
[1] 2026/10/01 18:25:59.404198 [WRN] Filestore [C-R5F-730512RS] Stream state outdated, last block has additional entries, will rebuild
[1] 2026/10/01 18:25:59.404216 [WRN] Filestore [C-R5F-730512RS] Recovering stream state from index errored: prior state file
[1] 2026/10/01 18:25:59.411032 [WRN] Filestore [C-R5F-MlZTfQDZ] Stream state outdated, last block has additional entries, will rebuild
[1] 2026/10/01 18:25:59.411042 [WRN] Filestore [C-R5F-MlZTfQDZ] Recovering stream state from index errored: prior state file
[1] 2026/10/01 18:25:59.412322 [WRN] Filestore [C-R5F-bPyAznwJ] Stream state outdated, last block has additional entries, will rebuild
[1] 2026/10/01 18:25:59.412331 [WRN] Filestore [C-R5F-bPyAznwJ] Recovering stream state from index errored: prior state file
[1] 2026/10/01 18:25:59.429365 [WRN] Filestore [C-R5F-H2f2ySp5] Stream state outdated, last block has additional entries, will rebuild
[1] 2026/10/01 18:25:59.429382 [WRN] Filestore [C-R5F-H2f2ySp5] Recovering stream state from index errored: prior state file
[1] 2026/10/01 18:25:59.439387 [WRN] Filestore [C-R5F-0nM0dwVy] Stream state outdated, last block has additional entries, will rebuild
[1] 2026/10/01 18:25:59.439398 [WRN] Filestore [C-R5F-0nM0dwVy] Recovering stream state from index errored: prior state file
[1] 2026/10/01 18:25:59.457291 [WRN] Metalayer blocking snapshot starting
[1] 2026/10/01 18:25:59.458438 [WRN] Metalayer blocking snapshot took 0.001s (streams: 10, consumers: 64, compacted: 82.68 KB)
[1] 2026/10/01 18:25:59.458520 [INF] JetStream cluster new metadata leader: js-wf-route-5718-1790878619569089815-n1/js-wf-route-5718-1790878619569089815
[1] 2026/10/01 18:26:28.382070 [INF] 172.19.0.3:49348 - rid:181 - Router connection closed: Client Closed - Remote: js-wf-route-5718-1790878619569089815-n1
[1] 2026/10/01 18:26:28.382574 [INF] 172.19.0.3:49320 - rid:173 - Router connection closed: Client Closed - Remote: js-wf-route-5718-1790878619569089815-n1
[1] 2026/10/01 18:26:28.382631 [INF] 172.19.0.3:49324 - rid:168 - Router connection closed: Client Closed - Remote: js-wf-route-5718-1790878619569089815-n1
[1] 2026/10/01 18:26:28.382645 [INF] 172.19.0.3:49336 - rid:177 - Router connection closed: Client Closed - Remote: js-wf-route-5718-1790878619569089815-n1
[1] 2026/10/01 18:26:28.957387 [INF] 172.19.0.3:6222 - rid:258 - Route connection created
[1] 2026/10/01 18:26:28.958102 [INF] 172.19.0.3:6222 - rid:259 - Route connection created
[1] 2026/10/01 18:26:28.960630 [INF] 172.19.0.3:6222 - rid:260 - Route connection created
[1] 2026/10/01 18:26:28.962112 [INF] 172.19.0.3:6222 - rid:261 - Route connection created
[1] 2026/10/01 18:26:31.667934 [WRN] JetStream cluster consumer '$G > WF_RUN > WF_P_51' has NO quorum, stalled.
[1] 2026/10/01 18:26:31.751109 [WRN] JetStream cluster consumer '$G > WF_RUN > WF_P_03' has NO quorum, stalled.
[1] 2026/10/01 18:26:31.882591 [WRN] JetStream cluster consumer '$G > WF_RUN > WF_P_17' has NO quorum, stalled.
[1] 2026/10/01 18:26:31.960642 [WRN] JetStream cluster consumer '$G > WF_RUN > WF_P_39' has NO quorum, stalled.
[1] 2026/10/01 18:26:31.980095 [WRN] JetStream cluster consumer '$G > WF_RUN > WF_P_40' has NO quorum, stalled.
[1] 2026/10/01 18:26:31.999410 [INF] JetStream cluster new consumer leader for '$G > WF_RUN > WF_P_15'
[1] 2026/10/01 18:26:32.144076 [INF] JetStream cluster new consumer leader for '$G > WF_RUN > WF_P_33'
[1] 2026/10/01 18:26:32.200858 [INF] JetStream cluster new consumer leader for '$G > WF_RUN > WF_P_38'
[1] 2026/10/01 18:26:32.254455 [WRN] JetStream cluster stream '$G > KV_WF_VIEW' has NO quorum, stalled
[1] 2026/10/01 18:26:32.294838 [WRN] JetStream cluster consumer '$G > WF_RUN > WF_P_24' has NO quorum, stalled.
[1] 2026/10/01 18:26:32.424904 [INF] JetStream cluster new consumer leader for '$G > WF_RUN > WF_P_45'
[1] 2026/10/01 18:26:32.459936 [WRN] JetStream cluster consumer '$G > WF_RUN > WF_P_27' has NO quorum, stalled.
[1] 2026/10/01 18:26:32.473959 [INF] JetStream cluster new consumer leader for '$G > WF_RUN > WF_P_11'
[1] 2026/10/01 18:26:32.706944 [INF] JetStream cluster new consumer leader for '$G > WF_RUN > WF_P_53'
[1] 2026/10/01 18:26:32.747345 [WRN] JetStream cluster consumer '$G > WF_RUN > WF_P_16' has NO quorum, stalled.
[1] 2026/10/01 18:26:32.795950 [WRN] JetStream cluster consumer '$G > WF_RUN > WF_P_57' has NO quorum, stalled.
[1] 2026/10/01 18:26:32.813657 [WRN] JetStream cluster consumer '$G > WF_RUN > WF_P_62' has NO quorum, stalled.
[1] 2026/10/01 18:26:32.844743 [WRN] JetStream cluster consumer '$G > WF_RUN > WF_P_26' has NO quorum, stalled.
[1] 2026/10/01 18:26:33.005152 [WRN] JetStream cluster consumer '$G > WF_RUN > WF_P_56' has NO quorum, stalled.
[1] 2026/10/01 18:26:33.016614 [WRN] JetStream cluster consumer '$G > WF_RUN > WF_P_50' has NO quorum, stalled.
[1] 2026/10/01 18:26:33.159908 [WRN] JetStream cluster consumer '$G > WF_RUN > WF_P_49' has NO quorum, stalled.
[1] 2026/10/01 18:26:33.182939 [WRN] JetStream cluster consumer '$G > WF_RUN > WF_P_08' has NO quorum, stalled.
[1] 2026/10/01 18:26:33.202204 [WRN] JetStream cluster stream '$G > WF_INV' has NO quorum, stalled
[1] 2026/10/01 18:26:33.334848 [INF] JetStream cluster new stream leader for '$G > OBJ_WF_BLOB'
[1] 2026/10/01 18:26:33.343580 [INF] JetStream cluster new stream leader for '$G > KV_WF_STATE'
[1] 2026/10/01 18:26:33.404702 [WRN] JetStream cluster consumer '$G > WF_RUN > WF_P_54' has NO quorum, stalled.
[1] 2026/10/01 18:26:33.407699 [INF] JetStream cluster new metadata leader: js-wf-route-5718-1790878619569089815-n4/js-wf-route-5718-1790878619569089815
[1] 2026/10/01 18:26:33.436094 [WRN] JetStream cluster consumer '$G > WF_RUN > WF_P_20' has NO quorum, stalled.
[1] 2026/10/01 18:26:33.708005 [WRN] JetStream cluster consumer '$G > WF_RUN > WF_P_29' has NO quorum, stalled.
[1] 2026/10/01 18:26:33.784939 [INF] JetStream cluster new consumer leader for '$G > WF_RUN > WF_P_14'
[1] 2026/10/01 18:26:33.821140 [WRN] JetStream cluster consumer '$G > WF_RUN > WF_P_19' has NO quorum, stalled.
[1] 2026/10/01 18:26:33.882846 [INF] JetStream cluster new consumer leader for '$G > WF_RUN > WF_P_46'
[1] 2026/10/01 18:26:34.461906 [WRN] JetStream cluster consumer '$G > WF_RUN > WF_P_04' has NO quorum, stalled.
[1] 2026/10/01 18:26:34.685771 [WRN] JetStream cluster consumer '$G > WF_RUN > WF_P_61' has NO quorum, stalled.
[1] 2026/10/01 18:26:35.900193 [INF] JetStream cluster new stream leader for '$G > WF_JRN'