[1] 2026/10/01 18:22:29.086177 [INF] Starting nats-server
[1] 2026/10/01 18:22:29.086442 [INF]   Version:  2.15.0
[1] 2026/10/01 18:22:29.086476 [INF]   Git:      [not set]
[1] 2026/10/01 18:22:29.086478 [INF]   Cluster:  js-wf-route-5718-1790878619569089815
[1] 2026/10/01 18:22:29.086480 [INF]   Name:     js-wf-route-5718-1790878619569089815-n0
[1] 2026/10/01 18:22:29.086483 [INF]   Node:     20mtCybu
[1] 2026/10/01 18:22:29.086485 [INF]   ID:       NDXTOY4SB45AQAZL4X6RGXP5G2ERWCXBZKXQ6KSSCFTNZGBF7OJICPMK
[1] 2026/10/01 18:22:29.086499 [INF] Using configuration file: /etc/nats.conf (sha256:2b3c0cdf1bae0dc828987430072bec52f1eee9114880f8779b1ec8bfa212027e)
[1] 2026/10/01 18:22:29.088204 [INF] Starting http monitor on 0.0.0.0:8222
[1] 2026/10/01 18:22:29.088602 [INF] Starting JetStream
[1] 2026/10/01 18:22:29.089249 [INF]     _ ___ _____ ___ _____ ___ ___   _   __  __
[1] 2026/10/01 18:22:29.089259 [INF]  _ | | __|_   _/ __|_   _| _ \ __| /_\ |  \/  |
[1] 2026/10/01 18:22:29.089262 [INF] | || | _|  | | \__ \ | | |   / _| / _ \| |\/| |
[1] 2026/10/01 18:22:29.089265 [INF]  \__/|___| |_| |___/ |_| |_|_\___/_/ \_\_|  |_|
[1] 2026/10/01 18:22:29.089267 [INF] 
[1] 2026/10/01 18:22:29.089269 [INF]          https://docs.nats.io/jetstream
[1] 2026/10/01 18:22:29.089271 [INF] 
[1] 2026/10/01 18:22:29.089273 [INF] ---------------- JETSTREAM ----------------
[1] 2026/10/01 18:22:29.089275 [INF]   Strict:          true
[1] 2026/10/01 18:22:29.089281 [INF]   Max Memory:      11.71 GB
[1] 2026/10/01 18:22:29.089285 [INF]   Max Storage:     62.94 GB
[1] 2026/10/01 18:22:29.089287 [INF]   Store Directory: "/data/jetstream"
[1] 2026/10/01 18:22:29.089289 [INF]   API Level:       5
[1] 2026/10/01 18:22:29.089436 [INF] -------------------------------------------
[1] 2026/10/01 18:22:29.091146 [INF]   Starting restore for stream '$G > OBJ_WF_BLOB'
[1] 2026/10/01 18:22:29.091200 [INF]   Starting restore for stream '$G > WF_PURGE'
[1] 2026/10/01 18:22:29.091166 [INF]   Starting restore for stream '$G > KV_WF_LEASE'
[1] 2026/10/01 18:22:29.091403 [INF]   Starting restore for stream '$G > KV_WF_ASSIGN'
[1] 2026/10/01 18:22:29.091803 [INF]   Starting restore for stream '$G > WF_RUN'
[1] 2026/10/01 18:22:29.092301 [INF]   Starting restore for stream '$G > KV_WF_VIEW'
[1] 2026/10/01 18:22:29.092337 [INF]   Starting restore for stream '$G > WF_JRN'
[1] 2026/10/01 18:22:29.092357 [INF]   Starting restore for stream '$G > WF_SIG'
[1] 2026/10/01 18:22:29.092486 [INF]   Starting restore for stream '$G > WF_INV'
[1] 2026/10/01 18:22:29.092505 [INF]   Starting restore for stream '$G > KV_WF_STATE'
[1] 2026/10/01 18:22:29.092898 [WRN] Filestore [WF_RUN] Stream state detected prior state, could not locate msg block 4
[1] 2026/10/01 18:22:29.092912 [WRN] Filestore [WF_RUN] Recovering stream state from index errored: prior state file
[1] 2026/10/01 18:22:29.094705 [WRN] Filestore [WF_SIG] Stream state outdated, last block has additional entries, will rebuild
[1] 2026/10/01 18:22:29.094939 [WRN] Filestore [WF_SIG] Recovering stream state from index errored: prior state file
[1] 2026/10/01 18:22:29.095262 [INF]   Restored 0 messages for stream '$G > OBJ_WF_BLOB' in 4ms
[1] 2026/10/01 18:22:29.096647 [INF]   Restored 0 messages for stream '$G > KV_WF_VIEW' in 4ms
[1] 2026/10/01 18:22:29.098254 [WRN] Filestore [KV_WF_STATE] Stream state outdated, last block has additional entries, will rebuild
[1] 2026/10/01 18:22:29.099130 [WRN] Filestore [KV_WF_STATE] Recovering stream state from index errored: prior state file
[1] 2026/10/01 18:22:29.094748 [WRN] Filestore [WF_JRN] Stream state outdated, last block has additional entries, will rebuild
[1] 2026/10/01 18:22:29.099668 [WRN] Filestore [WF_JRN] Recovering stream state from index errored: prior state file
[1] 2026/10/01 18:22:29.098958 [WRN] Filestore [KV_WF_LEASE] Stream state outdated, last block has additional entries, will rebuild
[1] 2026/10/01 18:22:29.100494 [WRN] Filestore [KV_WF_LEASE] Recovering stream state from index errored: prior state file
[1] 2026/10/01 18:22:29.103962 [INF]   Restored 0 messages for stream '$G > KV_WF_ASSIGN' in 12ms
[1] 2026/10/01 18:22:29.104612 [INF]   Restored 0 messages for stream '$G > WF_PURGE' in 13ms
[1] 2026/10/01 18:22:29.107185 [WRN] Filestore [WF_INV] Stream state outdated, last block has additional entries, will rebuild
[1] 2026/10/01 18:22:29.107252 [WRN] Filestore [WF_INV] Recovering stream state from index errored: prior state file
[1] 2026/10/01 18:22:29.111783 [WRN] Filestore [KV_WF_LEASE] TTL state is outdated; attempting to recover using linear scan (seq 27484 to 30677)
[1] 2026/10/01 18:22:29.112948 [INF]   Restored 1,315 messages for stream '$G > KV_WF_STATE' in 20ms
[1] 2026/10/01 18:22:29.115692 [INF]   Restored 1,316 messages for stream '$G > WF_INV' in 23ms
[1] 2026/10/01 18:22:29.123275 [WRN] Filestore [WF_RUN] Message scheduling state is outdated; attempting to recover using linear scan (seq 4767 to 5173)
[1] 2026/10/01 18:22:29.124380 [INF]   Restored 30 messages for stream '$G > WF_RUN' in 32ms
[1] 2026/10/01 18:22:29.124585 [INF]   Recovering 64 consumers for stream - '$G > WF_RUN'
[1] 2026/10/01 18:22:29.126845 [INF]   Restored 208 messages for stream '$G > KV_WF_LEASE' in 35ms
[1] 2026/10/01 18:22:29.134681 [INF]   Restored 1,598 messages for stream '$G > WF_SIG' in 42ms
[1] 2026/10/01 18:22:29.157857 [INF]   Restored 14,442 messages for stream '$G > WF_JRN' in 65ms
[1] 2026/10/01 18:22:29.158052 [INF] Starting JetStream cluster
[1] 2026/10/01 18:22:29.158094 [INF] Creating JetStream metadata controller
[1] 2026/10/01 18:22:29.158426 [WRN] Filestore [_meta_] Stream state outdated, last block has additional entries, will rebuild
[1] 2026/10/01 18:22:29.158454 [WRN] Filestore [_meta_] Recovering stream state from index errored: prior state file
[1] 2026/10/01 18:22:29.158812 [INF] JetStream cluster recovering state
[1] 2026/10/01 18:22:29.164797 [INF] Took 76.186731ms to start JetStream
[1] 2026/10/01 18:22:29.164912 [INF] Listening for client connections on 0.0.0.0:4222
[1] 2026/10/01 18:22:29.165578 [INF] Server is ready
[1] 2026/10/01 18:22:29.165663 [INF] Cluster name is js-wf-route-5718-1790878619569089815
[1] 2026/10/01 18:22:29.165749 [INF] Listening for route connections on 0.0.0.0:6222
[1] 2026/10/01 18:22:29.167584 [INF] 172.19.0.3:6222 - rid:166 - Route connection created
[1] 2026/10/01 18:22:29.167661 [INF] 172.19.0.3:6222 - rid:167 - Route connection created
[1] 2026/10/01 18:22:29.169105 [INF] 172.19.0.6:44410 - rid:168 - Route connection created
[1] 2026/10/01 18:22:29.169527 [INF] 172.19.0.4:53600 - rid:169 - Route connection created
[1] 2026/10/01 18:22:29.170463 [INF] 172.19.0.5:59632 - rid:170 - Route connection created
[1] 2026/10/01 18:22:29.171748 [INF] 172.19.0.6:44420 - rid:171 - Route connection created
[1] 2026/10/01 18:22:29.172799 [INF] 172.19.0.4:53610 - rid:172 - Route connection created
[1] 2026/10/01 18:22:29.174178 [INF] 172.19.0.6:44428 - rid:173 - Route connection created
[1] 2026/10/01 18:22:29.174428 [INF] 172.19.0.3:6222 - rid:174 - Route connection created
[1] 2026/10/01 18:22:29.175220 [INF] 172.19.0.6:44440 - rid:175 - Route connection created
[1] 2026/10/01 18:22:29.175509 [INF] 172.19.0.4:53624 - rid:176 - Route connection created
[1] 2026/10/01 18:22:29.175673 [INF] 172.19.0.5:59642 - rid:177 - Route connection created
[1] 2026/10/01 18:22:29.177381 [INF] 172.19.0.4:53632 - rid:178 - Route connection created
[1] 2026/10/01 18:22:29.177640 [INF] 172.19.0.5:59658 - rid:179 - Route connection created
[1] 2026/10/01 18:22:29.178081 [INF] 172.19.0.3:6222 - rid:180 - Route connection created
[1] 2026/10/01 18:22:29.178465 [INF] 172.19.0.5:59664 - rid:181 - Route connection created
[1] 2026/10/01 18:22:29.265237 [WRN] Waiting for routing to be established...
[1] 2026/10/01 18:22:29.265547 [WRN] Filestore [S-R5F-dIRIgdXv] Stream state outdated, last block has additional entries, will rebuild
[1] 2026/10/01 18:22:29.265562 [WRN] Filestore [S-R5F-dIRIgdXv] Recovering stream state from index errored: prior state file
[1] 2026/10/01 18:22:29.268931 [WRN] Filestore [S-R5F-BgFaVgjo] Stream state outdated, last block has additional entries, will rebuild
[1] 2026/10/01 18:22:29.268939 [WRN] Filestore [S-R5F-BgFaVgjo] Recovering stream state from index errored: prior state file
[1] 2026/10/01 18:22:29.275104 [WRN] Filestore [S-R5F-mvtUCTYA] Stream state outdated, last block has additional entries, will rebuild
[1] 2026/10/01 18:22:29.275118 [WRN] Filestore [S-R5F-mvtUCTYA] Recovering stream state from index errored: prior state file
[1] 2026/10/01 18:22:29.278951 [WRN] Filestore [S-R5F-gMMg5Cnp] Stream state outdated, last block has additional entries, will rebuild
[1] 2026/10/01 18:22:29.278993 [WRN] Filestore [S-R5F-gMMg5Cnp] Recovering stream state from index errored: prior state file
[1] 2026/10/01 18:22:29.280630 [WRN] Catchup for stream '$G > KV_WF_LEASE' resetting first sequence: 27646 on catchup request
[1] 2026/10/01 18:22:29.281254 [WRN] Filestore [S-R5F-y8cw2hs6] Stream state outdated, last block has additional entries, will rebuild
[1] 2026/10/01 18:22:29.281262 [WRN] Filestore [S-R5F-y8cw2hs6] Recovering stream state from index errored: prior state file
[1] 2026/10/01 18:22:29.282653 [WRN] Filestore [S-R5F-bnEJSLq1] Stream state outdated, last block has additional entries, will rebuild
[1] 2026/10/01 18:22:29.282666 [WRN] Filestore [S-R5F-bnEJSLq1] Recovering stream state from index errored: prior state file
[1] 2026/10/01 18:22:29.285218 [WRN] Filestore [S-R5F-s1yxFPeH] Stream state outdated, last block has additional entries, will rebuild
[1] 2026/10/01 18:22:29.285228 [WRN] Filestore [S-R5F-s1yxFPeH] Recovering stream state from index errored: prior state file
[1] 2026/10/01 18:22:29.289024 [WRN] Filestore [S-R5F-ksjlOF2x] Stream state outdated, last block has additional entries, will rebuild
[1] 2026/10/01 18:22:29.289100 [WRN] Filestore [S-R5F-ksjlOF2x] Recovering stream state from index errored: prior state file
[1] 2026/10/01 18:22:29.290998 [WRN] Filestore [C-R5F-7dLU4Up7] Stream state outdated, last block has additional entries, will rebuild
[1] 2026/10/01 18:22:29.291012 [WRN] Filestore [C-R5F-7dLU4Up7] Recovering stream state from index errored: prior state file
[1] 2026/10/01 18:22:29.293392 [WRN] Filestore [C-R5F-yhMUokHE] Stream state outdated, last block has additional entries, will rebuild
[1] 2026/10/01 18:22:29.293407 [WRN] Filestore [C-R5F-yhMUokHE] Recovering stream state from index errored: prior state file
[1] 2026/10/01 18:22:29.294676 [WRN] Filestore [C-R5F-hz7knthn] Stream state outdated, last block has additional entries, will rebuild
[1] 2026/10/01 18:22:29.294688 [WRN] Filestore [C-R5F-hz7knthn] Recovering stream state from index errored: prior state file
[1] 2026/10/01 18:22:29.296147 [WRN] Filestore [C-R5F-RrmfSQl8] Stream state outdated, last block has additional entries, will rebuild
[1] 2026/10/01 18:22:29.296159 [WRN] Filestore [C-R5F-RrmfSQl8] Recovering stream state from index errored: prior state file
[1] 2026/10/01 18:22:29.298140 [WRN] Filestore [C-R5F-0nM0dwVy] Stream state outdated, last block has additional entries, will rebuild
[1] 2026/10/01 18:22:29.298149 [WRN] Filestore [C-R5F-0nM0dwVy] Recovering stream state from index errored: prior state file
[1] 2026/10/01 18:22:29.299550 [WRN] Filestore [C-R5F-bPyAznwJ] Stream state outdated, last block has additional entries, will rebuild
[1] 2026/10/01 18:22:29.299561 [WRN] Filestore [C-R5F-bPyAznwJ] Recovering stream state from index errored: prior state file
[1] 2026/10/01 18:22:29.300884 [WRN] Filestore [C-R5F-e5Bk2XVA] Stream state outdated, last block has additional entries, will rebuild
[1] 2026/10/01 18:22:29.300898 [WRN] Filestore [C-R5F-e5Bk2XVA] Recovering stream state from index errored: prior state file
[1] 2026/10/01 18:22:29.302359 [WRN] Filestore [C-R5F-ckCLO79e] Stream state outdated, last block has additional entries, will rebuild
[1] 2026/10/01 18:22:29.302371 [WRN] Filestore [C-R5F-ckCLO79e] Recovering stream state from index errored: prior state file
[1] 2026/10/01 18:22:29.305006 [WRN] Filestore [C-R5F-5SOP1cW7] Stream state outdated, last block has additional entries, will rebuild
[1] 2026/10/01 18:22:29.305017 [WRN] Filestore [C-R5F-5SOP1cW7] Recovering stream state from index errored: prior state file
[1] 2026/10/01 18:22:29.307474 [WRN] Filestore [C-R5F-eMypCuj5] Stream state outdated, last block has additional entries, will rebuild
[1] 2026/10/01 18:22:29.307486 [WRN] Filestore [C-R5F-eMypCuj5] Recovering stream state from index errored: prior state file
[1] 2026/10/01 18:22:29.309721 [WRN] Filestore [C-R5F-wwFKwktY] Stream state outdated, last block has additional entries, will rebuild
[1] 2026/10/01 18:22:29.309731 [WRN] Filestore [C-R5F-wwFKwktY] Recovering stream state from index errored: prior state file
[1] 2026/10/01 18:22:29.311148 [WRN] Filestore [C-R5F-TrK3j3JO] Stream state outdated, last block has additional entries, will rebuild
[1] 2026/10/01 18:22:29.311156 [WRN] Filestore [C-R5F-TrK3j3JO] Recovering stream state from index errored: prior state file
[1] 2026/10/01 18:22:29.312472 [WRN] Filestore [C-R5F-KWLWBuf4] Stream state outdated, last block has additional entries, will rebuild
[1] 2026/10/01 18:22:29.312480 [WRN] Filestore [C-R5F-KWLWBuf4] Recovering stream state from index errored: prior state file
[1] 2026/10/01 18:22:29.313844 [WRN] Filestore [C-R5F-gQ6UlnBE] Stream state outdated, last block has additional entries, will rebuild
[1] 2026/10/01 18:22:29.313854 [WRN] Filestore [C-R5F-gQ6UlnBE] Recovering stream state from index errored: prior state file
[1] 2026/10/01 18:22:29.316252 [WRN] Filestore [C-R5F-7gt5kULu] Stream state outdated, last block has additional entries, will rebuild
[1] 2026/10/01 18:22:29.316263 [WRN] Filestore [C-R5F-7gt5kULu] Recovering stream state from index errored: prior state file
[1] 2026/10/01 18:22:29.318221 [WRN] Filestore [C-R5F-6Krfsuob] Stream state outdated, last block has additional entries, will rebuild
[1] 2026/10/01 18:22:29.318230 [WRN] Filestore [C-R5F-6Krfsuob] Recovering stream state from index errored: prior state file
[1] 2026/10/01 18:22:29.319935 [WRN] Filestore [C-R5F-GyN5P4s5] Stream state outdated, last block has additional entries, will rebuild
[1] 2026/10/01 18:22:29.319944 [WRN] Filestore [C-R5F-GyN5P4s5] Recovering stream state from index errored: prior state file
[1] 2026/10/01 18:22:29.321840 [WRN] Filestore [C-R5F-kdsSVaGH] Stream state outdated, last block has additional entries, will rebuild
[1] 2026/10/01 18:22:29.321849 [WRN] Filestore [C-R5F-kdsSVaGH] Recovering stream state from index errored: prior state file
[1] 2026/10/01 18:22:29.324000 [WRN] Filestore [C-R5F-IpacN0CV] Stream state outdated, last block has additional entries, will rebuild
[1] 2026/10/01 18:22:29.324010 [WRN] Filestore [C-R5F-IpacN0CV] Recovering stream state from index errored: prior state file
[1] 2026/10/01 18:22:29.326190 [WRN] Filestore [C-R5F-T66hZZ0j] Stream state outdated, last block has additional entries, will rebuild
[1] 2026/10/01 18:22:29.326202 [WRN] Filestore [C-R5F-T66hZZ0j] Recovering stream state from index errored: prior state file
[1] 2026/10/01 18:22:29.327762 [WRN] Filestore [C-R5F-AhvXmevw] Stream state outdated, last block has additional entries, will rebuild
[1] 2026/10/01 18:22:29.327775 [WRN] Filestore [C-R5F-AhvXmevw] Recovering stream state from index errored: prior state file
[1] 2026/10/01 18:22:29.330382 [WRN] Filestore [C-R5F-Ljg3O969] Stream state outdated, last block has additional entries, will rebuild
[1] 2026/10/01 18:22:29.330394 [WRN] Filestore [C-R5F-Ljg3O969] Recovering stream state from index errored: prior state file
[1] 2026/10/01 18:22:29.331811 [WRN] Filestore [C-R5F-t2RW7vWJ] Stream state outdated, last block has additional entries, will rebuild
[1] 2026/10/01 18:22:29.331823 [WRN] Filestore [C-R5F-t2RW7vWJ] Recovering stream state from index errored: prior state file
[1] 2026/10/01 18:22:29.333579 [WRN] Filestore [C-R5F-f43XwAll] Stream state outdated, last block has additional entries, will rebuild
[1] 2026/10/01 18:22:29.333620 [WRN] Filestore [C-R5F-f43XwAll] Recovering stream state from index errored: prior state file
[1] 2026/10/01 18:22:29.335762 [WRN] Filestore [C-R5F-Zevwt5bL] Stream state outdated, last block has additional entries, will rebuild
[1] 2026/10/01 18:22:29.335811 [WRN] Filestore [C-R5F-Zevwt5bL] Recovering stream state from index errored: prior state file
[1] 2026/10/01 18:22:29.338360 [WRN] Filestore [C-R5F-N1xyEHi7] Stream state outdated, last block has additional entries, will rebuild
[1] 2026/10/01 18:22:29.338369 [WRN] Filestore [C-R5F-N1xyEHi7] Recovering stream state from index errored: prior state file
[1] 2026/10/01 18:22:29.340107 [WRN] Filestore [C-R5F-kjMWYLvu] Stream state outdated, last block has additional entries, will rebuild
[1] 2026/10/01 18:22:29.340117 [WRN] Filestore [C-R5F-kjMWYLvu] Recovering stream state from index errored: prior state file
[1] 2026/10/01 18:22:29.341514 [WRN] Filestore [C-R5F-730512RS] Stream state outdated, last block has additional entries, will rebuild
[1] 2026/10/01 18:22:29.341527 [WRN] Filestore [C-R5F-730512RS] Recovering stream state from index errored: prior state file
[1] 2026/10/01 18:22:29.343074 [WRN] Filestore [C-R5F-2OdNQLjx] Stream state outdated, last block has additional entries, will rebuild
[1] 2026/10/01 18:22:29.343086 [WRN] Filestore [C-R5F-2OdNQLjx] Recovering stream state from index errored: prior state file
[1] 2026/10/01 18:22:29.344671 [WRN] Filestore [C-R5F-WFIUZ1Xb] Stream state outdated, last block has additional entries, will rebuild
[1] 2026/10/01 18:22:29.344684 [WRN] Filestore [C-R5F-WFIUZ1Xb] Recovering stream state from index errored: prior state file
[1] 2026/10/01 18:22:29.346059 [WRN] Filestore [C-R5F-HaGT0kyw] Stream state outdated, last block has additional entries, will rebuild
[1] 2026/10/01 18:22:29.346068 [WRN] Filestore [C-R5F-HaGT0kyw] Recovering stream state from index errored: prior state file
[1] 2026/10/01 18:22:29.347484 [WRN] Filestore [C-R5F-ghY59GZP] Stream state outdated, last block has additional entries, will rebuild
[1] 2026/10/01 18:22:29.347492 [WRN] Filestore [C-R5F-ghY59GZP] Recovering stream state from index errored: prior state file
[1] 2026/10/01 18:22:29.348904 [WRN] Filestore [C-R5F-z2bz5e80] Stream state outdated, last block has additional entries, will rebuild
[1] 2026/10/01 18:22:29.348918 [WRN] Filestore [C-R5F-z2bz5e80] Recovering stream state from index errored: prior state file
[1] 2026/10/01 18:22:29.350392 [WRN] Filestore [C-R5F-MlZTfQDZ] Stream state outdated, last block has additional entries, will rebuild
[1] 2026/10/01 18:22:29.350405 [WRN] Filestore [C-R5F-MlZTfQDZ] Recovering stream state from index errored: prior state file
[1] 2026/10/01 18:22:29.351905 [WRN] Filestore [C-R5F-z9DzfqRa] Stream state outdated, last block has additional entries, will rebuild
[1] 2026/10/01 18:22:29.351916 [WRN] Filestore [C-R5F-z9DzfqRa] Recovering stream state from index errored: prior state file
[1] 2026/10/01 18:22:29.353766 [WRN] Filestore [C-R5F-1w3a4xh2] Stream state outdated, last block has additional entries, will rebuild
[1] 2026/10/01 18:22:29.353778 [WRN] Filestore [C-R5F-1w3a4xh2] Recovering stream state from index errored: prior state file
[1] 2026/10/01 18:22:29.355135 [WRN] Filestore [C-R5F-YZ2awE4K] Stream state outdated, last block has additional entries, will rebuild
[1] 2026/10/01 18:22:29.355146 [WRN] Filestore [C-R5F-YZ2awE4K] Recovering stream state from index errored: prior state file
[1] 2026/10/01 18:22:29.356487 [WRN] Filestore [C-R5F-gzclWn7o] Stream state outdated, last block has additional entries, will rebuild
[1] 2026/10/01 18:22:29.356496 [WRN] Filestore [C-R5F-gzclWn7o] Recovering stream state from index errored: prior state file
[1] 2026/10/01 18:22:29.357815 [WRN] Filestore [C-R5F-SHz7yI29] Stream state outdated, last block has additional entries, will rebuild
[1] 2026/10/01 18:22:29.357824 [WRN] Filestore [C-R5F-SHz7yI29] Recovering stream state from index errored: prior state file
[1] 2026/10/01 18:22:29.359352 [WRN] Filestore [C-R5F-bniGklQH] Stream state outdated, last block has additional entries, will rebuild
[1] 2026/10/01 18:22:29.359364 [WRN] Filestore [C-R5F-bniGklQH] Recovering stream state from index errored: prior state file
[1] 2026/10/01 18:22:29.361101 [WRN] Filestore [C-R5F-XEhUnKxy] Stream state outdated, last block has additional entries, will rebuild
[1] 2026/10/01 18:22:29.361111 [WRN] Filestore [C-R5F-XEhUnKxy] Recovering stream state from index errored: prior state file
[1] 2026/10/01 18:22:29.365690 [WRN] Filestore [C-R5F-WZrV5odV] Stream state outdated, last block has additional entries, will rebuild
[1] 2026/10/01 18:22:29.365701 [WRN] Filestore [C-R5F-WZrV5odV] Recovering stream state from index errored: prior state file
[1] 2026/10/01 18:22:29.367089 [WRN] Filestore [C-R5F-T2N1jJnB] Stream state outdated, last block has additional entries, will rebuild
[1] 2026/10/01 18:22:29.367098 [WRN] Filestore [C-R5F-T2N1jJnB] Recovering stream state from index errored: prior state file
[1] 2026/10/01 18:22:29.368468 [WRN] Filestore [C-R5F-uowHG10n] Stream state outdated, last block has additional entries, will rebuild
[1] 2026/10/01 18:22:29.368475 [WRN] Filestore [C-R5F-uowHG10n] Recovering stream state from index errored: prior state file
[1] 2026/10/01 18:22:29.369788 [WRN] Filestore [C-R5F-unnnozOa] Stream state outdated, last block has additional entries, will rebuild
[1] 2026/10/01 18:22:29.369797 [WRN] Filestore [C-R5F-unnnozOa] Recovering stream state from index errored: prior state file
[1] 2026/10/01 18:22:29.371208 [WRN] Filestore [C-R5F-9r9zNayR] Stream state outdated, last block has additional entries, will rebuild
[1] 2026/10/01 18:22:29.371216 [WRN] Filestore [C-R5F-9r9zNayR] Recovering stream state from index errored: prior state file
[1] 2026/10/01 18:22:29.372429 [WRN] Filestore [C-R5F-phL8WJoG] Stream state outdated, last block has additional entries, will rebuild
[1] 2026/10/01 18:22:29.372438 [WRN] Filestore [C-R5F-phL8WJoG] Recovering stream state from index errored: prior state file
[1] 2026/10/01 18:22:29.373661 [WRN] Filestore [C-R5F-8c291fiF] Stream state outdated, last block has additional entries, will rebuild
[1] 2026/10/01 18:22:29.373672 [WRN] Filestore [C-R5F-8c291fiF] Recovering stream state from index errored: prior state file
[1] 2026/10/01 18:22:29.376231 [WRN] Filestore [C-R5F-y1wSwq6c] Stream state outdated, last block has additional entries, will rebuild
[1] 2026/10/01 18:22:29.376241 [WRN] Filestore [C-R5F-y1wSwq6c] Recovering stream state from index errored: prior state file
[1] 2026/10/01 18:22:29.377738 [WRN] Filestore [C-R5F-lPGgikX5] Stream state outdated, last block has additional entries, will rebuild
[1] 2026/10/01 18:22:29.377746 [WRN] Filestore [C-R5F-lPGgikX5] Recovering stream state from index errored: prior state file
[1] 2026/10/01 18:22:29.379204 [WRN] Filestore [C-R5F-ngwwuPm7] Stream state outdated, last block has additional entries, will rebuild
[1] 2026/10/01 18:22:29.379212 [WRN] Filestore [C-R5F-ngwwuPm7] Recovering stream state from index errored: prior state file
[1] 2026/10/01 18:22:29.381560 [WRN] Filestore [C-R5F-YkW1zhdX] Stream state outdated, last block has additional entries, will rebuild
[1] 2026/10/01 18:22:29.381573 [WRN] Filestore [C-R5F-YkW1zhdX] Recovering stream state from index errored: prior state file
[1] 2026/10/01 18:22:29.382999 [WRN] Filestore [C-R5F-kzgFwYuE] Stream state outdated, last block has additional entries, will rebuild
[1] 2026/10/01 18:22:29.383012 [WRN] Filestore [C-R5F-kzgFwYuE] Recovering stream state from index errored: prior state file
[1] 2026/10/01 18:22:29.384315 [WRN] Filestore [C-R5F-lEP7NFSP] Stream state outdated, last block has additional entries, will rebuild
[1] 2026/10/01 18:22:29.384328 [WRN] Filestore [C-R5F-lEP7NFSP] Recovering stream state from index errored: prior state file
[1] 2026/10/01 18:22:29.385717 [WRN] Filestore [C-R5F-H2f2ySp5] Stream state outdated, last block has additional entries, will rebuild
[1] 2026/10/01 18:22:29.385728 [WRN] Filestore [C-R5F-H2f2ySp5] Recovering stream state from index errored: prior state file
[1] 2026/10/01 18:22:29.387045 [WRN] Filestore [C-R5F-xQorMOSU] Stream state outdated, last block has additional entries, will rebuild
[1] 2026/10/01 18:22:29.387056 [WRN] Filestore [C-R5F-xQorMOSU] Recovering stream state from index errored: prior state file
[1] 2026/10/01 18:22:29.389058 [WRN] Filestore [C-R5F-Z7ctSSUc] Stream state outdated, last block has additional entries, will rebuild
[1] 2026/10/01 18:22:29.389069 [WRN] Filestore [C-R5F-Z7ctSSUc] Recovering stream state from index errored: prior state file
[1] 2026/10/01 18:22:29.391438 [WRN] Filestore [C-R5F-AZvh1tb6] Stream state outdated, last block has additional entries, will rebuild
[1] 2026/10/01 18:22:29.391448 [WRN] Filestore [C-R5F-AZvh1tb6] Recovering stream state from index errored: prior state file
[1] 2026/10/01 18:22:29.393115 [WRN] Filestore [C-R5F-EmK2m3Lh] Stream state outdated, last block has additional entries, will rebuild
[1] 2026/10/01 18:22:29.393126 [WRN] Filestore [C-R5F-EmK2m3Lh] Recovering stream state from index errored: prior state file
[1] 2026/10/01 18:22:29.394525 [WRN] Filestore [C-R5F-fFunxWR4] Stream state outdated, last block has additional entries, will rebuild
[1] 2026/10/01 18:22:29.394538 [WRN] Filestore [C-R5F-fFunxWR4] Recovering stream state from index errored: prior state file
[1] 2026/10/01 18:22:29.396052 [WRN] Filestore [C-R5F-HYZPv77n] Stream state outdated, last block has additional entries, will rebuild
[1] 2026/10/01 18:22:29.396064 [WRN] Filestore [C-R5F-HYZPv77n] Recovering stream state from index errored: prior state file
[1] 2026/10/01 18:22:29.398111 [WRN] Filestore [C-R5F-WM3fKDoi] Stream state outdated, last block has additional entries, will rebuild
[1] 2026/10/01 18:22:29.398124 [WRN] Filestore [C-R5F-WM3fKDoi] Recovering stream state from index errored: prior state file
[1] 2026/10/01 18:22:29.399418 [WRN] Filestore [C-R5F-MZMS7VgY] Stream state outdated, last block has additional entries, will rebuild
[1] 2026/10/01 18:22:29.399429 [WRN] Filestore [C-R5F-MZMS7VgY] Recovering stream state from index errored: prior state file
[1] 2026/10/01 18:22:29.401002 [WRN] Metalayer blocking snapshot starting
[1] 2026/10/01 18:22:29.402172 [WRN] Metalayer blocking snapshot took 0.001s (streams: 10, consumers: 64, compacted: 138.88 KB)
[1] 2026/10/01 18:22:29.402220 [WRN] JetStream has not established contact with a meta leader
[1] 2026/10/01 18:22:29.415865 [INF] 172.19.0.4:53648 - rid:257 - Route connection created
[1] 2026/10/01 18:22:29.416175 [INF] 172.19.0.4:53648 - rid:257 - Router connection closed: Client Closed
[1] 2026/10/01 18:22:29.421720 [INF] 172.19.0.6:44454 - rid:258 - Route connection created
[1] 2026/10/01 18:22:29.421903 [INF] 172.19.0.6:44454 - rid:258 - Router connection closed: Client Closed
[1] 2026/10/01 18:22:29.422554 [INF] 172.19.0.4:53656 - rid:259 - Route connection created
[1] 2026/10/01 18:22:29.422846 [INF] 172.19.0.4:53656 - rid:259 - Router connection closed: Client Closed
[1] 2026/10/01 18:22:29.427756 [INF] 172.19.0.5:59678 - rid:260 - Route connection created
[1] 2026/10/01 18:22:29.428065 [INF] 172.19.0.5:59678 - rid:260 - Router connection closed: Client Closed
[1] 2026/10/01 18:22:29.432460 [INF] 172.19.0.6:44456 - rid:261 - Route connection created
[1] 2026/10/01 18:22:29.432722 [INF] 172.19.0.6:44456 - rid:261 - Router connection closed: Client Closed
[1] 2026/10/01 18:22:29.438512 [INF] 172.19.0.3:55560 - rid:262 - Route connection created
[1] 2026/10/01 18:22:29.438765 [INF] 172.19.0.3:55560 - rid:262 - Router connection closed: Client Closed
[1] 2026/10/01 18:22:29.439462 [INF] 172.19.0.5:59694 - rid:263 - Route connection created
[1] 2026/10/01 18:22:29.439671 [INF] 172.19.0.5:59694 - rid:263 - Router connection closed: Client Closed
[1] 2026/10/01 18:22:29.445534 [INF] 172.19.0.3:55566 - rid:264 - Route connection created
[1] 2026/10/01 18:22:29.445747 [INF] 172.19.0.3:55566 - rid:264 - Router connection closed: Client Closed
[1] 2026/10/01 18:22:29.448498 [INF] 172.19.0.4:53668 - rid:265 - Route connection created
[1] 2026/10/01 18:22:29.448753 [INF] 172.19.0.4:53668 - rid:265 - Router connection closed: Client Closed
[1] 2026/10/01 18:22:29.453498 [INF] 172.19.0.6:44464 - rid:266 - Route connection created
[1] 2026/10/01 18:22:29.453668 [INF] 172.19.0.6:44464 - rid:266 - Router connection closed: Client Closed
[1] 2026/10/01 18:22:29.463298 [INF] 172.19.0.5:59696 - rid:267 - Route connection created
[1] 2026/10/01 18:22:29.463580 [INF] 172.19.0.5:59696 - rid:267 - Router connection closed: Client Closed
[1] 2026/10/01 18:22:29.469427 [INF] 172.19.0.3:55582 - rid:268 - Route connection created
[1] 2026/10/01 18:22:29.469615 [INF] 172.19.0.3:55582 - rid:268 - Router connection closed: Client Closed
[1] 2026/10/01 18:22:29.485735 [INF] 172.19.0.6:44474 - rid:269 - Route connection created
[1] 2026/10/01 18:22:29.486047 [INF] 172.19.0.6:44474 - rid:269 - Router connection closed: Client Closed
[1] 2026/10/01 18:22:29.491603 [INF] 172.19.0.3:55588 - rid:270 - Route connection created
[1] 2026/10/01 18:22:29.492052 [INF] 172.19.0.3:55588 - rid:270 - Router connection closed: Client Closed
[1] 2026/10/01 18:22:29.505845 [INF] 172.19.0.4:53680 - rid:271 - Route connection created
[1] 2026/10/01 18:22:29.506071 [INF] 172.19.0.4:53680 - rid:271 - Router connection closed: Client Closed
[1] 2026/10/01 18:22:29.508822 [INF] 172.19.0.5:59702 - rid:272 - Route connection created
[1] 2026/10/01 18:22:29.509108 [INF] 172.19.0.5:59702 - rid:272 - Router connection closed: Client Closed
[1] 2026/10/01 18:22:29.870413 [INF] JetStream cluster new metadata leader: js-wf-route-5718-1790878619569089815-n4/js-wf-route-5718-1790878619569089815
[1] 2026/10/01 18:22:33.315299 [INF] JetStream cluster new stream leader for '$G > WF_PURGE'
[1] 2026/10/01 18:22:34.067153 [INF] JetStream cluster new consumer leader for '$G > WF_RUN > WF_P_37'
[1] 2026/10/01 18:22:34.844290 [WRN] JetStream cluster stream '$G > WF_JRN' has NO quorum, stalled
[1] 2026/10/01 18:22:35.079105 [WRN] JetStream cluster consumer '$G > WF_RUN > WF_P_11' has NO quorum, stalled.
[1] 2026/10/01 18:22:35.137506 [WRN] JetStream cluster stream '$G > KV_WF_VIEW' has NO quorum, stalled
[1] 2026/10/01 18:22:58.405000 [INF] 172.19.0.6:44440 - rid:175 - Router connection closed: Client Closed - Remote: js-wf-route-5718-1790878619569089815-n4
[1] 2026/10/01 18:22:58.405265 [INF] 172.19.0.6:44410 - rid:168 - Router connection closed: Client Closed - Remote: js-wf-route-5718-1790878619569089815-n4
[1] 2026/10/01 18:22:58.405589 [INF] 172.19.0.6:44428 - rid:173 - Router connection closed: Client Closed - Remote: js-wf-route-5718-1790878619569089815-n4
[1] 2026/10/01 18:22:58.405661 [INF] 172.19.0.6:44420 - rid:171 - Router connection closed: Client Closed - Remote: js-wf-route-5718-1790878619569089815-n4
[1] 2026/10/01 18:22:59.008931 [INF] 172.19.0.6:36290 - rid:273 - Route connection created
[1] 2026/10/01 18:22:59.009029 [INF] 172.19.0.6:36288 - rid:274 - Route connection created
[1] 2026/10/01 18:22:59.011571 [INF] 172.19.0.6:36298 - rid:275 - Route connection created
[1] 2026/10/01 18:22:59.014540 [INF] 172.19.0.6:36304 - rid:276 - Route connection created
[1] 2026/10/01 18:23:01.833357 [WRN] JetStream cluster consumer '$G > WF_RUN > WF_P_46' has NO quorum, stalled.
[1] 2026/10/01 18:23:02.018106 [WRN] JetStream cluster consumer '$G > WF_RUN > WF_P_28' has NO quorum, stalled.
[1] 2026/10/01 18:23:02.036005 [WRN] JetStream cluster consumer '$G > WF_RUN > WF_P_07' has NO quorum, stalled.
[1] 2026/10/01 18:23:02.057631 [WRN] JetStream cluster consumer '$G > WF_RUN > WF_P_63' has NO quorum, stalled.
[1] 2026/10/01 18:23:02.105301 [WRN] JetStream cluster consumer '$G > WF_RUN > WF_P_48' has NO quorum, stalled.
[1] 2026/10/01 18:23:02.175001 [WRN] JetStream cluster consumer '$G > WF_RUN > WF_P_05' has NO quorum, stalled.
[1] 2026/10/01 18:23:02.341071 [WRN] JetStream cluster consumer '$G > WF_RUN > WF_P_11' has NO quorum, stalled.
[1] 2026/10/01 18:23:02.500304 [WRN] JetStream cluster consumer '$G > WF_RUN > WF_P_16' has NO quorum, stalled.
[1] 2026/10/01 18:23:02.545120 [WRN] JetStream cluster consumer '$G > WF_RUN > WF_P_55' has NO quorum, stalled.
[1] 2026/10/01 18:23:02.549472 [WRN] JetStream cluster consumer '$G > WF_RUN > WF_P_57' has NO quorum, stalled.
[1] 2026/10/01 18:23:02.553805 [WRN] JetStream cluster consumer '$G > WF_RUN > WF_P_19' has NO quorum, stalled.
[1] 2026/10/01 18:23:02.561001 [INF] Self is new JetStream cluster metadata leader
[1] 2026/10/01 18:23:02.575282 [WRN] JetStream cluster consumer '$G > WF_RUN > WF_P_04' has NO quorum, stalled.
[1] 2026/10/01 18:23:02.583002 [WRN] JetStream cluster consumer '$G > WF_RUN > WF_P_21' has NO quorum, stalled.
[1] 2026/10/01 18:23:02.810778 [WRN] JetStream cluster consumer '$G > WF_RUN > WF_P_35' has NO quorum, stalled.
[1] 2026/10/01 18:23:02.875554 [WRN] JetStream cluster consumer '$G > WF_RUN > WF_P_18' has NO quorum, stalled.
[1] 2026/10/01 18:23:02.933569 [WRN] JetStream cluster consumer '$G > WF_RUN > WF_P_36' has NO quorum, stalled.
[1] 2026/10/01 18:23:03.027035 [WRN] JetStream cluster consumer '$G > WF_RUN > WF_P_24' has NO quorum, stalled.
[1] 2026/10/01 18:23:03.677124 [INF] JetStream cluster new consumer leader for '$G > WF_RUN > WF_P_43'
[1] 2026/10/01 18:23:03.874836 [INF] JetStream cluster new stream leader for '$G > WF_JRN'
[1] 2026/10/01 18:23:03.963517 [WRN] JetStream cluster consumer '$G > WF_RUN > WF_P_13' has NO quorum, stalled.
[1] 2026/10/01 18:23:04.187207 [WRN] JetStream cluster consumer '$G > WF_RUN > WF_P_00' has NO quorum, stalled.
[1] 2026/10/01 18:23:04.194243 [WRN] JetStream cluster consumer '$G > WF_RUN > WF_P_34' has NO quorum, stalled.
[1] 2026/10/01 18:23:04.402064 [INF] JetStream cluster new consumer leader for '$G > WF_RUN > WF_P_44'
[1] 2026/10/01 18:23:04.618354 [WRN] JetStream cluster consumer '$G > WF_RUN > WF_P_56' has NO quorum, stalled.