journal	Set up job	﻿2026-10-01T18:15:10.9984950Z Current runner version: '2.337.0'
journal	Set up job	2026-10-01T18:15:11.0010558Z ##[group]Runner Image Provisioner
journal	Set up job	2026-10-01T18:15:11.0011585Z Hosted Compute Agent
journal	Set up job	2026-10-01T18:15:11.0012199Z Version: 20260901.588
journal	Set up job	2026-10-01T18:15:11.0012854Z Commit: f88ec8081b781fac6c440065ac7ff9e710ce3d0b
journal	Set up job	2026-10-01T18:15:11.0013732Z Build Date: 2026-09-01T19:56:44Z
journal	Set up job	2026-10-01T18:15:11.0014474Z Worker ID: {1563c3ed-6de9-49af-b5d9-1404d67490a2}
journal	Set up job	2026-10-01T18:15:11.0015287Z Azure Region: northcentralus
journal	Set up job	2026-10-01T18:15:11.0015992Z ##[endgroup]
journal	Set up job	2026-10-01T18:15:11.0017353Z ##[group]Operating System
journal	Set up job	2026-10-01T18:15:11.0018118Z Ubuntu
journal	Set up job	2026-10-01T18:15:11.0018671Z 24.04.5
journal	Set up job	2026-10-01T18:15:11.0019239Z LTS
journal	Set up job	2026-10-01T18:15:11.0020076Z ##[endgroup]
journal	Set up job	2026-10-01T18:15:11.0020656Z ##[group]Runner Image
journal	Set up job	2026-10-01T18:15:11.0021371Z Image: ubuntu-24.04
journal	Set up job	2026-10-01T18:15:11.0021961Z Version: 20260927.320.1
journal	Set up job	2026-10-01T18:15:11.0023057Z Included Software: https://github.com/actions/runner-images/blob/ubuntu24/20260927.320/images/ubuntu/Ubuntu2404-Readme.md
journal	Set up job	2026-10-01T18:15:11.0025069Z Image Release: https://github.com/actions/runner-images/releases/tag/ubuntu24%2F20260927.320
journal	Set up job	2026-10-01T18:15:11.0026182Z ##[endgroup]
journal	Set up job	2026-10-01T18:15:11.0027848Z ##[group]GITHUB_TOKEN Permissions
journal	Set up job	2026-10-01T18:15:11.0030288Z Contents: read
journal	Set up job	2026-10-01T18:15:11.0030998Z Metadata: read
journal	Set up job	2026-10-01T18:15:11.0031638Z Packages: read
journal	Set up job	2026-10-01T18:15:11.0032228Z ##[endgroup]
journal	Set up job	2026-10-01T18:15:11.0034352Z Secret source: Actions
journal	Set up job	2026-10-01T18:15:11.0035383Z Cache mode: write
journal	Set up job	2026-10-01T18:15:11.0036523Z Prepare workflow directory
journal	Set up job	2026-10-01T18:15:11.0544225Z Prepare all required actions
journal	Set up job	2026-10-01T18:15:11.0590732Z Getting action download info
journal	Set up job	2026-10-01T18:15:11.3303437Z Download action repository 'actions/checkout@v4' (SHA:11d5960a326750d5838078e36cf38b85af677262)
journal	Set up job	2026-10-01T18:15:11.4404946Z Download action repository 'actions/setup-go@v5' (SHA:40f1582b2485089dde7abd97c1529aa768e1baff)
journal	Set up job	2026-10-01T18:15:11.9176009Z Download action repository 'actions/upload-artifact@v7' (SHA:043fb46d1a93c77aae656e7c1c64a875d1fc6a0a)
journal	Set up job	2026-10-01T18:15:12.0892254Z Complete job name: journal
journal	Run actions/checkout@v4	﻿2026-10-01T18:15:12.1575499Z ##[group]Run actions/checkout@v4
journal	Run actions/checkout@v4	2026-10-01T18:15:12.1576481Z with:
journal	Run actions/checkout@v4	2026-10-01T18:15:12.1576939Z   repository: AntPAllen/js-wf
journal	Run actions/checkout@v4	2026-10-01T18:15:12.1581302Z   token: ***
journal	Run actions/checkout@v4	2026-10-01T18:15:12.1581748Z   ssh-strict: true
journal	Run actions/checkout@v4	2026-10-01T18:15:12.1582197Z   ssh-user: git
journal	Run actions/checkout@v4	2026-10-01T18:15:12.1582662Z   persist-credentials: true
journal	Run actions/checkout@v4	2026-10-01T18:15:12.1583209Z   clean: true
journal	Run actions/checkout@v4	2026-10-01T18:15:12.1583660Z   sparse-checkout-cone-mode: true
journal	Run actions/checkout@v4	2026-10-01T18:15:12.1584192Z   fetch-depth: 1
journal	Run actions/checkout@v4	2026-10-01T18:15:12.1584631Z   fetch-tags: false
journal	Run actions/checkout@v4	2026-10-01T18:15:12.1585091Z   show-progress: true
journal	Run actions/checkout@v4	2026-10-01T18:15:12.1585547Z   lfs: false
journal	Run actions/checkout@v4	2026-10-01T18:15:12.1585961Z   submodules: false
journal	Run actions/checkout@v4	2026-10-01T18:15:12.1586416Z   set-safe-directory: true
journal	Run actions/checkout@v4	2026-10-01T18:15:12.1586917Z   allow-unsafe-pr-checkout: false
journal	Run actions/checkout@v4	2026-10-01T18:15:12.1587661Z env:
journal	Run actions/checkout@v4	2026-10-01T18:15:12.1588073Z   WF_TIER3_MATRIX: 1
journal	Run actions/checkout@v4	2026-10-01T18:15:12.1588552Z   WF_TIER3_MATRIX_DURATION: 10m
journal	Run actions/checkout@v4	2026-10-01T18:15:12.1589088Z   WF_TIER3_SYNC_INTERVAL: 2m
journal	Run actions/checkout@v4	2026-10-01T18:15:12.1589851Z   TIER3_MATRIX_ARTIFACT_ROOT: /tmp/tier3-mixed-journal
journal	Run actions/checkout@v4	2026-10-01T18:15:12.1590504Z   GOMEMLIMIT: 512MiB
journal	Run actions/checkout@v4	2026-10-01T18:15:12.1590997Z   GOMAXPROCS: 2
journal	Run actions/checkout@v4	2026-10-01T18:15:12.1591421Z ##[endgroup]
journal	Run actions/checkout@v4	2026-10-01T18:15:12.2620304Z Syncing repository: AntPAllen/js-wf
journal	Run actions/checkout@v4	2026-10-01T18:15:12.2623257Z ##[group]Getting Git version info
journal	Run actions/checkout@v4	2026-10-01T18:15:12.2624335Z Working directory is '/home/runner/work/js-wf/js-wf'
journal	Run actions/checkout@v4	2026-10-01T18:15:12.2625912Z [command]/usr/bin/git version
journal	Run actions/checkout@v4	2026-10-01T18:15:12.2662161Z git version 2.55.0
journal	Run actions/checkout@v4	2026-10-01T18:15:12.2682674Z ##[endgroup]
journal	Run actions/checkout@v4	2026-10-01T18:15:12.2696880Z Temporarily overriding HOME='/home/runner/work/_temp/8ead718e-ac6b-47d7-92e3-d4297a27d7ae' before making global git config changes
journal	Run actions/checkout@v4	2026-10-01T18:15:12.2699337Z Adding repository directory to the temporary git global config as a safe directory
journal	Run actions/checkout@v4	2026-10-01T18:15:12.2703937Z [command]/usr/bin/git config --global --add safe.directory /home/runner/work/js-wf/js-wf
journal	Run actions/checkout@v4	2026-10-01T18:15:12.2763197Z Deleting the contents of '/home/runner/work/js-wf/js-wf'
journal	Run actions/checkout@v4	2026-10-01T18:15:12.2766047Z ##[group]Initializing the repository
journal	Run actions/checkout@v4	2026-10-01T18:15:12.2767664Z [command]/usr/bin/git init /home/runner/work/js-wf/js-wf
journal	Run actions/checkout@v4	2026-10-01T18:15:12.2844704Z hint: Using 'master' as the name for the initial branch. This default branch name
journal	Run actions/checkout@v4	2026-10-01T18:15:12.2846584Z hint: will change to "main" in Git 3.0. To configure the initial branch name
journal	Run actions/checkout@v4	2026-10-01T18:15:12.2848255Z hint: to use in all of your new repositories, which will suppress this warning,
journal	Run actions/checkout@v4	2026-10-01T18:15:12.2849312Z hint: call:
journal	Run actions/checkout@v4	2026-10-01T18:15:12.2850532Z hint:
journal	Run actions/checkout@v4	2026-10-01T18:15:12.2851366Z hint: 	git config --global init.defaultBranch <name>
journal	Run actions/checkout@v4	2026-10-01T18:15:12.2852142Z hint:
journal	Run actions/checkout@v4	2026-10-01T18:15:12.2852730Z hint: Names commonly chosen instead of 'master' are 'main', 'trunk' and
journal	Run actions/checkout@v4	2026-10-01T18:15:12.2853690Z hint: 'development'. The just-created branch can be renamed via this command:
journal	Run actions/checkout@v4	2026-10-01T18:15:12.2854452Z hint:
journal	Run actions/checkout@v4	2026-10-01T18:15:12.2854896Z hint: 	git branch -m <name>
journal	Run actions/checkout@v4	2026-10-01T18:15:12.2855373Z hint:
journal	Run actions/checkout@v4	2026-10-01T18:15:12.2856005Z hint: Disable this message with "git config set advice.defaultBranchName false"
journal	Run actions/checkout@v4	2026-10-01T18:15:12.2857108Z Initialized empty Git repository in /home/runner/work/js-wf/js-wf/.git/
journal	Run actions/checkout@v4	2026-10-01T18:15:12.2863166Z [command]/usr/bin/git remote add origin https://github.com/AntPAllen/js-wf
journal	Run actions/checkout@v4	2026-10-01T18:15:12.2908027Z ##[endgroup]
journal	Run actions/checkout@v4	2026-10-01T18:15:12.2909387Z ##[group]Disabling automatic garbage collection
journal	Run actions/checkout@v4	2026-10-01T18:15:12.2912447Z [command]/usr/bin/git config --local gc.auto 0
journal	Run actions/checkout@v4	2026-10-01T18:15:12.2951325Z ##[endgroup]
journal	Run actions/checkout@v4	2026-10-01T18:15:12.2952223Z ##[group]Setting up auth
journal	Run actions/checkout@v4	2026-10-01T18:15:12.2959792Z [command]/usr/bin/git config --local --name-only --get-regexp core\.sshCommand
journal	Run actions/checkout@v4	2026-10-01T18:15:12.3002822Z [command]/usr/bin/git submodule foreach --recursive sh -c "git config --local --name-only --get-regexp 'core\.sshCommand' && git config --local --unset-all 'core.sshCommand' || :"
journal	Run actions/checkout@v4	2026-10-01T18:15:12.3344841Z [command]/usr/bin/git config --local --name-only --get-regexp http\.https\:\/\/github\.com\/\.extraheader
journal	Run actions/checkout@v4	2026-10-01T18:15:12.3374790Z [command]/usr/bin/git submodule foreach --recursive sh -c "git config --local --name-only --get-regexp 'http\.https\:\/\/github\.com\/\.extraheader' && git config --local --unset-all 'http.https://github.com/.extraheader' || :"
journal	Run actions/checkout@v4	2026-10-01T18:15:12.3635069Z [command]/usr/bin/git config --local --name-only --get-regexp ^includeIf\.gitdir:
journal	Run actions/checkout@v4	2026-10-01T18:15:12.3676475Z [command]/usr/bin/git submodule foreach --recursive git config --local --show-origin --name-only --get-regexp remote.origin.url
journal	Run actions/checkout@v4	2026-10-01T18:15:12.3917862Z [command]/usr/bin/git config --local http.https://github.com/.extraheader AUTHORIZATION: basic ***
journal	Run actions/checkout@v4	2026-10-01T18:15:12.3961809Z ##[endgroup]
journal	Run actions/checkout@v4	2026-10-01T18:15:12.3962655Z ##[group]Fetching the repository
journal	Run actions/checkout@v4	2026-10-01T18:15:12.3973688Z [command]/usr/bin/git -c protocol.version=2 fetch --no-tags --prune --no-recurse-submodules --depth=1 origin +82e715b0208c586dec975fdfe3774bff5ee928ef:refs/remotes/origin/main
journal	Run actions/checkout@v4	2026-10-01T18:15:14.3073496Z From https://github.com/AntPAllen/js-wf
journal	Run actions/checkout@v4	2026-10-01T18:15:14.3074802Z  * [new ref]         82e715b0208c586dec975fdfe3774bff5ee928ef -> origin/main
journal	Run actions/checkout@v4	2026-10-01T18:15:14.3085484Z ##[endgroup]
journal	Run actions/checkout@v4	2026-10-01T18:15:14.3086390Z ##[group]Determining the checkout info
journal	Run actions/checkout@v4	2026-10-01T18:15:14.3088792Z ##[endgroup]
journal	Run actions/checkout@v4	2026-10-01T18:15:14.3095588Z [command]/usr/bin/git sparse-checkout disable
journal	Run actions/checkout@v4	2026-10-01T18:15:14.3149488Z [command]/usr/bin/git config --local --unset-all extensions.worktreeConfig
journal	Run actions/checkout@v4	2026-10-01T18:15:14.3184283Z ##[group]Checking out the ref
journal	Run actions/checkout@v4	2026-10-01T18:15:14.3188774Z [command]/usr/bin/git checkout --progress --force -B main refs/remotes/origin/main
journal	Run actions/checkout@v4	2026-10-01T18:15:14.6477702Z Switched to a new branch 'main'
journal	Run actions/checkout@v4	2026-10-01T18:15:14.6480902Z branch 'main' set up to track 'origin/main'.
journal	Run actions/checkout@v4	2026-10-01T18:15:14.6514375Z ##[endgroup]
journal	Run actions/checkout@v4	2026-10-01T18:15:14.6573627Z [command]/usr/bin/git log -1 --format=%H
journal	Run actions/checkout@v4	2026-10-01T18:15:14.6601031Z 82e715b0208c586dec975fdfe3774bff5ee928ef
journal	Run actions/setup-go@v5	﻿2026-10-01T18:15:14.6854949Z ##[group]Run actions/setup-go@v5
journal	Run actions/setup-go@v5	2026-10-01T18:15:14.6855323Z with:
journal	Run actions/setup-go@v5	2026-10-01T18:15:14.6855584Z   go-version-file: go.mod
journal	Run actions/setup-go@v5	2026-10-01T18:15:14.6855875Z   check-latest: false
journal	Run actions/setup-go@v5	2026-10-01T18:15:14.6858805Z   token: ***
journal	Run actions/setup-go@v5	2026-10-01T18:15:14.6859064Z   cache: true
journal	Run actions/setup-go@v5	2026-10-01T18:15:14.6859316Z env:
journal	Run actions/setup-go@v5	2026-10-01T18:15:14.6859559Z   WF_TIER3_MATRIX: 1
journal	Run actions/setup-go@v5	2026-10-01T18:15:14.6860095Z   WF_TIER3_MATRIX_DURATION: 10m
journal	Run actions/setup-go@v5	2026-10-01T18:15:14.6860412Z   WF_TIER3_SYNC_INTERVAL: 2m
journal	Run actions/setup-go@v5	2026-10-01T18:15:14.6860758Z   TIER3_MATRIX_ARTIFACT_ROOT: /tmp/tier3-mixed-journal
journal	Run actions/setup-go@v5	2026-10-01T18:15:14.6861133Z   GOMEMLIMIT: 512MiB
journal	Run actions/setup-go@v5	2026-10-01T18:15:14.6861411Z   GOMAXPROCS: 2
journal	Run actions/setup-go@v5	2026-10-01T18:15:14.6861665Z ##[endgroup]
journal	Run actions/setup-go@v5	2026-10-01T18:15:14.8167494Z Setup go version spec 1.27.1
journal	Run actions/setup-go@v5	2026-10-01T18:15:14.8176534Z Attempting to download 1.27.1...
journal	Run actions/setup-go@v5	2026-10-01T18:15:14.8284887Z (node:2304) [DEP0040] DeprecationWarning: The `punycode` module is deprecated. Please use a userland alternative instead.
journal	Run actions/setup-go@v5	2026-10-01T18:15:14.8286223Z (Use `node --trace-deprecation ...` to show where the warning was created)
journal	Run actions/setup-go@v5	2026-10-01T18:15:15.4639365Z matching 1.27.1...
journal	Run actions/setup-go@v5	2026-10-01T18:15:15.4663719Z Acquiring 1.27.1 from https://github.com/actions/go-versions/releases/download/1.27.1-33583469715/go-1.27.1-linux-x64.tar.gz
journal	Run actions/setup-go@v5	2026-10-01T18:15:15.8901077Z Extracting Go...
journal	Run actions/setup-go@v5	2026-10-01T18:15:15.9033253Z [command]/usr/bin/tar xz --warning=no-unknown-keyword --overwrite -C /home/runner/work/_temp/17048775-e114-4528-982d-908c8f27f142 -f /home/runner/work/_temp/25922476-2a45-49ea-a61f-b7d108eb37f4
journal	Run actions/setup-go@v5	2026-10-01T18:15:17.7352526Z Successfully extracted go to /home/runner/work/_temp/17048775-e114-4528-982d-908c8f27f142
journal	Run actions/setup-go@v5	2026-10-01T18:15:17.7353552Z Adding to the cache ...
journal	Run actions/setup-go@v5	2026-10-01T18:15:22.5968377Z Successfully cached go to /opt/hostedtoolcache/go/1.27.1/x64
journal	Run actions/setup-go@v5	2026-10-01T18:15:22.5971079Z Added go to the path
journal	Run actions/setup-go@v5	2026-10-01T18:15:22.5973291Z Successfully set up Go version 1.27.1
journal	Run actions/setup-go@v5	2026-10-01T18:15:22.6204415Z [command]/opt/hostedtoolcache/go/1.27.1/x64/bin/go env GOMODCACHE
journal	Run actions/setup-go@v5	2026-10-01T18:15:22.6248472Z [command]/opt/hostedtoolcache/go/1.27.1/x64/bin/go env GOCACHE
journal	Run actions/setup-go@v5	2026-10-01T18:15:22.6297710Z /home/runner/go/pkg/mod
journal	Run actions/setup-go@v5	2026-10-01T18:15:22.6317706Z /home/runner/.cache/go-build
journal	Run actions/setup-go@v5	2026-10-01T18:15:22.7485691Z Cache hit for: setup-go-Linux-x64-ubuntu24-go-1.27.1-487c2eade748c1cfcd01caf54d154b8f65df65b05311c1ecee4b42fdda97ee43
journal	Run actions/setup-go@v5	2026-10-01T18:15:22.7608685Z (node:2304) [DEP0169] DeprecationWarning: `url.parse()` behavior is not standardized and prone to errors that have security implications. Use the WHATWG URL API instead. CVEs are not issued for `url.parse()` vulnerabilities.
journal	Run actions/setup-go@v5	2026-10-01T18:15:23.8836590Z Received 134217728 of 189957878 (70.7%), 127.9 MBs/sec
journal	Run actions/setup-go@v5	2026-10-01T18:15:24.1560655Z Received 189957878 of 189957878 (100.0%), 142.3 MBs/sec
journal	Run actions/setup-go@v5	2026-10-01T18:15:24.1561536Z Cache Size: ~181 MB (189957878 B)
journal	Run actions/setup-go@v5	2026-10-01T18:15:24.1604640Z [command]/usr/bin/tar -xf /home/runner/work/_temp/51dee274-610d-4db7-8271-10b78a23cac6/cache.tzst -P -C /home/runner/work/js-wf/js-wf --use-compress-program unzstd
journal	Run actions/setup-go@v5	2026-10-01T18:15:25.2287227Z Cache restored successfully
journal	Run actions/setup-go@v5	2026-10-01T18:15:25.2415592Z Cache restored from key: setup-go-Linux-x64-ubuntu24-go-1.27.1-487c2eade748c1cfcd01caf54d154b8f65df65b05311c1ecee4b42fdda97ee43
journal	Run actions/setup-go@v5	2026-10-01T18:15:25.2443743Z go version go1.27.1 linux/amd64
journal	Run actions/setup-go@v5	2026-10-01T18:15:25.2444089Z 
journal	Run actions/setup-go@v5	2026-10-01T18:15:25.2444621Z ##[group]go env
journal	Run actions/setup-go@v5	2026-10-01T18:15:25.2580099Z AR='ar'
journal	Run actions/setup-go@v5	2026-10-01T18:15:25.2580561Z CC='gcc'
journal	Run actions/setup-go@v5	2026-10-01T18:15:25.2580946Z CGO_CFLAGS='-O2 -g'
journal	Run actions/setup-go@v5	2026-10-01T18:15:25.2581312Z CGO_CPPFLAGS=''
journal	Run actions/setup-go@v5	2026-10-01T18:15:25.2581562Z CGO_CXXFLAGS='-O2 -g'
journal	Run actions/setup-go@v5	2026-10-01T18:15:25.2581812Z CGO_ENABLED='1'
journal	Run actions/setup-go@v5	2026-10-01T18:15:25.2582225Z CGO_FFLAGS='-O2 -g'
journal	Run actions/setup-go@v5	2026-10-01T18:15:25.2582676Z CGO_LDFLAGS='-O2 -g'
journal	Run actions/setup-go@v5	2026-10-01T18:15:25.2583132Z CXX='g++'
journal	Run actions/setup-go@v5	2026-10-01T18:15:25.2583520Z GCCGO='gccgo'
journal	Run actions/setup-go@v5	2026-10-01T18:15:25.2583860Z GO111MODULE=''
journal	Run actions/setup-go@v5	2026-10-01T18:15:25.2584202Z GOAMD64='v1'
journal	Run actions/setup-go@v5	2026-10-01T18:15:25.2584541Z GOARCH='amd64'
journal	Run actions/setup-go@v5	2026-10-01T18:15:25.2584880Z GOAUTH='netrc'
journal	Run actions/setup-go@v5	2026-10-01T18:15:25.2585301Z GOBIN='/home/runner/go/bin'
journal	Run actions/setup-go@v5	2026-10-01T18:15:25.2586389Z GOCACHE='/home/runner/.cache/go-build'
journal	Run actions/setup-go@v5	2026-10-01T18:15:25.2587178Z GOCACHEPROG=''
journal	Run actions/setup-go@v5	2026-10-01T18:15:25.2587533Z GODEBUG=''
journal	Run actions/setup-go@v5	2026-10-01T18:15:25.2587922Z GOENV='/home/runner/.config/go/env'
journal	Run actions/setup-go@v5	2026-10-01T18:15:25.2588399Z GOEXE=''
journal	Run actions/setup-go@v5	2026-10-01T18:15:25.2588731Z GOEXPERIMENT=''
journal	Run actions/setup-go@v5	2026-10-01T18:15:25.2589162Z GOFIPS140='off'
journal	Run actions/setup-go@v5	2026-10-01T18:15:25.2589904Z GOFLAGS=''
journal	Run actions/setup-go@v5	2026-10-01T18:15:25.2590875Z GOGCCFLAGS='-fPIC -m64 -pthread -Wl,--no-gc-sections -fmessage-length=0 -ffile-prefix-map=/tmp/go-build2541728248=/tmp/go-build -gno-record-gcc-switches'
journal	Run actions/setup-go@v5	2026-10-01T18:15:25.2591712Z GOHOSTARCH='amd64'
journal	Run actions/setup-go@v5	2026-10-01T18:15:25.2592028Z GOHOSTOS='linux'
journal	Run actions/setup-go@v5	2026-10-01T18:15:25.2592414Z GOINSECURE=''
journal	Run actions/setup-go@v5	2026-10-01T18:15:25.2592755Z GOMOD='/home/runner/work/js-wf/js-wf/go.mod'
journal	Run actions/setup-go@v5	2026-10-01T18:15:25.2593265Z GOMODCACHE='/home/runner/go/pkg/mod'
journal	Run actions/setup-go@v5	2026-10-01T18:15:25.2593637Z GONOPROXY=''
journal	Run actions/setup-go@v5	2026-10-01T18:15:25.2594018Z GONOSUMDB=''
journal	Run actions/setup-go@v5	2026-10-01T18:15:25.2594335Z GOOS='linux'
journal	Run actions/setup-go@v5	2026-10-01T18:15:25.2594630Z GOPACKAGESDRIVER=''
journal	Run actions/setup-go@v5	2026-10-01T18:15:25.2595068Z GOPATH='/home/runner/go'
journal	Run actions/setup-go@v5	2026-10-01T18:15:25.2595401Z GOPRIVATE=''
journal	Run actions/setup-go@v5	2026-10-01T18:15:25.2595855Z GOPROXY='https://proxy.golang.org,direct'
journal	Run actions/setup-go@v5	2026-10-01T18:15:25.2596327Z GOROOT='/opt/hostedtoolcache/go/1.27.1/x64'
journal	Run actions/setup-go@v5	2026-10-01T18:15:25.2596786Z GOSUMDB='sum.golang.org'
journal	Run actions/setup-go@v5	2026-10-01T18:15:25.2597161Z GOTELEMETRY='local'
journal	Run actions/setup-go@v5	2026-10-01T18:15:25.2597587Z GOTELEMETRYDIR='/home/runner/.config/go/telemetry'
journal	Run actions/setup-go@v5	2026-10-01T18:15:25.2598077Z GOTMPDIR=''
journal	Run actions/setup-go@v5	2026-10-01T18:15:25.2598379Z GOTOOLCHAIN='auto'
journal	Run actions/setup-go@v5	2026-10-01T18:15:25.2598795Z GOTOOLDIR='/opt/hostedtoolcache/go/1.27.1/x64/pkg/tool/linux_amd64'
journal	Run actions/setup-go@v5	2026-10-01T18:15:25.2599351Z GOVCS=''
journal	Run actions/setup-go@v5	2026-10-01T18:15:25.2599785Z GOVERSION='go1.27.1'
journal	Run actions/setup-go@v5	2026-10-01T18:15:25.2600354Z GOWORK=''
journal	Run actions/setup-go@v5	2026-10-01T18:15:25.2600810Z PKG_CONFIG='pkg-config'
journal	Run actions/setup-go@v5	2026-10-01T18:15:25.2601080Z 
journal	Run actions/setup-go@v5	2026-10-01T18:15:25.2601566Z ##[endgroup]
journal	Verify row-result guard	﻿2026-10-01T18:15:25.2907870Z ##[group]Run python3 -m unittest discover -s scripts -p 'test_tier3*.py'
journal	Verify row-result guard	2026-10-01T18:15:25.2908831Z ^[[36;1mpython3 -m unittest discover -s scripts -p 'test_tier3*.py'^[[0m
journal	Verify row-result guard	2026-10-01T18:15:25.3187893Z shell: /usr/bin/bash -e {0}
journal	Verify row-result guard	2026-10-01T18:15:25.3188348Z env:
journal	Verify row-result guard	2026-10-01T18:15:25.3188680Z   WF_TIER3_MATRIX: 1
journal	Verify row-result guard	2026-10-01T18:15:25.3189053Z   WF_TIER3_MATRIX_DURATION: 10m
journal	Verify row-result guard	2026-10-01T18:15:25.3189478Z   WF_TIER3_SYNC_INTERVAL: 2m
journal	Verify row-result guard	2026-10-01T18:15:25.3190159Z   TIER3_MATRIX_ARTIFACT_ROOT: /tmp/tier3-mixed-journal
journal	Verify row-result guard	2026-10-01T18:15:25.3190698Z   GOMEMLIMIT: 512MiB
journal	Verify row-result guard	2026-10-01T18:15:25.3191045Z   GOMAXPROCS: 2
journal	Verify row-result guard	2026-10-01T18:15:25.3191376Z ##[endgroup]
journal	Verify row-result guard	2026-10-01T18:15:25.4483319Z .....
journal	Verify row-result guard	2026-10-01T18:15:25.4483933Z ----------------------------------------------------------------------
journal	Verify row-result guard	2026-10-01T18:15:25.4484510Z Ran 5 tests in 0.002s
journal	Verify row-result guard	2026-10-01T18:15:25.4484722Z 
journal	Verify row-result guard	2026-10-01T18:15:25.4484829Z OK
journal	Sustain the five-container mixed journal row	﻿2026-10-01T18:15:25.4602701Z ##[group]Run set -o pipefail
journal	Sustain the five-container mixed journal row	2026-10-01T18:15:25.4603063Z ^[[36;1mset -o pipefail^[[0m
journal	Sustain the five-container mixed journal row	2026-10-01T18:15:25.4603975Z ^[[36;1mgo test -p=1 -race -json ./integration -run '^TestFiveContainerMixedJournalLeaderEveryThirtySeconds$' -count=1 -timeout=20m | tee /tmp/tier3-mixed-journal-events.jsonl | python3 -u scripts/render-go-test.py^[[0m
journal	Sustain the five-container mixed journal row	2026-10-01T18:15:25.4605393Z ^[[36;1mpython3 scripts/check-tier3-journal-row.py --events /tmp/tier3-mixed-journal-events.jsonl --duration "$WF_TIER3_MATRIX_DURATION" --output /tmp/tier3-mixed-journal-result.json^[[0m
journal	Sustain the five-container mixed journal row	2026-10-01T18:15:25.4606485Z ^[[36;1mpython3 scripts/explain-tier3-events.py --root "$TIER3_MATRIX_ARTIFACT_ROOT" --output "$TIER3_MATRIX_ARTIFACT_ROOT/event-explanations.json"^[[0m
journal	Sustain the five-container mixed journal row	2026-10-01T18:15:25.4677860Z shell: /usr/bin/bash -e {0}
journal	Sustain the five-container mixed journal row	2026-10-01T18:15:25.4678145Z env:
journal	Sustain the five-container mixed journal row	2026-10-01T18:15:25.4678362Z   WF_TIER3_MATRIX: 1
journal	Sustain the five-container mixed journal row	2026-10-01T18:15:25.4678614Z   WF_TIER3_MATRIX_DURATION: 10m
journal	Sustain the five-container mixed journal row	2026-10-01T18:15:25.4678877Z   WF_TIER3_SYNC_INTERVAL: 2m
journal	Sustain the five-container mixed journal row	2026-10-01T18:15:25.4679176Z   TIER3_MATRIX_ARTIFACT_ROOT: /tmp/tier3-mixed-journal
journal	Sustain the five-container mixed journal row	2026-10-01T18:15:25.4679554Z   GOMEMLIMIT: 512MiB
journal	Sustain the five-container mixed journal row	2026-10-01T18:15:25.4679936Z   GOMAXPROCS: 2
journal	Sustain the five-container mixed journal row	2026-10-01T18:15:25.4680150Z ##[endgroup]
journal	Sustain the five-container mixed journal row	2026-10-01T18:16:59.5693176Z === RUN   TestFiveContainerMixedJournalLeaderEveryThirtySeconds
journal	Sustain the five-container mixed journal row	2026-10-01T18:17:36.2688754Z     tier3_mixed_journal_test.go:331: tier3 mixed batch=1 elapsed=7.934450645s
journal	Sustain the five-container mixed journal row	2026-10-01T18:17:40.1983706Z     tier3_mixed_journal_test.go:331: tier3 mixed batch=2 elapsed=11.863786303s
journal	Sustain the five-container mixed journal row	2026-10-01T18:17:44.2319803Z     tier3_mixed_journal_test.go:331: tier3 mixed batch=3 elapsed=15.898050242s
journal	Sustain the five-container mixed journal row	2026-10-01T18:17:48.2628771Z     tier3_mixed_journal_test.go:331: tier3 mixed batch=4 elapsed=19.929166641s
journal	Sustain the five-container mixed journal row	2026-10-01T18:17:52.2863274Z     tier3_mixed_journal_test.go:331: tier3 mixed batch=5 elapsed=23.952770568s
journal	Sustain the five-container mixed journal row	2026-10-01T18:17:56.2175473Z     tier3_mixed_journal_test.go:331: tier3 mixed batch=6 elapsed=27.88366566s
journal	Sustain the five-container mixed journal row	2026-10-01T18:18:05.6341408Z     tier3_mixed_journal_test.go:267: tier3 journal fault node=3 scheduled=30s killed=30.019963621s healed=37.300602318s
journal	Sustain the five-container mixed journal row	2026-10-01T18:18:07.0537859Z     tier3_mixed_journal_test.go:331: tier3 mixed batch=7 elapsed=38.720264176s
journal	Sustain the five-container mixed journal row	2026-10-01T18:18:12.6820815Z     tier3_mixed_journal_test.go:331: tier3 mixed batch=8 elapsed=44.348545934s
journal	Sustain the five-container mixed journal row	2026-10-01T18:18:18.2064186Z     tier3_mixed_journal_test.go:331: tier3 mixed batch=9 elapsed=49.872845358s
journal	Sustain the five-container mixed journal row	2026-10-01T18:18:22.9888343Z     tier3_mixed_journal_test.go:329: tier3 checkpoint batch=10 report={Invocations:280 Journals:280 Entries:3091 Terminal:280}
journal	Sustain the five-container mixed journal row	2026-10-01T18:18:22.9890773Z     tier3_mixed_journal_test.go:331: tier3 mixed batch=10 elapsed=54.655296906s
journal	Sustain the five-container mixed journal row	2026-10-01T18:18:26.9217838Z     tier3_mixed_journal_test.go:331: tier3 mixed batch=11 elapsed=58.587873943s
journal	Sustain the five-container mixed journal row	2026-10-01T18:18:35.6386460Z     tier3_mixed_journal_test.go:267: tier3 journal fault node=0 scheduled=1m0s killed=1m0.019543923s healed=1m7.305141383s
journal	Sustain the five-container mixed journal row	2026-10-01T18:18:38.0500405Z     tier3_mixed_journal_test.go:331: tier3 mixed batch=12 elapsed=1m9.715712664s
journal	Sustain the five-container mixed journal row	2026-10-01T18:18:43.2750129Z     tier3_mixed_journal_test.go:331: tier3 mixed batch=13 elapsed=1m14.941279058s
journal	Sustain the five-container mixed journal row	2026-10-01T18:18:47.2142439Z     tier3_mixed_journal_test.go:331: tier3 mixed batch=14 elapsed=1m18.880529617s
journal	Sustain the five-container mixed journal row	2026-10-01T18:18:51.2447782Z     tier3_mixed_journal_test.go:331: tier3 mixed batch=15 elapsed=1m22.909555512s
journal	Sustain the five-container mixed journal row	2026-10-01T18:18:55.2760735Z     tier3_mixed_journal_test.go:331: tier3 mixed batch=16 elapsed=1m26.941462099s
journal	Sustain the five-container mixed journal row	2026-10-01T18:19:05.6983480Z     tier3_mixed_journal_test.go:267: tier3 journal fault node=1 scheduled=1m30s killed=1m30.020811733s healed=1m37.364811991s
journal	Sustain the five-container mixed journal row	2026-10-01T18:19:06.1095304Z     tier3_mixed_journal_test.go:331: tier3 mixed batch=17 elapsed=1m37.775524892s
journal	Sustain the five-container mixed journal row	2026-10-01T18:19:10.1351094Z     tier3_mixed_journal_test.go:331: tier3 mixed batch=18 elapsed=1m41.801333673s
journal	Sustain the five-container mixed journal row	2026-10-01T18:19:15.7619602Z     tier3_mixed_journal_test.go:331: tier3 mixed batch=19 elapsed=1m47.428454598s
journal	Sustain the five-container mixed journal row	2026-10-01T18:19:21.8174757Z     tier3_mixed_journal_test.go:329: tier3 checkpoint batch=20 report={Invocations:560 Journals:560 Entries:6172 Terminal:560}
journal	Sustain the five-container mixed journal row	2026-10-01T18:19:21.8178122Z     tier3_mixed_journal_test.go:331: tier3 mixed batch=20 elapsed=1m53.483247871s
journal	Sustain the five-container mixed journal row	2026-10-01T18:19:25.7451936Z     tier3_mixed_journal_test.go:331: tier3 mixed batch=21 elapsed=1m57.41166884s
journal	Sustain the five-container mixed journal row	2026-10-01T18:19:33.1220494Z     tier3_mixed_journal_test.go:267: tier3 journal fault node=0 scheduled=2m0s killed=2m0.021497293s healed=2m4.788276513s
journal	Sustain the five-container mixed journal row	2026-10-01T18:19:36.8657680Z     tier3_mixed_journal_test.go:331: tier3 mixed batch=22 elapsed=2m8.532139583s
journal	Sustain the five-container mixed journal row	2026-10-01T18:19:42.5865761Z     tier3_mixed_journal_test.go:331: tier3 mixed batch=23 elapsed=2m14.253064185s
journal	Sustain the five-container mixed journal row	2026-10-01T18:19:48.3107077Z     tier3_mixed_journal_test.go:331: tier3 mixed batch=24 elapsed=2m19.977056745s
journal	Sustain the five-container mixed journal row	2026-10-01T18:19:53.9379857Z     tier3_mixed_journal_test.go:331: tier3 mixed batch=25 elapsed=2m25.604499983s
journal	Sustain the five-container mixed journal row	2026-10-01T18:20:05.5901958Z     tier3_mixed_journal_test.go:267: tier3 journal fault node=2 scheduled=2m30s killed=2m30.025148107s healed=2m37.256636908s
journal	Sustain the five-container mixed journal row	2026-10-01T18:20:06.1483419Z     tier3_mixed_journal_test.go:331: tier3 mixed batch=26 elapsed=2m37.814729079s
journal	Sustain the five-container mixed journal row	2026-10-01T18:20:11.3655062Z     tier3_mixed_journal_test.go:331: tier3 mixed batch=27 elapsed=2m43.031707347s
journal	Sustain the five-container mixed journal row	2026-10-01T18:20:16.9941735Z     tier3_mixed_journal_test.go:331: tier3 mixed batch=28 elapsed=2m48.660630876s
journal	Sustain the five-container mixed journal row	2026-10-01T18:20:22.1610979Z     tier3_mixed_journal_test.go:331: tier3 mixed batch=29 elapsed=2m53.826152842s
journal	Sustain the five-container mixed journal row	2026-10-01T18:20:33.4367825Z     tier3_mixed_journal_test.go:267: tier3 journal fault node=3 scheduled=3m0s killed=3m0.038483739s healed=3m5.103276282s
journal	Sustain the five-container mixed journal row	2026-10-01T18:20:39.8236171Z     tier3_mixed_journal_test.go:329: tier3 checkpoint batch=30 report={Invocations:840 Journals:840 Entries:9255 Terminal:840}
journal	Sustain the five-container mixed journal row	2026-10-01T18:20:39.8238007Z     tier3_mixed_journal_test.go:331: tier3 mixed batch=30 elapsed=3m11.490161331s
journal	Sustain the five-container mixed journal row	2026-10-01T18:20:45.4534542Z     tier3_mixed_journal_test.go:331: tier3 mixed batch=31 elapsed=3m17.11975038s
journal	Sustain the five-container mixed journal row	2026-10-01T18:20:51.0791970Z     tier3_mixed_journal_test.go:331: tier3 mixed batch=32 elapsed=3m22.745426999s
journal	Sustain the five-container mixed journal row	2026-10-01T18:20:56.7114216Z     tier3_mixed_journal_test.go:331: tier3 mixed batch=33 elapsed=3m28.377909895s
journal	Sustain the five-container mixed journal row	2026-10-01T18:21:03.9092727Z     tier3_mixed_journal_test.go:267: tier3 journal fault node=4 scheduled=3m30s killed=3m30.01994674s healed=3m35.575592826s
journal	Sustain the five-container mixed journal row	2026-10-01T18:21:07.2389276Z     tier3_mixed_journal_test.go:331: tier3 mixed batch=34 elapsed=3m38.902153134s
journal	Sustain the five-container mixed journal row	2026-10-01T18:21:12.8711854Z     tier3_mixed_journal_test.go:331: tier3 mixed batch=35 elapsed=3m44.537186767s
journal	Sustain the five-container mixed journal row	2026-10-01T18:21:18.5986318Z     tier3_mixed_journal_test.go:331: tier3 mixed batch=36 elapsed=3m50.265106481s
journal	Sustain the five-container mixed journal row	2026-10-01T18:21:24.2275401Z     tier3_mixed_journal_test.go:331: tier3 mixed batch=37 elapsed=3m55.89285357s
journal	Sustain the five-container mixed journal row	2026-10-01T18:21:35.2640707Z     tier3_mixed_journal_test.go:331: tier3 mixed batch=38 elapsed=4m6.930555736s
journal	Sustain the five-container mixed journal row	2026-10-01T18:21:35.6961121Z     tier3_mixed_journal_test.go:267: tier3 journal fault node=1 scheduled=4m0s killed=4m0.020554328s healed=4m7.358320116s
journal	Sustain the five-container mixed journal row	2026-10-01T18:21:40.3950761Z     tier3_mixed_journal_test.go:331: tier3 mixed batch=39 elapsed=4m12.061543244s
journal	Sustain the five-container mixed journal row	2026-10-01T18:21:48.8197965Z     tier3_mixed_journal_test.go:329: tier3 checkpoint batch=40 report={Invocations:1120 Journals:1120 Entries:12339 Terminal:1120}
journal	Sustain the five-container mixed journal row	2026-10-01T18:21:48.8209553Z     tier3_mixed_journal_test.go:331: tier3 mixed batch=40 elapsed=4m20.48620655s
journal	Sustain the five-container mixed journal row	2026-10-01T18:21:54.4615997Z     tier3_mixed_journal_test.go:331: tier3 mixed batch=41 elapsed=4m26.128128248s
journal	Sustain the five-container mixed journal row	2026-10-01T18:22:04.1856598Z     tier3_mixed_journal_test.go:331: tier3 mixed batch=42 elapsed=4m35.852080604s
journal	Sustain the five-container mixed journal row	2026-10-01T18:22:05.7014567Z     tier3_mixed_journal_test.go:267: tier3 journal fault node=2 scheduled=4m30s killed=4m30.03454329s healed=4m37.367946081s
journal	Sustain the five-container mixed journal row	2026-10-01T18:22:10.6121804Z     tier3_mixed_journal_test.go:331: tier3 mixed batch=43 elapsed=4m42.278485097s
journal	Sustain the five-container mixed journal row	2026-10-01T18:22:16.2411653Z     tier3_mixed_journal_test.go:331: tier3 mixed batch=44 elapsed=4m47.907476206s
journal	Sustain the five-container mixed journal row	2026-10-01T18:22:21.8706789Z     tier3_mixed_journal_test.go:331: tier3 mixed batch=45 elapsed=4m53.536963574s
journal	Sustain the five-container mixed journal row	2026-10-01T18:22:27.4973353Z     tier3_mixed_journal_test.go:331: tier3 mixed batch=46 elapsed=4m59.16382638s
journal	Sustain the five-container mixed journal row	2026-10-01T18:22:35.8250509Z     tier3_mixed_journal_test.go:267: tier3 journal fault node=0 scheduled=5m0s killed=5m0.035388898s healed=5m7.491523482s
journal	Sustain the five-container mixed journal row	2026-10-01T18:22:38.0344444Z     tier3_mixed_journal_test.go:331: tier3 mixed batch=47 elapsed=5m9.69816701s
journal	Sustain the five-container mixed journal row	2026-10-01T18:22:43.7679434Z     tier3_mixed_journal_test.go:331: tier3 mixed batch=48 elapsed=5m15.433441908s
journal	Sustain the five-container mixed journal row	2026-10-01T18:22:49.4926040Z     tier3_mixed_journal_test.go:331: tier3 mixed batch=49 elapsed=5m21.159093341s
journal	Sustain the five-container mixed journal row	2026-10-01T18:23:05.7812058Z     tier3_mixed_journal_test.go:267: tier3 journal fault node=4 scheduled=5m30s killed=5m30.035077552s healed=5m37.447560355s
journal	Sustain the five-container mixed journal row	2026-10-01T18:23:08.9135475Z     tier3_mixed_journal_test.go:329: tier3 checkpoint batch=50 report={Invocations:1400 Journals:1400 Entries:15425 Terminal:1400}
journal	Sustain the five-container mixed journal row	2026-10-01T18:23:08.9137104Z     tier3_mixed_journal_test.go:331: tier3 mixed batch=50 elapsed=5m40.579235317s
journal	Sustain the five-container mixed journal row	2026-10-01T18:23:13.2495426Z     tier3_mixed_journal_test.go:331: tier3 mixed batch=51 elapsed=5m44.915625949s
journal	Sustain the five-container mixed journal row	2026-10-01T18:23:17.3764048Z     tier3_mixed_journal_test.go:331: tier3 mixed batch=52 elapsed=5m49.042325694s
journal	Sustain the five-container mixed journal row	2026-10-01T18:23:21.5010028Z     tier3_mixed_journal_test.go:331: tier3 mixed batch=53 elapsed=5m53.167397028s
journal	Sustain the five-container mixed journal row	2026-10-01T18:23:25.4312951Z     tier3_mixed_journal_test.go:331: tier3 mixed batch=54 elapsed=5m57.097729444s
journal	Sustain the five-container mixed journal row	2026-10-01T18:23:35.6714125Z     tier3_mixed_journal_test.go:267: tier3 journal fault node=0 scheduled=6m0s killed=6m0.01950374s healed=6m7.337856603s
journal	Sustain the five-container mixed journal row	2026-10-01T18:23:36.3658554Z     tier3_mixed_journal_test.go:331: tier3 mixed batch=55 elapsed=6m8.032357345s
journal	Sustain the five-container mixed journal row	2026-10-01T18:23:42.0044724Z     tier3_mixed_journal_test.go:331: tier3 mixed batch=56 elapsed=6m13.670775904s
journal	Sustain the five-container mixed journal row	2026-10-01T18:23:47.6369369Z     tier3_mixed_journal_test.go:331: tier3 mixed batch=57 elapsed=6m19.30311346s
journal	Sustain the five-container mixed journal row	2026-10-01T18:23:53.2725232Z     tier3_mixed_journal_test.go:331: tier3 mixed batch=58 elapsed=6m24.938272064s
journal	Sustain the five-container mixed journal row	2026-10-01T18:24:05.2969235Z     tier3_mixed_journal_test.go:331: tier3 mixed batch=59 elapsed=6m36.963318872s
journal	Sustain the five-container mixed journal row	2026-10-01T18:24:05.9727367Z     tier3_mixed_journal_test.go:267: tier3 journal fault node=3 scheduled=6m30s killed=6m30.02852175s healed=6m37.639153209s
journal	Sustain the five-container mixed journal row	2026-10-01T18:24:14.8528169Z     tier3_mixed_journal_test.go:329: tier3 checkpoint batch=60 report={Invocations:1680 Journals:1680 Entries:18511 Terminal:1680}
journal	Sustain the five-container mixed journal row	2026-10-01T18:24:14.8530148Z     tier3_mixed_journal_test.go:331: tier3 mixed batch=60 elapsed=6m46.519302985s
journal	Sustain the five-container mixed journal row	2026-10-01T18:24:20.4875810Z     tier3_mixed_journal_test.go:331: tier3 mixed batch=61 elapsed=6m52.153912353s
journal	Sustain the five-container mixed journal row	2026-10-01T18:24:26.1160527Z     tier3_mixed_journal_test.go:331: tier3 mixed batch=62 elapsed=6m57.781569134s
journal	Sustain the five-container mixed journal row	2026-10-01T18:24:35.6490060Z     tier3_mixed_journal_test.go:267: tier3 journal fault node=0 scheduled=7m0s killed=7m0.021544162s healed=7m7.315527276s
journal	Sustain the five-container mixed journal row	2026-10-01T18:24:36.9471011Z     tier3_mixed_journal_test.go:331: tier3 mixed batch=63 elapsed=7m8.613128124s
journal	Sustain the five-container mixed journal row	2026-10-01T18:24:40.9749173Z     tier3_mixed_journal_test.go:331: tier3 mixed batch=64 elapsed=7m12.641131902s
journal	Sustain the five-container mixed journal row	2026-10-01T18:24:46.5998320Z     tier3_mixed_journal_test.go:331: tier3 mixed batch=65 elapsed=7m18.265638796s
journal	Sustain the five-container mixed journal row	2026-10-01T18:24:52.2283888Z     tier3_mixed_journal_test.go:331: tier3 mixed batch=66 elapsed=7m23.893306106s
journal	Sustain the five-container mixed journal row	2026-10-01T18:24:57.8546916Z     tier3_mixed_journal_test.go:331: tier3 mixed batch=67 elapsed=7m29.521189296s
journal	Sustain the five-container mixed journal row	2026-10-01T18:25:05.4834316Z     tier3_mixed_journal_test.go:267: tier3 journal fault node=3 scheduled=7m30s killed=7m30.063418648s healed=7m37.149969675s
journal	Sustain the five-container mixed journal row	2026-10-01T18:25:08.6837081Z     tier3_mixed_journal_test.go:331: tier3 mixed batch=68 elapsed=7m40.349370707s
journal	Sustain the five-container mixed journal row	2026-10-01T18:25:14.4069511Z     tier3_mixed_journal_test.go:331: tier3 mixed batch=69 elapsed=7m46.073167993s
journal	Sustain the five-container mixed journal row	2026-10-01T18:25:25.3510448Z     tier3_mixed_journal_test.go:329: tier3 checkpoint batch=70 report={Invocations:1960 Journals:1960 Entries:21590 Terminal:1960}
journal	Sustain the five-container mixed journal row	2026-10-01T18:25:25.3515008Z     tier3_mixed_journal_test.go:331: tier3 mixed batch=70 elapsed=7m57.017521205s
journal	Sustain the five-container mixed journal row	2026-10-01T18:25:34.9810252Z     tier3_mixed_journal_test.go:267: tier3 journal fault node=0 scheduled=8m0s killed=8m0.021324464s healed=8m6.647161728s
journal	Sustain the five-container mixed journal row	2026-10-01T18:25:36.1822524Z     tier3_mixed_journal_test.go:331: tier3 mixed batch=71 elapsed=8m7.848468558s
journal	Sustain the five-container mixed journal row	2026-10-01T18:25:41.7218232Z     tier3_mixed_journal_test.go:331: tier3 mixed batch=72 elapsed=8m13.38769992s
journal	Sustain the five-container mixed journal row	2026-10-01T18:25:46.9223927Z     tier3_mixed_journal_test.go:331: tier3 mixed batch=73 elapsed=8m18.5888975s
journal	Sustain the five-container mixed journal row	2026-10-01T18:25:52.6478084Z     tier3_mixed_journal_test.go:331: tier3 mixed batch=74 elapsed=8m24.314165333s
journal	Sustain the five-container mixed journal row	2026-10-01T18:25:58.2784822Z     tier3_mixed_journal_test.go:331: tier3 mixed batch=75 elapsed=8m29.944878059s
journal	Sustain the five-container mixed journal row	2026-10-01T18:26:03.3124926Z     tier3_mixed_journal_test.go:267: tier3 journal fault node=3 scheduled=8m30s killed=8m30.040702472s healed=8m34.978765482s
journal	Sustain the five-container mixed journal row	2026-10-01T18:26:21.8117619Z     tier3_mixed_journal_test.go:331: tier3 mixed batch=76 elapsed=8m53.477406098s
journal	Sustain the five-container mixed journal row	2026-10-01T18:26:27.4388295Z     tier3_mixed_journal_test.go:331: tier3 mixed batch=77 elapsed=8m59.10482441s
journal	Sustain the five-container mixed journal row	2026-10-01T18:26:37.8126327Z     tier3_mixed_journal_test.go:267: tier3 journal fault node=1 scheduled=9m0s killed=9m0.025553545s healed=9m9.479121068s
journal	Sustain the five-container mixed journal row	2026-10-01T18:26:40.2691618Z     tier3_mixed_journal_test.go:331: tier3 mixed batch=78 elapsed=9m11.935651364s
journal	Sustain the five-container mixed journal row	2026-10-01T18:26:45.9008988Z     tier3_mixed_journal_test.go:331: tier3 mixed batch=79 elapsed=9m17.567378615s
journal	Sustain the five-container mixed journal row	2026-10-01T18:26:57.3630320Z     tier3_mixed_journal_test.go:329: tier3 checkpoint batch=80 report={Invocations:2240 Journals:2240 Entries:24668 Terminal:2240}
journal	Sustain the five-container mixed journal row	2026-10-01T18:26:57.3632176Z     tier3_mixed_journal_test.go:331: tier3 mixed batch=80 elapsed=9m29.029502402s
journal	Sustain the five-container mixed journal row	2026-10-01T18:27:05.5537551Z     tier3_mixed_journal_test.go:267: tier3 journal fault node=3 scheduled=9m30s killed=9m30.020118009s healed=9m37.220009772s
journal	Sustain the five-container mixed journal row	2026-10-01T18:27:08.3964413Z     tier3_mixed_journal_test.go:331: tier3 mixed batch=81 elapsed=9m40.062701726s
journal	Sustain the five-container mixed journal row	2026-10-01T18:27:14.0256178Z     tier3_mixed_journal_test.go:331: tier3 mixed batch=82 elapsed=9m45.692122753s
journal	Sustain the five-container mixed journal row	2026-10-01T18:27:19.6555533Z     tier3_mixed_journal_test.go:331: tier3 mixed batch=83 elapsed=9m51.322119004s
journal	Sustain the five-container mixed journal row	2026-10-01T18:27:25.2845628Z     tier3_mixed_journal_test.go:331: tier3 mixed batch=84 elapsed=9m56.949761897s
journal	Sustain the five-container mixed journal row	2026-10-01T18:27:30.9086973Z     tier3_mixed_journal_test.go:331: tier3 mixed batch=85 elapsed=10m2.575005674s
journal	Sustain the five-container mixed journal row	2026-10-01T18:28:36.6144384Z     tier3_mixed_journal_test.go:408: TIER3_MIXED_CELL type=matrixshort invocations=340 terminal_p99=909.467927ms progress_p99=858.001633ms
journal	Sustain the five-container mixed journal row	2026-10-01T18:28:36.6172456Z     tier3_mixed_journal_test.go:408: TIER3_MIXED_CELL type=matrixtimer invocations=255 terminal_p99=294.426602ms progress_p99=7.304801435s
journal	Sustain the five-container mixed journal row	2026-10-01T18:28:36.6187311Z     tier3_mixed_journal_test.go:408: TIER3_MIXED_CELL type=matrixsignal invocations=170 terminal_p99=8.995051018s progress_p99=556.998483ms
journal	Sustain the five-container mixed journal row	2026-10-01T18:28:36.6199497Z     tier3_mixed_journal_test.go:408: TIER3_MIXED_CELL type=matrixfanout invocations=85 terminal_p99=11.373701895s progress_p99=160.062127ms
journal	Sustain the five-container mixed journal row	2026-10-01T18:28:36.6224005Z     tier3_mixed_journal_test.go:408: TIER3_MIXED_CELL type=matrixchild invocations=510 terminal_p99=207.968173ms progress_p99=160.961144ms
journal	Sustain the five-container mixed journal row	2026-10-01T18:28:36.6242447Z     tier3_mixed_journal_test.go:408: TIER3_MIXED_CELL type=matrixgrandchild invocations=1020 terminal_p99=274.226857ms progress_p99=193.818514ms
journal	Sustain the five-container mixed journal row	2026-10-01T18:28:36.7744687Z     tier3_mixed_journal_test.go:491: TIER3_MIXED_RESULT row=journal seed=1 duration=10m0s five_replicas=true batches=85 invocations=2380 entries=26208 faults=19 full_matrix_release=false
journal	Sustain the five-container mixed journal row	2026-10-01T18:28:40.2495004Z --- PASS: TestFiveContainerMixedJournalLeaderEveryThirtySeconds (700.68s)
journal	Sustain the five-container mixed journal row	2026-10-01T18:28:40.2495550Z PASS
journal	Sustain the five-container mixed journal row	2026-10-01T18:28:41.2768057Z ok  	js-wf/integration	701.719s
journal	Sustain the five-container mixed journal row	2026-10-01T18:28:41.4811448Z {
journal	Sustain the five-container mixed journal row	2026-10-01T18:28:41.4812150Z   "scope": "single five-container R5 journal-leader row",
journal	Sustain the five-container mixed journal row	2026-10-01T18:28:41.4812930Z   "seed": 1,
journal	Sustain the five-container mixed journal row	2026-10-01T18:28:41.4813177Z   "duration_seconds": 600,
journal	Sustain the five-container mixed journal row	2026-10-01T18:28:41.4813448Z   "shortened_smoke": false,
journal	Sustain the five-container mixed journal row	2026-10-01T18:28:41.4813716Z   "invocations": 2380,
journal	Sustain the five-container mixed journal row	2026-10-01T18:28:41.4813975Z   "journal_entries": 26208,
journal	Sustain the five-container mixed journal row	2026-10-01T18:28:41.4814236Z   "confirmed_faults": 19,
journal	Sustain the five-container mixed journal row	2026-10-01T18:28:41.4814467Z   "cells": {
journal	Sustain the five-container mixed journal row	2026-10-01T18:28:41.4814686Z     "matrixshort": {
journal	Sustain the five-container mixed journal row	2026-10-01T18:28:41.4814938Z       "invocations": 340,
journal	Sustain the five-container mixed journal row	2026-10-01T18:28:41.4815239Z       "terminal_p99_seconds": 0.909467927,
journal	Sustain the five-container mixed journal row	2026-10-01T18:28:41.4815586Z       "progress_p99_seconds": 0.858001633
journal	Sustain the five-container mixed journal row	2026-10-01T18:28:41.4815859Z     },
journal	Sustain the five-container mixed journal row	2026-10-01T18:28:41.4816078Z     "matrixtimer": {
journal	Sustain the five-container mixed journal row	2026-10-01T18:28:41.4816336Z       "invocations": 255,
journal	Sustain the five-container mixed journal row	2026-10-01T18:28:41.4816642Z       "terminal_p99_seconds": 0.294426602,
journal	Sustain the five-container mixed journal row	2026-10-01T18:28:41.4816974Z       "progress_p99_seconds": 7.304801435
journal	Sustain the five-container mixed journal row	2026-10-01T18:28:41.4817236Z     },
journal	Sustain the five-container mixed journal row	2026-10-01T18:28:41.4817448Z     "matrixsignal": {
journal	Sustain the five-container mixed journal row	2026-10-01T18:28:41.4817711Z       "invocations": 170,
journal	Sustain the five-container mixed journal row	2026-10-01T18:28:41.4817998Z       "terminal_p99_seconds": 8.995051018,
journal	Sustain the five-container mixed journal row	2026-10-01T18:28:41.4818320Z       "progress_p99_seconds": 0.556998483
journal	Sustain the five-container mixed journal row	2026-10-01T18:28:41.4818570Z     },
journal	Sustain the five-container mixed journal row	2026-10-01T18:28:41.4818972Z     "matrixfanout": {
journal	Sustain the five-container mixed journal row	2026-10-01T18:28:41.4819220Z       "invocations": 85,
journal	Sustain the five-container mixed journal row	2026-10-01T18:28:41.4819516Z       "terminal_p99_seconds": 11.373701895,
journal	Sustain the five-container mixed journal row	2026-10-01T18:28:41.4820135Z       "progress_p99_seconds": 0.160062127
journal	Sustain the five-container mixed journal row	2026-10-01T18:28:41.4820501Z     },
journal	Sustain the five-container mixed journal row	2026-10-01T18:28:41.4820773Z     "matrixchild": {
journal	Sustain the five-container mixed journal row	2026-10-01T18:28:41.4821115Z       "invocations": 510,
journal	Sustain the five-container mixed journal row	2026-10-01T18:28:41.4821550Z       "terminal_p99_seconds": 0.207968173,
journal	Sustain the five-container mixed journal row	2026-10-01T18:28:41.4822029Z       "progress_p99_seconds": 0.160961144
journal	Sustain the five-container mixed journal row	2026-10-01T18:28:41.4822414Z     },
journal	Sustain the five-container mixed journal row	2026-10-01T18:28:41.4822716Z     "matrixgrandchild": {
journal	Sustain the five-container mixed journal row	2026-10-01T18:28:41.4823106Z       "invocations": 1020,
journal	Sustain the five-container mixed journal row	2026-10-01T18:28:41.4823536Z       "terminal_p99_seconds": 0.274226857,
journal	Sustain the five-container mixed journal row	2026-10-01T18:28:41.4824005Z       "progress_p99_seconds": 0.193818514
journal	Sustain the five-container mixed journal row	2026-10-01T18:28:41.4824378Z     }
journal	Sustain the five-container mixed journal row	2026-10-01T18:28:41.4824646Z   },
journal	Sustain the five-container mixed journal row	2026-10-01T18:28:41.4824907Z   "clears_full_tier3_release": false
journal	Sustain the five-container mixed journal row	2026-10-01T18:28:41.4825172Z }
journal	Sustain the five-container mixed journal row	2026-10-01T18:28:41.5208491Z {
journal	Sustain the five-container mixed journal row	2026-10-01T18:28:41.5209368Z   "scope": "recorded decisions of five R5 workers and start/signal/suspended reconcilers",
journal	Sustain the five-container mixed journal row	2026-10-01T18:28:41.5210173Z   "fencing_records": 4,
journal	Sustain the five-container mixed journal row	2026-10-01T18:28:41.5210438Z   "repair_records": 112,
journal	Sustain the five-container mixed journal row	2026-10-01T18:28:41.5210705Z   "fencing_per_worker": {
journal	Sustain the five-container mixed journal row	2026-10-01T18:28:41.5210966Z     "tier3-mixed-2": 2,
journal	Sustain the five-container mixed journal row	2026-10-01T18:28:41.5211213Z     "tier3-mixed-4": 1,
journal	Sustain the five-container mixed journal row	2026-10-01T18:28:41.5211475Z     "tier3-mixed-0": 1
journal	Sustain the five-container mixed journal row	2026-10-01T18:28:41.5211689Z   },
journal	Sustain the five-container mixed journal row	2026-10-01T18:28:41.5211905Z   "repairs_by_outcome": {
journal	Sustain the five-container mixed journal row	2026-10-01T18:28:41.5212180Z     "start/acknowledged": 21,
journal	Sustain the five-container mixed journal row	2026-10-01T18:28:41.5212465Z     "signal/acknowledged": 53,
journal	Sustain the five-container mixed journal row	2026-10-01T18:28:41.5212758Z     "suspended/acknowledged": 38
journal	Sustain the five-container mixed journal row	2026-10-01T18:28:41.5213001Z   },
journal	Sustain the five-container mixed journal row	2026-10-01T18:28:41.5213236Z   "server_root_causes_confirmed": false,
journal	Sustain the five-container mixed journal row	2026-10-01T18:28:41.5213608Z   "independently_reaudits_server_state": false,
journal	Sustain the five-container mixed journal row	2026-10-01T18:28:41.5213949Z   "clears_full_tier3_release": false,
journal	Sustain the five-container mixed journal row	2026-10-01T18:28:41.5214228Z   "input_sha256": {
journal	Sustain the five-container mixed journal row	2026-10-01T18:28:41.5214742Z     "worker-metrics.json": "72c516768a15999d7df08a8c65d69ef8b27de0b15a806196bea71ba8b5b8dc06",
journal	Sustain the five-container mixed journal row	2026-10-01T18:28:41.5215431Z     "fencing.json": "9974c9513e4da86ea74f299df1b4b7331a4f433f36faf2806801becd7a310254",
journal	Sustain the five-container mixed journal row	2026-10-01T18:28:41.5216092Z     "repairs.json": "664b37fdcb730eca8f423faa3fa9531471c7c837b7b2ab32adb10516b720ff3f"
journal	Sustain the five-container mixed journal row	2026-10-01T18:28:41.5216518Z   }
journal	Sustain the five-container mixed journal row	2026-10-01T18:28:41.5216739Z }
journal	Run actions/upload-artifact@v7	﻿2026-10-01T18:28:41.5334660Z ##[group]Run actions/upload-artifact@v7
journal	Run actions/upload-artifact@v7	2026-10-01T18:28:41.5335004Z with:
journal	Run actions/upload-artifact@v7	2026-10-01T18:28:41.5335218Z   name: tier3-mixed-journal
journal	Run actions/upload-artifact@v7	2026-10-01T18:28:41.5336089Z   path: /tmp/tier3-mixed-journal/*.json
journal	Run actions/upload-artifact@v7	/tmp/tier3-mixed-journal/*.jsonl
journal	Run actions/upload-artifact@v7	/tmp/tier3-mixed-journal/*.log
journal	Run actions/upload-artifact@v7	/tmp/tier3-mixed-journal/cluster/nats.conf
journal	Run actions/upload-artifact@v7	/tmp/tier3-mixed-journal-events.jsonl
journal	Run actions/upload-artifact@v7	/tmp/tier3-mixed-journal-result.json
journal	Run actions/upload-artifact@v7	
journal	Run actions/upload-artifact@v7	2026-10-01T18:28:41.5336965Z   if-no-files-found: warn
journal	Run actions/upload-artifact@v7	2026-10-01T18:28:41.5337210Z   compression-level: 6
journal	Run actions/upload-artifact@v7	2026-10-01T18:28:41.5337438Z   overwrite: false
journal	Run actions/upload-artifact@v7	2026-10-01T18:28:41.5337662Z   include-hidden-files: false
journal	Run actions/upload-artifact@v7	2026-10-01T18:28:41.5337924Z   archive: true
journal	Run actions/upload-artifact@v7	2026-10-01T18:28:41.5338129Z env:
journal	Run actions/upload-artifact@v7	2026-10-01T18:28:41.5338341Z   WF_TIER3_MATRIX: 1
journal	Run actions/upload-artifact@v7	2026-10-01T18:28:41.5338569Z   WF_TIER3_MATRIX_DURATION: 10m
journal	Run actions/upload-artifact@v7	2026-10-01T18:28:41.5338820Z   WF_TIER3_SYNC_INTERVAL: 2m
journal	Run actions/upload-artifact@v7	2026-10-01T18:28:41.5339105Z   TIER3_MATRIX_ARTIFACT_ROOT: /tmp/tier3-mixed-journal
journal	Run actions/upload-artifact@v7	2026-10-01T18:28:41.5339438Z   GOMEMLIMIT: 512MiB
journal	Run actions/upload-artifact@v7	2026-10-01T18:28:41.5340090Z   GOMAXPROCS: 2
journal	Run actions/upload-artifact@v7	2026-10-01T18:28:41.5340345Z ##[endgroup]
journal	Run actions/upload-artifact@v7	2026-10-01T18:28:41.6948229Z Multiple search paths detected. Calculating the least common ancestor of all paths
journal	Run actions/upload-artifact@v7	2026-10-01T18:28:41.6950414Z The least common ancestor is /tmp. This will be the root directory of the artifact
journal	Run actions/upload-artifact@v7	2026-10-01T18:28:41.6951203Z With the provided path, there will be 86 files uploaded
journal	Run actions/upload-artifact@v7	2026-10-01T18:28:41.6956087Z Artifact name is valid!
journal	Run actions/upload-artifact@v7	2026-10-01T18:28:41.6956512Z Root directory input is valid!
journal	Run actions/upload-artifact@v7	2026-10-01T18:28:41.9679352Z Uploading artifact: tier3-mixed-journal.zip
journal	Run actions/upload-artifact@v7	2026-10-01T18:28:41.9718462Z Beginning upload of artifact content to blob storage
journal	Run actions/upload-artifact@v7	2026-10-01T18:28:42.4962091Z Uploaded bytes 1130165
journal	Run actions/upload-artifact@v7	2026-10-01T18:28:42.5306556Z Finished uploading artifact content to blob storage!
journal	Run actions/upload-artifact@v7	2026-10-01T18:28:42.5307942Z SHA256 digest of uploaded artifact is 5021357a0af724a7f32d135804bcdbe2de6c6393762a1405b1c0e2c5eb479015
journal	Run actions/upload-artifact@v7	2026-10-01T18:28:42.5308942Z Finalizing artifact upload
journal	Run actions/upload-artifact@v7	2026-10-01T18:28:42.8494143Z Artifact tier3-mixed-journal successfully finalized. Artifact ID 11184751959
journal	Run actions/upload-artifact@v7	2026-10-01T18:28:42.8495239Z Artifact tier3-mixed-journal has been successfully uploaded! Final size is 1130165 bytes. Artifact ID is 11184751959
journal	Run actions/upload-artifact@v7	2026-10-01T18:28:42.8497649Z Artifact download URL: https://github.com/AntPAllen/js-wf/actions/runs/36905129932/artifacts/11184751959
journal	Post Run actions/setup-go@v5	﻿2026-10-01T18:28:42.8683480Z Post job cleanup.
journal	Post Run actions/setup-go@v5	2026-10-01T18:28:42.9920556Z (node:13422) [DEP0040] DeprecationWarning: The `punycode` module is deprecated. Please use a userland alternative instead.
journal	Post Run actions/setup-go@v5	2026-10-01T18:28:42.9921872Z (Use `node --trace-deprecation ...` to show where the warning was created)
journal	Post Run actions/setup-go@v5	2026-10-01T18:28:42.9986804Z [command]/opt/hostedtoolcache/go/1.27.1/x64/bin/go env GOMODCACHE
journal	Post Run actions/setup-go@v5	2026-10-01T18:28:43.0036738Z [command]/opt/hostedtoolcache/go/1.27.1/x64/bin/go env GOCACHE
journal	Post Run actions/setup-go@v5	2026-10-01T18:28:43.0070372Z /home/runner/go/pkg/mod
journal	Post Run actions/setup-go@v5	2026-10-01T18:28:43.0094588Z /home/runner/.cache/go-build
journal	Post Run actions/setup-go@v5	2026-10-01T18:28:43.0098714Z Cache hit occurred on the primary key setup-go-Linux-x64-ubuntu24-go-1.27.1-487c2eade748c1cfcd01caf54d154b8f65df65b05311c1ecee4b42fdda97ee43, not saving cache.
journal	Post Run actions/checkout@v4	﻿2026-10-01T18:28:43.0276511Z Post job cleanup.
journal	Post Run actions/checkout@v4	2026-10-01T18:28:43.1171665Z [command]/usr/bin/git version
journal	Post Run actions/checkout@v4	2026-10-01T18:28:43.1230333Z git version 2.55.0
journal	Post Run actions/checkout@v4	2026-10-01T18:28:43.1262241Z Temporarily overriding HOME='/home/runner/work/_temp/0bf48243-b5a9-4744-a14f-9007d3d24f15' before making global git config changes
journal	Post Run actions/checkout@v4	2026-10-01T18:28:43.1263490Z Adding repository directory to the temporary git global config as a safe directory
journal	Post Run actions/checkout@v4	2026-10-01T18:28:43.1268102Z [command]/usr/bin/git config --global --add safe.directory /home/runner/work/js-wf/js-wf
journal	Post Run actions/checkout@v4	2026-10-01T18:28:43.1310146Z [command]/usr/bin/git config --local --name-only --get-regexp core\.sshCommand
journal	Post Run actions/checkout@v4	2026-10-01T18:28:43.1348503Z [command]/usr/bin/git submodule foreach --recursive sh -c "git config --local --name-only --get-regexp 'core\.sshCommand' && git config --local --unset-all 'core.sshCommand' || :"
journal	Post Run actions/checkout@v4	2026-10-01T18:28:43.1629164Z [command]/usr/bin/git config --local --name-only --get-regexp http\.https\:\/\/github\.com\/\.extraheader
journal	Post Run actions/checkout@v4	2026-10-01T18:28:43.1659949Z http.https://github.com/.extraheader
journal	Post Run actions/checkout@v4	2026-10-01T18:28:43.1673328Z [command]/usr/bin/git config --local --unset-all http.https://github.com/.extraheader
journal	Post Run actions/checkout@v4	2026-10-01T18:28:43.1709383Z [command]/usr/bin/git submodule foreach --recursive sh -c "git config --local --name-only --get-regexp 'http\.https\:\/\/github\.com\/\.extraheader' && git config --local --unset-all 'http.https://github.com/.extraheader' || :"
journal	Post Run actions/checkout@v4	2026-10-01T18:28:43.1983018Z [command]/usr/bin/git config --local --name-only --get-regexp ^includeIf\.gitdir:
journal	Post Run actions/checkout@v4	2026-10-01T18:28:43.2016709Z [command]/usr/bin/git submodule foreach --recursive git config --local --show-origin --name-only --get-regexp remote.origin.url
journal	Complete job	﻿2026-10-01T18:28:43.2423676Z Cleaning up orphan processes
journal	Complete job	2026-10-01T18:28:43.2753322Z ##[warning]Node.js 20 is deprecated. The following actions target Node.js 20 but are being forced to run on Node.js 24: actions/checkout@v4, actions/setup-go@v5. For more information see: https://github.blog/changelog/2025-09-19-deprecation-of-node-20-on-github-actions-runners/
