[1] 2026/10/01 18:26:58.880923 [INF] Starting nats-server
[1] 2026/10/01 18:26:58.881003 [INF]   Version:  2.15.0
[1] 2026/10/01 18:26:58.881006 [INF]   Git:      [not set]
[1] 2026/10/01 18:26:58.881009 [INF]   Cluster:  js-wf-route-5718-1790878619569089815
[1] 2026/10/01 18:26:58.881011 [INF]   Name:     js-wf-route-5718-1790878619569089815-n3
[1] 2026/10/01 18:26:58.881015 [INF]   Node:     dwP3V2Dn
[1] 2026/10/01 18:26:58.881018 [INF]   ID:       NBAYXB46ZTIQFTXL6QU3CWA7PHY2WVB7V37UK3P5RVRFJBBHCJXUDLJX
[1] 2026/10/01 18:26:58.881030 [INF] Using configuration file: /etc/nats.conf (sha256:2b3c0cdf1bae0dc828987430072bec52f1eee9114880f8779b1ec8bfa212027e)
[1] 2026/10/01 18:26:58.881494 [INF] Starting http monitor on 0.0.0.0:8222
[1] 2026/10/01 18:26:58.881622 [INF] Starting JetStream
[1] 2026/10/01 18:26:58.881754 [INF]     _ ___ _____ ___ _____ ___ ___   _   __  __
[1] 2026/10/01 18:26:58.881763 [INF]  _ | | __|_   _/ __|_   _| _ \ __| /_\ |  \/  |
[1] 2026/10/01 18:26:58.881765 [INF] | || | _|  | | \__ \ | | |   / _| / _ \| |\/| |
[1] 2026/10/01 18:26:58.881767 [INF]  \__/|___| |_| |___/ |_| |_|_\___/_/ \_\_|  |_|
[1] 2026/10/01 18:26:58.881769 [INF] 
[1] 2026/10/01 18:26:58.881771 [INF]          https://docs.nats.io/jetstream
[1] 2026/10/01 18:26:58.881773 [INF] 
[1] 2026/10/01 18:26:58.881775 [INF] ---------------- JETSTREAM ----------------
[1] 2026/10/01 18:26:58.881777 [INF]   Strict:          true
[1] 2026/10/01 18:26:58.881781 [INF]   Max Memory:      11.71 GB
[1] 2026/10/01 18:26:58.881784 [INF]   Max Storage:     62.92 GB
[1] 2026/10/01 18:26:58.881786 [INF]   Store Directory: "/data/jetstream"
[1] 2026/10/01 18:26:58.881788 [INF]   API Level:       5
[1] 2026/10/01 18:26:58.881791 [INF] -------------------------------------------
[1] 2026/10/01 18:26:58.882438 [INF]   Starting restore for stream '$G > WF_INV'
[1] 2026/10/01 18:26:58.882499 [INF]   Starting restore for stream '$G > WF_PURGE'
[1] 2026/10/01 18:26:58.882619 [INF]   Starting restore for stream '$G > WF_RUN'
[1] 2026/10/01 18:26:58.883273 [WRN] Filestore [WF_RUN] Stream state detected prior state, could not locate msg block 5
[1] 2026/10/01 18:26:58.883389 [WRN] Filestore [WF_RUN] Recovering stream state from index errored: prior state file
[1] 2026/10/01 18:26:58.883609 [WRN] Filestore [WF_INV] Stream state outdated, last block has additional entries, will rebuild
[1] 2026/10/01 18:26:58.884054 [WRN] Filestore [WF_INV] Recovering stream state from index errored: prior state file
[1] 2026/10/01 18:26:58.884081 [INF]   Starting restore for stream '$G > KV_WF_ASSIGN'
[1] 2026/10/01 18:26:58.883816 [INF]   Starting restore for stream '$G > WF_SIG'
[1] 2026/10/01 18:26:58.882443 [INF]   Starting restore for stream '$G > KV_WF_VIEW'
[1] 2026/10/01 18:26:58.882446 [INF]   Starting restore for stream '$G > OBJ_WF_BLOB'
[1] 2026/10/01 18:26:58.885544 [INF]   Restored 0 messages for stream '$G > KV_WF_ASSIGN' in 1ms
[1] 2026/10/01 18:26:58.882462 [INF]   Starting restore for stream '$G > WF_JRN'
[1] 2026/10/01 18:26:58.885841 [INF]   Restored 0 messages for stream '$G > KV_WF_VIEW' in 0s
[1] 2026/10/01 18:26:58.882481 [INF]   Starting restore for stream '$G > KV_WF_LEASE'
[1] 2026/10/01 18:26:58.882438 [INF]   Starting restore for stream '$G > KV_WF_STATE'
[1] 2026/10/01 18:26:58.884012 [WRN] Filestore [WF_RUN] Message scheduling state is outdated; attempting to recover using linear scan (seq 8843 to 8919)
[1] 2026/10/01 18:26:58.884040 [INF]   Restored 0 messages for stream '$G > WF_PURGE' in 2ms
[1] 2026/10/01 18:26:58.886180 [INF]   Restored 0 messages for stream '$G > OBJ_WF_BLOB' in 1ms
[1] 2026/10/01 18:26:58.887799 [INF]   Restored 28 messages for stream '$G > WF_RUN' in 5ms
[1] 2026/10/01 18:26:58.887889 [INF]   Recovering 64 consumers for stream - '$G > WF_RUN'
[1] 2026/10/01 18:26:58.888541 [WRN] Filestore [KV_WF_LEASE] Stream state outdated, last block has additional entries, will rebuild
[1] 2026/10/01 18:26:58.888553 [WRN] Filestore [KV_WF_LEASE] Recovering stream state from index errored: prior state file
[1] 2026/10/01 18:26:58.891032 [WRN] Filestore [WF_SIG] Stream state outdated, last block has additional entries, will rebuild
[1] 2026/10/01 18:26:58.891210 [WRN] Filestore [WF_SIG] Recovering stream state from index errored: prior state file
[1] 2026/10/01 18:26:58.891885 [WRN] Filestore [KV_WF_STATE] Stream state outdated, last block has additional entries, will rebuild
[1] 2026/10/01 18:26:58.894651 [WRN] Filestore [KV_WF_STATE] Recovering stream state from index errored: prior state file
[1] 2026/10/01 18:26:58.896165 [INF]   Restored 2,754 messages for stream '$G > WF_SIG' in 12ms
[1] 2026/10/01 18:26:58.896850 [WRN] Filestore [WF_JRN] Stream state outdated, last block has additional entries, will rebuild
[1] 2026/10/01 18:26:58.898758 [WRN] Filestore [WF_JRN] Recovering stream state from index errored: prior state file
[1] 2026/10/01 18:26:58.897749 [INF]   Restored 2,268 messages for stream '$G > WF_INV' in 15ms
[1] 2026/10/01 18:26:58.912684 [INF]   Restored 2,267 messages for stream '$G > KV_WF_STATE' in 27ms
[1] 2026/10/01 18:26:58.924327 [WRN] Filestore [KV_WF_LEASE] TTL state is outdated; attempting to recover using linear scan (seq 38662 to 53729)
[1] 2026/10/01 18:26:58.942701 [INF]   Restored 24,919 messages for stream '$G > WF_JRN' in 57ms
[1] 2026/10/01 18:26:58.962210 [INF]   Restored 871 messages for stream '$G > KV_WF_LEASE' in 76ms
[1] 2026/10/01 18:26:58.962271 [INF] Starting JetStream cluster
[1] 2026/10/01 18:26:58.962279 [INF] Creating JetStream metadata controller
[1] 2026/10/01 18:26:58.962472 [WRN] Filestore [_meta_] Stream state outdated, last block has additional entries, will rebuild
[1] 2026/10/01 18:26:58.962480 [WRN] Filestore [_meta_] Recovering stream state from index errored: prior state file
[1] 2026/10/01 18:26:58.962939 [INF] JetStream cluster recovering state
[1] 2026/10/01 18:26:58.965310 [INF] Took 83.681051ms to start JetStream
[1] 2026/10/01 18:26:58.965388 [INF] Listening for client connections on 0.0.0.0:4222
[1] 2026/10/01 18:26:58.965573 [INF] Server is ready
[1] 2026/10/01 18:26:58.965593 [INF] Cluster name is js-wf-route-5718-1790878619569089815
[1] 2026/10/01 18:26:58.965627 [INF] Listening for route connections on 0.0.0.0:6222
[1] 2026/10/01 18:26:58.966879 [INF] 172.19.0.2:6222 - rid:167 - Route connection created
[1] 2026/10/01 18:26:58.966883 [INF] 172.19.0.2:6222 - rid:166 - Route connection created
[1] 2026/10/01 18:26:58.968519 [INF] 172.19.0.6:43008 - rid:168 - Route connection created
[1] 2026/10/01 18:26:58.968663 [INF] 172.19.0.6:43006 - rid:169 - Route connection created
[1] 2026/10/01 18:26:58.968727 [INF] 172.19.0.3:34090 - rid:170 - Route connection created
[1] 2026/10/01 18:26:58.969628 [INF] 172.19.0.4:47168 - rid:171 - Route connection created
[1] 2026/10/01 18:26:58.969680 [INF] 172.19.0.4:47140 - rid:172 - Route connection created
[1] 2026/10/01 18:26:58.969817 [INF] 172.19.0.2:6222 - rid:173 - Route connection created
[1] 2026/10/01 18:26:58.969907 [INF] 172.19.0.3:34096 - rid:174 - Route connection created
[1] 2026/10/01 18:26:58.969931 [INF] 172.19.0.4:47152 - rid:175 - Route connection created
[1] 2026/10/01 18:26:58.970564 [INF] 172.19.0.3:34108 - rid:176 - Route connection created
[1] 2026/10/01 18:26:58.971138 [INF] 172.19.0.3:34124 - rid:177 - Route connection created
[1] 2026/10/01 18:26:58.971622 [INF] 172.19.0.6:43020 - rid:178 - Route connection created
[1] 2026/10/01 18:26:58.971797 [INF] 172.19.0.4:47178 - rid:179 - Route connection created
[1] 2026/10/01 18:26:58.972287 [INF] 172.19.0.2:6222 - rid:180 - Route connection created
[1] 2026/10/01 18:26:58.972440 [INF] 172.19.0.4:47194 - rid:181 - Route connection created
[1] 2026/10/01 18:26:58.972998 [INF] 172.19.0.4:47194 - rid:181 - Router connection closed: Client Closed
[1] 2026/10/01 18:26:58.973070 [INF] 172.19.0.6:43034 - rid:182 - Route connection created
[1] 2026/10/01 18:26:59.066001 [WRN] Waiting for routing to be established...
[1] 2026/10/01 18:26:59.148339 [WRN] Filestore [C-R5F-SHz7yI29] Stream state outdated, last block has additional entries, will rebuild
[1] 2026/10/01 18:26:59.148420 [WRN] Filestore [C-R5F-SHz7yI29] Recovering stream state from index errored: prior state file
[1] 2026/10/01 18:26:59.152367 [WRN] Filestore [C-R5F-HaGT0kyw] Stream state outdated, last block has additional entries, will rebuild
[1] 2026/10/01 18:26:59.152378 [WRN] Filestore [C-R5F-HaGT0kyw] Recovering stream state from index errored: prior state file
[1] 2026/10/01 18:26:59.154004 [WRN] Filestore [C-R5F-wwFKwktY] Stream state outdated, last block has additional entries, will rebuild
[1] 2026/10/01 18:26:59.154013 [WRN] Filestore [C-R5F-wwFKwktY] Recovering stream state from index errored: prior state file
[1] 2026/10/01 18:26:59.158062 [WRN] Filestore [C-R5F-HYZPv77n] Stream state outdated, last block has additional entries, will rebuild
[1] 2026/10/01 18:26:59.158071 [WRN] Filestore [C-R5F-HYZPv77n] Recovering stream state from index errored: prior state file
[1] 2026/10/01 18:26:59.159473 [WRN] Filestore [C-R5F-ckCLO79e] Stream state outdated, last block has additional entries, will rebuild
[1] 2026/10/01 18:26:59.159481 [WRN] Filestore [C-R5F-ckCLO79e] Recovering stream state from index errored: prior state file
[1] 2026/10/01 18:26:59.160696 [WRN] Filestore [C-R5F-uowHG10n] Stream state outdated, last block has additional entries, will rebuild
[1] 2026/10/01 18:26:59.160705 [WRN] Filestore [C-R5F-uowHG10n] Recovering stream state from index errored: prior state file
[1] 2026/10/01 18:26:59.164995 [WRN] Filestore [C-R5F-gzclWn7o] Stream state outdated, last block has additional entries, will rebuild
[1] 2026/10/01 18:26:59.165004 [WRN] Filestore [C-R5F-gzclWn7o] Recovering stream state from index errored: prior state file
[1] 2026/10/01 18:26:59.169301 [WRN] Filestore [C-R5F-2OdNQLjx] Stream state outdated, last block has additional entries, will rebuild
[1] 2026/10/01 18:26:59.169313 [WRN] Filestore [C-R5F-2OdNQLjx] Recovering stream state from index errored: prior state file
[1] 2026/10/01 18:26:59.170618 [WRN] Filestore [C-R5F-p3R2cr5q] Stream state outdated, last block has additional entries, will rebuild
[1] 2026/10/01 18:26:59.170629 [WRN] Filestore [C-R5F-p3R2cr5q] Recovering stream state from index errored: prior state file
[1] 2026/10/01 18:26:59.177391 [WRN] Filestore [C-R5F-1w3a4xh2] Stream state outdated, last block has additional entries, will rebuild
[1] 2026/10/01 18:26:59.177400 [WRN] Filestore [C-R5F-1w3a4xh2] Recovering stream state from index errored: prior state file
[1] 2026/10/01 18:26:59.179614 [WRN] Filestore [C-R5F-phL8WJoG] Stream state outdated, last block has additional entries, will rebuild
[1] 2026/10/01 18:26:59.179626 [WRN] Filestore [C-R5F-phL8WJoG] Recovering stream state from index errored: prior state file
[1] 2026/10/01 18:26:59.181042 [WRN] Filestore [C-R5F-gQ6UlnBE] Stream state outdated, last block has additional entries, will rebuild
[1] 2026/10/01 18:26:59.181053 [WRN] Filestore [C-R5F-gQ6UlnBE] Recovering stream state from index errored: prior state file
[1] 2026/10/01 18:26:59.183807 [WRN] Filestore [C-R5F-hz7knthn] Stream state outdated, last block has additional entries, will rebuild
[1] 2026/10/01 18:26:59.183818 [WRN] Filestore [C-R5F-hz7knthn] Recovering stream state from index errored: prior state file
[1] 2026/10/01 18:26:59.185282 [WRN] Filestore [C-R5F-t2RW7vWJ] Stream state outdated, last block has additional entries, will rebuild
[1] 2026/10/01 18:26:59.185295 [WRN] Filestore [C-R5F-t2RW7vWJ] Recovering stream state from index errored: prior state file
[1] 2026/10/01 18:26:59.186695 [WRN] Filestore [C-R5F-GyN5P4s5] Stream state outdated, last block has additional entries, will rebuild
[1] 2026/10/01 18:26:59.186704 [WRN] Filestore [C-R5F-GyN5P4s5] Recovering stream state from index errored: prior state file
[1] 2026/10/01 18:26:59.189812 [WRN] Filestore [C-R5F-f43XwAll] Stream state outdated, last block has additional entries, will rebuild
[1] 2026/10/01 18:26:59.189824 [WRN] Filestore [C-R5F-f43XwAll] Recovering stream state from index errored: prior state file
[1] 2026/10/01 18:26:59.191224 [WRN] Filestore [C-R5F-e5Bk2XVA] Stream state outdated, last block has additional entries, will rebuild
[1] 2026/10/01 18:26:59.191235 [WRN] Filestore [C-R5F-e5Bk2XVA] Recovering stream state from index errored: prior state file
[1] 2026/10/01 18:26:59.195946 [WRN] Filestore [C-R5F-KWLWBuf4] Stream state outdated, last block has additional entries, will rebuild
[1] 2026/10/01 18:26:59.196079 [WRN] Filestore [C-R5F-KWLWBuf4] Recovering stream state from index errored: prior state file
[1] 2026/10/01 18:26:59.197328 [WRN] Filestore [C-R5F-7gt5kULu] Stream state outdated, last block has additional entries, will rebuild
[1] 2026/10/01 18:26:59.197340 [WRN] Filestore [C-R5F-7gt5kULu] Recovering stream state from index errored: prior state file
[1] 2026/10/01 18:26:59.198600 [WRN] Filestore [C-R5F-9r9zNayR] Stream state outdated, last block has additional entries, will rebuild
[1] 2026/10/01 18:26:59.198611 [WRN] Filestore [C-R5F-9r9zNayR] Recovering stream state from index errored: prior state file
[1] 2026/10/01 18:26:59.204327 [WRN] Filestore [C-R5F-ngwwuPm7] Stream state outdated, last block has additional entries, will rebuild
[1] 2026/10/01 18:26:59.204339 [WRN] Filestore [C-R5F-ngwwuPm7] Recovering stream state from index errored: prior state file
[1] 2026/10/01 18:26:59.205581 [WRN] Filestore [C-R5F-Z7ctSSUc] Stream state outdated, last block has additional entries, will rebuild
[1] 2026/10/01 18:26:59.205590 [WRN] Filestore [C-R5F-Z7ctSSUc] Recovering stream state from index errored: prior state file
[1] 2026/10/01 18:26:59.206901 [WRN] Filestore [C-R5F-AZvh1tb6] Stream state outdated, last block has additional entries, will rebuild
[1] 2026/10/01 18:26:59.206914 [WRN] Filestore [C-R5F-AZvh1tb6] Recovering stream state from index errored: prior state file
[1] 2026/10/01 18:26:59.213567 [WRN] Filestore [C-R5F-Ljg3O969] Stream state outdated, last block has additional entries, will rebuild
[1] 2026/10/01 18:26:59.213580 [WRN] Filestore [C-R5F-Ljg3O969] Recovering stream state from index errored: prior state file
[1] 2026/10/01 18:26:59.214897 [WRN] Filestore [C-R5F-ghY59GZP] Stream state outdated, last block has additional entries, will rebuild
[1] 2026/10/01 18:26:59.214909 [WRN] Filestore [C-R5F-ghY59GZP] Recovering stream state from index errored: prior state file
[1] 2026/10/01 18:26:59.218034 [WRN] Filestore [C-R5F-kzgFwYuE] Stream state outdated, last block has additional entries, will rebuild
[1] 2026/10/01 18:26:59.218044 [WRN] Filestore [C-R5F-kzgFwYuE] Recovering stream state from index errored: prior state file
[1] 2026/10/01 18:26:59.223687 [WRN] Filestore [C-R5F-T2N1jJnB] Stream state outdated, last block has additional entries, will rebuild
[1] 2026/10/01 18:26:59.223697 [WRN] Filestore [C-R5F-T2N1jJnB] Recovering stream state from index errored: prior state file
[1] 2026/10/01 18:26:59.225055 [WRN] Filestore [C-R5F-lPGgikX5] Stream state outdated, last block has additional entries, will rebuild
[1] 2026/10/01 18:26:59.225064 [WRN] Filestore [C-R5F-lPGgikX5] Recovering stream state from index errored: prior state file
[1] 2026/10/01 18:26:59.228075 [WRN] Filestore [C-R5F-lEP7NFSP] Stream state outdated, last block has additional entries, will rebuild
[1] 2026/10/01 18:26:59.228084 [WRN] Filestore [C-R5F-lEP7NFSP] Recovering stream state from index errored: prior state file
[1] 2026/10/01 18:26:59.229637 [WRN] Filestore [C-R5F-yhMUokHE] Stream state outdated, last block has additional entries, will rebuild
[1] 2026/10/01 18:26:59.229648 [WRN] Filestore [C-R5F-yhMUokHE] Recovering stream state from index errored: prior state file
[1] 2026/10/01 18:26:59.233542 [WRN] Filestore [C-R5F-5SOP1cW7] Stream state outdated, last block has additional entries, will rebuild
[1] 2026/10/01 18:26:59.233552 [WRN] Filestore [C-R5F-5SOP1cW7] Recovering stream state from index errored: prior state file
[1] 2026/10/01 18:26:59.239687 [WRN] Filestore [C-R5F-kdsSVaGH] Stream state outdated, last block has additional entries, will rebuild
[1] 2026/10/01 18:26:59.239699 [WRN] Filestore [C-R5F-kdsSVaGH] Recovering stream state from index errored: prior state file
[1] 2026/10/01 18:26:59.242809 [WRN] Filestore [C-R5F-IpacN0CV] Stream state outdated, last block has additional entries, will rebuild
[1] 2026/10/01 18:26:59.242822 [WRN] Filestore [C-R5F-IpacN0CV] Recovering stream state from index errored: prior state file
[1] 2026/10/01 18:26:59.244188 [WRN] Filestore [C-R5F-y1wSwq6c] Stream state outdated, last block has additional entries, will rebuild
[1] 2026/10/01 18:26:59.244200 [WRN] Filestore [C-R5F-y1wSwq6c] Recovering stream state from index errored: prior state file
[1] 2026/10/01 18:26:59.248376 [WRN] Filestore [C-R5F-MZMS7VgY] Stream state outdated, last block has additional entries, will rebuild
[1] 2026/10/01 18:26:59.248386 [WRN] Filestore [C-R5F-MZMS7VgY] Recovering stream state from index errored: prior state file
[1] 2026/10/01 18:26:59.251231 [WRN] Filestore [C-R5F-fFunxWR4] Stream state outdated, last block has additional entries, will rebuild
[1] 2026/10/01 18:26:59.251241 [WRN] Filestore [C-R5F-fFunxWR4] Recovering stream state from index errored: prior state file
[1] 2026/10/01 18:26:59.255047 [WRN] Filestore [C-R5F-Zevwt5bL] Stream state outdated, last block has additional entries, will rebuild
[1] 2026/10/01 18:26:59.255059 [WRN] Filestore [C-R5F-Zevwt5bL] Recovering stream state from index errored: prior state file
[1] 2026/10/01 18:26:59.261012 [WRN] Metalayer blocking snapshot starting
[1] 2026/10/01 18:26:59.262581 [WRN] Metalayer blocking snapshot took 0.002s (streams: 10, consumers: 65, compacted: 83.48 KB)
[1] 2026/10/01 18:26:59.262738 [WRN] JetStream has not established contact with a meta leader
[1] 2026/10/01 18:26:59.409568 [INF] JetStream cluster new metadata leader: js-wf-route-5718-1790878619569089815-n4/js-wf-route-5718-1790878619569089815
[1] 2026/10/01 18:27:04.009962 [INF] JetStream cluster new stream leader for '$G > WF_JRN'