=== RUN   TestGraphPrefixCompactionCommitBatchesAndFences
=== RUN   TestGraphPrefixCompactionCommitBatchesAndFences/normal
    compaction_commit_test.go:44: partial commit false <nil> { 0  { 0 []} [] [] []} 12 3
=== RUN   TestGraphPrefixCompactionCommitBatchesAndFences/inherited
    compaction_commit_test.go:44: partial commit false <nil> { 0  { 0 []} [] [] []} 10 3
=== RUN   TestGraphPrefixCompactionCommitBatchesAndFences/record-deadline
    compaction_commit_test.go:44: partial commit false <nil> { 0  { 0 []} [] [] []} 12 3
=== RUN   TestGraphPrefixCompactionCommitBatchesAndFences/node-deadline
    compaction_commit_test.go:44: partial commit false <nil> { 0  { 0 []} [] [] []} 12 3
=== RUN   TestGraphPrefixCompactionCommitBatchesAndFences/append
    compaction_commit_test.go:44: partial commit false <nil> { 0  { 0 []} [] [] []} 12 3
=== RUN   TestGraphPrefixCompactionCommitBatchesAndFences/reader
    compaction_commit_test.go:44: partial commit false <nil> { 0  { 0 []} [] [] []} 12 3
=== RUN   TestGraphPrefixCompactionCommitBatchesAndFences/retire
    compaction_commit_test.go:44: partial commit false <nil> { 0  { 0 []} [] [] []} 12 3
=== RUN   TestGraphPrefixCompactionCommitBatchesAndFences/collector-records
    compaction_commit_test.go:44: partial commit false <nil> { 0  { 0 []} [] [] []} 12 3
=== RUN   TestGraphPrefixCompactionCommitBatchesAndFences/collector-nodes
    compaction_commit_test.go:44: partial commit false <nil> { 0  { 0 []} [] [] []} 12 3
=== RUN   TestGraphPrefixCompactionCommitBatchesAndFences/collector-at-cas
    compaction_commit_test.go:44: partial commit false <nil> { 0  { 0 []} [] [] []} 12 3
=== RUN   TestGraphPrefixCompactionCommitBatchesAndFences/node-grant
    compaction_commit_test.go:44: partial commit false <nil> { 0  { 0 []} [] [] []} 12 3
=== RUN   TestGraphPrefixCompactionCommitBatchesAndFences/drop
    compaction_commit_test.go:44: partial commit false <nil> { 0  { 0 []} [] [] []} 12 3
=== RUN   TestGraphPrefixCompactionCommitBatchesAndFences/lost
    compaction_commit_test.go:44: partial commit false <nil> { 0  { 0 []} [] [] []} 12 3
=== RUN   TestGraphPrefixCompactionCommitBatchesAndFences/unconfirmed
    compaction_commit_test.go:44: partial commit false <nil> { 0  { 0 []} [] [] []} 12 3
=== RUN   TestGraphPrefixCompactionCommitBatchesAndFences/plan-ownership
    compaction_commit_test.go:44: partial commit false <nil> { 0  { 0 []} [] [] []} 12 3
--- FAIL: TestGraphPrefixCompactionCommitBatchesAndFences (0.11s)
    --- FAIL: TestGraphPrefixCompactionCommitBatchesAndFences/normal (0.00s)
    --- FAIL: TestGraphPrefixCompactionCommitBatchesAndFences/inherited (0.01s)
    --- FAIL: TestGraphPrefixCompactionCommitBatchesAndFences/record-deadline (0.01s)
    --- FAIL: TestGraphPrefixCompactionCommitBatchesAndFences/node-deadline (0.01s)
    --- FAIL: TestGraphPrefixCompactionCommitBatchesAndFences/append (0.01s)
    --- FAIL: TestGraphPrefixCompactionCommitBatchesAndFences/reader (0.00s)
    --- FAIL: TestGraphPrefixCompactionCommitBatchesAndFences/retire (0.00s)
    --- FAIL: TestGraphPrefixCompactionCommitBatchesAndFences/collector-records (0.04s)
    --- FAIL: TestGraphPrefixCompactionCommitBatchesAndFences/collector-nodes (0.00s)
    --- FAIL: TestGraphPrefixCompactionCommitBatchesAndFences/collector-at-cas (0.00s)
    --- FAIL: TestGraphPrefixCompactionCommitBatchesAndFences/node-grant (0.00s)
    --- FAIL: TestGraphPrefixCompactionCommitBatchesAndFences/drop (0.00s)
    --- FAIL: TestGraphPrefixCompactionCommitBatchesAndFences/lost (0.00s)
    --- FAIL: TestGraphPrefixCompactionCommitBatchesAndFences/unconfirmed (0.01s)
    --- FAIL: TestGraphPrefixCompactionCommitBatchesAndFences/plan-ownership (0.01s)
FAIL
FAIL	js-wf/internal/graphpublication	0.112s
FAIL
