=== RUN   TestOwnerIndexedNativeNamespaceAdmission
=== RUN   TestOwnerIndexedNativeNamespaceAdmission/legacy-on-legacy
=== RUN   TestOwnerIndexedNativeNamespaceAdmission/indexed-on-indexed
=== RUN   TestOwnerIndexedNativeNamespaceAdmission/legacy-on-indexed
=== RUN   TestOwnerIndexedNativeNamespaceAdmission/indexed-on-legacy
--- PASS: TestOwnerIndexedNativeNamespaceAdmission (0.00s)
    --- PASS: TestOwnerIndexedNativeNamespaceAdmission/legacy-on-legacy (0.00s)
    --- PASS: TestOwnerIndexedNativeNamespaceAdmission/indexed-on-indexed (0.00s)
    --- PASS: TestOwnerIndexedNativeNamespaceAdmission/legacy-on-indexed (0.00s)
    --- PASS: TestOwnerIndexedNativeNamespaceAdmission/indexed-on-legacy (0.00s)
=== RUN   TestNativeGraphOwnerScopeIndexRecovery
=== RUN   TestNativeGraphOwnerScopeIndexRecovery/R1
    nats_owner_scope_test.go:259: NATIVE_OWNER_INDEX replicas=1 discovered=9 blob_reads=9 full_census=0 orphan_uploads=2 absent_reservations=1 restart=all_peers
=== RUN   TestNativeGraphOwnerScopeIndexRecovery/R3
    nats_owner_scope_test.go:259: NATIVE_OWNER_INDEX replicas=3 discovered=9 blob_reads=9 full_census=0 orphan_uploads=2 absent_reservations=1 restart=all_peers
--- PASS: TestNativeGraphOwnerScopeIndexRecovery (11.82s)
    --- PASS: TestNativeGraphOwnerScopeIndexRecovery/R1 (1.52s)
    --- PASS: TestNativeGraphOwnerScopeIndexRecovery/R3 (10.30s)
PASS
ok  	js-wf/internal/graphpublication	12.846s
