2026-10-01T12:00:56.0249558Z ##[group]Run echo "Tier 1 seeds per workload: 1..${SIM_SEEDS}"
2026-10-01T12:00:56.0250099Z [36;1mecho "Tier 1 seeds per workload: 1..${SIM_SEEDS}"[0m
2026-10-01T12:00:56.0250622Z [36;1m/usr/bin/time -f 'elapsed=%e user=%U system=%S' go test -v ./sim -count=1 -timeout=170m[0m
2026-10-01T12:00:56.0426044Z shell: /usr/bin/bash -e {0}
2026-10-01T12:00:56.0426399Z env:
2026-10-01T12:00:56.0426695Z   SIM_SEEDS: 100000
2026-10-01T12:00:56.0426976Z   SIM_COVERAGE_SUMMARY: 1
2026-10-01T12:00:56.0427329Z   FAULT_TRACE_OUT: sim-failure.json
2026-10-01T12:00:56.0427663Z ##[endgroup]
2026-10-01T12:00:56.0505220Z Tier 1 seeds per workload: 1..100000
2026-10-01T12:00:59.6957586Z === RUN   TestSeededBlobMetadataReplay
2026-10-01T12:01:01.8375867Z --- PASS: TestSeededBlobMetadataReplay (2.14s)
2026-10-01T12:01:01.8376799Z === RUN   TestSeededBlobSweepReplay
2026-10-01T12:01:06.2868917Z --- PASS: TestSeededBlobSweepReplay (4.45s)
2026-10-01T12:01:06.2869518Z === RUN   TestSeededCheckpointReadReplay
2026-10-01T12:02:15.3614123Z --- PASS: TestSeededCheckpointReadReplay (69.07s)
2026-10-01T12:02:15.3615011Z === RUN   TestSeededCheckpointSnapshotReplay
2026-10-01T12:02:36.4070221Z --- PASS: TestSeededCheckpointSnapshotReplay (21.05s)
2026-10-01T12:02:36.4071416Z === RUN   TestChildWakeupLivenessNegativeControls
2026-10-01T12:02:36.4072155Z === RUN   TestChildWakeupLivenessNegativeControls/skipped_notifier
2026-10-01T12:02:36.4072747Z === RUN   TestChildWakeupLivenessNegativeControls/dropped_signal
2026-10-01T12:02:36.4073637Z === RUN   TestChildWakeupLivenessNegativeControls/dropped_wakeup
2026-10-01T12:02:36.4076632Z === RUN   TestChildWakeupLivenessNegativeControls/removed_wakeup
2026-10-01T12:02:36.4078013Z === RUN   TestChildWakeupLivenessNegativeControls/changed_notification
2026-10-01T12:02:36.4079241Z === RUN   TestChildWakeupLivenessNegativeControls/changed_notification_hash
2026-10-01T12:02:36.4080302Z === RUN   TestChildWakeupLivenessNegativeControls/consumed_purged_signal
2026-10-01T12:02:36.4081512Z === RUN   TestChildWakeupLivenessNegativeControls/wrong_consumed_outcome
2026-10-01T12:02:36.4082564Z === RUN   TestChildWakeupLivenessNegativeControls/wrong_consumed_hash
2026-10-01T12:02:36.4083409Z === RUN   TestChildWakeupLivenessNegativeControls/parent_terminal
2026-10-01T12:02:36.4084453Z === RUN   TestChildWakeupLivenessNegativeControls/stale_parent_terminal
2026-10-01T12:02:36.4085068Z === RUN   TestChildWakeupLivenessNegativeControls/parent_reused
2026-10-01T12:02:36.4085962Z === RUN   TestChildWakeupLivenessNegativeControls/parent_absent
2026-10-01T12:02:36.4087217Z === RUN   TestChildWakeupLivenessNegativeControls/child_nonterminal
2026-10-01T12:02:36.4087930Z === RUN   TestChildWakeupLivenessNegativeControls/stale_child_terminal
2026-10-01T12:02:36.4088558Z --- PASS: TestChildWakeupLivenessNegativeControls (0.00s)
2026-10-01T12:02:36.4089384Z     --- PASS: TestChildWakeupLivenessNegativeControls/skipped_notifier (0.00s)
2026-10-01T12:02:36.4090016Z     --- PASS: TestChildWakeupLivenessNegativeControls/dropped_signal (0.00s)
2026-10-01T12:02:36.4090673Z     --- PASS: TestChildWakeupLivenessNegativeControls/dropped_wakeup (0.00s)
2026-10-01T12:02:36.4091323Z     --- PASS: TestChildWakeupLivenessNegativeControls/removed_wakeup (0.00s)
2026-10-01T12:02:36.4093201Z     --- PASS: TestChildWakeupLivenessNegativeControls/changed_notification (0.00s)
2026-10-01T12:02:36.4094254Z     --- PASS: TestChildWakeupLivenessNegativeControls/changed_notification_hash (0.00s)
2026-10-01T12:02:36.4095117Z     --- PASS: TestChildWakeupLivenessNegativeControls/consumed_purged_signal (0.00s)
2026-10-01T12:02:36.4095991Z     --- PASS: TestChildWakeupLivenessNegativeControls/wrong_consumed_outcome (0.00s)
2026-10-01T12:02:36.4096964Z     --- PASS: TestChildWakeupLivenessNegativeControls/wrong_consumed_hash (0.00s)
2026-10-01T12:02:36.4097813Z     --- PASS: TestChildWakeupLivenessNegativeControls/parent_terminal (0.00s)
2026-10-01T12:02:36.4098695Z     --- PASS: TestChildWakeupLivenessNegativeControls/stale_parent_terminal (0.00s)
2026-10-01T12:02:36.4099782Z     --- PASS: TestChildWakeupLivenessNegativeControls/parent_reused (0.00s)
2026-10-01T12:02:36.4100711Z     --- PASS: TestChildWakeupLivenessNegativeControls/parent_absent (0.00s)
2026-10-01T12:02:36.4101582Z     --- PASS: TestChildWakeupLivenessNegativeControls/child_nonterminal (0.00s)
2026-10-01T12:02:36.4102416Z     --- PASS: TestChildWakeupLivenessNegativeControls/stale_child_terminal (0.00s)
2026-10-01T12:02:36.4103124Z === RUN   TestSeededChildNotificationReplay
2026-10-01T12:03:59.0396869Z --- PASS: TestSeededChildNotificationReplay (82.63s)
2026-10-01T12:03:59.0400779Z === RUN   TestSeededContinuationCanceledTimerReplay
2026-10-01T12:05:24.1848127Z --- PASS: TestSeededContinuationCanceledTimerReplay (85.15s)
2026-10-01T12:05:24.1848948Z === RUN   TestSeededContinuationLimitReplay
2026-10-01T12:07:05.2070087Z --- PASS: TestSeededContinuationLimitReplay (101.02s)
2026-10-01T12:07:05.2071300Z === RUN   TestModeledJournalEntryLimitBounds
2026-10-01T12:07:05.2072845Z === RUN   TestModeledJournalEntryLimitBounds/0
2026-10-01T12:07:05.2073641Z === RUN   TestModeledJournalEntryLimitBounds/3
2026-10-01T12:07:05.2074195Z === RUN   TestModeledJournalEntryLimitBounds/4
2026-10-01T12:07:05.2074764Z === RUN   TestModeledJournalEntryLimitBounds/16
2026-10-01T12:07:05.2075195Z === RUN   TestModeledJournalEntryLimitBounds/100000
2026-10-01T12:07:05.2075683Z === RUN   TestModeledJournalEntryLimitBounds/100001
2026-10-01T12:07:05.2076158Z --- PASS: TestModeledJournalEntryLimitBounds (0.00s)
2026-10-01T12:07:05.2076727Z     --- PASS: TestModeledJournalEntryLimitBounds/0 (0.00s)
2026-10-01T12:07:05.2077326Z     --- PASS: TestModeledJournalEntryLimitBounds/3 (0.00s)
2026-10-01T12:07:05.2077826Z     --- PASS: TestModeledJournalEntryLimitBounds/4 (0.00s)
2026-10-01T12:07:05.2078418Z     --- PASS: TestModeledJournalEntryLimitBounds/16 (0.00s)
2026-10-01T12:07:05.2079283Z     --- PASS: TestModeledJournalEntryLimitBounds/100000 (0.00s)
2026-10-01T12:07:05.2079880Z     --- PASS: TestModeledJournalEntryLimitBounds/100001 (0.00s)
2026-10-01T12:07:05.2080450Z === RUN   TestSeededContinuationPanicReplay
2026-10-01T12:08:59.5924286Z --- PASS: TestSeededContinuationPanicReplay (114.39s)
2026-10-01T12:08:59.5952622Z === RUN   TestSeededContinuationPromiseReplay
2026-10-01T12:19:01.6318624Z     continuation_promise_replay_test.go:365: mode=clean first_seed=5
2026-10-01T12:19:01.6319362Z     continuation_promise_replay_test.go:365: mode=resume_read_once first_seed=7
2026-10-01T12:19:01.6319951Z     continuation_promise_replay_test.go:365: mode=resume_read_twice first_seed=12
2026-10-01T12:19:01.6320762Z     continuation_promise_replay_test.go:365: mode=corrupt_child first_seed=4
2026-10-01T12:19:01.6321317Z     continuation_promise_replay_test.go:365: mode=terminal_drop first_seed=1
2026-10-01T12:19:01.6321885Z     continuation_promise_replay_test.go:365: mode=terminal_ack_lost first_seed=2
2026-10-01T12:19:01.6534891Z --- PASS: TestSeededContinuationPromiseReplay (602.06s)
2026-10-01T12:19:01.6535647Z === RUN   TestSeededContinuationRetirementReplay
2026-10-01T12:20:11.3976546Z --- PASS: TestSeededContinuationRetirementReplay (69.74s)
2026-10-01T12:20:11.3977830Z === RUN   TestSeededContinuationRunningCancelReplay
2026-10-01T12:21:18.5861563Z --- PASS: TestSeededContinuationRunningCancelReplay (67.19s)
2026-10-01T12:21:18.5862398Z === RUN   TestSeededContinuationSDKReplay
2026-10-01T12:21:40.0244476Z --- PASS: TestSeededContinuationSDKReplay (21.44s)
2026-10-01T12:21:40.0245349Z === RUN   TestCoordinatorClaimFailsClosed
2026-10-01T12:21:40.0246082Z === RUN   TestCoordinatorClaimFailsClosed/read
2026-10-01T12:21:40.0254585Z === RUN   TestCoordinatorClaimFailsClosed/drop
2026-10-01T12:21:40.0263373Z === RUN   TestCoordinatorClaimFailsClosed/lost_ack
2026-10-01T12:21:40.0270179Z === RUN   TestCoordinatorClaimFailsClosed/conflict
2026-10-01T12:21:40.0274887Z --- PASS: TestCoordinatorClaimFailsClosed (0.00s)
2026-10-01T12:21:40.0275735Z     --- PASS: TestCoordinatorClaimFailsClosed/read (0.00s)
2026-10-01T12:21:40.0276573Z     --- PASS: TestCoordinatorClaimFailsClosed/drop (0.00s)
2026-10-01T12:21:40.0277672Z     --- PASS: TestCoordinatorClaimFailsClosed/lost_ack (0.00s)
2026-10-01T12:21:40.0278465Z     --- PASS: TestCoordinatorClaimFailsClosed/conflict (0.00s)
2026-10-01T12:21:40.0279163Z === RUN   TestSeededDeadOwnerDrainReplay
2026-10-01T12:22:08.3859638Z --- PASS: TestSeededDeadOwnerDrainReplay (28.36s)
2026-10-01T12:22:08.3860246Z === RUN   TestCooperativeTwoDispatchWorkersReplay
2026-10-01T12:22:19.1163748Z --- PASS: TestCooperativeTwoDispatchWorkersReplay (10.73s)
2026-10-01T12:22:19.1164635Z === RUN   TestSeededDispatchModelReplay
2026-10-01T12:22:25.6520931Z --- PASS: TestSeededDispatchModelReplay (6.54s)
2026-10-01T12:22:25.6521656Z === RUN   TestDispatchLostAckCommitted
2026-10-01T12:22:25.6522381Z --- PASS: TestDispatchLostAckCommitted (0.00s)
2026-10-01T12:22:25.6523026Z === RUN   TestDispatchDurableRestartAndSharedConsumers
2026-10-01T12:22:25.6523744Z --- PASS: TestDispatchDurableRestartAndSharedConsumers (0.00s)
2026-10-01T12:22:25.6524610Z === RUN   TestDispatchLateAckAfterRedeliveryIsIdempotent
2026-10-01T12:22:25.6525338Z --- PASS: TestDispatchLateAckAfterRedeliveryIsIdempotent (0.00s)
2026-10-01T12:22:25.6526047Z === RUN   TestSeededEnqueueTransportRetryReplay
2026-10-01T12:22:29.5080438Z --- PASS: TestSeededEnqueueTransportRetryReplay (3.86s)
2026-10-01T12:22:29.5081328Z === RUN   TestEnqueueWithoutMessageIDPreservesUnknownOutcome
2026-10-01T12:22:29.5082052Z --- PASS: TestEnqueueWithoutMessageIDPreservesUnknownOutcome (0.00s)
2026-10-01T12:22:29.5082593Z === RUN   TestCooperativeFallbackScannersReplay
2026-10-01T12:23:46.5203680Z --- PASS: TestCooperativeFallbackScannersReplay (77.01s)
2026-10-01T12:23:46.5205172Z === RUN   TestSeededFallbackLoopReplay
2026-10-01T12:24:17.9366396Z --- PASS: TestSeededFallbackLoopReplay (31.42s)
2026-10-01T12:24:17.9367507Z === RUN   TestSeededFallbackTimerPipelineReplay
2026-10-01T12:24:31.0932221Z --- PASS: TestSeededFallbackTimerPipelineReplay (13.16s)
2026-10-01T12:24:31.0932839Z === RUN   TestSeededHandleCacheCancellationReplay
2026-10-01T12:24:33.3861335Z --- PASS: TestSeededHandleCacheCancellationReplay (2.29s)
2026-10-01T12:24:33.3862130Z === RUN   TestSeededRetainedInvariantChecks
2026-10-01T12:24:56.1178316Z --- PASS: TestSeededRetainedInvariantChecks (22.73s)
2026-10-01T12:24:56.1178983Z === RUN   TestSeededJournalBatchReadReplay
2026-10-01T12:28:11.9201614Z --- PASS: TestSeededJournalBatchReadReplay (195.80s)
2026-10-01T12:28:11.9202484Z === RUN   TestSeededJournalManifestReadReplay
2026-10-01T12:28:24.0811275Z --- PASS: TestSeededJournalManifestReadReplay (12.16s)
2026-10-01T12:28:24.0812354Z === RUN   TestSeededJournalOpenFailureReplay
2026-10-01T12:28:59.0217816Z --- PASS: TestSeededJournalOpenFailureReplay (34.94s)
2026-10-01T12:28:59.0218780Z === RUN   TestModeledJournalReadKeepsGlobalHolesAndRejectsIndexGap
2026-10-01T12:28:59.0221434Z --- PASS: TestModeledJournalReadKeepsGlobalHolesAndRejectsIndexGap (0.00s)
2026-10-01T12:28:59.0222493Z === RUN   TestSeededJournalSerialReadReplay
2026-10-01T12:29:09.1295202Z --- PASS: TestSeededJournalSerialReadReplay (10.11s)
2026-10-01T12:29:09.1295926Z === RUN   TestSeededStalledJournalCursorReplay
2026-10-01T12:29:44.9333805Z --- PASS: TestSeededStalledJournalCursorReplay (35.80s)
2026-10-01T12:29:44.9334884Z === RUN   TestJournalAppendFaultBoundaries
2026-10-01T12:29:44.9335765Z === RUN   TestJournalAppendFaultBoundaries/ack_lost_after_commit
2026-10-01T12:29:44.9336634Z === RUN   TestJournalAppendFaultBoundaries/drop_before_commit
2026-10-01T12:29:44.9337376Z === RUN   TestJournalAppendFaultBoundaries/unchanged_tail_reject
2026-10-01T12:29:44.9338094Z === RUN   TestJournalAppendFaultBoundaries/persistent_unchanged_tail_reject
2026-10-01T12:29:44.9338930Z === RUN   TestJournalAppendFaultBoundaries/competing_writer_advances_tail
2026-10-01T12:29:44.9339596Z --- PASS: TestJournalAppendFaultBoundaries (0.00s)
2026-10-01T12:29:44.9340405Z     --- PASS: TestJournalAppendFaultBoundaries/ack_lost_after_commit (0.00s)
2026-10-01T12:29:44.9341214Z     --- PASS: TestJournalAppendFaultBoundaries/drop_before_commit (0.00s)
2026-10-01T12:29:44.9342309Z     --- PASS: TestJournalAppendFaultBoundaries/unchanged_tail_reject (0.00s)
2026-10-01T12:29:44.9343202Z     --- PASS: TestJournalAppendFaultBoundaries/persistent_unchanged_tail_reject (0.00s)
2026-10-01T12:29:44.9344302Z     --- PASS: TestJournalAppendFaultBoundaries/competing_writer_advances_tail (0.00s)
2026-10-01T12:29:44.9345054Z === RUN   TestSeededAppendTraceReplaysAcrossProcesses
2026-10-01T12:29:44.9509070Z --- PASS: TestSeededAppendTraceReplaysAcrossProcesses (0.02s)
2026-10-01T12:29:44.9510031Z === RUN   TestThousandSeededJournalAppendScenarios
2026-10-01T12:31:21.3386358Z --- PASS: TestThousandSeededJournalAppendScenarios (96.39s)
2026-10-01T12:31:21.3387470Z === RUN   TestCooperativeTwoWriterCASReplay
2026-10-01T12:31:21.3551128Z --- PASS: TestCooperativeTwoWriterCASReplay (0.02s)
2026-10-01T12:31:21.3551626Z === RUN   TestReplayFaultTrace
2026-10-01T12:31:21.3552288Z     journal_transport_test.go:578: set FAULT_TRACE to replay a saved Tier 1 trace
2026-10-01T12:31:21.3552758Z --- SKIP: TestReplayFaultTrace (0.00s)
2026-10-01T12:31:21.3553136Z === RUN   TestMinimizeFaultTrace
2026-10-01T12:31:21.3553606Z     journal_transport_test.go:619: set FAULT_TRACE to a failing saved Tier 1 trace
2026-10-01T12:31:21.3554228Z --- SKIP: TestMinimizeFaultTrace (0.00s)
2026-10-01T12:31:21.3555458Z === RUN   TestPinnedRegressionCorpus
2026-10-01T12:31:21.3556154Z === RUN   TestPinnedRegressionCorpus/automatic-membership.json
2026-10-01T12:31:21.3578898Z === RUN   TestPinnedRegressionCorpus/blob-metadata-bucket.json
2026-10-01T12:31:21.3580343Z === RUN   TestPinnedRegressionCorpus/blob-metadata-json.json
2026-10-01T12:31:21.3581383Z === RUN   TestPinnedRegressionCorpus/blob-metadata-name.json
2026-10-01T12:31:21.3582528Z === RUN   TestPinnedRegressionCorpus/blob-metadata-state_operation.json
2026-10-01T12:31:21.3583709Z === RUN   TestPinnedRegressionCorpus/blob-sweep-delete_ack_lost.json
2026-10-01T12:31:21.3586705Z === RUN   TestPinnedRegressionCorpus/blob-sweep-snapshot_read_fault.json
2026-10-01T12:31:21.3588109Z === RUN   TestPinnedRegressionCorpus/cas-dropped-request.json
2026-10-01T12:31:21.3589792Z === RUN   TestPinnedRegressionCorpus/cas-hidden-ack.json
2026-10-01T12:31:21.3591690Z === RUN   TestPinnedRegressionCorpus/cas-tail-lookup-retry.json
2026-10-01T12:31:21.3593056Z === RUN   TestPinnedRegressionCorpus/checkpoint-read-42.json
2026-10-01T12:31:21.3623469Z === RUN   TestPinnedRegressionCorpus/checkpoint-snapshot-42.json
2026-10-01T12:31:21.3628651Z === RUN   TestPinnedRegressionCorpus/child-notification.json
2026-10-01T12:31:21.3640133Z === RUN   TestPinnedRegressionCorpus/continuation-canceled-timer-42.json
2026-10-01T12:31:21.3653701Z === RUN   TestPinnedRegressionCorpus/continuation-limit-42.json
2026-10-01T12:31:21.3676372Z === RUN   TestPinnedRegressionCorpus/continuation-panic-42.json
2026-10-01T12:31:21.3694391Z === RUN   TestPinnedRegressionCorpus/continuation-promise-42.json
2026-10-01T12:31:21.3776589Z === RUN   TestPinnedRegressionCorpus/continuation-promise-corrupt-4.json
2026-10-01T12:31:21.3824561Z === RUN   TestPinnedRegressionCorpus/continuation-retirement-42.json
2026-10-01T12:31:21.3836409Z === RUN   TestPinnedRegressionCorpus/continuation-running-cancel-42.json
2026-10-01T12:31:21.3851102Z === RUN   TestPinnedRegressionCorpus/continuation-sdk-42.json
2026-10-01T12:31:21.3856110Z === RUN   TestPinnedRegressionCorpus/dispatch-two-workers.json
2026-10-01T12:31:21.3858689Z === RUN   TestPinnedRegressionCorpus/enqueue-no-stream-response.json
2026-10-01T12:31:21.3859445Z === RUN   TestPinnedRegressionCorpus/enqueue-timeout-after-commit.json
2026-10-01T12:31:21.3860461Z === RUN   TestPinnedRegressionCorpus/enqueue-transport-retry.json
2026-10-01T12:31:21.3861332Z === RUN   TestPinnedRegressionCorpus/handle-cache-cancellation.json
2026-10-01T12:31:21.3862216Z === RUN   TestPinnedRegressionCorpus/journal-manifest-read.json
2026-10-01T12:31:21.3873063Z === RUN   TestPinnedRegressionCorpus/journal-open-failure.json
2026-10-01T12:31:21.3880538Z === RUN   TestPinnedRegressionCorpus/journal-serial-read.json
2026-10-01T12:31:21.3891671Z === RUN   TestPinnedRegressionCorpus/journal-stalled-cursor.json
2026-10-01T12:31:21.3898342Z === RUN   TestPinnedRegressionCorpus/lease-cleanup-conflict.json
2026-10-01T12:31:21.3899435Z === RUN   TestPinnedRegressionCorpus/lease-cleanup-stale-read.json
2026-10-01T12:31:21.3900100Z === RUN   TestPinnedRegressionCorpus/lease-clock-skew-seed1.json
2026-10-01T12:31:21.3903587Z === RUN   TestPinnedRegressionCorpus/lease-clock-skew-seed2.json
2026-10-01T12:31:21.3905230Z === RUN   TestPinnedRegressionCorpus/lease-expiry-32-acquirers.json
2026-10-01T12:31:21.3915086Z === RUN   TestPinnedRegressionCorpus/lease-gate-cancellation.json
2026-10-01T12:31:21.3916289Z === RUN   TestPinnedRegressionCorpus/lease-heartbeat-delayed-ack.json
2026-10-01T12:31:21.3917118Z === RUN   TestPinnedRegressionCorpus/lease-heartbeat-reuse.json
2026-10-01T12:31:21.3917764Z === RUN   TestPinnedRegressionCorpus/manual-owner-drain.json
2026-10-01T12:31:21.3931696Z === RUN   TestPinnedRegressionCorpus/outcome-persistence.json
2026-10-01T12:31:21.3936983Z === RUN   TestPinnedRegressionCorpus/paused-claim-after-renew.json
2026-10-01T12:31:21.3946422Z === RUN   TestPinnedRegressionCorpus/paused-claim-before-renew.json
2026-10-01T12:31:21.3958954Z === RUN   TestPinnedRegressionCorpus/paused-coordinator-after-renew.json
2026-10-01T12:31:21.3982238Z === RUN   TestPinnedRegressionCorpus/paused-coordinator-before-renew.json
2026-10-01T12:31:21.3998687Z === RUN   TestPinnedRegressionCorpus/purge-blob-invocation_ack_lost.json
2026-10-01T12:31:21.4002090Z === RUN   TestPinnedRegressionCorpus/purge-blob-missing_inv_state_read_lost.json
2026-10-01T12:31:21.4005677Z === RUN   TestPinnedRegressionCorpus/purge-blob-purge_event_ack_lost.json
2026-10-01T12:31:21.4008531Z === RUN   TestPinnedRegressionCorpus/purge-blob-snapshot_corrupt.json
2026-10-01T12:31:21.4019319Z === RUN   TestPinnedRegressionCorpus/purge-blob-snapshot_delayed_read.json
2026-10-01T12:31:21.4022698Z === RUN   TestPinnedRegressionCorpus/retained-invariants.json
2026-10-01T12:31:21.4027670Z === RUN   TestPinnedRegressionCorpus/select-many.json
2026-10-01T12:31:21.4030860Z === RUN   TestPinnedRegressionCorpus/select-suspended-scan-promise.json
2026-10-01T12:31:21.4053039Z === RUN   TestPinnedRegressionCorpus/select-suspended-scan.json
2026-10-01T12:31:21.4082681Z === RUN   TestPinnedRegressionCorpus/signal-history-duplicate-windows.json
2026-10-01T12:31:21.4083740Z === RUN   TestPinnedRegressionCorpus/signal-lease-cost-42.json
2026-10-01T12:31:21.4100187Z === RUN   TestPinnedRegressionCorpus/signal-liveness.json
2026-10-01T12:31:21.4101009Z === RUN   TestPinnedRegressionCorpus/snapshot-append-after-compact.json
2026-10-01T12:31:21.4104838Z === RUN   TestPinnedRegressionCorpus/snapshot-append-before-compact.json
2026-10-01T12:31:21.4110926Z === RUN   TestPinnedRegressionCorpus/snapshot-append-hidden-ack.json
2026-10-01T12:31:21.4115903Z === RUN   TestPinnedRegressionCorpus/snapshot-purge-after-release.json
2026-10-01T12:31:21.4119371Z === RUN   TestPinnedRegressionCorpus/snapshot-purge-fenced.json
2026-10-01T12:31:21.4122332Z === RUN   TestPinnedRegressionCorpus/snapshot-read-compacted.json
2026-10-01T12:31:21.4126757Z === RUN   TestPinnedRegressionCorpus/snapshot-stale-longer-compactor.json
2026-10-01T12:31:21.4145284Z === RUN   TestPinnedRegressionCorpus/snapshot-two-compactors.json
2026-10-01T12:31:21.4150808Z === RUN   TestPinnedRegressionCorpus/snapshot-write-compact.json
2026-10-01T12:31:21.4169288Z === RUN   TestPinnedRegressionCorpus/start-retry-repair.json
2026-10-01T12:31:21.4183179Z === RUN   TestPinnedRegressionCorpus/suspended-liveness.json
2026-10-01T12:31:21.4184378Z === RUN   TestPinnedRegressionCorpus/suspended-two-scanners.json
2026-10-01T12:31:21.4205133Z === RUN   TestPinnedRegressionCorpus/terminal-held-42.json
2026-10-01T12:31:21.4206191Z === RUN   TestPinnedRegressionCorpus/tombstone-delete_ack_lost.json
2026-10-01T12:31:21.4207063Z === RUN   TestPinnedRegressionCorpus/tombstone-revision_changed.json
2026-10-01T12:31:21.4208001Z === RUN   TestPinnedRegressionCorpus/unchanged-coordinator-after-renew.json
2026-10-01T12:31:21.4220207Z === RUN   TestPinnedRegressionCorpus/worker-cancel-durable-poll.json
2026-10-01T12:31:21.4224236Z === RUN   TestPinnedRegressionCorpus/worker-canceled-retained-lease.json
2026-10-01T12:31:21.4225375Z === RUN   TestPinnedRegressionCorpus/worker-child-execution.json
2026-10-01T12:31:21.4231973Z === RUN   TestPinnedRegressionCorpus/worker-compactor-seed1.json
2026-10-01T12:31:21.4269229Z === RUN   TestPinnedRegressionCorpus/worker-compactor-seed11508.json
2026-10-01T12:31:21.4303055Z === RUN   TestPinnedRegressionCorpus/worker-continuation-42.json
2026-10-01T12:31:21.4323648Z === RUN   TestPinnedRegressionCorpus/worker-execution.json
2026-10-01T12:31:21.4331365Z === RUN   TestPinnedRegressionCorpus/worker-fallback-timer-execution.json
2026-10-01T12:31:21.4336443Z === RUN   TestPinnedRegressionCorpus/worker-fallback-timer-loop.json
2026-10-01T12:31:21.4340937Z === RUN   TestPinnedRegressionCorpus/worker-fanout-interruption-1.json
2026-10-01T12:31:21.4361270Z === RUN   TestPinnedRegressionCorpus/worker-fanout-interruption-2.json
2026-10-01T12:31:21.4395049Z === RUN   TestPinnedRegressionCorpus/worker-fanout-interruption-42.json
2026-10-01T12:31:21.4415065Z === RUN   TestPinnedRegressionCorpus/worker-heartbeat-execution.json
2026-10-01T12:31:21.4416016Z === RUN   TestPinnedRegressionCorpus/worker-heartbeat-handoff.json
2026-10-01T12:31:21.4417772Z === RUN   TestPinnedRegressionCorpus/worker-heartbeat-nak-drop.json
2026-10-01T12:31:21.4427151Z === RUN   TestPinnedRegressionCorpus/worker-heartbeat-progress-drop.json
2026-10-01T12:31:21.4431056Z === RUN   TestPinnedRegressionCorpus/worker-heartbeat-reuse.json
2026-10-01T12:31:21.4433068Z === RUN   TestPinnedRegressionCorpus/worker-large-read-retry.json
2026-10-01T12:31:21.4561646Z === RUN   TestPinnedRegressionCorpus/worker-large-result.json
2026-10-01T12:31:21.4701073Z === RUN   TestPinnedRegressionCorpus/worker-observed-renewal-cost-2.json
2026-10-01T12:31:21.4715872Z === RUN   TestPinnedRegressionCorpus/worker-observed-renewal-cost-42.json
2026-10-01T12:31:21.4730400Z === RUN   TestPinnedRegressionCorpus/worker-observed-renewal-cost-5.json
2026-10-01T12:31:21.4745450Z === RUN   TestPinnedRegressionCorpus/worker-pause-lease.json
2026-10-01T12:31:21.4747154Z === RUN   TestPinnedRegressionCorpus/worker-promise-retirement-42.json
2026-10-01T12:31:21.4845141Z === RUN   TestPinnedRegressionCorpus/worker-retirement-42.json
2026-10-01T12:31:21.4867876Z === RUN   TestPinnedRegressionCorpus/worker-running-cancel.json
2026-10-01T12:31:21.4870868Z === RUN   TestPinnedRegressionCorpus/worker-select-both-ready.json
2026-10-01T12:31:21.4876751Z === RUN   TestPinnedRegressionCorpus/worker-select-execution.json
2026-10-01T12:31:21.4880956Z === RUN   TestPinnedRegressionCorpus/worker-signal-execution.json
2026-10-01T12:31:21.4885786Z === RUN   TestPinnedRegressionCorpus/worker-signal-write-latency.json
2026-10-01T12:31:21.4897113Z === RUN   TestPinnedRegressionCorpus/worker-snapshot-budget-completed-5.json
2026-10-01T12:31:21.4904253Z === RUN   TestPinnedRegressionCorpus/worker-snapshot-budget-failed-2.json
2026-10-01T12:31:21.4906534Z === RUN   TestPinnedRegressionCorpus/worker-snapshot-budget-suspended-1.json
2026-10-01T12:31:21.4915077Z === RUN   TestPinnedRegressionCorpus/worker-snapshot-execution.json
2026-10-01T12:31:21.5005726Z === RUN   TestPinnedRegressionCorpus/worker-successive-kills-v2.json
2026-10-01T12:31:21.5009865Z === RUN   TestPinnedRegressionCorpus/worker-successive-kills.json
2026-10-01T12:31:21.5012844Z === RUN   TestPinnedRegressionCorpus/worker-tail-completed-1.json
2026-10-01T12:31:21.5016306Z === RUN   TestPinnedRegressionCorpus/worker-tail-completed-2.json
2026-10-01T12:31:21.5025123Z === RUN   TestPinnedRegressionCorpus/worker-tail-completed-3.json
2026-10-01T12:31:21.5030369Z === RUN   TestPinnedRegressionCorpus/worker-tail-requested-1.json
2026-10-01T12:31:21.5037218Z === RUN   TestPinnedRegressionCorpus/worker-tail-requested-2.json
2026-10-01T12:31:21.5039309Z === RUN   TestPinnedRegressionCorpus/worker-tail-requested-3.json
2026-10-01T12:31:21.5042617Z === RUN   TestPinnedRegressionCorpus/worker-tail-started-1.json
2026-10-01T12:31:21.5045276Z === RUN   TestPinnedRegressionCorpus/worker-tail-started-2.json
2026-10-01T12:31:21.5048788Z === RUN   TestPinnedRegressionCorpus/worker-tail-started-3.json
2026-10-01T12:31:21.5052427Z === RUN   TestPinnedRegressionCorpus/worker-tail-terminal-1.json
2026-10-01T12:31:21.5055941Z === RUN   TestPinnedRegressionCorpus/worker-tail-terminal-2.json
2026-10-01T12:31:21.5059654Z === RUN   TestPinnedRegressionCorpus/worker-tail-terminal-3.json
2026-10-01T12:31:21.5063712Z === RUN   TestPinnedRegressionCorpus/worker-terminal-owned-ack-lost-4.json
2026-10-01T12:31:21.5085137Z === RUN   TestPinnedRegressionCorpus/worker-terminal-owned-child-notify-1.json
2026-10-01T12:31:21.5093430Z === RUN   TestPinnedRegressionCorpus/worker-terminal-owned-child-notify-ack-lost-7.json
2026-10-01T12:31:21.5106209Z === RUN   TestPinnedRegressionCorpus/worker-terminal-owned-child-notify-drop-17.json
2026-10-01T12:31:21.5125578Z === RUN   TestPinnedRegressionCorpus/worker-terminal-owned-completed-26.json
2026-10-01T12:31:21.5135813Z === RUN   TestPinnedRegressionCorpus/worker-terminal-owned-failed-13.json
2026-10-01T12:31:21.5146095Z === RUN   TestPinnedRegressionCorpus/worker-terminal-owned-malformed-3.json
2026-10-01T12:31:21.5156979Z === RUN   TestPinnedRegressionCorpus/worker-terminal-owned-missing-state-14.json
2026-10-01T12:31:21.5175724Z === RUN   TestPinnedRegressionCorpus/worker-terminal-owned-state-read-lost-5.json
2026-10-01T12:31:21.5186120Z === RUN   TestPinnedRegressionCorpus/worker-terminal-owned-tombstone-18.json
2026-10-01T12:31:21.5197766Z === RUN   TestPinnedRegressionCorpus/worker-terminal-owned-wrong-generation-2.json
2026-10-01T12:31:21.5211253Z === RUN   TestPinnedRegressionCorpus/worker-timer-execution.json
2026-10-01T12:31:21.5218937Z === RUN   TestPinnedRegressionCorpus/worker-timer-route-quorum.json
2026-10-01T12:31:21.5223229Z === RUN   TestPinnedRegressionCorpus/workflow-determinism.json
2026-10-01T12:31:21.5235245Z === RUN   TestPinnedRegressionCorpus/workqueue-retention-held.json
2026-10-01T12:31:21.5240971Z --- PASS: TestPinnedRegressionCorpus (0.17s)
2026-10-01T12:31:21.5241881Z     --- PASS: TestPinnedRegressionCorpus/automatic-membership.json (0.00s)
2026-10-01T12:31:21.5242900Z     --- PASS: TestPinnedRegressionCorpus/blob-metadata-bucket.json (0.00s)
2026-10-01T12:31:21.5244150Z     --- PASS: TestPinnedRegressionCorpus/blob-metadata-json.json (0.00s)
2026-10-01T12:31:21.5244976Z     --- PASS: TestPinnedRegressionCorpus/blob-metadata-name.json (0.00s)
2026-10-01T12:31:21.5245843Z     --- PASS: TestPinnedRegressionCorpus/blob-metadata-state_operation.json (0.00s)
2026-10-01T12:31:21.5246760Z     --- PASS: TestPinnedRegressionCorpus/blob-sweep-delete_ack_lost.json (0.00s)
2026-10-01T12:31:21.5247705Z     --- PASS: TestPinnedRegressionCorpus/blob-sweep-snapshot_read_fault.json (0.00s)
2026-10-01T12:31:21.5248587Z     --- PASS: TestPinnedRegressionCorpus/cas-dropped-request.json (0.00s)
2026-10-01T12:31:21.5249394Z     --- PASS: TestPinnedRegressionCorpus/cas-hidden-ack.json (0.00s)
2026-10-01T12:31:21.5250248Z     --- PASS: TestPinnedRegressionCorpus/cas-tail-lookup-retry.json (0.00s)
2026-10-01T12:31:21.5251085Z     --- PASS: TestPinnedRegressionCorpus/checkpoint-read-42.json (0.00s)
2026-10-01T12:31:21.5251951Z     --- PASS: TestPinnedRegressionCorpus/checkpoint-snapshot-42.json (0.00s)
2026-10-01T12:31:21.5252760Z     --- PASS: TestPinnedRegressionCorpus/child-notification.json (0.00s)
2026-10-01T12:31:21.5253670Z     --- PASS: TestPinnedRegressionCorpus/continuation-canceled-timer-42.json (0.00s)
2026-10-01T12:31:21.5254701Z     --- PASS: TestPinnedRegressionCorpus/continuation-limit-42.json (0.00s)
2026-10-01T12:31:21.5255569Z     --- PASS: TestPinnedRegressionCorpus/continuation-panic-42.json (0.00s)
2026-10-01T12:31:21.5256495Z     --- PASS: TestPinnedRegressionCorpus/continuation-promise-42.json (0.01s)
2026-10-01T12:31:21.5257800Z     --- PASS: TestPinnedRegressionCorpus/continuation-promise-corrupt-4.json (0.00s)
2026-10-01T12:31:21.5258736Z     --- PASS: TestPinnedRegressionCorpus/continuation-retirement-42.json (0.00s)
2026-10-01T12:31:21.5259696Z     --- PASS: TestPinnedRegressionCorpus/continuation-running-cancel-42.json (0.00s)
2026-10-01T12:31:21.5260604Z     --- PASS: TestPinnedRegressionCorpus/continuation-sdk-42.json (0.00s)
2026-10-01T12:31:21.5261427Z     --- PASS: TestPinnedRegressionCorpus/dispatch-two-workers.json (0.00s)
2026-10-01T12:31:21.5262033Z     --- PASS: TestPinnedRegressionCorpus/enqueue-no-stream-response.json (0.00s)
2026-10-01T12:31:21.5262633Z     --- PASS: TestPinnedRegressionCorpus/enqueue-timeout-after-commit.json (0.00s)
2026-10-01T12:31:21.5263249Z     --- PASS: TestPinnedRegressionCorpus/enqueue-transport-retry.json (0.00s)
2026-10-01T12:31:21.5264147Z     --- PASS: TestPinnedRegressionCorpus/handle-cache-cancellation.json (0.00s)
2026-10-01T12:31:21.5265024Z     --- PASS: TestPinnedRegressionCorpus/journal-manifest-read.json (0.00s)
2026-10-01T12:31:21.5265899Z     --- PASS: TestPinnedRegressionCorpus/journal-open-failure.json (0.00s)
2026-10-01T12:31:21.5266773Z     --- PASS: TestPinnedRegressionCorpus/journal-serial-read.json (0.00s)
2026-10-01T12:31:21.5267608Z     --- PASS: TestPinnedRegressionCorpus/journal-stalled-cursor.json (0.00s)
2026-10-01T12:31:21.5268351Z     --- PASS: TestPinnedRegressionCorpus/lease-cleanup-conflict.json (0.00s)
2026-10-01T12:31:21.5268962Z     --- PASS: TestPinnedRegressionCorpus/lease-cleanup-stale-read.json (0.00s)
2026-10-01T12:31:21.5269484Z     --- PASS: TestPinnedRegressionCorpus/lease-clock-skew-seed1.json (0.00s)
2026-10-01T12:31:21.5270054Z     --- PASS: TestPinnedRegressionCorpus/lease-clock-skew-seed2.json (0.00s)
2026-10-01T12:31:21.5270782Z     --- PASS: TestPinnedRegressionCorpus/lease-expiry-32-acquirers.json (0.00s)
2026-10-01T12:31:21.5271597Z     --- PASS: TestPinnedRegressionCorpus/lease-gate-cancellation.json (0.00s)
2026-10-01T12:31:21.5272501Z     --- PASS: TestPinnedRegressionCorpus/lease-heartbeat-delayed-ack.json (0.00s)
2026-10-01T12:31:21.5273280Z     --- PASS: TestPinnedRegressionCorpus/lease-heartbeat-reuse.json (0.00s)
2026-10-01T12:31:21.5274084Z     --- PASS: TestPinnedRegressionCorpus/manual-owner-drain.json (0.00s)
2026-10-01T12:31:21.5274878Z     --- PASS: TestPinnedRegressionCorpus/outcome-persistence.json (0.00s)
2026-10-01T12:31:21.5275885Z     --- PASS: TestPinnedRegressionCorpus/paused-claim-after-renew.json (0.00s)
2026-10-01T12:31:21.5276756Z     --- PASS: TestPinnedRegressionCorpus/paused-claim-before-renew.json (0.00s)
2026-10-01T12:31:21.5277723Z     --- PASS: TestPinnedRegressionCorpus/paused-coordinator-after-renew.json (0.00s)
2026-10-01T12:31:21.5278375Z     --- PASS: TestPinnedRegressionCorpus/paused-coordinator-before-renew.json (0.00s)
2026-10-01T12:31:21.5279143Z     --- PASS: TestPinnedRegressionCorpus/purge-blob-invocation_ack_lost.json (0.00s)
2026-10-01T12:31:21.5280049Z     --- PASS: TestPinnedRegressionCorpus/purge-blob-missing_inv_state_read_lost.json (0.00s)
2026-10-01T12:31:21.5280925Z     --- PASS: TestPinnedRegressionCorpus/purge-blob-purge_event_ack_lost.json (0.00s)
2026-10-01T12:31:21.5281551Z     --- PASS: TestPinnedRegressionCorpus/purge-blob-snapshot_corrupt.json (0.00s)
2026-10-01T12:31:21.5282177Z     --- PASS: TestPinnedRegressionCorpus/purge-blob-snapshot_delayed_read.json (0.00s)
2026-10-01T12:31:21.5282713Z     --- PASS: TestPinnedRegressionCorpus/retained-invariants.json (0.00s)
2026-10-01T12:31:21.5283249Z     --- PASS: TestPinnedRegressionCorpus/select-many.json (0.00s)
2026-10-01T12:31:21.5283876Z     --- PASS: TestPinnedRegressionCorpus/select-suspended-scan-promise.json (0.00s)
2026-10-01T12:31:21.5285159Z     --- PASS: TestPinnedRegressionCorpus/select-suspended-scan.json (0.00s)
2026-10-01T12:31:21.5286358Z     --- PASS: TestPinnedRegressionCorpus/signal-history-duplicate-windows.json (0.00s)
2026-10-01T12:31:21.5288159Z     --- PASS: TestPinnedRegressionCorpus/signal-lease-cost-42.json (0.00s)
2026-10-01T12:31:21.5288982Z     --- PASS: TestPinnedRegressionCorpus/signal-liveness.json (0.00s)
2026-10-01T12:31:21.5289799Z     --- PASS: TestPinnedRegressionCorpus/snapshot-append-after-compact.json (0.00s)
2026-10-01T12:31:21.5290677Z     --- PASS: TestPinnedRegressionCorpus/snapshot-append-before-compact.json (0.00s)
2026-10-01T12:31:21.5291553Z     --- PASS: TestPinnedRegressionCorpus/snapshot-append-hidden-ack.json (0.00s)
2026-10-01T12:31:21.5292393Z     --- PASS: TestPinnedRegressionCorpus/snapshot-purge-after-release.json (0.00s)
2026-10-01T12:31:21.5293188Z     --- PASS: TestPinnedRegressionCorpus/snapshot-purge-fenced.json (0.00s)
2026-10-01T12:31:21.5294138Z     --- PASS: TestPinnedRegressionCorpus/snapshot-read-compacted.json (0.00s)
2026-10-01T12:31:21.5295004Z     --- PASS: TestPinnedRegressionCorpus/snapshot-stale-longer-compactor.json (0.00s)
2026-10-01T12:31:21.5295833Z     --- PASS: TestPinnedRegressionCorpus/snapshot-two-compactors.json (0.00s)
2026-10-01T12:31:21.5296676Z     --- PASS: TestPinnedRegressionCorpus/snapshot-write-compact.json (0.00s)
2026-10-01T12:31:21.5297425Z     --- PASS: TestPinnedRegressionCorpus/start-retry-repair.json (0.00s)
2026-10-01T12:31:21.5298155Z     --- PASS: TestPinnedRegressionCorpus/suspended-liveness.json (0.00s)
2026-10-01T12:31:21.5298936Z     --- PASS: TestPinnedRegressionCorpus/suspended-two-scanners.json (0.00s)
2026-10-01T12:31:21.5299951Z     --- PASS: TestPinnedRegressionCorpus/terminal-held-42.json (0.00s)
2026-10-01T12:31:21.5300732Z     --- PASS: TestPinnedRegressionCorpus/tombstone-delete_ack_lost.json (0.00s)
2026-10-01T12:31:21.5301539Z     --- PASS: TestPinnedRegressionCorpus/tombstone-revision_changed.json (0.00s)
2026-10-01T12:31:21.5302430Z     --- PASS: TestPinnedRegressionCorpus/unchanged-coordinator-after-renew.json (0.00s)
2026-10-01T12:31:21.5303275Z     --- PASS: TestPinnedRegressionCorpus/worker-cancel-durable-poll.json (0.00s)
2026-10-01T12:31:21.5304207Z     --- PASS: TestPinnedRegressionCorpus/worker-canceled-retained-lease.json (0.00s)
2026-10-01T12:31:21.5305033Z     --- PASS: TestPinnedRegressionCorpus/worker-child-execution.json (0.00s)
2026-10-01T12:31:21.5305621Z     --- PASS: TestPinnedRegressionCorpus/worker-compactor-seed1.json (0.00s)
2026-10-01T12:31:21.5306166Z     --- PASS: TestPinnedRegressionCorpus/worker-compactor-seed11508.json (0.00s)
2026-10-01T12:31:21.5306964Z     --- PASS: TestPinnedRegressionCorpus/worker-continuation-42.json (0.00s)
2026-10-01T12:31:21.5307880Z     --- PASS: TestPinnedRegressionCorpus/worker-execution.json (0.00s)
2026-10-01T12:31:21.5308832Z     --- PASS: TestPinnedRegressionCorpus/worker-fallback-timer-execution.json (0.00s)
2026-10-01T12:31:21.5310076Z     --- PASS: TestPinnedRegressionCorpus/worker-fallback-timer-loop.json (0.00s)
2026-10-01T12:31:21.5311035Z     --- PASS: TestPinnedRegressionCorpus/worker-fanout-interruption-1.json (0.00s)
2026-10-01T12:31:21.5311831Z     --- PASS: TestPinnedRegressionCorpus/worker-fanout-interruption-2.json (0.00s)
2026-10-01T12:31:21.5312603Z     --- PASS: TestPinnedRegressionCorpus/worker-fanout-interruption-42.json (0.00s)
2026-10-01T12:31:21.5313610Z     --- PASS: TestPinnedRegressionCorpus/worker-heartbeat-execution.json (0.00s)
2026-10-01T12:31:21.5314710Z     --- PASS: TestPinnedRegressionCorpus/worker-heartbeat-handoff.json (0.00s)
2026-10-01T12:31:21.5315791Z     --- PASS: TestPinnedRegressionCorpus/worker-heartbeat-nak-drop.json (0.00s)
2026-10-01T12:31:21.5316878Z     --- PASS: TestPinnedRegressionCorpus/worker-heartbeat-progress-drop.json (0.00s)
2026-10-01T12:31:21.5317709Z     --- PASS: TestPinnedRegressionCorpus/worker-heartbeat-reuse.json (0.00s)
2026-10-01T12:31:21.5318534Z     --- PASS: TestPinnedRegressionCorpus/worker-large-read-retry.json (0.01s)
2026-10-01T12:31:21.5319193Z     --- PASS: TestPinnedRegressionCorpus/worker-large-result.json (0.01s)
2026-10-01T12:31:21.5320178Z     --- PASS: TestPinnedRegressionCorpus/worker-observed-renewal-cost-2.json (0.00s)
2026-10-01T12:31:21.5321040Z     --- PASS: TestPinnedRegressionCorpus/worker-observed-renewal-cost-42.json (0.00s)
2026-10-01T12:31:21.5321940Z     --- PASS: TestPinnedRegressionCorpus/worker-observed-renewal-cost-5.json (0.00s)
2026-10-01T12:31:21.5322629Z     --- PASS: TestPinnedRegressionCorpus/worker-pause-lease.json (0.00s)
2026-10-01T12:31:21.5323490Z     --- PASS: TestPinnedRegressionCorpus/worker-promise-retirement-42.json (0.01s)
2026-10-01T12:31:21.5324644Z     --- PASS: TestPinnedRegressionCorpus/worker-retirement-42.json (0.00s)
2026-10-01T12:31:21.5325548Z     --- PASS: TestPinnedRegressionCorpus/worker-running-cancel.json (0.00s)
2026-10-01T12:31:21.5326375Z     --- PASS: TestPinnedRegressionCorpus/worker-select-both-ready.json (0.00s)
2026-10-01T12:31:21.5327048Z     --- PASS: TestPinnedRegressionCorpus/worker-select-execution.json (0.00s)
2026-10-01T12:31:21.5327947Z     --- PASS: TestPinnedRegressionCorpus/worker-signal-execution.json (0.00s)
2026-10-01T12:31:21.5328919Z     --- PASS: TestPinnedRegressionCorpus/worker-signal-write-latency.json (0.00s)
2026-10-01T12:31:21.5329926Z     --- PASS: TestPinnedRegressionCorpus/worker-snapshot-budget-completed-5.json (0.00s)
2026-10-01T12:31:21.5331048Z     --- PASS: TestPinnedRegressionCorpus/worker-snapshot-budget-failed-2.json (0.00s)
2026-10-01T12:31:21.5331851Z     --- PASS: TestPinnedRegressionCorpus/worker-snapshot-budget-suspended-1.json (0.00s)
2026-10-01T12:31:21.5332511Z     --- PASS: TestPinnedRegressionCorpus/worker-snapshot-execution.json (0.01s)
2026-10-01T12:31:21.5334284Z     --- PASS: TestPinnedRegressionCorpus/worker-successive-kills-v2.json (0.00s)
2026-10-01T12:31:21.5335366Z     --- PASS: TestPinnedRegressionCorpus/worker-successive-kills.json (0.00s)
2026-10-01T12:31:21.5336294Z     --- PASS: TestPinnedRegressionCorpus/worker-tail-completed-1.json (0.00s)
2026-10-01T12:31:21.5337232Z     --- PASS: TestPinnedRegressionCorpus/worker-tail-completed-2.json (0.00s)
2026-10-01T12:31:21.5338114Z     --- PASS: TestPinnedRegressionCorpus/worker-tail-completed-3.json (0.00s)
2026-10-01T12:31:21.5339004Z     --- PASS: TestPinnedRegressionCorpus/worker-tail-requested-1.json (0.00s)
2026-10-01T12:31:21.5339889Z     --- PASS: TestPinnedRegressionCorpus/worker-tail-requested-2.json (0.00s)
2026-10-01T12:31:21.5340843Z     --- PASS: TestPinnedRegressionCorpus/worker-tail-requested-3.json (0.00s)
2026-10-01T12:31:21.5341724Z     --- PASS: TestPinnedRegressionCorpus/worker-tail-started-1.json (0.00s)
2026-10-01T12:31:21.5342750Z     --- PASS: TestPinnedRegressionCorpus/worker-tail-started-2.json (0.00s)
2026-10-01T12:31:21.5343695Z     --- PASS: TestPinnedRegressionCorpus/worker-tail-started-3.json (0.00s)
2026-10-01T12:31:21.5344668Z     --- PASS: TestPinnedRegressionCorpus/worker-tail-terminal-1.json (0.00s)
2026-10-01T12:31:21.5345606Z     --- PASS: TestPinnedRegressionCorpus/worker-tail-terminal-2.json (0.00s)
2026-10-01T12:31:21.5346492Z     --- PASS: TestPinnedRegressionCorpus/worker-tail-terminal-3.json (0.00s)
2026-10-01T12:31:21.5347502Z     --- PASS: TestPinnedRegressionCorpus/worker-terminal-owned-ack-lost-4.json (0.00s)
2026-10-01T12:31:21.5348603Z     --- PASS: TestPinnedRegressionCorpus/worker-terminal-owned-child-notify-1.json (0.00s)
2026-10-01T12:31:21.5349687Z     --- PASS: TestPinnedRegressionCorpus/worker-terminal-owned-child-notify-ack-lost-7.json (0.00s)
2026-10-01T12:31:21.5350926Z     --- PASS: TestPinnedRegressionCorpus/worker-terminal-owned-child-notify-drop-17.json (0.00s)
2026-10-01T12:31:21.5351981Z     --- PASS: TestPinnedRegressionCorpus/worker-terminal-owned-completed-26.json (0.00s)
2026-10-01T12:31:21.5352692Z     --- PASS: TestPinnedRegressionCorpus/worker-terminal-owned-failed-13.json (0.00s)
2026-10-01T12:31:21.5353338Z     --- PASS: TestPinnedRegressionCorpus/worker-terminal-owned-malformed-3.json (0.00s)
2026-10-01T12:31:21.5354457Z     --- PASS: TestPinnedRegressionCorpus/worker-terminal-owned-missing-state-14.json (0.00s)
2026-10-01T12:31:21.5355438Z     --- PASS: TestPinnedRegressionCorpus/worker-terminal-owned-state-read-lost-5.json (0.00s)
2026-10-01T12:31:21.5356723Z     --- PASS: TestPinnedRegressionCorpus/worker-terminal-owned-tombstone-18.json (0.00s)
2026-10-01T12:31:21.5357894Z     --- PASS: TestPinnedRegressionCorpus/worker-terminal-owned-wrong-generation-2.json (0.00s)
2026-10-01T12:31:21.5358891Z     --- PASS: TestPinnedRegressionCorpus/worker-timer-execution.json (0.00s)
2026-10-01T12:31:21.5359816Z     --- PASS: TestPinnedRegressionCorpus/worker-timer-route-quorum.json (0.00s)
2026-10-01T12:31:21.5360725Z     --- PASS: TestPinnedRegressionCorpus/workflow-determinism.json (0.00s)
2026-10-01T12:31:21.5361617Z     --- PASS: TestPinnedRegressionCorpus/workqueue-retention-held.json (0.00s)
2026-10-01T12:31:21.5362378Z === RUN   TestCooperativeTwoWriterUnknownReplay
2026-10-01T12:31:25.6546526Z --- PASS: TestCooperativeTwoWriterUnknownReplay (4.13s)
2026-10-01T12:31:25.6547270Z === RUN   TestCooperativeTwoWriterTailLookupRecovery
2026-10-01T12:31:30.0498846Z --- PASS: TestCooperativeTwoWriterTailLookupRecovery (4.40s)
2026-10-01T12:31:30.0499813Z === RUN   TestLeaseKVFaultBoundaries
2026-10-01T12:31:30.0500794Z === RUN   TestLeaseKVFaultBoundaries/stale_predecessor_read_cannot_delete_initialized_lease
2026-10-01T12:31:30.0505925Z === RUN   TestLeaseKVFaultBoundaries/old_uninitialized_lease_can_be_reclaimed
2026-10-01T12:31:30.0507016Z === RUN   TestLeaseKVFaultBoundaries/expired_holder_cannot_renew_or_remove_successor
2026-10-01T12:31:30.0507967Z === RUN   TestLeaseKVFaultBoundaries/lost_release_acknowledgment_cleans_only_old_generation
2026-10-01T12:31:30.0509079Z === RUN   TestLeaseKVFaultBoundaries/lost_renewal_acknowledgment_cleans_committed_update
2026-10-01T12:31:30.0510055Z === RUN   TestLeaseKVFaultBoundaries/create_acknowledgment_lost_before_initialization
2026-10-01T12:31:30.0510815Z --- PASS: TestLeaseKVFaultBoundaries (0.00s)
2026-10-01T12:31:30.0511837Z     --- PASS: TestLeaseKVFaultBoundaries/stale_predecessor_read_cannot_delete_initialized_lease (0.00s)
2026-10-01T12:31:30.0513020Z     --- PASS: TestLeaseKVFaultBoundaries/old_uninitialized_lease_can_be_reclaimed (0.00s)
2026-10-01T12:31:30.0514334Z     --- PASS: TestLeaseKVFaultBoundaries/expired_holder_cannot_renew_or_remove_successor (0.00s)
2026-10-01T12:31:30.0515338Z     --- PASS: TestLeaseKVFaultBoundaries/lost_release_acknowledgment_cleans_only_old_generation (0.00s)
2026-10-01T12:31:30.0516499Z     --- PASS: TestLeaseKVFaultBoundaries/lost_renewal_acknowledgment_cleans_committed_update (0.00s)
2026-10-01T12:31:30.0517945Z     --- PASS: TestLeaseKVFaultBoundaries/create_acknowledgment_lost_before_initialization (0.00s)
2026-10-01T12:31:30.0518663Z === RUN   TestSeededLeaseModelReplay
2026-10-01T12:32:27.4094231Z --- PASS: TestSeededLeaseModelReplay (57.36s)
2026-10-01T12:32:27.4095425Z === RUN   TestKVRevisionMismatchDoesNotDeleteReplacement
2026-10-01T12:32:27.4096374Z --- PASS: TestKVRevisionMismatchDoesNotDeleteReplacement (0.00s)
2026-10-01T12:32:27.4097207Z === RUN   TestCooperativeLeaseAcquireRacesReplay
2026-10-01T12:32:27.4278480Z --- PASS: TestCooperativeLeaseAcquireRacesReplay (0.02s)
2026-10-01T12:32:27.4279226Z === RUN   TestSeededCleanupConflictReplay
2026-10-01T12:32:29.4113384Z --- PASS: TestSeededCleanupConflictReplay (1.98s)
2026-10-01T12:32:29.4114296Z === RUN   TestSeededCleanupStaleReadReplay
2026-10-01T12:32:31.0586613Z --- PASS: TestSeededCleanupStaleReadReplay (1.65s)
2026-10-01T12:32:31.0588138Z === RUN   TestSeededLeaseClockSkewReplay
2026-10-01T12:32:34.9868538Z --- PASS: TestSeededLeaseClockSkewReplay (3.93s)
2026-10-01T12:32:34.9869470Z === RUN   TestSeededLeaseExpiryRaceReplay
2026-10-01T12:33:52.6171543Z --- PASS: TestSeededLeaseExpiryRaceReplay (77.63s)
2026-10-01T12:33:52.6172396Z === RUN   TestSeededLeaseGateCancellationReplay
2026-10-01T12:33:55.2331154Z --- PASS: TestSeededLeaseGateCancellationReplay (2.62s)
2026-10-01T12:33:55.2332090Z === RUN   TestSeededLeaseHeartbeatReuseReplay
2026-10-01T12:33:56.6707679Z --- PASS: TestSeededLeaseHeartbeatReuseReplay (1.44s)
2026-10-01T12:33:56.6712664Z === RUN   TestSuspendedWakeupLivenessNegativeControl
2026-10-01T12:33:56.6713842Z --- PASS: TestSuspendedWakeupLivenessNegativeControl (0.00s)
2026-10-01T12:33:56.6714756Z === RUN   TestSeededMembershipReplay
2026-10-01T12:35:01.8597568Z --- PASS: TestSeededMembershipReplay (65.19s)
2026-10-01T12:35:01.8599201Z === RUN   TestMinimizeFailureTraceRemovesCooperativeActor
2026-10-01T12:35:01.8605383Z --- PASS: TestMinimizeFailureTraceRemovesCooperativeActor (0.00s)
2026-10-01T12:35:01.8606230Z === RUN   TestMinimizeFailureTracePreservesInvariantAndExactReplay
2026-10-01T12:35:01.8607129Z --- PASS: TestMinimizeFailureTracePreservesInvariantAndExactReplay (0.00s)
2026-10-01T12:35:01.8607899Z === RUN   TestMinimizerRejectsDifferentFailureAndBudget
2026-10-01T12:35:01.8608625Z --- PASS: TestMinimizerRejectsDifferentFailureAndBudget (0.00s)
2026-10-01T12:35:01.8609333Z === RUN   TestMinimizeSavedFaultTrace
2026-10-01T12:35:01.8609879Z --- PASS: TestMinimizeSavedFaultTrace (0.00s)
2026-10-01T12:35:01.8610483Z === RUN   TestSeededOutcomePersistenceReplay
2026-10-01T12:35:15.7062819Z --- PASS: TestSeededOutcomePersistenceReplay (13.85s)
2026-10-01T12:35:15.7063473Z === RUN   TestSeededPausedCoordinatorClaimReplay
2026-10-01T12:35:53.3780060Z --- PASS: TestSeededPausedCoordinatorClaimReplay (37.67s)
2026-10-01T12:35:53.3793594Z === RUN   TestSeededPausedCoordinatorReplay
2026-10-01T12:36:51.5270486Z --- PASS: TestSeededPausedCoordinatorReplay (58.15s)
2026-10-01T12:36:51.5271677Z === RUN   TestSeededPurgeBlobReplay
2026-10-01T12:37:02.3153014Z --- PASS: TestSeededPurgeBlobReplay (10.79s)
2026-10-01T12:37:02.3153886Z === RUN   TestCooperativeReconcileScannersReplay
2026-10-01T12:37:52.3840970Z --- PASS: TestCooperativeReconcileScannersReplay (50.07s)
2026-10-01T12:37:52.3842129Z === RUN   TestSeededReconcileLoopReplay
2026-10-01T12:38:21.7489686Z --- PASS: TestSeededReconcileLoopReplay (29.36s)
2026-10-01T12:38:21.7490583Z === RUN   TestStepLimitFailsWithPendingActionsAndReplays
2026-10-01T12:38:21.7491565Z --- PASS: TestStepLimitFailsWithPendingActionsAndReplays (0.00s)
2026-10-01T12:38:21.7492468Z === RUN   TestCooperativeStallListsUnfinishedActors
2026-10-01T12:38:21.7694184Z --- PASS: TestCooperativeStallListsUnfinishedActors (0.02s)
2026-10-01T12:38:21.7695088Z === RUN   TestCooperativePendingTurnSurvivesOperationCancellation
2026-10-01T12:38:21.7695858Z --- PASS: TestCooperativePendingTurnSurvivesOperationCancellation (0.00s)
2026-10-01T12:38:21.7696664Z === RUN   TestSchedulerRejectsVirtualClockOverflowAndInvalidTraceLimit
2026-10-01T12:38:21.7697830Z --- PASS: TestSchedulerRejectsVirtualClockOverflowAndInvalidTraceLimit (0.00s)
2026-10-01T12:38:21.7698523Z === RUN   TestSeededSelectManyReplay
2026-10-01T12:38:29.7215187Z --- PASS: TestSeededSelectManyReplay (7.95s)
2026-10-01T12:38:29.7215809Z === RUN   TestSeededSelectSuspendedScanReplay
2026-10-01T12:41:58.7085593Z --- PASS: TestSeededSelectSuspendedScanReplay (208.99s)
2026-10-01T12:41:58.7086156Z === RUN   TestCooperativeSignalPublishScanReplay
2026-10-01T12:42:02.3177387Z --- PASS: TestCooperativeSignalPublishScanReplay (3.61s)
2026-10-01T12:42:02.3178450Z === RUN   TestCooperativeClientSignalRepairReplay
2026-10-01T12:42:07.5294962Z --- PASS: TestCooperativeClientSignalRepairReplay (5.21s)
2026-10-01T12:42:07.5295635Z === RUN   TestSeededClientSignalReplay
2026-10-01T12:42:25.5725811Z --- PASS: TestSeededClientSignalReplay (18.04s)
2026-10-01T12:42:25.5726561Z === RUN   TestClientSignalTransportFaultBoundaries
2026-10-01T12:42:25.5727063Z --- PASS: TestClientSignalTransportFaultBoundaries (0.00s)
2026-10-01T12:42:25.5727663Z === RUN   TestClientSignalTransportTombstoneAndReuse
2026-10-01T12:42:25.5728174Z --- PASS: TestClientSignalTransportTombstoneAndReuse (0.00s)
2026-10-01T12:42:25.5728675Z === RUN   TestClientSignalTransportGenerationTerminalAndBlob
2026-10-01T12:42:25.5744198Z --- PASS: TestClientSignalTransportGenerationTerminalAndBlob (0.00s)
2026-10-01T12:42:25.5744740Z === RUN   TestSeededWorkerSignalDrainReplay
2026-10-01T12:42:47.0502889Z --- PASS: TestSeededWorkerSignalDrainReplay (21.48s)
2026-10-01T12:42:47.0504492Z === RUN   TestWorkerSignalDrainModelSkipsGapsAndReplays
2026-10-01T12:42:47.0552184Z --- PASS: TestWorkerSignalDrainModelSkipsGapsAndReplays (0.00s)
2026-10-01T12:42:47.0553437Z === RUN   TestSeededSignalHistoryWindowReplay
2026-10-01T12:42:49.5641823Z --- PASS: TestSeededSignalHistoryWindowReplay (2.51s)
2026-10-01T12:42:49.5642900Z === RUN   TestSignalWakeupLivenessNegativeControl
2026-10-01T12:42:49.5643815Z --- PASS: TestSignalWakeupLivenessNegativeControl (0.00s)
2026-10-01T12:42:49.5644898Z === RUN   TestSeededSignalPipelineReplay
2026-10-01T12:44:10.7656542Z --- PASS: TestSeededSignalPipelineReplay (81.20s)
2026-10-01T12:44:10.7657372Z === RUN   TestSeededSignalRepairReplay
2026-10-01T12:44:28.4323178Z --- PASS: TestSeededSignalRepairReplay (17.67s)
2026-10-01T12:44:28.4323701Z === RUN   TestCooperativeSnapshotCompactorsReplay
2026-10-01T12:45:30.2863151Z     snapshot_actors_test.go:207: conflicting manifest CAS attempts: 23804
2026-10-01T12:45:30.2952274Z --- PASS: TestCooperativeSnapshotCompactorsReplay (61.86s)
2026-10-01T12:45:30.2955386Z === RUN   TestCooperativeSnapshotAppendPurgeReplay
2026-10-01T12:45:53.1748120Z --- PASS: TestCooperativeSnapshotAppendPurgeReplay (22.88s)
2026-10-01T12:45:53.1775142Z === RUN   TestCooperativeSnapshotPurgeLeaseReplay
2026-10-01T12:46:08.9124303Z --- PASS: TestCooperativeSnapshotPurgeLeaseReplay (15.74s)
2026-10-01T12:46:08.9125248Z === RUN   TestSeededSnapshotReadReplay
2026-10-01T12:46:35.3145699Z --- PASS: TestSeededSnapshotReadReplay (26.40s)
2026-10-01T12:46:35.3146620Z === RUN   TestSnapshotReadFailsClosedOnCorruptObject
2026-10-01T12:46:35.3147404Z --- PASS: TestSnapshotReadFailsClosedOnCorruptObject (0.00s)
2026-10-01T12:46:35.3148163Z === RUN   TestSeededSnapshotWriteReplay
2026-10-01T12:47:18.7258337Z --- PASS: TestSeededSnapshotWriteReplay (43.41s)
2026-10-01T12:47:18.7259085Z === RUN   TestStartTransportFaultBoundaries
2026-10-01T12:47:18.7260017Z === RUN   TestStartTransportFaultBoundaries/dropped_publish_retries_without_duplicate
2026-10-01T12:47:18.7261069Z === RUN   TestStartTransportFaultBoundaries/lost_invocation_ack_repairs_its_enqueue
2026-10-01T12:47:18.7262014Z === RUN   TestStartTransportFaultBoundaries/lost_enqueue_ack_commits_exactly_once
2026-10-01T12:47:18.7262934Z === RUN   TestStartTransportFaultBoundaries/duplicate_in_process_retries_the_same_start_wakeup
2026-10-01T12:47:18.7263798Z === RUN   TestStartTransportFaultBoundaries/duplicate_in_process_retries_the_same_signal_wakeup
2026-10-01T12:47:18.7265108Z === RUN   TestStartTransportFaultBoundaries/large_input_retains_object_and_hash
2026-10-01T12:47:18.7285557Z === RUN   TestStartTransportFaultBoundaries/stale_read_after_duplicate_is_retried
2026-10-01T12:47:18.7289698Z --- PASS: TestStartTransportFaultBoundaries (0.00s)
2026-10-01T12:47:18.7290815Z     --- PASS: TestStartTransportFaultBoundaries/dropped_publish_retries_without_duplicate (0.00s)
2026-10-01T12:47:18.7291966Z     --- PASS: TestStartTransportFaultBoundaries/lost_invocation_ack_repairs_its_enqueue (0.00s)
2026-10-01T12:47:18.7293300Z     --- PASS: TestStartTransportFaultBoundaries/lost_enqueue_ack_commits_exactly_once (0.00s)
2026-10-01T12:47:18.7295117Z     --- PASS: TestStartTransportFaultBoundaries/duplicate_in_process_retries_the_same_start_wakeup (0.00s)
2026-10-01T12:47:18.7296110Z     --- PASS: TestStartTransportFaultBoundaries/duplicate_in_process_retries_the_same_signal_wakeup (0.00s)
2026-10-01T12:47:18.7296900Z     --- PASS: TestStartTransportFaultBoundaries/large_input_retains_object_and_hash (0.00s)
2026-10-01T12:47:18.7297906Z     --- PASS: TestStartTransportFaultBoundaries/stale_read_after_duplicate_is_retried (0.00s)
2026-10-01T12:47:18.7298825Z === RUN   TestStartSubjectTailCASDefendsAgainstIgnoredSubjectLimit
2026-10-01T12:47:18.7299703Z --- PASS: TestStartSubjectTailCASDefendsAgainstIgnoredSubjectLimit (0.00s)
2026-10-01T12:47:18.7300637Z === RUN   TestMissingRunMessageIDMutationRetainsDuplicate
2026-10-01T12:47:18.7301417Z --- PASS: TestMissingRunMessageIDMutationRetainsDuplicate (0.00s)
2026-10-01T12:47:18.7302479Z === RUN   TestSkippedStartReconcilerMutationIsDetected
2026-10-01T12:47:18.7303182Z --- PASS: TestSkippedStartReconcilerMutationIsDetected (0.00s)
2026-10-01T12:47:18.7303842Z === RUN   TestStartLivenessFencesReusedIDWithOldJournal
2026-10-01T12:47:18.7304835Z --- PASS: TestStartLivenessFencesReusedIDWithOldJournal (0.00s)
2026-10-01T12:47:18.7305319Z === RUN   TestStartRunDedupWindowExpiresInVirtualTime
2026-10-01T12:47:18.7305837Z --- PASS: TestStartRunDedupWindowExpiresInVirtualTime (0.00s)
2026-10-01T12:47:18.7306358Z === RUN   TestStartScanRepeatsAfterDedupExpiryUntilJournalExists
2026-10-01T12:47:18.7306882Z --- PASS: TestStartScanRepeatsAfterDedupExpiryUntilJournalExists (0.00s)
2026-10-01T12:47:18.7307475Z === RUN   TestStartScanModelCursorAndUncertainEnqueue
2026-10-01T12:47:18.7307941Z --- PASS: TestStartScanModelCursorAndUncertainEnqueue (0.00s)
2026-10-01T12:47:18.7308379Z === RUN   TestSeededStartModelReplay
2026-10-01T12:48:12.0109119Z --- PASS: TestSeededStartModelReplay (53.28s)
2026-10-01T12:48:12.0110220Z === RUN   TestCooperativeStartRacesReplay
2026-10-01T12:48:12.0338772Z --- PASS: TestCooperativeStartRacesReplay (0.02s)
2026-10-01T12:48:12.0339658Z === RUN   TestCooperativeStartAndScannerRacesReplay
2026-10-01T12:48:12.0459402Z --- PASS: TestCooperativeStartAndScannerRacesReplay (0.01s)
2026-10-01T12:48:12.0460992Z === RUN   TestCooperativeSuspendedScannersReplay
2026-10-01T12:49:29.6053046Z --- PASS: TestCooperativeSuspendedScannersReplay (77.56s)
2026-10-01T12:49:29.6053780Z === RUN   TestSeededSuspendedLoopReplay
2026-10-01T12:50:44.1052256Z --- PASS: TestSeededSuspendedLoopReplay (74.50s)
2026-10-01T12:50:44.1053159Z === RUN   TestSeededSuspendedLostNakRecovery
2026-10-01T12:50:49.5867941Z --- PASS: TestSeededSuspendedLostNakRecovery (5.48s)
2026-10-01T12:50:49.5868957Z === RUN   TestSuspendedScanKeepsVerifiedWakeupsOnTransientRead
2026-10-01T12:50:49.5870137Z === RUN   TestSuspendedScanKeepsVerifiedWakeupsOnTransientRead/sequence-1
2026-10-01T12:50:49.5871775Z === RUN   TestSuspendedScanKeepsVerifiedWakeupsOnTransientRead/sequence-2
2026-10-01T12:50:49.5874730Z === RUN   TestSuspendedScanKeepsVerifiedWakeupsOnTransientRead/sequence-3
2026-10-01T12:50:49.5875860Z --- PASS: TestSuspendedScanKeepsVerifiedWakeupsOnTransientRead (0.00s)
2026-10-01T12:50:49.5878138Z     --- PASS: TestSuspendedScanKeepsVerifiedWakeupsOnTransientRead/sequence-1 (0.00s)
2026-10-01T12:50:49.5880553Z     --- PASS: TestSuspendedScanKeepsVerifiedWakeupsOnTransientRead/sequence-2 (0.00s)
2026-10-01T12:50:49.5881966Z     --- PASS: TestSuspendedScanKeepsVerifiedWakeupsOnTransientRead/sequence-3 (0.00s)
2026-10-01T12:50:49.5883031Z === RUN   TestSeededSuspendedScanReplay
2026-10-01T12:51:51.6835242Z --- PASS: TestSeededSuspendedScanReplay (62.10s)
2026-10-01T12:51:51.6835791Z === RUN   TestSeededTimerScanReplay
2026-10-01T12:52:07.7360660Z --- PASS: TestSeededTimerScanReplay (16.05s)
2026-10-01T12:52:07.7361426Z === RUN   TestSeededTimerScheduleReplay
2026-10-01T12:52:25.9300881Z --- PASS: TestSeededTimerScheduleReplay (18.19s)
2026-10-01T12:52:25.9301934Z === RUN   TestSeededTombstoneSweepReplay
2026-10-01T12:52:28.7396406Z --- PASS: TestSeededTombstoneSweepReplay (2.81s)
2026-10-01T12:52:28.7397284Z === RUN   TestSeededUnchangedCoordinatorReplay
2026-10-01T12:53:34.5110733Z --- PASS: TestSeededUnchangedCoordinatorReplay (65.77s)
2026-10-01T12:53:34.5111700Z === RUN   TestSeededWorkerChildExecutionReplay
2026-10-01T12:54:10.3232430Z --- PASS: TestSeededWorkerChildExecutionReplay (35.81s)
2026-10-01T12:54:10.3233430Z === RUN   TestSeededWorkerCompactorReplay
2026-10-01T12:57:37.0645624Z --- PASS: TestSeededWorkerCompactorReplay (206.74s)
2026-10-01T12:57:37.0646884Z === RUN   TestSeededWorkerContinuationReplay
2026-10-01T12:59:01.6256095Z --- PASS: TestSeededWorkerContinuationReplay (84.56s)
2026-10-01T12:59:01.6256854Z === RUN   TestSeededWorkerDeepChildReplay
2026-10-01T13:00:24.4083205Z --- PASS: TestSeededWorkerDeepChildReplay (82.78s)
2026-10-01T13:00:24.4084476Z === RUN   TestSeededWorkerExecutionReplay
2026-10-01T13:01:11.6717465Z --- PASS: TestSeededWorkerExecutionReplay (47.26s)
2026-10-01T13:01:11.6745640Z === RUN   TestSeededWorkerFallbackTimerExecutionReplay
2026-10-01T13:01:34.9030845Z --- PASS: TestSeededWorkerFallbackTimerExecutionReplay (23.23s)
2026-10-01T13:01:34.9031703Z === RUN   TestSeededWorkerFallbackTimerLoopExecutionReplay
2026-10-01T13:01:58.8439197Z --- PASS: TestSeededWorkerFallbackTimerLoopExecutionReplay (23.94s)
2026-10-01T13:01:58.8439993Z === RUN   TestSeededWorkerFanoutInterruptedReplay
2026-10-01T13:04:47.1886498Z --- PASS: TestSeededWorkerFanoutInterruptedReplay (168.33s)
2026-10-01T13:04:47.1913486Z === RUN   TestFiveHundredChildModeledParentInterruption
2026-10-01T13:04:47.1914602Z === RUN   TestFiveHundredChildModeledParentInterruption/seed2
2026-10-01T13:04:47.3593560Z     worker_fanout_replay_test.go:333: seed=2 phase=creation cut=356
2026-10-01T13:04:47.5514144Z === RUN   TestFiveHundredChildModeledParentInterruption/seed42
2026-10-01T13:04:47.8531886Z     worker_fanout_replay_test.go:333: seed=42 phase=results cut=88
2026-10-01T13:04:48.1619688Z --- PASS: TestFiveHundredChildModeledParentInterruption (0.99s)
2026-10-01T13:04:48.1620426Z     --- PASS: TestFiveHundredChildModeledParentInterruption/seed2 (0.38s)
2026-10-01T13:04:48.1620987Z     --- PASS: TestFiveHundredChildModeledParentInterruption/seed42 (0.61s)
2026-10-01T13:04:48.1621394Z === RUN   TestSeededHeartbeatHandoffReplay
2026-10-01T13:05:08.1789868Z --- PASS: TestSeededHeartbeatHandoffReplay (20.02s)
2026-10-01T13:05:08.1790618Z === RUN   TestSeededWorkerHeartbeatReplay
2026-10-01T13:05:20.9725691Z --- PASS: TestSeededWorkerHeartbeatReplay (12.79s)
2026-10-01T13:05:20.9726280Z === RUN   TestWorkerKillAndPauseLeaseExpiryAndFencing
2026-10-01T13:05:20.9726728Z --- PASS: TestWorkerKillAndPauseLeaseExpiryAndFencing (0.00s)
2026-10-01T13:05:20.9727229Z === RUN   TestCanceledWorkerRetainedLeaseExpiresAndFences
2026-10-01T13:05:20.9728146Z --- PASS: TestCanceledWorkerRetainedLeaseExpiresAndFences (0.00s)
2026-10-01T13:05:20.9728666Z === RUN   TestSeededWorkerLargeResultReplay
2026-10-01T13:25:03.7445946Z --- PASS: TestSeededWorkerLargeResultReplay (1182.77s)
2026-10-01T13:25:03.7446804Z === RUN   TestSeededWorkerObservedRenewalCost
2026-10-01T13:26:45.3559147Z     worker_observed_renewal_cost_test.go:305: observed cost profiles=map[ceil:33334 floor:33413 zero:33253]; floor/ceil are expected failing liveness controls, zero is the clean cost control
2026-10-01T13:26:45.3673252Z --- PASS: TestSeededWorkerObservedRenewalCost (101.62s)
2026-10-01T13:26:45.3673705Z === RUN   TestSeededWorkerPromiseRetirementReplay
2026-10-01T13:42:28.4473085Z --- PASS: TestSeededWorkerPromiseRetirementReplay (943.08s)
2026-10-01T13:42:28.4473552Z === RUN   TestSeededWorkerRetirementReplay
2026-10-01T13:44:52.2751881Z --- PASS: TestSeededWorkerRetirementReplay (143.83s)
2026-10-01T13:44:52.2752571Z === RUN   TestSeededWorkerRunningCancelReplay
2026-10-01T13:45:07.5665604Z --- PASS: TestSeededWorkerRunningCancelReplay (15.29s)
2026-10-01T13:45:07.5666629Z === RUN   TestSeededWorkerSelectExecutionReplay
2026-10-01T13:45:35.8775544Z --- PASS: TestSeededWorkerSelectExecutionReplay (28.31s)
2026-10-01T13:45:35.8776181Z === RUN   TestSeededWorkerSignalExecutionReplay
2026-10-01T13:45:55.1606808Z --- PASS: TestSeededWorkerSignalExecutionReplay (19.28s)
2026-10-01T13:45:55.1607471Z === RUN   TestSeededWorkerSignalWriteLatencyReplay
2026-10-01T13:46:57.7673287Z --- PASS: TestSeededWorkerSignalWriteLatencyReplay (62.61s)
2026-10-01T13:46:57.7673818Z === RUN   TestSeededWorkerSignalLeaseLatencyReplay
2026-10-01T13:48:02.5263600Z --- PASS: TestSeededWorkerSignalLeaseLatencyReplay (64.76s)
2026-10-01T13:48:02.5264504Z === RUN   TestSeededWorkerSnapshotBudgetReplay
2026-10-01T13:48:22.6938208Z --- PASS: TestSeededWorkerSnapshotBudgetReplay (20.17s)
2026-10-01T13:48:22.6938704Z === RUN   TestSeededWorkerSnapshotExecutionReplay
2026-10-01T13:57:53.0101225Z --- PASS: TestSeededWorkerSnapshotExecutionReplay (570.32s)
2026-10-01T13:57:53.0103158Z === RUN   TestSuccessiveWorkerKillDeliveryRecovery
2026-10-01T13:58:07.5109331Z --- PASS: TestSuccessiveWorkerKillDeliveryRecovery (14.50s)
2026-10-01T13:58:07.5109953Z === RUN   TestSeededWorkerTailLookupRecovery
2026-10-01T13:58:25.5627611Z     worker_tail_lookup_replay_test.go:207: API 503/10008 recovery stages/counts=map[completed/1:8328 completed/2:8412 completed/3:8378 requested/1:8341 requested/2:8292 requested/3:8423 started/1:8232 started/2:8301 started/3:8317 terminal/1:8274 terminal/2:8402 terminal/3:8300]
2026-10-01T13:58:25.5709905Z --- PASS: TestSeededWorkerTailLookupRecovery (18.06s)
2026-10-01T13:58:25.5710553Z === RUN   TestSeededTerminalHeldReplay
2026-10-01T13:58:54.0920554Z --- PASS: TestSeededTerminalHeldReplay (28.52s)
2026-10-01T13:58:54.0920977Z === RUN   TestSeededTerminalOwnedReplay
2026-10-01T14:00:04.3439397Z --- PASS: TestSeededTerminalOwnedReplay (70.25s)
2026-10-01T14:00:04.3439865Z === RUN   TestTerminalOwnedFiveHundred
2026-10-01T14:00:04.8878563Z --- PASS: TestTerminalOwnedFiveHundred (0.54s)
2026-10-01T14:00:04.8879217Z === RUN   TestSeededWorkerTimerBurstReplay
2026-10-01T14:02:42.4332036Z --- PASS: TestSeededWorkerTimerBurstReplay (157.55s)
2026-10-01T14:02:42.4332589Z === RUN   TestSeededWorkerTimerExecutionReplay
2026-10-01T14:03:04.8856033Z --- PASS: TestSeededWorkerTimerExecutionReplay (22.45s)
2026-10-01T14:03:04.8856522Z === RUN   TestSeededWorkflowReplay
2026-10-01T14:04:27.2552519Z --- PASS: TestSeededWorkflowReplay (82.37s)
2026-10-01T14:04:27.2553179Z === RUN   TestSeededWorkQueueRetentionReplay
2026-10-01T14:04:44.6576739Z --- PASS: TestSeededWorkQueueRetentionReplay (17.40s)
2026-10-01T14:04:44.6577193Z PASS
2026-10-01T14:04:44.6578131Z TIER1_COVERAGE model_version=3 seeds_per_workload=100000 generated_schedules=9500632 scheduler_choices=172356738 choices_per_second=23213.1 transport_events=2276946793 virtual_ms_max=7200000 virtual_buckets_zero=3185519 under_1s=1047055 under_1m=4777555 at_least_1m=490503 elapsed=2h3m44.961972813s
2026-10-01T14:04:44.6587381Z ok  	js-wf/sim	7424.966s
2026-10-01T14:04:44.6875719Z elapsed=7428.63 user=10335.14 system=1428.62
