=== RUN   TestCheckpointRestoresNullableEmptyStateAsWritableMap
--- FAIL: TestCheckpointRestoresNullableEmptyStateAsWritableMap (0.00s)
panic: assignment to entry in nil map [recovered, repanicked]

goroutine 8 [running]:
testing.tRunner.func1.2({0x965798, 0x9eef40})
	/usr/local/go/src/testing/testing.go:2123 +0x232
testing.tRunner.func1()
	/usr/local/go/src/testing/testing.go:2126 +0x329
panic({0x965798?, 0x9eef40?})
	/usr/local/go/src/runtime/panic.go:859 +0x125
js-wf/wf.(*Context).SetState(0x19c243148a20, {0x6cbc8d, 0x7}, {0x95f210, 0x6e7648})
	/home/exedev/js-wf/wf/state.go:36 +0x29a
js-wf/wf.TestCheckpointRestoresNullableEmptyStateAsWritableMap(0x19c243150908)
	/home/exedev/js-wf/wf/checkpoint_test.go:351 +0x49f
testing.tRunner(0x19c243150908, 0x9a26e0)
	/usr/local/go/src/testing/testing.go:2193 +0xea
created by testing.(*T).Run in goroutine 1
	/usr/local/go/src/testing/testing.go:2258 +0x4d4
FAIL	js-wf/wf	0.005s
FAIL
