=== RUN   TestMixedWorkflowsRecoverFromFourServerFaults
    mixed_process_chaos_test.go:499: FAULT_SEED=12 FAULT_SCHEDULE=/tmp/js-wf-mixed-seed12-diagnostics-final.json
    mixed_process_chaos_test.go:675: post-heal signal repair inspected=36 reenqueued=25
    mixed_process_chaos_test.go:687: mixed recovery type=mixedshort id=mixed-07-0 latency=4.807152269s
    mixed_process_chaos_test.go:687: mixed recovery type=mixedshort id=mixed-00-0 latency=4.896127965s
    mixed_process_chaos_test.go:687: mixed recovery type=mixedshort id=mixed-01-0 latency=4.896659573s
    mixed_process_chaos_test.go:687: mixed recovery type=mixedshort id=mixed-08-0 latency=4.897472698s
    mixed_process_chaos_test.go:687: mixed recovery type=mixedtimer id=mixed-03-0 latency=13.817683303s
    mixed_process_chaos_test.go:687: mixed recovery type=mixedtimer id=mixed-04-0 latency=13.817862094s
    mixed_process_chaos_test.go:687: mixed recovery type=mixedtimer id=mixed-05-0 latency=16.562837126s
    mixed_process_chaos_test.go:687: mixed recovery type=mixedsignal id=mixed-02-0 latency=16.750740739s
    mixed_process_chaos_test.go:687: mixed recovery type=mixedsignal id=mixed-06-0 latency=14.843124901s
    mixed_process_chaos_test.go:687: mixed recovery type=mixedfanout id=mixed-09-0 latency=25.903385877s
    mixed_process_chaos_test.go:692: mixed provisional result observation: p99=25.903385877s max=25.903385877s (fan-out parent still measured from quorum)
    mixed_process_chaos_test.go:732: restarted node WF_JRN ready in 2.504054ms after 1 attempts
    mixed_process_chaos_test.go:808: restarted node terminal type=mixedshort id=mixed-00-0 audit=17.644014ms
    mixed_process_chaos_test.go:808: restarted node terminal type=mixedshort id=mixed-01-0 audit=20.946952ms
    mixed_process_chaos_test.go:808: restarted node terminal type=mixedsignal id=mixed-02-0 audit=16.642372ms
    mixed_process_chaos_test.go:808: restarted node terminal type=mixedtimer id=mixed-03-0 audit=20.655489ms
    mixed_process_chaos_test.go:808: restarted node terminal type=mixedtimer id=mixed-04-0 audit=17.955106ms
    mixed_process_chaos_test.go:808: restarted node terminal type=mixedtimer id=mixed-05-0 audit=20.477799ms
    mixed_process_chaos_test.go:808: restarted node terminal type=mixedsignal id=mixed-06-0 audit=18.935956ms
    mixed_process_chaos_test.go:808: restarted node terminal type=mixedshort id=mixed-07-0 audit=20.725135ms
    mixed_process_chaos_test.go:808: restarted node terminal type=mixedshort id=mixed-08-0 audit=16.644405ms
    mixed_process_chaos_test.go:808: restarted node terminal type=mixedfanout id=mixed-09-0 audit=16.926123ms
    mixed_process_chaos_test.go:819: restarted node child id=c-2c0427b405f6e5cf41a7a5dd2529625c audit=16.939924ms
    mixed_process_chaos_test.go:819: restarted node child id=c-61a693bbe622d9d1cff620a5ba2cda7f audit=18.253799ms
    mixed_process_chaos_test.go:819: restarted node child id=c-3e3e4c70156e3fee9852004ca5949da3 audit=21.477477ms
    mixed_process_chaos_test.go:819: restarted node child id=c-2d7fcc22d483fcf51ba57e3b2077e464 audit=20.699847ms
    mixed_process_chaos_test.go:819: restarted node child id=c-1eaf330c748a119ebeda4a23d05429de audit=19.156552ms
    mixed_process_chaos_test.go:819: restarted node child id=c-708e303ec63ebd5c030bc9ab47ec7aac audit=21.290804ms
    mixed_process_chaos_test.go:826: restarted node grandchild id=c-425aa24102bf9165ef736361fbbfbb9e audit=19.413441ms
    mixed_process_chaos_test.go:826: restarted node grandchild id=c-81df727d0b247de4898e89bde451172f audit=20.451548ms
    mixed_process_chaos_test.go:826: restarted node grandchild id=c-8129cf1d1fd8e3a209b19b528165f4df audit=21.30797ms
    mixed_process_chaos_test.go:826: restarted node grandchild id=c-26514356ab5a5acbf20ad5ce3acc8168 audit=20.821752ms
    mixed_process_chaos_test.go:826: restarted node grandchild id=c-a879b3a6c93c88e46e7761b1e78637a2 audit=20.41275ms
    mixed_process_chaos_test.go:826: restarted node grandchild id=c-535b8aa9db45ad629d92ad1b11208e82 audit=21.285295ms
    mixed_process_chaos_test.go:826: restarted node grandchild id=c-ce30b309161f5923793aaf2cbc016d4e audit=21.049938ms
    mixed_process_chaos_test.go:826: restarted node grandchild id=c-e1b3e514a9d31e1c0ae0fcf9d9dcde03 audit=20.831186ms
    mixed_process_chaos_test.go:826: restarted node grandchild id=c-bb5f73df9b542dac375d03b4ea875933 audit=20.805066ms
    mixed_process_chaos_test.go:826: restarted node grandchild id=c-01365f6a38e7c1ac2db485fc10fda086 audit=21.217052ms
    mixed_process_chaos_test.go:826: restarted node grandchild id=c-a44599fc4037c49e5e71abfb8f6d759c audit=19.962737ms
    mixed_process_chaos_test.go:826: restarted node grandchild id=c-e14a2648bb4377e8830f7b0584cfd294 audit=22.040122ms
    mixed_process_chaos_test.go:854: survivor node 1 WF_SIG ready in 1.71157ms after 1 attempts
    mixed_process_chaos_test.go:877: mixed terminal type=mixedshort id=mixed-00-0 latency=4.71239592s
    mixed_process_chaos_test.go:877: mixed terminal type=mixedshort id=mixed-01-0 latency=4.805581522s
    mixed_process_chaos_test.go:877: mixed terminal type=mixedsignal id=mixed-02-0 latency=16.815877952s
    mixed_process_chaos_test.go:877: mixed terminal type=mixedtimer id=mixed-03-0 latency=13.631806469s
    mixed_process_chaos_test.go:877: mixed terminal type=mixedtimer id=mixed-04-0 latency=13.631815543s
    mixed_process_chaos_test.go:877: mixed terminal type=mixedtimer id=mixed-05-0 latency=16.388969606s
    mixed_process_chaos_test.go:877: mixed terminal type=mixedsignal id=mixed-06-0 latency=15.013351328s
    mixed_process_chaos_test.go:877: mixed terminal type=mixedshort id=mixed-07-0 latency=4.712405254s
    mixed_process_chaos_test.go:877: mixed terminal type=mixedshort id=mixed-08-0 latency=4.805575784s
    mixed_process_chaos_test.go:877: mixed terminal type=mixedfanout id=mixed-09-0 latency=4.588264476s
    mixed_process_chaos_test.go:892: mixed terminal type=mixedchild id=c-2c0427b405f6e5cf41a7a5dd2529625c latency=2.525159581s
    mixed_process_chaos_test.go:892: mixed terminal type=mixedchild id=c-61a693bbe622d9d1cff620a5ba2cda7f latency=2.935040799s
    mixed_process_chaos_test.go:892: mixed terminal type=mixedchild id=c-3e3e4c70156e3fee9852004ca5949da3 latency=2.846466312s
    mixed_process_chaos_test.go:892: mixed terminal type=mixedchild id=c-2d7fcc22d483fcf51ba57e3b2077e464 latency=1.697617966s
    mixed_process_chaos_test.go:892: mixed terminal type=mixedchild id=c-1eaf330c748a119ebeda4a23d05429de latency=4.569574842s
    mixed_process_chaos_test.go:892: mixed terminal type=mixedchild id=c-708e303ec63ebd5c030bc9ab47ec7aac latency=1.543416692s
    mixed_process_chaos_test.go:900: mixed terminal type=mixedgrandchild id=c-425aa24102bf9165ef736361fbbfbb9e latency=16.994486183s
    mixed_process_chaos_test.go:900: mixed terminal type=mixedgrandchild id=c-81df727d0b247de4898e89bde451172f latency=8.279167735s
    mixed_process_chaos_test.go:900: mixed terminal type=mixedgrandchild id=c-8129cf1d1fd8e3a209b19b528165f4df latency=13.627525596s
    mixed_process_chaos_test.go:900: mixed terminal type=mixedgrandchild id=c-26514356ab5a5acbf20ad5ce3acc8168 latency=4.805568322s
    mixed_process_chaos_test.go:900: mixed terminal type=mixedgrandchild id=c-a879b3a6c93c88e46e7761b1e78637a2 latency=13.627533017s
    mixed_process_chaos_test.go:900: mixed terminal type=mixedgrandchild id=c-535b8aa9db45ad629d92ad1b11208e82 latency=8.602957328s
    mixed_process_chaos_test.go:900: mixed terminal type=mixedgrandchild id=c-ce30b309161f5923793aaf2cbc016d4e latency=16.994491832s
    mixed_process_chaos_test.go:900: mixed terminal type=mixedgrandchild id=c-e1b3e514a9d31e1c0ae0fcf9d9dcde03 latency=19.519654027s
    mixed_process_chaos_test.go:900: mixed terminal type=mixedgrandchild id=c-bb5f73df9b542dac375d03b4ea875933 latency=14.666220162s
    mixed_process_chaos_test.go:900: mixed terminal type=mixedgrandchild id=c-01365f6a38e7c1ac2db485fc10fda086 latency=8.602489166s
    mixed_process_chaos_test.go:900: mixed terminal type=mixedgrandchild id=c-a44599fc4037c49e5e71abfb8f6d759c latency=10.503943167s
    mixed_process_chaos_test.go:900: mixed terminal type=mixedgrandchild id=c-e14a2648bb4377e8830f7b0584cfd294 latency=16.994020736s
    mixed_process_chaos_test.go:904: mixed terminal p99 from last enabling event=19.519654027s across 28 invocations
    mixed_process_chaos_test.go:905: mixed workers before={LeaseAcquisitions:53 LeaseContentions:114 LeaseAcquireFailures:0 FencingEvents:5 HandoffEnqueues:5 Redeliveries:88 EnqueueToLeaseSamples:53 EnqueueToLeaseTotal:7m3.610372884s EnqueueToLeaseMaximum:26.695289728s EnqueueToLeaseBuckets:[6 11 11 6 19 0] TimersScheduled:24 TimersFired:7 TimerLateTotal:1m33.051922828s TimerLateMaximum:13.317866564s TimerLateBuckets:[0 0 0 0 7 0] CancelledTimerNoOps:0} after={LeaseAcquisitions:35 LeaseContentions:68 LeaseAcquireFailures:0 FencingEvents:0 HandoffEnqueues:0 Redeliveries:63 EnqueueToLeaseSamples:35 EnqueueToLeaseTotal:9m27.86071979s EnqueueToLeaseMaximum:30.583158176s EnqueueToLeaseBuckets:[0 0 7 2 25 1] TimersScheduled:0 TimersFired:17 TimerLateTotal:2.76860819s TimerLateMaximum:214.908594ms TimerLateBuckets:[1 16 0 0 0 0] CancelledTimerNoOps:0}
--- PASS: TestMixedWorkflowsRecoverFromFourServerFaults (49.88s)
PASS
ok  	js-wf/integration	50.914s
