--- FAIL: TestParallelJournalDecodeBoundsBackpressureAndJoinsOnCancellation (0.01s)
    --- FAIL: TestParallelJournalDecodeBoundsBackpressureAndJoinsOnCancellation/byte-limit (0.00s)
        parallel_decode_test.go:196: err=context canceled active=0 accepted=4 want=3
--- FAIL: TestParallelJournalDecodeBoundsBackpressureAndJoinsOnCancellation (0.01s)
    --- FAIL: TestParallelJournalDecodeBoundsBackpressureAndJoinsOnCancellation/byte-limit (0.00s)
        parallel_decode_test.go:196: err=context canceled active=0 accepted=4 want=3
--- FAIL: TestParallelJournalDecodeBoundsBackpressureAndJoinsOnCancellation (0.01s)
    --- FAIL: TestParallelJournalDecodeBoundsBackpressureAndJoinsOnCancellation/byte-limit (0.00s)
        parallel_decode_test.go:196: err=context canceled active=0 accepted=4 want=3
--- FAIL: TestParallelJournalDecodeBoundsBackpressureAndJoinsOnCancellation (0.02s)
    --- FAIL: TestParallelJournalDecodeBoundsBackpressureAndJoinsOnCancellation/byte-limit (0.00s)
        parallel_decode_test.go:196: err=context canceled active=0 accepted=4 want=3
--- FAIL: TestParallelJournalDecodeBoundsBackpressureAndJoinsOnCancellation (0.01s)
    --- FAIL: TestParallelJournalDecodeBoundsBackpressureAndJoinsOnCancellation/byte-limit (0.00s)
        parallel_decode_test.go:196: err=context canceled active=0 accepted=4 want=3
--- FAIL: TestParallelJournalDecodeBoundsBackpressureAndJoinsOnCancellation (0.01s)
    --- FAIL: TestParallelJournalDecodeBoundsBackpressureAndJoinsOnCancellation/byte-limit (0.00s)
        parallel_decode_test.go:196: err=context canceled active=0 accepted=4 want=3
--- FAIL: TestParallelJournalDecodeBoundsBackpressureAndJoinsOnCancellation (0.01s)
    --- FAIL: TestParallelJournalDecodeBoundsBackpressureAndJoinsOnCancellation/byte-limit (0.00s)
        parallel_decode_test.go:196: err=context canceled active=0 accepted=4 want=3
--- FAIL: TestParallelJournalDecodeBoundsBackpressureAndJoinsOnCancellation (0.01s)
    --- FAIL: TestParallelJournalDecodeBoundsBackpressureAndJoinsOnCancellation/byte-limit (0.00s)
        parallel_decode_test.go:196: err=context canceled active=0 accepted=4 want=3
--- FAIL: TestParallelJournalDecodeBoundsBackpressureAndJoinsOnCancellation (0.01s)
    --- FAIL: TestParallelJournalDecodeBoundsBackpressureAndJoinsOnCancellation/byte-limit (0.00s)
        parallel_decode_test.go:196: err=context canceled active=0 accepted=4 want=3
--- FAIL: TestParallelJournalDecodeBoundsBackpressureAndJoinsOnCancellation (0.01s)
    --- FAIL: TestParallelJournalDecodeBoundsBackpressureAndJoinsOnCancellation/byte-limit (0.00s)
        parallel_decode_test.go:196: err=context canceled active=0 accepted=4 want=3
--- FAIL: TestParallelJournalDecodeBoundsBackpressureAndJoinsOnCancellation (0.01s)
    --- FAIL: TestParallelJournalDecodeBoundsBackpressureAndJoinsOnCancellation/byte-limit (0.00s)
        parallel_decode_test.go:196: err=context canceled active=0 accepted=4 want=3
--- FAIL: TestParallelJournalDecodeBoundsBackpressureAndJoinsOnCancellation (0.01s)
    --- FAIL: TestParallelJournalDecodeBoundsBackpressureAndJoinsOnCancellation/byte-limit (0.00s)
        parallel_decode_test.go:196: err=context canceled active=0 accepted=4 want=3
--- FAIL: TestParallelJournalDecodeBoundsBackpressureAndJoinsOnCancellation (0.01s)
    --- FAIL: TestParallelJournalDecodeBoundsBackpressureAndJoinsOnCancellation/byte-limit (0.00s)
        parallel_decode_test.go:196: err=context canceled active=0 accepted=4 want=3
--- FAIL: TestParallelJournalDecodeBoundsBackpressureAndJoinsOnCancellation (0.01s)
    --- FAIL: TestParallelJournalDecodeBoundsBackpressureAndJoinsOnCancellation/byte-limit (0.00s)
        parallel_decode_test.go:196: err=context canceled active=0 accepted=4 want=3
--- FAIL: TestParallelJournalDecodeBoundsBackpressureAndJoinsOnCancellation (0.01s)
    --- FAIL: TestParallelJournalDecodeBoundsBackpressureAndJoinsOnCancellation/byte-limit (0.00s)
        parallel_decode_test.go:196: err=context canceled active=0 accepted=4 want=3
--- FAIL: TestParallelJournalDecodeBoundsBackpressureAndJoinsOnCancellation (0.01s)
    --- FAIL: TestParallelJournalDecodeBoundsBackpressureAndJoinsOnCancellation/byte-limit (0.00s)
        parallel_decode_test.go:196: err=context canceled active=0 accepted=4 want=3
--- FAIL: TestParallelJournalDecodeBoundsBackpressureAndJoinsOnCancellation (0.01s)
    --- FAIL: TestParallelJournalDecodeBoundsBackpressureAndJoinsOnCancellation/byte-limit (0.00s)
        parallel_decode_test.go:196: err=context canceled active=0 accepted=4 want=3
FAIL
FAIL	js-wf/integrity	0.811s
FAIL
