=== RUN   TestMixedMatrixJournalLeaderEveryThirtySeconds
    mixed_matrix_leader_test.go:84: mixed batch=1 elapsed=5.140313063s
    mixed_matrix_leader_test.go:84: mixed batch=2 elapsed=9.064529506s
    mixed_matrix_leader_test.go:84: mixed batch=3 elapsed=13.078538614s
    mixed_matrix_leader_test.go:84: mixed batch=4 elapsed=17.093623447s
    mixed_matrix_leader_test.go:84: mixed batch=5 elapsed=21.115481953s
    mixed_matrix_leader_test.go:84: mixed batch=6 elapsed=26.431111679s
    mixed_matrix_leader_test.go:84: mixed batch=7 elapsed=37.345865733s
    mixed_matrix_leader_test.go:597: journal_leader fault node=2 nodes=[] worker= pid=0 active_leases=0 routes=[0 0 0] majority_seq=0 consumer= pending=0 ack_pending=0 scheduled=30s killed=30.003313942s healed=37.482551837s
    mixed_matrix_leader_test.go:84: mixed batch=8 elapsed=42.161803471s
    mixed_matrix_leader_test.go:84: mixed batch=9 elapsed=47.480592809s
    mixed_matrix_leader_test.go:84: mixed batch=10 elapsed=52.899245229s
    mixed_matrix_leader_test.go:621: checkpoint audit batch=10 invocation_cutoff=280 started elapsed=52.899314665s
    mixed_matrix_leader_test.go:633: checkpoint audit batch=10 complete report={Invocations:280 Journals:280 Entries:3086 Terminal:280} elapsed=53.714028661s
    mixed_matrix_leader_test.go:84: mixed batch=11 elapsed=58.420161479s
    mixed_matrix_leader_test.go:597: journal_leader fault node=0 nodes=[] worker= pid=0 active_leases=0 routes=[0 0 0] majority_seq=0 consumer= pending=0 ack_pending=0 scheduled=1m0s killed=1m0.003461881s healed=1m5.319568355s
    mixed_matrix_leader_test.go:84: mixed batch=12 elapsed=1m10.136246887s
    mixed_matrix_leader_test.go:84: mixed batch=13 elapsed=1m14.151233822s
    mixed_matrix_leader_test.go:84: mixed batch=14 elapsed=1m19.467494308s
    mixed_matrix_leader_test.go:84: mixed batch=15 elapsed=1m23.401277272s
    mixed_matrix_leader_test.go:84: mixed batch=16 elapsed=1m28.931553005s
    mixed_matrix_leader_test.go:597: journal_leader fault node=1 nodes=[] worker= pid=0 active_leases=0 routes=[0 0 0] majority_seq=0 consumer= pending=0 ack_pending=0 scheduled=1m30s killed=1m30.002891651s healed=1m35.322967935s
    mixed_matrix_leader_test.go:84: mixed batch=17 elapsed=1m40.667610451s
    mixed_matrix_leader_test.go:84: mixed batch=18 elapsed=1m46.423305855s
    mixed_matrix_leader_test.go:84: mixed batch=19 elapsed=1m51.945028912s
    mixed_matrix_leader_test.go:84: mixed batch=20 elapsed=1m57.188427966s
    mixed_matrix_leader_test.go:621: checkpoint audit batch=20 invocation_cutoff=560 started elapsed=1m57.188499685s
    mixed_matrix_leader_test.go:633: checkpoint audit batch=20 complete report={Invocations:560 Journals:560 Entries:6169 Terminal:560} elapsed=1m59.386518809s
    mixed_matrix_leader_test.go:597: journal_leader fault node=0 nodes=[] worker= pid=0 active_leases=0 routes=[0 0 0] majority_seq=0 consumer= pending=0 ack_pending=0 scheduled=2m0s killed=2m0.005526721s healed=2m6.44493629s
    mixed_matrix_leader_test.go:84: mixed batch=21 elapsed=2m8.821751195s
    mixed_matrix_leader_test.go:84: mixed batch=22 elapsed=2m14.440179186s
    mixed_matrix_leader_test.go:84: mixed batch=23 elapsed=2m19.574376217s
    mixed_matrix_leader_test.go:84: mixed batch=24 elapsed=2m24.111032166s
    mixed_matrix_leader_test.go:84: mixed batch=25 elapsed=2m29.130484924s
    mixed_matrix_leader_test.go:597: journal_leader fault node=1 nodes=[] worker= pid=0 active_leases=0 routes=[0 0 0] majority_seq=0 consumer= pending=0 ack_pending=0 scheduled=2m30s killed=2m30.004457844s healed=2m36.428474292s
    mixed_matrix_leader_test.go:84: mixed batch=26 elapsed=2m39.648535358s
    mixed_matrix_leader_test.go:84: mixed batch=27 elapsed=2m43.666011334s
    mixed_matrix_leader_test.go:84: mixed batch=28 elapsed=2m47.688228996s
    mixed_matrix_leader_test.go:84: mixed batch=29 elapsed=2m51.703806657s
    mixed_matrix_leader_test.go:84: mixed batch=30 elapsed=2m57.121761119s
    mixed_matrix_leader_test.go:621: checkpoint audit batch=30 invocation_cutoff=840 started elapsed=2m57.121808371s
    mixed_matrix_leader_test.go:633: checkpoint audit batch=30 complete report={Invocations:840 Journals:840 Entries:9254 Terminal:840} elapsed=2m58.958720185s
    mixed_matrix_leader_test.go:597: journal_leader fault node=0 nodes=[] worker= pid=0 active_leases=0 routes=[0 0 0] majority_seq=0 consumer= pending=0 ack_pending=0 scheduled=3m0s killed=3m0.002373073s healed=3m6.423694518s
    mixed_matrix_leader_test.go:84: mixed batch=31 elapsed=3m7.846599238s
    mixed_matrix_leader_test.go:84: mixed batch=32 elapsed=3m12.941788037s
    mixed_matrix_leader_test.go:84: mixed batch=33 elapsed=3m18.359315659s
    mixed_matrix_leader_test.go:84: mixed batch=34 elapsed=3m23.678778921s
    mixed_matrix_leader_test.go:84: mixed batch=35 elapsed=3m29.004034625s
    mixed_matrix_leader_test.go:597: journal_leader fault node=1 nodes=[] worker= pid=0 active_leases=0 routes=[0 0 0] majority_seq=0 consumer= pending=0 ack_pending=0 scheduled=3m30s killed=3m30.002512169s healed=3m37.475551489s
    mixed_matrix_leader_test.go:84: mixed batch=36 elapsed=3m39.223465392s
    mixed_matrix_leader_test.go:84: mixed batch=37 elapsed=3m44.758509631s
    mixed_matrix_leader_test.go:84: mixed batch=38 elapsed=3m50.180445373s
    mixed_matrix_leader_test.go:84: mixed batch=39 elapsed=3m55.493145151s
    mixed_matrix_leader_test.go:597: journal_leader fault node=0 nodes=[] worker= pid=0 active_leases=0 routes=[0 0 0] majority_seq=0 consumer= pending=0 ack_pending=0 scheduled=4m0s killed=4m0.002110136s healed=4m5.373587357s
    mixed_matrix_leader_test.go:84: mixed batch=40 elapsed=4m7.209238957s
    mixed_matrix_leader_test.go:621: checkpoint audit batch=40 invocation_cutoff=1120 started elapsed=4m7.209459422s
    mixed_matrix_leader_test.go:633: checkpoint audit batch=40 complete report={Invocations:1120 Journals:1120 Entries:12339 Terminal:1120} elapsed=4m10.153402117s
    mixed_matrix_leader_test.go:84: mixed batch=41 elapsed=4m13.204842105s
    mixed_matrix_leader_test.go:84: mixed batch=42 elapsed=4m18.622276047s
    mixed_matrix_leader_test.go:84: mixed batch=43 elapsed=4m23.938708906s
    mixed_matrix_leader_test.go:84: mixed batch=44 elapsed=4m29.353596537s
    mixed_matrix_leader_test.go:597: journal_leader fault node=1 nodes=[] worker= pid=0 active_leases=0 routes=[0 0 0] majority_seq=0 consumer= pending=0 ack_pending=0 scheduled=4m30s killed=4m30.007717322s healed=4m34.332642266s
    mixed_matrix_leader_test.go:84: mixed batch=45 elapsed=4m41.069039409s
    mixed_matrix_leader_test.go:84: mixed batch=46 elapsed=4m46.388343672s
    mixed_matrix_leader_test.go:84: mixed batch=47 elapsed=4m51.817285359s
    mixed_matrix_leader_test.go:84: mixed batch=48 elapsed=4m57.238733208s
    mixed_matrix_leader_test.go:597: journal_leader fault node=2 nodes=[] worker= pid=0 active_leases=0 routes=[0 0 0] majority_seq=0 consumer= pending=0 ack_pending=0 scheduled=5m0s killed=5m0.002610055s healed=5m5.37997455s
    mixed_matrix_leader_test.go:84: mixed batch=49 elapsed=5m13.156531574s
    mixed_matrix_leader_test.go:84: mixed batch=50 elapsed=5m18.471827677s
    mixed_matrix_leader_test.go:621: checkpoint audit batch=50 invocation_cutoff=1400 started elapsed=5m18.471851963s
    mixed_matrix_leader_test.go:633: checkpoint audit batch=50 complete report={Invocations:1400 Journals:1400 Entries:15419 Terminal:1400} elapsed=5m21.528080607s
    mixed_matrix_leader_test.go:84: mixed batch=51 elapsed=5m23.990016494s
    mixed_matrix_leader_test.go:84: mixed batch=52 elapsed=5m29.410474709s
    mixed_matrix_leader_test.go:597: journal_leader fault node=0 nodes=[] worker= pid=0 active_leases=0 routes=[0 0 0] majority_seq=0 consumer= pending=0 ack_pending=0 scheduled=5m30s killed=5m30.005683188s healed=5m35.385536774s
    mixed_matrix_leader_test.go:84: mixed batch=53 elapsed=5m40.233359493s
    mixed_matrix_leader_test.go:84: mixed batch=54 elapsed=5m45.76019658s
    mixed_matrix_leader_test.go:84: mixed batch=55 elapsed=5m51.175184833s
    mixed_matrix_leader_test.go:84: mixed batch=56 elapsed=5m56.489614528s
    mixed_matrix_leader_test.go:597: journal_leader fault node=0 nodes=[] worker= pid=0 active_leases=0 routes=[0 0 0] majority_seq=0 consumer= pending=0 ack_pending=0 scheduled=6m0s killed=6m0.007476203s healed=6m5.381528475s
    mixed_matrix_leader_test.go:84: mixed batch=57 elapsed=6m7.406680039s
    mixed_matrix_leader_test.go:84: mixed batch=58 elapsed=6m12.725256256s
    mixed_matrix_leader_test.go:84: mixed batch=59 elapsed=6m18.145819612s
    mixed_matrix_leader_test.go:84: mixed batch=60 elapsed=6m23.566415227s
    mixed_matrix_leader_test.go:621: checkpoint audit batch=60 invocation_cutoff=1680 started elapsed=6m23.566497011s
    mixed_matrix_leader_test.go:633: checkpoint audit batch=60 complete report={Invocations:1680 Journals:1680 Entries:18500 Terminal:1680} elapsed=6m27.004638741s
    mixed_matrix_leader_test.go:84: mixed batch=61 elapsed=6m29.081136154s
    mixed_matrix_leader_test.go:597: journal_leader fault node=0 nodes=[] worker= pid=0 active_leases=0 routes=[0 0 0] majority_seq=0 consumer= pending=0 ack_pending=0 scheduled=6m30s killed=6m30.0021939s healed=6m35.378663887s
    mixed_matrix_leader_test.go:84: mixed batch=62 elapsed=6m39.794755118s
    mixed_matrix_leader_test.go:84: mixed batch=63 elapsed=6m45.210331374s
    mixed_matrix_leader_test.go:84: mixed batch=64 elapsed=6m50.530268189s
    mixed_matrix_leader_test.go:84: mixed batch=65 elapsed=6m55.84643262s
    mixed_matrix_leader_test.go:84: mixed batch=66 elapsed=7m5.261563854s
    mixed_matrix_leader_test.go:597: journal_leader fault node=0 nodes=[] worker= pid=0 active_leases=0 routes=[0 0 0] majority_seq=0 consumer= pending=0 ack_pending=0 scheduled=7m0s killed=7m0.001731939s healed=7m5.375985327s
    mixed_matrix_leader_test.go:84: mixed batch=67 elapsed=7m10.5785383s
    mixed_matrix_leader_test.go:84: mixed batch=68 elapsed=7m15.897710983s
    mixed_matrix_leader_test.go:84: mixed batch=69 elapsed=7m21.311627599s
    mixed_matrix_leader_test.go:84: mixed batch=70 elapsed=7m26.633253853s
    mixed_matrix_leader_test.go:621: checkpoint audit batch=70 invocation_cutoff=1960 started elapsed=7m26.633274334s
    mixed_matrix_leader_test.go:597: journal_leader fault node=2 nodes=[] worker= pid=0 active_leases=0 routes=[0 0 0] majority_seq=0 consumer= pending=0 ack_pending=0 scheduled=7m30s killed=7m30.005183134s healed=7m37.485846617s
    mixed_matrix_leader_test.go:84: mixed batch=71 elapsed=7m38.888586678s
    mixed_matrix_leader_test.go:633: checkpoint audit batch=70 complete report={Invocations:1960 Journals:1960 Entries:21585 Terminal:1960} elapsed=7m42.862040535s
    mixed_matrix_leader_test.go:84: mixed batch=72 elapsed=7m44.520444107s
    mixed_matrix_leader_test.go:84: mixed batch=73 elapsed=7m49.836356035s
    mixed_matrix_leader_test.go:84: mixed batch=74 elapsed=7m55.149611327s
    mixed_matrix_leader_test.go:597: journal_leader fault node=0 nodes=[] worker= pid=0 active_leases=0 routes=[0 0 0] majority_seq=0 consumer= pending=0 ack_pending=0 scheduled=8m0s killed=8m0.003139215s healed=8m4.334235677s
    mixed_matrix_leader_test.go:84: mixed batch=75 elapsed=8m4.56324738s
    mixed_matrix_leader_test.go:84: mixed batch=76 elapsed=8m9.883948486s
    mixed_matrix_leader_test.go:84: mixed batch=77 elapsed=8m15.19914682s
    mixed_matrix_leader_test.go:84: mixed batch=78 elapsed=8m20.617675676s
    mixed_matrix_leader_test.go:84: mixed batch=79 elapsed=8m25.933361731s
    mixed_matrix_leader_test.go:597: journal_leader fault node=2 nodes=[] worker= pid=0 active_leases=0 routes=[0 0 0] majority_seq=0 consumer= pending=0 ack_pending=0 scheduled=8m30s killed=8m30.005426937s healed=8m35.384066792s
    mixed_matrix_leader_test.go:84: mixed batch=80 elapsed=8m37.22180392s
    mixed_matrix_leader_test.go:621: checkpoint audit batch=80 invocation_cutoff=2240 started elapsed=8m37.222054892s
    mixed_matrix_leader_test.go:633: checkpoint audit batch=80 complete report={Invocations:2240 Journals:2240 Entries:24666 Terminal:2240} elapsed=8m41.752388465s
    mixed_matrix_leader_test.go:84: mixed batch=81 elapsed=8m42.310414975s
    mixed_matrix_leader_test.go:84: mixed batch=82 elapsed=8m47.620458547s
    mixed_matrix_leader_test.go:84: mixed batch=83 elapsed=8m52.941474741s
    mixed_matrix_leader_test.go:84: mixed batch=84 elapsed=8m58.454808481s
    mixed_matrix_leader_test.go:597: journal_leader fault node=2 nodes=[] worker= pid=0 active_leases=0 routes=[0 0 0] majority_seq=0 consumer= pending=0 ack_pending=0 scheduled=9m0s killed=9m0.003099026s healed=9m6.42464898s
    mixed_matrix_leader_test.go:84: mixed batch=85 elapsed=9m9.171254512s
    mixed_matrix_leader_test.go:84: mixed batch=86 elapsed=9m14.488883059s
    mixed_matrix_leader_test.go:84: mixed batch=87 elapsed=9m19.800455924s
    mixed_matrix_leader_test.go:84: mixed batch=88 elapsed=9m25.117359037s
    mixed_matrix_leader_test.go:597: journal_leader fault node=0 nodes=[] worker= pid=0 active_leases=0 routes=[0 0 0] majority_seq=0 consumer= pending=0 ack_pending=0 scheduled=9m30s killed=9m30.005389009s healed=9m35.392789054s
    mixed_matrix_leader_test.go:84: mixed batch=89 elapsed=9m37.342763085s
    mixed_matrix_leader_test.go:84: mixed batch=90 elapsed=9m42.657317461s
    mixed_matrix_leader_test.go:621: checkpoint audit batch=90 invocation_cutoff=2520 started elapsed=9m42.657413467s
    mixed_matrix_leader_test.go:633: checkpoint audit batch=90 complete report={Invocations:2520 Journals:2520 Entries:27749 Terminal:2520} elapsed=9m47.886741391s
    mixed_matrix_leader_test.go:84: mixed batch=91 elapsed=9m48.165867733s
    mixed_matrix_leader_test.go:84: mixed batch=92 elapsed=9m53.480354357s
    mixed_matrix_leader_test.go:84: mixed batch=93 elapsed=9m58.794514573s
    mixed_matrix_leader_test.go:84: mixed batch=94 elapsed=10m4.213107306s
    mixed_matrix_leader_test.go:84: MATRIX_RETAINED row=journal_leader report={Invocations:2632 Journals:2632 Entries:28981 Terminal:2632} expected_invocations=2632
    mixed_matrix_leader_test.go:84: MATRIX_RESULT row=journal_leader seed=28 duration=10m0s release_duration=true batches=94 invocations=2632 faults=19 terminal_p99=7.307638564s
    mixed_matrix_leader_test.go:84: MATRIX_CELL type=matrixshort invocations=376 terminal_p99=769.499062ms
    mixed_matrix_leader_test.go:84: MATRIX_PROGRESS type=matrixshort enabled_events=376 progress_p99=759.86976ms progress_max=2.155818613s above_30s=0
    mixed_matrix_leader_test.go:84: MATRIX_CELL type=matrixtimer invocations=282 terminal_p99=7.319588476s
    mixed_matrix_leader_test.go:84: MATRIX_PROGRESS type=matrixtimer enabled_events=2538 progress_p99=7.304810479s progress_max=12.459725675s above_30s=0
    mixed_matrix_leader_test.go:84: MATRIX_CELL type=matrixsignal invocations=188 terminal_p99=11.176045638s
    mixed_matrix_leader_test.go:84: MATRIX_PROGRESS type=matrixsignal enabled_events=1692 progress_p99=1.796779934s progress_max=11.993511698s above_30s=0
    mixed_matrix_leader_test.go:84: MATRIX_CELL type=matrixfanout invocations=94 terminal_p99=11.844467206s
    mixed_matrix_leader_test.go:84: MATRIX_PROGRESS type=matrixfanout enabled_events=1222 progress_p99=132.969808ms progress_max=1.162301225s above_30s=0
    mixed_matrix_leader_test.go:84: MATRIX_CELL type=matrixchild invocations=564 terminal_p99=2.801883856s
    mixed_matrix_leader_test.go:84: MATRIX_PROGRESS type=matrixchild enabled_events=2820 progress_p99=171.446473ms progress_max=4.607374678s above_30s=0
    mixed_matrix_leader_test.go:84: MATRIX_CELL type=matrixgrandchild invocations=1128 terminal_p99=299.461891ms
    mixed_matrix_leader_test.go:84: MATRIX_PROGRESS type=matrixgrandchild enabled_events=1128 progress_p99=130.625826ms progress_max=3.615215552s above_30s=0
--- PASS: TestMixedMatrixJournalLeaderEveryThirtySeconds (662.58s)
PASS
