6521  1790832212.155374 --- SIGURG {si_signo=SIGURG, si_code=SI_TKILL, si_pid=6502, si_uid=1001} ---
6529  1790832212.161304 pwrite64(30</tmp/TestLeaseAppendPressureFixedPlacement2543435063/001/node-1/jetstream/$SYS/_js_/S-R3F-SbktiqVe/msgs/1.blk>, "\23\1\0\0\315\0\0\0\0\0\0\0\274\2372\242hP\332\30\0\0000m6vARoZ\2\0"..., 275, 57450) = 275 (DELAYED) <0.062807>
6529  1790832212.231907 --- SIGURG {si_signo=SIGURG, si_code=SI_TKILL, si_pid=6502, si_uid=1001} ---
6529  1790832212.232730 pwrite64(30</tmp/TestLeaseAppendPressureFixedPlacement2543435063/001/node-1/jetstream/$SYS/_js_/S-R3F-SbktiqVe/msgs/1.blk>, "\27\1\0\0\316\0\0\0\0\0\0\0\271\1u\246hP\332\30\0\0000m6vARoZ\2\0"..., 279, 57725 <unfinished ...>
6522  1790832212.234105 pwrite64(29</tmp/TestLeaseAppendPressureFixedPlacement2543435063/001/node-1/jetstream/$G/streams/KV_WF_LEASE/msgs/1.blk>, "\245\0\0\200\321\0\0\0\0\0\0\0t\362*\242hP\332\30'\0$KV.WF_LEA"..., 165, 34771 <unfinished ...>
6529  1790832212.302926 <... pwrite64 resumed>) = 279 (DELAYED) <0.070149>
6529  1790832212.303191 --- SIGURG {si_signo=SIGURG, si_code=SI_TKILL, si_pid=6502, si_uid=1001} ---
6522  1790832212.304161 <... pwrite64 resumed>) = 165 (DELAYED) <0.070035>
6529  1790832212.305159 pwrite64(30</tmp/TestLeaseAppendPressureFixedPlacement2543435063/001/node-1/jetstream/$SYS/_js_/S-R3F-SbktiqVe/msgs/1.blk>, "\27\1\0\0\317\0\0\0\0\0\0\0\36I\306\252hP\332\30\0\0000m6vARoZ\2\0"..., 279, 58004 <unfinished ...>
6520  1790832212.306435 pwrite64(29</tmp/TestLeaseAppendPressureFixedPlacement2543435063/001/node-1/jetstream/$G/streams/KV_WF_LEASE/msgs/1.blk>, "\251\0\0\200\322\0\0\0\0\0\0\0\261Kq\246hP\332\30'\0$KV.WF_LEA"..., 169, 34936 <unfinished ...>
6522  1790832212.341493 --- SIGURG {si_signo=SIGURG, si_code=SI_TKILL, si_pid=6502, si_uid=1001} ---
6529  1790832212.375407 <... pwrite64 resumed>) = 279 (DELAYED) <0.070186>
6529  1790832212.375688 --- SIGURG {si_signo=SIGURG, si_code=SI_TKILL, si_pid=6502, si_uid=1001} ---
6520  1790832212.376478 <... pwrite64 resumed>) = 169 (DELAYED) <0.070019>
6520  1790832212.376674 --- SIGURG {si_signo=SIGURG, si_code=SI_TKILL, si_pid=6502, si_uid=1001} ---
6529  1790832212.377070 pwrite64(30</tmp/TestLeaseAppendPressureFixedPlacement2543435063/001/node-1/jetstream/$SYS/_js_/S-R3F-SbktiqVe/msgs/1.blk>, "\27\1\0\0\320\0\0\0\0\0\0\0\235\207\17\257hP\332\30\0\0000m6vARoZ\2\0"..., 279, 58283 <unfinished ...>
6510  1790832212.378004 pwrite64(29</tmp/TestLeaseAppendPressureFixedPlacement2543435063/001/node-1/jetstream/$G/streams/KV_WF_LEASE/msgs/1.blk>, "\251\0\0\200\323\0\0\0\0\0\0\0+\300\300\252hP\332\30'\0$KV.WF_LEA"..., 169, 35105 <unfinished ...>
6508  1790832212.401702 --- SIGURG {si_signo=SIGURG, si_code=SI_TKILL, si_pid=6502, si_uid=1001} ---
6529  1790832212.447267 <... pwrite64 resumed>) = 279 (DELAYED) <0.070156>
6529  1790832212.447533 --- SIGURG {si_signo=SIGURG, si_code=SI_TKILL, si_pid=6502, si_uid=1001} ---
6510  1790832212.448086 <... pwrite64 resumed>) = 169 (DELAYED) <0.070060>
6510  1790832212.448977 pwrite64(30</tmp/TestLeaseAppendPressureFixedPlacement2543435063/001/node-1/jetstream/$SYS/_js_/S-R3F-SbktiqVe/msgs/1.blk>, "\27\1\0\0\321\0\0\0\0\0\0\0\350\223X\263hP\332\30\0\0000m6vARoZ\2\0"..., 279, 58562 <unfinished ...>
6529  1790832212.450171 pwrite64(29</tmp/TestLeaseAppendPressureFixedPlacement2543435063/001/node-1/jetstream/$G/streams/KV_WF_LEASE/msgs/1.blk>, "\251\0\0\200\324\0\0\0\0\0\0\0+\200\t\257hP\332\30'\0$KV.WF_LEA"..., 169, 35274 <unfinished ...>
6510  1790832212.519060 <... pwrite64 resumed>) = 279 (DELAYED) <0.070042>
6510  1790832212.519472 --- SIGURG {si_signo=SIGURG, si_code=SI_TKILL, si_pid=6502, si_uid=1001} ---
6510  1790832212.519868 --- SIGURG {si_signo=SIGURG, si_code=SI_TKILL, si_pid=6502, si_uid=1001} ---
6529  1790832212.520230 <... pwrite64 resumed>) = 169 (DELAYED) <0.070037>
6508  1790832212.520479 pwrite64(30</tmp/TestLeaseAppendPressureFixedPlacement2543435063/001/node-1/jetstream/$SYS/_js_/S-R3F-SbktiqVe/msgs/1.blk>, "\27\1\0\0\322\0\0\0\0\0\0\0\240d\233\267hP\332\30\0\0000m6vARoZ\2\0"..., 279, 58841 <unfinished ...>
6510  1790832212.521785 pwrite64(29</tmp/TestLeaseAppendPressureFixedPlacement2543435063/001/node-1/jetstream/$G/streams/KV_WF_LEASE/msgs/1.blk>, "\251\0\0\200\325\0\0\0\0\0\0\0\264\337Q\263hP\332\30'\0$KV.WF_LEA"..., 169, 35443 <unfinished ...>
6508  1790832212.590608 <... pwrite64 resumed>) = 279 (DELAYED) <0.070087>
6508  1790832212.590870 --- SIGURG {si_signo=SIGURG, si_code=SI_TKILL, si_pid=6502, si_uid=1001} ---
6510  1790832212.591850 <... pwrite64 resumed>) = 169 (DELAYED) <0.070030>
6510  1790832212.592255 --- SIGURG {si_signo=SIGURG, si_code=SI_TKILL, si_pid=6502, si_uid=1001} ---
6508  1790832212.592358 pwrite64(30</tmp/TestLeaseAppendPressureFixedPlacement2543435063/001/node-1/jetstream/$SYS/_js_/S-R3F-SbktiqVe/msgs/1.blk>, "\27\1\0\0\323\0\0\0\0\0\0\0\344d\344\273hP\332\30\0\0000m6vARoZ\2\0"..., 279, 59120 <unfinished ...>
6529  1790832212.593415 pwrite64(29</tmp/TestLeaseAppendPressureFixedPlacement2543435063/001/node-1/jetstream/$G/streams/KV_WF_LEASE/msgs/1.blk>, "\251\0\0\200\326\0\0\0\0\0\0\0u<\226\267hP\332\30'\0$KV.WF_LEA"..., 169, 35612 <unfinished ...>
6508  1790832212.662494 <... pwrite64 resumed>) = 279 (DELAYED) <0.070081>
6508  1790832212.662904 --- SIGURG {si_signo=SIGURG, si_code=SI_TKILL, si_pid=6502, si_uid=1001} ---
6529  1790832212.663444 <... pwrite64 resumed>) = 169 (DELAYED) <0.070008>
6508  1790832212.664063 pwrite64(30</tmp/TestLeaseAppendPressureFixedPlacement2543435063/001/node-1/jetstream/$SYS/_js_/S-R3F-SbktiqVe/msgs/1.blk>, "\27\1\0\0\324\0\0\0\0\0\0\0\361\261*\300hP\332\30\0\0000m6vARoZ\2\0"..., 279, 59399 <unfinished ...>
6521  1790832212.665066 pwrite64(29</tmp/TestLeaseAppendPressureFixedPlacement2543435063/001/node-1/jetstream/$G/streams/KV_WF_LEASE/msgs/1.blk>, "\251\0\0\200\327\0\0\0\0\0\0\0\317\251\336\273hP\332\30'\0$KV.WF_LEA"..., 169, 35781 <unfinished ...>
6508  1790832212.734154 <... pwrite64 resumed>) = 279 (DELAYED) <0.070050>
6508  1790832212.734431 --- SIGURG {si_signo=SIGURG, si_code=SI_TKILL, si_pid=6502, si_uid=1001} ---
6521  1790832212.735130 <... pwrite64 resumed>) = 169 (DELAYED) <0.070036>
6529  1790832212.735935 pwrite64(30</tmp/TestLeaseAppendPressureFixedPlacement2543435063/001/node-1/jetstream/$SYS/_js_/S-R3F-SbktiqVe/msgs/1.blk>, "\27\1\0\0\325\0\0\0\0\0\0\0\343Ss\304hP\332\30\0\0000m6vARoZ\2\0"..., 279, 59678 <unfinished ...>
6508  1790832212.737314 pwrite64(29</tmp/TestLeaseAppendPressureFixedPlacement2543435063/001/node-1/jetstream/$G/streams/KV_WF_LEASE/msgs/1.blk>, "\251\0\0\200\330\0\0\0\0\0\0\0\210\224#\300hP\332\30'\0$KV.WF_LEA"..., 169, 35950 <unfinished ...>
6529  1790832212.806125 <... pwrite64 resumed>) = 279 (DELAYED) <0.070143>
6529  1790832212.806441 --- SIGURG {si_signo=SIGURG, si_code=SI_TKILL, si_pid=6502, si_uid=1001} ---
6508  1790832212.807361 <... pwrite64 resumed>) = 169 (DELAYED) <0.070022>
6508  1790832212.807664 pwrite64(30</tmp/TestLeaseAppendPressureFixedPlacement2543435063/001/node-1/jetstream/$SYS/_js_/S-R3F-SbktiqVe/msgs/1.blk>, "\27\1\0\0\326\0\0\0\0\0\0\0\256\357\271\310hP\332\30\0\0000m6vARoZ\2\0"..., 279, 59957 <unfinished ...>
6521  1790832212.808755 pwrite64(29</tmp/TestLeaseAppendPressureFixedPlacement2543435063/001/node-1/jetstream/$G/streams/KV_WF_LEASE/msgs/1.blk>, "\251\0\0\200\331\0\0\0\0\0\0\0\204\6n\304hP\332\30'\0$KV.WF_LEA"..., 169, 36119 <unfinished ...>
6510  1790832212.874265 --- SIGURG {si_signo=SIGURG, si_code=SI_TKILL, si_pid=6502, si_uid=1001} ---
6529  1790832212.874616 --- SIGURG {si_signo=SIGURG, si_code=SI_TKILL, si_pid=6502, si_uid=1001} ---
6508  1790832212.877739 <... pwrite64 resumed>) = 279 (DELAYED) <0.070036>
6508  1790832212.877973 --- SIGURG {si_signo=SIGURG, si_code=SI_TKILL, si_pid=6502, si_uid=1001} ---
6521  1790832212.878805 <... pwrite64 resumed>) = 169 (DELAYED) <0.070024>
6510  1790832212.879179 pwrite64(30</tmp/TestLeaseAppendPressureFixedPlacement2543435063/001/node-1/jetstream/$SYS/_js_/S-R3F-SbktiqVe/msgs/1.blk>, "\27\1\0\0\327\0\0\0\0\0\0\0\25\17\375\314hP\332\30\0\0000m6vARoZ\2\0"..., 279, 60236 <unfinished ...>
6521  1790832212.880194 pwrite64(29</tmp/TestLeaseAppendPressureFixedPlacement2543435063/001/node-1/jetstream/$G/streams/KV_WF_LEASE/msgs/1.blk>, "\251\0\0\200\332\0\0\0\0\0\0\0\25\37\265\310hP\332\30'\0$KV.WF_LEA"..., 169, 36288 <unfinished ...>
6508  1790832212.944345 --- SIGURG {si_signo=SIGURG, si_code=SI_TKILL, si_pid=6502, si_uid=1001} ---
6510  1790832212.949250 <... pwrite64 resumed>) = 279 (DELAYED) <0.070040>
6510  1790832212.949506 --- SIGURG {si_signo=SIGURG, si_code=SI_TKILL, si_pid=6502, si_uid=1001} ---
6521  1790832212.950245 <... pwrite64 resumed>) = 169 (DELAYED) <0.070007>
6520  1790832212.950807 pwrite64(30</tmp/TestLeaseAppendPressureFixedPlacement2543435063/001/node-1/jetstream/$SYS/_js_/S-R3F-SbktiqVe/msgs/1.blk>, "\27\1\0\0\330\0\0\0\0\0\0\0L\21B\321hP\332\30\0\0000m6vARoZ\2\0"..., 279, 60515 <unfinished ...>
6521  1790832212.952058 pwrite64(29</tmp/TestLeaseAppendPressureFixedPlacement2543435063/001/node-1/jetstream/$G/streams/KV_WF_LEASE/msgs/1.blk>, "\251\0\0\200\333\0\0\0\0\0\0\0\273A\367\314hP\332\30'\0$KV.WF_LEA"..., 169, 36457 <unfinished ...>
6520  1790832213.020926 <... pwrite64 resumed>) = 279 (DELAYED) <0.070077>
6520  1790832213.021167 --- SIGURG {si_signo=SIGURG, si_code=SI_TKILL, si_pid=6502, si_uid=1001} ---
6521  1790832213.022117 <... pwrite64 resumed>) = 169 (DELAYED) <0.070036>
6510  1790832213.022433 pwrite64(30</tmp/TestLeaseAppendPressureFixedPlacement2543435063/001/node-1/jetstream/$SYS/_js_/S-R3F-SbktiqVe/msgs/1.blk>, "\27\1\0\0\331\0\0\0\0\0\0\0\357\325\206\325hP\332\30\0\0000m6vARoZ\2\0"..., 279, 60794 <unfinished ...>
6521  1790832213.023469 pwrite64(29</tmp/TestLeaseAppendPressureFixedPlacement2543435063/001/node-1/jetstream/$G/streams/KV_WF_LEASE/msgs/1.blk>, "\251\0\0\200\334\0\0\0\0\0\0\0E\27<\321hP\332\30'\0$KV.WF_LEA"..., 169, 36626 <unfinished ...>
6510  1790832213.092594 <... pwrite64 resumed>) = 279 (DELAYED) <0.070122>
6521  1790832213.093519 <... pwrite64 resumed>) = 169 (DELAYED) <0.070029>
6520  1790832213.093883 --- SIGURG {si_signo=SIGURG, si_code=SI_TKILL, si_pid=6502, si_uid=1001} ---
6510  1790832213.094135 pwrite64(30</tmp/TestLeaseAppendPressureFixedPlacement2543435063/001/node-1/jetstream/$SYS/_js_/S-R3F-SbktiqVe/msgs/1.blk>, "\27\1\0\0\332\0\0\0\0\0\0\0\322\17\315\331hP\332\30\0\0000m6vARoZ\2\0"..., 279, 61073 <unfinished ...>
6508  1790832213.095076 pwrite64(29</tmp/TestLeaseAppendPressureFixedPlacement2543435063/001/node-1/jetstream/$G/streams/KV_WF_LEASE/msgs/1.blk>, "\251\0\0\200\335\0\0\0\0\0\0\0\273\245\202\325hP\332\30'\0$KV.WF_LEA"..., 169, 36795 <unfinished ...>
6522  1790832213.155183 --- SIGURG {si_signo=SIGURG, si_code=SI_TKILL, si_pid=6502, si_uid=1001} ---
6510  1790832213.164213 <... pwrite64 resumed>) = 279 (DELAYED) <0.070045>
6508  1790832213.165161 <... pwrite64 resumed>) = 169 (DELAYED) <0.070059>
6508  1790832213.165408 --- SIGURG {si_signo=SIGURG, si_code=SI_TKILL, si_pid=6502, si_uid=1001} ---
6522  1790832213.165800 pwrite64(30</tmp/TestLeaseAppendPressureFixedPlacement2543435063/001/node-1/jetstream/$SYS/_js_/S-R3F-SbktiqVe/msgs/1.blk>, "\27\1\0\0\333\0\0\0\0\0\0\0\222-\22\336hP\332\30\0\0000m6vARoZ\2\0"..., 279, 61352 <unfinished ...>
6520  1790832213.166994 pwrite64(29</tmp/TestLeaseAppendPressureFixedPlacement2543435063/001/node-1/jetstream/$G/streams/KV_WF_LEASE/msgs/1.blk>, "\251\0\0\200\336\0\0\0\0\0\0\0`&\306\331hP\332\30'\0$KV.WF_LEA"..., 169, 36964 <unfinished ...>
6522  1790832213.236126 <... pwrite64 resumed>) = 279 (DELAYED) <0.070283>
6522  1790832213.236549 --- SIGURG {si_signo=SIGURG, si_code=SI_TKILL, si_pid=6502, si_uid=1001} ---
6520  1790832213.237063 <... pwrite64 resumed>) = 169 (DELAYED) <0.070047>
6520  1790832213.237311 --- SIGURG {si_signo=SIGURG, si_code=SI_TKILL, si_pid=6502, si_uid=1001} ---
6522  1790832213.237511 pwrite64(30</tmp/TestLeaseAppendPressureFixedPlacement2543435063/001/node-1/jetstream/$SYS/_js_/S-R3F-SbktiqVe/msgs/1.blk>, "\27\1\0\0\334\0\0\0\0\0\0\0\306\252X\342hP\332\30\0\0000m6vARoZ\2\0"..., 279, 61631 <unfinished ...>
6520  1790832213.238813 pwrite64(29</tmp/TestLeaseAppendPressureFixedPlacement2543435063/001/node-1/jetstream/$G/streams/KV_WF_LEASE/msgs/1.blk>, "\251\0\0\200\337\0\0\0\0\0\0\0\227\217\n\336hP\332\30'\0$KV.WF_LEA"..., 169, 37133 <unfinished ...>
6522  1790832213.307696 <... pwrite64 resumed>) = 279 (DELAYED) <0.070140>
6522  1790832213.308193 --- SIGURG {si_signo=SIGURG, si_code=SI_TKILL, si_pid=6502, si_uid=1001} ---
6520  1790832213.308875 <... pwrite64 resumed>) = 169 (DELAYED) <0.070022>
6520  1790832213.309099 pwrite64(30</tmp/TestLeaseAppendPressureFixedPlacement2543435063/001/node-1/jetstream/$SYS/_js_/S-R3F-SbktiqVe/msgs/1.blk>, "\27\1\0\0\335\0\0\0\0\0\0\0a\372\234\346hP\332\30\0\0000m6vARoZ\2\0"..., 279, 61910 <unfinished ...>
6522  1790832213.310379 pwrite64(29</tmp/TestLeaseAppendPressureFixedPlacement2543435063/001/node-1/jetstream/$G/streams/KV_WF_LEASE/msgs/1.blk>, "\251\0\0\200\340\0\0\0\0\0\0\0\327SS\342hP\332\30'\0$KV.WF_LEA"..., 169, 37302 <unfinished ...>
6510  1790832213.341304 --- SIGURG {si_signo=SIGURG, si_code=SI_TKILL, si_pid=6502, si_uid=1001} ---
6520  1790832213.379326 <... pwrite64 resumed>) = 279 (DELAYED) <0.070182>
6520  1790832213.379633 --- SIGURG {si_signo=SIGURG, si_code=SI_TKILL, si_pid=6502, si_uid=1001} ---
6522  1790832213.380445 <... pwrite64 resumed>) = 169 (DELAYED) <0.070042>
6520  1790832213.380803 pwrite64(30</tmp/TestLeaseAppendPressureFixedPlacement2543435063/001/node-1/jetstream/$SYS/_js_/S-R3F-SbktiqVe/msgs/1.blk>, "\27\1\0\0\336\0\0\0\0\0\0\0\365J\343\352hP\332\30\0\0000m6vARoZ\2\0"..., 279, 62189 <unfinished ...>
6510  1790832213.382124 pwrite64(29</tmp/TestLeaseAppendPressureFixedPlacement2543435063/001/node-1/jetstream/$G/streams/KV_WF_LEASE/msgs/1.blk>, "\251\0\0\200\341\0\0\0\0\0\0\0\f\337\231\346hP\332\30'\0$KV.WF_LEA"..., 169, 37471 <unfinished ...>
6522  1790832213.401849 --- SIGURG {si_signo=SIGURG, si_code=SI_TKILL, si_pid=6502, si_uid=1001} ---
6520  1790832213.451164 <... pwrite64 resumed>) = 279 (DELAYED) <0.070310>
6520  1790832213.451499 --- SIGURG {si_signo=SIGURG, si_code=SI_TKILL, si_pid=6502, si_uid=1001} ---
6510  1790832213.452167 <... pwrite64 resumed>) = 169 (DELAYED) <0.070020>
6529  1790832213.452912 pwrite64(30</tmp/TestLeaseAppendPressureFixedPlacement2543435063/001/node-1/jetstream/$SYS/_js_/S-R3F-SbktiqVe/msgs/1.blk>, "\27\1\0\0\337\0\0\0\0\0\0\0\333\255/\357hP\332\30\0\0000m6vARoZ\2\0"..., 279, 62468 <unfinished ...>
6520  1790832213.454137 pwrite64(29</tmp/TestLeaseAppendPressureFixedPlacement2543435063/001/node-1/jetstream/$G/streams/KV_WF_LEASE/msgs/1.blk>, "\251\0\0\200\342\0\0\0\0\0\0\0jd\337\352hP\332\30'\0$KV.WF_LEA"..., 169, 37640 <unfinished ...>
6529  1790832213.523106 <... pwrite64 resumed>) = 279 (DELAYED) <0.070155>
6529  1790832213.523387 --- SIGURG {si_signo=SIGURG, si_code=SI_TKILL, si_pid=6502, si_uid=1001} ---
6520  1790832213.524200 <... pwrite64 resumed>) = 169 (DELAYED) <0.070041>
6521  1790832213.524726 pwrite64(30</tmp/TestLeaseAppendPressureFixedPlacement2543435063/001/node-1/jetstream/$SYS/_js_/S-R3F-SbktiqVe/msgs/1.blk>, "\27\1\0\0\340\0\0\0\0\0\0\0\343:w\363hP\332\30\0\0000m6vARoZ\2\0"..., 279, 62747 <unfinished ...>
6510  1790832213.525709 pwrite64(29</tmp/TestLeaseAppendPressureFixedPlacement2543435063/001/node-1/jetstream/$G/streams/KV_WF_LEASE/msgs/1.blk>, "\251\0\0\200\343\0\0\0\0\0\0\0\345(*\357hP\332\30'\0$KV.WF_LEA"..., 169, 37809 <unfinished ...>
6521  1790832213.594875 <... pwrite64 resumed>) = 279 (DELAYED) <0.070106>
6521  1790832213.595193 --- SIGURG {si_signo=SIGURG, si_code=SI_TKILL, si_pid=6502, si_uid=1001} ---
6510  1790832213.595792 <... pwrite64 resumed>) = 169 (DELAYED) <0.070055>
6520  1790832213.596625 pwrite64(30</tmp/TestLeaseAppendPressureFixedPlacement2543435063/001/node-1/jetstream/$SYS/_js_/S-R3F-SbktiqVe/msgs/1.blk>, "\27\1\0\0\341\0\0\0\0\0\0\0!m\300\367hP\332\30\0\0000m6vARoZ\2\0"..., 279, 63026 <unfinished ...>
6510  1790832213.597723 pwrite64(29</tmp/TestLeaseAppendPressureFixedPlacement2543435063/001/node-1/jetstream/$G/streams/KV_WF_LEASE/msgs/1.blk>, "\251\0\0\200\344\0\0\0\0\0\0\0\201\313q\363hP\332\30'\0$KV.WF_LEA"..., 169, 37978 <unfinished ...>
6529  1790832213.630878 --- SIGURG {si_signo=SIGURG, si_code=SI_TKILL, si_pid=6502, si_uid=1001} ---
6520  1790832213.666833 <... pwrite64 resumed>) = 279 (DELAYED) <0.070163>
6520  1790832213.667135 --- SIGURG {si_signo=SIGURG, si_code=SI_TKILL, si_pid=6502, si_uid=1001} ---
6510  1790832213.668070 <... pwrite64 resumed>) = 169 (DELAYED) <0.070316>
6521  1790832213.668432 pwrite64(30</tmp/TestLeaseAppendPressureFixedPlacement2543435063/001/node-1/jetstream/$SYS/_js_/S-R3F-SbktiqVe/msgs/1.blk>, "\27\1\0\0\342\0\0\0\0\0\0\0\364$\10\374hP\332\30\0\0000m6vARoZ\2\0"..., 279, 63305 <unfinished ...>
6520  1790832213.670085 pwrite64(29</tmp/TestLeaseAppendPressureFixedPlacement2543435063/001/node-1/jetstream/$G/streams/KV_WF_LEASE/msgs/1.blk>, "\251\0\0\200\345\0\0\0\0\0\0\0\27\10\273\367hP\332\30'\0$KV.WF_LEA"..., 169, 38147 <unfinished ...>
6510  1790832213.711213 --- SIGURG {si_signo=SIGURG, si_code=SI_TKILL, si_pid=6502, si_uid=1001} ---
6521  1790832213.738587 <... pwrite64 resumed>) = 279 (DELAYED) <0.070110>
6521  1790832213.738842 --- SIGURG {si_signo=SIGURG, si_code=SI_TKILL, si_pid=6502, si_uid=1001} ---
6520  1790832213.740130 <... pwrite64 resumed>) = 169 (DELAYED) <0.070015>
6520  1790832213.740258 pwrite64(30</tmp/TestLeaseAppendPressureFixedPlacement2543435063/001/node-1/jetstream/$SYS/_js_/S-R3F-SbktiqVe/msgs/1.blk>, "\27\1\0\0\343\0\0\0\0\0\0\0\354!P\0iP\332\30\0\0000m6vARoZ\2\0"..., 279, 63584 <unfinished ...>
6522  1790832213.741537 pwrite64(29</tmp/TestLeaseAppendPressureFixedPlacement2543435063/001/node-1/jetstream/$G/streams/KV_WF_LEASE/msgs/1.blk>, "\251\0\0\200\346\0\0\0\0\0\0\0ZV\3\374hP\332\30'\0$KV.WF_LEA"..., 169, 38316 <unfinished ...>
6520  1790832213.810472 <... pwrite64 resumed>) = 279 (DELAYED) <0.070175>
6520  1790832213.810974 --- SIGURG {si_signo=SIGURG, si_code=SI_TKILL, si_pid=6502, si_uid=1001} ---
6522  1790832213.811599 <... pwrite64 resumed>) = 169 (DELAYED) <0.070041>
6522  1790832213.812010 pwrite64(30</tmp/TestLeaseAppendPressureFixedPlacement2543435063/001/node-1/jetstream/$SYS/_js_/S-R3F-SbktiqVe/msgs/1.blk>, "\27\1\0\0\344\0\0\0\0\0\0\0\23\375\226\4iP\332\30\0\0000m6vARoZ\2\0"..., 279, 63863 <unfinished ...>
6521  1790832213.813267 pwrite64(29</tmp/TestLeaseAppendPressureFixedPlacement2543435063/001/node-1/jetstream/$G/streams/KV_WF_LEASE/msgs/1.blk>, "\251\0\0\200\347\0\0\0\0\0\0\0-\34J\0iP\332\30'\0$KV.WF_LEA"..., 169, 38485 <unfinished ...>
6522  1790832213.882131 <... pwrite64 resumed>) = 279 (DELAYED) <0.070079>
6521  1790832213.883410 <... pwrite64 resumed>) = 169 (DELAYED) <0.070118>
6520  1790832213.883836 pwrite64(30</tmp/TestLeaseAppendPressureFixedPlacement2543435063/001/node-1/jetstream/$SYS/_js_/S-R3F-SbktiqVe/msgs/1.blk>, "\27\1\0\0\345\0\0\0\0\0\0\0\277\236\336\10iP\332\30\0\0000m6vARoZ\2\0"..., 279, 64142 <unfinished ...>
6521  1790832213.884892 pwrite64(29</tmp/TestLeaseAppendPressureFixedPlacement2543435063/001/node-1/jetstream/$G/streams/KV_WF_LEASE/msgs/1.blk>, "\251\0\0\200\350\0\0\0\0\0\0\0\345\373\223\4iP\332\30'\0$KV.WF_LEA"..., 169, 38654 <unfinished ...>
6510  1790832213.944049 --- SIGURG {si_signo=SIGURG, si_code=SI_TKILL, si_pid=6502, si_uid=1001} ---
6520  1790832213.953953 <... pwrite64 resumed>) = 279 (DELAYED) <0.070075>
6521  1790832213.955026 <... pwrite64 resumed>) = 169 (DELAYED) <0.070102>
6520  1790832213.955362 pwrite64(30</tmp/TestLeaseAppendPressureFixedPlacement2543435063/001/node-1/jetstream/$SYS/_js_/S-R3F-SbktiqVe/msgs/1.blk>, "\27\1\0\0\346\0\0\0\0\0\0\0\274J\"\riP\332\30\0\0000m6vARoZ\2\0"..., 279, 64421 <unfinished ...>
6529  1790832213.956525 pwrite64(29</tmp/TestLeaseAppendPressureFixedPlacement2543435063/001/node-1/jetstream/$G/streams/KV_WF_LEASE/msgs/1.blk>, "\251\0\0\200\351\0\0\0\0\0\0\0\225\323\326\10iP\332\30'\0$KV.WF_LEA"..., 169, 38823 <unfinished ...>
6521  1790832213.967871 --- SIGURG {si_signo=SIGURG, si_code=SI_TKILL, si_pid=6502, si_uid=1001} ---
6520  1790832214.025583 <... pwrite64 resumed>) = 279 (DELAYED) <0.070163>
6520  1790832214.025995 --- SIGURG {si_signo=SIGURG, si_code=SI_TKILL, si_pid=6502, si_uid=1001} ---
6529  1790832214.026585 <... pwrite64 resumed>) = 169 (DELAYED) <0.070039>
6508  1790832214.027069 pwrite64(30</tmp/TestLeaseAppendPressureFixedPlacement2543435063/001/node-1/jetstream/$SYS/_js_/S-R3F-SbktiqVe/msgs/1.blk>, "\27\1\0\0\347\0\0\0\0\0\0\0\211vh\21iP\332\30\0\0000m6vARoZ\2\0"..., 279, 64700 <unfinished ...>
6529  1790832214.028103 pwrite64(29</tmp/TestLeaseAppendPressureFixedPlacement2543435063/001/node-1/jetstream/$G/streams/KV_WF_LEASE/msgs/1.blk>, "\251\0\0\200\352\0\0\0\0\0\0\0\237;\34\riP\332\30'\0$KV.WF_LEA"..., 169, 38992 <unfinished ...>
6508  1790832214.097138 <... pwrite64 resumed>) = 279 (DELAYED) <0.070033>
6529  1790832214.098148 <... pwrite64 resumed>) = 169 (DELAYED) <0.070017>
6529  1790832214.098282 pwrite64(30</tmp/TestLeaseAppendPressureFixedPlacement2543435063/001/node-1/jetstream/$SYS/_js_/S-R3F-SbktiqVe/msgs/1.blk>, "\27\1\0\0\350\0\0\0\0\0\0\0r.\247\25iP\332\30\0\0000m6vARoZ\2\0"..., 279, 64979 <unfinished ...>
6520  1790832214.099544 pwrite64(29</tmp/TestLeaseAppendPressureFixedPlacement2543435063/001/node-1/jetstream/$G/streams/KV_WF_LEASE/msgs/1.blk>, "\251\0\0\200\353\0\0\0\0\0\0\0p\232c\21iP\332\30'\0$KV.WF_LEA"..., 169, 39161 <unfinished ...>
6508  1790832214.155569 --- SIGURG {si_signo=SIGURG, si_code=SI_TKILL, si_pid=6502, si_uid=1001} ---
6529  1790832214.168418 <... pwrite64 resumed>) = 279 (DELAYED) <0.070106>
6529  1790832214.168663 --- SIGURG {si_signo=SIGURG, si_code=SI_TKILL, si_pid=6502, si_uid=1001} ---
6520  1790832214.169599 <... pwrite64 resumed>) = 169 (DELAYED) <0.070034>
6529  1790832214.169848 pwrite64(30</tmp/TestLeaseAppendPressureFixedPlacement2543435063/001/node-1/jetstream/$SYS/_js_/S-R3F-SbktiqVe/msgs/1.blk>, "\27\1\0\0\351\0\0\0\0\0\0\0\354\34\353\31iP\332\30\0\0000m6vARoZ\2\0"..., 279, 65258 <unfinished ...>
6521  1790832214.171242 pwrite64(29</tmp/TestLeaseAppendPressureFixedPlacement2543435063/001/node-1/jetstream/$G/streams/KV_WF_LEASE/msgs/1.blk>, "\251\0\0\200\354\0\0\0\0\0\0\0(P\242\25iP\332\30'\0$KV.WF_LEA"..., 169, 39330 <unfinished ...>
6520  1790832214.214235 --- SIGURG {si_signo=SIGURG, si_code=SI_TKILL, si_pid=6502, si_uid=1001} ---
6529  1790832214.240069 <... pwrite64 resumed>) = 279 (DELAYED) <0.070181>
6529  1790832214.240612 --- SIGURG {si_signo=SIGURG, si_code=SI_TKILL, si_pid=6502, si_uid=1001} ---
6521  1790832214.241304 <... pwrite64 resumed>) = 169 (DELAYED) <0.070036>
6529  1790832214.241506 pwrite64(30</tmp/TestLeaseAppendPressureFixedPlacement2543435063/001/node-1/jetstream/$SYS/_js_/S-R3F-SbktiqVe/msgs/1.blk>, "\27\1\0\0\352\0\0\0\0\0\0\0\372\2210\36iP\332\30\0\0000m6vARoZ\2\0"..., 279, 65537 <unfinished ...>
6539  1790832214.243076 pwrite64(29</tmp/TestLeaseAppendPressureFixedPlacement2543435063/001/node-1/jetstream/$G/streams/KV_WF_LEASE/msgs/1.blk>, "\251\0\0\200\355\0\0\0\0\0\0\0e_\346\31iP\332\30'\0$KV.WF_LEA"..., 169, 39499 <unfinished ...>
6529  1790832214.311613 <... pwrite64 resumed>) = 279 (DELAYED) <0.070070>
6529  1790832214.312013 --- SIGURG {si_signo=SIGURG, si_code=SI_TKILL, si_pid=6502, si_uid=1001} ---
6539  1790832214.313115 <... pwrite64 resumed>) = 169 (DELAYED) <0.070014>
6521  1790832214.313154 pwrite64(30</tmp/TestLeaseAppendPressureFixedPlacement2543435063/001/node-1/jetstream/$SYS/_js_/S-R3F-SbktiqVe/msgs/1.blk>, "\27\1\0\0\353\0\0\0\0\0\0\0\246\311u\"iP\332\30\0\0000m6vARoZ\2\0"..., 279, 65816 <unfinished ...>
6529  1790832214.314690 pwrite64(29</tmp/TestLeaseAppendPressureFixedPlacement2543435063/001/node-1/jetstream/$G/streams/KV_WF_LEASE/msgs/1.blk>, "\251\0\0\200\356\0\0\0\0\0\0\0Bs,\36iP\332\30'\0$KV.WF_LEA"..., 169, 39668 <unfinished ...>
6521  1790832214.383300 <... pwrite64 resumed>) = 279 (DELAYED) <0.070106>
6521  1790832214.383604 --- SIGURG {si_signo=SIGURG, si_code=SI_TKILL, si_pid=6502, si_uid=1001} ---
6529  1790832214.384746 <... pwrite64 resumed>) = 169 (DELAYED) <0.070031>
6529  1790832214.384832 pwrite64(30</tmp/TestLeaseAppendPressureFixedPlacement2543435063/001/node-1/jetstream/$SYS/_js_/S-R3F-SbktiqVe/msgs/1.blk>, "\27\1\0\0\354\0\0\0\0\0\0\0\246\232\273&iP\332\30\0\0000m6vARoZ\2\0"..., 279, 66095 <unfinished ...>
6539  1790832214.386114 pwrite64(29</tmp/TestLeaseAppendPressureFixedPlacement2543435063/001/node-1/jetstream/$G/streams/KV_WF_LEASE/msgs/1.blk>, "\251\0\0\200\357\0\0\0\0\0\0\0U\375n\"iP\332\30'\0$KV.WF_LEA"..., 169, 39837 <unfinished ...>
6529  1790832214.455014 <... pwrite64 resumed>) = 279 (DELAYED) <0.070143>
6529  1790832214.455280 --- SIGURG {si_signo=SIGURG, si_code=SI_TKILL, si_pid=6502, si_uid=1001} ---
6539  1790832214.456278 <... pwrite64 resumed>) = 169 (DELAYED) <0.070128>
6508  1790832214.456596 pwrite64(30</tmp/TestLeaseAppendPressureFixedPlacement2543435063/001/node-1/jetstream/$SYS/_js_/S-R3F-SbktiqVe/msgs/1.blk>, "\27\1\0\0\355\0\0\0\0\0\0\0\211\237\2+iP\332\30\0\0000m6vARoZ\2\0"..., 279, 66374 <unfinished ...>
6539  1790832214.457613 pwrite64(29</tmp/TestLeaseAppendPressureFixedPlacement2543435063/001/node-1/jetstream/$G/streams/KV_WF_LEASE/msgs/1.blk>, "\251\0\0\200\360\0\0\0\0\0\0\0\362\232\265&iP\332\30'\0$KV.WF_LEA"..., 169, 40006 <unfinished ...>
6508  1790832214.526799 <... pwrite64 resumed>) = 279 (DELAYED) <0.070161>
6508  1790832214.527073 --- SIGURG {si_signo=SIGURG, si_code=SI_TKILL, si_pid=6502, si_uid=1001} ---
6539  1790832214.527991 <... pwrite64 resumed>) = 169 (DELAYED) <0.070358>
6529  1790832214.528675 pwrite64(30</tmp/TestLeaseAppendPressureFixedPlacement2543435063/001/node-1/jetstream/$SYS/_js_/S-R3F-SbktiqVe/msgs/1.blk>, "\27\1\0\0\356\0\0\0\0\0\0\0\301PN/iP\332\30\0\0000m6vARoZ\2\0"..., 279, 66653 <unfinished ...>
6521  1790832214.529690 pwrite64(29</tmp/TestLeaseAppendPressureFixedPlacement2543435063/001/node-1/jetstream/$G/streams/KV_WF_LEASE/msgs/1.blk>, "\251\0\0\200\361\0\0\0\0\0\0\0\253\356\374*iP\332\30'\0$KV.WF_LEA"..., 169, 40175 <unfinished ...>
6529  1790832214.598803 <... pwrite64 resumed>) = 279 (DELAYED) <0.070084>
6529  1790832214.599039 --- SIGURG {si_signo=SIGURG, si_code=SI_TKILL, si_pid=6502, si_uid=1001} ---
6521  1790832214.599746 <... pwrite64 resumed>) = 169 (DELAYED) <0.070035>
6508  1790832214.600396 pwrite64(30</tmp/TestLeaseAppendPressureFixedPlacement2543435063/001/node-1/jetstream/$SYS/_js_/S-R3F-SbktiqVe/msgs/1.blk>, "\27\1\0\0\357\0\0\0\0\0\0\0\371\231\2243iP\332\30\0\0000m6vARoZ\2\0"..., 279, 66932 <unfinished ...>
6529  1790832214.601468 pwrite64(29</tmp/TestLeaseAppendPressureFixedPlacement2543435063/001/node-1/jetstream/$G/streams/KV_WF_LEASE/msgs/1.blk>, "\251\0\0\200\362\0\0\0\0\0\0\0}\17H/iP\332\30'\0$KV.WF_LEA"..., 169, 40344 <unfinished ...>
6521  1790832214.631518 --- SIGURG {si_signo=SIGURG, si_code=SI_TKILL, si_pid=6502, si_uid=1001} ---
6508  1790832214.670633 <... pwrite64 resumed>) = 279 (DELAYED) <0.070197>
6508  1790832214.670926 --- SIGURG {si_signo=SIGURG, si_code=SI_TKILL, si_pid=6502, si_uid=1001} ---
6529  1790832214.671517 <... pwrite64 resumed>) = 169 (DELAYED) <0.070029>
6508  1790832214.672254 pwrite64(30</tmp/TestLeaseAppendPressureFixedPlacement2543435063/001/node-1/jetstream/$SYS/_js_/S-R3F-SbktiqVe/msgs/1.blk>, "\27\1\0\0\360\0\0\0\0\0\0\0\33,\3357iP\332\30\0\0000m6vARoZ\2\0"..., 279, 67211 <unfinished ...>
6529  1790832214.673566 pwrite64(29</tmp/TestLeaseAppendPressureFixedPlacement2543435063/001/node-1/jetstream/$G/streams/KV_WF_LEASE/msgs/1.blk>, "\251\0\0\200\363\0\0\0\0\0\0\0N\374\2153iP\332\30'\0$KV.WF_LEA"..., 169, 40513 <unfinished ...>
6539  1790832214.711702 --- SIGURG {si_signo=SIGURG, si_code=SI_TKILL, si_pid=6502, si_uid=1001} ---
6508  1790832214.742412 <... pwrite64 resumed>) = 279 (DELAYED) <0.070110>
6508  1790832214.742687 --- SIGURG {si_signo=SIGURG, si_code=SI_TKILL, si_pid=6502, si_uid=1001} ---
6529  1790832214.743710 <... pwrite64 resumed>) = 169 (DELAYED) <0.070120>
6520  1790832214.744072 pwrite64(30</tmp/TestLeaseAppendPressureFixedPlacement2543435063/001/node-1/jetstream/$SYS/_js_/S-R3F-SbktiqVe/msgs/1.blk>, "\27\1\0\0\361\0\0\0\0\0\0\0\215\r%<iP\332\30\0\0000m6vARoZ\2\0"..., 279, 67490 <unfinished ...>
6529  1790832214.745030 pwrite64(29</tmp/TestLeaseAppendPressureFixedPlacement2543435063/001/node-1/jetstream/$G/streams/KV_WF_LEASE/msgs/1.blk>, "\251\0\0\200\364\0\0\0\0\0\0\0\21\236\3277iP\332\30'\0$KV.WF_LEA"..., 169, 40682 <unfinished ...>
6520  1790832214.814155 <... pwrite64 resumed>) = 279 (DELAYED) <0.070049>
6520  1790832214.814435 --- SIGURG {si_signo=SIGURG, si_code=SI_TKILL, si_pid=6502, si_uid=1001} ---
6529  1790832214.815101 <... pwrite64 resumed>) = 169 (DELAYED) <0.070031>
6529  1790832214.815686 pwrite64(30</tmp/TestLeaseAppendPressureFixedPlacement2543435063/001/node-1/jetstream/$SYS/_js_/S-R3F-SbktiqVe/msgs/1.blk>, "\27\1\0\0\362\0\0\0\0\0\0\0z\314i@iP\332\30\0\0000m6vARoZ\2\0"..., 279, 67769 <unfinished ...>
6522  1790832214.816475 pwrite64(29</tmp/TestLeaseAppendPressureFixedPlacement2543435063/001/node-1/jetstream/$G/streams/KV_WF_LEASE/msgs/1.blk>, "\251\0\0\200\365\0\0\0\0\0\0\0@m <iP\332\30'\0$KV.WF_LEA"..., 169, 40851 <unfinished ...>
6508  1790832214.874505 --- SIGURG {si_signo=SIGURG, si_code=SI_TKILL, si_pid=6502, si_uid=1001} ---
6529  1790832214.885790 <... pwrite64 resumed>) = 279 (DELAYED) <0.070059>
6529  1790832214.886167 --- SIGURG {si_signo=SIGURG, si_code=SI_TKILL, si_pid=6502, si_uid=1001} ---
6522  1790832214.886545 <... pwrite64 resumed>) = 169 (DELAYED) <0.070040>
6522  1790832214.887360 pwrite64(30</tmp/TestLeaseAppendPressureFixedPlacement2543435063/001/node-1/jetstream/$SYS/_js_/S-R3F-SbktiqVe/msgs/1.blk>, "\27\1\0\0\363\0\0\0\0\0\0\0db\257DiP\332\30\0\0000m6vARoZ\2\0"..., 279, 68048 <unfinished ...>
6529  1790832214.888534 pwrite64(29</tmp/TestLeaseAppendPressureFixedPlacement2543435063/001/node-1/jetstream/$G/streams/KV_WF_LEASE/msgs/1.blk>, "\251\0\0\200\366\0\0\0\0\0\0\0\227Zd@iP\332\30'\0$KV.WF_LEA"..., 169, 41020 <unfinished ...>
6520  1790832214.944788 --- SIGURG {si_signo=SIGURG, si_code=SI_TKILL, si_pid=6502, si_uid=1001} ---
6522  1790832214.957449 <... pwrite64 resumed>) = 279 (DELAYED) <0.070035>
6522  1790832214.957671 --- SIGURG {si_signo=SIGURG, si_code=SI_TKILL, si_pid=6502, si_uid=1001} ---
6529  1790832214.958598 <... pwrite64 resumed>) = 169 (DELAYED) <0.070036>
6508  1790832214.958884 pwrite64(30</tmp/TestLeaseAppendPressureFixedPlacement2543435063/001/node-1/jetstream/$SYS/_js_/S-R3F-SbktiqVe/msgs/1.blk>, "\27\1\0\0\364\0\0\0\0\0\0\0\366\256\362HiP\332\30\0\0000m6vARoZ\2\0"..., 279, 68327 <unfinished ...>
6529  1790832214.960514 pwrite64(29</tmp/TestLeaseAppendPressureFixedPlacement2543435063/001/node-1/jetstream/$G/streams/KV_WF_LEASE/msgs/1.blk>, "\251\0\0\200\367\0\0\0\0\0\0\0P#\251DiP\332\30'\0$KV.WF_LEA"..., 169, 41189 <unfinished ...>
6508  1790832215.029011 <... pwrite64 resumed>) = 279 (DELAYED) <0.070086>
6508  1790832215.029338 --- SIGURG {si_signo=SIGURG, si_code=SI_TKILL, si_pid=6502, si_uid=1001} ---
6529  1790832215.030557 <... pwrite64 resumed>) = 169 (DELAYED) <0.070010>
6520  1790832215.030695 pwrite64(30</tmp/TestLeaseAppendPressureFixedPlacement2543435063/001/node-1/jetstream/$SYS/_js_/S-R3F-SbktiqVe/msgs/1.blk>, "\27\1\0\0\365\0\0\0\0\0\0\0\273h:MiP\332\30\0\0000m6vARoZ\2\0"..., 279, 68606 <unfinished ...>
6529  1790832215.031905 pwrite64(29</tmp/TestLeaseAppendPressureFixedPlacement2543435063/001/node-1/jetstream/$G/streams/KV_WF_LEASE/msgs/1.blk>, "\251\0\0\200\370\0\0\0\0\0\0\0\317\2\357HiP\332\30'\0$KV.WF_LEA"..., 169, 41358 <unfinished ...>
6520  1790832215.100794 <... pwrite64 resumed>) = 279 (DELAYED) <0.070064>
6529  1790832215.101972 <... pwrite64 resumed>) = 169 (DELAYED) <0.070048>
6539  1790832215.102106 pwrite64(30</tmp/TestLeaseAppendPressureFixedPlacement2543435063/001/node-1/jetstream/$SYS/_js_/S-R3F-SbktiqVe/msgs/1.blk>, "\27\1\0\0\366\0\0\0\0\0\0\0\362\377{QiP\332\30\0\0000m6vARoZ\2\0"..., 279, 68885 <unfinished ...>
6529  1790832215.103472 pwrite64(29</tmp/TestLeaseAppendPressureFixedPlacement2543435063/001/node-1/jetstream/$G/streams/KV_WF_LEASE/msgs/1.blk>, "\251\0\0\200\371\0\0\0\0\0\0\0\30225MiP\332\30'\0$KV.WF_LEA"..., 169, 41527 <unfinished ...>
6539  1790832215.172256 <... pwrite64 resumed>) = 279 (DELAYED) <0.070115>
6539  1790832215.172524 --- SIGURG {si_signo=SIGURG, si_code=SI_TKILL, si_pid=6502, si_uid=1001} ---
6529  1790832215.173526 <... pwrite64 resumed>) = 169 (DELAYED) <0.070022>
6520  1790832215.173900 pwrite64(30</tmp/TestLeaseAppendPressureFixedPlacement2543435063/001/node-1/jetstream/$SYS/_js_/S-R3F-SbktiqVe/msgs/1.blk>, "\27\1\0\0\367\0\0\0\0\0\0\0\247\313\303UiP\332\30\0\0000m6vARoZ\2\0"..., 279, 69164 <unfinished ...>
6529  1790832215.174945 pwrite64(29</tmp/TestLeaseAppendPressureFixedPlacement2543435063/001/node-1/jetstream/$G/streams/KV_WF_LEASE/msgs/1.blk>, "\251\0\0\200\372\0\0\0\0\0\0\0\16\257vQiP\332\30'\0$KV.WF_LEA"..., 169, 41696 <unfinished ...>
6520  1790832215.244098 <... pwrite64 resumed>) = 279 (DELAYED) <0.070147>
6520  1790832215.244594 --- SIGURG {si_signo=SIGURG, si_code=SI_TKILL, si_pid=6502, si_uid=1001} ---
6529  1790832215.244992 <... pwrite64 resumed>) = 169 (DELAYED) <0.070026>
6522  1790832215.245719 pwrite64(30</tmp/TestLeaseAppendPressureFixedPlacement2543435063/001/node-1/jetstream/$SYS/_js_/S-R3F-SbktiqVe/msgs/1.blk>, "\27\1\0\0\370\0\0\0\0\0\0\0\226q\vZiP\332\30\0\0000m6vARoZ\2\0"..., 279, 69443 <unfinished ...>
6529  1790832215.246883 pwrite64(29</tmp/TestLeaseAppendPressureFixedPlacement2543435063/001/node-1/jetstream/$G/streams/KV_WF_LEASE/msgs/1.blk>, "\251\0\0\200\373\0\0\0\0\0\0\0\7%\275UiP\332\30'\0$KV.WF_LEA"..., 169, 41865 <unfinished ...>
6522  1790832215.315815 <... pwrite64 resumed>) = 279 (DELAYED) <0.070049>
6522  1790832215.316058 --- SIGURG {si_signo=SIGURG, si_code=SI_TKILL, si_pid=6502, si_uid=1001} ---
6529  1790832215.316937 <... pwrite64 resumed>) = 169 (DELAYED) <0.070034>
6529  1790832215.317586 pwrite64(30</tmp/TestLeaseAppendPressureFixedPlacement2543435063/001/node-1/jetstream/$SYS/_js_/S-R3F-SbktiqVe/msgs/1.blk>, "\27\1\0\0\371\0\0\0\0\0\0\0\223\370S^iP\332\30\0\0000m6vARoZ\2\0"..., 279, 69722 <unfinished ...>
6520  1790832215.318581 pwrite64(29</tmp/TestLeaseAppendPressureFixedPlacement2543435063/001/node-1/jetstream/$G/streams/KV_WF_LEASE/msgs/1.blk>, "\251\0\0\200\374\0\0\0\0\0\0\0\212\341\5ZiP\332\30'\0$KV.WF_LEA"..., 169, 42034 <unfinished ...>
6529  1790832215.387706 <... pwrite64 resumed>) = 279 (DELAYED) <0.070081>
6529  1790832215.387955 --- SIGURG {si_signo=SIGURG, si_code=SI_TKILL, si_pid=6502, si_uid=1001} ---
6520  1790832215.388627 <... pwrite64 resumed>) = 169 (DELAYED) <0.070026>
6522  1790832215.389238 pwrite64(30</tmp/TestLeaseAppendPressureFixedPlacement2543435063/001/node-1/jetstream/$SYS/_js_/S-R3F-SbktiqVe/msgs/1.blk>, "\27\1\0\0\372\0\0\0\0\0\0\0ng\231biP\332\30\0\0000m6vARoZ\2\0"..., 279, 70001 <unfinished ...>
6520  1790832215.390598 pwrite64(29</tmp/TestLeaseAppendPressureFixedPlacement2543435063/001/node-1/jetstream/$G/streams/KV_WF_LEASE/msgs/1.blk>, "\251\0\0\200\375\0\0\0\0\0\0\0\351\341L^iP\332\30'\0$KV.WF_LEA"..., 169, 42203 <unfinished ...>
6539  1790832215.402210 --- SIGURG {si_signo=SIGURG, si_code=SI_TKILL, si_pid=6502, si_uid=1001} ---
6508  1790832215.402459 --- SIGURG {si_signo=SIGURG, si_code=SI_TKILL, si_pid=6502, si_uid=1001} ---
6522  1790832215.459364 <... pwrite64 resumed>) = 279 (DELAYED) <0.070088>
6522  1790832215.459678 --- SIGURG {si_signo=SIGURG, si_code=SI_TKILL, si_pid=6502, si_uid=1001} ---
6520  1790832215.460649 <... pwrite64 resumed>) = 169 (DELAYED) <0.070028>
6539  1790832215.461003 pwrite64(30</tmp/TestLeaseAppendPressureFixedPlacement2543435063/001/node-1/jetstream/$SYS/_js_/S-R3F-SbktiqVe/msgs/1.blk>, "\27\1\0\0\373\0\0\0\0\0\0\0\262\224\340fiP\332\30\0\0000m6vARoZ\2\0"..., 279, 70280 <unfinished ...>
6520  1790832215.462048 pwrite64(29</tmp/TestLeaseAppendPressureFixedPlacement2543435063/001/node-1/jetstream/$G/streams/KV_WF_LEASE/msgs/1.blk>, "\251\0\0\200\376\0\0\0\0\0\0\0K+\225biP\332\30'\0$KV.WF_LEA"..., 169, 42372 <unfinished ...>
6539  1790832215.531180 <... pwrite64 resumed>) = 279 (DELAYED) <0.070140>
6539  1790832215.531571 --- SIGURG {si_signo=SIGURG, si_code=SI_TKILL, si_pid=6502, si_uid=1001} ---
6520  1790832215.532100 <... pwrite64 resumed>) = 169 (DELAYED) <0.070032>
6539  1790832215.532458 pwrite64(30</tmp/TestLeaseAppendPressureFixedPlacement2543435063/001/node-1/jetstream/$SYS/_js_/S-R3F-SbktiqVe/msgs/1.blk>, "\27\1\0\0\374\0\0\0\0\0\0\0\362\6#kiP\332\30\0\0000m6vARoZ\2\0"..., 279, 70559 <unfinished ...>
6508  1790832215.533697 pwrite64(29</tmp/TestLeaseAppendPressureFixedPlacement2543435063/001/node-1/jetstream/$G/streams/KV_WF_LEASE/msgs/1.blk>, "\251\0\0\200\377\0\0\0\0\0\0\0\327\366\333fiP\332\30'\0$KV.WF_LEA"..., 169, 42541 <unfinished ...>
6539  1790832215.602614 <... pwrite64 resumed>) = 279 (DELAYED) <0.070105>
6539  1790832215.602862 --- SIGURG {si_signo=SIGURG, si_code=SI_TKILL, si_pid=6502, si_uid=1001} ---
6508  1790832215.603768 <... pwrite64 resumed>) = 169 (DELAYED) <0.070049>
6539  1790832215.604295 pwrite64(30</tmp/TestLeaseAppendPressureFixedPlacement2543435063/001/node-1/jetstream/$SYS/_js_/S-R3F-SbktiqVe/msgs/1.blk>, "\27\1\0\0\375\0\0\0\0\0\0\0\201\365joiP\332\30\0\0000m6vARoZ\2\0"..., 279, 70838 <unfinished ...>
6529  1790832215.605505 pwrite64(29</tmp/TestLeaseAppendPressureFixedPlacement2543435063/001/node-1/jetstream/$G/streams/KV_WF_LEASE/msgs/1.blk>, "\251\0\0\200\0\1\0\0\0\0\0\0\235\313\36kiP\332\30'\0$KV.WF_LEA"..., 169, 42710 <unfinished ...>
6508  1790832215.631539 --- SIGURG {si_signo=SIGURG, si_code=SI_TKILL, si_pid=6502, si_uid=1001} ---
6539  1790832215.674495 <... pwrite64 resumed>) = 279 (DELAYED) <0.070156>
6539  1790832215.674798 --- SIGURG {si_signo=SIGURG, si_code=SI_TKILL, si_pid=6502, si_uid=1001} ---
6529  1790832215.675563 <... pwrite64 resumed>) = 169 (DELAYED) <0.070035>
6529  1790832215.675727 --- SIGURG {si_signo=SIGURG, si_code=SI_TKILL, si_pid=6502, si_uid=1001} ---
6539  1790832215.676308 pwrite64(30</tmp/TestLeaseAppendPressureFixedPlacement2543435063/001/node-1/jetstream/$SYS/_js_/S-R3F-SbktiqVe/msgs/1.blk>, "\27\1\0\0\376\0\0\0\0\0\0\0\27\356\265siP\332\30\0\0000m6vARoZ\2\0"..., 279, 71117 <unfinished ...>
6529  1790832215.677584 pwrite64(29</tmp/TestLeaseAppendPressureFixedPlacement2543435063/001/node-1/jetstream/$G/streams/KV_WF_LEASE/msgs/1.blk>, "\251\0\0\200\1\1\0\0\0\0\0\0\351\vfoiP\332\30'\0$KV.WF_LEA"..., 169, 42879 <unfinished ...>
6520  1790832215.712962 --- SIGURG {si_signo=SIGURG, si_code=SI_TKILL, si_pid=6502, si_uid=1001} ---
6539  1790832215.746520 <... pwrite64 resumed>) = 279 (DELAYED) <0.070172>
6539  1790832215.746829 --- SIGURG {si_signo=SIGURG, si_code=SI_TKILL, si_pid=6502, si_uid=1001} ---
6529  1790832215.747669 <... pwrite64 resumed>) = 169 (DELAYED) <0.070062>
6539  1790832215.749244 pwrite64(29</tmp/TestLeaseAppendPressureFixedPlacement2543435063/001/node-1/jetstream/$G/streams/KV_WF_LEASE/msgs/1.blk>, "\251\0\0\200\2\1\0\0\0\0\0\0\273\23\260siP\332\30'\0$KV.WF_LEA"..., 169, 43048 <unfinished ...>
6529  1790832215.749349 pwrite64(30</tmp/TestLeaseAppendPressureFixedPlacement2543435063/001/node-1/jetstream/$SYS/_js_/S-R3F-SbktiqVe/msgs/1.blk>, "\0\1\0\0\377\0\0\0\0\0\0\0<\204\20xiP\332\30\0\0000m6vARoZ\2\0"..., 256, 71396 <unfinished ...>
6508  1790832215.812018 --- SIGURG {si_signo=SIGURG, si_code=SI_TKILL, si_pid=6502, si_uid=1001} ---
6539  1790832215.819320 <... pwrite64 resumed>) = 169 (DELAYED) <0.070036>
6529  1790832215.819388 <... pwrite64 resumed>) = 256 (DELAYED) <0.070007>
6539  1790832215.819579 --- SIGURG {si_signo=SIGURG, si_code=SI_TKILL, si_pid=6502, si_uid=1001} ---
6508  1790832215.821498 pwrite64(29</tmp/TestLeaseAppendPressureFixedPlacement2543435063/001/node-1/jetstream/$G/streams/KV_WF_LEASE/msgs/1.blk>, "\222\0\0\200\3\1\0\0\0\0\0\0\237\200\txiP\332\30'\0$KV.WF_LEA"..., 146, 43217 <unfinished ...>
6539  1790832215.824436 pwrite64(30</tmp/TestLeaseAppendPressureFixedPlacement2543435063/001/node-1/jetstream/$SYS/_js_/S-R3F-SbktiqVe/msgs/1.blk>, "\21\1\0\0\0\1\0\0\0\0\0\0|#\212|iP\332\30\0\0000m6vARoZ\2\0"..., 273, 71652 <unfinished ...>
6522  1790832215.874402 --- SIGURG {si_signo=SIGURG, si_code=SI_TKILL, si_pid=6502, si_uid=1001} ---
6508  1790832215.891699 <... pwrite64 resumed>) = 146 (DELAYED) <0.070145>
6539  1790832215.894484 <... pwrite64 resumed>) = 273 (DELAYED) <0.070005>
6539  1790832215.894732 --- SIGURG {si_signo=SIGURG, si_code=SI_TKILL, si_pid=6502, si_uid=1001} ---
6522  1790832215.895965 pwrite64(30</tmp/TestLeaseAppendPressureFixedPlacement2543435063/001/node-1/jetstream/$SYS/_js_/S-R3F-SbktiqVe/msgs/1.blk>, "\25\1\0\0\1\1\0\0\0\0\0\0\266\225\315\200iP\332\30\0\0000m6vARoZ\2\0"..., 277, 71925 <unfinished ...>
6520  1790832215.897325 pwrite64(29</tmp/TestLeaseAppendPressureFixedPlacement2543435063/001/node-1/jetstream/$G/streams/KV_WF_LEASE/msgs/1.blk>, "\243\0\0\200\4\1\0\0\0\0\0\0\304T\205|iP\332\30&\0$KV.WF_LEA"..., 163, 43363 <unfinished ...>
6539  1790832215.944398 --- SIGURG {si_signo=SIGURG, si_code=SI_TKILL, si_pid=6502, si_uid=1001} ---
6522  1790832215.966035 <... pwrite64 resumed>) = 277 (DELAYED) <0.070014>
6520  1790832215.967379 <... pwrite64 resumed>) = 163 (DELAYED) <0.070025>
6539  1790832215.968465 pwrite64(30</tmp/TestLeaseAppendPressureFixedPlacement2543435063/001/node-1/jetstream/$SYS/_js_/S-R3F-SbktiqVe/msgs/1.blk>, "\25\1\0\0\2\1\0\0\0\0\0\0\222\365\37\205iP\332\30\0\0000m6vARoZ\2\0"..., 277, 72202 <unfinished ...>
6529  1790832215.969671 pwrite64(29</tmp/TestLeaseAppendPressureFixedPlacement2543435063/001/node-1/jetstream/$G/streams/KV_WF_LEASE/msgs/1.blk>, "\247\0\0\200\5\1\0\0\0\0\0\0c\206\310\200iP\332\30&\0$KV.WF_LEA"..., 167, 43526 <unfinished ...>
6539  1790832216.038584 <... pwrite64 resumed>) = 277 (DELAYED) <0.070077>
6539  1790832216.038888 --- SIGURG {si_signo=SIGURG, si_code=SI_TKILL, si_pid=6502, si_uid=1001} ---
6529  1790832216.039791 <... pwrite64 resumed>) = 167 (DELAYED) <0.070096>
6520  1790832216.040347 --- SIGURG {si_signo=SIGURG, si_code=SI_TKILL, si_pid=6502, si_uid=1001} ---
6539  1790832216.041939 pwrite64(29</tmp/TestLeaseAppendPressureFixedPlacement2543435063/001/node-1/jetstream/$G/streams/KV_WF_LEASE/msgs/1.blk>, "\247\0\0\200\6\1\0\0\0\0\0\0\216N\32\205iP\332\30&\0$KV.WF_LEA"..., 167, 43693 <unfinished ...>
6520  1790832216.042014 pwrite64(23</tmp/TestLeaseAppendPressureFixedPlacement2543435063/001/node-1/jetstream/$SYS/_js_/S-R3F-oWApg6ib/msgs/2.blk>, "+\1\0\0\216\0\0\0\0\0\0\0P\367\200\211iP\332\30\0\0St9I6EVH\2\0"..., 299, 54626 <unfinished ...>
6539  1790832216.112004 <... pwrite64 resumed>) = 167 (DELAYED) <0.070019>
6520  1790832216.112082 <... pwrite64 resumed>) = 299 (DELAYED) <0.070051>
6520  1790832216.112305 --- SIGURG {si_signo=SIGURG, si_code=SI_TKILL, si_pid=6502, si_uid=1001} ---
6522  1790832216.114039 pwrite64(30</tmp/TestLeaseAppendPressureFixedPlacement2543435063/001/node-1/jetstream/$SYS/_js_/S-R3F-SbktiqVe/msgs/1.blk>, "\25\1\0\0\3\1\0\0\0\0\0\0\" \315\215iP\332\30\0\0000m6vARoZ\2\0"..., 277, 72479 <unfinished ...>
6520  1790832216.115341 pwrite64(24</tmp/TestLeaseAppendPressureFixedPlacement2543435063/001/node-1/jetstream/$G/streams/WF_JRN/msgs/1.blk>, "\275\0\0\200\222\0\0\0\0\0\0\0\216\254\200\211iP\332\30 \0wf.jrn.pre"..., 189, 39157 <unfinished ...>
6529  1790832216.155047 --- SIGURG {si_signo=SIGURG, si_code=SI_TKILL, si_pid=6502, si_uid=1001} ---
6522  1790832216.184181 <... pwrite64 resumed>) = 277 (DELAYED) <0.070089>
6522  1790832216.184443 --- SIGURG {si_signo=SIGURG, si_code=SI_TKILL, si_pid=6502, si_uid=1001} ---
6520  1790832216.185434 <... pwrite64 resumed>) = 189 (DELAYED) <0.070044>
6521  1790832216.187095 pwrite64(23</tmp/TestLeaseAppendPressureFixedPlacement2543435063/001/node-1/jetstream/$SYS/_js_/S-R3F-oWApg6ib/msgs/2.blk>, "\256\1\0\0\217\0\0\0\0\0\0\0\352\263'\222iP\332\30\0\0St9I6EVH\2\0"..., 430, 54925 <unfinished ...>
6529  1790832216.187150 pwrite64(29</tmp/TestLeaseAppendPressureFixedPlacement2543435063/001/node-1/jetstream/$G/streams/KV_WF_LEASE/msgs/1.blk>, "\247\0\0\200\7\1\0\0\0\0\0\0\203g\306\215iP\332\30&\0$KV.WF_LEA"..., 167, 43860 <unfinished ...>
6522  1790832216.212873 --- SIGURG {si_signo=SIGURG, si_code=SI_TKILL, si_pid=6502, si_uid=1001} ---
6529  1790832216.257215 <... pwrite64 resumed>) = 167 (DELAYED) <0.070042>
6521  1790832216.257257 <... pwrite64 resumed>) = 430 (DELAYED) <0.070118>
6521  1790832216.257658 --- SIGURG {si_signo=SIGURG, si_code=SI_TKILL, si_pid=6502, si_uid=1001} ---
6522  1790832216.259434 pwrite64(30</tmp/TestLeaseAppendPressureFixedPlacement2543435063/001/node-1/jetstream/$SYS/_js_/S-R3F-SbktiqVe/msgs/1.blk>, "\25\1\0\0\4\1\0\0\0\0\0\0\241\251w\226iP\332\30\0\0000m6vARoZ\2\0"..., 277, 72756 <unfinished ...>
6521  1790832216.261216 pwrite64(24</tmp/TestLeaseAppendPressureFixedPlacement2543435063/001/node-1/jetstream/$G/streams/WF_JRN/msgs/1.blk>, "@\1\0\200\223\0\0\0\0\0\0\0004u'\222iP\332\30 \0wf.jrn.pre"..., 320, 39346 <unfinished ...>
6522  1790832216.329577 <... pwrite64 resumed>) = 277 (DELAYED) <0.070080>
6522  1790832216.329825 --- SIGURG {si_signo=SIGURG, si_code=SI_TKILL, si_pid=6502, si_uid=1001} ---
6521  1790832216.331268 <... pwrite64 resumed>) = 320 (DELAYED) <0.070015>
6529  1790832216.332326 pwrite64(29</tmp/TestLeaseAppendPressureFixedPlacement2543435063/001/node-1/jetstream/$G/streams/KV_WF_LEASE/msgs/1.blk>, "\247\0\0\200\10\1\0\0\0\0\0\0\7zq\226iP\332\30&\0$KV.WF_LEA"..., 167, 44027 <unfinished ...>
6521  1790832216.332478 pwrite64(23</tmp/TestLeaseAppendPressureFixedPlacement2543435063/001/node-1/jetstream/$SYS/_js_/S-R3F-oWApg6ib/msgs/2.blk>, "M\1\0\0\220\0\0\0\0\0\0\0\2200\322\232iP\332\30\0\0St9I6EVH\2\0"..., 333, 55355 <unfinished ...>
6522  1790832216.401607 --- SIGURG {si_signo=SIGURG, si_code=SI_TKILL, si_pid=6502, si_uid=1001} ---
6520  1790832216.401917 --- SIGURG {si_signo=SIGURG, si_code=SI_TKILL, si_pid=6502, si_uid=1001} ---
6529  1790832216.402393 <... pwrite64 resumed>) = 167 (DELAYED) <0.070031>
6521  1790832216.402525 <... pwrite64 resumed>) = 333 (DELAYED) <0.070026>
6529  1790832216.404124 pwrite64(30</tmp/TestLeaseAppendPressureFixedPlacement2543435063/001/node-1/jetstream/$SYS/_js_/S-R3F-SbktiqVe/msgs/1.blk>, "\25\1\0\0\5\1\0\0\0\0\0\0\201x\27\237iP\332\30\0\0000m6vARoZ\2\0"..., 277, 73033 <unfinished ...>
6521  1790832216.405400 pwrite64(24</tmp/TestLeaseAppendPressureFixedPlacement2543435063/001/node-1/jetstream/$G/streams/WF_JRN/msgs/1.blk>, "\337\0\0\200\224\0\0\0\0\0\0\0\241\346\321\232iP\332\30 \0wf.jrn.pre"..., 223, 39666 <unfinished ...>
6529  1790832216.474297 <... pwrite64 resumed>) = 277 (DELAYED) <0.070127>
6529  1790832216.474587 --- SIGURG {si_signo=SIGURG, si_code=SI_TKILL, si_pid=6502, si_uid=1001} ---
6521  1790832216.475459 <... pwrite64 resumed>) = 223 (DELAYED) <0.070037>
6522  1790832216.477068 pwrite64(29</tmp/TestLeaseAppendPressureFixedPlacement2543435063/001/node-1/jetstream/$G/streams/KV_WF_LEASE/msgs/1.blk>, "\247\0\0\200\t\1\0\0\0\0\0\0\317\265\20\237iP\332\30&\0$KV.WF_LEA"..., 167, 44194 <unfinished ...>
6529  1790832216.477201 pwrite64(23</tmp/TestLeaseAppendPressureFixedPlacement2543435063/001/node-1/jetstream/$SYS/_js_/S-R3F-oWApg6ib/msgs/2.blk>, "\256\1\0\0\221\0\0\0\0\0\0\0\4Mr\243iP\332\30\0\0St9I6EVH\2\0"..., 430, 55688 <unfinished ...>
6522  1790832216.547151 <... pwrite64 resumed>) = 167 (DELAYED) <0.070041>
6529  1790832216.547294 <... pwrite64 resumed>) = 430 (DELAYED) <0.070070>
6529  1790832216.547452 --- SIGURG {si_signo=SIGURG, si_code=SI_TKILL, si_pid=6502, si_uid=1001} ---
6529  1790832216.549541 pwrite64(30</tmp/TestLeaseAppendPressureFixedPlacement2543435063/001/node-1/jetstream/$SYS/_js_/S-R3F-SbktiqVe/msgs/1.blk>, "\25\1\0\0\6\1\0\0\0\0\0\0<K\302\247iP\332\30\0\0000m6vARoZ\2\0"..., 277, 73310 <unfinished ...>
6522  1790832216.550818 pwrite64(24</tmp/TestLeaseAppendPressureFixedPlacement2543435063/001/node-1/jetstream/$G/streams/WF_JRN/msgs/1.blk>, "@\1\0\200\225\0\0\0\0\0\0\0B\22r\243iP\332\30 \0wf.jrn.pre"..., 320, 39889 <unfinished ...>
6529  1790832216.619625 <... pwrite64 resumed>) = 277 (DELAYED) <0.070044>
6529  1790832216.619882 --- SIGURG {si_signo=SIGURG, si_code=SI_TKILL, si_pid=6502, si_uid=1001} ---
6522  1790832216.620878 <... pwrite64 resumed>) = 320 (DELAYED) <0.070038>
6522  1790832216.622323 pwrite64(29</tmp/TestLeaseAppendPressureFixedPlacement2543435063/001/node-1/jetstream/$G/streams/KV_WF_LEASE/msgs/1.blk>, "\247\0\0\200\n\1\0\0\0\0\0\0\207v\274\247iP\332\30&\0$KV.WF_LEA"..., 167, 44361 <unfinished ...>
6539  1790832216.622409 pwrite64(23</tmp/TestLeaseAppendPressureFixedPlacement2543435063/001/node-1/jetstream/$SYS/_js_/S-R3F-oWApg6ib/msgs/2.blk>, "M\1\0\0\222\0\0\0\0\0\0\0\302O\31\254iP\332\30\0\0St9I6EVH\2\0"..., 333, 56118) = 333 (DELAYED) <0.070060>
6522  1790832216.692531 <... pwrite64 resumed>) = 167 (DELAYED) <0.070166>
6539  1790832216.692752 --- SIGURG {si_signo=SIGURG, si_code=SI_TKILL, si_pid=6502, si_uid=1001} ---
6522  1790832216.694693 pwrite64(30</tmp/TestLeaseAppendPressureFixedPlacement2543435063/001/node-1/jetstream/$SYS/_js_/S-R3F-SbktiqVe/msgs/1.blk>, "\25\1\0\0\7\1\0\0\0\0\0\0\32'i\260iP\332\30\0\0000m6vARoZ\2\0"..., 277, 73587 <unfinished ...>
6508  1790832216.695972 pwrite64(24</tmp/TestLeaseAppendPressureFixedPlacement2543435063/001/node-1/jetstream/$G/streams/WF_JRN/msgs/1.blk>, "\337\0\0\200\226\0\0\0\0\0\0\0f\n\31\254iP\332\30 \0wf.jrn.pre"..., 223, 40209 <unfinished ...>
6521  1790832216.714446 --- SIGURG {si_signo=SIGURG, si_code=SI_TKILL, si_pid=6502, si_uid=1001} ---
6522  1790832216.764846 <... pwrite64 resumed>) = 277 (DELAYED) <0.070106>
6522  1790832216.765091 --- SIGURG {si_signo=SIGURG, si_code=SI_TKILL, si_pid=6502, si_uid=1001} ---
6508  1790832216.766016 <... pwrite64 resumed>) = 223 (DELAYED) <0.070018>
6521  1790832216.767441 pwrite64(29</tmp/TestLeaseAppendPressureFixedPlacement2543435063/001/node-1/jetstream/$G/streams/KV_WF_LEASE/msgs/1.blk>, "\247\0\0\200\v\1\0\0\0\0\0\0\365\354b\260iP\332\30&\0$KV.WF_LEA"..., 167, 44528 <unfinished ...>
6508  1790832216.767509 pwrite64(23</tmp/TestLeaseAppendPressureFixedPlacement2543435063/001/node-1/jetstream/$SYS/_js_/S-R3F-oWApg6ib/msgs/2.blk>, "\256\1\0\0\223\0\0\0\0\0\0\0\360\371\277\264iP\332\30\0\0St9I6EVH\2\0"..., 430, 56451 <unfinished ...>
6521  1790832216.837565 <... pwrite64 resumed>) = 167 (DELAYED) <0.070074>
6508  1790832216.837613 <... pwrite64 resumed>) = 430 (DELAYED) <0.070085>
6521  1790832216.837791 --- SIGURG {si_signo=SIGURG, si_code=SI_TKILL, si_pid=6502, si_uid=1001} ---
6508  1790832216.838078 --- SIGURG {si_signo=SIGURG, si_code=SI_TKILL, si_pid=6502, si_uid=1001} ---
6529  1790832216.838308 --- SIGURG {si_signo=SIGURG, si_code=SI_TKILL, si_pid=6502, si_uid=1001} ---
6522  1790832216.839470 pwrite64(30</tmp/TestLeaseAppendPressureFixedPlacement2543435063/001/node-1/jetstream/$SYS/_js_/S-R3F-SbktiqVe/msgs/1.blk>, "\25\1\0\0\10\1\0\0\0\0\0\0\26I\n\271iP\332\30\0\0000m6vARoZ\2\0"..., 277, 73864 <unfinished ...>
6539  1790832216.840673 pwrite64(24</tmp/TestLeaseAppendPressureFixedPlacement2543435063/001/node-1/jetstream/$G/streams/WF_JRN/msgs/1.blk>, "@\1\0\200\227\0\0\0\0\0\0\0\17\310\277\264iP\332\30 \0wf.jrn.pre"..., 320, 40432 <unfinished ...>
6521  1790832216.874323 --- SIGURG {si_signo=SIGURG, si_code=SI_TKILL, si_pid=6502, si_uid=1001} ---
6522  1790832216.909675 <... pwrite64 resumed>) = 277 (DELAYED) <0.070156>
6522  1790832216.910148 --- SIGURG {si_signo=SIGURG, si_code=SI_TKILL, si_pid=6502, si_uid=1001} ---
6539  1790832216.910724 <... pwrite64 resumed>) = 320 (DELAYED) <0.070028>
6522  1790832216.912708 pwrite64(29</tmp/TestLeaseAppendPressureFixedPlacement2543435063/001/node-1/jetstream/$G/streams/KV_WF_LEASE/msgs/1.blk>, "\247\0\0\200\f\1\0\0\0\0\0\0\363\343\3\271iP\332\30&\0$KV.WF_LEA"..., 167, 44695 <unfinished ...>
6521  1790832216.912776 pwrite64(23</tmp/TestLeaseAppendPressureFixedPlacement2543435063/001/node-1/jetstream/$SYS/_js_/S-R3F-oWApg6ib/msgs/2.blk>, "M\1\0\0\224\0\0\0\0\0\0\0\233\203h\275iP\332\30\0\0St9I6EVH\2\0"..., 333, 56881 <unfinished ...>
6529  1790832216.944495 --- SIGURG {si_signo=SIGURG, si_code=SI_TKILL, si_pid=6502, si_uid=1001} ---
6522  1790832216.982801 <... pwrite64 resumed>) = 167 (DELAYED) <0.070041>
6521  1790832216.982842 <... pwrite64 resumed>) = 333 (DELAYED) <0.070050>
6522  1790832216.985175 pwrite64(30</tmp/TestLeaseAppendPressureFixedPlacement2543435063/001/node-1/jetstream/$SYS/_js_/S-R3F-SbktiqVe/msgs/1.blk>, "\25\1\0\0\t\1\0\0\0\0\0\0\16\225\271\301iP\332\30\0\0000m6vARoZ\2\0"..., 277, 74141 <unfinished ...>
6520  1790832216.985309 pwrite64(24</tmp/TestLeaseAppendPressureFixedPlacement2543435063/001/node-1/jetstream/$G/streams/WF_JRN/msgs/1.blk>, "\337\0\0\200\230\0\0\0\0\0\0\0\246Ah\275iP\332\30 \0wf.jrn.pre"..., 223, 40752 <unfinished ...>
6522  1790832217.055351 <... pwrite64 resumed>) = 277 (DELAYED) <0.070108>
6520  1790832217.055432 <... pwrite64 resumed>) = 223 (DELAYED) <0.070105>
6522  1790832217.055722 --- SIGURG {si_signo=SIGURG, si_code=SI_TKILL, si_pid=6502, si_uid=1001} ---
6520  1790832217.057863 pwrite64(23</tmp/TestLeaseAppendPressureFixedPlacement2543435063/001/node-1/jetstream/$SYS/_js_/S-R3F-oWApg6ib/msgs/2.blk>, "\256\1\0\0\225\0\0\0\0\0\0\0\245\260\16\306iP\332\30\0\0St9I6EVH\2\0"..., 430, 57214 <unfinished ...>
6522  1790832217.057920 pwrite64(29</tmp/TestLeaseAppendPressureFixedPlacement2543435063/001/node-1/jetstream/$G/streams/KV_WF_LEASE/msgs/1.blk>, "\247\0\0\200\r\1\0\0\0\0\0\0\223c\261\301iP\332\30&\0$KV.WF_LEA"..., 167, 44862) = 167 (DELAYED) <0.070040>
6520  1790832217.128000 <... pwrite64 resumed>) = 430 (DELAYED) <0.070091>
6522  1790832217.128193 --- SIGURG {si_signo=SIGURG, si_code=SI_TKILL, si_pid=6502, si_uid=1001} ---
6520  1790832217.128345 --- SIGURG {si_signo=SIGURG, si_code=SI_TKILL, si_pid=6502, si_uid=1001} ---
6520  1790832217.129735 pwrite64(30</tmp/TestLeaseAppendPressureFixedPlacement2543435063/001/node-1/jetstream/$SYS/_js_/S-R3F-SbktiqVe/msgs/1.blk>, "\25\1\0\0\n\1\0\0\0\0\0\0\262kW\312iP\332\30\0\0000m6vARoZ\2\0"..., 277, 74418 <unfinished ...>
6522  1790832217.130713 pwrite64(24</tmp/TestLeaseAppendPressureFixedPlacement2543435063/001/node-1/jetstream/$G/streams/WF_JRN/msgs/1.blk>, "@\1\0\200\231\0\0\0\0\0\0\0\16y\16\306iP\332\30 \0wf.jrn.pre"..., 320, 40975 <unfinished ...>
6521  1790832217.155428 --- SIGURG {si_signo=SIGURG, si_code=SI_TKILL, si_pid=6502, si_uid=1001} ---
6520  1790832217.199914 <... pwrite64 resumed>) = 277 (DELAYED) <0.070138>
6520  1790832217.200204 --- SIGURG {si_signo=SIGURG, si_code=SI_TKILL, si_pid=6502, si_uid=1001} ---
6522  1790832217.200768 <... pwrite64 resumed>) = 320 (DELAYED) <0.070034>
6529  1790832217.202319 pwrite64(29</tmp/TestLeaseAppendPressureFixedPlacement2543435063/001/node-1/jetstream/$G/streams/KV_WF_LEASE/msgs/1.blk>, "\247\0\0\200\16\1\0\0\0\0\0\0z R\312iP\332\30&\0$KV.WF_LEA"..., 167, 45029 <unfinished ...>
6520  1790832217.202639 pwrite64(23</tmp/TestLeaseAppendPressureFixedPlacement2543435063/001/node-1/jetstream/$SYS/_js_/S-R3F-oWApg6ib/msgs/2.blk>, "M\1\0\0\226\0\0\0\0\0\0\0\370\276\257\316iP\332\30\0\0St9I6EVH\2\0"..., 333, 57644 <unfinished ...>
6529  1790832217.272549 <... pwrite64 resumed>) = 167 (DELAYED) <0.070154>
6520  1790832217.272702 <... pwrite64 resumed>) = 333 (DELAYED) <0.070037>
6529  1790832217.274442 pwrite64(30</tmp/TestLeaseAppendPressureFixedPlacement2543435063/001/node-1/jetstream/$SYS/_js_/S-R3F-SbktiqVe/msgs/1.blk>, "\25\1\0\0\v\1\0\0\0\0\0\0\6\200\367\322iP\332\30\0\0000m6vARoZ\2\0"..., 277, 74695 <unfinished ...>
6508  1790832217.275717 pwrite64(24</tmp/TestLeaseAppendPressureFixedPlacement2543435063/001/node-1/jetstream/$G/streams/WF_JRN/msgs/1.blk>, "\337\0\0\200\232\0\0\0\0\0\0\0A\202\257\316iP\332\30 \0wf.jrn.pre"..., 223, 41295 <unfinished ...>
6520  1790832217.341573 --- SIGURG {si_signo=SIGURG, si_code=SI_TKILL, si_pid=6502, si_uid=1001} ---
6529  1790832217.344497 <... pwrite64 resumed>) = 277 (DELAYED) <0.070018>
6529  1790832217.344717 --- SIGURG {si_signo=SIGURG, si_code=SI_TKILL, si_pid=6502, si_uid=1001} ---
6508  1790832217.345780 <... pwrite64 resumed>) = 223 (DELAYED) <0.070042>
6508  1790832217.346985 pwrite64(23</tmp/TestLeaseAppendPressureFixedPlacement2543435063/001/node-1/jetstream/$SYS/_js_/S-R3F-oWApg6ib/msgs/2.blk>, "\256\1\0\0\227\0\0\0\0\0\0\0\21VJ\327iP\332\30\0\0St9I6EVH\2\0"..., 430, 57977 <unfinished ...>
6522  1790832217.347038 pwrite64(29</tmp/TestLeaseAppendPressureFixedPlacement2543435063/001/node-1/jetstream/$G/streams/KV_WF_LEASE/msgs/1.blk>, "\247\0\0\200\17\1\0\0\0\0\0\0 +\362\322iP\332\30&\0$KV.WF_LEA"..., 167, 45196 <unfinished ...>
6529  1790832217.401904 --- SIGURG {si_signo=SIGURG, si_code=SI_TKILL, si_pid=6502, si_uid=1001} ---
6529  1790832217.411664 --- SIGURG {si_signo=SIGURG, si_code=SI_TKILL, si_pid=6502, si_uid=1001} ---
6508  1790832217.417058 <... pwrite64 resumed>) = 430 (DELAYED) <0.070036>
6522  1790832217.417083 <... pwrite64 resumed>) = 167 (DELAYED) <0.070029>
6508  1790832217.418771 pwrite64(30</tmp/TestLeaseAppendPressureFixedPlacement2543435063/001/node-1/jetstream/$SYS/_js_/S-R3F-SbktiqVe/msgs/1.blk>, "\25\1\0\0\f\1\0\0\0\0\0\0\201\265\221\333iP\332\30\0\0000m6vARoZ\2\0"..., 277, 74972 <unfinished ...>
6520  1790832217.419825 pwrite64(24</tmp/TestLeaseAppendPressureFixedPlacement2543435063/001/node-1/jetstream/$G/streams/WF_JRN/msgs/1.blk>, "@\1\0\200\233\0\0\0\0\0\0\0M\rJ\327iP\332\30 \0wf.jrn.pre"..., 320, 41518 <unfinished ...>
6508  1790832217.488938 <... pwrite64 resumed>) = 277 (DELAYED) <0.070123>
6508  1790832217.489381 --- SIGURG {si_signo=SIGURG, si_code=SI_TKILL, si_pid=6502, si_uid=1001} ---
6520  1790832217.489898 <... pwrite64 resumed>) = 320 (DELAYED) <0.070052>
6522  1790832217.491354 pwrite64(29</tmp/TestLeaseAppendPressureFixedPlacement2543435063/001/node-1/jetstream/$G/streams/KV_WF_LEASE/msgs/1.blk>, "\247\0\0\200\20\1\0\0\0\0\0\0\323\326\214\333iP\332\30&\0$KV.WF_LEA"..., 167, 45363 <unfinished ...>
6521  1790832217.491534 pwrite64(23</tmp/TestLeaseAppendPressureFixedPlacement2543435063/001/node-1/jetstream/$SYS/_js_/S-R3F-oWApg6ib/msgs/2.blk>, "N\1\0\0\230\0\0\0\0\0\0\0\346\25\350\337iP\332\30\0\0St9I6EVH\2\0"..., 334, 58407 <unfinished ...>
6522  1790832217.561485 <... pwrite64 resumed>) = 167 (DELAYED) <0.070068>
6521  1790832217.561573 <... pwrite64 resumed>) = 334 (DELAYED) <0.070021>
6521  1790832217.561848 --- SIGURG {si_signo=SIGURG, si_code=SI_TKILL, si_pid=6502, si_uid=1001} ---
6521  1790832217.562136 --- SIGURG {si_signo=SIGURG, si_code=SI_TKILL, si_pid=6502, si_uid=1001} ---
6520  1790832217.563430 pwrite64(30</tmp/TestLeaseAppendPressureFixedPlacement2543435063/001/node-1/jetstream/$SYS/_js_/S-R3F-SbktiqVe/msgs/1.blk>, "\25\1\0\0\r\1\0\0\0\0\0\0\316\3770\344iP\332\30\0\0000m6vARoZ\2\0"..., 277, 75249 <unfinished ...>
6522  1790832217.564748 pwrite64(24</tmp/TestLeaseAppendPressureFixedPlacement2543435063/001/node-1/jetstream/$G/streams/WF_JRN/msgs/1.blk>, "\340\0\0\200\234\0\0\0\0\0\0\0\211\271\347\337iP\332\30 \0wf.jrn.pre"..., 224, 41838 <unfinished ...>
6520  1790832217.633510 <... pwrite64 resumed>) = 277 (DELAYED) <0.070034>
6520  1790832217.633750 --- SIGURG {si_signo=SIGURG, si_code=SI_TKILL, si_pid=6502, si_uid=1001} ---
6522  1790832217.634795 <... pwrite64 resumed>) = 224 (DELAYED) <0.070022>
6522  1790832217.636356 pwrite64(29</tmp/TestLeaseAppendPressureFixedPlacement2543435063/001/node-1/jetstream/$G/streams/KV_WF_LEASE/msgs/1.blk>, "\247\0\0\200\21\1\0\0\0\0\0\0\241*+\344iP\332\30&\0$KV.WF_LEA"..., 167, 45530 <unfinished ...>
6508  1790832217.636431 pwrite64(23</tmp/TestLeaseAppendPressureFixedPlacement2543435063/001/node-1/jetstream/$SYS/_js_/S-R3F-oWApg6ib/msgs/2.blk>, "\257\1\0\0\231\0\0\0\0\0\0\0A\2\212\350iP\332\30\0\0St9I6EVH\2\0"..., 431, 58741 <unfinished ...>
6522  1790832217.706503 <... pwrite64 resumed>) = 167 (DELAYED) <0.070085>
6508  1790832217.706549 <... pwrite64 resumed>) = 431 (DELAYED) <0.070096>
6508  1790832217.707003 --- SIGURG {si_signo=SIGURG, si_code=SI_TKILL, si_pid=6502, si_uid=1001} ---
6522  1790832217.708526 pwrite64(30</tmp/TestLeaseAppendPressureFixedPlacement2543435063/001/node-1/jetstream/$SYS/_js_/S-R3F-SbktiqVe/msgs/1.blk>, "\25\1\0\0\16\1\0\0\0\0\0\0002\21\327\354iP\332\30\0\0000m6vARoZ\2\0"..., 277, 75526 <unfinished ...>
6521  1790832217.709799 pwrite64(24</tmp/TestLeaseAppendPressureFixedPlacement2543435063/001/node-1/jetstream/$G/streams/WF_JRN/msgs/1.blk>, "A\1\0\200\235\0\0\0\0\0\0\0\373\301\211\350iP\332\30 \0wf.jrn.pre"..., 321, 42062 <unfinished ...>
6522  1790832217.779180 <... pwrite64 resumed>) = 277 (DELAYED) <0.070606>
6522  1790832217.779590 --- SIGURG {si_signo=SIGURG, si_code=SI_TKILL, si_pid=6502, si_uid=1001} ---
6521  1790832217.779850 <... pwrite64 resumed>) = 321 (DELAYED) <0.070025>
6520  1790832217.781951 pwrite64(29</tmp/TestLeaseAppendPressureFixedPlacement2543435063/001/node-1/jetstream/$G/streams/KV_WF_LEASE/msgs/1.blk>, "\247\0\0\200\22\1\0\0\0\0\0\0\335\204\321\354iP\332\30&\0$KV.WF_LEA"..., 167, 45697 <unfinished ...>
6521  1790832217.782009 pwrite64(23</tmp/TestLeaseAppendPressureFixedPlacement2543435063/001/node-1/jetstream/$SYS/_js_/S-R3F-oWApg6ib/msgs/2.blk>, "N\1\0\0\232\0\0\0\0\0\0\0N\v8\361iP\332\30\0\0St9I6EVH\2\0"..., 334, 59172) = 334 (DELAYED) <0.070078>
6520  1790832217.852145 <... pwrite64 resumed>) = 167 (DELAYED) <0.070157>
6521  1790832217.852447 --- SIGURG {si_signo=SIGURG, si_code=SI_TKILL, si_pid=6502, si_uid=1001} ---
6521  1790832217.852966 --- SIGURG {si_signo=SIGURG, si_code=SI_TKILL, si_pid=6502, si_uid=1001} ---
6522  1790832217.854594 pwrite64(30</tmp/TestLeaseAppendPressureFixedPlacement2543435063/001/node-1/jetstream/$SYS/_js_/S-R3F-SbktiqVe/msgs/1.blk>, "\25\1\0\0\17\1\0\0\0\0\0\0\237\302\213\365iP\332\30\0\0000m6vARoZ\2\0"..., 277, 75803 <unfinished ...>
6520  1790832217.855827 pwrite64(24</tmp/TestLeaseAppendPressureFixedPlacement2543435063/001/node-1/jetstream/$G/streams/WF_JRN/msgs/1.blk>, "\340\0\0\200\236\0\0\0\0\0\0\0\\\3347\361iP\332\30 \0wf.jrn.pre"..., 224, 42383 <unfinished ...>
6522  1790832217.924680 <... pwrite64 resumed>) = 277 (DELAYED) <0.070042>
6522  1790832217.924933 --- SIGURG {si_signo=SIGURG, si_code=SI_TKILL, si_pid=6502, si_uid=1001} ---
6520  1790832217.925935 <... pwrite64 resumed>) = 224 (DELAYED) <0.070086>
6521  1790832217.927401 pwrite64(29</tmp/TestLeaseAppendPressureFixedPlacement2543435063/001/node-1/jetstream/$G/streams/KV_WF_LEASE/msgs/1.blk>, "\247\0\0\200\23\1\0\0\0\0\0\0\313\377\204\365iP\332\30&\0$KV.WF_LEA"..., 167, 45864 <unfinished ...>
6520  1790832217.927557 pwrite64(23</tmp/TestLeaseAppendPressureFixedPlacement2543435063/001/node-1/jetstream/$SYS/_js_/S-R3F-oWApg6ib/msgs/2.blk>, "\257\1\0\0\233\0\0\0\0\0\0\0=8\345\371iP\332\30\0\0St9I6EVH\2\0"..., 431, 59506 <unfinished ...>
6529  1790832217.943891 --- SIGURG {si_signo=SIGURG, si_code=SI_TKILL, si_pid=6502, si_uid=1001} ---
6521  1790832217.997561 <... pwrite64 resumed>) = 167 (DELAYED) <0.070112>
6520  1790832217.997655 <... pwrite64 resumed>) = 431 (DELAYED) <0.070082>
6520  1790832217.997881 --- SIGURG {si_signo=SIGURG, si_code=SI_TKILL, si_pid=6502, si_uid=1001} ---
6522  1790832217.999655 pwrite64(30</tmp/TestLeaseAppendPressureFixedPlacement2543435063/001/node-1/jetstream/$SYS/_js_/S-R3F-SbktiqVe/msgs/1.blk>, "\25\1\0\0\20\1\0\0\0\0\0\0\25L1\376iP\332\30\0\0000m6vARoZ\2\0"..., 277, 76080 <unfinished ...>
6529  1790832218.000859 pwrite64(24</tmp/TestLeaseAppendPressureFixedPlacement2543435063/001/node-1/jetstream/$G/streams/WF_JRN/msgs/1.blk>, "A\1\0\200\237\0\0\0\0\0\0\0\245@\344\371iP\332\30 \0wf.jrn.pre"..., 321, 42607 <unfinished ...>
6522  1790832218.069810 <... pwrite64 resumed>) = 277 (DELAYED) <0.070111>
6522  1790832218.070053 --- SIGURG {si_signo=SIGURG, si_code=SI_TKILL, si_pid=6502, si_uid=1001} ---
6529  1790832218.070902 <... pwrite64 resumed>) = 321 (DELAYED) <0.070019>
6520  1790832218.072433 pwrite64(29</tmp/TestLeaseAppendPressureFixedPlacement2543435063/001/node-1/jetstream/$G/streams/KV_WF_LEASE/msgs/1.blk>, "\247\0\0\200\24\1\0\0\0\0\0\0:\f+\376iP\332\30&\0$KV.WF_LEA"..., 167, 46031 <unfinished ...>
6521  1790832218.072487 pwrite64(23</tmp/TestLeaseAppendPressureFixedPlacement2543435063/001/node-1/jetstream/$SYS/_js_/S-R3F-oWApg6ib/msgs/2.blk>, "N\1\0\0\234\0\0\0\0\0\0\0/F\210\2jP\332\30\0\0St9I6EVH\2\0"..., 334, 59937) = 334 (DELAYED) <0.070124>
6520  1790832218.142655 <... pwrite64 resumed>) = 167 (DELAYED) <0.070180>
6521  1790832218.143017 --- SIGURG {si_signo=SIGURG, si_code=SI_TKILL, si_pid=6502, si_uid=1001} ---
6508  1790832218.144578 pwrite64(30</tmp/TestLeaseAppendPressureFixedPlacement2543435063/001/node-1/jetstream/$SYS/_js_/S-R3F-SbktiqVe/msgs/1.blk>, "\25\1\0\0\21\1\0\0\0\0\0\0005\243\324\6jP\332\30\0\0000m6vARoZ\2\0"..., 277, 76357 <unfinished ...>
6520  1790832218.145604 pwrite64(24</tmp/TestLeaseAppendPressureFixedPlacement2543435063/001/node-1/jetstream/$G/streams/WF_JRN/msgs/1.blk>, "\340\0\0\200\240\0\0\0\0\0\0\0\334\t\210\2jP\332\30 \0wf.jrn.pre"..., 224, 42928 <unfinished ...>
6508  1790832218.214653 <... pwrite64 resumed>) = 277 (DELAYED) <0.070033>
6508  1790832218.214886 --- SIGURG {si_signo=SIGURG, si_code=SI_TKILL, si_pid=6502, si_uid=1001} ---
6520  1790832218.215662 <... pwrite64 resumed>) = 224 (DELAYED) <0.070035>
6522  1790832218.217276 pwrite64(23</tmp/TestLeaseAppendPressureFixedPlacement2543435063/001/node-1/jetstream/$SYS/_js_/S-R3F-oWApg6ib/msgs/2.blk>, "\257\1\0\0\235\0\0\0\0\0\0\0O\332)\vjP\332\30\0\0St9I6EVH\2\0"..., 431, 60271 <unfinished ...>
6520  1790832218.217322 pwrite64(29</tmp/TestLeaseAppendPressureFixedPlacement2543435063/001/node-1/jetstream/$G/streams/KV_WF_LEASE/msgs/1.blk>, "\247\0\0\200\25\1\0\0\0\0\0\0v\214\315\6jP\332\30&\0$KV.WF_LEA"..., 167, 46198) = 167 (DELAYED) <0.070100>
6522  1790832218.287470 <... pwrite64 resumed>) = 431 (DELAYED) <0.070156>
6520  1790832218.287754 --- SIGURG {si_signo=SIGURG, si_code=SI_TKILL, si_pid=6502, si_uid=1001} ---
6521  1790832218.289423 pwrite64(30</tmp/TestLeaseAppendPressureFixedPlacement2543435063/001/node-1/jetstream/$SYS/_js_/S-R3F-SbktiqVe/msgs/1.blk>, "\25\1\0\0\22\1\0\0\0\0\0\0\356\350v\17jP\332\30\0\0000m6vARoZ\2\0"..., 277, 76634 <unfinished ...>
6522  1790832218.290688 pwrite64(24</tmp/TestLeaseAppendPressureFixedPlacement2543435063/001/node-1/jetstream/$G/streams/WF_JRN/msgs/1.blk>, "A\1\0\200\241\0\0\0\0\0\0\0\207\260)\vjP\332\30 \0wf.jrn.pre"..., 321, 43152 <unfinished ...>
6529  1790832218.341028 --- SIGURG {si_signo=SIGURG, si_code=SI_TKILL, si_pid=6502, si_uid=1001} ---
6521  1790832218.359569 <... pwrite64 resumed>) = 277 (DELAYED) <0.070104>
6522  1790832218.360726 <... pwrite64 resumed>) = 321 (DELAYED) <0.070017>
6529  1790832218.362100 pwrite64(29</tmp/TestLeaseAppendPressureFixedPlacement2543435063/001/node-1/jetstream/$G/streams/KV_WF_LEASE/msgs/1.blk>, "\247\0\0\200\26\1\0\0\0\0\0\0\305\274p\17jP\332\30&\0$KV.WF_LEA"..., 167, 46365 <unfinished ...>
6522  1790832218.362162 pwrite64(23</tmp/TestLeaseAppendPressureFixedPlacement2543435063/001/node-1/jetstream/$SYS/_js_/S-R3F-oWApg6ib/msgs/2.blk>, "N\1\0\0\236\0\0\0\0\0\0\0\336A\314\23jP\332\30\0\0St9I6EVH\2\0"..., 334, 60702 <unfinished ...>
6529  1790832218.432250 <... pwrite64 resumed>) = 167 (DELAYED) <0.070104>
6522  1790832218.432291 <... pwrite64 resumed>) = 334 (DELAYED) <0.070113>
6522  1790832218.432624 --- SIGURG {si_signo=SIGURG, si_code=SI_TKILL, si_pid=6502, si_uid=1001} ---
6539  1790832218.434062 pwrite64(30</tmp/TestLeaseAppendPressureFixedPlacement2543435063/001/node-1/jetstream/$SYS/_js_/S-R3F-SbktiqVe/msgs/1.blk>, "\25\1\0\0\23\1\0\0\0\0\0\0\311\266\25\30jP\332\30\0\0000m6vARoZ\2\0"..., 277, 76911 <unfinished ...>
6522  1790832218.435275 pwrite64(24</tmp/TestLeaseAppendPressureFixedPlacement2543435063/001/node-1/jetstream/$G/streams/WF_JRN/msgs/1.blk>, "\340\0\0\200\242\0\0\0\0\0\0\0*\32\314\23jP\332\30 \0wf.jrn.pre"..., 224, 43473 <unfinished ...>
6539  1790832218.504391 <... pwrite64 resumed>) = 277 (DELAYED) <0.070259>
6539  1790832218.504630 --- SIGURG {si_signo=SIGURG, si_code=SI_TKILL, si_pid=6502, si_uid=1001} ---
6522  1790832218.505326 <... pwrite64 resumed>) = 224 (DELAYED) <0.070031>
6539  1790832218.507161 pwrite64(23</tmp/TestLeaseAppendPressureFixedPlacement2543435063/001/node-1/jetstream/$SYS/_js_/S-R3F-oWApg6ib/msgs/2.blk>, "\257\1\0\0\237\0\0\0\0\0\0\0\333\30q\34jP\332\30\0\0St9I6EVH\2\0"..., 431, 61036 <unfinished ...>
6529  1790832218.507222 pwrite64(29</tmp/TestLeaseAppendPressureFixedPlacement2543435063/001/node-1/jetstream/$G/streams/KV_WF_LEASE/msgs/1.blk>, "\247\0\0\200\27\1\0\0\0\0\0\0\371\33\20\30jP\332\30&\0$KV.WF_LEA"..., 167, 46532 <unfinished ...>
6539  1790832218.577454 <... pwrite64 resumed>) = 431 (DELAYED) <0.070246>
6529  1790832218.577507 <... pwrite64 resumed>) = 167 (DELAYED) <0.070270>
6539  1790832218.577963 --- SIGURG {si_signo=SIGURG, si_code=SI_TKILL, si_pid=6502, si_uid=1001} ---
6539  1790832218.579659 pwrite64(30</tmp/TestLeaseAppendPressureFixedPlacement2543435063/001/node-1/jetstream/$SYS/_js_/S-R3F-SbktiqVe/msgs/1.blk>, "\25\1\0\0\24\1\0\0\0\0\0\0@t\303 jP\332\30\0\0000m6vARoZ\2\0"..., 277, 77188 <unfinished ...>
6529  1790832218.580853 pwrite64(24</tmp/TestLeaseAppendPressureFixedPlacement2543435063/001/node-1/jetstream/$G/streams/WF_JRN/msgs/1.blk>, "A\1\0\200\243\0\0\0\0\0\0\0\302\320p\34jP\332\30 \0wf.jrn.pre"..., 321, 43697 <unfinished ...>
6539  1790832218.649870 <... pwrite64 resumed>) = 277 (DELAYED) <0.070158>
6539  1790832218.650177 --- SIGURG {si_signo=SIGURG, si_code=SI_TKILL, si_pid=6502, si_uid=1001} ---
6529  1790832218.650922 <... pwrite64 resumed>) = 321 (DELAYED) <0.070039>
6521  1790832218.652918 pwrite64(23</tmp/TestLeaseAppendPressureFixedPlacement2543435063/001/node-1/jetstream/$SYS/_js_/S-R3F-oWApg6ib/msgs/2.blk>, "N\1\0\0\240\0\0\0\0\0\0\0\tI!%jP\332\30\0\0St9I6EVH\2\0"..., 334, 61467 <unfinished ...>
6508  1790832218.652991 pwrite64(29</tmp/TestLeaseAppendPressureFixedPlacement2543435063/001/node-1/jetstream/$G/streams/KV_WF_LEASE/msgs/1.blk>, "\247\0\0\200\30\1\0\0\0\0\0\0\335M\276 jP\332\30&\0$KV.WF_LEA"..., 167, 46699 <unfinished ...>
6521  1790832218.723006 <... pwrite64 resumed>) = 334 (DELAYED) <0.070029>
6508  1790832218.723095 <... pwrite64 resumed>) = 167 (DELAYED) <0.070087>
6521  1790832218.723255 --- SIGURG {si_signo=SIGURG, si_code=SI_TKILL, si_pid=6502, si_uid=1001} ---
6508  1790832218.724833 pwrite64(30</tmp/TestLeaseAppendPressureFixedPlacement2543435063/001/node-1/jetstream/$SYS/_js_/S-R3F-SbktiqVe/msgs/1.blk>, "\25\1\0\0\25\1\0\0\0\0\0\0\320\260j)jP\332\30\0\0000m6vARoZ\2\0"..., 277, 77465 <unfinished ...>
6529  1790832218.725808 pwrite64(24</tmp/TestLeaseAppendPressureFixedPlacement2543435063/001/node-1/jetstream/$G/streams/WF_JRN/msgs/1.blk>, "\340\0\0\200\244\0\0\0\0\0\0\0\374\374 %jP\332\30 \0wf.jrn.pre"..., 224, 44018 <unfinished ...>
6508  1790832218.795022 <... pwrite64 resumed>) = 277 (DELAYED) <0.070145>
6508  1790832218.795277 --- SIGURG {si_signo=SIGURG, si_code=SI_TKILL, si_pid=6502, si_uid=1001} ---
6508  1790832218.795591 --- SIGURG {si_signo=SIGURG, si_code=SI_TKILL, si_pid=6502, si_uid=1001} ---
6529  1790832218.795865 <... pwrite64 resumed>) = 224 (DELAYED) <0.070037>
6522  1790832218.797711 pwrite64(29</tmp/TestLeaseAppendPressureFixedPlacement2543435063/001/node-1/jetstream/$G/streams/KV_WF_LEASE/msgs/1.blk>, "\247\0\0\200\31\1\0\0\0\0\0\0\30\201e)jP\332\30&\0$KV.WF_LEA"..., 167, 46866 <unfinished ...>
6508  1790832218.797761 pwrite64(23</tmp/TestLeaseAppendPressureFixedPlacement2543435063/001/node-1/jetstream/$SYS/_js_/S-R3F-oWApg6ib/msgs/2.blk>, "\257\1\0\0\241\0\0\0\0\0\0\0\7\266\302-jP\332\30\0\0St9I6EVH\2\0"..., 431, 61801 <unfinished ...>
6522  1790832218.867949 <... pwrite64 resumed>) = 167 (DELAYED) <0.070192>
6508  1790832218.868004 <... pwrite64 resumed>) = 431 (DELAYED) <0.070226>
6522  1790832218.868265 --- SIGURG {si_signo=SIGURG, si_code=SI_TKILL, si_pid=6502, si_uid=1001} ---
6521  1790832218.870008 pwrite64(30</tmp/TestLeaseAppendPressureFixedPlacement2543435063/001/node-1/jetstream/$SYS/_js_/S-R3F-SbktiqVe/msgs/1.blk>, "\25\1\0\0\26\1\0\0\0\0\0\0G\323\0212jP\332\30\0\0000m6vARoZ\2\0"..., 277, 77742 <unfinished ...>
6522  1790832218.871209 pwrite64(24</tmp/TestLeaseAppendPressureFixedPlacement2543435063/001/node-1/jetstream/$G/streams/WF_JRN/msgs/1.blk>, "A\1\0\200\245\0\0\0\0\0\0\0\26u\302-jP\332\30 \0wf.jrn.pre"..., 321, 44242 <unfinished ...>
6521  1790832218.940145 <... pwrite64 resumed>) = 277 (DELAYED) <0.070095>
6521  1790832218.940417 --- SIGURG {si_signo=SIGURG, si_code=SI_TKILL, si_pid=6502, si_uid=1001} ---
6522  1790832218.941277 <... pwrite64 resumed>) = 321 (DELAYED) <0.070039>
6539  1790832218.943021 pwrite64(29</tmp/TestLeaseAppendPressureFixedPlacement2543435063/001/node-1/jetstream/$G/streams/KV_WF_LEASE/msgs/1.blk>, "\247\0\0\200\32\1\0\0\0\0\0\0S\202\f2jP\332\30&\0$KV.WF_LEA"..., 167, 47033 <unfinished ...>
6529  1790832218.943067 pwrite64(23</tmp/TestLeaseAppendPressureFixedPlacement2543435063/001/node-1/jetstream/$SYS/_js_/S-R3F-oWApg6ib/msgs/2.blk>, "N\1\0\0\242\0\0\0\0\0\0\0\316\361k6jP\332\30\0\0St9I6EVH\2\0"..., 334, 62232 <unfinished ...>
6539  1790832219.013091 <... pwrite64 resumed>) = 167 (DELAYED) <0.070028>
6529  1790832219.013130 <... pwrite64 resumed>) = 334 (DELAYED) <0.070047>
6539  1790832219.013330 --- SIGURG {si_signo=SIGURG, si_code=SI_TKILL, si_pid=6502, si_uid=1001} ---
6539  1790832219.015177 pwrite64(30</tmp/TestLeaseAppendPressureFixedPlacement2543435063/001/node-1/jetstream/$SYS/_js_/S-R3F-SbktiqVe/msgs/1.blk>, "\25\1\0\0\27\1\0\0\0\0\0\0\250\345\270:jP\332\30\0\0000m6vARoZ\2\0"..., 277, 78019 <unfinished ...>
6508  1790832219.015322 pwrite64(24</tmp/TestLeaseAppendPressureFixedPlacement2543435063/001/node-1/jetstream/$G/streams/WF_JRN/msgs/1.blk>, "\340\0\0\200\246\0\0\0\0\0\0\0\5jk6jP\332\30 \0wf.jrn.pre"..., 224, 44563 <unfinished ...>
6539  1790832219.085385 <... pwrite64 resumed>) = 277 (DELAYED) <0.070134>
6508  1790832219.085436 <... pwrite64 resumed>) = 224 (DELAYED) <0.070095>
6539  1790832219.085639 --- SIGURG {si_signo=SIGURG, si_code=SI_TKILL, si_pid=6502, si_uid=1001} ---
6539  1790832219.087746 pwrite64(29</tmp/TestLeaseAppendPressureFixedPlacement2543435063/001/node-1/jetstream/$G/streams/KV_WF_LEASE/msgs/1.blk>, "\247\0\0\200\33\1\0\0\0\0\0\0&n\262:jP\332\30&\0$KV.WF_LEA"..., 167, 47200 <unfinished ...>
6508  1790832219.087808 pwrite64(23</tmp/TestLeaseAppendPressureFixedPlacement2543435063/001/node-1/jetstream/$SYS/_js_/S-R3F-oWApg6ib/msgs/2.blk>, "\257\1\0\0\243\0\0\0\0\0\0\0\355\342\f?jP\332\30\0\0St9I6EVH\2\0"..., 431, 62566 <unfinished ...>
6522  1790832219.155403 --- SIGURG {si_signo=SIGURG, si_code=SI_TKILL, si_pid=6502, si_uid=1001} ---
6539  1790832219.157825 <... pwrite64 resumed>) = 167 (DELAYED) <0.070034>
6508  1790832219.157857 <... pwrite64 resumed>) = 431 (DELAYED) <0.070034>
6520  1790832219.159505 pwrite64(30</tmp/TestLeaseAppendPressureFixedPlacement2543435063/001/node-1/jetstream/$SYS/_js_/S-R3F-SbktiqVe/msgs/1.blk>, "\25\1\0\0\30\1\0\0\0\0\0\0\307>SCjP\332\30\0\0000m6vARoZ\2\0"..., 277, 78296 <unfinished ...>
6522  1790832219.160750 pwrite64(24</tmp/TestLeaseAppendPressureFixedPlacement2543435063/001/node-1/jetstream/$G/streams/WF_JRN/msgs/1.blk>, "A\1\0\200\247\0\0\0\0\0\0\0\233\255\f?jP\332\30 \0wf.jrn.pre"..., 321, 44787 <unfinished ...>
6520  1790832219.229677 <... pwrite64 resumed>) = 277 (DELAYED) <0.070124>
6520  1790832219.229928 --- SIGURG {si_signo=SIGURG, si_code=SI_TKILL, si_pid=6502, si_uid=1001} ---
6522  1790832219.230826 <... pwrite64 resumed>) = 321 (DELAYED) <0.070053>
6522  1790832219.232141 pwrite64(29</tmp/TestLeaseAppendPressureFixedPlacement2543435063/001/node-1/jetstream/$G/streams/KV_WF_LEASE/msgs/1.blk>, "\247\0\0\200\34\1\0\0\0\0\0\0\2\244OCjP\332\30&\0$KV.WF_LEA"..., 167, 47367 <unfinished ...>
6521  1790832219.232191 pwrite64(23</tmp/TestLeaseAppendPressureFixedPlacement2543435063/001/node-1/jetstream/$SYS/_js_/S-R3F-oWApg6ib/msgs/2.blk>, "N\1\0\0\244\0\0\0\0\0\0\0\202\314\247GjP\332\30\0\0St9I6EVH\2\0"..., 334, 62997 <unfinished ...>
6522  1790832219.302284 <... pwrite64 resumed>) = 167 (DELAYED) <0.070099>
6521  1790832219.302328 <... pwrite64 resumed>) = 334 (DELAYED) <0.070121>
6521  1790832219.302558 --- SIGURG {si_signo=SIGURG, si_code=SI_TKILL, si_pid=6502, si_uid=1001} ---
6522  1790832219.304439 pwrite64(30</tmp/TestLeaseAppendPressureFixedPlacement2543435063/001/node-1/jetstream/$SYS/_js_/S-R3F-SbktiqVe/msgs/1.blk>, "\25\1\0\0\31\1\0\0\0\0\0\0x\317\366KjP\332\30\0\0000m6vARoZ\2\0"..., 277, 78573 <unfinished ...>
6521  1790832219.305712 pwrite64(24</tmp/TestLeaseAppendPressureFixedPlacement2543435063/001/node-1/jetstream/$G/streams/WF_JRN/msgs/1.blk>, "\340\0\0\200\250\0\0\0\0\0\0\0s\204\247GjP\332\30 \0wf.jrn.pre"..., 224, 45108 <unfinished ...>
6522  1790832219.374682 <... pwrite64 resumed>) = 277 (DELAYED) <0.070195>
6522  1790832219.374954 --- SIGURG {si_signo=SIGURG, si_code=SI_TKILL, si_pid=6502, si_uid=1001} ---
6521  1790832219.375779 <... pwrite64 resumed>) = 224 (DELAYED) <0.070044>
6508  1790832219.377294 pwrite64(29</tmp/TestLeaseAppendPressureFixedPlacement2543435063/001/node-1/jetstream/$G/streams/KV_WF_LEASE/msgs/1.blk>, "\247\0\0\200\35\1\0\0\0\0\0\0\247\216\360KjP\332\30&\0$KV.WF_LEA"..., 167, 47534 <unfinished ...>
6522  1790832219.377346 pwrite64(23</tmp/TestLeaseAppendPressureFixedPlacement2543435063/001/node-1/jetstream/$SYS/_js_/S-R3F-oWApg6ib/msgs/2.blk>, "\257\1\0\0\245\0\0\0\0\0\0\0e\350NPjP\332\30\0\0St9I6EVH\2\0"..., 431, 63331 <unfinished ...>
6520  1790832219.402036 --- SIGURG {si_signo=SIGURG, si_code=SI_TKILL, si_pid=6502, si_uid=1001} ---
6522  1790832219.447545 <... pwrite64 resumed>) = 431 (DELAYED) <0.070151>
6508  1790832219.447593 <... pwrite64 resumed>) = 167 (DELAYED) <0.070259>
6522  1790832219.449817 pwrite64(30</tmp/TestLeaseAppendPressureFixedPlacement2543435063/001/node-1/jetstream/$SYS/_js_/S-R3F-SbktiqVe/msgs/1.blk>, "\25\1\0\0\32\1\0\0\0\0\0\0s\22\241TjP\332\30\0\0000m6vARoZ\2\0"..., 277, 78850 <unfinished ...>
6508  1790832219.449962 pwrite64(24</tmp/TestLeaseAppendPressureFixedPlacement2543435063/001/node-1/jetstream/$G/streams/WF_JRN/msgs/1.blk>, "A\1\0\200\251\0\0\0\0\0\0\0\\\246NPjP\332\30 \0wf.jrn.pre"..., 321, 45332 <unfinished ...>
6522  1790832219.519946 <... pwrite64 resumed>) = 277 (DELAYED) <0.070081>
6508  1790832219.520050 <... pwrite64 resumed>) = 321 (DELAYED) <0.070068>
6522  1790832219.520240 --- SIGURG {si_signo=SIGURG, si_code=SI_TKILL, si_pid=6502, si_uid=1001} ---
6522  1790832219.522473 pwrite64(23</tmp/TestLeaseAppendPressureFixedPlacement2543435063/001/node-1/jetstream/$SYS/_js_/S-R3F-oWApg6ib/msgs/2.blk>, "N\1\0\0\246\0\0\0\0\0\0\0001\255\365XjP\332\30\0\0St9I6EVH\2\0"..., 334, 63762 <unfinished ...>
6520  1790832219.522525 pwrite64(29</tmp/TestLeaseAppendPressureFixedPlacement2543435063/001/node-1/jetstream/$G/streams/KV_WF_LEASE/msgs/1.blk>, "\247\0\0\200\36\1\0\0\0\0\0\0\263\354\231TjP\332\30&\0$KV.WF_LEA"..., 167, 47701 <unfinished ...>
6522  1790832219.592586 <... pwrite64 resumed>) = 334 (DELAYED) <0.070065>
6520  1790832219.592622 <... pwrite64 resumed>) = 167 (DELAYED) <0.070082>
6520  1790832219.592874 --- SIGURG {si_signo=SIGURG, si_code=SI_TKILL, si_pid=6502, si_uid=1001} ---
6539  1790832219.594396 newfstatat(AT_FDCWD</home/runner/work/js-wf/js-wf/integration>, "/tmp/TestLeaseAppendPressureFixedPlacement2543435063/001/node-1/jetstream/$SYS/_js_/_meta_/tav.idx", {st_mode=S_IFREG|0600, st_size=16, ...}, 0) = 0 <0.000056>
6508  1790832219.645611 pwrite64(30</tmp/TestLeaseAppendPressureFixedPlacement2543435063/001/node-1/jetstream/$SYS/_js_/S-R3F-SbktiqVe/msgs/1.blk>, "\25\1\0\0\33\1\0\0\0\0\0\0\376sL`jP\332\30\0\0000m6vARoZ\2\0"..., 277, 79127 <unfinished ...>
6520  1790832219.645728 pwrite64(24</tmp/TestLeaseAppendPressureFixedPlacement2543435063/001/node-1/jetstream/$G/streams/WF_JRN/msgs/1.blk>, "\340\0\0\200\252\0\0\0\0\0\0\0\375g\365XjP\332\30 \0wf.jrn.pre"..., 224, 45653 <unfinished ...>
6521  1790832219.646851 newfstatat(AT_FDCWD</home/runner/work/js-wf/js-wf/integration>, "/tmp/TestLeaseAppendPressureFixedPlacement2543435063/001/node-1/jetstream/$SYS/_js_/_meta_/tav.idx", {st_mode=S_IFREG|0600, st_size=16, ...}, AT_SYMLINK_NOFOLLOW) = 0 <0.000031>
6521  1790832219.646954 renameat(AT_FDCWD</home/runner/work/js-wf/js-wf/integration>, "/tmp/TestLeaseAppendPressureFixedPlacement2543435063/001/node-1/jetstream/$SYS/_js_/_meta_/tav.idx.tmp", AT_FDCWD</home/runner/work/js-wf/js-wf/integration>, "/tmp/TestLeaseAppendPressureFixedPlacement2543435063/001/node-1/jetstream/$SYS/_js_/_meta_/tav.idx") = 0 <0.000246>
6521  1790832219.648138 newfstatat(AT_FDCWD</home/runner/work/js-wf/js-wf/integration>, "/tmp/TestLeaseAppendPressureFixedPlacement2543435063/001/node-1/jetstream/$SYS/_js_/_meta_/tav.idx", {st_mode=S_IFREG|0600, st_size=8, ...}, 0) = 0 <0.000026>
6521  1790832219.649042 newfstatat(AT_FDCWD</home/runner/work/js-wf/js-wf/integration>, "/tmp/TestLeaseAppendPressureFixedPlacement2543435063/001/node-1/jetstream/$SYS/_js_/_meta_/tav.idx", {st_mode=S_IFREG|0600, st_size=8, ...}, AT_SYMLINK_NOFOLLOW) = 0 <0.000027>
6521  1790832219.649124 renameat(AT_FDCWD</home/runner/work/js-wf/js-wf/integration>, "/tmp/TestLeaseAppendPressureFixedPlacement2543435063/001/node-1/jetstream/$SYS/_js_/_meta_/tav.idx.tmp", AT_FDCWD</home/runner/work/js-wf/js-wf/integration>, "/tmp/TestLeaseAppendPressureFixedPlacement2543435063/001/node-1/jetstream/$SYS/_js_/_meta_/tav.idx") = 0 <0.000220>
6522  1790832219.652173 pwrite64(7</tmp/TestLeaseAppendPressureFixedPlacement2543435063/001/node-1/jetstream/$SYS/_js_/_meta_/msgs/1.blk>, "p\0\0\0\16\0\0\0\0\0\0\0\240<\260`jP\332\30\0\0St9I6EVH\2\0"..., 112, 11127 <unfinished ...>
6508  1790832219.715682 <... pwrite64 resumed>) = 277 (DELAYED) <0.070024>
6520  1790832219.715778 <... pwrite64 resumed>) = 224 (DELAYED) <0.070033>
6520  1790832219.715947 --- SIGURG {si_signo=SIGURG, si_code=SI_TKILL, si_pid=6502, si_uid=1001} ---
