=== RUN   TestGraphContinuationStoredMaintenanceAcrossDeliveries
=== RUN   TestGraphContinuationStoredMaintenanceAcrossDeliveries/json/normal
    continuation_storage_test.go:307: stored progress leaked [] nats: no keys found
=== RUN   TestGraphContinuationStoredMaintenanceAcrossDeliveries/json/cut-stage
    continuation_storage_test.go:307: stored progress leaked [] nats: no keys found
=== RUN   TestGraphContinuationStoredMaintenanceAcrossDeliveries/json/cut-verify
    continuation_storage_test.go:307: stored progress leaked [] nats: no keys found
=== RUN   TestGraphContinuationStoredMaintenanceAcrossDeliveries/json/cut-nodes
    continuation_storage_test.go:307: stored progress leaked [] nats: no keys found
=== RUN   TestGraphContinuationStoredMaintenanceAcrossDeliveries/json/cut-renew
    continuation_storage_test.go:307: stored progress leaked [] nats: no keys found
=== RUN   TestGraphContinuationStoredMaintenanceAcrossDeliveries/json/create-drop
    continuation_storage_test.go:307: stored progress leaked [] nats: no keys found
=== RUN   TestGraphContinuationStoredMaintenanceAcrossDeliveries/json/create-lost
    continuation_storage_test.go:307: stored progress leaked [] nats: no keys found
=== RUN   TestGraphContinuationStoredMaintenanceAcrossDeliveries/json/update-drop
    continuation_storage_test.go:307: stored progress leaked [] nats: no keys found
=== RUN   TestGraphContinuationStoredMaintenanceAcrossDeliveries/json/update-lost
    continuation_storage_test.go:307: stored progress leaked [] nats: no keys found
=== RUN   TestGraphContinuationStoredMaintenanceAcrossDeliveries/json/delete-drop
    continuation_storage_test.go:307: stored progress leaked [] nats: no keys found
=== RUN   TestGraphContinuationStoredMaintenanceAcrossDeliveries/json/delete-lost
    continuation_storage_test.go:307: stored progress leaked [] nats: no keys found
=== RUN   TestGraphContinuationStoredMaintenanceAcrossDeliveries/json/read-lost
    continuation_storage_test.go:307: stored progress leaked [] nats: no keys found
=== RUN   TestGraphContinuationStoredMaintenanceAcrossDeliveries/json/source-change
    continuation_storage_test.go:307: stored progress leaked [] nats: no keys found
=== RUN   TestGraphContinuationStoredMaintenanceAcrossDeliveries/json/expired
    continuation_storage_test.go:307: stored progress leaked [] nats: no keys found
=== RUN   TestGraphContinuationStoredMaintenanceAcrossDeliveries/json/corrupt
=== RUN   TestGraphContinuationStoredMaintenanceAcrossDeliveries/json/owner-loss-save
    continuation_storage_test.go:307: stored progress leaked [] nats: no keys found
=== RUN   TestGraphContinuationStoredMaintenanceAcrossDeliveries/json/cancel-save
    continuation_storage_test.go:307: stored progress leaked [] nats: no keys found
=== RUN   TestGraphContinuationStoredMaintenanceAcrossDeliveries/protobuf-v1/normal
    continuation_storage_test.go:307: stored progress leaked [] nats: no keys found
=== RUN   TestGraphContinuationStoredMaintenanceAcrossDeliveries/protobuf-v1/cut-stage
    continuation_storage_test.go:307: stored progress leaked [] nats: no keys found
=== RUN   TestGraphContinuationStoredMaintenanceAcrossDeliveries/protobuf-v1/cut-verify
    continuation_storage_test.go:307: stored progress leaked [] nats: no keys found
=== RUN   TestGraphContinuationStoredMaintenanceAcrossDeliveries/protobuf-v1/cut-nodes
    continuation_storage_test.go:307: stored progress leaked [] nats: no keys found
=== RUN   TestGraphContinuationStoredMaintenanceAcrossDeliveries/protobuf-v1/cut-renew
    continuation_storage_test.go:307: stored progress leaked [] nats: no keys found
=== RUN   TestGraphContinuationStoredMaintenanceAcrossDeliveries/protobuf-v1/create-drop
    continuation_storage_test.go:307: stored progress leaked [] nats: no keys found
=== RUN   TestGraphContinuationStoredMaintenanceAcrossDeliveries/protobuf-v1/create-lost
    continuation_storage_test.go:307: stored progress leaked [] nats: no keys found
=== RUN   TestGraphContinuationStoredMaintenanceAcrossDeliveries/protobuf-v1/update-drop
    continuation_storage_test.go:307: stored progress leaked [] nats: no keys found
=== RUN   TestGraphContinuationStoredMaintenanceAcrossDeliveries/protobuf-v1/update-lost
    continuation_storage_test.go:307: stored progress leaked [] nats: no keys found
=== RUN   TestGraphContinuationStoredMaintenanceAcrossDeliveries/protobuf-v1/delete-drop
    continuation_storage_test.go:307: stored progress leaked [] nats: no keys found
=== RUN   TestGraphContinuationStoredMaintenanceAcrossDeliveries/protobuf-v1/delete-lost
    continuation_storage_test.go:307: stored progress leaked [] nats: no keys found
=== RUN   TestGraphContinuationStoredMaintenanceAcrossDeliveries/protobuf-v1/read-lost
    continuation_storage_test.go:307: stored progress leaked [] nats: no keys found
=== RUN   TestGraphContinuationStoredMaintenanceAcrossDeliveries/protobuf-v1/source-change
    continuation_storage_test.go:307: stored progress leaked [] nats: no keys found
=== RUN   TestGraphContinuationStoredMaintenanceAcrossDeliveries/protobuf-v1/expired
    continuation_storage_test.go:307: stored progress leaked [] nats: no keys found
=== RUN   TestGraphContinuationStoredMaintenanceAcrossDeliveries/protobuf-v1/corrupt
=== RUN   TestGraphContinuationStoredMaintenanceAcrossDeliveries/protobuf-v1/owner-loss-save
    continuation_storage_test.go:307: stored progress leaked [] nats: no keys found
=== RUN   TestGraphContinuationStoredMaintenanceAcrossDeliveries/protobuf-v1/cancel-save
    continuation_storage_test.go:307: stored progress leaked [] nats: no keys found
--- FAIL: TestGraphContinuationStoredMaintenanceAcrossDeliveries (10.49s)
    --- FAIL: TestGraphContinuationStoredMaintenanceAcrossDeliveries/json/normal (0.29s)
    --- FAIL: TestGraphContinuationStoredMaintenanceAcrossDeliveries/json/cut-stage (0.31s)
    --- FAIL: TestGraphContinuationStoredMaintenanceAcrossDeliveries/json/cut-verify (0.34s)
    --- FAIL: TestGraphContinuationStoredMaintenanceAcrossDeliveries/json/cut-nodes (0.36s)
    --- FAIL: TestGraphContinuationStoredMaintenanceAcrossDeliveries/json/cut-renew (0.35s)
    --- FAIL: TestGraphContinuationStoredMaintenanceAcrossDeliveries/json/create-drop (0.34s)
    --- FAIL: TestGraphContinuationStoredMaintenanceAcrossDeliveries/json/create-lost (0.31s)
    --- FAIL: TestGraphContinuationStoredMaintenanceAcrossDeliveries/json/update-drop (0.28s)
    --- FAIL: TestGraphContinuationStoredMaintenanceAcrossDeliveries/json/update-lost (0.33s)
    --- FAIL: TestGraphContinuationStoredMaintenanceAcrossDeliveries/json/delete-drop (0.32s)
    --- FAIL: TestGraphContinuationStoredMaintenanceAcrossDeliveries/json/delete-lost (0.33s)
    --- FAIL: TestGraphContinuationStoredMaintenanceAcrossDeliveries/json/read-lost (0.32s)
    --- FAIL: TestGraphContinuationStoredMaintenanceAcrossDeliveries/json/source-change (0.33s)
    --- FAIL: TestGraphContinuationStoredMaintenanceAcrossDeliveries/json/expired (0.28s)
    --- PASS: TestGraphContinuationStoredMaintenanceAcrossDeliveries/json/corrupt (0.19s)
    --- FAIL: TestGraphContinuationStoredMaintenanceAcrossDeliveries/json/owner-loss-save (0.30s)
    --- FAIL: TestGraphContinuationStoredMaintenanceAcrossDeliveries/json/cancel-save (0.31s)
    --- FAIL: TestGraphContinuationStoredMaintenanceAcrossDeliveries/protobuf-v1/normal (0.30s)
    --- FAIL: TestGraphContinuationStoredMaintenanceAcrossDeliveries/protobuf-v1/cut-stage (0.32s)
    --- FAIL: TestGraphContinuationStoredMaintenanceAcrossDeliveries/protobuf-v1/cut-verify (0.30s)
    --- FAIL: TestGraphContinuationStoredMaintenanceAcrossDeliveries/protobuf-v1/cut-nodes (0.34s)
    --- FAIL: TestGraphContinuationStoredMaintenanceAcrossDeliveries/protobuf-v1/cut-renew (0.43s)
    --- FAIL: TestGraphContinuationStoredMaintenanceAcrossDeliveries/protobuf-v1/create-drop (0.30s)
    --- FAIL: TestGraphContinuationStoredMaintenanceAcrossDeliveries/protobuf-v1/create-lost (0.33s)
    --- FAIL: TestGraphContinuationStoredMaintenanceAcrossDeliveries/protobuf-v1/update-drop (0.28s)
    --- FAIL: TestGraphContinuationStoredMaintenanceAcrossDeliveries/protobuf-v1/update-lost (0.29s)
    --- FAIL: TestGraphContinuationStoredMaintenanceAcrossDeliveries/protobuf-v1/delete-drop (0.30s)
    --- FAIL: TestGraphContinuationStoredMaintenanceAcrossDeliveries/protobuf-v1/delete-lost (0.32s)
    --- FAIL: TestGraphContinuationStoredMaintenanceAcrossDeliveries/protobuf-v1/read-lost (0.27s)
    --- FAIL: TestGraphContinuationStoredMaintenanceAcrossDeliveries/protobuf-v1/source-change (0.33s)
    --- FAIL: TestGraphContinuationStoredMaintenanceAcrossDeliveries/protobuf-v1/expired (0.31s)
    --- PASS: TestGraphContinuationStoredMaintenanceAcrossDeliveries/protobuf-v1/corrupt (0.17s)
    --- FAIL: TestGraphContinuationStoredMaintenanceAcrossDeliveries/protobuf-v1/owner-loss-save (0.31s)
    --- FAIL: TestGraphContinuationStoredMaintenanceAcrossDeliveries/protobuf-v1/cancel-save (0.29s)
FAIL
FAIL	js-wf/worker	10.505s
FAIL
