=== RUN   TestGraphContinuationStoredMaintenanceAcrossDeliveries
=== RUN   TestGraphContinuationStoredMaintenanceAcrossDeliveries/json/create-drop
    continuation_storage_test.go:243: mutation outcome hidden <nil>
=== RUN   TestGraphContinuationStoredMaintenanceAcrossDeliveries/json/create-lost
    continuation_storage_test.go:243: mutation outcome hidden journal compare-and-swap lost: compaction descriptor CAS: nats: key exists
=== RUN   TestGraphContinuationStoredMaintenanceAcrossDeliveries/json/update-drop
    continuation_storage_test.go:243: mutation outcome hidden journal compare-and-swap lost: compaction descriptor CAS: nats: key exists
=== RUN   TestGraphContinuationStoredMaintenanceAcrossDeliveries/json/update-lost
    continuation_storage_test.go:243: mutation outcome hidden journal compare-and-swap lost: compaction descriptor CAS: nats: key exists
=== RUN   TestGraphContinuationStoredMaintenanceAcrossDeliveries/protobuf-v1/create-drop
    continuation_storage_test.go:243: mutation outcome hidden <nil>
=== RUN   TestGraphContinuationStoredMaintenanceAcrossDeliveries/protobuf-v1/create-lost
    continuation_storage_test.go:243: mutation outcome hidden journal compare-and-swap lost: compaction descriptor CAS: nats: key exists
=== RUN   TestGraphContinuationStoredMaintenanceAcrossDeliveries/protobuf-v1/update-drop
    continuation_storage_test.go:243: mutation outcome hidden journal compare-and-swap lost: compaction descriptor CAS: nats: key exists
=== RUN   TestGraphContinuationStoredMaintenanceAcrossDeliveries/protobuf-v1/update-lost
    continuation_storage_test.go:243: mutation outcome hidden journal compare-and-swap lost: compaction descriptor CAS: nats: key exists
--- FAIL: TestGraphContinuationStoredMaintenanceAcrossDeliveries (1.50s)
    --- FAIL: TestGraphContinuationStoredMaintenanceAcrossDeliveries/json/create-drop (0.24s)
    --- FAIL: TestGraphContinuationStoredMaintenanceAcrossDeliveries/json/create-lost (0.18s)
    --- FAIL: TestGraphContinuationStoredMaintenanceAcrossDeliveries/json/update-drop (0.19s)
    --- FAIL: TestGraphContinuationStoredMaintenanceAcrossDeliveries/json/update-lost (0.16s)
    --- FAIL: TestGraphContinuationStoredMaintenanceAcrossDeliveries/protobuf-v1/create-drop (0.24s)
    --- FAIL: TestGraphContinuationStoredMaintenanceAcrossDeliveries/protobuf-v1/create-lost (0.18s)
    --- FAIL: TestGraphContinuationStoredMaintenanceAcrossDeliveries/protobuf-v1/update-drop (0.15s)
    --- FAIL: TestGraphContinuationStoredMaintenanceAcrossDeliveries/protobuf-v1/update-lost (0.15s)
FAIL
FAIL	js-wf/worker	1.525s
FAIL
