=== RUN   TestNativeGraphContinuationSelectionPriority
=== RUN   TestNativeGraphContinuationSelectionPriority/R1/archive=false
    graph_continuation_sdk_test.go:242: SDK_DIAGNOSTIC_STORE test=TestNativeGraphContinuationSelectionPriority/R1/archive=false root=/home/exedev/js-wf-native-selection-priority-20261011/native-3156419542
    graph_continuation_sdk_test.go:644: SDK_PHASE name=execute_begin_next elapsed=781.331762ms remaining=29.218667947s sdk_requests=410
    graph_continuation_sdk_test.go:646: SDK_PHASE name=execute_end_next elapsed=3.336078711s remaining=26.663920878s sdk_requests=1649
    graph_continuation_sdk_test.go:837: SDK_PHASE name=boundary_scan_end_next elapsed=3.382132508s remaining=26.617866911s sdk_requests=1670
    graph_continuation_sdk_test.go:644: SDK_PHASE name=execute_begin_finish elapsed=4.238325345s remaining=25.761674014s sdk_requests=2011
    graph_continuation_sdk_test.go:489: SDK_SELECTION_PRIORITY stage=next signal_over_timer=true timer_case=1 ready_timer_loser_reused=true
    graph_continuation_sdk_test.go:646: SDK_PHASE name=execute_end_finish elapsed=9.963003458s remaining=20.036995891s sdk_requests=4771
    graph_continuation_sdk_test.go:837: SDK_PHASE name=boundary_scan_end_finish elapsed=10.01052841s remaining=19.989471069s sdk_requests=4791
    graph_continuation_sdk_test.go:533: SDK_SELECTION_PRIORITY stage=finish signal_case=1 duplicate_ready_case=2
    graph_continuation_sdk_test.go:1233: RAW_SDK_CHECKPOINT_AUDIT journals=1 entries=34 terminals=1 pending=0 retired_projection_only=0
    graph_continuation_sdk_test.go:1234: RAW_SDK_CHECKPOINT_HISTORY checkpoints=2
    graph_continuation_sdk_test.go:1236: SDK initial/next/finish=map[finish:1 initial:1 next:1] effects=2 records=34 result=43
    graph_continuation_sdk_test.go:1240: SDK_PHASE name=finished elapsed=14.296707979s remaining=15.70329154s sdk_requests=8475
=== RUN   TestNativeGraphContinuationSelectionPriority/R1/archive=true
    graph_continuation_sdk_test.go:242: SDK_DIAGNOSTIC_STORE test=TestNativeGraphContinuationSelectionPriority/R1/archive=true root=/home/exedev/js-wf-native-selection-priority-20261011/native-588275211
    graph_continuation_sdk_test.go:644: SDK_PHASE name=execute_begin_next elapsed=647.745801ms remaining=59.352253819s sdk_requests=410
    graph_continuation_sdk_test.go:646: SDK_PHASE name=execute_end_next elapsed=4.428950265s remaining=55.571049454s sdk_requests=2696
    graph_continuation_sdk_test.go:764: SDK_PHASE name=parent_sweep_end_next elapsed=6.087501211s remaining=53.912498319s sdk_requests=3786
    graph_continuation_sdk_test.go:820: ARCHIVE_COLLECTION stage=next original_entry_receipts_removed=10 live_records=3 logical_records=9
    graph_continuation_sdk_test.go:824: SDK_PHASE name=parent_audit_end_next elapsed=6.496776933s remaining=53.503222556s sdk_requests=3983
    graph_continuation_sdk_test.go:837: SDK_PHASE name=boundary_scan_end_next elapsed=6.529219689s remaining=53.470779851s sdk_requests=4001
    graph_continuation_sdk_test.go:644: SDK_PHASE name=execute_begin_finish elapsed=7.315699753s remaining=52.684299757s sdk_requests=4342
    graph_continuation_sdk_test.go:489: SDK_SELECTION_PRIORITY stage=next signal_over_timer=true timer_case=1 ready_timer_loser_reused=true
    graph_continuation_sdk_test.go:646: SDK_PHASE name=execute_end_finish elapsed=16.871442425s remaining=43.12855377s sdk_requests=9724
    graph_continuation_sdk_test.go:764: SDK_PHASE name=parent_sweep_end_finish elapsed=21.980151069s remaining=38.01984848s sdk_requests=13164
    graph_continuation_sdk_test.go:820: ARCHIVE_COLLECTION stage=finish original_entry_receipts_removed=24 live_records=3 logical_records=29
    graph_continuation_sdk_test.go:824: SDK_PHASE name=parent_audit_end_finish elapsed=22.896148958s remaining=37.103850581s sdk_requests=13626
    graph_continuation_sdk_test.go:837: SDK_PHASE name=boundary_scan_end_finish elapsed=22.930204114s remaining=37.069795435s sdk_requests=13643
    graph_continuation_sdk_test.go:533: SDK_SELECTION_PRIORITY stage=finish signal_case=1 duplicate_ready_case=2
    graph_continuation_sdk_test.go:1233: RAW_SDK_CHECKPOINT_AUDIT journals=1 entries=34 terminals=1 pending=0 retired_projection_only=0
    graph_continuation_sdk_test.go:1234: RAW_SDK_CHECKPOINT_HISTORY checkpoints=2
    graph_continuation_sdk_test.go:1236: SDK initial/next/finish=map[finish:1 initial:1 next:1] effects=2 records=34 result=43
    graph_continuation_sdk_test.go:1240: SDK_PHASE name=finished elapsed=27.349652964s remaining=32.650346595s sdk_requests=16722
=== RUN   TestNativeGraphContinuationSelectionPriority/R3Domain/archive=false
    graph_continuation_sdk_test.go:242: SDK_DIAGNOSTIC_STORE test=TestNativeGraphContinuationSelectionPriority/R3Domain/archive=false root=/home/exedev/js-wf-native-selection-priority-20261011/native-4091180942
    graph_continuation_sdk_test.go:644: SDK_PHASE name=execute_begin_next elapsed=2.49034599s remaining=27.5096537s sdk_requests=410
    graph_continuation_sdk_test.go:646: SDK_PHASE name=execute_end_next elapsed=5.745545195s remaining=24.254454524s sdk_requests=1658
    graph_continuation_sdk_test.go:837: SDK_PHASE name=boundary_scan_end_next elapsed=5.829075747s remaining=24.170923873s sdk_requests=1679
    graph_continuation_sdk_test.go:644: SDK_PHASE name=execute_begin_finish elapsed=6.859591961s remaining=23.140407489s sdk_requests=2020
    graph_continuation_sdk_test.go:489: SDK_SELECTION_PRIORITY stage=next signal_over_timer=true timer_case=1 ready_timer_loser_reused=true
    graph_continuation_sdk_test.go:646: SDK_PHASE name=execute_end_finish elapsed=13.959046532s remaining=16.040953007s sdk_requests=4780
    graph_continuation_sdk_test.go:837: SDK_PHASE name=boundary_scan_end_finish elapsed=14.013584473s remaining=15.986415186s sdk_requests=4800
    graph_continuation_sdk_test.go:533: SDK_SELECTION_PRIORITY stage=finish signal_case=1 duplicate_ready_case=2
    graph_continuation_sdk_test.go:1233: RAW_SDK_CHECKPOINT_AUDIT journals=1 entries=34 terminals=1 pending=0 retired_projection_only=0
    graph_continuation_sdk_test.go:1234: RAW_SDK_CHECKPOINT_HISTORY checkpoints=2
    graph_continuation_sdk_test.go:1236: SDK initial/next/finish=map[finish:1 initial:1 next:1] effects=2 records=34 result=43
    graph_continuation_sdk_test.go:1240: SDK_PHASE name=finished elapsed=20.489470814s remaining=9.510528635s sdk_requests=8396
=== RUN   TestNativeGraphContinuationSelectionPriority/R3Domain/archive=true
    graph_continuation_sdk_test.go:242: SDK_DIAGNOSTIC_STORE test=TestNativeGraphContinuationSelectionPriority/R3Domain/archive=true root=/home/exedev/js-wf-native-selection-priority-20261011/native-3345656802
    graph_continuation_sdk_test.go:644: SDK_PHASE name=execute_begin_next elapsed=2.862928776s remaining=57.137070933s sdk_requests=410
    graph_continuation_sdk_test.go:646: SDK_PHASE name=execute_end_next elapsed=8.786915785s remaining=51.213083834s sdk_requests=2696
    graph_continuation_sdk_test.go:764: SDK_PHASE name=parent_sweep_end_next elapsed=11.337997874s remaining=48.662001655s sdk_requests=3786
    graph_continuation_sdk_test.go:820: ARCHIVE_COLLECTION stage=next original_entry_receipts_removed=10 live_records=3 logical_records=9
    graph_continuation_sdk_test.go:824: SDK_PHASE name=parent_audit_end_next elapsed=11.871646758s remaining=48.128352811s sdk_requests=3983
    graph_continuation_sdk_test.go:837: SDK_PHASE name=boundary_scan_end_next elapsed=11.924209596s remaining=48.075789863s sdk_requests=4001
    graph_continuation_sdk_test.go:644: SDK_PHASE name=execute_begin_finish elapsed=13.045430151s remaining=46.954569469s sdk_requests=4342
    graph_continuation_sdk_test.go:489: SDK_SELECTION_PRIORITY stage=next signal_over_timer=true timer_case=1 ready_timer_loser_reused=true
    graph_continuation_sdk_test.go:646: SDK_PHASE name=execute_end_finish elapsed=27.138376947s remaining=32.861622742s sdk_requests=9730
    graph_continuation_sdk_test.go:764: SDK_PHASE name=parent_sweep_end_finish elapsed=35.383491079s remaining=24.616508571s sdk_requests=13170
    graph_continuation_sdk_test.go:820: ARCHIVE_COLLECTION stage=finish original_entry_receipts_removed=24 live_records=3 logical_records=29
    graph_continuation_sdk_test.go:824: SDK_PHASE name=parent_audit_end_finish elapsed=36.664571951s remaining=23.335427598s sdk_requests=13632
    graph_continuation_sdk_test.go:837: SDK_PHASE name=boundary_scan_end_finish elapsed=36.742426692s remaining=23.257572637s sdk_requests=13649
    graph_continuation_sdk_test.go:533: SDK_SELECTION_PRIORITY stage=finish signal_case=1 duplicate_ready_case=2
    graph_continuation_sdk_test.go:1233: RAW_SDK_CHECKPOINT_AUDIT journals=1 entries=34 terminals=1 pending=0 retired_projection_only=0
    graph_continuation_sdk_test.go:1234: RAW_SDK_CHECKPOINT_HISTORY checkpoints=2
    graph_continuation_sdk_test.go:1236: SDK initial/next/finish=map[finish:1 initial:1 next:1] effects=2 records=34 result=43
    graph_continuation_sdk_test.go:1240: SDK_PHASE name=finished elapsed=43.489668079s remaining=16.5103314s sdk_requests=16666
--- PASS: TestNativeGraphContinuationSelectionPriority (106.30s)
    --- PASS: TestNativeGraphContinuationSelectionPriority/R1/archive=false (14.35s)
    --- PASS: TestNativeGraphContinuationSelectionPriority/R1/archive=true (27.38s)
    --- PASS: TestNativeGraphContinuationSelectionPriority/R3Domain/archive=false (20.80s)
    --- PASS: TestNativeGraphContinuationSelectionPriority/R3Domain/archive=true (43.78s)
PASS
ok  	js-wf/worker	107.358s
