=== RUN   TestPartitionCancellationDuringStalledBatch
=== RUN   TestPartitionCancellationDuringStalledBatch/1
=== RUN   TestPartitionCancellationDuringStalledBatch/4
--- PASS: TestPartitionCancellationDuringStalledBatch (0.00s)
    --- PASS: TestPartitionCancellationDuringStalledBatch/1 (0.00s)
    --- PASS: TestPartitionCancellationDuringStalledBatch/4 (0.00s)
=== RUN   TestDispatchFetchContextBoundsInformationalReplies
=== RUN   TestDispatchFetchContextBoundsInformationalReplies/deadline
    dispatch_fetch_context_test.go:130: mode=deadline elapsed=1.000610272s informational_replies=50 inbox_released=true
=== RUN   TestDispatchFetchContextBoundsInformationalReplies/cancel
    dispatch_fetch_context_test.go:130: mode=cancel elapsed=499.89µs informational_replies=0 inbox_released=true
--- PASS: TestDispatchFetchContextBoundsInformationalReplies (1.07s)
    --- PASS: TestDispatchFetchContextBoundsInformationalReplies/deadline (1.04s)
    --- PASS: TestDispatchFetchContextBoundsInformationalReplies/cancel (0.03s)
=== RUN   TestDispatchFetchRejectsCanceledContextBeforeConsumer
--- PASS: TestDispatchFetchRejectsCanceledContextBeforeConsumer (0.00s)
=== RUN   TestDispatchFetchContextPreservesNativeDelivery
--- PASS: TestDispatchFetchContextPreservesNativeDelivery (0.05s)
PASS
ok  	js-wf/worker	2.138s
