=== RUN   TestPartitionCancellationDuringStalledBatch
=== RUN   TestPartitionCancellationDuringStalledBatch/1
=== RUN   TestPartitionCancellationDuringStalledBatch/4
--- PASS: TestPartitionCancellationDuringStalledBatch (0.00s)
    --- PASS: TestPartitionCancellationDuringStalledBatch/1 (0.00s)
    --- PASS: TestPartitionCancellationDuringStalledBatch/4 (0.00s)
=== RUN   TestDispatchFetchContextBoundsInformationalReplies
=== RUN   TestDispatchFetchContextBoundsInformationalReplies/deadline
    dispatch_fetch_context_test.go:150: mode=deadline elapsed=1.002168157s informational_replies=50 inbox_released=true
=== RUN   TestDispatchFetchContextBoundsInformationalReplies/cancel
    dispatch_fetch_context_test.go:150: mode=cancel elapsed=342.871µs informational_replies=0 inbox_released=true
=== RUN   TestDispatchFetchContextBoundsInformationalReplies/message
nats: permissions violation: Permissions Violation for Publish with Reply of "$JS.ACK.RUN.DISPATCH.1.1.1.1.0" on connection [5]
    dispatch_fetch_context_test.go:105: normal delivery lost
--- FAIL: TestDispatchFetchContextBoundsInformationalReplies (2.10s)
    --- PASS: TestDispatchFetchContextBoundsInformationalReplies/deadline (1.04s)
    --- PASS: TestDispatchFetchContextBoundsInformationalReplies/cancel (0.03s)
    --- FAIL: TestDispatchFetchContextBoundsInformationalReplies/message (1.03s)
=== RUN   TestDispatchFetchRejectsCanceledContextBeforeConsumer
--- PASS: TestDispatchFetchRejectsCanceledContextBeforeConsumer (0.00s)
FAIL
FAIL	js-wf/worker	2.119s
FAIL
