{
  "accepted": true,
  "source": "04f542bcf8ec9099feb07e509db97361c504a633",
  "git_verified_inputs": 3336,
  "full_sdk_race_top_tests": 64,
  "format_controls": 14,
  "metadata_controls": 62,
  "selected_child_controls": 10,
  "cli_format_preplugin_controls": 3,
  "native_export_cases": 6,
  "worker_export_controls": 8,
  "normal_saved_traces": 841,
  "cli_provenance_controls": 20,
  "legacy_plugin_pass": true,
  "required_negative_failures": 2,
  "offline_cli_invocations": 205,
  "healthy_native_replays_each_format": 48,
  "missing_objects_each_format": 28,
  "missing_stages_each_format": 20,
  "declared_graph_mutation_rejections": 6,
  "unversioned_compatibility_controls": 6,
  "original_supervisor_exit": 1,
  "original_runner_accepted": false,
  "correction_supervisor_exit": 0,
  "supervisor_exits_proven": true,
  "original_failed_variant_preserved": true,
  "producer_source": "ccc8f190311608e5d768041a05e30770bf2295f4",
  "reviewed": "2026-10-10T11:17:14.146054+00:00",
  "scope": "Combined source-identical command evidence after handler-selector correction, with original runner exit1 retained. Declared graph-v1 export/replay contract, worker/CLI export controls and retained native bundles. Removing the declaration itself changes the requested compatibility contract; external authenticity, full import/fault/retention/admission/latest seeded/extended and broader original gates remain open.",
  "events_sha256": {
    "wf-events.jsonl": "3ae64e6b2c5ffd0cca4be4c80feab01a31efb2fc084f8438af3e97d2bcfe0529",
    "sim-events.jsonl": "3684bc1a67d5d3da717bbfaeadb7d57f1ab49b2cea8b618ae06078be6a66b23a",
    "cmd-wf-events.jsonl": "6776e9ffe871692e4d9db9049ce26e1b2c10bc894a399c9c4cc12d97c00e1eea",
    "worker-events.jsonl": "0e37a2717e274273e20139ab05415dd53740faa10f81ccffff94134a4b0fb359"
  }
}
