=== RUN   TestGraphCheckpointArchiveLogicalHistoryAndCollection
=== RUN   TestGraphCheckpointArchiveLogicalHistoryAndCollection/1
=== RUN   TestGraphCheckpointArchiveLogicalHistoryAndCollection/2
=== RUN   TestGraphCheckpointArchiveLogicalHistoryAndCollection/3
=== RUN   TestGraphCheckpointArchiveLogicalHistoryAndCollection/4
=== RUN   TestGraphCheckpointArchiveLogicalHistoryAndCollection/5
=== RUN   TestGraphCheckpointArchiveLogicalHistoryAndCollection/6
=== RUN   TestGraphCheckpointArchiveLogicalHistoryAndCollection/7
=== RUN   TestGraphCheckpointArchiveLogicalHistoryAndCollection/8
=== RUN   TestGraphCheckpointArchiveLogicalHistoryAndCollection/9
=== RUN   TestGraphCheckpointArchiveLogicalHistoryAndCollection/10
=== RUN   TestGraphCheckpointArchiveLogicalHistoryAndCollection/11
=== RUN   TestGraphCheckpointArchiveLogicalHistoryAndCollection/12
=== RUN   TestGraphCheckpointArchiveLogicalHistoryAndCollection/13
=== RUN   TestGraphCheckpointArchiveLogicalHistoryAndCollection/14
=== RUN   TestGraphCheckpointArchiveLogicalHistoryAndCollection/15
=== RUN   TestGraphCheckpointArchiveLogicalHistoryAndCollection/16
--- PASS: TestGraphCheckpointArchiveLogicalHistoryAndCollection (21.87s)
    --- PASS: TestGraphCheckpointArchiveLogicalHistoryAndCollection/1 (0.81s)
    --- PASS: TestGraphCheckpointArchiveLogicalHistoryAndCollection/2 (1.18s)
    --- PASS: TestGraphCheckpointArchiveLogicalHistoryAndCollection/3 (1.51s)
    --- PASS: TestGraphCheckpointArchiveLogicalHistoryAndCollection/4 (1.18s)
    --- PASS: TestGraphCheckpointArchiveLogicalHistoryAndCollection/5 (0.91s)
    --- PASS: TestGraphCheckpointArchiveLogicalHistoryAndCollection/6 (0.93s)
    --- PASS: TestGraphCheckpointArchiveLogicalHistoryAndCollection/7 (1.08s)
    --- PASS: TestGraphCheckpointArchiveLogicalHistoryAndCollection/8 (1.09s)
    --- PASS: TestGraphCheckpointArchiveLogicalHistoryAndCollection/9 (1.19s)
    --- PASS: TestGraphCheckpointArchiveLogicalHistoryAndCollection/10 (1.27s)
    --- PASS: TestGraphCheckpointArchiveLogicalHistoryAndCollection/11 (1.39s)
    --- PASS: TestGraphCheckpointArchiveLogicalHistoryAndCollection/12 (1.77s)
    --- PASS: TestGraphCheckpointArchiveLogicalHistoryAndCollection/13 (1.97s)
    --- PASS: TestGraphCheckpointArchiveLogicalHistoryAndCollection/14 (1.78s)
    --- PASS: TestGraphCheckpointArchiveLogicalHistoryAndCollection/15 (1.87s)
    --- PASS: TestGraphCheckpointArchiveLogicalHistoryAndCollection/16 (1.94s)
=== RUN   TestGraphCheckpointArchiveConfiguration
--- PASS: TestGraphCheckpointArchiveConfiguration (0.00s)
PASS
ok  	js-wf/journal	22.898s
