=== RUN   TestGraphCheckpointArchiveLogicalHistoryAndCollection
=== RUN   TestGraphCheckpointArchiveLogicalHistoryAndCollection/1
=== RUN   TestGraphCheckpointArchiveLogicalHistoryAndCollection/2
=== RUN   TestGraphCheckpointArchiveLogicalHistoryAndCollection/3
=== RUN   TestGraphCheckpointArchiveLogicalHistoryAndCollection/4
=== RUN   TestGraphCheckpointArchiveLogicalHistoryAndCollection/5
=== RUN   TestGraphCheckpointArchiveLogicalHistoryAndCollection/6
=== RUN   TestGraphCheckpointArchiveLogicalHistoryAndCollection/7
=== RUN   TestGraphCheckpointArchiveLogicalHistoryAndCollection/8
=== RUN   TestGraphCheckpointArchiveLogicalHistoryAndCollection/9
=== RUN   TestGraphCheckpointArchiveLogicalHistoryAndCollection/10
=== RUN   TestGraphCheckpointArchiveLogicalHistoryAndCollection/11
=== RUN   TestGraphCheckpointArchiveLogicalHistoryAndCollection/12
=== RUN   TestGraphCheckpointArchiveLogicalHistoryAndCollection/13
=== RUN   TestGraphCheckpointArchiveLogicalHistoryAndCollection/14
=== RUN   TestGraphCheckpointArchiveLogicalHistoryAndCollection/15
=== RUN   TestGraphCheckpointArchiveLogicalHistoryAndCollection/16
--- PASS: TestGraphCheckpointArchiveLogicalHistoryAndCollection (1.44s)
    --- PASS: TestGraphCheckpointArchiveLogicalHistoryAndCollection/1 (0.03s)
    --- PASS: TestGraphCheckpointArchiveLogicalHistoryAndCollection/2 (0.04s)
    --- PASS: TestGraphCheckpointArchiveLogicalHistoryAndCollection/3 (0.04s)
    --- PASS: TestGraphCheckpointArchiveLogicalHistoryAndCollection/4 (0.05s)
    --- PASS: TestGraphCheckpointArchiveLogicalHistoryAndCollection/5 (0.07s)
    --- PASS: TestGraphCheckpointArchiveLogicalHistoryAndCollection/6 (0.06s)
    --- PASS: TestGraphCheckpointArchiveLogicalHistoryAndCollection/7 (0.08s)
    --- PASS: TestGraphCheckpointArchiveLogicalHistoryAndCollection/8 (0.07s)
    --- PASS: TestGraphCheckpointArchiveLogicalHistoryAndCollection/9 (0.09s)
    --- PASS: TestGraphCheckpointArchiveLogicalHistoryAndCollection/10 (0.10s)
    --- PASS: TestGraphCheckpointArchiveLogicalHistoryAndCollection/11 (0.11s)
    --- PASS: TestGraphCheckpointArchiveLogicalHistoryAndCollection/12 (0.11s)
    --- PASS: TestGraphCheckpointArchiveLogicalHistoryAndCollection/13 (0.12s)
    --- PASS: TestGraphCheckpointArchiveLogicalHistoryAndCollection/14 (0.14s)
    --- PASS: TestGraphCheckpointArchiveLogicalHistoryAndCollection/15 (0.17s)
    --- PASS: TestGraphCheckpointArchiveLogicalHistoryAndCollection/16 (0.17s)
=== RUN   TestGraphCheckpointArchiveConfiguration
--- PASS: TestGraphCheckpointArchiveConfiguration (0.00s)
PASS
ok  	js-wf/journal	1.448s
