CLOSED js-wf-fanout-drained-copied-audit-create-last-20261005-v2
CAPTURED js-wf-fanout-drained-copied-audit-create-last-20261005-v2 25259280
CLOSED js-wf-sustained-smoke-ci-37018302340
CAPTURED js-wf-sustained-smoke-ci-37018302340 1637150
CLOSED js-wf-nats-legacy-2.11.17-retained-20261005
CAPTURED js-wf-nats-legacy-2.11.17-retained-20261005 13361927
CLOSED js-wf-r5-pause-qualified-37105975815
CAPTURED js-wf-r5-pause-qualified-37105975815 2185699
CLOSED js-wf-tier2-current-cluster73-84-37149506857
CAPTURED js-wf-tier2-current-cluster73-84-37149506857 48618890
CLOSED js-wf-fanout-success-copied-audit-create-last-20261005-v2
CAPTURED js-wf-fanout-success-copied-audit-create-last-20261005-v2 25258738
CLOSED js-wf-journal-streaming-explicit-routes-normal-2g-24h-20261004
CAPTURED js-wf-journal-streaming-explicit-routes-normal-2g-24h-20261004 18296350
CLOSED js-wf-nats211
CAPTURED js-wf-nats211 13361901
CLOSED js-wf-tier3-block-delay131-143-37164231641
CAPTURED js-wf-tier3-block-delay131-143-37164231641 43052239
CLOSED js-wf-tier2-journal86-corrected-37125258042
CAPTURED js-wf-tier2-journal86-corrected-37125258042 5011211
CLOSED js-wf-r5-start-gap-smoke-37127056728
CAPTURED js-wf-r5-start-gap-smoke-37127056728 31593047
CLOSED js-wf-bulk-latency-acquisition-native-20261006-snapshot-json
CAPTURED js-wf-bulk-latency-acquisition-native-20261006-snapshot-json 3216204
CLOSED js-wf-domain-restart-original-target-race-20261005
CAPTURED js-wf-domain-restart-original-target-race-20261005 1653035
CLOSED js-wf-tombstone-partial-cursor-full1k-20261003
CAPTURED js-wf-tombstone-partial-cursor-full1k-20261003 13261778
CLOSED js-wf-chunked-r1-full400k-clean-fixture-20261006
CAPTURED js-wf-chunked-r1-full400k-clean-fixture-20261006 30109159
CLOSED js-wf-isolation-sockets-ci
CAPTURED js-wf-isolation-sockets-ci 2162055
CLOSED js-wf-bulk-consumer-ten-minute-joined-watch-20261006
CAPTURED js-wf-bulk-consumer-ten-minute-joined-watch-20261006 14184240
CLOSED js-wf-tier3-block-stall1-13-37164231641
CAPTURED js-wf-tier3-block-stall1-13-37164231641 9353245
CLOSED js-wf-retirement-before-manifest-sigkill-race-20261005
CAPTURED js-wf-retirement-before-manifest-sigkill-race-20261005 15853412
CLOSED js-wf-fanout-local-physical-copy-create-first-20261006
CAPTURED js-wf-fanout-local-physical-copy-create-first-20261006 25327839
CLOSED js-wf-r5-start-gap-sigkill-tenm-37132399483
CAPTURED js-wf-r5-start-gap-sigkill-tenm-37132399483 40373433
CLOSED js-wf-protobuf-tools-20261002
CAPTURED js-wf-protobuf-tools-20261002 6481990
CLOSED js-wf-state-admission-cohort-20261006
CAPTURED js-wf-state-admission-cohort-20261006 30360872
CLOSED js-wf-ahead200-additional-failures-37014965084
CAPTURED js-wf-ahead200-additional-failures-37014965084 1113395
CLOSED js-wf-tier2-current-consumer25-36-37149506857
CAPTURED js-wf-tier2-current-consumer25-36-37149506857 8925456
CLOSED js-wf-continuation-domain-race-20261005
CAPTURED js-wf-continuation-domain-race-20261005 1664539
CLOSED js-wf-chunked-r1-full400k-assignment-names-20261006
CAPTURED js-wf-chunked-r1-full400k-assignment-names-20261006 30050029
CLOSED js-wf-mixed-6a91ebf
CAPTURED js-wf-mixed-6a91ebf 1119922
CLOSED js-wf-current-race-37172701931
CAPTURED js-wf-current-race-37172701931 16362970
CLOSED js-wf-fanout-copied-diagnosis-first-20261005
CAPTURED js-wf-fanout-copied-diagnosis-first-20261005 25042087
CLOSED js-wf-graceful-upgrade-development-20261003
CAPTURED js-wf-graceful-upgrade-development-20261003 27655341
CLOSED js-wf-tombstone-marker-full1k-20261003
CAPTURED js-wf-tombstone-marker-full1k-20261003 13272161
CLOSED js-wf-tier2-journal39-corrected-37125258436
CAPTURED js-wf-tier2-journal39-corrected-37125258436 5236432
CLOSED js-wf-majority-ci-36917337770
CAPTURED js-wf-majority-ci-36917337770 1073054
CLOSED js-wf-suspended-partial-cursor-full1k-20261003
CAPTURED js-wf-suspended-partial-cursor-full1k-20261003 13198952
CLOSED js-wf-tier2-consumer116-corrected-37125258117
CAPTURED js-wf-tier2-consumer116-corrected-37125258117 4883714
CLOSED js-wf-behind-scan-capacity-36967016515
CAPTURED js-wf-behind-scan-capacity-36967016515 1892158
CLOSED js-wf-tier3-block-delay66-78-37164231641
CAPTURED js-wf-tier3-block-delay66-78-37164231641 43083392
CLOSED js-wf-chunked-r1-legacy-controls-20261006
CAPTURED js-wf-chunked-r1-legacy-controls-20261006 29208402
CLOSED js-wf-callback-audit-legacy-controls-20261005
CAPTURED js-wf-callback-audit-legacy-controls-20261005 29219402
CLOSED js-wf-full-tier3-upgrade-review-fix-20261003
CAPTURED js-wf-full-tier3-upgrade-review-fix-20261003 2749377
CLOSED js-wf-tier2-current-consumer181-192-37149506857
CAPTURED js-wf-tier2-current-consumer181-192-37149506857 52085312
CLOSED js-wf-domain-restart-read-retry-race-20261005
CAPTURED js-wf-domain-restart-read-retry-race-20261005 1643512
CLOSED js-wf-chunked-r1-current-oracles-20261006
CAPTURED js-wf-chunked-r1-current-oracles-20261006 1810646
CLOSED js-wf-review-36949600724
CAPTURED js-wf-review-36949600724 1575901
CLOSED js-wf-nats-scheduler-server-candidate-20261004
CAPTURED js-wf-nats-scheduler-server-candidate-20261004 4098711
CLOSED js-wf-chunked-r1-full400k-cold-profile-20261006
CAPTURED js-wf-chunked-r1-full400k-cold-profile-20261006 30047470
CLOSED js-wf-clock-profile-36972576844
CAPTURED js-wf-clock-profile-36972576844 2026433
CLOSED js-wf-scheduler-complete-originals-20261003
CAPTURED js-wf-scheduler-complete-originals-20261003 8471077
CLOSED js-wf-callback-400k-four-core-copied-comparison-20261005
CAPTURED js-wf-callback-400k-four-core-copied-comparison-20261005 29951128
CLOSED js-wf-bulk-state-cut-diagnostic-watch-20261006
CAPTURED js-wf-bulk-state-cut-diagnostic-watch-20261006 14167958
CLOSED js-wf-tier3-block-stall79-91-37164231641
CAPTURED js-wf-tier3-block-stall79-91-37164231641 9348798
CLOSED js-wf-tier3-block-stall170-182-37164231641
CAPTURED js-wf-tier3-block-stall170-182-37164231641 9357133
CLOSED js-wf-tier2-consumer90-corrected-37125258423
CAPTURED js-wf-tier2-consumer90-corrected-37125258423 5003430
CLOSED js-wf-tier2-current-consumer193-200-37149506857
CAPTURED js-wf-tier2-current-consumer193-200-37149506857 37100140
CLOSED js-wf-tier3-36902745848-artifacts
CAPTURED js-wf-tier3-36902745848-artifacts 1429946
CLOSED js-wf-continuation-retirement-process-20261004
CAPTURED js-wf-continuation-retirement-process-20261004 28494432
CLOSED js-wf-tier1-117-100k-37012116265
CAPTURED js-wf-tier1-117-100k-37012116265 2459299
CLOSED js-wf-tier3-consumer-smoke
CAPTURED js-wf-tier3-consumer-smoke 14170551
CLOSED js-wf-buffered-callback-delivery-cost-native-20261005
CAPTURED js-wf-buffered-callback-delivery-cost-native-20261005 7459706
CLOSED js-wf-isolation37-artifacts
CAPTURED js-wf-isolation37-artifacts 2932541
CLOSED js-wf-single-replica-400k-phase-profile-20261005
CAPTURED js-wf-single-replica-400k-phase-profile-20261005 30039470
CLOSED js-wf-tier2-current-cluster133-144-37149506857
CAPTURED js-wf-tier2-current-cluster133-144-37149506857 48610789
CLOSED js-wf-tier3-block-delay79-91-37164231641
CAPTURED js-wf-tier3-block-delay79-91-37164231641 44004242
CLOSED js-wf-fanout-success-copied-audit-create-first-20261005-v2
CAPTURED js-wf-fanout-success-copied-audit-create-first-20261005-v2 25258933
CLOSED js-wf-nats-old-static
CAPTURED js-wf-nats-old-static 13325071
CLOSED js-wf-tier3-block-stall92-104-37164231641
CAPTURED js-wf-tier3-block-stall92-104-37164231641 9353016
CLOSED js-wf-tier2-current-consumer145-156-37149506857
CAPTURED js-wf-tier2-current-consumer145-156-37149506857 52189128
CLOSED js-wf-audit-delivery-cost-native-20261005
CAPTURED js-wf-audit-delivery-cost-native-20261005 7447599
CLOSED js-wf-tier2-consumer139-corrected-37125258217
CAPTURED js-wf-tier2-consumer139-corrected-37125258217 5072926
CLOSED js-wf-journal-seed28-d1231dd
CAPTURED js-wf-journal-seed28-d1231dd 4781914
CLOSED js-wf-tier3-block-delay53-65-37164231641
CAPTURED js-wf-tier3-block-delay53-65-37164231641 43070658
CLOSED js-wf-fanout-success-copied-audit-create-interior-20261005-v2
CAPTURED js-wf-fanout-success-copied-audit-create-interior-20261005-v2 25260168
CLOSED js-wf-shared-latency-reducer-native-20261006
CAPTURED js-wf-shared-latency-reducer-native-20261006 2858807
CLOSED js-wf-tier3-block-delay40-52-37164231641
CAPTURED js-wf-tier3-block-delay40-52-37164231641 43890984
CLOSED js-wf-consumer14-ci
CAPTURED js-wf-consumer14-ci 1101960
CLOSED js-wf-quorum-ci-36913601073
CAPTURED js-wf-quorum-ci-36913601073 1158204
CLOSED js-wf-fanout-drained-copied-audit-create-interior-20261005-v2
CAPTURED js-wf-fanout-drained-copied-audit-create-interior-20261005-v2 25260127
CLOSED js-wf-tier3-block-stall144-156-37164231641
CAPTURED js-wf-tier3-block-stall144-156-37164231641 9355842
CLOSED js-wf-review-36950054475
CAPTURED js-wf-review-36950054475 1583983
CLOSED js-wf-ahead200-failures-37014965084
CAPTURED js-wf-ahead200-failures-37014965084 1595162
CLOSED js-wf-retirement-worker-sigkill-race-20261005
CAPTURED js-wf-retirement-worker-sigkill-race-20261005 15875905
CLOSED js-wf-compact-metadata-legacy-controls-20261005
CAPTURED js-wf-compact-metadata-legacy-controls-20261005 29158938
CLOSED js-wf-upstream-scheduler-rc1-20261006
CAPTURED js-wf-upstream-scheduler-rc1-20261006 8551386
CLOSED js-wf-audit-iterator-controls-production-window-20261005
CAPTURED js-wf-audit-iterator-controls-production-window-20261005 1691549
CLOSED js-wf-mixed-seed65-a1995cc-artifacts
CAPTURED js-wf-mixed-seed65-a1995cc-artifacts 4304466
CLOSED js-wf-timer-durable-smoke-20261001
CAPTURED js-wf-timer-durable-smoke-20261001 16123266
CLOSED js-wf-tier2-current-cluster61-72-37149506857
CAPTURED js-wf-tier2-current-cluster61-72-37149506857 48477876
CLOSED js-wf-cached-latency-native-20261006
CAPTURED js-wf-cached-latency-native-20261006 2985792
CLOSED js-wf-r5-grouped-artifact-contract-20261002
CAPTURED js-wf-r5-grouped-artifact-contract-20261002 1848059
CLOSED js-wf-native-source-short-build-20261002
CAPTURED js-wf-native-source-short-build-20261002 10044876
CLOSED js-wf-projection-domain-review-control-8dcwxwzu
CAPTURED js-wf-projection-domain-review-control-8dcwxwzu 1476704
CLOSED js-wf-ahead200-model-63fbc03
CAPTURED js-wf-ahead200-model-63fbc03 2553466
CLOSED js-wf-fanout-local-physical-copy-results-first-20261006
CAPTURED js-wf-fanout-local-physical-copy-results-first-20261006 25332709
CLOSED js-wf-ahead200-seed1-37117571555
CAPTURED js-wf-ahead200-seed1-37117571555 3126033
CLOSED js-wf-physical-drain-live-qualified-20261002
CAPTURED js-wf-physical-drain-live-qualified-20261002 16481628
CLOSED js-wf-matrix-nats-old
CAPTURED js-wf-matrix-nats-old 13361908
CLOSED js-wf-r5-ahead55-recovered-hosted-37115560031
CAPTURED js-wf-r5-ahead55-recovered-hosted-37115560031 39427710
CLOSED js-wf-start-checker-hosted-race-37120760618
CAPTURED js-wf-start-checker-hosted-race-37120760618 16153814
CLOSED js-wf-bulk-latency-acquisition-native-20261006-snapshot-protobuf-v1
CAPTURED js-wf-bulk-latency-acquisition-native-20261006-snapshot-protobuf-v1 3299804
CLOSED js-wf-tier2-current-cluster145-156-37149506857
CAPTURED js-wf-tier2-current-cluster145-156-37149506857 48797976
CLOSED js-wf-tier3-block-stall14-26-37164231641
CAPTURED js-wf-tier3-block-stall14-26-37164231641 9352431
CLOSED js-wf-mixed-9d7-artifacts
CAPTURED js-wf-mixed-9d7-artifacts 2428513
CLOSED js-wf-tier3-block-delay183-195-37164231641
CAPTURED js-wf-tier3-block-delay183-195-37164231641 44503405
CLOSED js-wf-audit-streaming-controls-native-20261004
CAPTURED js-wf-audit-streaming-controls-native-20261004 13363930
CLOSED js-wf-workload-checkout-46171e6
CAPTURED js-wf-workload-checkout-46171e6 3855977
CLOSED js-wf-isolation-wire-ci
CAPTURED js-wf-isolation-wire-ci 2135177
CLOSED js-wf-auto-seed1-model-review-20261005
CAPTURED js-wf-auto-seed1-model-review-20261005 9004299
CLOSED js-wf-chunked-r1-full400k-named-cleanup-20261006
CAPTURED js-wf-chunked-r1-full400k-named-cleanup-20261006 30008641
CLOSED js-wf-retirement-protobuf-to-json-sigkill-race-20261005
CAPTURED js-wf-retirement-protobuf-to-json-sigkill-race-20261005 15902066
CLOSED js-wf-isolation21-artifacts
CAPTURED js-wf-isolation21-artifacts 3345193
CLOSED js-wf-tier3-block-stall53-65-37164231641
CAPTURED js-wf-tier3-block-stall53-65-37164231641 9346867
CLOSED js-wf-bulk-latency-acquisition-native-20261006-v2
CAPTURED js-wf-bulk-latency-acquisition-native-20261006-v2 3002526
CLOSED js-wf-bulk-latency-journal-10m-watch-20261006
CAPTURED js-wf-bulk-latency-journal-10m-watch-20261006 14183464
CLOSED js-wf-fanout-copied-diagnosis-interior-20261005
CAPTURED js-wf-fanout-copied-diagnosis-interior-20261005 25042688
CLOSED js-wf-signal-partial-cursor-full1k-20261003
CAPTURED js-wf-signal-partial-cursor-full1k-20261003 13184116
CLOSED js-wf-start-gap-qualified-20261003
CAPTURED js-wf-start-gap-qualified-20261003 28788752
CLOSED js-wf-tier2-current-consumer157-168-37149506857
CAPTURED js-wf-tier2-current-consumer157-168-37149506857 51405905
CLOSED js-wf-direct-r1-full400k-cold-profile-20261006
CAPTURED js-wf-direct-r1-full400k-cold-profile-20261006 30041496
CLOSED js-wf-rolling-upgrade27-39-failure-37164231641
CAPTURED js-wf-rolling-upgrade27-39-failure-37164231641 43153573
CLOSED js-wf-domain-restart-state-race-20261005
CAPTURED js-wf-domain-restart-state-race-20261005 1641200
CLOSED js-wf-worker-domain-controls-20261006
CAPTURED js-wf-worker-domain-controls-20261006 27438353
CLOSED js-wf-tier2-current-cluster13-24-37149506857
CAPTURED js-wf-tier2-current-cluster13-24-37149506857 47993631
CLOSED js-wf-docker-upgrade-37062846803
CAPTURED js-wf-docker-upgrade-37062846803 26111791
CLOSED js-wf-bulk-journal-ten-minute-joined-watch-20261006
CAPTURED js-wf-bulk-journal-ten-minute-joined-watch-20261006 14182297
SKIPPED_SYMLINK js-wf-tier2-retained-blockdisk-ten-minute-20261005
CLOSED js-wf-tier1-120-100k-37051896032
CAPTURED js-wf-tier1-120-100k-37051896032 2469598
CLOSED js-wf-journal-network-ack-full-corrected-20261003
CAPTURED js-wf-journal-network-ack-full-corrected-20261003 2026394
CLOSED js-wf-compact-metadata-native-controls-20261005
CAPTURED js-wf-compact-metadata-native-controls-20261005 1888615
CLOSED js-wf-fanout-drained-copied-audit-create-first-20261005-v2
CAPTURED js-wf-fanout-drained-copied-audit-create-first-20261005-v2 25259030
CLOSED js-wf-byte-refill-baseline-20261005
CAPTURED js-wf-byte-refill-baseline-20261005 1717283
CLOSED js-wf-r5-gap-sigkill-37128612951
CAPTURED js-wf-r5-gap-sigkill-37128612951 41956031
CLOSED js-wf-retirement-protobuf-before-manifest-race-20261005
CAPTURED js-wf-retirement-protobuf-before-manifest-race-20261005 15920940
CLOSED js-wf-audit-delivery-cost-race-control-20261005
CAPTURED js-wf-audit-delivery-cost-race-control-20261005 7552314
CLOSED js-wf-fanout-success-copied-audit-results-interior-20261005-v2
CAPTURED js-wf-fanout-success-copied-audit-results-interior-20261005-v2 25261664
CLOSED js-wf-tier3-model-79915ca
CAPTURED js-wf-tier3-model-79915ca 2959201
CLOSED js-wf-tier2-current-consumer121-132-37149506857
CAPTURED js-wf-tier2-current-consumer121-132-37149506857 51911545
CLOSED js-wf-tier3-block-stall105-117-37164231641
CAPTURED js-wf-tier3-block-stall105-117-37164231641 9352094
CLOSED js-wf-fanout-drained-copied-audit-results-interior-20261005-v2
CAPTURED js-wf-fanout-drained-copied-audit-results-interior-20261005-v2 25261832
CLOSED js-wf-chunked-journal-10m-watch-20261006
CAPTURED js-wf-chunked-journal-10m-watch-20261006 14182282
CLOSED js-wf-native-hint-corrected-full-race-20261003
CAPTURED js-wf-native-hint-corrected-full-race-20261003 16119585
CLOSED js-wf-worker-kill-ci-36923802476
CAPTURED js-wf-worker-kill-ci-36923802476 944709
CLOSED js-wf-tier3-block-stall131-143-37164231641
CAPTURED js-wf-tier3-block-stall131-143-37164231641 9351880
CLOSED js-wf-tier2-current-cluster181-192-37149506857
CAPTURED js-wf-tier2-current-cluster181-192-37149506857 48996339
CLOSED js-wf-tier3-block-stall118-130-37164231641
CAPTURED js-wf-tier3-block-stall118-130-37164231641 9352308
CLOSED js-wf-start-prefix-hosted-race-37139806593
CAPTURED js-wf-start-prefix-hosted-race-37139806593 16191167
CLOSED js-wf-auto-journal1-13-failure-20261005
CAPTURED js-wf-auto-journal1-13-failure-20261005 1733353
CLOSED js-wf-r5-start-gap-ldm-tenm-37132401225
CAPTURED js-wf-r5-start-gap-ldm-tenm-37132401225 40524450
CLOSED js-wf-tier2-current-consumer85-96-37149506857
CAPTURED js-wf-tier2-current-consumer85-96-37149506857 51939720
CLOSED js-wf-parallel-latency-cohort-r5-v2-20261006
CAPTURED js-wf-parallel-latency-cohort-r5-v2-20261006 30290202
CLOSED js-wf-ahead200-reviewer-66f56c1
CAPTURED js-wf-ahead200-reviewer-66f56c1 3145370
CLOSED js-wf-start-checker-full1k-20261003
CAPTURED js-wf-start-checker-full1k-20261003 13137960
CLOSED js-wf-tier3-block-delay1-13-37164231641
CAPTURED js-wf-tier3-block-delay1-13-37164231641 35473781
CLOSED js-wf-domain-all-server-restart-race-20261005
CAPTURED js-wf-domain-all-server-restart-race-20261005 1627219
CLOSED js-wf-compact-400k-plain-copied-comparison-20261005
CAPTURED js-wf-compact-400k-plain-copied-comparison-20261005 29944759
SKIPPED_SYMLINK js-wf-tier2-retained-blockdisk-smoke-20261005
CLOSED js-wf-spilled-restore-sample-20261003
CAPTURED js-wf-spilled-restore-sample-20261003 9042918
CLOSED js-wf-tier3-block-stall183-195-37164231641
CAPTURED js-wf-tier3-block-stall183-195-37164231641 9357131
CLOSED js-wf-tier2-current-cluster97-108-37149506857
CAPTURED js-wf-tier2-current-cluster97-108-37149506857 49017114
CLOSED js-wf-parallel-latency-journal-10m-watch-20261006
CAPTURED js-wf-parallel-latency-journal-10m-watch-20261006 14183218
CLOSED js-wf-direct-r1-full400k-owner-down-20261005
CAPTURED js-wf-direct-r1-full400k-owner-down-20261005 30009512
CLOSED js-wf-tier3-block-delay144-156-37164231641
CAPTURED js-wf-tier3-block-delay144-156-37164231641 44454332
CLOSED js-wf-single-replica-400k-copied-comparison-20261005
CAPTURED js-wf-single-replica-400k-copied-comparison-20261005 29985094
CLOSED js-wf-audit-state-snapshot-controls-native-20261004
CAPTURED js-wf-audit-state-snapshot-controls-native-20261004 13430789
CLOSED js-wf-tier3-clock183-195-37164231641
CAPTURED js-wf-tier3-clock183-195-37164231641 9082697
CLOSED js-wf-physical-drain-live-build-20261002
CAPTURED js-wf-physical-drain-live-build-20261002 10546941
CLOSED js-wf-tier3-restart-ci-36910529449
CAPTURED js-wf-tier3-restart-ci-36910529449 1368138
CLOSED js-wf-tier3-block-stall40-52-37164231641
CAPTURED js-wf-tier3-block-stall40-52-37164231641 9350993
CLOSED js-wf-retirement-before-manifest-repair-race-20261005
CAPTURED js-wf-retirement-before-manifest-repair-race-20261005 15916855
CLOSED js-wf-cas-baseline-compatible-20261003
CAPTURED js-wf-cas-baseline-compatible-20261003 14815673
CLOSED js-wf-tier2-current-cluster169-180-37149506857
CAPTURED js-wf-tier2-current-cluster169-180-37149506857 48055766
CLOSED js-wf-direct-r1-audit-legacy-controls-20261005
CAPTURED js-wf-direct-r1-audit-legacy-controls-20261005 29207866
CLOSED js-wf-tier3-block-stall157-169-37164231641
CAPTURED js-wf-tier3-block-stall157-169-37164231641 9355753
CLOSED js-wf-bulk-restart-ten-minute-joined-watch-20261006
CAPTURED js-wf-bulk-restart-ten-minute-joined-watch-20261006 14232684
CLOSED js-wf-tier2-current-cluster193-200-37149506857
CAPTURED js-wf-tier2-current-cluster193-200-37149506857 35197887
CLOSED js-wf-fanout-success-copied-audit-create-first-20261005
CAPTURED js-wf-fanout-success-copied-audit-create-first-20261005 11864571
CLOSED js-wf-ci-dd7389b-mixed-artifacts
CAPTURED js-wf-ci-dd7389b-mixed-artifacts 2075102
CLOSED js-wf-scheduler-minimal-dirty-control-20261003
CAPTURED js-wf-scheduler-minimal-dirty-control-20261003 4327199
CLOSED js-wf-chunked-journal-24h-watch-20261006
CAPTURED js-wf-chunked-journal-24h-watch-20261006 14781805
CLOSED js-wf-tier3-clock144-156-37164231641
CAPTURED js-wf-tier3-clock144-156-37164231641 1081233506
CLOSED js-wf-tier2-current-consumer109-120-37149506857
CAPTURED js-wf-tier2-current-consumer109-120-37149506857 52109495
CLOSED js-wf-clock-behind-fixed-ten-minute-36941535795
CAPTURED js-wf-clock-behind-fixed-ten-minute-36941535795 5421927
CLOSED js-wf-rolling-v4-37113734884
CAPTURED js-wf-rolling-v4-37113734884 41474698
CLOSED js-wf-tier3-block-delay118-130-37164231641
CAPTURED js-wf-tier3-block-delay118-130-37164231641 43108001
CLOSED js-wf-projection-domain-review-control-sjoizgc_
CAPTURED js-wf-projection-domain-review-control-sjoizgc_ 1476648
CLOSED js-wf-direct-callback-400k-gc-headroom-comparison-20261005
CAPTURED js-wf-direct-callback-400k-gc-headroom-comparison-20261005 29995578
CLOSED js-wf-r5-isolation-ci-36928729086
CAPTURED js-wf-r5-isolation-ci-36928729086 5873467
CLOSED js-wf-protobuf-json-worker-10m-terminal-proof-20261005
CAPTURED js-wf-protobuf-json-worker-10m-terminal-proof-20261005 48415190
CLOSED js-wf-handler-pin-controls-20261006
CAPTURED js-wf-handler-pin-controls-20261006 16225121
CLOSED js-wf-bulk-latency-cohort-20261006
CAPTURED js-wf-bulk-latency-cohort-20261006 30304271
CLOSED js-wf-tier3-block-delay196-200-37164231641
CAPTURED js-wf-tier3-block-delay196-200-37164231641 22258025
CLOSED js-wf-behind-clean-36974795077
CAPTURED js-wf-behind-clean-36974795077 1966462
CLOSED js-wf-scheduler-complete-hosted-37129135794
CAPTURED js-wf-scheduler-complete-hosted-37129135794 15152402
CLOSED js-wf-tier2-legacy-executable-control-20261005
CAPTURED js-wf-tier2-legacy-executable-control-20261005 27564451
CLOSED js-wf-scheduler-complete-originals-relocated-20261003
CAPTURED js-wf-scheduler-complete-originals-relocated-20261003 8461375
CLOSED js-wf-tier2-current-consumer73-84-37149506857
CAPTURED js-wf-tier2-current-consumer73-84-37149506857 52124544
CLOSED js-wf-fanout-drained-copied-audit-results-first-20261005-v2
CAPTURED js-wf-fanout-drained-copied-audit-results-first-20261005-v2 25261317
CLOSED js-wf-docker-upgrade-37104862997
CAPTURED js-wf-docker-upgrade-37104862997 26056423
CLOSED js-wf-tier3-block-delay92-104-37164231641
CAPTURED js-wf-tier3-block-delay92-104-37164231641 43141186
CLOSED js-wf-parallel-latency-cohort-20261006
CAPTURED js-wf-parallel-latency-cohort-20261006 30278171
CLOSED js-wf-protobuf-json-worker-smoke-proof-20261005
CAPTURED js-wf-protobuf-json-worker-smoke-proof-20261005 53091790
CLOSED js-wf-tier2-current-cluster109-120-37149506857
CAPTURED js-wf-tier2-current-cluster109-120-37149506857 48826542
CLOSED js-wf-r5-pause-37058644370
CAPTURED js-wf-r5-pause-37058644370 2211660
CLOSED js-wf-tier2-current-consumer61-72-37149506857
CAPTURED js-wf-tier2-current-consumer61-72-37149506857 8925433
CLOSED js-wf-tier2-current-cluster1-12-37149506857
CAPTURED js-wf-tier2-current-cluster1-12-37149506857 47348467
CLOSED js-wf-parallel-latency-native-20261006
CAPTURED js-wf-parallel-latency-native-20261006 2529846
CLOSED js-wf-bulk-resumption-20261005
CAPTURED js-wf-bulk-resumption-20261005 20094801
CLOSED js-wf-start-partial-cursor-full1k-20261003
CAPTURED js-wf-start-partial-cursor-full1k-20261003 13166218
CLOSED js-wf-tier1-119-100k-37039245566
CAPTURED js-wf-tier1-119-100k-37039245566 2481412
CLOSED js-wf-native-retirement-ahead-ten-minute-37002781141
CAPTURED js-wf-native-retirement-ahead-ten-minute-37002781141 1903743
CLOSED js-wf-tier3-block-stall27-39-37164231641
CAPTURED js-wf-tier3-block-stall27-39-37164231641 9347603
CLOSED js-wf-behind-independent-checkpoints-36969577235
CAPTURED js-wf-behind-independent-checkpoints-36969577235 1272282
CLOSED js-wf-bulk-latency-cohort-owner-restart-20261006
CAPTURED js-wf-bulk-latency-cohort-owner-restart-20261006 30363573
CLOSED js-wf-concurrent-state-400k-capacity-20261005
CAPTURED js-wf-concurrent-state-400k-capacity-20261005 29840239
CLOSED js-wf-domain-restart-admission-v2-race-20261005
CAPTURED js-wf-domain-restart-admission-v2-race-20261005 1625566
CLOSED js-wf-tier2-current-cluster49-60-37149506857
CAPTURED js-wf-tier2-current-cluster49-60-37149506857 48436069
CLOSED js-wf-tier3-clock170-182-37164231641
CAPTURED js-wf-tier3-clock170-182-37164231641 1081228058
CLOSED js-wf-journal-network-ack-full-20261003
CAPTURED js-wf-journal-network-ack-full-20261003 1623713
CLOSED js-wf-tier3-block-delay170-182-37164231641
CAPTURED js-wf-tier3-block-delay170-182-37164231641 42911042
CLOSED js-wf-native-hint-full-race-20261003
CAPTURED js-wf-native-hint-full-race-20261003 16098357
CLOSED js-wf-fanout-local-physical-copy-create-last-20261006
CAPTURED js-wf-fanout-local-physical-copy-create-last-20261006 25325644
CLOSED js-wf-tier3-block-delay14-26-37164231641
CAPTURED js-wf-tier3-block-delay14-26-37164231641 44550056
CLOSED js-wf-direct-callback-audit-legacy-controls-20261005
CAPTURED js-wf-direct-callback-audit-legacy-controls-20261005 29190923
CLOSED js-wf-start-capacity-full1k-20261003
CAPTURED js-wf-start-capacity-full1k-20261003 13149767
CLOSED js-wf-journal-streaming-explicit-routes-race-2g-10m-review-20261004
CAPTURED js-wf-journal-streaming-explicit-routes-race-2g-10m-review-20261004 8929397
CLOSED js-wf-compact-400k-four-core-copied-comparison-20261005
CAPTURED js-wf-compact-400k-four-core-copied-comparison-20261005 29945312
CLOSED js-wf-tier2-current-cluster121-132-37149506857
CAPTURED js-wf-tier2-current-cluster121-132-37149506857 48198392
CLOSED js-wf-continuation-limit-combined-contract-20261002
CAPTURED js-wf-continuation-limit-combined-contract-20261002 368047
CLOSED js-wf-tier3-block-delay27-39-37164231641
CAPTURED js-wf-tier3-block-delay27-39-37164231641 44497716
CLOSED js-wf-matrix-seed6-offline-bound-20261006
CAPTURED js-wf-matrix-seed6-offline-bound-20261006 100332247
CLOSED js-wf-tier2-current-consumer49-60-37149506857
CAPTURED js-wf-tier2-current-consumer49-60-37149506857 8925396
CLOSED js-wf-tier3-block-delay105-117-37164231641
CAPTURED js-wf-tier3-block-delay105-117-37164231641 43236445
CLOSED js-wf-ci-7e414-mixed-artifact
CAPTURED js-wf-ci-7e414-mixed-artifact 2565346
CLOSED js-wf-buffered-callback-delivery-observed-cleanup-20261005
CAPTURED js-wf-buffered-callback-delivery-observed-cleanup-20261005 7452877
CLOSED js-wf-tier2-current-consumer97-108-37149506857
CAPTURED js-wf-tier2-current-consumer97-108-37149506857 51673858
CLOSED js-wf-tier3-build
CAPTURED js-wf-tier3-build 14161122
CLOSED js-wf-tier2-current-consumer37-48-37149506857
CAPTURED js-wf-tier2-current-consumer37-48-37149506857 8925920
CLOSED js-wf-tier2-current-cluster25-36-37149506857
CAPTURED js-wf-tier2-current-cluster25-36-37149506857 48478257
CLOSED js-wf-fanout-success-copied-audit-results-last-20261005-v2
CAPTURED js-wf-fanout-success-copied-audit-results-last-20261005-v2 25259195
CLOSED js-wf-isolation29-artifacts
CAPTURED js-wf-isolation29-artifacts 2856201
CLOSED js-wf-rolling-rejected-37107421026
CAPTURED js-wf-rolling-rejected-37107421026 42856397
CLOSED js-wf-journal-normal-2g-10m-review-20261004
CAPTURED js-wf-journal-normal-2g-10m-review-20261004 8922846
CLOSED js-wf-continuation-effect-detector-20261002
CAPTURED js-wf-continuation-effect-detector-20261002 350321
CLOSED js-wf-fanout-local-physical-copy-results-last-20261006
CAPTURED js-wf-fanout-local-physical-copy-results-last-20261006 25331125
CLOSED js-wf-scheduler-minimal-baseline-20261003
CAPTURED js-wf-scheduler-minimal-baseline-20261003 4069367
CLOSED js-wf-chunked-r1-full400k-owner-restart-20261006
CAPTURED js-wf-chunked-r1-full400k-owner-restart-20261006 30112029
CLOSED js-wf-tier3-fanout-ci-36911677345
CAPTURED js-wf-tier3-fanout-ci-36911677345 1720594
CLOSED js-wf-tier2-current-cluster157-168-37149506857
CAPTURED js-wf-tier2-current-cluster157-168-37149506857 47869143
CLOSED js-wf-direct-callback-400k-copied-comparison-20261005
CAPTURED js-wf-direct-callback-400k-copied-comparison-20261005 29989186
CLOSED js-wf-100k-source-inventory-2b8a216
CAPTURED js-wf-100k-source-inventory-2b8a216 1465820
CLOSED js-wf-fanout-local-physical-copy-create-interior-20261006
CAPTURED js-wf-fanout-local-physical-copy-create-interior-20261006 25326316
CLOSED js-wf-batch-audit-candidate-proof-20261004
CAPTURED js-wf-batch-audit-candidate-proof-20261004 13473142
CLOSED js-wf-bulk-latency-acquisition-native-20261006
CAPTURED js-wf-bulk-latency-acquisition-native-20261006 2732665
CLOSED js-wf-tier3-block-stall196-200-37164231641
CAPTURED js-wf-tier3-block-stall196-200-37164231641 9233197
CLOSED js-wf-domain-legacy-bin-20261006
CAPTURED js-wf-domain-legacy-bin-20261006 13361919
CLOSED js-wf-ahead-confirmed-ack-36977810495
CAPTURED js-wf-ahead-confirmed-ack-36977810495 1958880
CLOSED js-wf-r5-gap-ldm-37128612942
CAPTURED js-wf-r5-gap-ldm-37128612942 43720624
CLOSED js-wf-fanout-success-copied-audit-results-first-20261005-v2
CAPTURED js-wf-fanout-success-copied-audit-results-first-20261005-v2 25261291
CLOSED js-wf-retained-block-media-control-20261005
CAPTURED js-wf-retained-block-media-control-20261005 14052871
CLOSED js-wf-tier3-clock157-169-37164231641
CAPTURED js-wf-tier3-clock157-169-37164231641 1081228414
CLOSED js-wf-worker-pause-ci-36925290442
CAPTURED js-wf-worker-pause-ci-36925290442 2238270
CLOSED js-wf-tier1-handler-boundary-normal100k-20261006
CAPTURED js-wf-tier1-handler-boundary-normal100k-20261006 17244459
CLOSED js-wf-bulk-latency-acquisition-native-20261006-prefix-json
CAPTURED js-wf-bulk-latency-acquisition-native-20261006-prefix-json 3078620
CLOSED js-wf-physical-drain-live-20261002
CAPTURED js-wf-physical-drain-live-20261002 14495735
CLOSED js-wf-tier2-current-cluster85-96-37149506857
CAPTURED js-wf-tier2-current-cluster85-96-37149506857 48036231
CLOSED js-wf-tier2-current-consumer169-180-37149506857
CAPTURED js-wf-tier2-current-consumer169-180-37149506857 51417078
CLOSED js-wf-cached-latency-journal-10m-watch-20261006
CAPTURED js-wf-cached-latency-journal-10m-watch-20261006 14181719
CLOSED js-wf-fanout-local-physical-copy-results-interior-20261006
CAPTURED js-wf-fanout-local-physical-copy-results-interior-20261006 25330872
CLOSED js-wf-400k-copied-capacity-profile-20261005
CAPTURED js-wf-400k-copied-capacity-profile-20261005 29985835
CLOSED js-wf-nats-old-bin
CAPTURED js-wf-nats-old-bin 13361909
CLOSED js-wf-tier3-block-delay157-169-37164231641
CAPTURED js-wf-tier3-block-delay157-169-37164231641 43035647
CLOSED js-wf-timer-partial-cursor-full1k-20261003
CAPTURED js-wf-timer-partial-cursor-full1k-20261003 13226460
CLOSED js-wf-tier3-observer-ci-36905129932
CAPTURED js-wf-tier3-observer-ci-36905129932 1420853
CLOSED js-wf-tier2-current-consumer133-144-37149506857
CAPTURED js-wf-tier2-current-consumer133-144-37149506857 51452131
CLOSED js-wf-membership-recovered-36958387092
CAPTURED js-wf-membership-recovered-36958387092 1242175
CLOSED js-wf-tier3-process-smoke-20261001
CAPTURED js-wf-tier3-process-smoke-20261001 16966292
CLOSED js-wf-tier2-current-cluster37-48-37149506857
CAPTURED js-wf-tier2-current-cluster37-48-37149506857 47991070
CLOSED js-wf-fanout-drained-copied-audit-results-last-20261005-v2
CAPTURED js-wf-fanout-drained-copied-audit-results-last-20261005-v2 25262677
CLOSED js-wf-start-gap-development-20261003
CAPTURED js-wf-start-gap-development-20261003 28645551
CLOSED js-wf-r5-graceful-mixed-originals-37121470960
CAPTURED js-wf-r5-graceful-mixed-originals-37121470960 42313632
CLOSED js-wf-scheduler-minimal-runner-20261003
CAPTURED js-wf-scheduler-minimal-runner-20261003 8460057
CLOSED js-wf-fanout-copied-diagnosis-last-20261005
CAPTURED js-wf-fanout-copied-diagnosis-last-20261005 25025085
CLOSED js-wf-batched-consumer-leader-20261004
CAPTURED js-wf-batched-consumer-leader-20261004 13676131
CLOSED js-wf-current-normal100k-37172700747
CAPTURED js-wf-current-normal100k-37172700747 13331586
CLOSED js-wf-fanout-confirmed-copied-diagnosis-last-20261005
CAPTURED js-wf-fanout-confirmed-copied-diagnosis-last-20261005 25024160
CLOSED js-wf-bulk-state-cut-joined-watch-20261006
CAPTURED js-wf-bulk-state-cut-joined-watch-20261006 14169113
CLOSED js-wf-ahead27-hosted-37030391587
CAPTURED js-wf-ahead27-hosted-37030391587 1834776
