=== RUN   TestOperatorStandaloneConnectionSignals
    daemon_connect_standalone_test.go:23: set WF_OPERATOR_STANDALONE=1 for actual compiled CLI controls
--- SKIP: TestOperatorStandaloneConnectionSignals (0.00s)
=== RUN   TestOperatorDaemonProcessHelper
    daemon_test.go:30: subprocess helper
--- SKIP: TestOperatorDaemonProcessHelper (0.00s)
=== RUN   TestOperatorDaemonSignals
=== RUN   TestOperatorDaemonSignals/project/startup
    daemon_test.go:276: operator daemon stopped command=project stage=startup domain="" signal=terminated exit=0 pid=178902
=== RUN   TestOperatorDaemonSignals/project/running
    daemon_test.go:276: operator daemon stopped command=project stage=running domain="" signal=interrupt exit=0 pid=178910
=== RUN   TestOperatorDaemonSignals/tombstone-loop/startup
    daemon_test.go:276: operator daemon stopped command=tombstone-loop stage=startup domain="" signal=terminated exit=0 pid=178926
=== RUN   TestOperatorDaemonSignals/tombstone-loop/running
    daemon_test.go:276: operator daemon stopped command=tombstone-loop stage=running domain="" signal=interrupt exit=0 pid=178935
=== NAME  TestOperatorDaemonSignals
    daemon_test.go:301: operator daemon fatal startup domain="" error=stream-not-found exit=1
--- PASS: TestOperatorDaemonSignals (9.37s)
    --- PASS: TestOperatorDaemonSignals/project/startup (3.03s)
    --- PASS: TestOperatorDaemonSignals/project/running (2.05s)
    --- PASS: TestOperatorDaemonSignals/tombstone-loop/startup (3.03s)
    --- PASS: TestOperatorDaemonSignals/tombstone-loop/running (1.15s)
=== RUN   TestOperatorDaemonSignalsInJetStreamDomain
    daemon_test.go:114: operator daemon domain admitted node=0 domain=WFOPS server_id=NB75CF3IJ2U7CVL2QLZIFYEDMWRFXN5FJT4LHV2SLP4X6AR347LLQ45Y
    daemon_test.go:114: operator daemon domain admitted node=1 domain=WFOPS server_id=NB2A7M6RPLJE3OP7BLLWNU3YLED7KCSUFKR7INQAISDGMBY3JMPIFA4T
    daemon_test.go:114: operator daemon domain admitted node=2 domain=WFOPS server_id=NA22JD4KE3TEA6G7PRP2IZQAZXDWVOJSELAI4ZSDYSFOCMMH2BCHKZOF
=== RUN   TestOperatorDaemonSignalsInJetStreamDomain/project/startup
    daemon_test.go:276: operator daemon stopped command=project stage=startup domain="WFOPS" signal=terminated exit=0 pid=178955
=== RUN   TestOperatorDaemonSignalsInJetStreamDomain/project/running
    daemon_test.go:276: operator daemon stopped command=project stage=running domain="WFOPS" signal=interrupt exit=0 pid=178973
=== RUN   TestOperatorDaemonSignalsInJetStreamDomain/tombstone-loop/startup
    daemon_test.go:276: operator daemon stopped command=tombstone-loop stage=startup domain="WFOPS" signal=terminated exit=0 pid=178986
=== RUN   TestOperatorDaemonSignalsInJetStreamDomain/tombstone-loop/running
    daemon_test.go:276: operator daemon stopped command=tombstone-loop stage=running domain="WFOPS" signal=interrupt exit=0 pid=178994
=== NAME  TestOperatorDaemonSignalsInJetStreamDomain
    daemon_test.go:301: operator daemon fatal startup domain="WFOPS" error=stream-not-found exit=1
--- PASS: TestOperatorDaemonSignalsInJetStreamDomain (14.55s)
    --- PASS: TestOperatorDaemonSignalsInJetStreamDomain/project/startup (3.03s)
    --- PASS: TestOperatorDaemonSignalsInJetStreamDomain/project/running (2.15s)
    --- PASS: TestOperatorDaemonSignalsInJetStreamDomain/tombstone-loop/startup (3.03s)
    --- PASS: TestOperatorDaemonSignalsInJetStreamDomain/tombstone-loop/running (1.13s)
=== RUN   TestGraphOperatorCursorRejectsUnknownVersion
--- PASS: TestGraphOperatorCursorRejectsUnknownVersion (0.00s)
=== RUN   TestNativeGraphCursorOperatorHistory
=== RUN   TestNativeGraphCursorOperatorHistory/v4/R1-domain
    graph_cursor_test.go:262: CURSOR_REPLAY_EXPORT version=4 replicas=1 records=8 frame_bytes=254 input=7 readers=0
    graph_cursor_test.go:266: NATIVE_CURSOR_OPERATOR version=4 records=8 retained_from=0 original_entry_collected=false incorrect_schemas_rejected=2 domain_errors=0 legacy_journal_requests=0 readers_after=0
=== RUN   TestNativeGraphCursorOperatorHistory/v4/R3-domain
    graph_cursor_test.go:262: CURSOR_REPLAY_EXPORT version=4 replicas=3 records=8 frame_bytes=254 input=7 readers=0
    graph_cursor_test.go:266: NATIVE_CURSOR_OPERATOR version=4 records=8 retained_from=0 original_entry_collected=false incorrect_schemas_rejected=2 domain_errors=0 legacy_journal_requests=0 readers_after=0
=== RUN   TestNativeGraphCursorOperatorHistory/v5/R1-domain
    graph_cursor_test.go:262: CURSOR_REPLAY_EXPORT version=5 replicas=1 records=8 frame_bytes=254 input=7 readers=0
    graph_cursor_test.go:266: NATIVE_CURSOR_OPERATOR version=5 records=8 retained_from=0 original_entry_collected=false incorrect_schemas_rejected=2 domain_errors=0 legacy_journal_requests=0 readers_after=0
=== RUN   TestNativeGraphCursorOperatorHistory/v5/R3-domain
    graph_cursor_test.go:262: CURSOR_REPLAY_EXPORT version=5 replicas=3 records=8 frame_bytes=254 input=7 readers=0
    graph_cursor_test.go:266: NATIVE_CURSOR_OPERATOR version=5 records=8 retained_from=0 original_entry_collected=false incorrect_schemas_rejected=2 domain_errors=0 legacy_journal_requests=0 readers_after=0
=== RUN   TestNativeGraphCursorOperatorHistory/v6/R1-domain
    graph_cursor_test.go:262: CURSOR_REPLAY_EXPORT version=6 replicas=1 records=8 frame_bytes=254 input=7 readers=0
    graph_cursor_test.go:266: NATIVE_CURSOR_OPERATOR version=6 records=8 retained_from=5 original_entry_collected=true incorrect_schemas_rejected=2 domain_errors=0 legacy_journal_requests=0 readers_after=0
=== RUN   TestNativeGraphCursorOperatorHistory/v6/R3-domain
    graph_cursor_test.go:262: CURSOR_REPLAY_EXPORT version=6 replicas=3 records=8 frame_bytes=254 input=7 readers=0
    graph_cursor_test.go:266: NATIVE_CURSOR_OPERATOR version=6 records=8 retained_from=5 original_entry_collected=true incorrect_schemas_rejected=2 domain_errors=0 legacy_journal_requests=0 readers_after=0
--- PASS: TestNativeGraphCursorOperatorHistory (34.17s)
    --- PASS: TestNativeGraphCursorOperatorHistory/v4/R1-domain (2.43s)
    --- PASS: TestNativeGraphCursorOperatorHistory/v4/R3-domain (5.16s)
    --- PASS: TestNativeGraphCursorOperatorHistory/v5/R1-domain (2.61s)
    --- PASS: TestNativeGraphCursorOperatorHistory/v5/R3-domain (7.65s)
    --- PASS: TestNativeGraphCursorOperatorHistory/v6/R1-domain (5.12s)
    --- PASS: TestNativeGraphCursorOperatorHistory/v6/R3-domain (11.19s)
=== RUN   TestGraphOperatorRejectsPartialOrLegacyOnlySelection
--- PASS: TestGraphOperatorRejectsPartialOrLegacyOnlySelection (0.00s)
=== RUN   TestNativeCanonicalGraphOperatorCommands
=== RUN   TestNativeCanonicalGraphOperatorCommands/R1
    graph_test.go:152: GRAPH_OPERATOR_CALL_BEGIN operation=start domain= fixture_remaining=1m59.798808078s
    graph_test.go:155: GRAPH_OPERATOR_CALL_END operation=start domain= wall=2.116696677s api_requests=207 fixture_remaining=1m57.682114586s error=<nil>
    graph_test.go:152: GRAPH_OPERATOR_CALL_BEGIN operation=signal domain= fixture_remaining=1m57.677967872s
    graph_test.go:155: GRAPH_OPERATOR_CALL_END operation=signal domain= wall=4.136262837s api_requests=379 fixture_remaining=1m53.541704694s error=<nil>
    graph_test.go:152: GRAPH_OPERATOR_CALL_BEGIN operation=result domain= fixture_remaining=1m53.541620736s
    graph_test.go:155: GRAPH_OPERATOR_CALL_END operation=result domain= wall=5.142289154s api_requests=381 fixture_remaining=1m48.399330321s error=<nil>
    graph_test.go:152: GRAPH_OPERATOR_CALL_BEGIN operation=result domain= fixture_remaining=1m48.147849684s
    graph_test.go:155: GRAPH_OPERATOR_CALL_END operation=result domain= wall=1.366108823s api_requests=122 fixture_remaining=1m46.781740611s error=<nil>
    graph_test.go:152: GRAPH_OPERATOR_CALL_BEGIN operation=export-journal domain= fixture_remaining=1m46.777343656s
    graph_test.go:155: GRAPH_OPERATOR_CALL_END operation=export-journal domain= wall=235.184889ms api_requests=134 fixture_remaining=1m46.542160679s error=<nil>
    graph_test.go:152: GRAPH_OPERATOR_CALL_BEGIN operation=export-replay domain= fixture_remaining=1m46.538531762s
    graph_test.go:155: GRAPH_OPERATOR_CALL_END operation=export-replay domain= wall=5.795317166s api_requests=372 fixture_remaining=1m40.743213003s error=<nil>
    graph_test.go:152: GRAPH_OPERATOR_CALL_BEGIN operation=replay domain= fixture_remaining=1m37.456454283s
    graph_test.go:155: GRAPH_OPERATOR_CALL_END operation=replay domain= wall=4.310730428s api_requests=369 fixture_remaining=1m33.145724747s error=<nil>
    graph_test.go:152: GRAPH_OPERATOR_CALL_BEGIN operation=list domain= fixture_remaining=1m25.378520376s
    graph_test.go:155: GRAPH_OPERATOR_CALL_END operation=list domain= wall=343.591999ms api_requests=199 fixture_remaining=1m25.034929489s error=<nil>
    graph_test.go:152: GRAPH_OPERATOR_CALL_BEGIN operation=lag domain= fixture_remaining=1m25.034803627s
    graph_test.go:155: GRAPH_OPERATOR_CALL_END operation=lag domain= wall=28.396793ms api_requests=19 fixture_remaining=1m25.006406604s error=<nil>
    graph_test.go:152: GRAPH_OPERATOR_CALL_BEGIN operation=describe domain= fixture_remaining=1m25.00635165s
    graph_test.go:155: GRAPH_OPERATOR_CALL_END operation=describe domain= wall=274.823958ms api_requests=134 fixture_remaining=1m24.731527102s error=<nil>
    graph_test.go:152: GRAPH_OPERATOR_CALL_BEGIN operation=scan-start domain= fixture_remaining=1m24.731375271s
    graph_test.go:155: GRAPH_OPERATOR_CALL_END operation=scan-start domain= wall=26.723489ms api_requests=18 fixture_remaining=1m24.704651982s error=<nil>
    graph_test.go:152: GRAPH_OPERATOR_CALL_BEGIN operation=scan-signal domain= fixture_remaining=1m24.704569607s
    graph_test.go:155: GRAPH_OPERATOR_CALL_END operation=scan-signal domain= wall=36.985661ms api_requests=21 fixture_remaining=1m24.667583976s error=<nil>
    graph_test.go:152: GRAPH_OPERATOR_CALL_BEGIN operation=scan-terminal domain= fixture_remaining=1m24.667267435s
    graph_test.go:155: GRAPH_OPERATOR_CALL_END operation=scan-terminal domain= wall=25.344122ms api_requests=20 fixture_remaining=1m24.641923723s error=<nil>
    graph_test.go:152: GRAPH_OPERATOR_CALL_BEGIN operation=scan-timer domain= fixture_remaining=1m24.641801327s
    graph_test.go:155: GRAPH_OPERATOR_CALL_END operation=scan-timer domain= wall=238.46567ms api_requests=134 fixture_remaining=1m24.403336038s error=<nil>
    graph_test.go:152: GRAPH_OPERATOR_CALL_BEGIN operation=scan-suspended domain= fixture_remaining=1m24.403269126s
    graph_test.go:155: GRAPH_OPERATOR_CALL_END operation=scan-suspended domain= wall=268.040144ms api_requests=136 fixture_remaining=1m24.135228982s error=<nil>
    graph_test.go:152: GRAPH_OPERATOR_CALL_BEGIN operation=scan-terminal domain= fixture_remaining=1m24.134564021s
    graph_test.go:155: GRAPH_OPERATOR_CALL_END operation=scan-terminal domain= wall=28.419528ms api_requests=20 fixture_remaining=1m24.106144393s error=<nil>
    graph_test.go:152: GRAPH_OPERATOR_CALL_BEGIN operation=scan-terminal domain= fixture_remaining=1m24.104804486s
    graph_test.go:155: GRAPH_OPERATOR_CALL_END operation=scan-terminal domain= wall=48.83682ms api_requests=28 fixture_remaining=1m24.055967797s error=<nil>
    graph_test.go:152: GRAPH_OPERATOR_CALL_BEGIN operation=export-journal domain= fixture_remaining=1m23.009543082s
    graph_test.go:155: GRAPH_OPERATOR_CALL_END operation=export-journal domain= wall=320.991848ms api_requests=140 fixture_remaining=1m22.688551945s error=<nil>
    graph_test.go:152: GRAPH_OPERATOR_CALL_BEGIN operation=start domain= fixture_remaining=1m22.688179358s
    graph_test.go:155: GRAPH_OPERATOR_CALL_END operation=start domain= wall=177.832186ms api_requests=127 fixture_remaining=1m22.510347873s error=<nil>
    graph_test.go:152: GRAPH_OPERATOR_CALL_BEGIN operation=cancel domain= fixture_remaining=1m22.510287001s
    graph_test.go:155: GRAPH_OPERATOR_CALL_END operation=cancel domain= wall=543.578606ms api_requests=280 fixture_remaining=1m21.966708275s error=<nil>
    graph_test.go:152: GRAPH_OPERATOR_CALL_BEGIN operation=result domain= fixture_remaining=1m21.966650927s
    graph_test.go:155: GRAPH_OPERATOR_CALL_END operation=result domain= wall=1.004599595s api_requests=131 fixture_remaining=1m20.962051593s error=workflow cancelled
    graph_test.go:152: GRAPH_OPERATOR_CALL_BEGIN operation=purge domain= fixture_remaining=1m20.961922146s
    graph_test.go:155: GRAPH_OPERATOR_CALL_END operation=purge domain= wall=1.192875597s api_requests=150 fixture_remaining=1m19.76904675s error=<nil>
    graph_test.go:152: GRAPH_OPERATOR_CALL_BEGIN operation=result domain= fixture_remaining=1m19.7689155s
    graph_test.go:155: GRAPH_OPERATOR_CALL_END operation=result domain= wall=18.869438ms api_requests=14 fixture_remaining=1m19.750046022s error=workflow invocation was purged
    graph_test.go:455: canonical CLI large Start/Signal/result, forged mirror ignored, canonical online/offline replay after source/blob deletion, canonical CLI project/list/lag and isolated page while worker active, history/scans, dry-run/apply terminal restoration, cancellation, purge and effect one; domain= requests=0 wrong=0
    graph_test.go:217: graph project subprocess joined; legacy journal requests zero and domain API verified
=== RUN   TestNativeCanonicalGraphOperatorCommands/R3Domain
    graph_test.go:152: GRAPH_OPERATOR_CALL_BEGIN operation=start domain=WFGRAPHOPS fixture_remaining=1m58.3069142s
    graph_test.go:155: GRAPH_OPERATOR_CALL_END operation=start domain=WFGRAPHOPS wall=2.648266219s api_requests=210 fixture_remaining=1m55.658648722s error=<nil>
    graph_test.go:152: GRAPH_OPERATOR_CALL_BEGIN operation=signal domain=WFGRAPHOPS fixture_remaining=1m55.656499625s
    graph_test.go:155: GRAPH_OPERATOR_CALL_END operation=signal domain=WFGRAPHOPS wall=5.907894437s api_requests=416 fixture_remaining=1m49.748605007s error=<nil>
    graph_test.go:152: GRAPH_OPERATOR_CALL_BEGIN operation=result domain=WFGRAPHOPS fixture_remaining=1m49.748537965s
    graph_test.go:155: GRAPH_OPERATOR_CALL_END operation=result domain=WFGRAPHOPS wall=6.74056367s api_requests=479 fixture_remaining=1m43.007973023s error=<nil>
    graph_test.go:152: GRAPH_OPERATOR_CALL_BEGIN operation=result domain=WFGRAPHOPS fixture_remaining=1m42.756423679s
    graph_test.go:155: GRAPH_OPERATOR_CALL_END operation=result domain=WFGRAPHOPS wall=1.471767628s api_requests=122 fixture_remaining=1m41.284656762s error=<nil>
    graph_test.go:152: GRAPH_OPERATOR_CALL_BEGIN operation=export-journal domain=WFGRAPHOPS fixture_remaining=1m41.277956295s
    graph_test.go:155: GRAPH_OPERATOR_CALL_END operation=export-journal domain=WFGRAPHOPS wall=311.435429ms api_requests=134 fixture_remaining=1m40.966522088s error=<nil>
    graph_test.go:152: GRAPH_OPERATOR_CALL_BEGIN operation=export-replay domain=WFGRAPHOPS fixture_remaining=1m40.950427699s
    graph_test.go:155: GRAPH_OPERATOR_CALL_END operation=export-replay domain=WFGRAPHOPS wall=6.25621874s api_requests=381 fixture_remaining=1m34.69420961s error=<nil>
    graph_test.go:152: GRAPH_OPERATOR_CALL_BEGIN operation=replay domain=WFGRAPHOPS fixture_remaining=1m33.060750287s
    graph_test.go:155: GRAPH_OPERATOR_CALL_END operation=replay domain=WFGRAPHOPS wall=4.819668975s api_requests=372 fixture_remaining=1m28.241095343s error=<nil>
    graph_test.go:152: GRAPH_OPERATOR_CALL_BEGIN operation=list domain=WFGRAPHOPS fixture_remaining=1m20.525472966s
    graph_test.go:155: GRAPH_OPERATOR_CALL_END operation=list domain=WFGRAPHOPS wall=554.870091ms api_requests=204 fixture_remaining=1m19.970603997s error=<nil>
    graph_test.go:375: graph view mixed sources {[] } <nil>
    graph_test.go:217: graph project subprocess joined; legacy journal requests zero and domain API verified
--- FAIL: TestNativeCanonicalGraphOperatorCommands (82.60s)
    --- PASS: TestNativeCanonicalGraphOperatorCommands/R1 (41.30s)
    --- FAIL: TestNativeCanonicalGraphOperatorCommands/R3Domain (41.31s)
=== RUN   TestNativeCanonicalGraphPostgresOperatorCommands
    graph_test.go:58: set WF_TEST_POSTGRES_DSN
--- SKIP: TestNativeCanonicalGraphPostgresOperatorCommands (0.00s)
=== RUN   TestOperatorStandaloneDaemonSignalsThroughLeaf
    leaf_daemon_standalone_test.go:29: set WF_OPERATOR_STANDALONE=1
--- SKIP: TestOperatorStandaloneDaemonSignalsThroughLeaf (0.00s)
=== RUN   TestOperatorStandaloneCommandsThroughLeaf
    leaf_standalone_test.go:22: set WF_OPERATOR_STANDALONE=1
--- SKIP: TestOperatorStandaloneCommandsThroughLeaf (0.00s)
=== RUN   TestOperatorCommands
--- PASS: TestOperatorCommands (2.57s)
=== RUN   TestOperatorCommandsInJetStreamDomain
    main_test.go:166: operator domain admitted node=0 domain=WFOPS server_id=ND7BWCQEXBMTBTH6L532FTTIMPMKMFEFSOL6QYJHKMGHDIIY2VYP2EF7
    main_test.go:166: operator domain admitted node=1 domain=WFOPS server_id=NBM2PAL3EABTV2QQQF3AL7YUMOMTWQAHTFD7WWYFXJ3ROT4I4NBK7UWJ
    main_test.go:166: operator domain admitted node=2 domain=WFOPS server_id=NCT3SCFVHU5G3Y6WLQLQOBSGEFMJHB34XXJYDZUCEQMSC37YEBIGBTBQ
    main_test.go:227: operator real domain=WFOPS peers=3 domain_api_requests=203 wrong_prefix_requests=0
--- PASS: TestOperatorCommandsInJetStreamDomain (8.16s)
=== RUN   TestListAttributeFilter
--- PASS: TestListAttributeFilter (0.15s)
=== RUN   TestJournalCapacityAlert
--- PASS: TestJournalCapacityAlert (0.18s)
=== RUN   TestOperatorReplayFailedAndSuspended
--- PASS: TestOperatorReplayFailedAndSuspended (1.04s)
=== RUN   TestReplayCompletionEnvelopeBeforePlugin
=== RUN   TestReplayCompletionEnvelopeBeforePlugin/result
=== RUN   TestReplayCompletionEnvelopeBeforePlugin/reference
=== RUN   TestReplayCompletionEnvelopeBeforePlugin/hash
=== RUN   TestReplayCompletionEnvelopeBeforePlugin/error
=== RUN   TestReplayCompletionEnvelopeBeforePlugin/signal
=== RUN   TestReplayCompletionEnvelopeBeforePlugin/selected
=== RUN   TestReplayCompletionEnvelopeBeforePlugin/case
=== RUN   TestReplayCompletionEnvelopeBeforePlugin/cancelled
=== RUN   TestReplayCompletionEnvelopeBeforePlugin/unknown
--- PASS: TestReplayCompletionEnvelopeBeforePlugin (0.00s)
    --- PASS: TestReplayCompletionEnvelopeBeforePlugin/result (0.00s)
    --- PASS: TestReplayCompletionEnvelopeBeforePlugin/reference (0.00s)
    --- PASS: TestReplayCompletionEnvelopeBeforePlugin/hash (0.00s)
    --- PASS: TestReplayCompletionEnvelopeBeforePlugin/error (0.00s)
    --- PASS: TestReplayCompletionEnvelopeBeforePlugin/signal (0.00s)
    --- PASS: TestReplayCompletionEnvelopeBeforePlugin/selected (0.00s)
    --- PASS: TestReplayCompletionEnvelopeBeforePlugin/case (0.00s)
    --- PASS: TestReplayCompletionEnvelopeBeforePlugin/cancelled (0.00s)
    --- PASS: TestReplayCompletionEnvelopeBeforePlugin/unknown (0.00s)
=== RUN   TestReplayContinuationPlugin
    replay_continuation_plugin_test.go:45: provision attempt: context deadline exceeded
    replay_continuation_plugin_test.go:173: two continuation plugin stages: raw_entries=18 objects=2 result=60 offline_effects=0
--- PASS: TestReplayContinuationPlugin (5.01s)
=== RUN   TestReplayBundleEnvelope
=== RUN   TestReplayBundleEnvelope/valid
=== RUN   TestReplayBundleEnvelope/legacy
=== RUN   TestReplayBundleEnvelope/opaque_payload
=== RUN   TestReplayBundleEnvelope/duplicate_format_downgrade
=== RUN   TestReplayBundleEnvelope/escaped_duplicate_format
=== RUN   TestReplayBundleEnvelope/alias_format
=== RUN   TestReplayBundleEnvelope/duplicate_input
=== RUN   TestReplayBundleEnvelope/duplicate_identity
=== RUN   TestReplayBundleEnvelope/duplicate_object
=== RUN   TestReplayBundleEnvelope/alias_pending_sequence
=== RUN   TestReplayBundleEnvelope/duplicate_pending_header
=== RUN   TestReplayBundleEnvelope/unknown_field
=== RUN   TestReplayBundleEnvelope/unknown_journal_field
=== RUN   TestReplayBundleEnvelope/trailing_value
--- PASS: TestReplayBundleEnvelope (0.01s)
    --- PASS: TestReplayBundleEnvelope/valid (0.00s)
    --- PASS: TestReplayBundleEnvelope/legacy (0.00s)
    --- PASS: TestReplayBundleEnvelope/opaque_payload (0.00s)
    --- PASS: TestReplayBundleEnvelope/duplicate_format_downgrade (0.00s)
    --- PASS: TestReplayBundleEnvelope/escaped_duplicate_format (0.00s)
    --- PASS: TestReplayBundleEnvelope/alias_format (0.00s)
    --- PASS: TestReplayBundleEnvelope/duplicate_input (0.00s)
    --- PASS: TestReplayBundleEnvelope/duplicate_identity (0.00s)
    --- PASS: TestReplayBundleEnvelope/duplicate_object (0.00s)
    --- PASS: TestReplayBundleEnvelope/alias_pending_sequence (0.00s)
    --- PASS: TestReplayBundleEnvelope/duplicate_pending_header (0.00s)
    --- PASS: TestReplayBundleEnvelope/unknown_field (0.00s)
    --- PASS: TestReplayBundleEnvelope/unknown_journal_field (0.00s)
    --- PASS: TestReplayBundleEnvelope/trailing_value (0.00s)
=== RUN   TestReplayBundleRetainedEnvelope
    replay_envelope_test.go:47: set WF_REPLAY_ENVELOPE_FIXTURE_ROOT to the native export root
--- SKIP: TestReplayBundleRetainedEnvelope (0.00s)
=== RUN   TestReplayEpochWorkerBeforePlugin
=== RUN   TestReplayEpochWorkerBeforePlugin/format=
=== RUN   TestReplayEpochWorkerBeforePlugin/format=graph-v1
--- PASS: TestReplayEpochWorkerBeforePlugin (0.00s)
    --- PASS: TestReplayEpochWorkerBeforePlugin/format= (0.00s)
    --- PASS: TestReplayEpochWorkerBeforePlugin/format=graph-v1 (0.00s)
=== RUN   TestReplayGraphChildProvenance
=== RUN   TestReplayGraphChildProvenance/valid
=== RUN   TestReplayGraphChildProvenance/wrong_type
=== RUN   TestReplayGraphChildProvenance/wrong_id
=== RUN   TestReplayGraphChildProvenance/wrong_invocation
=== RUN   TestReplayGraphChildProvenance/zero_invocation
=== RUN   TestReplayGraphChildProvenance/wrong_reference
=== RUN   TestReplayGraphChildProvenance/wrong_hash
=== RUN   TestReplayGraphChildProvenance/missing_binding
=== RUN   TestReplayGraphChildProvenance/missing_outcome
=== RUN   TestReplayGraphChildProvenance/missing_result
=== RUN   TestReplayGraphChildProvenance/changed_outcome_bytes
=== RUN   TestReplayGraphChildProvenance/changed_result_bytes
=== RUN   TestReplayGraphChildProvenance/annotation_before_request
=== RUN   TestReplayGraphChildProvenance/undeclared_name
=== RUN   TestReplayGraphChildProvenance/legacy_signal
=== RUN   TestReplayGraphChildProvenance/ordinary_before_child_request
=== RUN   TestReplayGraphChildProvenance/failed_child
=== RUN   TestReplayGraphChildProvenance/failed_with_result
=== RUN   TestReplayGraphChildProvenance/inline_result
=== RUN   TestReplayGraphChildProvenance/limit_nested_signal
--- PASS: TestReplayGraphChildProvenance (0.02s)
    --- PASS: TestReplayGraphChildProvenance/valid (0.00s)
    --- PASS: TestReplayGraphChildProvenance/wrong_type (0.00s)
    --- PASS: TestReplayGraphChildProvenance/wrong_id (0.00s)
    --- PASS: TestReplayGraphChildProvenance/wrong_invocation (0.00s)
    --- PASS: TestReplayGraphChildProvenance/zero_invocation (0.00s)
    --- PASS: TestReplayGraphChildProvenance/wrong_reference (0.00s)
    --- PASS: TestReplayGraphChildProvenance/wrong_hash (0.00s)
    --- PASS: TestReplayGraphChildProvenance/missing_binding (0.00s)
    --- PASS: TestReplayGraphChildProvenance/missing_outcome (0.00s)
    --- PASS: TestReplayGraphChildProvenance/missing_result (0.00s)
    --- PASS: TestReplayGraphChildProvenance/changed_outcome_bytes (0.00s)
    --- PASS: TestReplayGraphChildProvenance/changed_result_bytes (0.00s)
    --- PASS: TestReplayGraphChildProvenance/annotation_before_request (0.00s)
    --- PASS: TestReplayGraphChildProvenance/undeclared_name (0.00s)
    --- PASS: TestReplayGraphChildProvenance/legacy_signal (0.00s)
    --- PASS: TestReplayGraphChildProvenance/ordinary_before_child_request (0.00s)
    --- PASS: TestReplayGraphChildProvenance/failed_child (0.00s)
    --- PASS: TestReplayGraphChildProvenance/failed_with_result (0.00s)
    --- PASS: TestReplayGraphChildProvenance/inline_result (0.00s)
    --- PASS: TestReplayGraphChildProvenance/limit_nested_signal (0.00s)
=== RUN   TestReplayDeclaredGraphBeforePlugin
=== RUN   TestReplayDeclaredGraphBeforePlugin/removed_annotation
=== RUN   TestReplayDeclaredGraphBeforePlugin/unknown_format
=== RUN   TestReplayDeclaredGraphBeforePlugin/removed_checkpoint_metadata
--- PASS: TestReplayDeclaredGraphBeforePlugin (0.00s)
    --- PASS: TestReplayDeclaredGraphBeforePlugin/removed_annotation (0.00s)
    --- PASS: TestReplayDeclaredGraphBeforePlugin/unknown_format (0.00s)
    --- PASS: TestReplayDeclaredGraphBeforePlugin/removed_checkpoint_metadata (0.00s)
=== RUN   TestReplayInputBindingBeforePlugin
=== RUN   TestReplayInputBindingBeforePlugin/format=
=== RUN   TestReplayInputBindingBeforePlugin/format=graph-v1
--- PASS: TestReplayInputBindingBeforePlugin (0.00s)
    --- PASS: TestReplayInputBindingBeforePlugin/format= (0.00s)
    --- PASS: TestReplayInputBindingBeforePlugin/format=graph-v1 (0.00s)
=== RUN   TestReplayJournalHeaderAmbiguity
=== RUN   TestReplayJournalHeaderAmbiguity/valid_opaque_payload
=== RUN   TestReplayJournalHeaderAmbiguity/record_wire_shape
=== RUN   TestReplayJournalHeaderAmbiguity/duplicate_epoch
=== RUN   TestReplayJournalHeaderAmbiguity/alias_epoch
=== RUN   TestReplayJournalHeaderAmbiguity/duplicate_index
=== RUN   TestReplayJournalHeaderAmbiguity/alias_index
=== RUN   TestReplayJournalHeaderAmbiguity/duplicate_kind
=== RUN   TestReplayJournalHeaderAmbiguity/alias_kind
=== RUN   TestReplayJournalHeaderAmbiguity/duplicate_payload_header
=== RUN   TestReplayJournalHeaderAmbiguity/alias_payload_header
=== RUN   TestReplayJournalHeaderAmbiguity/duplicate_worker
=== RUN   TestReplayJournalHeaderAmbiguity/alias_worker
=== RUN   TestReplayJournalHeaderAmbiguity/duplicate_sequence
=== RUN   TestReplayJournalHeaderAmbiguity/alias_sequence
=== RUN   TestReplayJournalHeaderAmbiguity/escaped_sequence
--- PASS: TestReplayJournalHeaderAmbiguity (0.01s)
    --- PASS: TestReplayJournalHeaderAmbiguity/valid_opaque_payload (0.00s)
    --- PASS: TestReplayJournalHeaderAmbiguity/record_wire_shape (0.00s)
    --- PASS: TestReplayJournalHeaderAmbiguity/duplicate_epoch (0.00s)
    --- PASS: TestReplayJournalHeaderAmbiguity/alias_epoch (0.00s)
    --- PASS: TestReplayJournalHeaderAmbiguity/duplicate_index (0.00s)
    --- PASS: TestReplayJournalHeaderAmbiguity/alias_index (0.00s)
    --- PASS: TestReplayJournalHeaderAmbiguity/duplicate_kind (0.00s)
    --- PASS: TestReplayJournalHeaderAmbiguity/alias_kind (0.00s)
    --- PASS: TestReplayJournalHeaderAmbiguity/duplicate_payload_header (0.00s)
    --- PASS: TestReplayJournalHeaderAmbiguity/alias_payload_header (0.00s)
    --- PASS: TestReplayJournalHeaderAmbiguity/duplicate_worker (0.00s)
    --- PASS: TestReplayJournalHeaderAmbiguity/alias_worker (0.00s)
    --- PASS: TestReplayJournalHeaderAmbiguity/duplicate_sequence (0.00s)
    --- PASS: TestReplayJournalHeaderAmbiguity/alias_sequence (0.00s)
    --- PASS: TestReplayJournalHeaderAmbiguity/escaped_sequence (0.00s)
=== RUN   TestReplayJournalLimitChecksAttemptedStepWithoutEffect
--- PASS: TestReplayJournalLimitChecksAttemptedStepWithoutEffect (0.00s)
=== RUN   TestReplayNonStepJournalLimit
=== RUN   TestReplayNonStepJournalLimit/suspension
=== RUN   TestReplayNonStepJournalLimit/panic
--- PASS: TestReplayNonStepJournalLimit (0.01s)
    --- PASS: TestReplayNonStepJournalLimit/suspension (0.00s)
    --- PASS: TestReplayNonStepJournalLimit/panic (0.00s)
=== RUN   TestReplayRejectedSignalDrainUsesRetainedSource
--- PASS: TestReplayRejectedSignalDrainUsesRetainedSource (0.12s)
=== RUN   TestReplayLongPanicMatchesTruncatedAttempt
--- PASS: TestReplayLongPanicMatchesTruncatedAttempt (0.02s)
=== RUN   TestReplayRecordOrderBeforePlugin
=== RUN   TestReplayRecordOrderBeforePlugin/format=/index_gap
=== RUN   TestReplayRecordOrderBeforePlugin/format=/zero_sequence
=== RUN   TestReplayRecordOrderBeforePlugin/format=/repeated_sequence
=== RUN   TestReplayRecordOrderBeforePlugin/format=/backwards_epoch
=== RUN   TestReplayRecordOrderBeforePlugin/format=/repeated_started
=== RUN   TestReplayRecordOrderBeforePlugin/format=/after_terminal
=== RUN   TestReplayRecordOrderBeforePlugin/format=/unknown_kind
=== RUN   TestReplayRecordOrderBeforePlugin/format=/foreign_terminal
=== RUN   TestReplayRecordOrderBeforePlugin/format=/empty_failure
=== RUN   TestReplayRecordOrderBeforePlugin/format=graph-v1/index_gap
=== RUN   TestReplayRecordOrderBeforePlugin/format=graph-v1/zero_sequence
=== RUN   TestReplayRecordOrderBeforePlugin/format=graph-v1/repeated_sequence
=== RUN   TestReplayRecordOrderBeforePlugin/format=graph-v1/backwards_epoch
=== RUN   TestReplayRecordOrderBeforePlugin/format=graph-v1/repeated_started
=== RUN   TestReplayRecordOrderBeforePlugin/format=graph-v1/after_terminal
=== RUN   TestReplayRecordOrderBeforePlugin/format=graph-v1/unknown_kind
=== RUN   TestReplayRecordOrderBeforePlugin/format=graph-v1/foreign_terminal
=== RUN   TestReplayRecordOrderBeforePlugin/format=graph-v1/empty_failure
--- PASS: TestReplayRecordOrderBeforePlugin (0.00s)
    --- PASS: TestReplayRecordOrderBeforePlugin/format=/index_gap (0.00s)
    --- PASS: TestReplayRecordOrderBeforePlugin/format=/zero_sequence (0.00s)
    --- PASS: TestReplayRecordOrderBeforePlugin/format=/repeated_sequence (0.00s)
    --- PASS: TestReplayRecordOrderBeforePlugin/format=/backwards_epoch (0.00s)
    --- PASS: TestReplayRecordOrderBeforePlugin/format=/repeated_started (0.00s)
    --- PASS: TestReplayRecordOrderBeforePlugin/format=/after_terminal (0.00s)
    --- PASS: TestReplayRecordOrderBeforePlugin/format=/unknown_kind (0.00s)
    --- PASS: TestReplayRecordOrderBeforePlugin/format=/foreign_terminal (0.00s)
    --- PASS: TestReplayRecordOrderBeforePlugin/format=/empty_failure (0.00s)
    --- PASS: TestReplayRecordOrderBeforePlugin/format=graph-v1/index_gap (0.00s)
    --- PASS: TestReplayRecordOrderBeforePlugin/format=graph-v1/zero_sequence (0.00s)
    --- PASS: TestReplayRecordOrderBeforePlugin/format=graph-v1/repeated_sequence (0.00s)
    --- PASS: TestReplayRecordOrderBeforePlugin/format=graph-v1/backwards_epoch (0.00s)
    --- PASS: TestReplayRecordOrderBeforePlugin/format=graph-v1/repeated_started (0.00s)
    --- PASS: TestReplayRecordOrderBeforePlugin/format=graph-v1/after_terminal (0.00s)
    --- PASS: TestReplayRecordOrderBeforePlugin/format=graph-v1/unknown_kind (0.00s)
    --- PASS: TestReplayRecordOrderBeforePlugin/format=graph-v1/foreign_terminal (0.00s)
    --- PASS: TestReplayRecordOrderBeforePlugin/format=graph-v1/empty_failure (0.00s)
=== RUN   TestReplayRequestEnvelopeBeforePlugin
=== RUN   TestReplayRequestEnvelopeBeforePlugin/kind
=== RUN   TestReplayRequestEnvelopeBeforePlugin/name
=== RUN   TestReplayRequestEnvelopeBeforePlugin/hash
=== RUN   TestReplayRequestEnvelopeBeforePlugin/timer
=== RUN   TestReplayRequestEnvelopeBeforePlugin/child
=== RUN   TestReplayRequestEnvelopeBeforePlugin/cases
=== RUN   TestReplayRequestEnvelopeBeforePlugin/nested
=== RUN   TestReplayRequestEnvelopeBeforePlugin/unknown
--- PASS: TestReplayRequestEnvelopeBeforePlugin (0.00s)
    --- PASS: TestReplayRequestEnvelopeBeforePlugin/kind (0.00s)
    --- PASS: TestReplayRequestEnvelopeBeforePlugin/name (0.00s)
    --- PASS: TestReplayRequestEnvelopeBeforePlugin/hash (0.00s)
    --- PASS: TestReplayRequestEnvelopeBeforePlugin/timer (0.00s)
    --- PASS: TestReplayRequestEnvelopeBeforePlugin/child (0.00s)
    --- PASS: TestReplayRequestEnvelopeBeforePlugin/cases (0.00s)
    --- PASS: TestReplayRequestEnvelopeBeforePlugin/nested (0.00s)
    --- PASS: TestReplayRequestEnvelopeBeforePlugin/unknown (0.00s)
=== RUN   TestReplaySignalEnvelopeBeforePlugin
=== RUN   TestReplaySignalEnvelopeBeforePlugin/sequence
=== RUN   TestReplaySignalEnvelopeBeforePlugin/name
=== RUN   TestReplaySignalEnvelopeBeforePlugin/payload
=== RUN   TestReplaySignalEnvelopeBeforePlugin/reference
=== RUN   TestReplaySignalEnvelopeBeforePlugin/hash
=== RUN   TestReplaySignalEnvelopeBeforePlugin/child
=== RUN   TestReplaySignalEnvelopeBeforePlugin/canonical
=== RUN   TestReplaySignalEnvelopeBeforePlugin/unknown
--- PASS: TestReplaySignalEnvelopeBeforePlugin (0.00s)
    --- PASS: TestReplaySignalEnvelopeBeforePlugin/sequence (0.00s)
    --- PASS: TestReplaySignalEnvelopeBeforePlugin/name (0.00s)
    --- PASS: TestReplaySignalEnvelopeBeforePlugin/payload (0.00s)
    --- PASS: TestReplaySignalEnvelopeBeforePlugin/reference (0.00s)
    --- PASS: TestReplaySignalEnvelopeBeforePlugin/hash (0.00s)
    --- PASS: TestReplaySignalEnvelopeBeforePlugin/child (0.00s)
    --- PASS: TestReplaySignalEnvelopeBeforePlugin/canonical (0.00s)
    --- PASS: TestReplaySignalEnvelopeBeforePlugin/unknown (0.00s)
=== RUN   TestReplayTerminalEnvelopeBeforePlugin
=== RUN   TestReplayTerminalEnvelopeBeforePlugin/format=
=== RUN   TestReplayTerminalEnvelopeBeforePlugin/format=/duplicate_invocation
=== RUN   TestReplayTerminalEnvelopeBeforePlugin/format=/alias_invocation
=== RUN   TestReplayTerminalEnvelopeBeforePlugin/format=/escaped_invocation
=== RUN   TestReplayTerminalEnvelopeBeforePlugin/format=/duplicate_result
=== RUN   TestReplayTerminalEnvelopeBeforePlugin/format=/alias_result
=== RUN   TestReplayTerminalEnvelopeBeforePlugin/format=/duplicate_reference
=== RUN   TestReplayTerminalEnvelopeBeforePlugin/format=/alias_reference
=== RUN   TestReplayTerminalEnvelopeBeforePlugin/format=/duplicate_hash
=== RUN   TestReplayTerminalEnvelopeBeforePlugin/format=/alias_hash
=== RUN   TestReplayTerminalEnvelopeBeforePlugin/format=/duplicate_error
=== RUN   TestReplayTerminalEnvelopeBeforePlugin/format=/alias_error
=== RUN   TestReplayTerminalEnvelopeBeforePlugin/format=/duplicate_limit_request
=== RUN   TestReplayTerminalEnvelopeBeforePlugin/format=/alias_limit_request
=== RUN   TestReplayTerminalEnvelopeBeforePlugin/format=/duplicate_limit_entry
=== RUN   TestReplayTerminalEnvelopeBeforePlugin/format=/alias_limit_entry
=== RUN   TestReplayTerminalEnvelopeBeforePlugin/format=/unknown_field
=== RUN   TestReplayTerminalEnvelopeBeforePlugin/format=graph-v1
=== RUN   TestReplayTerminalEnvelopeBeforePlugin/format=graph-v1/duplicate_invocation
=== RUN   TestReplayTerminalEnvelopeBeforePlugin/format=graph-v1/alias_invocation
=== RUN   TestReplayTerminalEnvelopeBeforePlugin/format=graph-v1/escaped_invocation
=== RUN   TestReplayTerminalEnvelopeBeforePlugin/format=graph-v1/duplicate_result
=== RUN   TestReplayTerminalEnvelopeBeforePlugin/format=graph-v1/alias_result
=== RUN   TestReplayTerminalEnvelopeBeforePlugin/format=graph-v1/duplicate_reference
=== RUN   TestReplayTerminalEnvelopeBeforePlugin/format=graph-v1/alias_reference
=== RUN   TestReplayTerminalEnvelopeBeforePlugin/format=graph-v1/duplicate_hash
=== RUN   TestReplayTerminalEnvelopeBeforePlugin/format=graph-v1/alias_hash
=== RUN   TestReplayTerminalEnvelopeBeforePlugin/format=graph-v1/duplicate_error
=== RUN   TestReplayTerminalEnvelopeBeforePlugin/format=graph-v1/alias_error
=== RUN   TestReplayTerminalEnvelopeBeforePlugin/format=graph-v1/duplicate_limit_request
=== RUN   TestReplayTerminalEnvelopeBeforePlugin/format=graph-v1/alias_limit_request
=== RUN   TestReplayTerminalEnvelopeBeforePlugin/format=graph-v1/duplicate_limit_entry
=== RUN   TestReplayTerminalEnvelopeBeforePlugin/format=graph-v1/alias_limit_entry
=== RUN   TestReplayTerminalEnvelopeBeforePlugin/format=graph-v1/unknown_field
--- PASS: TestReplayTerminalEnvelopeBeforePlugin (0.01s)
    --- PASS: TestReplayTerminalEnvelopeBeforePlugin/format= (0.00s)
        --- PASS: TestReplayTerminalEnvelopeBeforePlugin/format=/duplicate_invocation (0.00s)
        --- PASS: TestReplayTerminalEnvelopeBeforePlugin/format=/alias_invocation (0.00s)
        --- PASS: TestReplayTerminalEnvelopeBeforePlugin/format=/escaped_invocation (0.00s)
        --- PASS: TestReplayTerminalEnvelopeBeforePlugin/format=/duplicate_result (0.00s)
        --- PASS: TestReplayTerminalEnvelopeBeforePlugin/format=/alias_result (0.00s)
        --- PASS: TestReplayTerminalEnvelopeBeforePlugin/format=/duplicate_reference (0.00s)
        --- PASS: TestReplayTerminalEnvelopeBeforePlugin/format=/alias_reference (0.00s)
        --- PASS: TestReplayTerminalEnvelopeBeforePlugin/format=/duplicate_hash (0.00s)
        --- PASS: TestReplayTerminalEnvelopeBeforePlugin/format=/alias_hash (0.00s)
        --- PASS: TestReplayTerminalEnvelopeBeforePlugin/format=/duplicate_error (0.00s)
        --- PASS: TestReplayTerminalEnvelopeBeforePlugin/format=/alias_error (0.00s)
        --- PASS: TestReplayTerminalEnvelopeBeforePlugin/format=/duplicate_limit_request (0.00s)
        --- PASS: TestReplayTerminalEnvelopeBeforePlugin/format=/alias_limit_request (0.00s)
        --- PASS: TestReplayTerminalEnvelopeBeforePlugin/format=/duplicate_limit_entry (0.00s)
        --- PASS: TestReplayTerminalEnvelopeBeforePlugin/format=/alias_limit_entry (0.00s)
        --- PASS: TestReplayTerminalEnvelopeBeforePlugin/format=/unknown_field (0.00s)
    --- PASS: TestReplayTerminalEnvelopeBeforePlugin/format=graph-v1 (0.00s)
        --- PASS: TestReplayTerminalEnvelopeBeforePlugin/format=graph-v1/duplicate_invocation (0.00s)
        --- PASS: TestReplayTerminalEnvelopeBeforePlugin/format=graph-v1/alias_invocation (0.00s)
        --- PASS: TestReplayTerminalEnvelopeBeforePlugin/format=graph-v1/escaped_invocation (0.00s)
        --- PASS: TestReplayTerminalEnvelopeBeforePlugin/format=graph-v1/duplicate_result (0.00s)
        --- PASS: TestReplayTerminalEnvelopeBeforePlugin/format=graph-v1/alias_result (0.00s)
        --- PASS: TestReplayTerminalEnvelopeBeforePlugin/format=graph-v1/duplicate_reference (0.00s)
        --- PASS: TestReplayTerminalEnvelopeBeforePlugin/format=graph-v1/alias_reference (0.00s)
        --- PASS: TestReplayTerminalEnvelopeBeforePlugin/format=graph-v1/duplicate_hash (0.00s)
        --- PASS: TestReplayTerminalEnvelopeBeforePlugin/format=graph-v1/alias_hash (0.00s)
        --- PASS: TestReplayTerminalEnvelopeBeforePlugin/format=graph-v1/duplicate_error (0.00s)
        --- PASS: TestReplayTerminalEnvelopeBeforePlugin/format=graph-v1/alias_error (0.00s)
        --- PASS: TestReplayTerminalEnvelopeBeforePlugin/format=graph-v1/duplicate_limit_request (0.00s)
        --- PASS: TestReplayTerminalEnvelopeBeforePlugin/format=graph-v1/alias_limit_request (0.00s)
        --- PASS: TestReplayTerminalEnvelopeBeforePlugin/format=graph-v1/duplicate_limit_entry (0.00s)
        --- PASS: TestReplayTerminalEnvelopeBeforePlugin/format=graph-v1/alias_limit_entry (0.00s)
        --- PASS: TestReplayTerminalEnvelopeBeforePlugin/format=graph-v1/unknown_field (0.00s)
=== RUN   TestOperatorStandaloneCommands
    standalone_test.go:81: set WF_OPERATOR_STANDALONE=1 for actual compiled CLI controls
--- SKIP: TestOperatorStandaloneCommands (0.00s)
=== RUN   TestOperatorStandaloneCommandsInJetStreamDomain
    standalone_test.go:88: set WF_OPERATOR_STANDALONE=1 for actual compiled CLI controls
--- SKIP: TestOperatorStandaloneCommandsInJetStreamDomain (0.00s)
FAIL
FAIL	js-wf/cmd/wf	158.050s
FAIL
