=== RUN   TestNativeCanonicalGraphOperatorCommands
=== RUN   TestNativeCanonicalGraphOperatorCommands/R3Domain
    graph_test.go:150: GRAPH_OPERATOR_CALL_BEGIN operation=start domain=WFGRAPHOPS fixture_remaining=1m57.90501261s
    graph_test.go:153: GRAPH_OPERATOR_CALL_END operation=start domain=WFGRAPHOPS wall=3.388760176s api_requests=213 fixture_remaining=1m54.516253616s error=%!q(<nil>)
    graph_test.go:150: GRAPH_OPERATOR_CALL_BEGIN operation=signal domain=WFGRAPHOPS fixture_remaining=1m54.516172252s
    graph_test.go:153: GRAPH_OPERATOR_CALL_END operation=signal domain=WFGRAPHOPS wall=6.316595348s api_requests=406 fixture_remaining=1m48.199576734s error=%!q(<nil>)
    graph_test.go:150: GRAPH_OPERATOR_CALL_BEGIN operation=result domain=WFGRAPHOPS fixture_remaining=1m48.199464043s
    graph_test.go:153: GRAPH_OPERATOR_CALL_END operation=result domain=WFGRAPHOPS wall=6.449015416s api_requests=452 fixture_remaining=1m41.750447526s error=%!q(<nil>)
    graph_test.go:150: GRAPH_OPERATOR_CALL_BEGIN operation=result domain=WFGRAPHOPS fixture_remaining=1m41.541372725s
    graph_test.go:153: GRAPH_OPERATOR_CALL_END operation=result domain=WFGRAPHOPS wall=1.574075323s api_requests=125 fixture_remaining=1m39.967298403s error=%!q(<nil>)
    graph_test.go:150: GRAPH_OPERATOR_CALL_BEGIN operation=export-journal domain=WFGRAPHOPS fixture_remaining=1m39.962630374s
    graph_test.go:153: GRAPH_OPERATOR_CALL_END operation=export-journal domain=WFGRAPHOPS wall=279.914126ms api_requests=131 fixture_remaining=1m39.682718541s error=%!q(<nil>)
    graph_test.go:150: GRAPH_OPERATOR_CALL_BEGIN operation=export-replay domain=WFGRAPHOPS fixture_remaining=1m39.668137867s
    graph_test.go:153: GRAPH_OPERATOR_CALL_END operation=export-replay domain=WFGRAPHOPS wall=6.44407463s api_requests=384 fixture_remaining=1m33.224063256s error=%!q(<nil>)
    graph_test.go:150: GRAPH_OPERATOR_CALL_BEGIN operation=replay domain=WFGRAPHOPS fixture_remaining=1m23.843796225s
    graph_test.go:153: GRAPH_OPERATOR_CALL_END operation=replay domain=WFGRAPHOPS wall=6.243675519s api_requests=381 fixture_remaining=1m17.600124422s error=%!q(<nil>)
    graph_test.go:150: GRAPH_OPERATOR_CALL_BEGIN operation=list domain=WFGRAPHOPS fixture_remaining=1m8.933868504s
    graph_test.go:153: GRAPH_OPERATOR_CALL_END operation=list domain=WFGRAPHOPS wall=513.258049ms api_requests=202 fixture_remaining=1m8.420612068s error=%!q(<nil>)
    graph_test.go:150: GRAPH_OPERATOR_CALL_BEGIN operation=lag domain=WFGRAPHOPS fixture_remaining=1m8.420452045s
    graph_test.go:153: GRAPH_OPERATOR_CALL_END operation=lag domain=WFGRAPHOPS wall=41.132463ms api_requests=19 fixture_remaining=1m8.379319272s error=%!q(<nil>)
    graph_test.go:150: GRAPH_OPERATOR_CALL_BEGIN operation=describe domain=WFGRAPHOPS fixture_remaining=1m8.379182564s
    graph_test.go:153: GRAPH_OPERATOR_CALL_END operation=describe domain=WFGRAPHOPS wall=366.430687ms api_requests=137 fixture_remaining=1m8.012751306s error=%!q(<nil>)
    graph_test.go:150: GRAPH_OPERATOR_CALL_BEGIN operation=other domain=WFGRAPHOPS fixture_remaining=1m8.012673638s
    graph_test.go:153: GRAPH_OPERATOR_CALL_END operation=other domain=WFGRAPHOPS wall=78.403844ms api_requests=18 fixture_remaining=1m7.934268732s error=%!q(<nil>)
    graph_test.go:150: GRAPH_OPERATOR_CALL_BEGIN operation=other domain=WFGRAPHOPS fixture_remaining=1m7.932898969s
    graph_test.go:153: GRAPH_OPERATOR_CALL_END operation=other domain=WFGRAPHOPS wall=51.544197ms api_requests=18 fixture_remaining=1m7.881355434s error=%!q(<nil>)
    graph_test.go:150: GRAPH_OPERATOR_CALL_BEGIN operation=other domain=WFGRAPHOPS fixture_remaining=1m7.881255402s
    graph_test.go:153: GRAPH_OPERATOR_CALL_END operation=other domain=WFGRAPHOPS wall=51.074292ms api_requests=20 fixture_remaining=1m7.830180538s error=%!q(<nil>)
    graph_test.go:150: GRAPH_OPERATOR_CALL_BEGIN operation=other domain=WFGRAPHOPS fixture_remaining=1m7.830091553s
    graph_test.go:153: GRAPH_OPERATOR_CALL_END operation=other domain=WFGRAPHOPS wall=314.115997ms api_requests=134 fixture_remaining=1m7.515975715s error=%!q(<nil>)
    graph_test.go:150: GRAPH_OPERATOR_CALL_BEGIN operation=other domain=WFGRAPHOPS fixture_remaining=1m7.515887321s
    graph_test.go:153: GRAPH_OPERATOR_CALL_END operation=other domain=WFGRAPHOPS wall=458.576909ms api_requests=136 fixture_remaining=1m7.057292585s error=%!q(<nil>)
    graph_test.go:150: GRAPH_OPERATOR_CALL_BEGIN operation=other domain=WFGRAPHOPS fixture_remaining=1m7.051691708s
    graph_test.go:153: GRAPH_OPERATOR_CALL_END operation=other domain=WFGRAPHOPS wall=89.369661ms api_requests=23 fixture_remaining=1m6.962322628s error=%!q(<nil>)
    graph_test.go:150: GRAPH_OPERATOR_CALL_BEGIN operation=other domain=WFGRAPHOPS fixture_remaining=1m6.960977733s
    graph_test.go:153: GRAPH_OPERATOR_CALL_END operation=other domain=WFGRAPHOPS wall=99.776406ms api_requests=31 fixture_remaining=1m6.861200715s error=%!q(<nil>)
    graph_test.go:150: GRAPH_OPERATOR_CALL_BEGIN operation=export-journal domain=WFGRAPHOPS fixture_remaining=1m5.609437637s
    graph_test.go:153: GRAPH_OPERATOR_CALL_END operation=export-journal domain=WFGRAPHOPS wall=449.572393ms api_requests=146 fixture_remaining=1m5.159866396s error=%!q(<nil>)
    graph_test.go:150: GRAPH_OPERATOR_CALL_BEGIN operation=start domain=WFGRAPHOPS fixture_remaining=1m5.159752342s
    graph_test.go:153: GRAPH_OPERATOR_CALL_END operation=start domain=WFGRAPHOPS wall=580.852058ms api_requests=127 fixture_remaining=1m4.578900595s error=%!q(<nil>)
    graph_test.go:150: GRAPH_OPERATOR_CALL_BEGIN operation=cancel domain=WFGRAPHOPS fixture_remaining=1m4.57884466s
    graph_test.go:153: GRAPH_OPERATOR_CALL_END operation=cancel domain=WFGRAPHOPS wall=1.413012864s api_requests=367 fixture_remaining=1m3.165830925s error=%!q(<nil>)
    graph_test.go:150: GRAPH_OPERATOR_CALL_BEGIN operation=result domain=WFGRAPHOPS fixture_remaining=1m3.165671012s
    graph_test.go:153: GRAPH_OPERATOR_CALL_END operation=result domain=WFGRAPHOPS wall=1.493397535s api_requests=168 fixture_remaining=1m1.672274278s error="workflow cancelled"
    graph_test.go:150: GRAPH_OPERATOR_CALL_BEGIN operation=purge domain=WFGRAPHOPS fixture_remaining=1m1.640690767s
    graph_test.go:153: GRAPH_OPERATOR_CALL_END operation=purge domain=WFGRAPHOPS wall=1.486544608s api_requests=153 fixture_remaining=1m0.154147001s error=%!q(<nil>)
    graph_test.go:150: GRAPH_OPERATOR_CALL_BEGIN operation=result domain=WFGRAPHOPS fixture_remaining=1m0.153930582s
    graph_test.go:153: GRAPH_OPERATOR_CALL_END operation=result domain=WFGRAPHOPS wall=29.43321ms api_requests=14 fixture_remaining=1m0.124497682s error="workflow invocation was purged"
    graph_test.go:453: canonical CLI large Start/Signal/result, forged mirror ignored, canonical online/offline replay after source/blob deletion, canonical CLI project/list/lag and isolated page while worker active, history/scans, dry-run/apply terminal restoration, cancellation, purge and effect one; domain=WFGRAPHOPS requests=3805 wrong=0
    graph_test.go:215: graph project subprocess joined; legacy journal requests zero and domain API verified
--- PASS: TestNativeCanonicalGraphOperatorCommands (61.17s)
    --- PASS: TestNativeCanonicalGraphOperatorCommands/R3Domain (61.17s)
PASS
ok  	js-wf/cmd/wf	62.277s
