=== RUN   TestGraphVisibilityCanonicalRowsAndUncertainty
=== RUN   TestGraphVisibilityCanonicalRowsAndUncertainty/ordinary
    graph_test.go:307: mode=ordinary canonical status/attributes, no input body reads, bounded catalog and lag
=== RUN   TestGraphVisibilityCanonicalRowsAndUncertainty/catalog-unknown
=== RUN   TestGraphVisibilityCanonicalRowsAndUncertainty/source-forged
=== RUN   TestGraphVisibilityCanonicalRowsAndUncertainty/lease-held
    graph_test.go:307: mode=lease-held canonical status/attributes, no input body reads, bounded catalog and lag
=== RUN   TestGraphVisibilityCanonicalRowsAndUncertainty/lease-unknown
=== RUN   TestGraphVisibilityCanonicalRowsAndUncertainty/completed-lease-held
    graph_test.go:241: terminal=completed held_lease=true owned_history_verified=true input_body_reads=0
=== RUN   TestGraphVisibilityCanonicalRowsAndUncertainty/failed-lease-held
    graph_test.go:241: terminal=failed held_lease=true owned_history_verified=true input_body_reads=0
=== RUN   TestGraphVisibilityCanonicalRowsAndUncertainty/completed-lease-held-history-unknown
    graph_test.go:200: terminal summary bypassed unknown owned history simulated transport lost
=== RUN   TestGraphVisibilityCanonicalRowsAndUncertainty/retired
    graph_test.go:307: mode=retired canonical status/attributes, no input body reads, bounded catalog and lag
--- FAIL: TestGraphVisibilityCanonicalRowsAndUncertainty (0.37s)
    --- PASS: TestGraphVisibilityCanonicalRowsAndUncertainty/ordinary (0.06s)
    --- PASS: TestGraphVisibilityCanonicalRowsAndUncertainty/catalog-unknown (0.03s)
    --- PASS: TestGraphVisibilityCanonicalRowsAndUncertainty/source-forged (0.04s)
    --- PASS: TestGraphVisibilityCanonicalRowsAndUncertainty/lease-held (0.06s)
    --- PASS: TestGraphVisibilityCanonicalRowsAndUncertainty/lease-unknown (0.03s)
    --- PASS: TestGraphVisibilityCanonicalRowsAndUncertainty/completed-lease-held (0.04s)
    --- PASS: TestGraphVisibilityCanonicalRowsAndUncertainty/failed-lease-held (0.04s)
    --- FAIL: TestGraphVisibilityCanonicalRowsAndUncertainty/completed-lease-held-history-unknown (0.03s)
    --- PASS: TestGraphVisibilityCanonicalRowsAndUncertainty/retired (0.05s)
=== RUN   TestGraphPostgresVisibilityCanonicalRowsAndUncertainty
    graph_test.go:93: set WF_TEST_POSTGRES_DSN
--- SKIP: TestGraphPostgresVisibilityCanonicalRowsAndUncertainty (0.00s)
=== RUN   TestGraphVisibilityConfiguration
--- PASS: TestGraphVisibilityConfiguration (0.00s)
=== RUN   TestVisibilityPageCursorAndBounds
--- PASS: TestVisibilityPageCursorAndBounds (0.00s)
=== RUN   TestPostgresNamespaceIsolation
    postgres_namespace_test.go:17: set WF_TEST_POSTGRES_DSN
--- SKIP: TestPostgresNamespaceIsolation (0.00s)
=== RUN   TestProjectionReaderNativeConsumerDeletion
    projection_reader_native_test.go:102: R3 file source: 600 retained inputs across sequence holes; consumer XcCDKbfYhDs7q7pflfZOQS_1 deleted and recovered as XcCDKbfYhDs7q7pflfZOQS_2
--- PASS: TestProjectionReaderNativeConsumerDeletion (4.44s)
=== RUN   TestProjectionReaderSeededRetainedHolesAndWatermark
--- PASS: TestProjectionReaderSeededRetainedHolesAndWatermark (2.36s)
=== RUN   TestProjectionReaderFailureDoesNotCertifyEmptySource
=== RUN   TestProjectionReaderFailureDoesNotCertifyEmptySource/permanent_projection_source_failure
=== RUN   TestProjectionReaderFailureDoesNotCertifyEmptySource/nats:_no_responders_available_for_request
=== RUN   TestProjectionReaderFailureDoesNotCertifyEmptySource/nats:_messages_iterator_closed
--- PASS: TestProjectionReaderFailureDoesNotCertifyEmptySource (0.00s)
    --- PASS: TestProjectionReaderFailureDoesNotCertifyEmptySource/permanent_projection_source_failure (0.00s)
    --- PASS: TestProjectionReaderFailureDoesNotCertifyEmptySource/nats:_no_responders_available_for_request (0.00s)
    --- PASS: TestProjectionReaderFailureDoesNotCertifyEmptySource/nats:_messages_iterator_closed (0.00s)
=== RUN   TestProjectionReaderCancellationWhileOutputBlocked
--- PASS: TestProjectionReaderCancellationWhileOutputBlocked (0.00s)
=== RUN   TestProjectionReaderZeroPendingWithUnobservedDelivery
--- PASS: TestProjectionReaderZeroPendingWithUnobservedDelivery (0.00s)
=== RUN   TestProjectionReaderMissingConsumerDoesNotCertifyEmptySource
--- PASS: TestProjectionReaderMissingConsumerDoesNotCertifyEmptySource (0.00s)
FAIL
FAIL	js-wf/visibility	7.196s
FAIL
