=== RUN   TestWorkerRunnerCompletesWorkflowAndServesMetricsInJetStreamDomain
=== RUN   TestWorkerRunnerCompletesWorkflowAndServesMetricsInJetStreamDomain/static
    domain_test.go:17: worker domain admitted node=0 domain=WFWORKER server_id=NCFCZBPSIPUGGQZYZCZNKDITJNBKG4GWEJU6LQJ6ZEBQLRMRX2ZXADNH
    domain_test.go:17: worker domain admitted node=1 domain=WFWORKER server_id=NCVPQAJHSAXCA4C7P3VM6UDUKMQGHTZIZ6VAAZG3N25AED3T2CJID4QC
    domain_test.go:17: worker domain admitted node=2 domain=WFWORKER server_id=NBHUVMT3DJS77BD3M5CORYDWEAH7KKL3MDLWGGXUYQY4MUIBMGUZL52Y
=== RUN   TestWorkerRunnerCompletesWorkflowAndServesMetricsInJetStreamDomain/kv
    domain_test.go:17: worker domain admitted node=0 domain=WFWORKER server_id=NBRP46KFEGU2IN3WF3URSPBPVUB4AIMXTY34YXXTRGY2YDZJX5FNSSHP
    domain_test.go:17: worker domain admitted node=1 domain=WFWORKER server_id=ND7Y5DGUKOX4ABW5HJ7HYRAYLC2WC3RIRPFLLKAQZ4SGC4ITF57ODEPH
    domain_test.go:17: worker domain admitted node=2 domain=WFWORKER server_id=NDRQ63GJ4WMHZCDNPNZ3RDG5U5VXVZFZPEUY5NSIHL5XAWMWRXLWLQ4J
=== RUN   TestWorkerRunnerCompletesWorkflowAndServesMetricsInJetStreamDomain/auto
    domain_test.go:17: worker domain admitted node=0 domain=WFWORKER server_id=NDQOTXH6WHLINLVBVUPJEHS6GYPHQVDVV2WP4ODQQHQKEOWPMNKBRQR2
    domain_test.go:17: worker domain admitted node=1 domain=WFWORKER server_id=NDRQBHA22BMOKO64WGO6R7J6KFJISGO7HJYZ7PSZWMWXSMDB64EMHA65
    domain_test.go:17: worker domain admitted node=2 domain=WFWORKER server_id=NC4EMB7MP3FLDA2C5UKB2BXP2KOX47ZQEDYFG3CO3ZSOFIJYRKZKH4X4
--- PASS: TestWorkerRunnerCompletesWorkflowAndServesMetricsInJetStreamDomain (37.54s)
    --- PASS: TestWorkerRunnerCompletesWorkflowAndServesMetricsInJetStreamDomain/static (16.78s)
    --- PASS: TestWorkerRunnerCompletesWorkflowAndServesMetricsInJetStreamDomain/kv (8.60s)
    --- PASS: TestWorkerRunnerCompletesWorkflowAndServesMetricsInJetStreamDomain/auto (10.44s)
=== RUN   TestWorkerRunnerCompletesWorkflowAndServesMetrics
=== RUN   TestWorkerRunnerCompletesWorkflowAndServesMetrics/static
=== RUN   TestWorkerRunnerCompletesWorkflowAndServesMetrics/kv
=== RUN   TestWorkerRunnerCompletesWorkflowAndServesMetrics/auto
--- PASS: TestWorkerRunnerCompletesWorkflowAndServesMetrics (2.12s)
    --- PASS: TestWorkerRunnerCompletesWorkflowAndServesMetrics/static (0.73s)
    --- PASS: TestWorkerRunnerCompletesWorkflowAndServesMetrics/kv (0.70s)
    --- PASS: TestWorkerRunnerCompletesWorkflowAndServesMetrics/auto (0.69s)
=== RUN   TestWorkerRunnerStartsAfterServerRestart
--- PASS: TestWorkerRunnerStartsAfterServerRestart (0.77s)
=== RUN   TestWorkerRunnerStartsAfterServerRestartInJetStreamDomain
    main_test.go:141: worker domain admitted node=0 domain=WFWORKER server_id=NCHNNDX2K46NVADTW677DZRMWURBP6WYX7EKGPOFVWEOP47MUPFHCIPZ
    main_test.go:141: worker domain admitted node=1 domain=WFWORKER server_id=NDHFYOOWYSI7BOUROLVV5O33AQWZT7BT5ACR2BONME5UQAXA6F7SPKJ4
    main_test.go:141: worker domain admitted node=2 domain=WFWORKER server_id=NCPGFTP6RTSSFBQSNK5SW5W437OQULQAD27SXBZDT2QP5XX5WROBEFFF
--- PASS: TestWorkerRunnerStartsAfterServerRestartInJetStreamDomain (8.72s)
PASS
ok  	js-wf/cmd/wf-worker	50.231s
