=== RUN   TestWorkerRunnerCompletesWorkflowAndServesMetricsInJetStreamDomain
=== RUN   TestWorkerRunnerCompletesWorkflowAndServesMetricsInJetStreamDomain/static
    domain_test.go:19: worker domain admitted node=0 domain=WFWORKER server_id=NBFCN4IOKF2RM2RU74PLQXPG5CAOLCL37CBK7IP6UM4P7J565V5DKG2N
    domain_test.go:19: worker domain admitted node=1 domain=WFWORKER server_id=NBQHTAQAKT3NVBJPD53LFBPHU5U6F3KDJ64OELMZDAOSN7LPJF472SF2
    domain_test.go:19: worker domain admitted node=2 domain=WFWORKER server_id=NAC6E2WSSPH22CSEYKK2E3O7JJJRP5MC6HTY2P3OCT53ZLPTY3KJGLBX
    domain_test.go:72: worker real domain=WFWORKER domain_api_requests=1488 wrong_prefix_requests=0
=== RUN   TestWorkerRunnerCompletesWorkflowAndServesMetricsInJetStreamDomain/kv
    domain_test.go:19: worker domain admitted node=0 domain=WFWORKER server_id=NAJ2GOGCKF6PS2DHOFUV75LQ4A6FMGIVNOVWH35CCXUSGGMRUYG7SFLV
    domain_test.go:19: worker domain admitted node=1 domain=WFWORKER server_id=NBVZFX4NW4R4KUK4WG4GSRS6X3UFS3QOADXDNZD5IVR3Y24LU6OFIUQJ
    domain_test.go:19: worker domain admitted node=2 domain=WFWORKER server_id=NBKQFPD3BDQUWCXESCVFBSTIZ2XWNHUODSIZLYDJSB3BVFER626B5OIX
    domain_test.go:72: worker real domain=WFWORKER domain_api_requests=1144 wrong_prefix_requests=0
=== RUN   TestWorkerRunnerCompletesWorkflowAndServesMetricsInJetStreamDomain/auto
    domain_test.go:19: worker domain admitted node=0 domain=WFWORKER server_id=NCI4P7ZGXB3JZ6TNMAUUEX6DIVXW2KCZ6CC3Z5TEVUBFKHCGAMS6QB36
    domain_test.go:19: worker domain admitted node=1 domain=WFWORKER server_id=NAEUBUS6746TBR6WDUWHXNRF273Y66LP7WDAZH2HULJ65HVWDYUZJABJ
    domain_test.go:19: worker domain admitted node=2 domain=WFWORKER server_id=NBGNHEKODEBGEFA7IHAH5MP7UWLVZ6GHHHU3J6KL3KUJRSUMJ3VYXGSL
    domain_test.go:72: worker real domain=WFWORKER domain_api_requests=2342 wrong_prefix_requests=0
--- PASS: TestWorkerRunnerCompletesWorkflowAndServesMetricsInJetStreamDomain (31.57s)
    --- PASS: TestWorkerRunnerCompletesWorkflowAndServesMetricsInJetStreamDomain/static (10.56s)
    --- PASS: TestWorkerRunnerCompletesWorkflowAndServesMetricsInJetStreamDomain/kv (8.64s)
    --- PASS: TestWorkerRunnerCompletesWorkflowAndServesMetricsInJetStreamDomain/auto (10.78s)
=== RUN   TestWorkerRunnerCompletesWorkflowAndServesMetrics
=== RUN   TestWorkerRunnerCompletesWorkflowAndServesMetrics/static
=== RUN   TestWorkerRunnerCompletesWorkflowAndServesMetrics/kv
=== RUN   TestWorkerRunnerCompletesWorkflowAndServesMetrics/auto
--- PASS: TestWorkerRunnerCompletesWorkflowAndServesMetrics (2.10s)
    --- PASS: TestWorkerRunnerCompletesWorkflowAndServesMetrics/static (0.74s)
    --- PASS: TestWorkerRunnerCompletesWorkflowAndServesMetrics/kv (0.63s)
    --- PASS: TestWorkerRunnerCompletesWorkflowAndServesMetrics/auto (0.74s)
=== RUN   TestWorkerRunnerStartsAfterServerRestart
--- PASS: TestWorkerRunnerStartsAfterServerRestart (0.74s)
=== RUN   TestWorkerRunnerStartsAfterServerRestartInJetStreamDomain
    main_test.go:141: worker domain admitted node=0 domain=WFWORKER server_id=NCQTHITLT6IK367SQLQ4E635WLMJ2DBI3U76UFGVYHNJTD3Y5YZZR24R
    main_test.go:141: worker domain admitted node=1 domain=WFWORKER server_id=NARCM6O6OQMO54EPCQFZ5G6UCUN3JAZZZSTGWPMDE7KTSNDSM7HYYPKY
    main_test.go:141: worker domain admitted node=2 domain=WFWORKER server_id=NAQSNC7VJADSXABVIFPB4EOGOPJNCFQ2ECYGTMZ5JE77MCTZRM7CSILG
    domain_test.go:72: worker real domain=WFWORKER domain_api_requests=183 wrong_prefix_requests=0
--- PASS: TestWorkerRunnerStartsAfterServerRestartInJetStreamDomain (8.70s)
PASS
ok  	js-wf/cmd/wf-worker	44.199s
