=== RUN   TestNativeGraphCheckpointMaterializedReferences
=== RUN   TestNativeGraphCheckpointMaterializedReferences/R1
    graph_checkpoint_test.go:299: promise aliases=2 completion_payload_edges=3 materialized_index=4 blocked_prefix_reads=0
=== RUN   TestNativeGraphCheckpointMaterializedReferences/R3Domain
    graph_checkpoint_test.go:299: promise aliases=2 completion_payload_edges=3 materialized_index=4 blocked_prefix_reads=0
--- PASS: TestNativeGraphCheckpointMaterializedReferences (11.96s)
    --- PASS: TestNativeGraphCheckpointMaterializedReferences/R1 (4.56s)
    --- PASS: TestNativeGraphCheckpointMaterializedReferences/R3Domain (7.40s)
=== RUN   TestNativeGraphContinuationHandoff
=== RUN   TestNativeGraphContinuationHandoff/R1
=== RUN   TestNativeGraphContinuationHandoff/R3Domain
--- PASS: TestNativeGraphContinuationHandoff (22.19s)
    --- PASS: TestNativeGraphContinuationHandoff/R1 (8.14s)
    --- PASS: TestNativeGraphContinuationHandoff/R3Domain (14.05s)
=== RUN   TestNativeGraphUnpublishedContinuationHandoff
=== RUN   TestNativeGraphUnpublishedContinuationHandoff/R1
=== RUN   TestNativeGraphUnpublishedContinuationHandoff/R3Domain
--- PASS: TestNativeGraphUnpublishedContinuationHandoff (17.21s)
    --- PASS: TestNativeGraphUnpublishedContinuationHandoff/R1 (7.04s)
    --- PASS: TestNativeGraphUnpublishedContinuationHandoff/R3Domain (10.17s)
PASS
ok  	js-wf/worker	52.441s
