=== RUN   TestNativeGraphCheckpointMaterializedReferences
=== RUN   TestNativeGraphCheckpointMaterializedReferences/R1
    graph_checkpoint_test.go:204: payload not atomically materialized [{1c9d648fca7a5dffec541d7947e8c589453032cbee2bf012865e5ef0d5e8496e {1 1c9d648fca7a5dffec541d7947e8c589453032cbee2bf012865e5ef0d5e8496e/1/6661326466363337626565653365653533646563333765353235343034623630-3433366665663465653237323438333738346233373864316264656165393865}} {4daa0b459afab544c16aa70125d5928f51cfe5e55230abe4d74d30a9c689d076 {1 4daa0b459afab544c16aa70125d5928f51cfe5e55230abe4d74d30a9c689d076/1/6661326466363337626565653365653533646563333765353235343034623630-6333653361363334626664313136316162353933303236663537626139316137}} {54df4f360a11b02b1ba60b57943a0c01b153691de5c7ae0ad1e809144ea14539 {1 54df4f360a11b02b1ba60b57943a0c01b153691de5c7ae0ad1e809144ea14539/1/6233313561383437626662653332333666393134316461323266653035313465-6330373233636339393030666238656539396430666165663161653963616161}}] {4 {54df4f360a11b02b1ba60b57943a0c01b153691de5c7ae0ad1e809144ea14539 {1 54df4f360a11b02b1ba60b57943a0c01b153691de5c7ae0ad1e809144ea14539/1/6233313561383437626662653332333666393134316461323266653035313465-6330373233636339393030666238656539396430666165663161653963616161}}}
=== RUN   TestNativeGraphCheckpointMaterializedReferences/R3Domain
    graph_checkpoint_test.go:204: payload not atomically materialized [{1c9d648fca7a5dffec541d7947e8c589453032cbee2bf012865e5ef0d5e8496e {1 1c9d648fca7a5dffec541d7947e8c589453032cbee2bf012865e5ef0d5e8496e/1/3738326264313739303434623136316232626664346464333836623936636235-3738663563316566633637356162313838313237396661663161656364373532}} {4daa0b459afab544c16aa70125d5928f51cfe5e55230abe4d74d30a9c689d076 {1 4daa0b459afab544c16aa70125d5928f51cfe5e55230abe4d74d30a9c689d076/1/3738326264313739303434623136316232626664346464333836623936636235-3132333432386530613465303465386436343634303431343861666438653931}} {54df4f360a11b02b1ba60b57943a0c01b153691de5c7ae0ad1e809144ea14539 {1 54df4f360a11b02b1ba60b57943a0c01b153691de5c7ae0ad1e809144ea14539/1/6362633531333861626533386466383962356138306163656333646266376566-3365663530313334656635353366616530363765656435396566643732633431}}] {4 {54df4f360a11b02b1ba60b57943a0c01b153691de5c7ae0ad1e809144ea14539 {1 54df4f360a11b02b1ba60b57943a0c01b153691de5c7ae0ad1e809144ea14539/1/6362633531333861626533386466383962356138306163656333646266376566-3365663530313334656635353366616530363765656435396566643732633431}}}
--- FAIL: TestNativeGraphCheckpointMaterializedReferences (4.25s)
    --- FAIL: TestNativeGraphCheckpointMaterializedReferences/R1 (1.24s)
    --- FAIL: TestNativeGraphCheckpointMaterializedReferences/R3Domain (3.01s)
=== RUN   TestNativeGraphContinuationSDKFlow
=== RUN   TestNativeGraphContinuationSDKFlow/R1
    graph_continuation_sdk_test.go:243: SDK initial/next/finish=map[finish:1 initial:1 next:1] effects=2 records=20 result=43
=== RUN   TestNativeGraphContinuationSDKFlow/R3Domain
    graph_continuation_sdk_test.go:243: SDK initial/next/finish=map[finish:1 initial:1 next:1] effects=2 records=20 result=43
--- PASS: TestNativeGraphContinuationSDKFlow (20.61s)
    --- PASS: TestNativeGraphContinuationSDKFlow/R1 (7.15s)
    --- PASS: TestNativeGraphContinuationSDKFlow/R3Domain (13.45s)
=== RUN   TestNativeGraphContinuationSDKPartitionFlow
=== RUN   TestNativeGraphContinuationSDKPartitionFlow/R1
    graph_continuation_sdk_test.go:243: SDK initial/next/finish=map[finish:1 initial:1 next:1] effects=2 records=20 result=43
=== RUN   TestNativeGraphContinuationSDKPartitionFlow/R3Domain
    graph_continuation_sdk_test.go:243: SDK initial/next/finish=map[finish:1 initial:1 next:1] effects=2 records=20 result=43
--- PASS: TestNativeGraphContinuationSDKPartitionFlow (20.92s)
    --- PASS: TestNativeGraphContinuationSDKPartitionFlow/R1 (8.58s)
    --- PASS: TestNativeGraphContinuationSDKPartitionFlow/R3Domain (12.35s)
FAIL
FAIL	js-wf/worker	45.812s
FAIL
