=== RUN   TestContinuationPreservesGlobalJournalLimitAndTerminalSlot
    continuation_limit_test.go:41: continuation global limit: budget=16 logical_entries=16 anchor=9 sdk_offset=8 effects=0 archive_reads=0 frame_reads=1 offline_steps=11 continuations=2 initial_before=1 middle_before=1
--- PASS: TestContinuationPreservesGlobalJournalLimitAndTerminalSlot (4.21s)
=== RUN   TestNativeGraphContinuationSDKFlow
=== RUN   TestNativeGraphContinuationSDKFlow/R1
    graph_continuation_sdk_test.go:274: SDK initial/next/finish=map[finish:1 initial:1 next:1] effects=2 records=20 result=43
=== RUN   TestNativeGraphContinuationSDKFlow/R3Domain
    graph_continuation_sdk_test.go:274: SDK initial/next/finish=map[finish:1 initial:1 next:1] effects=2 records=20 result=43
--- PASS: TestNativeGraphContinuationSDKFlow (22.59s)
    --- PASS: TestNativeGraphContinuationSDKFlow/R1 (9.27s)
    --- PASS: TestNativeGraphContinuationSDKFlow/R3Domain (13.32s)
=== RUN   TestNativeGraphContinuationSDKPartitionFlow
=== RUN   TestNativeGraphContinuationSDKPartitionFlow/R1
    graph_continuation_sdk_test.go:274: SDK initial/next/finish=map[finish:1 initial:1 next:1] effects=2 records=20 result=43
=== RUN   TestNativeGraphContinuationSDKPartitionFlow/R3Domain
    graph_continuation_sdk_test.go:274: SDK initial/next/finish=map[finish:1 initial:1 next:1] effects=2 records=20 result=43
--- PASS: TestNativeGraphContinuationSDKPartitionFlow (25.28s)
    --- PASS: TestNativeGraphContinuationSDKPartitionFlow/R1 (10.37s)
    --- PASS: TestNativeGraphContinuationSDKPartitionFlow/R3Domain (14.91s)
=== RUN   TestNativeGraphContinuationBufferedSignals
=== RUN   TestNativeGraphContinuationBufferedSignals/R1
    graph_continuation_sdk_test.go:274: SDK initial/next/finish=map[finish:1 initial:1 next:1] effects=2 records=26 result=43
=== RUN   TestNativeGraphContinuationBufferedSignals/R3Domain
    graph_continuation_sdk_test.go:274: SDK initial/next/finish=map[finish:1 initial:1 next:1] effects=2 records=26 result=43
--- PASS: TestNativeGraphContinuationBufferedSignals (33.12s)
    --- PASS: TestNativeGraphContinuationBufferedSignals/R1 (14.12s)
    --- PASS: TestNativeGraphContinuationBufferedSignals/R3Domain (19.00s)
PASS
ok  	js-wf/worker	86.238s
