=== RUN   TestGraphCompactionStageRenewalPauseResumeAndFences
=== RUN   TestGraphCompactionStageRenewalPauseResumeAndFences/normal
    compaction_stage_renewal_test.go:164: renewal incomplete true <nil>
=== RUN   TestGraphCompactionStageRenewalPauseResumeAndFences/resume-before
    compaction_stage_renewal_test.go:164: renewal incomplete true <nil>
=== RUN   TestGraphCompactionStageRenewalPauseResumeAndFences/resume-after
    compaction_stage_renewal_test.go:164: renewal incomplete true <nil>
=== RUN   TestGraphCompactionStageRenewalPauseResumeAndFences/repeated
    compaction_stage_renewal_test.go:164: renewal incomplete true <nil>
=== RUN   TestGraphCompactionStageRenewalPauseResumeAndFences/empty
    compaction_stage_renewal_test.go:164: renewal incomplete true <nil>
=== RUN   TestGraphCompactionStageRenewalPauseResumeAndFences/complete
    compaction_stage_renewal_test.go:164: renewal incomplete true <nil>
=== RUN   TestGraphCompactionStageRenewalPauseResumeAndFences/cancel
    compaction_stage_renewal_test.go:164: renewal incomplete true <nil>
=== RUN   TestGraphCompactionStageRenewalPauseResumeAndFences/drop
    compaction_stage_renewal_test.go:164: renewal incomplete true <nil>
=== RUN   TestGraphCompactionStageRenewalPauseResumeAndFences/lost
    compaction_stage_renewal_test.go:164: renewal incomplete true <nil>
=== RUN   TestGraphCompactionStageRenewalPauseResumeAndFences/upload-drop
    compaction_stage_renewal_test.go:164: renewal incomplete true <nil>
=== RUN   TestGraphCompactionStageRenewalPauseResumeAndFences/upload-lost
    compaction_stage_renewal_test.go:164: renewal incomplete true <nil>
=== RUN   TestGraphCompactionStageRenewalPauseResumeAndFences/expired
=== RUN   TestGraphCompactionStageRenewalPauseResumeAndFences/collector
=== RUN   TestGraphCompactionStageRenewalPauseResumeAndFences/append
--- FAIL: TestGraphCompactionStageRenewalPauseResumeAndFences (0.07s)
    --- FAIL: TestGraphCompactionStageRenewalPauseResumeAndFences/normal (0.00s)
    --- FAIL: TestGraphCompactionStageRenewalPauseResumeAndFences/resume-before (0.00s)
    --- FAIL: TestGraphCompactionStageRenewalPauseResumeAndFences/resume-after (0.00s)
    --- FAIL: TestGraphCompactionStageRenewalPauseResumeAndFences/repeated (0.00s)
    --- FAIL: TestGraphCompactionStageRenewalPauseResumeAndFences/empty (0.00s)
    --- FAIL: TestGraphCompactionStageRenewalPauseResumeAndFences/complete (0.00s)
    --- FAIL: TestGraphCompactionStageRenewalPauseResumeAndFences/cancel (0.00s)
    --- FAIL: TestGraphCompactionStageRenewalPauseResumeAndFences/drop (0.00s)
    --- FAIL: TestGraphCompactionStageRenewalPauseResumeAndFences/lost (0.00s)
    --- FAIL: TestGraphCompactionStageRenewalPauseResumeAndFences/upload-drop (0.00s)
    --- FAIL: TestGraphCompactionStageRenewalPauseResumeAndFences/upload-lost (0.00s)
    --- PASS: TestGraphCompactionStageRenewalPauseResumeAndFences/expired (0.00s)
    --- PASS: TestGraphCompactionStageRenewalPauseResumeAndFences/collector (0.00s)
    --- PASS: TestGraphCompactionStageRenewalPauseResumeAndFences/append (0.00s)
FAIL
FAIL	js-wf/internal/graphpublication	0.077s
FAIL
