{
  "scope": "Component development evidence; runtime adoption and original whole-plan gates remain open.",
  "source_sha256": {
    "internal/graphpublication/compaction_stage.go": "33b0ef4ac76b74f3dc0b0ac17b1c9400800c7a740b62c2d59eda8590853973f8",
    "internal/graphpublication/compaction_stage_renewal.go": "10f720036520978e6f32b03e52467d977fb1c1388efe65c6aa131ecdcbc2b921",
    "internal/graphpublication/compaction_stage_renewal_test.go": "3384c231031255b8c9849c28f0d05a7ecfe298d82fed09ae73bd5653342c6992",
    "internal/graphpublication/compaction_stage_renewal_forged_test.go": "85d96feac1f52491e5211dc4b35ef89d5113c44384a5cf82fc260fc73c600ebd",
    "internal/graphpublication/compaction_renewal.go": "c242adeb76db3540627d8cca2c7622b17cd11c3ca19ea4ee6a879502f91210c5",
    "internal/graphpublication/compaction_renewal_test.go": "83ab76a112182f70917ac33e55628d5ba67ebcaf0de6a204951bb85303b6e133",
    "internal/graphpublication/compaction_commit.go": "e88ad9ace3ad57dfe1e05e534031d71c424ec8d5655621c3c2211a59c8183761",
    "internal/graphpublication/nats_compaction_stage_test.go": "fa1864eefb11298917060c2dff54810ede2839aefb0bd5bcd9fbbd26638c3d9b",
    "internal/graphpublication/protocol_test.go": "a9e7b1162617c491dd209d7b163609fca42818c043544ca03753634ea49d3f62"
  },
  "stage_renewal_controls": 14,
  "renewed_forged_prefix_controls": 2,
  "bypass_failures": {
    "staging_freeze": 13,
    "checkpoint_freeze": 13,
    "expiry_adoption": 11,
    "content_comparison": 2
  },
  "unchanged_saved_pins": 853,
  "native_existing_and_renewed_replicas": [
    1,
    3
  ],
  "native_examined_scopes": 13,
  "native_renewed_scopes": 2,
  "native_scope_budget": 1,
  "renewed_metadata_second_peer_restart": false,
  "vm_power_storage_loss_qualified": false,
  "durable_runtime_binding": false,
  "bounded_memory_namespace_scan": false,
  "runtime_intent_renewal": false,
  "runtime_handoff_deadline_seconds": 15,
  "actual100000_accepted": false
}
