=== RUN   TestPinnedRegressionCorpus
=== RUN   TestPinnedRegressionCorpus/graph-reader-maintenance-catalog-unknown.json
=== RUN   TestPinnedRegressionCorpus/graph-reader-maintenance-cursor-ack.json
=== RUN   TestPinnedRegressionCorpus/graph-reader-maintenance-cursor-drop.json
=== RUN   TestPinnedRegressionCorpus/graph-reader-maintenance-expiry-ack.json
=== RUN   TestPinnedRegressionCorpus/graph-reader-maintenance-expiry-drop.json
=== RUN   TestPinnedRegressionCorpus/graph-reader-maintenance-healthy.json
=== RUN   TestPinnedRegressionCorpus/graph-reader-maintenance-read-unknown.json
=== RUN   TestPinnedRegressionCorpus/graph-reader-maintenance-watermark-unknown.json
--- PASS: TestPinnedRegressionCorpus (0.34s)
    --- PASS: TestPinnedRegressionCorpus/graph-reader-maintenance-catalog-unknown.json (0.02s)
    --- PASS: TestPinnedRegressionCorpus/graph-reader-maintenance-cursor-ack.json (0.05s)
    --- PASS: TestPinnedRegressionCorpus/graph-reader-maintenance-cursor-drop.json (0.01s)
    --- PASS: TestPinnedRegressionCorpus/graph-reader-maintenance-expiry-ack.json (0.01s)
    --- PASS: TestPinnedRegressionCorpus/graph-reader-maintenance-expiry-drop.json (0.02s)
    --- PASS: TestPinnedRegressionCorpus/graph-reader-maintenance-healthy.json (0.06s)
    --- PASS: TestPinnedRegressionCorpus/graph-reader-maintenance-read-unknown.json (0.01s)
    --- PASS: TestPinnedRegressionCorpus/graph-reader-maintenance-watermark-unknown.json (0.01s)
PASS
ok  	js-wf/sim	1.394s
