=== RUN   TestNativeGraphContinuationCancelledTimerWakeup
=== RUN   TestNativeGraphContinuationCancelledTimerWakeup/R1
    graph_continuation_sdk_test.go:225: SDK_DIAGNOSTIC_STORE test=TestNativeGraphContinuationCancelledTimerWakeup/R1 root=/home/exedev/js-wf-cancelled-timer-wakeup-20261011/native-239640221
    graph_continuation_sdk_test.go:590: SDK_PHASE name=execute_begin_next elapsed=266.85771ms remaining=59.733142s sdk_requests=167
    graph_sdk_lease_trace_test.go:22: SDK_LEASE_CREATE key=test.sdkcontinue revision=1 value={"worker":"sdkcontinue","epoch":0} elapsed=1.021552ms error=%!q(<nil>)
    graph_sdk_lease_trace_test.go:32: SDK_LEASE_UPDATE key=test.sdkcontinue expected=1 revision=2 value={"worker":"sdkcontinue","epoch":1} elapsed=563.727µs error=%!q(<nil>)
    graph_sdk_lease_trace_test.go:32: SDK_LEASE_UPDATE key=test.sdkcontinue expected=2 revision=3 value={"worker":"sdkcontinue","epoch":1} elapsed=326.796µs error=%!q(<nil>)
    graph_sdk_lease_trace_test.go:32: SDK_LEASE_UPDATE key=test.sdkcontinue expected=3 revision=4 value={"worker":"sdkcontinue","epoch":1} elapsed=366.907µs error=%!q(<nil>)
    graph_sdk_lease_trace_test.go:32: SDK_LEASE_UPDATE key=test.sdkcontinue expected=4 revision=5 value={"worker":"sdkcontinue","epoch":1} elapsed=345.085µs error=%!q(<nil>)
    graph_sdk_lease_trace_test.go:32: SDK_LEASE_UPDATE key=test.sdkcontinue expected=5 revision=6 value={"worker":"sdkcontinue","epoch":1} elapsed=388.551µs error=%!q(<nil>)
    graph_sdk_lease_trace_test.go:32: SDK_LEASE_UPDATE key=test.sdkcontinue expected=6 revision=7 value={"worker":"sdkcontinue","epoch":1} elapsed=455.272µs error=%!q(<nil>)
    graph_sdk_lease_trace_test.go:32: SDK_LEASE_UPDATE key=test.sdkcontinue expected=7 revision=8 value={"worker":"sdkcontinue","epoch":1} elapsed=441.47µs error=%!q(<nil>)
    graph_sdk_lease_trace_test.go:32: SDK_LEASE_UPDATE key=test.sdkcontinue expected=8 revision=9 value={"worker":"sdkcontinue","epoch":1} elapsed=1.114774ms error=%!q(<nil>)
    graph_sdk_lease_trace_test.go:32: SDK_LEASE_UPDATE key=test.sdkcontinue expected=9 revision=10 value={"worker":"sdkcontinue","epoch":1} elapsed=475.913µs error=%!q(<nil>)
    graph_sdk_lease_trace_test.go:32: SDK_LEASE_UPDATE key=test.sdkcontinue expected=10 revision=11 value={"worker":"sdkcontinue","epoch":1} elapsed=428.832µs error=%!q(<nil>)
    graph_sdk_lease_trace_test.go:32: SDK_LEASE_UPDATE key=test.sdkcontinue expected=11 revision=12 value={"worker":"sdkcontinue","epoch":1} elapsed=374.319µs error=%!q(<nil>)
    graph_sdk_lease_trace_test.go:32: SDK_LEASE_UPDATE key=test.sdkcontinue expected=12 revision=13 value={"worker":"sdkcontinue","epoch":1} elapsed=414.149µs error=%!q(<nil>)
    graph_sdk_lease_trace_test.go:32: SDK_LEASE_UPDATE key=test.sdkcontinue expected=13 revision=14 value={"worker":"sdkcontinue","epoch":1} elapsed=5.241213ms error=%!q(<nil>)
    graph_sdk_lease_trace_test.go:32: SDK_LEASE_UPDATE key=test.sdkcontinue expected=14 revision=15 value={"worker":"sdkcontinue","epoch":1} elapsed=377.363µs error=%!q(<nil>)
    graph_sdk_lease_trace_test.go:32: SDK_LEASE_UPDATE key=test.sdkcontinue expected=15 revision=16 value={"worker":"sdkcontinue","epoch":1} elapsed=264.241µs error=%!q(<nil>)
    graph_sdk_lease_trace_test.go:32: SDK_LEASE_UPDATE key=test.sdkcontinue expected=16 revision=17 value={"worker":"sdkcontinue","epoch":1} elapsed=348.289µs error=%!q(<nil>)
    graph_sdk_lease_trace_test.go:32: SDK_LEASE_UPDATE key=test.sdkcontinue expected=17 revision=18 value={"worker":"sdkcontinue","epoch":1} elapsed=415.331µs error=%!q(<nil>)
    graph_sdk_lease_trace_test.go:32: SDK_LEASE_UPDATE key=test.sdkcontinue expected=18 revision=19 value={"worker":"sdkcontinue","epoch":1} elapsed=398.004µs error=%!q(<nil>)
    graph_sdk_lease_trace_test.go:32: SDK_LEASE_UPDATE key=test.sdkcontinue expected=19 revision=20 value={"worker":"sdkcontinue","epoch":1} elapsed=413.718µs error=%!q(<nil>)
    graph_sdk_lease_trace_test.go:32: SDK_LEASE_UPDATE key=test.sdkcontinue expected=20 revision=21 value={"worker":"sdkcontinue","epoch":1} elapsed=418.666µs error=%!q(<nil>)
    graph_sdk_lease_trace_test.go:32: SDK_LEASE_UPDATE key=test.sdkcontinue expected=21 revision=22 value={"worker":"sdkcontinue","epoch":1} elapsed=294.537µs error=%!q(<nil>)
    graph_sdk_lease_trace_test.go:32: SDK_LEASE_UPDATE key=test.sdkcontinue expected=22 revision=23 value={"worker":"sdkcontinue","epoch":1} elapsed=352.586µs error=%!q(<nil>)
    graph_sdk_lease_trace_test.go:32: SDK_LEASE_UPDATE key=test.sdkcontinue expected=23 revision=24 value={"worker":"sdkcontinue","epoch":1} elapsed=354.619µs error=%!q(<nil>)
    graph_sdk_lease_trace_test.go:32: SDK_LEASE_UPDATE key=test.sdkcontinue expected=24 revision=25 value={"worker":"sdkcontinue","epoch":1} elapsed=432.527µs error=%!q(<nil>)
    graph_sdk_lease_trace_test.go:32: SDK_LEASE_UPDATE key=test.sdkcontinue expected=25 revision=26 value={"worker":"sdkcontinue","epoch":1} elapsed=364.083µs error=%!q(<nil>)
    graph_continuation_sdk_test.go:592: SDK_PHASE name=execute_end_next elapsed=6.232987455s remaining=53.767012084s sdk_requests=3968
    graph_continuation_sdk_test.go:622: SDK_TIMER_HISTORY stage=next cancelled=[4] archive=true
    graph_continuation_sdk_test.go:710: SDK_PHASE name=parent_sweep_end_next elapsed=9.127138724s remaining=50.872860806s sdk_requests=5837
    graph_continuation_sdk_test.go:766: ARCHIVE_COLLECTION stage=next original_entry_receipts_removed=17 live_records=3 logical_records=16
    graph_continuation_sdk_test.go:770: SDK_PHASE name=parent_audit_end_next elapsed=9.727575421s remaining=50.272424118s sdk_requests=6129
    graph_continuation_sdk_test.go:783: SDK_PHASE name=boundary_scan_end_next elapsed=9.773320711s remaining=50.226678899s sdk_requests=6147
    graph_sdk_lease_trace_test.go:22: SDK_LEASE_CREATE key=test.sdkcontinue revision=28 value={"worker":"cancelled-wakeup","epoch":0} elapsed=1.567511ms error=%!q(<nil>)
    graph_sdk_lease_trace_test.go:32: SDK_LEASE_UPDATE key=test.sdkcontinue expected=28 revision=29 value={"worker":"cancelled-wakeup","epoch":28} elapsed=355.75µs error=%!q(<nil>)
    graph_continuation_sdk_test.go:805: SDK_CANCELLED_TIMER_WAKEUP stage=next step=4 no_op=true immutable_history=true unchanged_effects=true archive=true
    graph_continuation_sdk_test.go:590: SDK_PHASE name=execute_begin_finish elapsed=10.863112523s remaining=49.136886906s sdk_requests=6690
    graph_sdk_lease_trace_test.go:22: SDK_LEASE_CREATE key=test.sdkcontinue revision=31 value={"worker":"sdkcontinue","epoch":0} elapsed=1.433478ms error=%!q(<nil>)
    graph_sdk_lease_trace_test.go:32: SDK_LEASE_UPDATE key=test.sdkcontinue expected=31 revision=32 value={"worker":"sdkcontinue","epoch":31} elapsed=500.66µs error=%!q(<nil>)
    graph_sdk_lease_trace_test.go:32: SDK_LEASE_UPDATE key=test.sdkcontinue expected=32 revision=33 value={"worker":"sdkcontinue","epoch":31} elapsed=3.700132ms error=%!q(<nil>)
    graph_sdk_lease_trace_test.go:32: SDK_LEASE_UPDATE key=test.sdkcontinue expected=33 revision=34 value={"worker":"sdkcontinue","epoch":31} elapsed=628.384µs error=%!q(<nil>)
    graph_sdk_lease_trace_test.go:32: SDK_LEASE_UPDATE key=test.sdkcontinue expected=34 revision=35 value={"worker":"sdkcontinue","epoch":31} elapsed=562.765µs error=%!q(<nil>)
    graph_sdk_lease_trace_test.go:32: SDK_LEASE_UPDATE key=test.sdkcontinue expected=35 revision=36 value={"worker":"sdkcontinue","epoch":31} elapsed=267.276µs error=%!q(<nil>)
    graph_sdk_lease_trace_test.go:32: SDK_LEASE_UPDATE key=test.sdkcontinue expected=36 revision=37 value={"worker":"sdkcontinue","epoch":31} elapsed=367.018µs error=%!q(<nil>)
    graph_sdk_lease_trace_test.go:32: SDK_LEASE_UPDATE key=test.sdkcontinue expected=37 revision=38 value={"worker":"sdkcontinue","epoch":31} elapsed=480.891µs error=%!q(<nil>)
    graph_sdk_lease_trace_test.go:32: SDK_LEASE_UPDATE key=test.sdkcontinue expected=38 revision=39 value={"worker":"sdkcontinue","epoch":31} elapsed=395.01µs error=%!q(<nil>)
    graph_sdk_lease_trace_test.go:32: SDK_LEASE_UPDATE key=test.sdkcontinue expected=39 revision=40 value={"worker":"sdkcontinue","epoch":31} elapsed=462.392µs error=%!q(<nil>)
    graph_sdk_lease_trace_test.go:32: SDK_LEASE_UPDATE key=test.sdkcontinue expected=40 revision=41 value={"worker":"sdkcontinue","epoch":31} elapsed=693.013µs error=%!q(<nil>)
    graph_sdk_lease_trace_test.go:32: SDK_LEASE_UPDATE key=test.sdkcontinue expected=41 revision=42 value={"worker":"sdkcontinue","epoch":31} elapsed=377.734µs error=%!q(<nil>)
    graph_sdk_lease_trace_test.go:32: SDK_LEASE_UPDATE key=test.sdkcontinue expected=42 revision=43 value={"worker":"sdkcontinue","epoch":31} elapsed=379.727µs error=%!q(<nil>)
    graph_sdk_lease_trace_test.go:32: SDK_LEASE_UPDATE key=test.sdkcontinue expected=43 revision=44 value={"worker":"sdkcontinue","epoch":31} elapsed=348.95µs error=%!q(<nil>)
    graph_sdk_lease_trace_test.go:32: SDK_LEASE_UPDATE key=test.sdkcontinue expected=44 revision=45 value={"worker":"sdkcontinue","epoch":31} elapsed=408.941µs error=%!q(<nil>)
    graph_sdk_lease_trace_test.go:32: SDK_LEASE_UPDATE key=test.sdkcontinue expected=45 revision=46 value={"worker":"sdkcontinue","epoch":31} elapsed=403.173µs error=%!q(<nil>)
    graph_sdk_lease_trace_test.go:32: SDK_LEASE_UPDATE key=test.sdkcontinue expected=46 revision=47 value={"worker":"sdkcontinue","epoch":31} elapsed=472.457µs error=%!q(<nil>)
    graph_sdk_lease_trace_test.go:32: SDK_LEASE_UPDATE key=test.sdkcontinue expected=47 revision=48 value={"worker":"sdkcontinue","epoch":31} elapsed=384.564µs error=%!q(<nil>)
    graph_sdk_lease_trace_test.go:32: SDK_LEASE_UPDATE key=test.sdkcontinue expected=48 revision=49 value={"worker":"sdkcontinue","epoch":31} elapsed=463.714µs error=%!q(<nil>)
    graph_sdk_lease_trace_test.go:32: SDK_LEASE_UPDATE key=test.sdkcontinue expected=49 revision=50 value={"worker":"sdkcontinue","epoch":31} elapsed=741.707µs error=%!q(<nil>)
    graph_sdk_lease_trace_test.go:32: SDK_LEASE_UPDATE key=test.sdkcontinue expected=50 revision=51 value={"worker":"sdkcontinue","epoch":31} elapsed=375.42µs error=%!q(<nil>)
    graph_sdk_lease_trace_test.go:32: SDK_LEASE_UPDATE key=test.sdkcontinue expected=51 revision=52 value={"worker":"sdkcontinue","epoch":31} elapsed=395.831µs error=%!q(<nil>)
    graph_sdk_lease_trace_test.go:32: SDK_LEASE_UPDATE key=test.sdkcontinue expected=52 revision=53 value={"worker":"sdkcontinue","epoch":31} elapsed=413.659µs error=%!q(<nil>)
    graph_sdk_lease_trace_test.go:32: SDK_LEASE_UPDATE key=test.sdkcontinue expected=53 revision=54 value={"worker":"sdkcontinue","epoch":31} elapsed=402.211µs error=%!q(<nil>)
    graph_sdk_lease_trace_test.go:32: SDK_LEASE_UPDATE key=test.sdkcontinue expected=54 revision=55 value={"worker":"sdkcontinue","epoch":31} elapsed=455.502µs error=%!q(<nil>)
    graph_sdk_lease_trace_test.go:32: SDK_LEASE_UPDATE key=test.sdkcontinue expected=55 revision=56 value={"worker":"sdkcontinue","epoch":31} elapsed=453.259µs error=%!q(<nil>)
    graph_sdk_lease_trace_test.go:32: SDK_LEASE_UPDATE key=test.sdkcontinue expected=56 revision=57 value={"worker":"sdkcontinue","epoch":31} elapsed=310.662µs error=%!q(<nil>)
    graph_sdk_lease_trace_test.go:32: SDK_LEASE_UPDATE key=test.sdkcontinue expected=57 revision=58 value={"worker":"sdkcontinue","epoch":31} elapsed=454.16µs error=%!q(<nil>)
    graph_sdk_lease_trace_test.go:32: SDK_LEASE_UPDATE key=test.sdkcontinue expected=58 revision=59 value={"worker":"sdkcontinue","epoch":31} elapsed=296.49µs error=%!q(<nil>)
    graph_sdk_lease_trace_test.go:32: SDK_LEASE_UPDATE key=test.sdkcontinue expected=59 revision=60 value={"worker":"sdkcontinue","epoch":31} elapsed=405.817µs error=%!q(<nil>)
    graph_sdk_lease_trace_test.go:32: SDK_LEASE_UPDATE key=test.sdkcontinue expected=60 revision=61 value={"worker":"sdkcontinue","epoch":31} elapsed=435.311µs error=%!q(<nil>)
    graph_continuation_sdk_test.go:592: SDK_PHASE name=execute_end_finish elapsed=20.810988329s remaining=39.189011261s sdk_requests=12511
    graph_continuation_sdk_test.go:622: SDK_TIMER_HISTORY stage=finish cancelled=[4,14] archive=true
    graph_continuation_sdk_test.go:710: SDK_PHASE name=parent_sweep_end_finish elapsed=27.412190801s remaining=32.587808729s sdk_requests=16936
    graph_continuation_sdk_test.go:766: ARCHIVE_COLLECTION stage=finish original_entry_receipts_removed=25 live_records=3 logical_records=37
    graph_continuation_sdk_test.go:770: SDK_PHASE name=parent_audit_end_finish elapsed=28.456694237s remaining=31.543305172s sdk_requests=17499
    graph_continuation_sdk_test.go:783: SDK_PHASE name=boundary_scan_end_finish elapsed=28.485568735s remaining=31.514430765s sdk_requests=17516
    graph_sdk_lease_trace_test.go:22: SDK_LEASE_CREATE key=test.sdkcontinue revision=63 value={"worker":"cancelled-wakeup","epoch":0} elapsed=1.032899ms error=%!q(<nil>)
    graph_sdk_lease_trace_test.go:32: SDK_LEASE_UPDATE key=test.sdkcontinue expected=63 revision=64 value={"worker":"cancelled-wakeup","epoch":63} elapsed=308.028µs error=%!q(<nil>)
    graph_continuation_sdk_test.go:805: SDK_CANCELLED_TIMER_WAKEUP stage=finish step=4 no_op=true immutable_history=true unchanged_effects=true archive=true
    graph_sdk_lease_trace_test.go:22: SDK_LEASE_CREATE key=test.sdkcontinue revision=66 value={"worker":"cancelled-wakeup","epoch":0} elapsed=1.530806ms error=%!q(<nil>)
    graph_sdk_lease_trace_test.go:32: SDK_LEASE_UPDATE key=test.sdkcontinue expected=66 revision=67 value={"worker":"cancelled-wakeup","epoch":66} elapsed=343.171µs error=%!q(<nil>)
    graph_continuation_sdk_test.go:805: SDK_CANCELLED_TIMER_WAKEUP stage=finish step=14 no_op=true immutable_history=true unchanged_effects=true archive=true
    graph_sdk_lease_trace_test.go:22: SDK_LEASE_CREATE key=test.sdkcontinue revision=69 value={"worker":"sdkcontinue","epoch":0} elapsed=1.492718ms error=%!q(<nil>)
    graph_sdk_lease_trace_test.go:32: SDK_LEASE_UPDATE key=test.sdkcontinue expected=69 revision=70 value={"worker":"sdkcontinue","epoch":69} elapsed=356.462µs error=%!q(<nil>)
    graph_sdk_lease_trace_test.go:32: SDK_LEASE_UPDATE key=test.sdkcontinue expected=70 revision=71 value={"worker":"sdkcontinue","epoch":69} elapsed=1.747565ms error=%!q(<nil>)
    graph_sdk_lease_trace_test.go:32: SDK_LEASE_UPDATE key=test.sdkcontinue expected=71 revision=72 value={"worker":"sdkcontinue","epoch":69} elapsed=344.273µs error=%!q(<nil>)
    graph_sdk_lease_trace_test.go:32: SDK_LEASE_UPDATE key=test.sdkcontinue expected=72 revision=73 value={"worker":"sdkcontinue","epoch":69} elapsed=500.41µs error=%!q(<nil>)
    graph_sdk_lease_trace_test.go:32: SDK_LEASE_UPDATE key=test.sdkcontinue expected=73 revision=74 value={"worker":"sdkcontinue","epoch":69} elapsed=593.742µs error=%!q(<nil>)
    graph_sdk_lease_trace_test.go:22: SDK_LEASE_CREATE key=test.sdkcontinue revision=76 value={"worker":"sdkcontinue","epoch":0} elapsed=574.243µs error=%!q(<nil>)
    graph_sdk_lease_trace_test.go:32: SDK_LEASE_UPDATE key=test.sdkcontinue expected=76 revision=77 value={"worker":"sdkcontinue","epoch":76} elapsed=201.957µs error=%!q(<nil>)
    graph_continuation_sdk_test.go:1176: RAW_SDK_CHECKPOINT_AUDIT journals=1 entries=40 terminals=1 pending=0 retired_projection_only=0
    graph_continuation_sdk_test.go:1178: SDK initial/next/finish=map[finish:1 initial:1 next:1] effects=2 records=40 result=43
    graph_continuation_sdk_test.go:1182: SDK_PHASE name=finished elapsed=36.361393856s remaining=23.638605854s sdk_requests=22682
=== RUN   TestNativeGraphContinuationCancelledTimerWakeup/R3Domain
    graph_continuation_sdk_test.go:225: SDK_DIAGNOSTIC_STORE test=TestNativeGraphContinuationCancelledTimerWakeup/R3Domain root=/home/exedev/js-wf-cancelled-timer-wakeup-20261011/native-2693525715
    graph_continuation_sdk_test.go:590: SDK_PHASE name=execute_begin_next elapsed=1.86754389s remaining=58.132455639s sdk_requests=167
    graph_sdk_lease_trace_test.go:22: SDK_LEASE_CREATE key=test.sdkcontinue revision=1 value={"worker":"sdkcontinue","epoch":0} elapsed=4.079418ms error=%!q(<nil>)
    graph_sdk_lease_trace_test.go:32: SDK_LEASE_UPDATE key=test.sdkcontinue expected=1 revision=2 value={"worker":"sdkcontinue","epoch":1} elapsed=5.235202ms error=%!q(<nil>)
    graph_sdk_lease_trace_test.go:32: SDK_LEASE_UPDATE key=test.sdkcontinue expected=2 revision=3 value={"worker":"sdkcontinue","epoch":1} elapsed=1.298113ms error=%!q(<nil>)
    graph_sdk_lease_trace_test.go:32: SDK_LEASE_UPDATE key=test.sdkcontinue expected=3 revision=4 value={"worker":"sdkcontinue","epoch":1} elapsed=1.17836ms error=%!q(<nil>)
    graph_sdk_lease_trace_test.go:32: SDK_LEASE_UPDATE key=test.sdkcontinue expected=4 revision=5 value={"worker":"sdkcontinue","epoch":1} elapsed=1.010425ms error=%!q(<nil>)
    graph_sdk_lease_trace_test.go:32: SDK_LEASE_UPDATE key=test.sdkcontinue expected=5 revision=6 value={"worker":"sdkcontinue","epoch":1} elapsed=1.293485ms error=%!q(<nil>)
    graph_sdk_lease_trace_test.go:32: SDK_LEASE_UPDATE key=test.sdkcontinue expected=6 revision=7 value={"worker":"sdkcontinue","epoch":1} elapsed=3.81103ms error=%!q(<nil>)
    graph_sdk_lease_trace_test.go:32: SDK_LEASE_UPDATE key=test.sdkcontinue expected=7 revision=8 value={"worker":"sdkcontinue","epoch":1} elapsed=1.149747ms error=%!q(<nil>)
    graph_sdk_lease_trace_test.go:32: SDK_LEASE_UPDATE key=test.sdkcontinue expected=8 revision=9 value={"worker":"sdkcontinue","epoch":1} elapsed=1.699161ms error=%!q(<nil>)
    graph_sdk_lease_trace_test.go:32: SDK_LEASE_UPDATE key=test.sdkcontinue expected=9 revision=10 value={"worker":"sdkcontinue","epoch":1} elapsed=1.525238ms error=%!q(<nil>)
    graph_sdk_lease_trace_test.go:32: SDK_LEASE_UPDATE key=test.sdkcontinue expected=10 revision=11 value={"worker":"sdkcontinue","epoch":1} elapsed=788.177µs error=%!q(<nil>)
    graph_sdk_lease_trace_test.go:32: SDK_LEASE_UPDATE key=test.sdkcontinue expected=11 revision=12 value={"worker":"sdkcontinue","epoch":1} elapsed=1.25735ms error=%!q(<nil>)
    graph_sdk_lease_trace_test.go:32: SDK_LEASE_UPDATE key=test.sdkcontinue expected=12 revision=13 value={"worker":"sdkcontinue","epoch":1} elapsed=1.350422ms error=%!q(<nil>)
    graph_sdk_lease_trace_test.go:32: SDK_LEASE_UPDATE key=test.sdkcontinue expected=13 revision=14 value={"worker":"sdkcontinue","epoch":1} elapsed=1.11863ms error=%!q(<nil>)
    graph_sdk_lease_trace_test.go:32: SDK_LEASE_UPDATE key=test.sdkcontinue expected=14 revision=15 value={"worker":"sdkcontinue","epoch":1} elapsed=1.287667ms error=%!q(<nil>)
    graph_sdk_lease_trace_test.go:32: SDK_LEASE_UPDATE key=test.sdkcontinue expected=15 revision=16 value={"worker":"sdkcontinue","epoch":1} elapsed=956.193µs error=%!q(<nil>)
    graph_sdk_lease_trace_test.go:32: SDK_LEASE_UPDATE key=test.sdkcontinue expected=16 revision=17 value={"worker":"sdkcontinue","epoch":1} elapsed=1.065159ms error=%!q(<nil>)
    graph_sdk_lease_trace_test.go:32: SDK_LEASE_UPDATE key=test.sdkcontinue expected=17 revision=18 value={"worker":"sdkcontinue","epoch":1} elapsed=952.107µs error=%!q(<nil>)
    graph_sdk_lease_trace_test.go:32: SDK_LEASE_UPDATE key=test.sdkcontinue expected=18 revision=19 value={"worker":"sdkcontinue","epoch":1} elapsed=1.520871ms error=%!q(<nil>)
    graph_sdk_lease_trace_test.go:32: SDK_LEASE_UPDATE key=test.sdkcontinue expected=19 revision=20 value={"worker":"sdkcontinue","epoch":1} elapsed=1.511406ms error=%!q(<nil>)
    graph_sdk_lease_trace_test.go:32: SDK_LEASE_UPDATE key=test.sdkcontinue expected=20 revision=21 value={"worker":"sdkcontinue","epoch":1} elapsed=1.006439ms error=%!q(<nil>)
    graph_sdk_lease_trace_test.go:32: SDK_LEASE_UPDATE key=test.sdkcontinue expected=21 revision=22 value={"worker":"sdkcontinue","epoch":1} elapsed=1.069785ms error=%!q(<nil>)
    graph_sdk_lease_trace_test.go:32: SDK_LEASE_UPDATE key=test.sdkcontinue expected=22 revision=23 value={"worker":"sdkcontinue","epoch":1} elapsed=1.349851ms error=%!q(<nil>)
    graph_sdk_lease_trace_test.go:32: SDK_LEASE_UPDATE key=test.sdkcontinue expected=23 revision=24 value={"worker":"sdkcontinue","epoch":1} elapsed=1.216138ms error=%!q(<nil>)
    graph_sdk_lease_trace_test.go:32: SDK_LEASE_UPDATE key=test.sdkcontinue expected=24 revision=25 value={"worker":"sdkcontinue","epoch":1} elapsed=1.390964ms error=%!q(<nil>)
    graph_sdk_lease_trace_test.go:32: SDK_LEASE_UPDATE key=test.sdkcontinue expected=25 revision=26 value={"worker":"sdkcontinue","epoch":1} elapsed=1.575954ms error=%!q(<nil>)
    graph_continuation_sdk_test.go:592: SDK_PHASE name=execute_end_next elapsed=11.523515789s remaining=48.47648381s sdk_requests=3968
    graph_continuation_sdk_test.go:622: SDK_TIMER_HISTORY stage=next cancelled=[4] archive=true
    graph_continuation_sdk_test.go:710: SDK_PHASE name=parent_sweep_end_next elapsed=15.905809859s remaining=44.09418969s sdk_requests=5837
    graph_continuation_sdk_test.go:766: ARCHIVE_COLLECTION stage=next original_entry_receipts_removed=17 live_records=3 logical_records=16
    graph_continuation_sdk_test.go:770: SDK_PHASE name=parent_audit_end_next elapsed=16.636981439s remaining=43.36301815s sdk_requests=6129
    graph_continuation_sdk_test.go:783: SDK_PHASE name=boundary_scan_end_next elapsed=16.683984799s remaining=43.31601492s sdk_requests=6147
    graph_sdk_lease_trace_test.go:22: SDK_LEASE_CREATE key=test.sdkcontinue revision=28 value={"worker":"cancelled-wakeup","epoch":0} elapsed=2.396842ms error=%!q(<nil>)
    graph_sdk_lease_trace_test.go:32: SDK_LEASE_UPDATE key=test.sdkcontinue expected=28 revision=29 value={"worker":"cancelled-wakeup","epoch":28} elapsed=713.283µs error=%!q(<nil>)
    graph_continuation_sdk_test.go:805: SDK_CANCELLED_TIMER_WAKEUP stage=next step=4 no_op=true immutable_history=true unchanged_effects=true archive=true
    graph_continuation_sdk_test.go:590: SDK_PHASE name=execute_begin_finish elapsed=18.169001576s remaining=41.830997823s sdk_requests=6690
    graph_sdk_lease_trace_test.go:22: SDK_LEASE_CREATE key=test.sdkcontinue revision=31 value={"worker":"sdkcontinue","epoch":0} elapsed=4.77214ms error=%!q(<nil>)
    graph_sdk_lease_trace_test.go:32: SDK_LEASE_UPDATE key=test.sdkcontinue expected=31 revision=32 value={"worker":"sdkcontinue","epoch":31} elapsed=889.822µs error=%!q(<nil>)
    graph_sdk_lease_trace_test.go:32: SDK_LEASE_UPDATE key=test.sdkcontinue expected=32 revision=33 value={"worker":"sdkcontinue","epoch":31} elapsed=865.785µs error=%!q(<nil>)
    graph_sdk_lease_trace_test.go:32: SDK_LEASE_UPDATE key=test.sdkcontinue expected=33 revision=34 value={"worker":"sdkcontinue","epoch":31} elapsed=1.497165ms error=%!q(<nil>)
    graph_sdk_lease_trace_test.go:32: SDK_LEASE_UPDATE key=test.sdkcontinue expected=34 revision=35 value={"worker":"sdkcontinue","epoch":31} elapsed=1.105189ms error=%!q(<nil>)
    graph_sdk_lease_trace_test.go:32: SDK_LEASE_UPDATE key=test.sdkcontinue expected=35 revision=36 value={"worker":"sdkcontinue","epoch":31} elapsed=873.787µs error=%!q(<nil>)
    graph_sdk_lease_trace_test.go:32: SDK_LEASE_UPDATE key=test.sdkcontinue expected=36 revision=37 value={"worker":"sdkcontinue","epoch":31} elapsed=1.821246ms error=%!q(<nil>)
    graph_sdk_lease_trace_test.go:32: SDK_LEASE_UPDATE key=test.sdkcontinue expected=37 revision=38 value={"worker":"sdkcontinue","epoch":31} elapsed=1.003104ms error=%!q(<nil>)
    graph_sdk_lease_trace_test.go:32: SDK_LEASE_UPDATE key=test.sdkcontinue expected=38 revision=39 value={"worker":"sdkcontinue","epoch":31} elapsed=982.452µs error=%!q(<nil>)
    graph_sdk_lease_trace_test.go:32: SDK_LEASE_UPDATE key=test.sdkcontinue expected=39 revision=40 value={"worker":"sdkcontinue","epoch":31} elapsed=2.00719ms error=%!q(<nil>)
    graph_sdk_lease_trace_test.go:32: SDK_LEASE_UPDATE key=test.sdkcontinue expected=40 revision=41 value={"worker":"sdkcontinue","epoch":31} elapsed=1.262037ms error=%!q(<nil>)
    graph_sdk_lease_trace_test.go:32: SDK_LEASE_UPDATE key=test.sdkcontinue expected=41 revision=42 value={"worker":"sdkcontinue","epoch":31} elapsed=1.289509ms error=%!q(<nil>)
    graph_sdk_lease_trace_test.go:32: SDK_LEASE_UPDATE key=test.sdkcontinue expected=42 revision=43 value={"worker":"sdkcontinue","epoch":31} elapsed=3.174603ms error=%!q(<nil>)
    graph_sdk_lease_trace_test.go:32: SDK_LEASE_UPDATE key=test.sdkcontinue expected=43 revision=44 value={"worker":"sdkcontinue","epoch":31} elapsed=1.712822ms error=%!q(<nil>)
    graph_sdk_lease_trace_test.go:32: SDK_LEASE_UPDATE key=test.sdkcontinue expected=44 revision=45 value={"worker":"sdkcontinue","epoch":31} elapsed=1.374979ms error=%!q(<nil>)
    graph_sdk_lease_trace_test.go:32: SDK_LEASE_UPDATE key=test.sdkcontinue expected=45 revision=46 value={"worker":"sdkcontinue","epoch":31} elapsed=1.203127ms error=%!q(<nil>)
    graph_sdk_lease_trace_test.go:32: SDK_LEASE_UPDATE key=test.sdkcontinue expected=46 revision=47 value={"worker":"sdkcontinue","epoch":31} elapsed=3.379023ms error=%!q(<nil>)
    graph_sdk_lease_trace_test.go:32: SDK_LEASE_UPDATE key=test.sdkcontinue expected=47 revision=48 value={"worker":"sdkcontinue","epoch":31} elapsed=1.207004ms error=%!q(<nil>)
    graph_sdk_lease_trace_test.go:32: SDK_LEASE_UPDATE key=test.sdkcontinue expected=48 revision=49 value={"worker":"sdkcontinue","epoch":31} elapsed=1.015352ms error=%!q(<nil>)
    graph_sdk_lease_trace_test.go:32: SDK_LEASE_UPDATE key=test.sdkcontinue expected=49 revision=50 value={"worker":"sdkcontinue","epoch":31} elapsed=1.15891ms error=%!q(<nil>)
    graph_sdk_lease_trace_test.go:32: SDK_LEASE_UPDATE key=test.sdkcontinue expected=50 revision=51 value={"worker":"sdkcontinue","epoch":31} elapsed=1.271412ms error=%!q(<nil>)
    graph_sdk_lease_trace_test.go:32: SDK_LEASE_UPDATE key=test.sdkcontinue expected=51 revision=52 value={"worker":"sdkcontinue","epoch":31} elapsed=3.243178ms error=%!q(<nil>)
    graph_sdk_lease_trace_test.go:32: SDK_LEASE_UPDATE key=test.sdkcontinue expected=52 revision=53 value={"worker":"sdkcontinue","epoch":31} elapsed=1.482983ms error=%!q(<nil>)
    graph_sdk_lease_trace_test.go:32: SDK_LEASE_UPDATE key=test.sdkcontinue expected=53 revision=54 value={"worker":"sdkcontinue","epoch":31} elapsed=923.534µs error=%!q(<nil>)
    graph_sdk_lease_trace_test.go:32: SDK_LEASE_UPDATE key=test.sdkcontinue expected=54 revision=55 value={"worker":"sdkcontinue","epoch":31} elapsed=1.110748ms error=%!q(<nil>)
    graph_sdk_lease_trace_test.go:32: SDK_LEASE_UPDATE key=test.sdkcontinue expected=55 revision=56 value={"worker":"sdkcontinue","epoch":31} elapsed=1.220304ms error=%!q(<nil>)
    graph_sdk_lease_trace_test.go:32: SDK_LEASE_UPDATE key=test.sdkcontinue expected=56 revision=57 value={"worker":"sdkcontinue","epoch":31} elapsed=1.404884ms error=%!q(<nil>)
    graph_sdk_lease_trace_test.go:32: SDK_LEASE_UPDATE key=test.sdkcontinue expected=57 revision=58 value={"worker":"sdkcontinue","epoch":31} elapsed=1.736989ms error=%!q(<nil>)
    graph_sdk_lease_trace_test.go:32: SDK_LEASE_UPDATE key=test.sdkcontinue expected=58 revision=59 value={"worker":"sdkcontinue","epoch":31} elapsed=1.258402ms error=%!q(<nil>)
    graph_sdk_lease_trace_test.go:32: SDK_LEASE_UPDATE key=test.sdkcontinue expected=59 revision=60 value={"worker":"sdkcontinue","epoch":31} elapsed=1.08613ms error=%!q(<nil>)
    graph_sdk_lease_trace_test.go:32: SDK_LEASE_UPDATE key=test.sdkcontinue expected=60 revision=61 value={"worker":"sdkcontinue","epoch":31} elapsed=1.346225ms error=%!q(<nil>)
    graph_sdk_lease_trace_test.go:32: SDK_LEASE_UPDATE key=test.sdkcontinue expected=61 revision=62 value={"worker":"sdkcontinue","epoch":31} elapsed=1.346326ms error=%!q(<nil>)
    graph_continuation_sdk_test.go:592: SDK_PHASE name=execute_end_finish elapsed=33.090029948s remaining=26.909969761s sdk_requests=12511
    graph_continuation_sdk_test.go:622: SDK_TIMER_HISTORY stage=finish cancelled=[4,14] archive=true
    graph_continuation_sdk_test.go:710: SDK_PHASE name=parent_sweep_end_finish elapsed=43.173971815s remaining=16.826027865s sdk_requests=16936
    graph_continuation_sdk_test.go:766: ARCHIVE_COLLECTION stage=finish original_entry_receipts_removed=25 live_records=3 logical_records=37
    graph_continuation_sdk_test.go:770: SDK_PHASE name=parent_audit_end_finish elapsed=44.602089335s remaining=15.397910305s sdk_requests=17499
    graph_continuation_sdk_test.go:783: SDK_PHASE name=boundary_scan_end_finish elapsed=44.652499921s remaining=15.347499548s sdk_requests=17516
    graph_sdk_lease_trace_test.go:22: SDK_LEASE_CREATE key=test.sdkcontinue revision=65 value={"worker":"cancelled-wakeup","epoch":0} elapsed=2.486517ms error=%!q(<nil>)
    graph_sdk_lease_trace_test.go:32: SDK_LEASE_UPDATE key=test.sdkcontinue expected=65 revision=66 value={"worker":"cancelled-wakeup","epoch":65} elapsed=933.838µs error=%!q(<nil>)
    graph_continuation_sdk_test.go:805: SDK_CANCELLED_TIMER_WAKEUP stage=finish step=4 no_op=true immutable_history=true unchanged_effects=true archive=true
    graph_sdk_lease_trace_test.go:22: SDK_LEASE_CREATE key=test.sdkcontinue revision=68 value={"worker":"cancelled-wakeup","epoch":0} elapsed=2.104808ms error=%!q(<nil>)
    graph_sdk_lease_trace_test.go:32: SDK_LEASE_UPDATE key=test.sdkcontinue expected=68 revision=69 value={"worker":"cancelled-wakeup","epoch":68} elapsed=1.599279ms error=%!q(<nil>)
    graph_continuation_sdk_test.go:805: SDK_CANCELLED_TIMER_WAKEUP stage=finish step=14 no_op=true immutable_history=true unchanged_effects=true archive=true
    graph_sdk_lease_trace_test.go:22: SDK_LEASE_CREATE key=test.sdkcontinue revision=71 value={"worker":"sdkcontinue","epoch":0} elapsed=7.208571ms error=%!q(<nil>)
    graph_sdk_lease_trace_test.go:32: SDK_LEASE_UPDATE key=test.sdkcontinue expected=71 revision=72 value={"worker":"sdkcontinue","epoch":71} elapsed=875.069µs error=%!q(<nil>)
    graph_sdk_lease_trace_test.go:32: SDK_LEASE_UPDATE key=test.sdkcontinue expected=72 revision=73 value={"worker":"sdkcontinue","epoch":71} elapsed=1.040701ms error=%!q(<nil>)
    graph_sdk_lease_trace_test.go:32: SDK_LEASE_UPDATE key=test.sdkcontinue expected=73 revision=74 value={"worker":"sdkcontinue","epoch":71} elapsed=1.585008ms error=%!q(<nil>)
    graph_sdk_lease_trace_test.go:32: SDK_LEASE_UPDATE key=test.sdkcontinue expected=74 revision=75 value={"worker":"sdkcontinue","epoch":71} elapsed=1.24421ms error=%!q(<nil>)
    graph_sdk_lease_trace_test.go:32: SDK_LEASE_UPDATE key=test.sdkcontinue expected=75 revision=76 value={"worker":"sdkcontinue","epoch":71} elapsed=3.484504ms error=%!q(<nil>)
    graph_sdk_lease_trace_test.go:22: SDK_LEASE_CREATE key=test.sdkcontinue revision=0 value={"worker":"sdkcontinue","epoch":0} elapsed=728.927µs error="nats: nats: API error: code=400 err_code=10071 description=wrong last sequence: 77: key exists"
    graph_sdk_lease_trace_test.go:56: SDK_LEASE_FAILURE key=test.sdkcontinue proof={"info":{"config":{"name":"KV_WF_LEASE","subjects":["$KV.WF_LEASE.\u003e"],"retention":"limits","max_consumers":-1,"max_msgs":-1,"max_bytes":-1,"discard":"new","max_age":12000000000,"max_msgs_per_subject":1,"max_msg_size":-1,"storage":"file","num_replicas":3,"duplicate_window":12000000000,"deny_delete":true,"allow_rollup_hdrs":true,"compression":"none","allow_direct":true,"mirror_direct":false,"consumer_limits":{},"metadata":{"_nats.level":"5","_nats.req.level":"1","_nats.ver":"2.15.0"},"allow_msg_ttl":true,"subject_delete_marker_ttl":60000000000},"created":"2026-10-11T01:47:10.116331996Z","state":{"messages":1,"bytes":135,"first_seq":77,"first_ts":"2026-10-11T01:48:01.078159405Z","last_seq":77,"last_ts":"2026-10-11T01:48:01.078159405Z","consumer_count":0,"deleted":null,"num_deleted":0,"num_subjects":1,"subjects":null},"cluster":{"name":"wf-test","raft_group":"S-R3F-RdthxFSm","leader":"wf-test-1","leader_since":"2026-10-11T01:47:10.208551613Z","system_account":true,"traffic_account":"$SYS","replicas":[{"name":"wf-test-0","current":true,"active":2185270,"peer":"fPPVT2kZ"},{"name":"wf-test-2","current":true,"active":2071127,"peer":"80zpbVEM"}]},"ts":"2026-10-11T01:48:01.082424695Z"},"raw":{"Subject":"$KV.WF_LEASE.test.sdkcontinue","Sequence":77,"Header":{"KV-Operation":["DEL"],"Nats-Expected-Last-Subject-Sequence":["76"],"Nats-Sequence":["77"],"Nats-Stream":["KV_WF_LEASE"],"Nats-Subject":["$KV.WF_LEASE.test.sdkcontinue"],"Nats-Time-Stamp":["2026-10-11T01:48:01.078159405Z"]},"Data":"","Time":"2026-10-11T01:48:01.078159405Z"},"info_error":"","raw_error":""}
    graph_sdk_lease_trace_test.go:22: SDK_LEASE_CREATE key=test.sdkcontinue revision=78 value={"worker":"sdkcontinue","epoch":0} elapsed=1.483544ms error=%!q(<nil>)
    graph_sdk_lease_trace_test.go:32: SDK_LEASE_UPDATE key=test.sdkcontinue expected=78 revision=79 value={"worker":"sdkcontinue","epoch":78} elapsed=1.090026ms error=%!q(<nil>)
    graph_continuation_sdk_test.go:1176: RAW_SDK_CHECKPOINT_AUDIT journals=1 entries=40 terminals=1 pending=0 retired_projection_only=0
    graph_continuation_sdk_test.go:1178: SDK initial/next/finish=map[finish:1 initial:1 next:1] effects=2 records=40 result=43
    graph_continuation_sdk_test.go:1182: SDK_PHASE name=finished elapsed=55.942983552s remaining=4.057015957s sdk_requests=22698
--- PASS: TestNativeGraphContinuationCancelledTimerWakeup (92.63s)
    --- PASS: TestNativeGraphContinuationCancelledTimerWakeup/R1 (36.42s)
    --- PASS: TestNativeGraphContinuationCancelledTimerWakeup/R3Domain (56.21s)
PASS
ok  	js-wf/worker	93.701s
