=== RUN   TestRawGraphEveryCheckpointHistory
=== RUN   TestRawGraphEveryCheckpointHistory/json/historical-valid
=== RUN   TestRawGraphEveryCheckpointHistory/json/historical-state
=== RUN   TestRawGraphEveryCheckpointHistory/json/historical-anchor
=== RUN   TestRawGraphEveryCheckpointHistory/json/historical-locals
=== RUN   TestRawGraphEveryCheckpointHistory/json/historical-cursor
=== RUN   TestRawGraphEveryCheckpointHistory/json/historical-timer
=== RUN   TestRawGraphEveryCheckpointHistory/json/historical-metadata
=== RUN   TestRawGraphEveryCheckpointHistory/protobuf-v1/historical-valid
=== RUN   TestRawGraphEveryCheckpointHistory/protobuf-v1/historical-state
=== RUN   TestRawGraphEveryCheckpointHistory/protobuf-v1/historical-anchor
=== RUN   TestRawGraphEveryCheckpointHistory/protobuf-v1/historical-locals
=== RUN   TestRawGraphEveryCheckpointHistory/protobuf-v1/historical-cursor
=== RUN   TestRawGraphEveryCheckpointHistory/protobuf-v1/historical-timer
=== RUN   TestRawGraphEveryCheckpointHistory/protobuf-v1/historical-metadata
--- PASS: TestRawGraphEveryCheckpointHistory (0.16s)
    --- PASS: TestRawGraphEveryCheckpointHistory/json/historical-valid (0.02s)
    --- PASS: TestRawGraphEveryCheckpointHistory/json/historical-state (0.01s)
    --- PASS: TestRawGraphEveryCheckpointHistory/json/historical-anchor (0.01s)
    --- PASS: TestRawGraphEveryCheckpointHistory/json/historical-locals (0.01s)
    --- PASS: TestRawGraphEveryCheckpointHistory/json/historical-cursor (0.01s)
    --- PASS: TestRawGraphEveryCheckpointHistory/json/historical-timer (0.01s)
    --- PASS: TestRawGraphEveryCheckpointHistory/json/historical-metadata (0.01s)
    --- PASS: TestRawGraphEveryCheckpointHistory/protobuf-v1/historical-valid (0.01s)
    --- PASS: TestRawGraphEveryCheckpointHistory/protobuf-v1/historical-state (0.01s)
    --- PASS: TestRawGraphEveryCheckpointHistory/protobuf-v1/historical-anchor (0.01s)
    --- PASS: TestRawGraphEveryCheckpointHistory/protobuf-v1/historical-locals (0.01s)
    --- PASS: TestRawGraphEveryCheckpointHistory/protobuf-v1/historical-cursor (0.01s)
    --- PASS: TestRawGraphEveryCheckpointHistory/protobuf-v1/historical-timer (0.01s)
    --- PASS: TestRawGraphEveryCheckpointHistory/protobuf-v1/historical-metadata (0.01s)
=== RUN   TestRawGraphCanonicalEnvelope
=== RUN   TestRawGraphCanonicalEnvelope/json/outer-valid
=== RUN   TestRawGraphCanonicalEnvelope/json/outer-whitespace
=== RUN   TestRawGraphCanonicalEnvelope/json/outer-unknown
=== RUN   TestRawGraphCanonicalEnvelope/json/outer-alias
=== RUN   TestRawGraphCanonicalEnvelope/json/outer-duplicate
=== RUN   TestRawGraphCanonicalEnvelope/json/outer-escaped-duplicate
=== RUN   TestRawGraphCanonicalEnvelope/json/outer-generation
=== RUN   TestRawGraphCanonicalEnvelope/json/outer-sequence
=== RUN   TestRawGraphCanonicalEnvelope/json/outer-hash
=== RUN   TestRawGraphCanonicalEnvelope/protobuf-v1/outer-valid
=== RUN   TestRawGraphCanonicalEnvelope/protobuf-v1/outer-whitespace
=== RUN   TestRawGraphCanonicalEnvelope/protobuf-v1/outer-unknown
=== RUN   TestRawGraphCanonicalEnvelope/protobuf-v1/outer-alias
=== RUN   TestRawGraphCanonicalEnvelope/protobuf-v1/outer-duplicate
=== RUN   TestRawGraphCanonicalEnvelope/protobuf-v1/outer-escaped-duplicate
=== RUN   TestRawGraphCanonicalEnvelope/protobuf-v1/outer-generation
=== RUN   TestRawGraphCanonicalEnvelope/protobuf-v1/outer-sequence
=== RUN   TestRawGraphCanonicalEnvelope/protobuf-v1/outer-hash
--- PASS: TestRawGraphCanonicalEnvelope (0.05s)
    --- PASS: TestRawGraphCanonicalEnvelope/json/outer-valid (0.00s)
    --- PASS: TestRawGraphCanonicalEnvelope/json/outer-whitespace (0.00s)
    --- PASS: TestRawGraphCanonicalEnvelope/json/outer-unknown (0.00s)
    --- PASS: TestRawGraphCanonicalEnvelope/json/outer-alias (0.00s)
    --- PASS: TestRawGraphCanonicalEnvelope/json/outer-duplicate (0.00s)
    --- PASS: TestRawGraphCanonicalEnvelope/json/outer-escaped-duplicate (0.00s)
    --- PASS: TestRawGraphCanonicalEnvelope/json/outer-generation (0.00s)
    --- PASS: TestRawGraphCanonicalEnvelope/json/outer-sequence (0.00s)
    --- PASS: TestRawGraphCanonicalEnvelope/json/outer-hash (0.00s)
    --- PASS: TestRawGraphCanonicalEnvelope/protobuf-v1/outer-valid (0.00s)
    --- PASS: TestRawGraphCanonicalEnvelope/protobuf-v1/outer-whitespace (0.00s)
    --- PASS: TestRawGraphCanonicalEnvelope/protobuf-v1/outer-unknown (0.00s)
    --- PASS: TestRawGraphCanonicalEnvelope/protobuf-v1/outer-alias (0.00s)
    --- PASS: TestRawGraphCanonicalEnvelope/protobuf-v1/outer-duplicate (0.00s)
    --- PASS: TestRawGraphCanonicalEnvelope/protobuf-v1/outer-escaped-duplicate (0.00s)
    --- PASS: TestRawGraphCanonicalEnvelope/protobuf-v1/outer-generation (0.00s)
    --- PASS: TestRawGraphCanonicalEnvelope/protobuf-v1/outer-sequence (0.00s)
    --- PASS: TestRawGraphCanonicalEnvelope/protobuf-v1/outer-hash (0.00s)
=== RUN   TestRawGraphSDKStepEnvelope
=== RUN   TestRawGraphSDKStepEnvelope/json/ordinary
=== RUN   TestRawGraphSDKStepEnvelope/json/opaque-field-names
=== RUN   TestRawGraphSDKStepEnvelope/json/opaque-duplicates
=== RUN   TestRawGraphSDKStepEnvelope/json/opaque-null
=== RUN   TestRawGraphSDKStepEnvelope/json/request-null
=== RUN   TestRawGraphSDKStepEnvelope/json/request-array
=== RUN   TestRawGraphSDKStepEnvelope/json/request-unknown
=== RUN   TestRawGraphSDKStepEnvelope/json/request-alias
=== RUN   TestRawGraphSDKStepEnvelope/json/request-duplicate
=== RUN   TestRawGraphSDKStepEnvelope/json/request-escaped-duplicate
=== RUN   TestRawGraphSDKStepEnvelope/json/request-time-type
=== RUN   TestRawGraphSDKStepEnvelope/json/request-step-negative
=== RUN   TestRawGraphSDKStepEnvelope/json/case-unknown
=== RUN   TestRawGraphSDKStepEnvelope/json/case-alias
=== RUN   TestRawGraphSDKStepEnvelope/json/case-duplicate
=== RUN   TestRawGraphSDKStepEnvelope/json/case-shape
=== RUN   TestRawGraphSDKStepEnvelope/json/completion-null
=== RUN   TestRawGraphSDKStepEnvelope/json/completion-array
=== RUN   TestRawGraphSDKStepEnvelope/json/completion-unknown
=== RUN   TestRawGraphSDKStepEnvelope/json/completion-alias
=== RUN   TestRawGraphSDKStepEnvelope/json/completion-duplicate
=== RUN   TestRawGraphSDKStepEnvelope/json/completion-sequence-negative
=== RUN   TestRawGraphSDKStepEnvelope/json/completion-case-fraction
=== RUN   TestRawGraphSDKStepEnvelope/json/completion-cancel-type
=== RUN   TestRawGraphSDKStepEnvelope/json/metadata-ref-null
=== RUN   TestRawGraphSDKStepEnvelope/json/metadata-ref-object
=== RUN   TestRawGraphSDKStepEnvelope/json/metadata-hash-null
=== RUN   TestRawGraphSDKStepEnvelope/json/metadata-hash-number
=== RUN   TestRawGraphSDKStepEnvelope/protobuf-v1/ordinary
=== RUN   TestRawGraphSDKStepEnvelope/protobuf-v1/opaque-field-names
=== RUN   TestRawGraphSDKStepEnvelope/protobuf-v1/opaque-duplicates
=== RUN   TestRawGraphSDKStepEnvelope/protobuf-v1/opaque-null
=== RUN   TestRawGraphSDKStepEnvelope/protobuf-v1/request-null
=== RUN   TestRawGraphSDKStepEnvelope/protobuf-v1/request-array
=== RUN   TestRawGraphSDKStepEnvelope/protobuf-v1/request-unknown
=== RUN   TestRawGraphSDKStepEnvelope/protobuf-v1/request-alias
=== RUN   TestRawGraphSDKStepEnvelope/protobuf-v1/request-duplicate
=== RUN   TestRawGraphSDKStepEnvelope/protobuf-v1/request-escaped-duplicate
=== RUN   TestRawGraphSDKStepEnvelope/protobuf-v1/request-time-type
=== RUN   TestRawGraphSDKStepEnvelope/protobuf-v1/request-step-negative
=== RUN   TestRawGraphSDKStepEnvelope/protobuf-v1/case-unknown
=== RUN   TestRawGraphSDKStepEnvelope/protobuf-v1/case-alias
=== RUN   TestRawGraphSDKStepEnvelope/protobuf-v1/case-duplicate
=== RUN   TestRawGraphSDKStepEnvelope/protobuf-v1/case-shape
=== RUN   TestRawGraphSDKStepEnvelope/protobuf-v1/completion-null
=== RUN   TestRawGraphSDKStepEnvelope/protobuf-v1/completion-array
=== RUN   TestRawGraphSDKStepEnvelope/protobuf-v1/completion-unknown
=== RUN   TestRawGraphSDKStepEnvelope/protobuf-v1/completion-alias
=== RUN   TestRawGraphSDKStepEnvelope/protobuf-v1/completion-duplicate
=== RUN   TestRawGraphSDKStepEnvelope/protobuf-v1/completion-sequence-negative
=== RUN   TestRawGraphSDKStepEnvelope/protobuf-v1/completion-case-fraction
=== RUN   TestRawGraphSDKStepEnvelope/protobuf-v1/completion-cancel-type
=== RUN   TestRawGraphSDKStepEnvelope/protobuf-v1/metadata-ref-null
=== RUN   TestRawGraphSDKStepEnvelope/protobuf-v1/metadata-ref-object
=== RUN   TestRawGraphSDKStepEnvelope/protobuf-v1/metadata-hash-null
=== RUN   TestRawGraphSDKStepEnvelope/protobuf-v1/metadata-hash-number
--- PASS: TestRawGraphSDKStepEnvelope (0.17s)
    --- PASS: TestRawGraphSDKStepEnvelope/json/ordinary (0.00s)
    --- PASS: TestRawGraphSDKStepEnvelope/json/opaque-field-names (0.00s)
    --- PASS: TestRawGraphSDKStepEnvelope/json/opaque-duplicates (0.00s)
    --- PASS: TestRawGraphSDKStepEnvelope/json/opaque-null (0.00s)
    --- PASS: TestRawGraphSDKStepEnvelope/json/request-null (0.00s)
    --- PASS: TestRawGraphSDKStepEnvelope/json/request-array (0.00s)
    --- PASS: TestRawGraphSDKStepEnvelope/json/request-unknown (0.00s)
    --- PASS: TestRawGraphSDKStepEnvelope/json/request-alias (0.00s)
    --- PASS: TestRawGraphSDKStepEnvelope/json/request-duplicate (0.00s)
    --- PASS: TestRawGraphSDKStepEnvelope/json/request-escaped-duplicate (0.00s)
    --- PASS: TestRawGraphSDKStepEnvelope/json/request-time-type (0.00s)
    --- PASS: TestRawGraphSDKStepEnvelope/json/request-step-negative (0.00s)
    --- PASS: TestRawGraphSDKStepEnvelope/json/case-unknown (0.00s)
    --- PASS: TestRawGraphSDKStepEnvelope/json/case-alias (0.00s)
    --- PASS: TestRawGraphSDKStepEnvelope/json/case-duplicate (0.00s)
    --- PASS: TestRawGraphSDKStepEnvelope/json/case-shape (0.00s)
    --- PASS: TestRawGraphSDKStepEnvelope/json/completion-null (0.00s)
    --- PASS: TestRawGraphSDKStepEnvelope/json/completion-array (0.00s)
    --- PASS: TestRawGraphSDKStepEnvelope/json/completion-unknown (0.00s)
    --- PASS: TestRawGraphSDKStepEnvelope/json/completion-alias (0.00s)
    --- PASS: TestRawGraphSDKStepEnvelope/json/completion-duplicate (0.00s)
    --- PASS: TestRawGraphSDKStepEnvelope/json/completion-sequence-negative (0.00s)
    --- PASS: TestRawGraphSDKStepEnvelope/json/completion-case-fraction (0.00s)
    --- PASS: TestRawGraphSDKStepEnvelope/json/completion-cancel-type (0.00s)
    --- PASS: TestRawGraphSDKStepEnvelope/json/metadata-ref-null (0.00s)
    --- PASS: TestRawGraphSDKStepEnvelope/json/metadata-ref-object (0.00s)
    --- PASS: TestRawGraphSDKStepEnvelope/json/metadata-hash-null (0.00s)
    --- PASS: TestRawGraphSDKStepEnvelope/json/metadata-hash-number (0.00s)
    --- PASS: TestRawGraphSDKStepEnvelope/protobuf-v1/ordinary (0.00s)
    --- PASS: TestRawGraphSDKStepEnvelope/protobuf-v1/opaque-field-names (0.01s)
    --- PASS: TestRawGraphSDKStepEnvelope/protobuf-v1/opaque-duplicates (0.00s)
    --- PASS: TestRawGraphSDKStepEnvelope/protobuf-v1/opaque-null (0.00s)
    --- PASS: TestRawGraphSDKStepEnvelope/protobuf-v1/request-null (0.00s)
    --- PASS: TestRawGraphSDKStepEnvelope/protobuf-v1/request-array (0.00s)
    --- PASS: TestRawGraphSDKStepEnvelope/protobuf-v1/request-unknown (0.00s)
    --- PASS: TestRawGraphSDKStepEnvelope/protobuf-v1/request-alias (0.00s)
    --- PASS: TestRawGraphSDKStepEnvelope/protobuf-v1/request-duplicate (0.00s)
    --- PASS: TestRawGraphSDKStepEnvelope/protobuf-v1/request-escaped-duplicate (0.00s)
    --- PASS: TestRawGraphSDKStepEnvelope/protobuf-v1/request-time-type (0.00s)
    --- PASS: TestRawGraphSDKStepEnvelope/protobuf-v1/request-step-negative (0.00s)
    --- PASS: TestRawGraphSDKStepEnvelope/protobuf-v1/case-unknown (0.00s)
    --- PASS: TestRawGraphSDKStepEnvelope/protobuf-v1/case-alias (0.00s)
    --- PASS: TestRawGraphSDKStepEnvelope/protobuf-v1/case-duplicate (0.00s)
    --- PASS: TestRawGraphSDKStepEnvelope/protobuf-v1/case-shape (0.00s)
    --- PASS: TestRawGraphSDKStepEnvelope/protobuf-v1/completion-null (0.00s)
    --- PASS: TestRawGraphSDKStepEnvelope/protobuf-v1/completion-array (0.00s)
    --- PASS: TestRawGraphSDKStepEnvelope/protobuf-v1/completion-unknown (0.00s)
    --- PASS: TestRawGraphSDKStepEnvelope/protobuf-v1/completion-alias (0.00s)
    --- PASS: TestRawGraphSDKStepEnvelope/protobuf-v1/completion-duplicate (0.00s)
    --- PASS: TestRawGraphSDKStepEnvelope/protobuf-v1/completion-sequence-negative (0.01s)
    --- PASS: TestRawGraphSDKStepEnvelope/protobuf-v1/completion-case-fraction (0.00s)
    --- PASS: TestRawGraphSDKStepEnvelope/protobuf-v1/completion-cancel-type (0.01s)
    --- PASS: TestRawGraphSDKStepEnvelope/protobuf-v1/metadata-ref-null (0.00s)
    --- PASS: TestRawGraphSDKStepEnvelope/protobuf-v1/metadata-ref-object (0.01s)
    --- PASS: TestRawGraphSDKStepEnvelope/protobuf-v1/metadata-hash-null (0.00s)
    --- PASS: TestRawGraphSDKStepEnvelope/protobuf-v1/metadata-hash-number (0.00s)
=== RUN   TestNativeRawGraphCheckpointAudit
=== RUN   TestNativeRawGraphCheckpointAudit/R1/indexedfalse
    graph_checkpoint_native_test.go:112: RAW_CHECKPOINT_AUDIT stage=unpublished entries=4 terminals=0 R1 indexed=false
    graph_checkpoint_native_test.go:116: RAW_CHECKPOINT_AUDIT stage=published entries=4 terminals=0 R1 indexed=false
    graph_checkpoint_native_test.go:120: RAW_CHECKPOINT_AUDIT stage=archived entries=4 terminals=0 R1 indexed=false
    graph_checkpoint_native_test.go:130: RAW_CHECKPOINT_AUDIT stage=terminal entries=5 terminals=1 R1 indexed=false
=== RUN   TestNativeRawGraphCheckpointAudit/R1/indexedtrue
    graph_checkpoint_native_test.go:112: RAW_CHECKPOINT_AUDIT stage=unpublished entries=4 terminals=0 R1 indexed=true
    graph_checkpoint_native_test.go:116: RAW_CHECKPOINT_AUDIT stage=published entries=4 terminals=0 R1 indexed=true
    graph_checkpoint_native_test.go:120: RAW_CHECKPOINT_AUDIT stage=archived entries=4 terminals=0 R1 indexed=true
    graph_checkpoint_native_test.go:130: RAW_CHECKPOINT_AUDIT stage=terminal entries=5 terminals=1 R1 indexed=true
=== RUN   TestNativeRawGraphCheckpointAudit/R3/indexedfalse
    graph_checkpoint_native_test.go:112: RAW_CHECKPOINT_AUDIT stage=unpublished entries=4 terminals=0 R3 indexed=false
    graph_checkpoint_native_test.go:116: RAW_CHECKPOINT_AUDIT stage=published entries=4 terminals=0 R3 indexed=false
    graph_checkpoint_native_test.go:120: RAW_CHECKPOINT_AUDIT stage=archived entries=4 terminals=0 R3 indexed=false
    graph_checkpoint_native_test.go:130: RAW_CHECKPOINT_AUDIT stage=terminal entries=5 terminals=1 R3 indexed=false
=== RUN   TestNativeRawGraphCheckpointAudit/R3/indexedtrue
    graph_checkpoint_native_test.go:112: RAW_CHECKPOINT_AUDIT stage=unpublished entries=4 terminals=0 R3 indexed=true
    graph_checkpoint_native_test.go:116: RAW_CHECKPOINT_AUDIT stage=published entries=4 terminals=0 R3 indexed=true
    graph_checkpoint_native_test.go:120: RAW_CHECKPOINT_AUDIT stage=archived entries=4 terminals=0 R3 indexed=true
    graph_checkpoint_native_test.go:130: RAW_CHECKPOINT_AUDIT stage=terminal entries=5 terminals=1 R3 indexed=true
--- PASS: TestNativeRawGraphCheckpointAudit (15.75s)
    --- PASS: TestNativeRawGraphCheckpointAudit/R1/indexedfalse (2.35s)
    --- PASS: TestNativeRawGraphCheckpointAudit/R1/indexedtrue (2.73s)
    --- PASS: TestNativeRawGraphCheckpointAudit/R3/indexedfalse (5.11s)
    --- PASS: TestNativeRawGraphCheckpointAudit/R3/indexedtrue (5.56s)
PASS
ok  	js-wf/integrity	17.174s
