=== RUN   TestNativeGraphContinuationSDKFlow
=== RUN   TestNativeGraphContinuationSDKFlow/R1
    graph_continuation_sdk_test.go:482: SDK_PHASE name=execute_begin_next elapsed=284.655707ms remaining=29.715343732s sdk_requests=166
    graph_continuation_sdk_test.go:484: SDK_PHASE name=execute_end_next elapsed=2.1745551s remaining=27.82544452s sdk_requests=1290
    graph_continuation_sdk_test.go:648: SDK_PHASE name=boundary_scan_end_next elapsed=2.206599515s remaining=27.793400195s sdk_requests=1311
    graph_continuation_sdk_test.go:482: SDK_PHASE name=execute_begin_finish elapsed=2.206663903s remaining=27.793335887s sdk_requests=1311
    graph_continuation_sdk_test.go:484: SDK_PHASE name=execute_end_finish elapsed=5.925004394s remaining=24.074995205s sdk_requests=2771
    graph_continuation_sdk_test.go:648: SDK_PHASE name=boundary_scan_end_finish elapsed=5.986850096s remaining=24.013149423s sdk_requests=2791
    graph_continuation_sdk_test.go:971: RAW_SDK_CHECKPOINT_AUDIT journals=1 entries=20 terminals=1 pending=0 retired_projection_only=0
    graph_continuation_sdk_test.go:973: SDK initial/next/finish=map[finish:1 initial:1 next:1] effects=2 records=20 result=43
    graph_continuation_sdk_test.go:977: SDK_PHASE name=finished elapsed=9.955849582s remaining=20.044149526s sdk_requests=5090
=== RUN   TestNativeGraphContinuationSDKFlow/R3Domain
    graph_continuation_sdk_test.go:482: SDK_PHASE name=execute_begin_next elapsed=3.794116485s remaining=26.205883094s sdk_requests=166
    graph_continuation_sdk_test.go:484: SDK_PHASE name=execute_end_next elapsed=7.03959796s remaining=22.960401689s sdk_requests=1290
    graph_continuation_sdk_test.go:648: SDK_PHASE name=boundary_scan_end_next elapsed=7.089091335s remaining=22.910908305s sdk_requests=1311
    graph_continuation_sdk_test.go:482: SDK_PHASE name=execute_begin_finish elapsed=7.089245309s remaining=22.910754301s sdk_requests=1311
    graph_continuation_sdk_test.go:484: SDK_PHASE name=execute_end_finish elapsed=11.215536775s remaining=18.784462754s sdk_requests=2762
    graph_continuation_sdk_test.go:648: SDK_PHASE name=boundary_scan_end_finish elapsed=11.266036339s remaining=18.73396328s sdk_requests=2782
    graph_continuation_sdk_test.go:971: RAW_SDK_CHECKPOINT_AUDIT journals=1 entries=20 terminals=1 pending=0 retired_projection_only=0
    graph_continuation_sdk_test.go:973: SDK initial/next/finish=map[finish:1 initial:1 next:1] effects=2 records=20 result=43
    graph_continuation_sdk_test.go:977: SDK_PHASE name=finished elapsed=15.567956337s remaining=14.432043202s sdk_requests=5076
--- PASS: TestNativeGraphContinuationSDKFlow (25.94s)
    --- PASS: TestNativeGraphContinuationSDKFlow/R1 (10.01s)
    --- PASS: TestNativeGraphContinuationSDKFlow/R3Domain (15.93s)
PASS
ok  	js-wf/worker	26.987s
