=== RUN   TestRawGraphCheckpointSDKTimerHistory
=== RUN   TestRawGraphCheckpointSDKTimerHistory/absolute-position-and-deadline
=== RUN   TestRawGraphCheckpointSDKTimerHistory/cancel
=== RUN   TestRawGraphCheckpointSDKTimerHistory/await
=== RUN   TestRawGraphCheckpointSDKTimerHistory/timer-select
=== RUN   TestRawGraphCheckpointSDKTimerHistory/many-select
=== RUN   TestRawGraphCheckpointSDKTimerHistory/signal-then-cancel
=== RUN   TestRawGraphCheckpointSDKTimerHistory/carried-cancel
=== RUN   TestRawGraphCheckpointSDKTimerHistory/empty
=== RUN   TestRawGraphCheckpointSDKTimerHistory/missing-creation
=== RUN   TestRawGraphCheckpointSDKTimerHistory/wrong-name
=== RUN   TestRawGraphCheckpointSDKTimerHistory/wrong-deadline
=== RUN   TestRawGraphCheckpointSDKTimerHistory/wrong-domain
=== RUN   TestRawGraphCheckpointSDKTimerHistory/unconfirmed-cancel
=== RUN   TestRawGraphCheckpointSDKTimerHistory/cancel-after-fire
=== RUN   TestRawGraphCheckpointSDKTimerHistory/await-after-cancel
=== RUN   TestRawGraphCheckpointSDKTimerHistory/duplicate-cancel
=== RUN   TestRawGraphCheckpointSDKTimerHistory/live-checkpoint
=== RUN   TestRawGraphCheckpointSDKTimerHistory/omitted-cancel
=== RUN   TestRawGraphCheckpointSDKTimerHistory/fabricated-cancel
=== RUN   TestRawGraphCheckpointSDKTimerHistory/duplicate-cancel-id
=== RUN   TestRawGraphCheckpointSDKTimerHistory/bad-select-index
=== RUN   TestRawGraphCheckpointSDKTimerHistory/unselected-dead-timer
--- PASS: TestRawGraphCheckpointSDKTimerHistory (0.00s)
    --- PASS: TestRawGraphCheckpointSDKTimerHistory/absolute-position-and-deadline (0.00s)
    --- PASS: TestRawGraphCheckpointSDKTimerHistory/cancel (0.00s)
    --- PASS: TestRawGraphCheckpointSDKTimerHistory/await (0.00s)
    --- PASS: TestRawGraphCheckpointSDKTimerHistory/timer-select (0.00s)
    --- PASS: TestRawGraphCheckpointSDKTimerHistory/many-select (0.00s)
    --- PASS: TestRawGraphCheckpointSDKTimerHistory/signal-then-cancel (0.00s)
    --- PASS: TestRawGraphCheckpointSDKTimerHistory/carried-cancel (0.00s)
    --- PASS: TestRawGraphCheckpointSDKTimerHistory/empty (0.00s)
    --- PASS: TestRawGraphCheckpointSDKTimerHistory/missing-creation (0.00s)
    --- PASS: TestRawGraphCheckpointSDKTimerHistory/wrong-name (0.00s)
    --- PASS: TestRawGraphCheckpointSDKTimerHistory/wrong-deadline (0.00s)
    --- PASS: TestRawGraphCheckpointSDKTimerHistory/wrong-domain (0.00s)
    --- PASS: TestRawGraphCheckpointSDKTimerHistory/unconfirmed-cancel (0.00s)
    --- PASS: TestRawGraphCheckpointSDKTimerHistory/cancel-after-fire (0.00s)
    --- PASS: TestRawGraphCheckpointSDKTimerHistory/await-after-cancel (0.00s)
    --- PASS: TestRawGraphCheckpointSDKTimerHistory/duplicate-cancel (0.00s)
    --- PASS: TestRawGraphCheckpointSDKTimerHistory/live-checkpoint (0.00s)
    --- PASS: TestRawGraphCheckpointSDKTimerHistory/omitted-cancel (0.00s)
    --- PASS: TestRawGraphCheckpointSDKTimerHistory/fabricated-cancel (0.00s)
    --- PASS: TestRawGraphCheckpointSDKTimerHistory/duplicate-cancel-id (0.00s)
    --- PASS: TestRawGraphCheckpointSDKTimerHistory/bad-select-index (0.00s)
    --- PASS: TestRawGraphCheckpointSDKTimerHistory/unselected-dead-timer (0.00s)
PASS
ok  	js-wf/integrity	1.031s
