=== RUN   TestRawGraphJournalGenerationsOutcomesAndArchive
=== RUN   TestRawGraphJournalGenerationsOutcomesAndArchive/json/archivefalse
=== RUN   TestRawGraphJournalGenerationsOutcomesAndArchive/json/archivetrue
=== RUN   TestRawGraphJournalGenerationsOutcomesAndArchive/protobuf-v1/archivefalse
=== RUN   TestRawGraphJournalGenerationsOutcomesAndArchive/protobuf-v1/archivetrue
=== RUN   TestRawGraphJournalGenerationsOutcomesAndArchive/envelope-generation
=== RUN   TestRawGraphJournalGenerationsOutcomesAndArchive/entry-edge-missing
=== RUN   TestRawGraphJournalGenerationsOutcomesAndArchive/index-gap
=== RUN   TestRawGraphJournalGenerationsOutcomesAndArchive/epoch-decrease
=== RUN   TestRawGraphJournalGenerationsOutcomesAndArchive/epoch-two-workers
=== RUN   TestRawGraphJournalGenerationsOutcomesAndArchive/completion-without-request
=== RUN   TestRawGraphJournalGenerationsOutcomesAndArchive/overlapping-requests
=== RUN   TestRawGraphJournalGenerationsOutcomesAndArchive/entry-after-terminal
=== RUN   TestRawGraphJournalGenerationsOutcomesAndArchive/terminal-generation
=== RUN   TestRawGraphJournalGenerationsOutcomesAndArchive/result-unowned
=== RUN   TestRawGraphJournalGenerationsOutcomesAndArchive/source-sequence
=== RUN   TestRawGraphJournalGenerationsOutcomesAndArchive/source-missing
=== RUN   TestRawGraphJournalGenerationsOutcomesAndArchive/projection-differs
=== RUN   TestRawGraphJournalGenerationsOutcomesAndArchive/projection-missing
=== RUN   TestRawGraphJournalGenerationsOutcomesAndArchive/input-source-token
=== RUN   TestRawGraphJournalGenerationsOutcomesAndArchive/archive-count
--- PASS: TestRawGraphJournalGenerationsOutcomesAndArchive (0.06s)
    --- PASS: TestRawGraphJournalGenerationsOutcomesAndArchive/json/archivefalse (0.01s)
    --- PASS: TestRawGraphJournalGenerationsOutcomesAndArchive/json/archivetrue (0.01s)
    --- PASS: TestRawGraphJournalGenerationsOutcomesAndArchive/protobuf-v1/archivefalse (0.00s)
    --- PASS: TestRawGraphJournalGenerationsOutcomesAndArchive/protobuf-v1/archivetrue (0.01s)
    --- PASS: TestRawGraphJournalGenerationsOutcomesAndArchive/envelope-generation (0.00s)
    --- PASS: TestRawGraphJournalGenerationsOutcomesAndArchive/entry-edge-missing (0.00s)
    --- PASS: TestRawGraphJournalGenerationsOutcomesAndArchive/index-gap (0.00s)
    --- PASS: TestRawGraphJournalGenerationsOutcomesAndArchive/epoch-decrease (0.00s)
    --- PASS: TestRawGraphJournalGenerationsOutcomesAndArchive/epoch-two-workers (0.00s)
    --- PASS: TestRawGraphJournalGenerationsOutcomesAndArchive/completion-without-request (0.00s)
    --- PASS: TestRawGraphJournalGenerationsOutcomesAndArchive/overlapping-requests (0.00s)
    --- PASS: TestRawGraphJournalGenerationsOutcomesAndArchive/entry-after-terminal (0.01s)
    --- PASS: TestRawGraphJournalGenerationsOutcomesAndArchive/terminal-generation (0.00s)
    --- PASS: TestRawGraphJournalGenerationsOutcomesAndArchive/result-unowned (0.00s)
    --- PASS: TestRawGraphJournalGenerationsOutcomesAndArchive/source-sequence (0.00s)
    --- PASS: TestRawGraphJournalGenerationsOutcomesAndArchive/source-missing (0.00s)
    --- PASS: TestRawGraphJournalGenerationsOutcomesAndArchive/projection-differs (0.00s)
    --- PASS: TestRawGraphJournalGenerationsOutcomesAndArchive/projection-missing (0.00s)
    --- PASS: TestRawGraphJournalGenerationsOutcomesAndArchive/input-source-token (0.00s)
    --- PASS: TestRawGraphJournalGenerationsOutcomesAndArchive/archive-count (0.00s)
=== RUN   TestRawGraphCheckpointMetadataBindings
=== RUN   TestRawGraphCheckpointMetadataBindings/json/valid
=== RUN   TestRawGraphCheckpointMetadataBindings/protobuf-v1/valid
=== RUN   TestRawGraphCheckpointMetadataBindings/metadata-generation
=== RUN   TestRawGraphCheckpointMetadataBindings/metadata-anchor
=== RUN   TestRawGraphCheckpointMetadataBindings/metadata-frame
=== RUN   TestRawGraphCheckpointMetadataBindings/metadata-version
=== RUN   TestRawGraphCheckpointMetadataBindings/metadata-child
=== RUN   TestRawGraphCheckpointMetadataBindings/metadata-signal-prefix
=== RUN   TestRawGraphCheckpointMetadataBindings/metadata-buffered-child
=== RUN   TestRawGraphCheckpointMetadataBindings/metadata-half-pointer
=== RUN   TestRawGraphCheckpointMetadataBindings/metadata-wrong-edge
=== RUN   TestRawGraphCheckpointMetadataBindings/metadata-unowned
--- PASS: TestRawGraphCheckpointMetadataBindings (0.07s)
    --- PASS: TestRawGraphCheckpointMetadataBindings/json/valid (0.00s)
    --- PASS: TestRawGraphCheckpointMetadataBindings/protobuf-v1/valid (0.01s)
    --- PASS: TestRawGraphCheckpointMetadataBindings/metadata-generation (0.00s)
    --- PASS: TestRawGraphCheckpointMetadataBindings/metadata-anchor (0.01s)
    --- PASS: TestRawGraphCheckpointMetadataBindings/metadata-frame (0.01s)
    --- PASS: TestRawGraphCheckpointMetadataBindings/metadata-version (0.01s)
    --- PASS: TestRawGraphCheckpointMetadataBindings/metadata-child (0.00s)
    --- PASS: TestRawGraphCheckpointMetadataBindings/metadata-signal-prefix (0.00s)
    --- PASS: TestRawGraphCheckpointMetadataBindings/metadata-buffered-child (0.00s)
    --- PASS: TestRawGraphCheckpointMetadataBindings/metadata-half-pointer (0.00s)
    --- PASS: TestRawGraphCheckpointMetadataBindings/metadata-wrong-edge (0.00s)
    --- PASS: TestRawGraphCheckpointMetadataBindings/metadata-unowned (0.00s)
=== RUN   TestRawGraphSignalReservationAndBinding
=== RUN   TestRawGraphSignalReservationAndBinding/json
=== RUN   TestRawGraphSignalReservationAndBinding/protobuf-v1
=== RUN   TestRawGraphSignalReservationAndBinding/generation
=== RUN   TestRawGraphSignalReservationAndBinding/reservation-index
=== RUN   TestRawGraphSignalReservationAndBinding/name
=== RUN   TestRawGraphSignalReservationAndBinding/key
=== RUN   TestRawGraphSignalReservationAndBinding/size
=== RUN   TestRawGraphSignalReservationAndBinding/body
=== RUN   TestRawGraphSignalReservationAndBinding/token
=== RUN   TestRawGraphSignalReservationAndBinding/binding-input
=== RUN   TestRawGraphSignalReservationAndBinding/binding-index
=== RUN   TestRawGraphSignalReservationAndBinding/source-zero
=== RUN   TestRawGraphSignalReservationAndBinding/source-frontier
=== RUN   TestRawGraphSignalReservationAndBinding/consumption-census
=== RUN   TestRawGraphSignalReservationAndBinding/missing-body
--- PASS: TestRawGraphSignalReservationAndBinding (0.09s)
    --- PASS: TestRawGraphSignalReservationAndBinding/json (0.00s)
    --- PASS: TestRawGraphSignalReservationAndBinding/protobuf-v1 (0.00s)
    --- PASS: TestRawGraphSignalReservationAndBinding/generation (0.00s)
    --- PASS: TestRawGraphSignalReservationAndBinding/reservation-index (0.00s)
    --- PASS: TestRawGraphSignalReservationAndBinding/name (0.00s)
    --- PASS: TestRawGraphSignalReservationAndBinding/key (0.01s)
    --- PASS: TestRawGraphSignalReservationAndBinding/size (0.01s)
    --- PASS: TestRawGraphSignalReservationAndBinding/body (0.01s)
    --- PASS: TestRawGraphSignalReservationAndBinding/token (0.00s)
    --- PASS: TestRawGraphSignalReservationAndBinding/binding-input (0.00s)
    --- PASS: TestRawGraphSignalReservationAndBinding/binding-index (0.01s)
    --- PASS: TestRawGraphSignalReservationAndBinding/source-zero (0.01s)
    --- PASS: TestRawGraphSignalReservationAndBinding/source-frontier (0.00s)
    --- PASS: TestRawGraphSignalReservationAndBinding/consumption-census (0.01s)
    --- PASS: TestRawGraphSignalReservationAndBinding/missing-body (0.01s)
PASS
ok  	js-wf/integrity	1.268s
