time=2026-10-01T16:53:53.386Z level=INFO source=main.go:1770 msg="updated GOGC" old=100 new=75
time=2026-10-01T16:53:53.387Z level=INFO source=main.go:824 msg="Leaving GOMAXPROCS=4: CPU quota undefined" component=automaxprocs
time=2026-10-01T16:53:53.387Z level=INFO source=memlimit.go:198 msg="GOMEMLIMIT is updated" component=automemlimit package=github.com/KimMachineGun/automemlimit/memlimit GOMEMLIMIT=241591910 previous=9223372036854775807
time=2026-10-01T16:53:53.387Z level=INFO source=main.go:933 msg="Starting Prometheus Server" mode=server version="(version=3.15.0, branch=HEAD, revision=5241a27fe3c6983549fccc32f6e65917408c63cd)"
time=2026-10-01T16:53:53.387Z level=INFO source=main.go:938 msg="operational information" build_context="(go=go1.27.1, platform=linux/amd64, user=root@4635dd007a60, date=20260925-07:33:45, tags=netgo,builtinassets)" host_details="(Linux 6.17.0-1022-azure #22-Ubuntu SMP Mon Jul 27 17:24:03 UTC 2026 x86_64 runnervm8df0l (none))" fd_limits="(soft=65536, hard=65536)" vm_limits="(soft=unlimited, hard=unlimited)"
time=2026-10-01T16:53:53.511Z level=INFO source=web.go:727 msg="Start listening for connections" component=web address=127.0.0.1:42859
time=2026-10-01T16:53:53.511Z level=INFO source=main.go:1499 msg="Starting TSDB ..."
time=2026-10-01T16:53:53.513Z level=INFO source=tls_config.go:381 msg="Listening on" component=web address=127.0.0.1:42859
time=2026-10-01T16:53:53.513Z level=INFO source=tls_config.go:384 msg="TLS is disabled." component=web http2=false address=127.0.0.1:42859
time=2026-10-01T16:53:53.513Z level=INFO source=head.go:753 msg="Replaying on-disk memory mappable chunks if any" component=tsdb
time=2026-10-01T16:53:53.514Z level=INFO source=head.go:838 msg="On-disk memory mappable chunks replay completed" component=tsdb duration=1.111µs
time=2026-10-01T16:53:53.514Z level=INFO source=head.go:846 msg="Replaying WAL, this may take a while" component=tsdb
time=2026-10-01T16:53:53.514Z level=INFO source=head.go:941 msg="WAL segment loaded" component=tsdb segment=0 maxSegment=0 duration=149.581µs
time=2026-10-01T16:53:53.514Z level=INFO source=head.go:978 msg="WAL replay completed" component=tsdb checkpoint_replay_duration=38.416µs wal_replay_duration=172.084µs wbl_replay_duration=191ns chunk_snapshot_load_duration=0s mmap_chunk_replay_duration=1.111µs total_replay_duration=234.698µs
time=2026-10-01T16:53:53.515Z level=INFO source=main.go:1520 msg="filesystem information" fs_type=EXT4_SUPER_MAGIC
time=2026-10-01T16:53:53.515Z level=INFO source=main.go:1523 msg="TSDB started"
time=2026-10-01T16:53:53.515Z level=INFO source=main.go:1721 msg="Loading configuration file" filename=/fixture/prometheus.yml
time=2026-10-01T16:53:53.515Z level=INFO source=main.go:1137 msg="TSDB retention updated" duration=1h size=0B percentage=0
time=2026-10-01T16:53:53.516Z level=INFO source=main.go:1763 msg="Completed loading of configuration file" db_storage=33.43µs remote_storage=2.204µs web_handler=231ns query_engine=911ns scrape=214.387µs scrape_sd=19.018µs notify=501.912µs notify_sd=17.777µs rules=281.106µs tracing=4.096µs filename=/fixture/prometheus.yml totalDuration=1.305191ms
time=2026-10-01T16:53:53.516Z level=INFO source=main.go:1484 msg="Server is ready to receive web requests."
time=2026-10-01T16:53:53.516Z level=INFO source=manager.go:235 msg="Starting rule manager..." component="rule manager"
