=== RUN   TestRawGraphCheckpointSDKStateHistory
=== RUN   TestRawGraphCheckpointSDKStateHistory/json/history-valid
=== RUN   TestRawGraphCheckpointSDKStateHistory/json/history-external-valid
=== RUN   TestRawGraphCheckpointSDKStateHistory/json/history-read-absent-valid
=== RUN   TestRawGraphCheckpointSDKStateHistory/json/history-write-error-valid
=== RUN   TestRawGraphCheckpointSDKStateHistory/json/history-null-valid
=== RUN   TestRawGraphCheckpointSDKStateHistory/protobuf-v1/history-valid
=== RUN   TestRawGraphCheckpointSDKStateHistory/protobuf-v1/history-external-valid
=== RUN   TestRawGraphCheckpointSDKStateHistory/protobuf-v1/history-read-absent-valid
=== RUN   TestRawGraphCheckpointSDKStateHistory/protobuf-v1/history-write-error-valid
=== RUN   TestRawGraphCheckpointSDKStateHistory/protobuf-v1/history-null-valid
=== RUN   TestRawGraphCheckpointSDKStateHistory/history-frame-value
=== RUN   TestRawGraphCheckpointSDKStateHistory/history-frame-missing
=== RUN   TestRawGraphCheckpointSDKStateHistory/history-frame-extra
=== RUN   TestRawGraphCheckpointSDKStateHistory/history-write-hash
=== RUN   TestRawGraphCheckpointSDKStateHistory/history-write-missing
=== RUN   TestRawGraphCheckpointSDKStateHistory/history-write-error
=== RUN   TestRawGraphCheckpointSDKStateHistory/history-read-fabricated
=== RUN   TestRawGraphCheckpointSDKStateHistory/history-result-null
=== RUN   TestRawGraphCheckpointSDKStateHistory/history-result-unknown
=== RUN   TestRawGraphCheckpointSDKStateHistory/history-external-unowned
=== RUN   TestRawGraphCheckpointSDKStateHistory/history-external-wrong
--- PASS: TestRawGraphCheckpointSDKStateHistory (0.10s)
    --- PASS: TestRawGraphCheckpointSDKStateHistory/json/history-valid (0.01s)
    --- PASS: TestRawGraphCheckpointSDKStateHistory/json/history-external-valid (0.00s)
    --- PASS: TestRawGraphCheckpointSDKStateHistory/json/history-read-absent-valid (0.00s)
    --- PASS: TestRawGraphCheckpointSDKStateHistory/json/history-write-error-valid (0.01s)
    --- PASS: TestRawGraphCheckpointSDKStateHistory/json/history-null-valid (0.01s)
    --- PASS: TestRawGraphCheckpointSDKStateHistory/protobuf-v1/history-valid (0.00s)
    --- PASS: TestRawGraphCheckpointSDKStateHistory/protobuf-v1/history-external-valid (0.00s)
    --- PASS: TestRawGraphCheckpointSDKStateHistory/protobuf-v1/history-read-absent-valid (0.00s)
    --- PASS: TestRawGraphCheckpointSDKStateHistory/protobuf-v1/history-write-error-valid (0.00s)
    --- PASS: TestRawGraphCheckpointSDKStateHistory/protobuf-v1/history-null-valid (0.00s)
    --- PASS: TestRawGraphCheckpointSDKStateHistory/history-frame-value (0.01s)
    --- PASS: TestRawGraphCheckpointSDKStateHistory/history-frame-missing (0.01s)
    --- PASS: TestRawGraphCheckpointSDKStateHistory/history-frame-extra (0.01s)
    --- PASS: TestRawGraphCheckpointSDKStateHistory/history-write-hash (0.00s)
    --- PASS: TestRawGraphCheckpointSDKStateHistory/history-write-missing (0.00s)
    --- PASS: TestRawGraphCheckpointSDKStateHistory/history-write-error (0.00s)
    --- PASS: TestRawGraphCheckpointSDKStateHistory/history-read-fabricated (0.00s)
    --- PASS: TestRawGraphCheckpointSDKStateHistory/history-result-null (0.00s)
    --- PASS: TestRawGraphCheckpointSDKStateHistory/history-result-unknown (0.00s)
    --- PASS: TestRawGraphCheckpointSDKStateHistory/history-external-unowned (0.00s)
    --- PASS: TestRawGraphCheckpointSDKStateHistory/history-external-wrong (0.01s)
=== RUN   TestRawGraphCheckpointMetadataBindings
=== RUN   TestRawGraphCheckpointMetadataBindings/json/valid
=== RUN   TestRawGraphCheckpointMetadataBindings/protobuf-v1/valid
=== RUN   TestRawGraphCheckpointMetadataBindings/metadata-generation
=== RUN   TestRawGraphCheckpointMetadataBindings/metadata-anchor
=== RUN   TestRawGraphCheckpointMetadataBindings/metadata-frame
=== RUN   TestRawGraphCheckpointMetadataBindings/metadata-version
=== RUN   TestRawGraphCheckpointMetadataBindings/metadata-child
=== RUN   TestRawGraphCheckpointMetadataBindings/metadata-signal-prefix
=== RUN   TestRawGraphCheckpointMetadataBindings/metadata-buffered-child
=== RUN   TestRawGraphCheckpointMetadataBindings/metadata-half-pointer
=== RUN   TestRawGraphCheckpointMetadataBindings/metadata-wrong-edge
=== RUN   TestRawGraphCheckpointMetadataBindings/metadata-unowned
--- PASS: TestRawGraphCheckpointMetadataBindings (0.07s)
    --- PASS: TestRawGraphCheckpointMetadataBindings/json/valid (0.01s)
    --- PASS: TestRawGraphCheckpointMetadataBindings/protobuf-v1/valid (0.01s)
    --- PASS: TestRawGraphCheckpointMetadataBindings/metadata-generation (0.01s)
    --- PASS: TestRawGraphCheckpointMetadataBindings/metadata-anchor (0.00s)
    --- PASS: TestRawGraphCheckpointMetadataBindings/metadata-frame (0.00s)
    --- PASS: TestRawGraphCheckpointMetadataBindings/metadata-version (0.00s)
    --- PASS: TestRawGraphCheckpointMetadataBindings/metadata-child (0.00s)
    --- PASS: TestRawGraphCheckpointMetadataBindings/metadata-signal-prefix (0.00s)
    --- PASS: TestRawGraphCheckpointMetadataBindings/metadata-buffered-child (0.00s)
    --- PASS: TestRawGraphCheckpointMetadataBindings/metadata-half-pointer (0.00s)
    --- PASS: TestRawGraphCheckpointMetadataBindings/metadata-wrong-edge (0.00s)
    --- PASS: TestRawGraphCheckpointMetadataBindings/metadata-unowned (0.00s)
PASS
ok  	js-wf/integrity	1.197s
