=== RUN   TestRawGraphCheckpointPromiseHistory
=== RUN   TestRawGraphCheckpointPromiseHistory/signal-inline
=== RUN   TestRawGraphCheckpointPromiseHistory/signal-external
=== RUN   TestRawGraphCheckpointPromiseHistory/explicit-inline
=== RUN   TestRawGraphCheckpointPromiseHistory/explicit-external
=== RUN   TestRawGraphCheckpointPromiseHistory/ambiguous-cache-omitted
=== RUN   TestRawGraphCheckpointPromiseHistory/cached-select-reuse
=== RUN   TestRawGraphCheckpointPromiseHistory/compacted-outcome
=== RUN   TestRawGraphCheckpointPromiseHistory/multiple-ambiguous-candidates
=== RUN   TestRawGraphCheckpointPromiseHistory/multiple-ambiguous-later
=== RUN   TestRawGraphCheckpointPromiseHistory/outcome-changed
=== RUN   TestRawGraphCheckpointPromiseHistory/name-changed
=== RUN   TestRawGraphCheckpointPromiseHistory/no-selection
=== RUN   TestRawGraphCheckpointPromiseHistory/child-declaration
=== RUN   TestRawGraphCheckpointPromiseHistory/child-generation
=== RUN   TestRawGraphCheckpointPromiseHistory/source-unowned
=== RUN   TestRawGraphCheckpointPromiseHistory/source-wrong-bytes
=== RUN   TestRawGraphCheckpointPromiseHistory/source-missing
=== RUN   TestRawGraphCheckpointPromiseHistory/external-unowned
=== RUN   TestRawGraphCheckpointPromiseHistory/explicit-cache-omitted
=== RUN   TestRawGraphCheckpointPromiseHistory/case-index-missing
=== RUN   TestRawGraphCheckpointPromiseHistory/cached-without-history
=== RUN   TestRawGraphCheckpointPromiseHistory/explicit-cache-reconsumed
=== RUN   TestRawGraphCheckpointPromiseHistory/arrival-missing
--- PASS: TestRawGraphCheckpointPromiseHistory (0.01s)
    --- PASS: TestRawGraphCheckpointPromiseHistory/signal-inline (0.00s)
    --- PASS: TestRawGraphCheckpointPromiseHistory/signal-external (0.00s)
    --- PASS: TestRawGraphCheckpointPromiseHistory/explicit-inline (0.00s)
    --- PASS: TestRawGraphCheckpointPromiseHistory/explicit-external (0.00s)
    --- PASS: TestRawGraphCheckpointPromiseHistory/ambiguous-cache-omitted (0.00s)
    --- PASS: TestRawGraphCheckpointPromiseHistory/cached-select-reuse (0.00s)
    --- PASS: TestRawGraphCheckpointPromiseHistory/compacted-outcome (0.00s)
    --- PASS: TestRawGraphCheckpointPromiseHistory/multiple-ambiguous-candidates (0.00s)
    --- PASS: TestRawGraphCheckpointPromiseHistory/multiple-ambiguous-later (0.00s)
    --- PASS: TestRawGraphCheckpointPromiseHistory/outcome-changed (0.00s)
    --- PASS: TestRawGraphCheckpointPromiseHistory/name-changed (0.00s)
    --- PASS: TestRawGraphCheckpointPromiseHistory/no-selection (0.00s)
    --- PASS: TestRawGraphCheckpointPromiseHistory/child-declaration (0.00s)
    --- PASS: TestRawGraphCheckpointPromiseHistory/child-generation (0.00s)
    --- PASS: TestRawGraphCheckpointPromiseHistory/source-unowned (0.00s)
    --- PASS: TestRawGraphCheckpointPromiseHistory/source-wrong-bytes (0.00s)
    --- PASS: TestRawGraphCheckpointPromiseHistory/source-missing (0.00s)
    --- PASS: TestRawGraphCheckpointPromiseHistory/external-unowned (0.00s)
    --- PASS: TestRawGraphCheckpointPromiseHistory/explicit-cache-omitted (0.00s)
    --- PASS: TestRawGraphCheckpointPromiseHistory/case-index-missing (0.00s)
    --- PASS: TestRawGraphCheckpointPromiseHistory/cached-without-history (0.00s)
    --- PASS: TestRawGraphCheckpointPromiseHistory/explicit-cache-reconsumed (0.00s)
    --- PASS: TestRawGraphCheckpointPromiseHistory/arrival-missing (0.00s)
PASS
ok  	js-wf/integrity	1.028s
