=== RUN   TestGraphCompactionCheckpointRejectsNoncanonicalEnvelope
=== RUN   TestGraphCompactionCheckpointRejectsNoncanonicalEnvelope/duplicate
=== RUN   TestGraphCompactionCheckpointRejectsNoncanonicalEnvelope/alias
=== RUN   TestGraphCompactionCheckpointRejectsNoncanonicalEnvelope/trailing
=== RUN   TestGraphCompactionCheckpointRejectsNoncanonicalEnvelope/second-object
=== RUN   TestGraphCompactionCheckpointRejectsNoncanonicalEnvelope/zero-expiry
=== RUN   TestGraphCompactionCheckpointRejectsNoncanonicalEnvelope/unknown
=== RUN   TestGraphCompactionCheckpointRejectsNoncanonicalEnvelope/escaped
=== RUN   TestGraphCompactionCheckpointRejectsNoncanonicalEnvelope/leading
=== RUN   TestGraphCompactionCheckpointRejectsNoncanonicalEnvelope/empty
=== RUN   TestGraphCompactionCheckpointRejectsNoncanonicalEnvelope/oversize
=== RUN   TestGraphCompactionCheckpointRejectsNoncanonicalEnvelope/null
--- PASS: TestGraphCompactionCheckpointRejectsNoncanonicalEnvelope (0.01s)
    --- PASS: TestGraphCompactionCheckpointRejectsNoncanonicalEnvelope/duplicate (0.00s)
    --- PASS: TestGraphCompactionCheckpointRejectsNoncanonicalEnvelope/alias (0.00s)
    --- PASS: TestGraphCompactionCheckpointRejectsNoncanonicalEnvelope/trailing (0.00s)
    --- PASS: TestGraphCompactionCheckpointRejectsNoncanonicalEnvelope/second-object (0.00s)
    --- PASS: TestGraphCompactionCheckpointRejectsNoncanonicalEnvelope/zero-expiry (0.00s)
    --- PASS: TestGraphCompactionCheckpointRejectsNoncanonicalEnvelope/unknown (0.00s)
    --- PASS: TestGraphCompactionCheckpointRejectsNoncanonicalEnvelope/escaped (0.00s)
    --- PASS: TestGraphCompactionCheckpointRejectsNoncanonicalEnvelope/leading (0.00s)
    --- PASS: TestGraphCompactionCheckpointRejectsNoncanonicalEnvelope/empty (0.00s)
    --- PASS: TestGraphCompactionCheckpointRejectsNoncanonicalEnvelope/oversize (0.00s)
    --- PASS: TestGraphCompactionCheckpointRejectsNoncanonicalEnvelope/null (0.00s)
=== RUN   TestGraphCompactionCheckpointBindingRenewalAndResumption
=== RUN   TestGraphCompactionCheckpointBindingRenewalAndResumption/json/normal
    graph_compaction_checkpoint_test.go:313: BOUND_COMPACTION mode=normal renewal_batches=0 verification_batches=10 retained_from=9 readers=0 checkpoint_bytes=3972
=== RUN   TestGraphCompactionCheckpointBindingRenewalAndResumption/json/renew
    graph_compaction_checkpoint_test.go:210: requested expiry not saved <nil>
=== RUN   TestGraphCompactionCheckpointBindingRenewalAndResumption/json/renew-drop
    graph_compaction_checkpoint_test.go:210: requested expiry not saved <nil>
=== RUN   TestGraphCompactionCheckpointBindingRenewalAndResumption/json/renew-lost
    graph_compaction_checkpoint_test.go:210: requested expiry not saved <nil>
=== RUN   TestGraphCompactionCheckpointBindingRenewalAndResumption/json/verify
    graph_compaction_checkpoint_test.go:313: BOUND_COMPACTION mode=verify renewal_batches=0 verification_batches=10 retained_from=9 readers=0 checkpoint_bytes=4641
=== RUN   TestGraphCompactionCheckpointBindingRenewalAndResumption/json/every-batch
    graph_compaction_checkpoint_test.go:313: BOUND_COMPACTION mode=every-batch renewal_batches=0 verification_batches=10 retained_from=9 readers=0 checkpoint_bytes=3972
=== RUN   TestGraphCompactionCheckpointBindingRenewalAndResumption/json/type
=== RUN   TestGraphCompactionCheckpointBindingRenewalAndResumption/json/id
=== RUN   TestGraphCompactionCheckpointBindingRenewalAndResumption/json/runtime
=== RUN   TestGraphCompactionCheckpointBindingRenewalAndResumption/json/tail
=== RUN   TestGraphCompactionCheckpointBindingRenewalAndResumption/json/application
=== RUN   TestGraphCompactionCheckpointBindingRenewalAndResumption/json/cut
=== RUN   TestGraphCompactionCheckpointBindingRenewalAndResumption/json/limit
=== RUN   TestGraphCompactionCheckpointBindingRenewalAndResumption/json/append
=== RUN   TestGraphCompactionCheckpointBindingRenewalAndResumption/json/reader
=== RUN   TestGraphCompactionCheckpointBindingRenewalAndResumption/json/retire
=== RUN   TestGraphCompactionCheckpointBindingRenewalAndResumption/json/collector
=== RUN   TestGraphCompactionCheckpointBindingRenewalAndResumption/protobuf-v1/normal
    graph_compaction_checkpoint_test.go:313: BOUND_COMPACTION mode=normal renewal_batches=0 verification_batches=10 retained_from=9 readers=0 checkpoint_bytes=3972
=== RUN   TestGraphCompactionCheckpointBindingRenewalAndResumption/protobuf-v1/renew
    graph_compaction_checkpoint_test.go:210: requested expiry not saved <nil>
=== RUN   TestGraphCompactionCheckpointBindingRenewalAndResumption/protobuf-v1/renew-drop
    graph_compaction_checkpoint_test.go:210: requested expiry not saved <nil>
=== RUN   TestGraphCompactionCheckpointBindingRenewalAndResumption/protobuf-v1/renew-lost
    graph_compaction_checkpoint_test.go:210: requested expiry not saved <nil>
=== RUN   TestGraphCompactionCheckpointBindingRenewalAndResumption/protobuf-v1/verify
    graph_compaction_checkpoint_test.go:313: BOUND_COMPACTION mode=verify renewal_batches=0 verification_batches=10 retained_from=9 readers=0 checkpoint_bytes=4641
=== RUN   TestGraphCompactionCheckpointBindingRenewalAndResumption/protobuf-v1/every-batch
    graph_compaction_checkpoint_test.go:313: BOUND_COMPACTION mode=every-batch renewal_batches=0 verification_batches=10 retained_from=9 readers=0 checkpoint_bytes=3972
=== RUN   TestGraphCompactionCheckpointBindingRenewalAndResumption/protobuf-v1/type
=== RUN   TestGraphCompactionCheckpointBindingRenewalAndResumption/protobuf-v1/id
=== RUN   TestGraphCompactionCheckpointBindingRenewalAndResumption/protobuf-v1/runtime
=== RUN   TestGraphCompactionCheckpointBindingRenewalAndResumption/protobuf-v1/tail
=== RUN   TestGraphCompactionCheckpointBindingRenewalAndResumption/protobuf-v1/application
=== RUN   TestGraphCompactionCheckpointBindingRenewalAndResumption/protobuf-v1/cut
=== RUN   TestGraphCompactionCheckpointBindingRenewalAndResumption/protobuf-v1/limit
=== RUN   TestGraphCompactionCheckpointBindingRenewalAndResumption/protobuf-v1/append
=== RUN   TestGraphCompactionCheckpointBindingRenewalAndResumption/protobuf-v1/reader
=== RUN   TestGraphCompactionCheckpointBindingRenewalAndResumption/protobuf-v1/retire
=== RUN   TestGraphCompactionCheckpointBindingRenewalAndResumption/protobuf-v1/collector
--- FAIL: TestGraphCompactionCheckpointBindingRenewalAndResumption (0.25s)
    --- PASS: TestGraphCompactionCheckpointBindingRenewalAndResumption/json/normal (0.01s)
    --- FAIL: TestGraphCompactionCheckpointBindingRenewalAndResumption/json/renew (0.01s)
    --- FAIL: TestGraphCompactionCheckpointBindingRenewalAndResumption/json/renew-drop (0.00s)
    --- FAIL: TestGraphCompactionCheckpointBindingRenewalAndResumption/json/renew-lost (0.00s)
    --- PASS: TestGraphCompactionCheckpointBindingRenewalAndResumption/json/verify (0.01s)
    --- PASS: TestGraphCompactionCheckpointBindingRenewalAndResumption/json/every-batch (0.01s)
    --- PASS: TestGraphCompactionCheckpointBindingRenewalAndResumption/json/type (0.01s)
    --- PASS: TestGraphCompactionCheckpointBindingRenewalAndResumption/json/id (0.01s)
    --- PASS: TestGraphCompactionCheckpointBindingRenewalAndResumption/json/runtime (0.01s)
    --- PASS: TestGraphCompactionCheckpointBindingRenewalAndResumption/json/tail (0.01s)
    --- PASS: TestGraphCompactionCheckpointBindingRenewalAndResumption/json/application (0.01s)
    --- PASS: TestGraphCompactionCheckpointBindingRenewalAndResumption/json/cut (0.00s)
    --- PASS: TestGraphCompactionCheckpointBindingRenewalAndResumption/json/limit (0.01s)
    --- PASS: TestGraphCompactionCheckpointBindingRenewalAndResumption/json/append (0.01s)
    --- PASS: TestGraphCompactionCheckpointBindingRenewalAndResumption/json/reader (0.01s)
    --- PASS: TestGraphCompactionCheckpointBindingRenewalAndResumption/json/retire (0.01s)
    --- PASS: TestGraphCompactionCheckpointBindingRenewalAndResumption/json/collector (0.01s)
    --- PASS: TestGraphCompactionCheckpointBindingRenewalAndResumption/protobuf-v1/normal (0.01s)
    --- FAIL: TestGraphCompactionCheckpointBindingRenewalAndResumption/protobuf-v1/renew (0.00s)
    --- FAIL: TestGraphCompactionCheckpointBindingRenewalAndResumption/protobuf-v1/renew-drop (0.00s)
    --- FAIL: TestGraphCompactionCheckpointBindingRenewalAndResumption/protobuf-v1/renew-lost (0.00s)
    --- PASS: TestGraphCompactionCheckpointBindingRenewalAndResumption/protobuf-v1/verify (0.01s)
    --- PASS: TestGraphCompactionCheckpointBindingRenewalAndResumption/protobuf-v1/every-batch (0.01s)
    --- PASS: TestGraphCompactionCheckpointBindingRenewalAndResumption/protobuf-v1/type (0.01s)
    --- PASS: TestGraphCompactionCheckpointBindingRenewalAndResumption/protobuf-v1/id (0.01s)
    --- PASS: TestGraphCompactionCheckpointBindingRenewalAndResumption/protobuf-v1/runtime (0.01s)
    --- PASS: TestGraphCompactionCheckpointBindingRenewalAndResumption/protobuf-v1/tail (0.01s)
    --- PASS: TestGraphCompactionCheckpointBindingRenewalAndResumption/protobuf-v1/application (0.01s)
    --- PASS: TestGraphCompactionCheckpointBindingRenewalAndResumption/protobuf-v1/cut (0.01s)
    --- PASS: TestGraphCompactionCheckpointBindingRenewalAndResumption/protobuf-v1/limit (0.01s)
    --- PASS: TestGraphCompactionCheckpointBindingRenewalAndResumption/protobuf-v1/append (0.01s)
    --- PASS: TestGraphCompactionCheckpointBindingRenewalAndResumption/protobuf-v1/reader (0.01s)
    --- PASS: TestGraphCompactionCheckpointBindingRenewalAndResumption/protobuf-v1/retire (0.01s)
    --- PASS: TestGraphCompactionCheckpointBindingRenewalAndResumption/protobuf-v1/collector (0.01s)
FAIL
FAIL	js-wf/journal	0.264s
FAIL
