=== RUN   TestMigrateGraphRangeActors
=== RUN   TestMigrateGraphRangeActors/graph-signal-actors-caller-retry.json
    journal_transport_test.go:810: RANGE_ACTOR_TRACE_MIGRATED name=graph-signal-actors-caller-retry.json workload=graph_signal_operation_actors seed=926 decisions=15412 old_events=21082 new_events=7130
=== RUN   TestMigrateGraphRangeActors/graph-signal-actors-enqueue-drop.json
    journal_transport_test.go:810: RANGE_ACTOR_TRACE_MIGRATED name=graph-signal-actors-enqueue-drop.json workload=graph_signal_operation_actors seed=11 decisions=1235 old_events=2033 new_events=1952
=== RUN   TestMigrateGraphRangeActors/graph-signal-actors-enqueue-lost-ack.json
    journal_transport_test.go:810: RANGE_ACTOR_TRACE_MIGRATED name=graph-signal-actors-enqueue-lost-ack.json workload=graph_signal_operation_actors seed=1 decisions=2343 old_events=3581 new_events=3554
=== RUN   TestMigrateGraphRangeActors/graph-signal-actors-healthy.json
    journal_transport_test.go:810: RANGE_ACTOR_TRACE_MIGRATED name=graph-signal-actors-healthy.json workload=graph_signal_operation_actors seed=13 decisions=1372 old_events=2225 new_events=2144
=== RUN   TestMigrateGraphRangeActors/graph-signal-actors-source-drop.json
    journal_transport_test.go:810: RANGE_ACTOR_TRACE_MIGRATED name=graph-signal-actors-source-drop.json workload=graph_signal_operation_actors seed=3 decisions=1540 old_events=2459 new_events=2348
=== RUN   TestMigrateGraphRangeActors/graph-signal-actors-source-lost-ack.json
    journal_transport_test.go:810: RANGE_ACTOR_TRACE_MIGRATED name=graph-signal-actors-source-lost-ack.json workload=graph_signal_operation_actors seed=4 decisions=4494 old_events=6680 new_events=6450
--- PASS: TestMigrateGraphRangeActors (3.27s)
    --- PASS: TestMigrateGraphRangeActors/graph-signal-actors-caller-retry.json (1.01s)
    --- PASS: TestMigrateGraphRangeActors/graph-signal-actors-enqueue-drop.json (0.27s)
    --- PASS: TestMigrateGraphRangeActors/graph-signal-actors-enqueue-lost-ack.json (0.51s)
    --- PASS: TestMigrateGraphRangeActors/graph-signal-actors-healthy.json (0.31s)
    --- PASS: TestMigrateGraphRangeActors/graph-signal-actors-source-drop.json (0.30s)
    --- PASS: TestMigrateGraphRangeActors/graph-signal-actors-source-lost-ack.json (0.88s)
PASS
ok  	js-wf/sim	3.280s
