=== RUN   TestGraphArchiveDescriptorRejectsMalformedAuthority
=== RUN   TestGraphArchiveDescriptorRejectsMalformedAuthority/missing-token
=== RUN   TestGraphArchiveDescriptorRejectsMalformedAuthority/missing-token/inspect
=== RUN   TestGraphArchiveDescriptorRejectsMalformedAuthority/missing-token/begin
=== RUN   TestGraphArchiveDescriptorRejectsMalformedAuthority/missing-token/open
=== RUN   TestGraphArchiveDescriptorRejectsMalformedAuthority/missing-token/append
=== RUN   TestGraphArchiveDescriptorRejectsMalformedAuthority/missing-token/compact
=== RUN   TestGraphArchiveDescriptorRejectsMalformedAuthority/archive-hash
=== RUN   TestGraphArchiveDescriptorRejectsMalformedAuthority/archive-hash/inspect
=== RUN   TestGraphArchiveDescriptorRejectsMalformedAuthority/archive-hash/begin
=== RUN   TestGraphArchiveDescriptorRejectsMalformedAuthority/archive-hash/open
=== RUN   TestGraphArchiveDescriptorRejectsMalformedAuthority/archive-hash/append
=== RUN   TestGraphArchiveDescriptorRejectsMalformedAuthority/archive-hash/compact
=== RUN   TestGraphArchiveDescriptorRejectsMalformedAuthority/unknown-stream
=== RUN   TestGraphArchiveDescriptorRejectsMalformedAuthority/unknown-stream/inspect
=== RUN   TestGraphArchiveDescriptorRejectsMalformedAuthority/unknown-stream/begin
=== RUN   TestGraphArchiveDescriptorRejectsMalformedAuthority/unknown-stream/open
=== RUN   TestGraphArchiveDescriptorRejectsMalformedAuthority/unknown-stream/append
=== RUN   TestGraphArchiveDescriptorRejectsMalformedAuthority/unknown-stream/compact
=== RUN   TestGraphArchiveDescriptorRejectsMalformedAuthority/offset-before-archive
=== RUN   TestGraphArchiveDescriptorRejectsMalformedAuthority/offset-before-archive/inspect
=== RUN   TestGraphArchiveDescriptorRejectsMalformedAuthority/offset-before-archive/begin
=== RUN   TestGraphArchiveDescriptorRejectsMalformedAuthority/offset-before-archive/open
=== RUN   TestGraphArchiveDescriptorRejectsMalformedAuthority/offset-before-archive/append
=== RUN   TestGraphArchiveDescriptorRejectsMalformedAuthority/offset-before-archive/compact
=== RUN   TestGraphArchiveDescriptorRejectsMalformedAuthority/missing-pointer
=== RUN   TestGraphArchiveDescriptorRejectsMalformedAuthority/missing-pointer/inspect
=== RUN   TestGraphArchiveDescriptorRejectsMalformedAuthority/missing-pointer/begin
=== RUN   TestGraphArchiveDescriptorRejectsMalformedAuthority/missing-pointer/open
=== RUN   TestGraphArchiveDescriptorRejectsMalformedAuthority/missing-pointer/append
=== RUN   TestGraphArchiveDescriptorRejectsMalformedAuthority/missing-pointer/compact
=== RUN   TestGraphArchiveDescriptorRejectsMalformedAuthority/wrong-schema
=== RUN   TestGraphArchiveDescriptorRejectsMalformedAuthority/wrong-schema/inspect
=== RUN   TestGraphArchiveDescriptorRejectsMalformedAuthority/wrong-schema/begin
=== RUN   TestGraphArchiveDescriptorRejectsMalformedAuthority/wrong-schema/open
=== RUN   TestGraphArchiveDescriptorRejectsMalformedAuthority/wrong-schema/append
=== RUN   TestGraphArchiveDescriptorRejectsMalformedAuthority/wrong-schema/compact
=== RUN   TestGraphArchiveDescriptorRejectsMalformedAuthority/live-count
=== RUN   TestGraphArchiveDescriptorRejectsMalformedAuthority/live-count/inspect
=== RUN   TestGraphArchiveDescriptorRejectsMalformedAuthority/live-count/begin
=== RUN   TestGraphArchiveDescriptorRejectsMalformedAuthority/live-count/open
=== RUN   TestGraphArchiveDescriptorRejectsMalformedAuthority/live-count/append
=== RUN   TestGraphArchiveDescriptorRejectsMalformedAuthority/live-count/compact
=== RUN   TestGraphArchiveDescriptorRejectsMalformedAuthority/archive-frontier
=== RUN   TestGraphArchiveDescriptorRejectsMalformedAuthority/archive-frontier/inspect
=== RUN   TestGraphArchiveDescriptorRejectsMalformedAuthority/archive-frontier/begin
=== RUN   TestGraphArchiveDescriptorRejectsMalformedAuthority/archive-frontier/open
=== RUN   TestGraphArchiveDescriptorRejectsMalformedAuthority/archive-frontier/append
=== RUN   TestGraphArchiveDescriptorRejectsMalformedAuthority/archive-frontier/compact
=== RUN   TestGraphArchiveDescriptorRejectsMalformedAuthority/duplicate-stream
=== RUN   TestGraphArchiveDescriptorRejectsMalformedAuthority/duplicate-stream/inspect
=== RUN   TestGraphArchiveDescriptorRejectsMalformedAuthority/duplicate-stream/begin
=== RUN   TestGraphArchiveDescriptorRejectsMalformedAuthority/duplicate-stream/open
=== RUN   TestGraphArchiveDescriptorRejectsMalformedAuthority/duplicate-stream/append
=== RUN   TestGraphArchiveDescriptorRejectsMalformedAuthority/duplicate-stream/compact
=== RUN   TestGraphArchiveDescriptorRejectsMalformedAuthority/duplicate-reader
=== RUN   TestGraphArchiveDescriptorRejectsMalformedAuthority/duplicate-reader/inspect
=== RUN   TestGraphArchiveDescriptorRejectsMalformedAuthority/duplicate-reader/begin
=== RUN   TestGraphArchiveDescriptorRejectsMalformedAuthority/duplicate-reader/open
=== RUN   TestGraphArchiveDescriptorRejectsMalformedAuthority/duplicate-reader/append
=== RUN   TestGraphArchiveDescriptorRejectsMalformedAuthority/duplicate-reader/compact
=== RUN   TestGraphArchiveDescriptorRejectsMalformedAuthority/reader-expiry
=== RUN   TestGraphArchiveDescriptorRejectsMalformedAuthority/reader-expiry/inspect
=== RUN   TestGraphArchiveDescriptorRejectsMalformedAuthority/reader-expiry/begin
=== RUN   TestGraphArchiveDescriptorRejectsMalformedAuthority/reader-expiry/open
=== RUN   TestGraphArchiveDescriptorRejectsMalformedAuthority/reader-expiry/append
=== RUN   TestGraphArchiveDescriptorRejectsMalformedAuthority/reader-expiry/compact
=== RUN   TestGraphArchiveDescriptorRejectsMalformedAuthority/offset-outside-count
=== RUN   TestGraphArchiveDescriptorRejectsMalformedAuthority/offset-outside-count/inspect
=== RUN   TestGraphArchiveDescriptorRejectsMalformedAuthority/offset-outside-count/begin
=== RUN   TestGraphArchiveDescriptorRejectsMalformedAuthority/offset-outside-count/open
=== RUN   TestGraphArchiveDescriptorRejectsMalformedAuthority/offset-outside-count/append
=== RUN   TestGraphArchiveDescriptorRejectsMalformedAuthority/offset-outside-count/compact
=== RUN   TestGraphArchiveDescriptorRejectsMalformedAuthority/offset-after-request
=== RUN   TestGraphArchiveDescriptorRejectsMalformedAuthority/offset-after-request/inspect
=== RUN   TestGraphArchiveDescriptorRejectsMalformedAuthority/offset-after-request/begin
=== RUN   TestGraphArchiveDescriptorRejectsMalformedAuthority/offset-after-request/open
=== RUN   TestGraphArchiveDescriptorRejectsMalformedAuthority/offset-after-request/append
=== RUN   TestGraphArchiveDescriptorRejectsMalformedAuthority/offset-after-request/compact
=== RUN   TestGraphArchiveDescriptorRejectsMalformedAuthority/missing-archive
=== RUN   TestGraphArchiveDescriptorRejectsMalformedAuthority/missing-archive/inspect
=== RUN   TestGraphArchiveDescriptorRejectsMalformedAuthority/missing-archive/begin
=== RUN   TestGraphArchiveDescriptorRejectsMalformedAuthority/missing-archive/open
=== RUN   TestGraphArchiveDescriptorRejectsMalformedAuthority/missing-archive/append
=== RUN   TestGraphArchiveDescriptorRejectsMalformedAuthority/missing-archive/compact
=== RUN   TestGraphArchiveDescriptorRejectsMalformedAuthority/archive-count
=== RUN   TestGraphArchiveDescriptorRejectsMalformedAuthority/archive-count/inspect
=== RUN   TestGraphArchiveDescriptorRejectsMalformedAuthority/archive-count/begin
=== RUN   TestGraphArchiveDescriptorRejectsMalformedAuthority/archive-count/open
=== RUN   TestGraphArchiveDescriptorRejectsMalformedAuthority/archive-count/append
=== RUN   TestGraphArchiveDescriptorRejectsMalformedAuthority/archive-count/compact
=== RUN   TestGraphArchiveDescriptorRejectsMalformedAuthority/reader-snapshot
=== RUN   TestGraphArchiveDescriptorRejectsMalformedAuthority/reader-snapshot/inspect
=== RUN   TestGraphArchiveDescriptorRejectsMalformedAuthority/reader-snapshot/begin
=== RUN   TestGraphArchiveDescriptorRejectsMalformedAuthority/reader-snapshot/open
=== RUN   TestGraphArchiveDescriptorRejectsMalformedAuthority/reader-snapshot/append
=== RUN   TestGraphArchiveDescriptorRejectsMalformedAuthority/reader-snapshot/compact
=== RUN   TestGraphArchiveDescriptorRejectsMalformedAuthority/invalid-token
=== RUN   TestGraphArchiveDescriptorRejectsMalformedAuthority/invalid-token/inspect
=== RUN   TestGraphArchiveDescriptorRejectsMalformedAuthority/invalid-token/begin
=== RUN   TestGraphArchiveDescriptorRejectsMalformedAuthority/invalid-token/open
=== RUN   TestGraphArchiveDescriptorRejectsMalformedAuthority/invalid-token/append
=== RUN   TestGraphArchiveDescriptorRejectsMalformedAuthority/invalid-token/compact
--- PASS: TestGraphArchiveDescriptorRejectsMalformedAuthority (2.17s)
    --- PASS: TestGraphArchiveDescriptorRejectsMalformedAuthority/missing-token (0.02s)
        --- PASS: TestGraphArchiveDescriptorRejectsMalformedAuthority/missing-token/inspect (0.00s)
        --- PASS: TestGraphArchiveDescriptorRejectsMalformedAuthority/missing-token/begin (0.01s)
        --- PASS: TestGraphArchiveDescriptorRejectsMalformedAuthority/missing-token/open (0.00s)
        --- PASS: TestGraphArchiveDescriptorRejectsMalformedAuthority/missing-token/append (0.00s)
        --- PASS: TestGraphArchiveDescriptorRejectsMalformedAuthority/missing-token/compact (0.00s)
    --- PASS: TestGraphArchiveDescriptorRejectsMalformedAuthority/archive-hash (0.05s)
        --- PASS: TestGraphArchiveDescriptorRejectsMalformedAuthority/archive-hash/inspect (0.00s)
        --- PASS: TestGraphArchiveDescriptorRejectsMalformedAuthority/archive-hash/begin (0.04s)
        --- PASS: TestGraphArchiveDescriptorRejectsMalformedAuthority/archive-hash/open (0.00s)
        --- PASS: TestGraphArchiveDescriptorRejectsMalformedAuthority/archive-hash/append (0.00s)
        --- PASS: TestGraphArchiveDescriptorRejectsMalformedAuthority/archive-hash/compact (0.00s)
    --- PASS: TestGraphArchiveDescriptorRejectsMalformedAuthority/unknown-stream (0.01s)
        --- PASS: TestGraphArchiveDescriptorRejectsMalformedAuthority/unknown-stream/inspect (0.00s)
        --- PASS: TestGraphArchiveDescriptorRejectsMalformedAuthority/unknown-stream/begin (0.00s)
        --- PASS: TestGraphArchiveDescriptorRejectsMalformedAuthority/unknown-stream/open (0.00s)
        --- PASS: TestGraphArchiveDescriptorRejectsMalformedAuthority/unknown-stream/append (0.00s)
        --- PASS: TestGraphArchiveDescriptorRejectsMalformedAuthority/unknown-stream/compact (0.00s)
    --- PASS: TestGraphArchiveDescriptorRejectsMalformedAuthority/offset-before-archive (0.03s)
        --- PASS: TestGraphArchiveDescriptorRejectsMalformedAuthority/offset-before-archive/inspect (0.00s)
        --- PASS: TestGraphArchiveDescriptorRejectsMalformedAuthority/offset-before-archive/begin (0.00s)
        --- PASS: TestGraphArchiveDescriptorRejectsMalformedAuthority/offset-before-archive/open (0.01s)
        --- PASS: TestGraphArchiveDescriptorRejectsMalformedAuthority/offset-before-archive/append (0.00s)
        --- PASS: TestGraphArchiveDescriptorRejectsMalformedAuthority/offset-before-archive/compact (0.01s)
    --- PASS: TestGraphArchiveDescriptorRejectsMalformedAuthority/missing-pointer (0.06s)
        --- PASS: TestGraphArchiveDescriptorRejectsMalformedAuthority/missing-pointer/inspect (0.00s)
        --- PASS: TestGraphArchiveDescriptorRejectsMalformedAuthority/missing-pointer/begin (0.00s)
        --- PASS: TestGraphArchiveDescriptorRejectsMalformedAuthority/missing-pointer/open (0.00s)
        --- PASS: TestGraphArchiveDescriptorRejectsMalformedAuthority/missing-pointer/append (0.01s)
        --- PASS: TestGraphArchiveDescriptorRejectsMalformedAuthority/missing-pointer/compact (0.00s)
    --- PASS: TestGraphArchiveDescriptorRejectsMalformedAuthority/wrong-schema (0.02s)
        --- PASS: TestGraphArchiveDescriptorRejectsMalformedAuthority/wrong-schema/inspect (0.01s)
        --- PASS: TestGraphArchiveDescriptorRejectsMalformedAuthority/wrong-schema/begin (0.00s)
        --- PASS: TestGraphArchiveDescriptorRejectsMalformedAuthority/wrong-schema/open (0.00s)
        --- PASS: TestGraphArchiveDescriptorRejectsMalformedAuthority/wrong-schema/append (0.00s)
        --- PASS: TestGraphArchiveDescriptorRejectsMalformedAuthority/wrong-schema/compact (0.00s)
    --- PASS: TestGraphArchiveDescriptorRejectsMalformedAuthority/live-count (0.01s)
        --- PASS: TestGraphArchiveDescriptorRejectsMalformedAuthority/live-count/inspect (0.00s)
        --- PASS: TestGraphArchiveDescriptorRejectsMalformedAuthority/live-count/begin (0.00s)
        --- PASS: TestGraphArchiveDescriptorRejectsMalformedAuthority/live-count/open (0.00s)
        --- PASS: TestGraphArchiveDescriptorRejectsMalformedAuthority/live-count/append (0.00s)
        --- PASS: TestGraphArchiveDescriptorRejectsMalformedAuthority/live-count/compact (0.00s)
    --- PASS: TestGraphArchiveDescriptorRejectsMalformedAuthority/archive-frontier (0.06s)
        --- PASS: TestGraphArchiveDescriptorRejectsMalformedAuthority/archive-frontier/inspect (0.00s)
        --- PASS: TestGraphArchiveDescriptorRejectsMalformedAuthority/archive-frontier/begin (0.00s)
        --- PASS: TestGraphArchiveDescriptorRejectsMalformedAuthority/archive-frontier/open (0.00s)
        --- PASS: TestGraphArchiveDescriptorRejectsMalformedAuthority/archive-frontier/append (0.05s)
        --- PASS: TestGraphArchiveDescriptorRejectsMalformedAuthority/archive-frontier/compact (0.00s)
    --- PASS: TestGraphArchiveDescriptorRejectsMalformedAuthority/duplicate-stream (0.02s)
        --- PASS: TestGraphArchiveDescriptorRejectsMalformedAuthority/duplicate-stream/inspect (0.00s)
        --- PASS: TestGraphArchiveDescriptorRejectsMalformedAuthority/duplicate-stream/begin (0.00s)
        --- PASS: TestGraphArchiveDescriptorRejectsMalformedAuthority/duplicate-stream/open (0.00s)
        --- PASS: TestGraphArchiveDescriptorRejectsMalformedAuthority/duplicate-stream/append (0.00s)
        --- PASS: TestGraphArchiveDescriptorRejectsMalformedAuthority/duplicate-stream/compact (0.01s)
    --- PASS: TestGraphArchiveDescriptorRejectsMalformedAuthority/duplicate-reader (0.02s)
        --- PASS: TestGraphArchiveDescriptorRejectsMalformedAuthority/duplicate-reader/inspect (0.00s)
        --- PASS: TestGraphArchiveDescriptorRejectsMalformedAuthority/duplicate-reader/begin (0.00s)
        --- PASS: TestGraphArchiveDescriptorRejectsMalformedAuthority/duplicate-reader/open (0.00s)
        --- PASS: TestGraphArchiveDescriptorRejectsMalformedAuthority/duplicate-reader/append (0.00s)
        --- PASS: TestGraphArchiveDescriptorRejectsMalformedAuthority/duplicate-reader/compact (0.01s)
    --- PASS: TestGraphArchiveDescriptorRejectsMalformedAuthority/reader-expiry (0.01s)
        --- PASS: TestGraphArchiveDescriptorRejectsMalformedAuthority/reader-expiry/inspect (0.00s)
        --- PASS: TestGraphArchiveDescriptorRejectsMalformedAuthority/reader-expiry/begin (0.00s)
        --- PASS: TestGraphArchiveDescriptorRejectsMalformedAuthority/reader-expiry/open (0.00s)
        --- PASS: TestGraphArchiveDescriptorRejectsMalformedAuthority/reader-expiry/append (0.00s)
        --- PASS: TestGraphArchiveDescriptorRejectsMalformedAuthority/reader-expiry/compact (0.00s)
    --- PASS: TestGraphArchiveDescriptorRejectsMalformedAuthority/offset-outside-count (0.06s)
        --- PASS: TestGraphArchiveDescriptorRejectsMalformedAuthority/offset-outside-count/inspect (0.00s)
        --- PASS: TestGraphArchiveDescriptorRejectsMalformedAuthority/offset-outside-count/begin (0.00s)
        --- PASS: TestGraphArchiveDescriptorRejectsMalformedAuthority/offset-outside-count/open (0.00s)
        --- PASS: TestGraphArchiveDescriptorRejectsMalformedAuthority/offset-outside-count/append (0.05s)
        --- PASS: TestGraphArchiveDescriptorRejectsMalformedAuthority/offset-outside-count/compact (0.00s)
    --- PASS: TestGraphArchiveDescriptorRejectsMalformedAuthority/offset-after-request (0.01s)
        --- PASS: TestGraphArchiveDescriptorRejectsMalformedAuthority/offset-after-request/inspect (0.00s)
        --- PASS: TestGraphArchiveDescriptorRejectsMalformedAuthority/offset-after-request/begin (0.00s)
        --- PASS: TestGraphArchiveDescriptorRejectsMalformedAuthority/offset-after-request/open (0.00s)
        --- PASS: TestGraphArchiveDescriptorRejectsMalformedAuthority/offset-after-request/append (0.00s)
        --- PASS: TestGraphArchiveDescriptorRejectsMalformedAuthority/offset-after-request/compact (0.00s)
    --- PASS: TestGraphArchiveDescriptorRejectsMalformedAuthority/missing-archive (0.01s)
        --- PASS: TestGraphArchiveDescriptorRejectsMalformedAuthority/missing-archive/inspect (0.00s)
        --- PASS: TestGraphArchiveDescriptorRejectsMalformedAuthority/missing-archive/begin (0.00s)
        --- PASS: TestGraphArchiveDescriptorRejectsMalformedAuthority/missing-archive/open (0.00s)
        --- PASS: TestGraphArchiveDescriptorRejectsMalformedAuthority/missing-archive/append (0.00s)
        --- PASS: TestGraphArchiveDescriptorRejectsMalformedAuthority/missing-archive/compact (0.00s)
    --- PASS: TestGraphArchiveDescriptorRejectsMalformedAuthority/archive-count (0.07s)
        --- PASS: TestGraphArchiveDescriptorRejectsMalformedAuthority/archive-count/inspect (0.01s)
        --- PASS: TestGraphArchiveDescriptorRejectsMalformedAuthority/archive-count/begin (0.00s)
        --- PASS: TestGraphArchiveDescriptorRejectsMalformedAuthority/archive-count/open (0.01s)
        --- PASS: TestGraphArchiveDescriptorRejectsMalformedAuthority/archive-count/append (0.00s)
        --- PASS: TestGraphArchiveDescriptorRejectsMalformedAuthority/archive-count/compact (0.00s)
    --- PASS: TestGraphArchiveDescriptorRejectsMalformedAuthority/reader-snapshot (0.01s)
        --- PASS: TestGraphArchiveDescriptorRejectsMalformedAuthority/reader-snapshot/inspect (0.00s)
        --- PASS: TestGraphArchiveDescriptorRejectsMalformedAuthority/reader-snapshot/begin (0.00s)
        --- PASS: TestGraphArchiveDescriptorRejectsMalformedAuthority/reader-snapshot/open (0.00s)
        --- PASS: TestGraphArchiveDescriptorRejectsMalformedAuthority/reader-snapshot/append (0.00s)
        --- PASS: TestGraphArchiveDescriptorRejectsMalformedAuthority/reader-snapshot/compact (0.00s)
    --- PASS: TestGraphArchiveDescriptorRejectsMalformedAuthority/invalid-token (0.01s)
        --- PASS: TestGraphArchiveDescriptorRejectsMalformedAuthority/invalid-token/inspect (0.00s)
        --- PASS: TestGraphArchiveDescriptorRejectsMalformedAuthority/invalid-token/begin (0.00s)
        --- PASS: TestGraphArchiveDescriptorRejectsMalformedAuthority/invalid-token/open (0.00s)
        --- PASS: TestGraphArchiveDescriptorRejectsMalformedAuthority/invalid-token/append (0.00s)
        --- PASS: TestGraphArchiveDescriptorRejectsMalformedAuthority/invalid-token/compact (0.00s)
=== RUN   TestGraphCheckpointArchiveLogicalHistoryAndCollection
=== RUN   TestGraphCheckpointArchiveLogicalHistoryAndCollection/1
=== RUN   TestGraphCheckpointArchiveLogicalHistoryAndCollection/2
=== RUN   TestGraphCheckpointArchiveLogicalHistoryAndCollection/3
=== RUN   TestGraphCheckpointArchiveLogicalHistoryAndCollection/4
=== RUN   TestGraphCheckpointArchiveLogicalHistoryAndCollection/5
=== RUN   TestGraphCheckpointArchiveLogicalHistoryAndCollection/6
=== RUN   TestGraphCheckpointArchiveLogicalHistoryAndCollection/7
=== RUN   TestGraphCheckpointArchiveLogicalHistoryAndCollection/8
=== RUN   TestGraphCheckpointArchiveLogicalHistoryAndCollection/9
=== RUN   TestGraphCheckpointArchiveLogicalHistoryAndCollection/10
=== RUN   TestGraphCheckpointArchiveLogicalHistoryAndCollection/11
=== RUN   TestGraphCheckpointArchiveLogicalHistoryAndCollection/12
=== RUN   TestGraphCheckpointArchiveLogicalHistoryAndCollection/13
=== RUN   TestGraphCheckpointArchiveLogicalHistoryAndCollection/14
=== RUN   TestGraphCheckpointArchiveLogicalHistoryAndCollection/15
=== RUN   TestGraphCheckpointArchiveLogicalHistoryAndCollection/16
--- PASS: TestGraphCheckpointArchiveLogicalHistoryAndCollection (47.69s)
    --- PASS: TestGraphCheckpointArchiveLogicalHistoryAndCollection/1 (1.18s)
    --- PASS: TestGraphCheckpointArchiveLogicalHistoryAndCollection/2 (1.46s)
    --- PASS: TestGraphCheckpointArchiveLogicalHistoryAndCollection/3 (1.51s)
    --- PASS: TestGraphCheckpointArchiveLogicalHistoryAndCollection/4 (1.84s)
    --- PASS: TestGraphCheckpointArchiveLogicalHistoryAndCollection/5 (2.08s)
    --- PASS: TestGraphCheckpointArchiveLogicalHistoryAndCollection/6 (2.51s)
    --- PASS: TestGraphCheckpointArchiveLogicalHistoryAndCollection/7 (2.69s)
    --- PASS: TestGraphCheckpointArchiveLogicalHistoryAndCollection/8 (2.98s)
    --- PASS: TestGraphCheckpointArchiveLogicalHistoryAndCollection/9 (3.00s)
    --- PASS: TestGraphCheckpointArchiveLogicalHistoryAndCollection/10 (3.23s)
    --- PASS: TestGraphCheckpointArchiveLogicalHistoryAndCollection/11 (3.50s)
    --- PASS: TestGraphCheckpointArchiveLogicalHistoryAndCollection/12 (3.82s)
    --- PASS: TestGraphCheckpointArchiveLogicalHistoryAndCollection/13 (3.64s)
    --- PASS: TestGraphCheckpointArchiveLogicalHistoryAndCollection/14 (4.57s)
    --- PASS: TestGraphCheckpointArchiveLogicalHistoryAndCollection/15 (4.71s)
    --- PASS: TestGraphCheckpointArchiveLogicalHistoryAndCollection/16 (4.89s)
=== RUN   TestGraphEmptyHistoryInspectionDoesNotPublishReader
--- PASS: TestGraphEmptyHistoryInspectionDoesNotPublishReader (0.01s)
=== RUN   TestGraphFullHistoryRangeCensusAndRenewal
    graph_full_range_test.go:87: FULL_HISTORY_RANGE records=33 range_gets=97 point_gets=226 simulated_elapsed=19.4s pin_ttl=4s
--- PASS: TestGraphFullHistoryRangeCensusAndRenewal (0.58s)
=== RUN   TestGraphJournalPublicConfiguration
--- PASS: TestGraphJournalPublicConfiguration (0.00s)
=== RUN   TestGraphJournalGenerationRetainedReaderAndDrain
=== RUN   TestGraphJournalGenerationRetainedReaderAndDrain/json
=== RUN   TestGraphJournalGenerationRetainedReaderAndDrain/protobuf-v1
--- PASS: TestGraphJournalGenerationRetainedReaderAndDrain (0.31s)
    --- PASS: TestGraphJournalGenerationRetainedReaderAndDrain/json (0.13s)
    --- PASS: TestGraphJournalGenerationRetainedReaderAndDrain/protobuf-v1 (0.18s)
=== RUN   TestGraphJournalStaleAndUnknownAppends
=== RUN   TestGraphJournalStaleAndUnknownAppends/lost
=== RUN   TestGraphJournalStaleAndUnknownAppends/drop
=== RUN   TestGraphJournalStaleAndUnknownAppends/readback
=== RUN   TestGraphJournalStaleAndUnknownAppends/competitor
=== RUN   TestGraphJournalStaleAndUnknownAppends/retirement-lost
=== RUN   TestGraphJournalStaleAndUnknownAppends/begin-lost
--- PASS: TestGraphJournalStaleAndUnknownAppends (0.18s)
    --- PASS: TestGraphJournalStaleAndUnknownAppends/lost (0.02s)
    --- PASS: TestGraphJournalStaleAndUnknownAppends/drop (0.02s)
    --- PASS: TestGraphJournalStaleAndUnknownAppends/readback (0.06s)
    --- PASS: TestGraphJournalStaleAndUnknownAppends/competitor (0.02s)
    --- PASS: TestGraphJournalStaleAndUnknownAppends/retirement-lost (0.01s)
    --- PASS: TestGraphJournalStaleAndUnknownAppends/begin-lost (0.06s)
=== RUN   TestGraphJournalCorruptCursorAndLeaseBoundary
=== RUN   TestGraphJournalCorruptCursorAndLeaseBoundary/unknown
=== RUN   TestGraphJournalCorruptCursorAndLeaseBoundary/duplicate
=== RUN   TestGraphJournalCorruptCursorAndLeaseBoundary/alias
=== RUN   TestGraphJournalCorruptCursorAndLeaseBoundary/overflow
=== RUN   TestGraphJournalCorruptCursorAndLeaseBoundary/count
=== RUN   TestGraphJournalCorruptCursorAndLeaseBoundary/retired
=== RUN   TestGraphJournalCorruptCursorAndLeaseBoundary/schema
=== RUN   TestGraphJournalCorruptCursorAndLeaseBoundary/expired
=== RUN   TestGraphJournalCorruptCursorAndLeaseBoundary/expires-during-read
--- PASS: TestGraphJournalCorruptCursorAndLeaseBoundary (0.05s)
    --- PASS: TestGraphJournalCorruptCursorAndLeaseBoundary/unknown (0.00s)
    --- PASS: TestGraphJournalCorruptCursorAndLeaseBoundary/duplicate (0.00s)
    --- PASS: TestGraphJournalCorruptCursorAndLeaseBoundary/alias (0.00s)
    --- PASS: TestGraphJournalCorruptCursorAndLeaseBoundary/overflow (0.00s)
    --- PASS: TestGraphJournalCorruptCursorAndLeaseBoundary/count (0.01s)
    --- PASS: TestGraphJournalCorruptCursorAndLeaseBoundary/retired (0.01s)
    --- PASS: TestGraphJournalCorruptCursorAndLeaseBoundary/schema (0.00s)
    --- PASS: TestGraphJournalCorruptCursorAndLeaseBoundary/expired (0.01s)
    --- PASS: TestGraphJournalCorruptCursorAndLeaseBoundary/expires-during-read (0.01s)
=== RUN   TestGraphJournalLimitsAndForeignRoot
--- PASS: TestGraphJournalLimitsAndForeignRoot (0.06s)
=== RUN   TestGraphJournalEntryPayloadAlias
--- PASS: TestGraphJournalEntryPayloadAlias (0.01s)
=== RUN   TestGraphJournalCloseContentionAndAmbiguousRelease
=== RUN   TestGraphJournalCloseContentionAndAmbiguousRelease/competitor
=== RUN   TestGraphJournalCloseContentionAndAmbiguousRelease/lost
=== RUN   TestGraphJournalCloseContentionAndAmbiguousRelease/readback
--- PASS: TestGraphJournalCloseContentionAndAmbiguousRelease (0.01s)
    --- PASS: TestGraphJournalCloseContentionAndAmbiguousRelease/competitor (0.00s)
    --- PASS: TestGraphJournalCloseContentionAndAmbiguousRelease/lost (0.00s)
    --- PASS: TestGraphJournalCloseContentionAndAmbiguousRelease/readback (0.00s)
=== RUN   TestGraphJournalAcquireRenewContention
=== RUN   TestGraphJournalAcquireRenewContention/open
=== RUN   TestGraphJournalAcquireRenewContention/renew
=== RUN   TestGraphJournalAcquireRenewContention/open-replaced
=== RUN   TestGraphJournalAcquireRenewContention/renew-expired
=== RUN   TestGraphJournalAcquireRenewContention/open-unknown
=== RUN   TestGraphJournalAcquireRenewContention/renew-unknown
--- PASS: TestGraphJournalAcquireRenewContention (0.18s)
    --- PASS: TestGraphJournalAcquireRenewContention/open (0.02s)
    --- PASS: TestGraphJournalAcquireRenewContention/renew (0.06s)
    --- PASS: TestGraphJournalAcquireRenewContention/open-replaced (0.02s)
    --- PASS: TestGraphJournalAcquireRenewContention/renew-expired (0.02s)
    --- PASS: TestGraphJournalAcquireRenewContention/open-unknown (0.05s)
    --- PASS: TestGraphJournalAcquireRenewContention/renew-unknown (0.01s)
=== RUN   TestGraphJournalTerminalSnapshotAdmission
--- PASS: TestGraphJournalTerminalSnapshotAdmission (0.01s)
=== RUN   TestGraphJournalExistingHistoryIsNotStaleAbsence
--- PASS: TestGraphJournalExistingHistoryIsNotStaleAbsence (0.01s)
=== RUN   TestGraphJournalPurgeFenceRetainsReadersAndGeneration
--- PASS: TestGraphJournalPurgeFenceRetainsReadersAndGeneration (0.08s)
PASS
ok  	js-wf/journal	52.405s
