=== RUN   TestNativeGraphContinuationArchiveCollection
=== RUN   TestNativeGraphContinuationArchiveCollection/R1/state
    graph_continuation_sdk_test.go:447: SDK_PHASE name=execute_begin_next elapsed=452.612224ms remaining=59.547387356s sdk_requests=171
    graph_continuation_sdk_test.go:449: SDK_PHASE name=execute_end_next elapsed=5.897906493s remaining=54.102093066s sdk_requests=2921
    graph_continuation_sdk_test.go:540: SDK_PHASE name=parent_sweep_end_next elapsed=7.792729774s remaining=52.207269745s sdk_requests=3846
    graph_continuation_sdk_test.go:596: ARCHIVE_COLLECTION stage=next original_entry_receipts_removed=8 live_records=3 logical_records=8
    graph_continuation_sdk_test.go:600: SDK_PHASE name=parent_audit_end_next elapsed=8.376268079s remaining=51.62373103s sdk_requests=4059
    graph_continuation_sdk_test.go:613: SDK_PHASE name=boundary_scan_end_next elapsed=8.450947017s remaining=51.549052562s sdk_requests=4077
    graph_continuation_sdk_test.go:447: SDK_PHASE name=execute_begin_finish elapsed=8.451016402s remaining=51.548983347s sdk_requests=4077
    graph_continuation_sdk_test.go:449: SDK_PHASE name=execute_end_finish elapsed=16.292486744s remaining=43.707512856s sdk_requests=8015
    graph_continuation_sdk_test.go:540: SDK_PHASE name=parent_sweep_end_finish elapsed=20.303869134s remaining=39.696130536s sdk_requests=9910
    graph_continuation_sdk_test.go:596: ARCHIVE_COLLECTION stage=finish original_entry_receipts_removed=12 live_records=3 logical_records=17
    graph_continuation_sdk_test.go:600: SDK_PHASE name=parent_audit_end_finish elapsed=21.256135822s remaining=38.743863767s sdk_requests=10262
    graph_continuation_sdk_test.go:613: SDK_PHASE name=boundary_scan_end_finish elapsed=21.289372983s remaining=38.710626457s sdk_requests=10279
    graph_continuation_sdk_test.go:828: SDK initial/next/finish=map[finish:1 initial:1 next:1] effects=2 records=20 result=43
    graph_continuation_sdk_test.go:832: SDK_PHASE name=finished elapsed=24.385584272s remaining=35.614415357s sdk_requests=11446
=== RUN   TestNativeGraphContinuationArchiveCollection/R1/signals
    graph_continuation_sdk_test.go:447: SDK_PHASE name=execute_begin_next elapsed=1.036199232s remaining=58.963800487s sdk_requests=425
    graph_continuation_sdk_test.go:449: SDK_PHASE name=execute_end_next elapsed=7.512894625s remaining=52.487104994s sdk_requests=3529
    graph_continuation_sdk_test.go:540: SDK_PHASE name=parent_sweep_end_next elapsed=9.909683502s remaining=50.090315957s sdk_requests=4641
    graph_continuation_sdk_test.go:596: ARCHIVE_COLLECTION stage=next original_entry_receipts_removed=9 live_records=3 logical_records=9
    graph_continuation_sdk_test.go:600: SDK_PHASE name=parent_audit_end_next elapsed=10.456721298s remaining=49.543278251s sdk_requests=4871
    graph_continuation_sdk_test.go:613: SDK_PHASE name=boundary_scan_end_next elapsed=10.524255882s remaining=49.475743767s sdk_requests=4889
    graph_continuation_sdk_test.go:447: SDK_PHASE name=execute_begin_finish elapsed=11.602600227s remaining=48.397399233s sdk_requests=5254
    graph_continuation_sdk_test.go:449: SDK_PHASE name=execute_end_finish elapsed=22.717223143s remaining=37.282776496s sdk_requests=10306
    graph_continuation_sdk_test.go:540: SDK_PHASE name=parent_sweep_end_finish elapsed=28.543582104s remaining=31.456417595s sdk_requests=13087
    graph_continuation_sdk_test.go:596: ARCHIVE_COLLECTION stage=finish original_entry_receipts_removed=15 live_records=3 logical_records=21
    graph_continuation_sdk_test.go:600: SDK_PHASE name=parent_audit_end_finish elapsed=29.628822499s remaining=30.37117698s sdk_requests=13509
    graph_continuation_sdk_test.go:613: SDK_PHASE name=boundary_scan_end_finish elapsed=29.661930675s remaining=30.338069024s sdk_requests=13526
    graph_continuation_sdk_test.go:828: SDK initial/next/finish=map[finish:1 initial:1 next:1] effects=2 records=26 result=43
    graph_continuation_sdk_test.go:832: SDK_PHASE name=finished elapsed=33.953101925s remaining=26.046897744s sdk_requests=15157
=== RUN   TestNativeGraphContinuationArchiveCollection/R1/child
    graph_continuation_sdk_test.go:447: SDK_PHASE name=execute_begin_next elapsed=377.30181ms remaining=59.622697789s sdk_requests=171
    graph_continuation_sdk_test.go:449: SDK_PHASE name=execute_end_next elapsed=7.109569056s remaining=52.890430594s sdk_requests=3451
    graph_continuation_sdk_test.go:540: SDK_PHASE name=parent_sweep_end_next elapsed=9.57703602s remaining=50.42296368s sdk_requests=4570
    graph_continuation_sdk_test.go:596: ARCHIVE_COLLECTION stage=next original_entry_receipts_removed=10 live_records=3 logical_records=10
    graph_continuation_sdk_test.go:600: SDK_PHASE name=parent_audit_end_next elapsed=10.129077943s remaining=49.870921596s sdk_requests=4817
    graph_continuation_sdk_test.go:613: SDK_PHASE name=boundary_scan_end_next elapsed=10.208218231s remaining=49.791781228s sdk_requests=4842
    graph_continuation_sdk_test.go:617: SDK_PHASE name=child_execute_end elapsed=11.882278724s remaining=48.117720976s sdk_requests=5400
    graph_continuation_sdk_test.go:447: SDK_PHASE name=execute_begin_finish elapsed=11.882336552s remaining=48.117663088s sdk_requests=5400
    graph_continuation_sdk_test.go:449: SDK_PHASE name=execute_end_finish elapsed=24.297001876s remaining=35.702997693s sdk_requests=10749
    graph_continuation_sdk_test.go:507: SDK_PHASE name=child_retire_end elapsed=24.406228979s remaining=35.593770551s sdk_requests=10797
    graph_continuation_sdk_test.go:538: ARCHIVE_CHILD_RECLAIMED terminal_receipts=2 result_bytes=700000
    graph_continuation_sdk_test.go:540: SDK_PHASE name=parent_sweep_end_finish elapsed=30.370996013s remaining=29.629003666s sdk_requests=13683
    graph_continuation_sdk_test.go:596: ARCHIVE_COLLECTION stage=finish original_entry_receipts_removed=15 live_records=3 logical_records=22
    graph_continuation_sdk_test.go:600: SDK_PHASE name=parent_audit_end_finish elapsed=31.465842206s remaining=28.534157213s sdk_requests=14120
    graph_continuation_sdk_test.go:613: SDK_PHASE name=boundary_scan_end_finish elapsed=31.515103893s remaining=28.484895727s sdk_requests=14144
    graph_continuation_sdk_test.go:828: SDK initial/next/finish=map[finish:1 initial:1 next:1] effects=2 records=25 result=43
    graph_continuation_sdk_test.go:832: SDK_PHASE name=finished elapsed=35.628440009s remaining=24.37155971s sdk_requests=15424
=== RUN   TestNativeGraphContinuationArchiveCollection/R1/buffered-child
    graph_continuation_sdk_test.go:447: SDK_PHASE name=execute_begin_next elapsed=398.104785ms remaining=59.601894654s sdk_requests=171
    graph_continuation_sdk_test.go:449: SDK_PHASE name=execute_end_next elapsed=7.670742998s remaining=52.329256571s sdk_requests=3451
    graph_continuation_sdk_test.go:540: SDK_PHASE name=parent_sweep_end_next elapsed=10.019225784s remaining=49.980773745s sdk_requests=4570
    graph_continuation_sdk_test.go:596: ARCHIVE_COLLECTION stage=next original_entry_receipts_removed=10 live_records=3 logical_records=10
    graph_continuation_sdk_test.go:600: SDK_PHASE name=parent_audit_end_next elapsed=10.679121108s remaining=49.320878582s sdk_requests=4817
    graph_continuation_sdk_test.go:613: SDK_PHASE name=boundary_scan_end_next elapsed=10.717396444s remaining=49.282603075s sdk_requests=4842
    graph_continuation_sdk_test.go:617: SDK_PHASE name=child_execute_end elapsed=12.392783992s remaining=47.607215607s sdk_requests=5400
    graph_continuation_sdk_test.go:447: SDK_PHASE name=execute_begin_finish elapsed=12.392866277s remaining=47.607133473s sdk_requests=5400
    graph_continuation_sdk_test.go:449: SDK_PHASE name=execute_end_finish elapsed=23.884757578s remaining=36.115241961s sdk_requests=10434
    graph_continuation_sdk_test.go:507: SDK_PHASE name=child_retire_end elapsed=23.991839755s remaining=36.008159835s sdk_requests=10482
    graph_continuation_sdk_test.go:538: ARCHIVE_CHILD_RECLAIMED terminal_receipts=2 result_bytes=700000
    graph_continuation_sdk_test.go:540: SDK_PHASE name=parent_sweep_end_finish elapsed=29.587154029s remaining=30.41284558s sdk_requests=13204
    graph_continuation_sdk_test.go:596: ARCHIVE_COLLECTION stage=finish original_entry_receipts_removed=13 live_records=3 logical_records=20
    graph_continuation_sdk_test.go:600: SDK_PHASE name=parent_audit_end_finish elapsed=30.608997973s remaining=29.391001647s sdk_requests=13611
    graph_continuation_sdk_test.go:613: SDK_PHASE name=boundary_scan_end_finish elapsed=30.686945017s remaining=29.313054642s sdk_requests=13635
    graph_continuation_sdk_test.go:828: SDK initial/next/finish=map[finish:1 initial:1 next:1] effects=2 records=25 result=43
    graph_continuation_sdk_test.go:832: SDK_PHASE name=finished elapsed=35.417143115s remaining=24.582856484s sdk_requests=15331
=== RUN   TestNativeGraphContinuationArchiveCollection/R3Domain/state
    graph_continuation_sdk_test.go:447: SDK_PHASE name=execute_begin_next elapsed=2.554185552s remaining=57.445814137s sdk_requests=171
    graph_continuation_sdk_test.go:449: SDK_PHASE name=execute_end_next elapsed=11.399684033s remaining=48.600315456s sdk_requests=2921
    graph_continuation_sdk_test.go:540: SDK_PHASE name=parent_sweep_end_next elapsed=14.343227811s remaining=45.656771889s sdk_requests=3846
    graph_continuation_sdk_test.go:596: ARCHIVE_COLLECTION stage=next original_entry_receipts_removed=8 live_records=3 logical_records=8
    graph_continuation_sdk_test.go:600: SDK_PHASE name=parent_audit_end_next elapsed=15.145753198s remaining=44.854246492s sdk_requests=4059
    graph_continuation_sdk_test.go:613: SDK_PHASE name=boundary_scan_end_next elapsed=15.219915181s remaining=44.780084388s sdk_requests=4077
    graph_continuation_sdk_test.go:447: SDK_PHASE name=execute_begin_finish elapsed=15.219983265s remaining=44.780016555s sdk_requests=4077
    graph_continuation_sdk_test.go:449: SDK_PHASE name=execute_end_finish elapsed=27.935778788s remaining=32.064220882s sdk_requests=8015
    graph_continuation_sdk_test.go:540: SDK_PHASE name=parent_sweep_end_finish elapsed=34.20767799s remaining=25.792321739s sdk_requests=9910
    graph_continuation_sdk_test.go:596: ARCHIVE_COLLECTION stage=finish original_entry_receipts_removed=12 live_records=3 logical_records=17
    graph_continuation_sdk_test.go:600: SDK_PHASE name=parent_audit_end_finish elapsed=35.537407543s remaining=24.462592157s sdk_requests=10262
    graph_continuation_sdk_test.go:613: SDK_PHASE name=boundary_scan_end_finish elapsed=35.62063561s remaining=24.37936411s sdk_requests=10279
    graph_continuation_sdk_test.go:828: SDK initial/next/finish=map[finish:1 initial:1 next:1] effects=2 records=20 result=43
    graph_continuation_sdk_test.go:832: SDK_PHASE name=finished elapsed=39.93591587s remaining=20.06408371s sdk_requests=11446
=== RUN   TestNativeGraphContinuationArchiveCollection/R3Domain/signals
    graph_continuation_sdk_test.go:447: SDK_PHASE name=execute_begin_next elapsed=3.224109211s remaining=56.775890388s sdk_requests=425
    graph_continuation_sdk_test.go:449: SDK_PHASE name=execute_end_next elapsed=14.534674953s remaining=45.465324696s sdk_requests=3529
    graph_continuation_sdk_test.go:540: SDK_PHASE name=parent_sweep_end_next elapsed=18.62384427s remaining=41.376155349s sdk_requests=4641
    graph_continuation_sdk_test.go:596: ARCHIVE_COLLECTION stage=next original_entry_receipts_removed=9 live_records=3 logical_records=9
    graph_continuation_sdk_test.go:600: SDK_PHASE name=parent_audit_end_next elapsed=19.519920332s remaining=40.480079287s sdk_requests=4871
    graph_continuation_sdk_test.go:613: SDK_PHASE name=boundary_scan_end_next elapsed=19.603339199s remaining=40.39666052s sdk_requests=4889
    graph_continuation_sdk_test.go:447: SDK_PHASE name=execute_begin_finish elapsed=21.301076469s remaining=38.698923061s sdk_requests=5254
    graph_continuation_sdk_test.go:449: SDK_PHASE name=execute_end_finish elapsed=39.197261337s remaining=20.802738423s sdk_requests=10306
    graph_continuation_sdk_test.go:540: SDK_PHASE name=parent_sweep_end_finish elapsed=48.446210784s remaining=11.553788876s sdk_requests=13087
    graph_continuation_sdk_test.go:596: ARCHIVE_COLLECTION stage=finish original_entry_receipts_removed=15 live_records=3 logical_records=21
    graph_continuation_sdk_test.go:600: SDK_PHASE name=parent_audit_end_finish elapsed=49.848465293s remaining=10.151534327s sdk_requests=13509
    graph_continuation_sdk_test.go:613: SDK_PHASE name=boundary_scan_end_finish elapsed=49.931526578s remaining=10.068472671s sdk_requests=13526
    graph_continuation_sdk_test.go:828: SDK initial/next/finish=map[finish:1 initial:1 next:1] effects=2 records=26 result=43
    graph_continuation_sdk_test.go:832: SDK_PHASE name=finished elapsed=56.108345869s remaining=3.89165368s sdk_requests=15157
=== RUN   TestNativeGraphContinuationArchiveCollection/R3Domain/child
    graph_continuation_sdk_test.go:447: SDK_PHASE name=execute_begin_next elapsed=2.191373822s remaining=57.808625858s sdk_requests=171
    graph_continuation_sdk_test.go:449: SDK_PHASE name=execute_end_next elapsed=13.132067659s remaining=46.86793204s sdk_requests=3451
    graph_continuation_sdk_test.go:540: SDK_PHASE name=parent_sweep_end_next elapsed=17.209063578s remaining=42.790936172s sdk_requests=4570
    graph_continuation_sdk_test.go:596: ARCHIVE_COLLECTION stage=next original_entry_receipts_removed=10 live_records=3 logical_records=10
    graph_continuation_sdk_test.go:600: SDK_PHASE name=parent_audit_end_next elapsed=18.168213409s remaining=41.831785599s sdk_requests=4817
    graph_continuation_sdk_test.go:613: SDK_PHASE name=boundary_scan_end_next elapsed=18.230487621s remaining=41.769512008s sdk_requests=4842
    graph_continuation_sdk_test.go:617: SDK_PHASE name=child_execute_end elapsed=20.871745721s remaining=39.128253948s sdk_requests=5400
    graph_continuation_sdk_test.go:447: SDK_PHASE name=execute_begin_finish elapsed=20.871804731s remaining=39.128195069s sdk_requests=5400
    graph_continuation_sdk_test.go:449: SDK_PHASE name=execute_end_finish elapsed=39.521943351s remaining=20.478056348s sdk_requests=10749
    graph_continuation_sdk_test.go:507: SDK_PHASE name=child_retire_end elapsed=39.722468345s remaining=20.277531315s sdk_requests=10797
    graph_continuation_sdk_test.go:538: ARCHIVE_CHILD_RECLAIMED terminal_receipts=2 result_bytes=700000
    graph_continuation_sdk_test.go:540: SDK_PHASE name=parent_sweep_end_finish elapsed=49.101120825s remaining=10.898878885s sdk_requests=13683
    graph_continuation_sdk_test.go:596: ARCHIVE_COLLECTION stage=finish original_entry_receipts_removed=15 live_records=3 logical_records=22
    graph_continuation_sdk_test.go:600: SDK_PHASE name=parent_audit_end_finish elapsed=50.50251792s remaining=9.497481699s sdk_requests=14120
    graph_continuation_sdk_test.go:613: SDK_PHASE name=boundary_scan_end_finish elapsed=50.597993113s remaining=9.402006376s sdk_requests=14144
    graph_continuation_sdk_test.go:828: SDK initial/next/finish=map[finish:1 initial:1 next:1] effects=2 records=25 result=43
    graph_continuation_sdk_test.go:832: SDK_PHASE name=finished elapsed=56.026117205s remaining=3.973882424s sdk_requests=15424
=== RUN   TestNativeGraphContinuationArchiveCollection/R3Domain/buffered-child
    graph_continuation_sdk_test.go:447: SDK_PHASE name=execute_begin_next elapsed=3.213516028s remaining=56.786483711s sdk_requests=171
    graph_continuation_sdk_test.go:449: SDK_PHASE name=execute_end_next elapsed=17.059755929s remaining=42.94024366s sdk_requests=3451
    graph_continuation_sdk_test.go:540: SDK_PHASE name=parent_sweep_end_next elapsed=21.085036644s remaining=38.914963046s sdk_requests=4570
    graph_continuation_sdk_test.go:596: ARCHIVE_COLLECTION stage=next original_entry_receipts_removed=10 live_records=3 logical_records=10
    graph_continuation_sdk_test.go:600: SDK_PHASE name=parent_audit_end_next elapsed=22.001174288s remaining=37.998825332s sdk_requests=4817
    graph_continuation_sdk_test.go:613: SDK_PHASE name=boundary_scan_end_next elapsed=22.101645793s remaining=37.898353777s sdk_requests=4842
    graph_continuation_sdk_test.go:617: SDK_PHASE name=child_execute_end elapsed=24.703784333s remaining=35.296215277s sdk_requests=5400
    graph_continuation_sdk_test.go:447: SDK_PHASE name=execute_begin_finish elapsed=24.703884535s remaining=35.296115215s sdk_requests=5400
    graph_continuation_sdk_test.go:449: SDK_PHASE name=execute_end_finish elapsed=41.10622735s remaining=18.89377229s sdk_requests=10434
    graph_continuation_sdk_test.go:507: SDK_PHASE name=child_retire_end elapsed=41.287482531s remaining=18.712517159s sdk_requests=10482
    graph_continuation_sdk_test.go:538: ARCHIVE_CHILD_RECLAIMED terminal_receipts=2 result_bytes=700000
    graph_continuation_sdk_test.go:540: SDK_PHASE name=parent_sweep_end_finish elapsed=49.873599941s remaining=10.126399579s sdk_requests=13204
    graph_continuation_sdk_test.go:596: ARCHIVE_COLLECTION stage=finish original_entry_receipts_removed=13 live_records=3 logical_records=20
    graph_continuation_sdk_test.go:600: SDK_PHASE name=parent_audit_end_finish elapsed=51.256070456s remaining=8.743929063s sdk_requests=13611
    graph_continuation_sdk_test.go:613: SDK_PHASE name=boundary_scan_end_finish elapsed=51.363554048s remaining=8.636445522s sdk_requests=13635
    graph_continuation_sdk_test.go:828: SDK initial/next/finish=map[finish:1 initial:1 next:1] effects=2 records=25 result=43
    graph_continuation_sdk_test.go:832: SDK_PHASE name=finished elapsed=58.065251285s remaining=1.934748244s sdk_requests=15331
--- PASS: TestNativeGraphContinuationArchiveCollection (341.89s)
    --- PASS: TestNativeGraphContinuationArchiveCollection/R1/state (24.43s)
    --- PASS: TestNativeGraphContinuationArchiveCollection/R1/signals (34.06s)
    --- PASS: TestNativeGraphContinuationArchiveCollection/R1/child (35.70s)
    --- PASS: TestNativeGraphContinuationArchiveCollection/R1/buffered-child (35.49s)
    --- PASS: TestNativeGraphContinuationArchiveCollection/R3Domain/state (40.42s)
    --- PASS: TestNativeGraphContinuationArchiveCollection/R3Domain/signals (56.61s)
    --- PASS: TestNativeGraphContinuationArchiveCollection/R3Domain/child (56.57s)
    --- PASS: TestNativeGraphContinuationArchiveCollection/R3Domain/buffered-child (58.60s)
PASS
