=== RUN   TestGraphCompactionCheckpointBindingRenewalAndResumption
=== RUN   TestGraphCompactionCheckpointBindingRenewalAndResumption/json/normal
    graph_compaction_checkpoint_test.go:319: BOUND_COMPACTION mode=normal renewal_batches=0 verification_batches=10 retained_from=9 readers=0 checkpoint_bytes=3972
=== RUN   TestGraphCompactionCheckpointBindingRenewalAndResumption/json/renew
    graph_compaction_checkpoint_test.go:319: BOUND_COMPACTION mode=renew renewal_batches=11 verification_batches=10 retained_from=9 readers=0 checkpoint_bytes=4006
=== RUN   TestGraphCompactionCheckpointBindingRenewalAndResumption/json/renew-drop
    graph_compaction_checkpoint_test.go:319: BOUND_COMPACTION mode=renew-drop renewal_batches=11 verification_batches=10 retained_from=9 readers=0 checkpoint_bytes=4006
=== RUN   TestGraphCompactionCheckpointBindingRenewalAndResumption/json/renew-lost
    graph_compaction_checkpoint_test.go:319: BOUND_COMPACTION mode=renew-lost renewal_batches=11 verification_batches=10 retained_from=9 readers=0 checkpoint_bytes=4006
=== RUN   TestGraphCompactionCheckpointBindingRenewalAndResumption/json/verify
    graph_compaction_checkpoint_test.go:319: BOUND_COMPACTION mode=verify renewal_batches=0 verification_batches=10 retained_from=9 readers=0 checkpoint_bytes=4641
=== RUN   TestGraphCompactionCheckpointBindingRenewalAndResumption/json/verify-renew-live
    graph_compaction_checkpoint_test.go:319: BOUND_COMPACTION mode=verify-renew-live renewal_batches=18 verification_batches=9 retained_from=9 readers=0 checkpoint_bytes=4675
=== RUN   TestGraphCompactionCheckpointBindingRenewalAndResumption/json/verify-renew-resume
    graph_compaction_checkpoint_test.go:319: BOUND_COMPACTION mode=verify-renew-resume renewal_batches=18 verification_batches=10 retained_from=9 readers=0 checkpoint_bytes=4675
=== RUN   TestGraphCompactionCheckpointBindingRenewalAndResumption/json/verify-renew-lost
    graph_compaction_checkpoint_test.go:319: BOUND_COMPACTION mode=verify-renew-lost renewal_batches=18 verification_batches=10 retained_from=9 readers=0 checkpoint_bytes=4675
=== RUN   TestGraphCompactionCheckpointBindingRenewalAndResumption/json/every-batch
    graph_compaction_checkpoint_test.go:319: BOUND_COMPACTION mode=every-batch renewal_batches=0 verification_batches=10 retained_from=9 readers=0 checkpoint_bytes=3972
=== RUN   TestGraphCompactionCheckpointBindingRenewalAndResumption/json/type
=== RUN   TestGraphCompactionCheckpointBindingRenewalAndResumption/json/id
=== RUN   TestGraphCompactionCheckpointBindingRenewalAndResumption/json/runtime
=== RUN   TestGraphCompactionCheckpointBindingRenewalAndResumption/json/tail
=== RUN   TestGraphCompactionCheckpointBindingRenewalAndResumption/json/application
=== RUN   TestGraphCompactionCheckpointBindingRenewalAndResumption/json/cut
=== RUN   TestGraphCompactionCheckpointBindingRenewalAndResumption/json/limit
=== RUN   TestGraphCompactionCheckpointBindingRenewalAndResumption/json/append
=== RUN   TestGraphCompactionCheckpointBindingRenewalAndResumption/json/reader
=== RUN   TestGraphCompactionCheckpointBindingRenewalAndResumption/json/retire
=== RUN   TestGraphCompactionCheckpointBindingRenewalAndResumption/json/collector
=== RUN   TestGraphCompactionCheckpointBindingRenewalAndResumption/protobuf-v1/normal
    graph_compaction_checkpoint_test.go:319: BOUND_COMPACTION mode=normal renewal_batches=0 verification_batches=10 retained_from=9 readers=0 checkpoint_bytes=3972
=== RUN   TestGraphCompactionCheckpointBindingRenewalAndResumption/protobuf-v1/renew
    graph_compaction_checkpoint_test.go:319: BOUND_COMPACTION mode=renew renewal_batches=11 verification_batches=10 retained_from=9 readers=0 checkpoint_bytes=4006
=== RUN   TestGraphCompactionCheckpointBindingRenewalAndResumption/protobuf-v1/renew-drop
    graph_compaction_checkpoint_test.go:319: BOUND_COMPACTION mode=renew-drop renewal_batches=11 verification_batches=10 retained_from=9 readers=0 checkpoint_bytes=4006
=== RUN   TestGraphCompactionCheckpointBindingRenewalAndResumption/protobuf-v1/renew-lost
    graph_compaction_checkpoint_test.go:319: BOUND_COMPACTION mode=renew-lost renewal_batches=11 verification_batches=10 retained_from=9 readers=0 checkpoint_bytes=4006
=== RUN   TestGraphCompactionCheckpointBindingRenewalAndResumption/protobuf-v1/verify
    graph_compaction_checkpoint_test.go:319: BOUND_COMPACTION mode=verify renewal_batches=0 verification_batches=10 retained_from=9 readers=0 checkpoint_bytes=4641
=== RUN   TestGraphCompactionCheckpointBindingRenewalAndResumption/protobuf-v1/verify-renew-live
    graph_compaction_checkpoint_test.go:319: BOUND_COMPACTION mode=verify-renew-live renewal_batches=18 verification_batches=9 retained_from=9 readers=0 checkpoint_bytes=4675
=== RUN   TestGraphCompactionCheckpointBindingRenewalAndResumption/protobuf-v1/verify-renew-resume
    graph_compaction_checkpoint_test.go:319: BOUND_COMPACTION mode=verify-renew-resume renewal_batches=18 verification_batches=10 retained_from=9 readers=0 checkpoint_bytes=4675
=== RUN   TestGraphCompactionCheckpointBindingRenewalAndResumption/protobuf-v1/verify-renew-lost
    graph_compaction_checkpoint_test.go:319: BOUND_COMPACTION mode=verify-renew-lost renewal_batches=18 verification_batches=10 retained_from=9 readers=0 checkpoint_bytes=4675
=== RUN   TestGraphCompactionCheckpointBindingRenewalAndResumption/protobuf-v1/every-batch
    graph_compaction_checkpoint_test.go:319: BOUND_COMPACTION mode=every-batch renewal_batches=0 verification_batches=10 retained_from=9 readers=0 checkpoint_bytes=3972
=== RUN   TestGraphCompactionCheckpointBindingRenewalAndResumption/protobuf-v1/type
=== RUN   TestGraphCompactionCheckpointBindingRenewalAndResumption/protobuf-v1/id
=== RUN   TestGraphCompactionCheckpointBindingRenewalAndResumption/protobuf-v1/runtime
=== RUN   TestGraphCompactionCheckpointBindingRenewalAndResumption/protobuf-v1/tail
=== RUN   TestGraphCompactionCheckpointBindingRenewalAndResumption/protobuf-v1/application
=== RUN   TestGraphCompactionCheckpointBindingRenewalAndResumption/protobuf-v1/cut
=== RUN   TestGraphCompactionCheckpointBindingRenewalAndResumption/protobuf-v1/limit
=== RUN   TestGraphCompactionCheckpointBindingRenewalAndResumption/protobuf-v1/append
=== RUN   TestGraphCompactionCheckpointBindingRenewalAndResumption/protobuf-v1/reader
=== RUN   TestGraphCompactionCheckpointBindingRenewalAndResumption/protobuf-v1/retire
=== RUN   TestGraphCompactionCheckpointBindingRenewalAndResumption/protobuf-v1/collector
--- PASS: TestGraphCompactionCheckpointBindingRenewalAndResumption (7.56s)
    --- PASS: TestGraphCompactionCheckpointBindingRenewalAndResumption/json/normal (0.21s)
    --- PASS: TestGraphCompactionCheckpointBindingRenewalAndResumption/json/renew (0.24s)
    --- PASS: TestGraphCompactionCheckpointBindingRenewalAndResumption/json/renew-drop (0.27s)
    --- PASS: TestGraphCompactionCheckpointBindingRenewalAndResumption/json/renew-lost (0.25s)
    --- PASS: TestGraphCompactionCheckpointBindingRenewalAndResumption/json/verify (0.17s)
    --- PASS: TestGraphCompactionCheckpointBindingRenewalAndResumption/json/verify-renew-live (0.29s)
    --- PASS: TestGraphCompactionCheckpointBindingRenewalAndResumption/json/verify-renew-resume (0.34s)
    --- PASS: TestGraphCompactionCheckpointBindingRenewalAndResumption/json/verify-renew-lost (0.36s)
    --- PASS: TestGraphCompactionCheckpointBindingRenewalAndResumption/json/every-batch (0.21s)
    --- PASS: TestGraphCompactionCheckpointBindingRenewalAndResumption/json/type (0.09s)
    --- PASS: TestGraphCompactionCheckpointBindingRenewalAndResumption/json/id (0.10s)
    --- PASS: TestGraphCompactionCheckpointBindingRenewalAndResumption/json/runtime (0.10s)
    --- PASS: TestGraphCompactionCheckpointBindingRenewalAndResumption/json/tail (0.13s)
    --- PASS: TestGraphCompactionCheckpointBindingRenewalAndResumption/json/application (0.12s)
    --- PASS: TestGraphCompactionCheckpointBindingRenewalAndResumption/json/cut (0.11s)
    --- PASS: TestGraphCompactionCheckpointBindingRenewalAndResumption/json/limit (0.12s)
    --- PASS: TestGraphCompactionCheckpointBindingRenewalAndResumption/json/append (0.09s)
    --- PASS: TestGraphCompactionCheckpointBindingRenewalAndResumption/json/reader (0.11s)
    --- PASS: TestGraphCompactionCheckpointBindingRenewalAndResumption/json/retire (0.12s)
    --- PASS: TestGraphCompactionCheckpointBindingRenewalAndResumption/json/collector (0.17s)
    --- PASS: TestGraphCompactionCheckpointBindingRenewalAndResumption/protobuf-v1/normal (0.18s)
    --- PASS: TestGraphCompactionCheckpointBindingRenewalAndResumption/protobuf-v1/renew (0.22s)
    --- PASS: TestGraphCompactionCheckpointBindingRenewalAndResumption/protobuf-v1/renew-drop (0.27s)
    --- PASS: TestGraphCompactionCheckpointBindingRenewalAndResumption/protobuf-v1/renew-lost (0.25s)
    --- PASS: TestGraphCompactionCheckpointBindingRenewalAndResumption/protobuf-v1/verify (0.19s)
    --- PASS: TestGraphCompactionCheckpointBindingRenewalAndResumption/protobuf-v1/verify-renew-live (0.34s)
    --- PASS: TestGraphCompactionCheckpointBindingRenewalAndResumption/protobuf-v1/verify-renew-resume (0.36s)
    --- PASS: TestGraphCompactionCheckpointBindingRenewalAndResumption/protobuf-v1/verify-renew-lost (0.32s)
    --- PASS: TestGraphCompactionCheckpointBindingRenewalAndResumption/protobuf-v1/every-batch (0.23s)
    --- PASS: TestGraphCompactionCheckpointBindingRenewalAndResumption/protobuf-v1/type (0.10s)
    --- PASS: TestGraphCompactionCheckpointBindingRenewalAndResumption/protobuf-v1/id (0.10s)
    --- PASS: TestGraphCompactionCheckpointBindingRenewalAndResumption/protobuf-v1/runtime (0.10s)
    --- PASS: TestGraphCompactionCheckpointBindingRenewalAndResumption/protobuf-v1/tail (0.11s)
    --- PASS: TestGraphCompactionCheckpointBindingRenewalAndResumption/protobuf-v1/application (0.19s)
    --- PASS: TestGraphCompactionCheckpointBindingRenewalAndResumption/protobuf-v1/cut (0.18s)
    --- PASS: TestGraphCompactionCheckpointBindingRenewalAndResumption/protobuf-v1/limit (0.13s)
    --- PASS: TestGraphCompactionCheckpointBindingRenewalAndResumption/protobuf-v1/append (0.14s)
    --- PASS: TestGraphCompactionCheckpointBindingRenewalAndResumption/protobuf-v1/reader (0.17s)
    --- PASS: TestGraphCompactionCheckpointBindingRenewalAndResumption/protobuf-v1/retire (0.14s)
    --- PASS: TestGraphCompactionCheckpointBindingRenewalAndResumption/protobuf-v1/collector (0.23s)
=== RUN   TestGraphCompactionStoredCheckpointCASAndRecovery
=== RUN   TestGraphCompactionStoredCheckpointCASAndRecovery/json/healthy
    graph_compaction_storage_test.go:329: STORED_COMPACTION mode=healthy verify_batches=10 renewal_batches=0 revision=1 readers=0
=== RUN   TestGraphCompactionStoredCheckpointCASAndRecovery/json/missing
=== RUN   TestGraphCompactionStoredCheckpointCASAndRecovery/json/create-drop
=== RUN   TestGraphCompactionStoredCheckpointCASAndRecovery/json/create-lost
=== RUN   TestGraphCompactionStoredCheckpointCASAndRecovery/json/update-drop
    graph_compaction_storage_test.go:329: STORED_COMPACTION mode=update-drop verify_batches=10 renewal_batches=0 revision=1 readers=0
=== RUN   TestGraphCompactionStoredCheckpointCASAndRecovery/json/update-lost
    graph_compaction_storage_test.go:329: STORED_COMPACTION mode=update-lost verify_batches=10 renewal_batches=0 revision=2 readers=0
=== RUN   TestGraphCompactionStoredCheckpointCASAndRecovery/json/delete-drop
=== RUN   TestGraphCompactionStoredCheckpointCASAndRecovery/json/delete-lost
=== RUN   TestGraphCompactionStoredCheckpointCASAndRecovery/json/stale-writer
    graph_compaction_storage_test.go:329: STORED_COMPACTION mode=stale-writer verify_batches=10 renewal_batches=0 revision=2 readers=0
=== RUN   TestGraphCompactionStoredCheckpointCASAndRecovery/json/stale-read
    graph_compaction_storage_test.go:329: STORED_COMPACTION mode=stale-read verify_batches=10 renewal_batches=0 revision=2 readers=0
=== RUN   TestGraphCompactionStoredCheckpointCASAndRecovery/json/read-lost
=== RUN   TestGraphCompactionStoredCheckpointCASAndRecovery/json/corrupt
=== RUN   TestGraphCompactionStoredCheckpointCASAndRecovery/json/expired
=== RUN   TestGraphCompactionStoredCheckpointCASAndRecovery/json/source-change
=== RUN   TestGraphCompactionStoredCheckpointCASAndRecovery/json/pending-renewal
    graph_compaction_storage_test.go:329: STORED_COMPACTION mode=pending-renewal verify_batches=10 renewal_batches=11 revision=2 readers=0
=== RUN   TestGraphCompactionStoredCheckpointCASAndRecovery/json/pending-renewal-lost
    graph_compaction_storage_test.go:329: STORED_COMPACTION mode=pending-renewal-lost verify_batches=10 renewal_batches=11 revision=2 readers=0
=== RUN   TestGraphCompactionStoredCheckpointCASAndRecovery/json/verify-progress
    graph_compaction_storage_test.go:329: STORED_COMPACTION mode=verify-progress verify_batches=10 renewal_batches=0 revision=2 readers=0
=== RUN   TestGraphCompactionStoredCheckpointCASAndRecovery/json/cancel
=== RUN   TestGraphCompactionStoredCheckpointCASAndRecovery/protobuf-v1/healthy
    graph_compaction_storage_test.go:329: STORED_COMPACTION mode=healthy verify_batches=10 renewal_batches=0 revision=1 readers=0
=== RUN   TestGraphCompactionStoredCheckpointCASAndRecovery/protobuf-v1/missing
=== RUN   TestGraphCompactionStoredCheckpointCASAndRecovery/protobuf-v1/create-drop
=== RUN   TestGraphCompactionStoredCheckpointCASAndRecovery/protobuf-v1/create-lost
=== RUN   TestGraphCompactionStoredCheckpointCASAndRecovery/protobuf-v1/update-drop
    graph_compaction_storage_test.go:329: STORED_COMPACTION mode=update-drop verify_batches=10 renewal_batches=0 revision=1 readers=0
=== RUN   TestGraphCompactionStoredCheckpointCASAndRecovery/protobuf-v1/update-lost
    graph_compaction_storage_test.go:329: STORED_COMPACTION mode=update-lost verify_batches=10 renewal_batches=0 revision=2 readers=0
=== RUN   TestGraphCompactionStoredCheckpointCASAndRecovery/protobuf-v1/delete-drop
=== RUN   TestGraphCompactionStoredCheckpointCASAndRecovery/protobuf-v1/delete-lost
=== RUN   TestGraphCompactionStoredCheckpointCASAndRecovery/protobuf-v1/stale-writer
    graph_compaction_storage_test.go:329: STORED_COMPACTION mode=stale-writer verify_batches=10 renewal_batches=0 revision=2 readers=0
=== RUN   TestGraphCompactionStoredCheckpointCASAndRecovery/protobuf-v1/stale-read
    graph_compaction_storage_test.go:329: STORED_COMPACTION mode=stale-read verify_batches=10 renewal_batches=0 revision=2 readers=0
=== RUN   TestGraphCompactionStoredCheckpointCASAndRecovery/protobuf-v1/read-lost
=== RUN   TestGraphCompactionStoredCheckpointCASAndRecovery/protobuf-v1/corrupt
=== RUN   TestGraphCompactionStoredCheckpointCASAndRecovery/protobuf-v1/expired
=== RUN   TestGraphCompactionStoredCheckpointCASAndRecovery/protobuf-v1/source-change
=== RUN   TestGraphCompactionStoredCheckpointCASAndRecovery/protobuf-v1/pending-renewal
    graph_compaction_storage_test.go:329: STORED_COMPACTION mode=pending-renewal verify_batches=10 renewal_batches=11 revision=2 readers=0
=== RUN   TestGraphCompactionStoredCheckpointCASAndRecovery/protobuf-v1/pending-renewal-lost
    graph_compaction_storage_test.go:329: STORED_COMPACTION mode=pending-renewal-lost verify_batches=10 renewal_batches=11 revision=2 readers=0
=== RUN   TestGraphCompactionStoredCheckpointCASAndRecovery/protobuf-v1/verify-progress
    graph_compaction_storage_test.go:329: STORED_COMPACTION mode=verify-progress verify_batches=10 renewal_batches=0 revision=2 readers=0
=== RUN   TestGraphCompactionStoredCheckpointCASAndRecovery/protobuf-v1/cancel
--- PASS: TestGraphCompactionStoredCheckpointCASAndRecovery (7.25s)
    --- PASS: TestGraphCompactionStoredCheckpointCASAndRecovery/json/healthy (0.22s)
    --- PASS: TestGraphCompactionStoredCheckpointCASAndRecovery/json/missing (0.14s)
    --- PASS: TestGraphCompactionStoredCheckpointCASAndRecovery/json/create-drop (0.15s)
    --- PASS: TestGraphCompactionStoredCheckpointCASAndRecovery/json/create-lost (0.13s)
    --- PASS: TestGraphCompactionStoredCheckpointCASAndRecovery/json/update-drop (0.26s)
    --- PASS: TestGraphCompactionStoredCheckpointCASAndRecovery/json/update-lost (0.23s)
    --- PASS: TestGraphCompactionStoredCheckpointCASAndRecovery/json/delete-drop (0.12s)
    --- PASS: TestGraphCompactionStoredCheckpointCASAndRecovery/json/delete-lost (0.16s)
    --- PASS: TestGraphCompactionStoredCheckpointCASAndRecovery/json/stale-writer (0.29s)
    --- PASS: TestGraphCompactionStoredCheckpointCASAndRecovery/json/stale-read (0.27s)
    --- PASS: TestGraphCompactionStoredCheckpointCASAndRecovery/json/read-lost (0.14s)
    --- PASS: TestGraphCompactionStoredCheckpointCASAndRecovery/json/corrupt (0.14s)
    --- PASS: TestGraphCompactionStoredCheckpointCASAndRecovery/json/expired (0.17s)
    --- PASS: TestGraphCompactionStoredCheckpointCASAndRecovery/json/source-change (0.12s)
    --- PASS: TestGraphCompactionStoredCheckpointCASAndRecovery/json/pending-renewal (0.23s)
    --- PASS: TestGraphCompactionStoredCheckpointCASAndRecovery/json/pending-renewal-lost (0.32s)
    --- PASS: TestGraphCompactionStoredCheckpointCASAndRecovery/json/verify-progress (0.24s)
    --- PASS: TestGraphCompactionStoredCheckpointCASAndRecovery/json/cancel (0.16s)
    --- PASS: TestGraphCompactionStoredCheckpointCASAndRecovery/protobuf-v1/healthy (0.24s)
    --- PASS: TestGraphCompactionStoredCheckpointCASAndRecovery/protobuf-v1/missing (0.17s)
    --- PASS: TestGraphCompactionStoredCheckpointCASAndRecovery/protobuf-v1/create-drop (0.12s)
    --- PASS: TestGraphCompactionStoredCheckpointCASAndRecovery/protobuf-v1/create-lost (0.17s)
    --- PASS: TestGraphCompactionStoredCheckpointCASAndRecovery/protobuf-v1/update-drop (0.32s)
    --- PASS: TestGraphCompactionStoredCheckpointCASAndRecovery/protobuf-v1/update-lost (0.33s)
    --- PASS: TestGraphCompactionStoredCheckpointCASAndRecovery/protobuf-v1/delete-drop (0.18s)
    --- PASS: TestGraphCompactionStoredCheckpointCASAndRecovery/protobuf-v1/delete-lost (0.27s)
    --- PASS: TestGraphCompactionStoredCheckpointCASAndRecovery/protobuf-v1/stale-writer (0.31s)
    --- PASS: TestGraphCompactionStoredCheckpointCASAndRecovery/protobuf-v1/stale-read (0.23s)
    --- PASS: TestGraphCompactionStoredCheckpointCASAndRecovery/protobuf-v1/read-lost (0.17s)
    --- PASS: TestGraphCompactionStoredCheckpointCASAndRecovery/protobuf-v1/corrupt (0.14s)
    --- PASS: TestGraphCompactionStoredCheckpointCASAndRecovery/protobuf-v1/expired (0.16s)
    --- PASS: TestGraphCompactionStoredCheckpointCASAndRecovery/protobuf-v1/source-change (0.14s)
    --- PASS: TestGraphCompactionStoredCheckpointCASAndRecovery/protobuf-v1/pending-renewal (0.25s)
    --- PASS: TestGraphCompactionStoredCheckpointCASAndRecovery/protobuf-v1/pending-renewal-lost (0.25s)
    --- PASS: TestGraphCompactionStoredCheckpointCASAndRecovery/protobuf-v1/verify-progress (0.18s)
    --- PASS: TestGraphCompactionStoredCheckpointCASAndRecovery/protobuf-v1/cancel (0.13s)
=== RUN   TestGraphCompactionSeparateIntentLifetime
=== RUN   TestGraphCompactionSeparateIntentLifetime/json/default
    graph_compaction_ttl_test.go:106: expired descriptor revived &{0xc0001781c0 <nil> <nil> 0xc000003200 <nil> <nil> [] <nil>  flow scan {1 next 11 10 3 10 step-result-13ffca2542e3c95f31d068b49078c71376fc91ff4b1157afb1c36a7b4dc118f5 13ffca2542e3c95f31d068b49078c71376fc91ff4b1157afb1c36a7b4dc118f5} 12 stage true true <nil> <nil>} <nil>
=== RUN   TestGraphCompactionSeparateIntentLifetime/json/inherit
    graph_compaction_ttl_test.go:106: expired descriptor revived &{0xc0001627e0 <nil> <nil> 0xc000003200 <nil> <nil> [] <nil>  flow scan {1 next 11 10 3 10 step-result-13ffca2542e3c95f31d068b49078c71376fc91ff4b1157afb1c36a7b4dc118f5 13ffca2542e3c95f31d068b49078c71376fc91ff4b1157afb1c36a7b4dc118f5} 12 stage true true <nil> <nil>} <nil>
=== RUN   TestGraphCompactionSeparateIntentLifetime/json/long
    graph_compaction_ttl_test.go:106: expired descriptor revived &{0xc00016d960 <nil> <nil> 0xc000298e00 <nil> <nil> [] <nil>  flow scan {1 next 11 10 3 10 step-result-13ffca2542e3c95f31d068b49078c71376fc91ff4b1157afb1c36a7b4dc118f5 13ffca2542e3c95f31d068b49078c71376fc91ff4b1157afb1c36a7b4dc118f5} 12 stage true true <nil> <nil>} <nil>
=== RUN   TestGraphCompactionSeparateIntentLifetime/json/short
    graph_compaction_ttl_test.go:106: expired descriptor revived &{0xc00016c700 <nil> <nil> 0xc000298800 <nil> <nil> [] <nil>  flow scan {1 next 11 10 3 10 step-result-13ffca2542e3c95f31d068b49078c71376fc91ff4b1157afb1c36a7b4dc118f5 13ffca2542e3c95f31d068b49078c71376fc91ff4b1157afb1c36a7b4dc118f5} 12 stage true true <nil> <nil>} <nil>
=== RUN   TestGraphCompactionSeparateIntentLifetime/protobuf-v1/default
    graph_compaction_ttl_test.go:106: expired descriptor revived &{0xc00012e070 <nil> <nil> 0xc000298600 <nil> <nil> [] <nil>  flow scan {1 next 11 10 3 10 step-result-13ffca2542e3c95f31d068b49078c71376fc91ff4b1157afb1c36a7b4dc118f5 13ffca2542e3c95f31d068b49078c71376fc91ff4b1157afb1c36a7b4dc118f5} 12 stage true true <nil> <nil>} <nil>
=== RUN   TestGraphCompactionSeparateIntentLifetime/protobuf-v1/inherit
    graph_compaction_ttl_test.go:106: expired descriptor revived &{0xc0000941c0 <nil> <nil> 0xc000374800 <nil> <nil> [] <nil>  flow scan {1 next 11 10 3 10 step-result-13ffca2542e3c95f31d068b49078c71376fc91ff4b1157afb1c36a7b4dc118f5 13ffca2542e3c95f31d068b49078c71376fc91ff4b1157afb1c36a7b4dc118f5} 12 stage true true <nil> <nil>} <nil>
=== RUN   TestGraphCompactionSeparateIntentLifetime/protobuf-v1/long
    graph_compaction_ttl_test.go:106: expired descriptor revived &{0xc00016c850 <nil> <nil> 0xc000002600 <nil> <nil> [] <nil>  flow scan {1 next 11 10 3 10 step-result-13ffca2542e3c95f31d068b49078c71376fc91ff4b1157afb1c36a7b4dc118f5 13ffca2542e3c95f31d068b49078c71376fc91ff4b1157afb1c36a7b4dc118f5} 12 stage true true <nil> <nil>} <nil>
=== RUN   TestGraphCompactionSeparateIntentLifetime/protobuf-v1/short
    graph_compaction_ttl_test.go:106: expired descriptor revived &{0xc00012e540 <nil> <nil> 0xc000374200 <nil> <nil> [] <nil>  flow scan {1 next 11 10 3 10 step-result-13ffca2542e3c95f31d068b49078c71376fc91ff4b1157afb1c36a7b4dc118f5 13ffca2542e3c95f31d068b49078c71376fc91ff4b1157afb1c36a7b4dc118f5} 12 stage true true <nil> <nil>} <nil>
--- FAIL: TestGraphCompactionSeparateIntentLifetime (1.05s)
    --- FAIL: TestGraphCompactionSeparateIntentLifetime/json/default (0.12s)
    --- FAIL: TestGraphCompactionSeparateIntentLifetime/json/inherit (0.10s)
    --- FAIL: TestGraphCompactionSeparateIntentLifetime/json/long (0.16s)
    --- FAIL: TestGraphCompactionSeparateIntentLifetime/json/short (0.11s)
    --- FAIL: TestGraphCompactionSeparateIntentLifetime/protobuf-v1/default (0.10s)
    --- FAIL: TestGraphCompactionSeparateIntentLifetime/protobuf-v1/inherit (0.11s)
    --- FAIL: TestGraphCompactionSeparateIntentLifetime/protobuf-v1/long (0.19s)
    --- FAIL: TestGraphCompactionSeparateIntentLifetime/protobuf-v1/short (0.16s)
=== RUN   TestGraphCompactionNegativeIntentLifetime
--- PASS: TestGraphCompactionNegativeIntentLifetime (0.00s)
FAIL
FAIL	js-wf/journal	15.883s
FAIL
