=== RUN   TestGraphCompactionCheckpointBindingRenewalAndResumption
=== RUN   TestGraphCompactionCheckpointBindingRenewalAndResumption/json/normal
    graph_compaction_checkpoint_test.go:319: BOUND_COMPACTION mode=normal renewal_batches=0 verification_batches=10 retained_from=9 readers=0 checkpoint_bytes=3972
=== RUN   TestGraphCompactionCheckpointBindingRenewalAndResumption/json/renew
    graph_compaction_checkpoint_test.go:319: BOUND_COMPACTION mode=renew renewal_batches=11 verification_batches=10 retained_from=9 readers=0 checkpoint_bytes=4006
=== RUN   TestGraphCompactionCheckpointBindingRenewalAndResumption/json/renew-drop
    graph_compaction_checkpoint_test.go:319: BOUND_COMPACTION mode=renew-drop renewal_batches=11 verification_batches=10 retained_from=9 readers=0 checkpoint_bytes=4006
=== RUN   TestGraphCompactionCheckpointBindingRenewalAndResumption/json/renew-lost
    graph_compaction_checkpoint_test.go:319: BOUND_COMPACTION mode=renew-lost renewal_batches=11 verification_batches=10 retained_from=9 readers=0 checkpoint_bytes=4006
=== RUN   TestGraphCompactionCheckpointBindingRenewalAndResumption/json/verify
    graph_compaction_checkpoint_test.go:319: BOUND_COMPACTION mode=verify renewal_batches=0 verification_batches=10 retained_from=9 readers=0 checkpoint_bytes=4641
=== RUN   TestGraphCompactionCheckpointBindingRenewalAndResumption/json/verify-renew-live
    graph_compaction_checkpoint_test.go:319: BOUND_COMPACTION mode=verify-renew-live renewal_batches=18 verification_batches=9 retained_from=9 readers=0 checkpoint_bytes=4675
=== RUN   TestGraphCompactionCheckpointBindingRenewalAndResumption/json/verify-renew-resume
    graph_compaction_checkpoint_test.go:319: BOUND_COMPACTION mode=verify-renew-resume renewal_batches=18 verification_batches=10 retained_from=9 readers=0 checkpoint_bytes=4675
=== RUN   TestGraphCompactionCheckpointBindingRenewalAndResumption/json/verify-renew-lost
    graph_compaction_checkpoint_test.go:319: BOUND_COMPACTION mode=verify-renew-lost renewal_batches=18 verification_batches=10 retained_from=9 readers=0 checkpoint_bytes=4675
=== RUN   TestGraphCompactionCheckpointBindingRenewalAndResumption/json/every-batch
    graph_compaction_checkpoint_test.go:319: BOUND_COMPACTION mode=every-batch renewal_batches=0 verification_batches=10 retained_from=9 readers=0 checkpoint_bytes=3972
=== RUN   TestGraphCompactionCheckpointBindingRenewalAndResumption/json/type
=== RUN   TestGraphCompactionCheckpointBindingRenewalAndResumption/json/id
=== RUN   TestGraphCompactionCheckpointBindingRenewalAndResumption/json/runtime
=== RUN   TestGraphCompactionCheckpointBindingRenewalAndResumption/json/tail
=== RUN   TestGraphCompactionCheckpointBindingRenewalAndResumption/json/application
=== RUN   TestGraphCompactionCheckpointBindingRenewalAndResumption/json/cut
=== RUN   TestGraphCompactionCheckpointBindingRenewalAndResumption/json/limit
=== RUN   TestGraphCompactionCheckpointBindingRenewalAndResumption/json/append
=== RUN   TestGraphCompactionCheckpointBindingRenewalAndResumption/json/reader
=== RUN   TestGraphCompactionCheckpointBindingRenewalAndResumption/json/retire
=== RUN   TestGraphCompactionCheckpointBindingRenewalAndResumption/json/collector
=== RUN   TestGraphCompactionCheckpointBindingRenewalAndResumption/protobuf-v1/normal
    graph_compaction_checkpoint_test.go:319: BOUND_COMPACTION mode=normal renewal_batches=0 verification_batches=10 retained_from=9 readers=0 checkpoint_bytes=3972
=== RUN   TestGraphCompactionCheckpointBindingRenewalAndResumption/protobuf-v1/renew
    graph_compaction_checkpoint_test.go:319: BOUND_COMPACTION mode=renew renewal_batches=11 verification_batches=10 retained_from=9 readers=0 checkpoint_bytes=4006
=== RUN   TestGraphCompactionCheckpointBindingRenewalAndResumption/protobuf-v1/renew-drop
    graph_compaction_checkpoint_test.go:319: BOUND_COMPACTION mode=renew-drop renewal_batches=11 verification_batches=10 retained_from=9 readers=0 checkpoint_bytes=4006
=== RUN   TestGraphCompactionCheckpointBindingRenewalAndResumption/protobuf-v1/renew-lost
    graph_compaction_checkpoint_test.go:319: BOUND_COMPACTION mode=renew-lost renewal_batches=11 verification_batches=10 retained_from=9 readers=0 checkpoint_bytes=4006
=== RUN   TestGraphCompactionCheckpointBindingRenewalAndResumption/protobuf-v1/verify
    graph_compaction_checkpoint_test.go:319: BOUND_COMPACTION mode=verify renewal_batches=0 verification_batches=10 retained_from=9 readers=0 checkpoint_bytes=4641
=== RUN   TestGraphCompactionCheckpointBindingRenewalAndResumption/protobuf-v1/verify-renew-live
    graph_compaction_checkpoint_test.go:319: BOUND_COMPACTION mode=verify-renew-live renewal_batches=18 verification_batches=9 retained_from=9 readers=0 checkpoint_bytes=4675
=== RUN   TestGraphCompactionCheckpointBindingRenewalAndResumption/protobuf-v1/verify-renew-resume
    graph_compaction_checkpoint_test.go:319: BOUND_COMPACTION mode=verify-renew-resume renewal_batches=18 verification_batches=10 retained_from=9 readers=0 checkpoint_bytes=4675
=== RUN   TestGraphCompactionCheckpointBindingRenewalAndResumption/protobuf-v1/verify-renew-lost
    graph_compaction_checkpoint_test.go:319: BOUND_COMPACTION mode=verify-renew-lost renewal_batches=18 verification_batches=10 retained_from=9 readers=0 checkpoint_bytes=4675
=== RUN   TestGraphCompactionCheckpointBindingRenewalAndResumption/protobuf-v1/every-batch
    graph_compaction_checkpoint_test.go:319: BOUND_COMPACTION mode=every-batch renewal_batches=0 verification_batches=10 retained_from=9 readers=0 checkpoint_bytes=3972
=== RUN   TestGraphCompactionCheckpointBindingRenewalAndResumption/protobuf-v1/type
=== RUN   TestGraphCompactionCheckpointBindingRenewalAndResumption/protobuf-v1/id
=== RUN   TestGraphCompactionCheckpointBindingRenewalAndResumption/protobuf-v1/runtime
=== RUN   TestGraphCompactionCheckpointBindingRenewalAndResumption/protobuf-v1/tail
=== RUN   TestGraphCompactionCheckpointBindingRenewalAndResumption/protobuf-v1/application
=== RUN   TestGraphCompactionCheckpointBindingRenewalAndResumption/protobuf-v1/cut
=== RUN   TestGraphCompactionCheckpointBindingRenewalAndResumption/protobuf-v1/limit
=== RUN   TestGraphCompactionCheckpointBindingRenewalAndResumption/protobuf-v1/append
=== RUN   TestGraphCompactionCheckpointBindingRenewalAndResumption/protobuf-v1/reader
=== RUN   TestGraphCompactionCheckpointBindingRenewalAndResumption/protobuf-v1/retire
=== RUN   TestGraphCompactionCheckpointBindingRenewalAndResumption/protobuf-v1/collector
--- PASS: TestGraphCompactionCheckpointBindingRenewalAndResumption (8.14s)
    --- PASS: TestGraphCompactionCheckpointBindingRenewalAndResumption/json/normal (0.16s)
    --- PASS: TestGraphCompactionCheckpointBindingRenewalAndResumption/json/renew (0.35s)
    --- PASS: TestGraphCompactionCheckpointBindingRenewalAndResumption/json/renew-drop (0.30s)
    --- PASS: TestGraphCompactionCheckpointBindingRenewalAndResumption/json/renew-lost (0.29s)
    --- PASS: TestGraphCompactionCheckpointBindingRenewalAndResumption/json/verify (0.23s)
    --- PASS: TestGraphCompactionCheckpointBindingRenewalAndResumption/json/verify-renew-live (0.33s)
    --- PASS: TestGraphCompactionCheckpointBindingRenewalAndResumption/json/verify-renew-resume (0.37s)
    --- PASS: TestGraphCompactionCheckpointBindingRenewalAndResumption/json/verify-renew-lost (0.42s)
    --- PASS: TestGraphCompactionCheckpointBindingRenewalAndResumption/json/every-batch (0.26s)
    --- PASS: TestGraphCompactionCheckpointBindingRenewalAndResumption/json/type (0.12s)
    --- PASS: TestGraphCompactionCheckpointBindingRenewalAndResumption/json/id (0.12s)
    --- PASS: TestGraphCompactionCheckpointBindingRenewalAndResumption/json/runtime (0.12s)
    --- PASS: TestGraphCompactionCheckpointBindingRenewalAndResumption/json/tail (0.10s)
    --- PASS: TestGraphCompactionCheckpointBindingRenewalAndResumption/json/application (0.12s)
    --- PASS: TestGraphCompactionCheckpointBindingRenewalAndResumption/json/cut (0.11s)
    --- PASS: TestGraphCompactionCheckpointBindingRenewalAndResumption/json/limit (0.12s)
    --- PASS: TestGraphCompactionCheckpointBindingRenewalAndResumption/json/append (0.12s)
    --- PASS: TestGraphCompactionCheckpointBindingRenewalAndResumption/json/reader (0.12s)
    --- PASS: TestGraphCompactionCheckpointBindingRenewalAndResumption/json/retire (0.13s)
    --- PASS: TestGraphCompactionCheckpointBindingRenewalAndResumption/json/collector (0.15s)
    --- PASS: TestGraphCompactionCheckpointBindingRenewalAndResumption/protobuf-v1/normal (0.20s)
    --- PASS: TestGraphCompactionCheckpointBindingRenewalAndResumption/protobuf-v1/renew (0.30s)
    --- PASS: TestGraphCompactionCheckpointBindingRenewalAndResumption/protobuf-v1/renew-drop (0.35s)
    --- PASS: TestGraphCompactionCheckpointBindingRenewalAndResumption/protobuf-v1/renew-lost (0.31s)
    --- PASS: TestGraphCompactionCheckpointBindingRenewalAndResumption/protobuf-v1/verify (0.24s)
    --- PASS: TestGraphCompactionCheckpointBindingRenewalAndResumption/protobuf-v1/verify-renew-live (0.37s)
    --- PASS: TestGraphCompactionCheckpointBindingRenewalAndResumption/protobuf-v1/verify-renew-resume (0.35s)
    --- PASS: TestGraphCompactionCheckpointBindingRenewalAndResumption/protobuf-v1/verify-renew-lost (0.38s)
    --- PASS: TestGraphCompactionCheckpointBindingRenewalAndResumption/protobuf-v1/every-batch (0.29s)
    --- PASS: TestGraphCompactionCheckpointBindingRenewalAndResumption/protobuf-v1/type (0.13s)
    --- PASS: TestGraphCompactionCheckpointBindingRenewalAndResumption/protobuf-v1/id (0.13s)
    --- PASS: TestGraphCompactionCheckpointBindingRenewalAndResumption/protobuf-v1/runtime (0.11s)
    --- PASS: TestGraphCompactionCheckpointBindingRenewalAndResumption/protobuf-v1/tail (0.11s)
    --- PASS: TestGraphCompactionCheckpointBindingRenewalAndResumption/protobuf-v1/application (0.12s)
    --- PASS: TestGraphCompactionCheckpointBindingRenewalAndResumption/protobuf-v1/cut (0.11s)
    --- PASS: TestGraphCompactionCheckpointBindingRenewalAndResumption/protobuf-v1/limit (0.13s)
    --- PASS: TestGraphCompactionCheckpointBindingRenewalAndResumption/protobuf-v1/append (0.11s)
    --- PASS: TestGraphCompactionCheckpointBindingRenewalAndResumption/protobuf-v1/reader (0.09s)
    --- PASS: TestGraphCompactionCheckpointBindingRenewalAndResumption/protobuf-v1/retire (0.13s)
    --- PASS: TestGraphCompactionCheckpointBindingRenewalAndResumption/protobuf-v1/collector (0.14s)
=== RUN   TestGraphCompactionStoredCheckpointCASAndRecovery
=== RUN   TestGraphCompactionStoredCheckpointCASAndRecovery/json/healthy
    graph_compaction_storage_test.go:329: STORED_COMPACTION mode=healthy verify_batches=10 renewal_batches=0 revision=1 readers=0
=== RUN   TestGraphCompactionStoredCheckpointCASAndRecovery/json/missing
=== RUN   TestGraphCompactionStoredCheckpointCASAndRecovery/json/create-drop
=== RUN   TestGraphCompactionStoredCheckpointCASAndRecovery/json/create-lost
=== RUN   TestGraphCompactionStoredCheckpointCASAndRecovery/json/update-drop
    graph_compaction_storage_test.go:329: STORED_COMPACTION mode=update-drop verify_batches=10 renewal_batches=0 revision=1 readers=0
=== RUN   TestGraphCompactionStoredCheckpointCASAndRecovery/json/update-lost
    graph_compaction_storage_test.go:329: STORED_COMPACTION mode=update-lost verify_batches=10 renewal_batches=0 revision=2 readers=0
=== RUN   TestGraphCompactionStoredCheckpointCASAndRecovery/json/delete-drop
=== RUN   TestGraphCompactionStoredCheckpointCASAndRecovery/json/delete-lost
=== RUN   TestGraphCompactionStoredCheckpointCASAndRecovery/json/stale-writer
    graph_compaction_storage_test.go:329: STORED_COMPACTION mode=stale-writer verify_batches=10 renewal_batches=0 revision=2 readers=0
=== RUN   TestGraphCompactionStoredCheckpointCASAndRecovery/json/stale-read
    graph_compaction_storage_test.go:329: STORED_COMPACTION mode=stale-read verify_batches=10 renewal_batches=0 revision=2 readers=0
=== RUN   TestGraphCompactionStoredCheckpointCASAndRecovery/json/read-lost
=== RUN   TestGraphCompactionStoredCheckpointCASAndRecovery/json/corrupt
=== RUN   TestGraphCompactionStoredCheckpointCASAndRecovery/json/expired
=== RUN   TestGraphCompactionStoredCheckpointCASAndRecovery/json/source-change
=== RUN   TestGraphCompactionStoredCheckpointCASAndRecovery/json/pending-renewal
    graph_compaction_storage_test.go:329: STORED_COMPACTION mode=pending-renewal verify_batches=10 renewal_batches=11 revision=2 readers=0
=== RUN   TestGraphCompactionStoredCheckpointCASAndRecovery/json/pending-renewal-lost
    graph_compaction_storage_test.go:329: STORED_COMPACTION mode=pending-renewal-lost verify_batches=10 renewal_batches=11 revision=2 readers=0
=== RUN   TestGraphCompactionStoredCheckpointCASAndRecovery/json/verify-progress
    graph_compaction_storage_test.go:329: STORED_COMPACTION mode=verify-progress verify_batches=10 renewal_batches=0 revision=2 readers=0
=== RUN   TestGraphCompactionStoredCheckpointCASAndRecovery/json/cancel
=== RUN   TestGraphCompactionStoredCheckpointCASAndRecovery/protobuf-v1/healthy
    graph_compaction_storage_test.go:329: STORED_COMPACTION mode=healthy verify_batches=10 renewal_batches=0 revision=1 readers=0
=== RUN   TestGraphCompactionStoredCheckpointCASAndRecovery/protobuf-v1/missing
=== RUN   TestGraphCompactionStoredCheckpointCASAndRecovery/protobuf-v1/create-drop
=== RUN   TestGraphCompactionStoredCheckpointCASAndRecovery/protobuf-v1/create-lost
=== RUN   TestGraphCompactionStoredCheckpointCASAndRecovery/protobuf-v1/update-drop
    graph_compaction_storage_test.go:329: STORED_COMPACTION mode=update-drop verify_batches=10 renewal_batches=0 revision=1 readers=0
=== RUN   TestGraphCompactionStoredCheckpointCASAndRecovery/protobuf-v1/update-lost
    graph_compaction_storage_test.go:329: STORED_COMPACTION mode=update-lost verify_batches=10 renewal_batches=0 revision=2 readers=0
=== RUN   TestGraphCompactionStoredCheckpointCASAndRecovery/protobuf-v1/delete-drop
=== RUN   TestGraphCompactionStoredCheckpointCASAndRecovery/protobuf-v1/delete-lost
=== RUN   TestGraphCompactionStoredCheckpointCASAndRecovery/protobuf-v1/stale-writer
    graph_compaction_storage_test.go:329: STORED_COMPACTION mode=stale-writer verify_batches=10 renewal_batches=0 revision=2 readers=0
=== RUN   TestGraphCompactionStoredCheckpointCASAndRecovery/protobuf-v1/stale-read
    graph_compaction_storage_test.go:329: STORED_COMPACTION mode=stale-read verify_batches=10 renewal_batches=0 revision=2 readers=0
=== RUN   TestGraphCompactionStoredCheckpointCASAndRecovery/protobuf-v1/read-lost
=== RUN   TestGraphCompactionStoredCheckpointCASAndRecovery/protobuf-v1/corrupt
=== RUN   TestGraphCompactionStoredCheckpointCASAndRecovery/protobuf-v1/expired
=== RUN   TestGraphCompactionStoredCheckpointCASAndRecovery/protobuf-v1/source-change
=== RUN   TestGraphCompactionStoredCheckpointCASAndRecovery/protobuf-v1/pending-renewal
    graph_compaction_storage_test.go:329: STORED_COMPACTION mode=pending-renewal verify_batches=10 renewal_batches=11 revision=2 readers=0
=== RUN   TestGraphCompactionStoredCheckpointCASAndRecovery/protobuf-v1/pending-renewal-lost
    graph_compaction_storage_test.go:329: STORED_COMPACTION mode=pending-renewal-lost verify_batches=10 renewal_batches=11 revision=2 readers=0
=== RUN   TestGraphCompactionStoredCheckpointCASAndRecovery/protobuf-v1/verify-progress
    graph_compaction_storage_test.go:329: STORED_COMPACTION mode=verify-progress verify_batches=10 renewal_batches=0 revision=2 readers=0
=== RUN   TestGraphCompactionStoredCheckpointCASAndRecovery/protobuf-v1/cancel
--- PASS: TestGraphCompactionStoredCheckpointCASAndRecovery (12.17s)
    --- PASS: TestGraphCompactionStoredCheckpointCASAndRecovery/json/healthy (0.20s)
    --- PASS: TestGraphCompactionStoredCheckpointCASAndRecovery/json/missing (0.12s)
    --- PASS: TestGraphCompactionStoredCheckpointCASAndRecovery/json/create-drop (0.14s)
    --- PASS: TestGraphCompactionStoredCheckpointCASAndRecovery/json/create-lost (0.12s)
    --- PASS: TestGraphCompactionStoredCheckpointCASAndRecovery/json/update-drop (0.21s)
    --- PASS: TestGraphCompactionStoredCheckpointCASAndRecovery/json/update-lost (0.18s)
    --- PASS: TestGraphCompactionStoredCheckpointCASAndRecovery/json/delete-drop (0.12s)
    --- PASS: TestGraphCompactionStoredCheckpointCASAndRecovery/json/delete-lost (0.16s)
    --- PASS: TestGraphCompactionStoredCheckpointCASAndRecovery/json/stale-writer (0.19s)
    --- PASS: TestGraphCompactionStoredCheckpointCASAndRecovery/json/stale-read (0.43s)
    --- PASS: TestGraphCompactionStoredCheckpointCASAndRecovery/json/read-lost (0.30s)
    --- PASS: TestGraphCompactionStoredCheckpointCASAndRecovery/json/corrupt (0.18s)
    --- PASS: TestGraphCompactionStoredCheckpointCASAndRecovery/json/expired (0.24s)
    --- PASS: TestGraphCompactionStoredCheckpointCASAndRecovery/json/source-change (0.31s)
    --- PASS: TestGraphCompactionStoredCheckpointCASAndRecovery/json/pending-renewal (0.46s)
    --- PASS: TestGraphCompactionStoredCheckpointCASAndRecovery/json/pending-renewal-lost (0.83s)
    --- PASS: TestGraphCompactionStoredCheckpointCASAndRecovery/json/verify-progress (0.68s)
    --- PASS: TestGraphCompactionStoredCheckpointCASAndRecovery/json/cancel (0.27s)
    --- PASS: TestGraphCompactionStoredCheckpointCASAndRecovery/protobuf-v1/healthy (0.65s)
    --- PASS: TestGraphCompactionStoredCheckpointCASAndRecovery/protobuf-v1/missing (0.39s)
    --- PASS: TestGraphCompactionStoredCheckpointCASAndRecovery/protobuf-v1/create-drop (0.29s)
    --- PASS: TestGraphCompactionStoredCheckpointCASAndRecovery/protobuf-v1/create-lost (0.21s)
    --- PASS: TestGraphCompactionStoredCheckpointCASAndRecovery/protobuf-v1/update-drop (0.90s)
    --- PASS: TestGraphCompactionStoredCheckpointCASAndRecovery/protobuf-v1/update-lost (0.69s)
    --- PASS: TestGraphCompactionStoredCheckpointCASAndRecovery/protobuf-v1/delete-drop (0.23s)
    --- PASS: TestGraphCompactionStoredCheckpointCASAndRecovery/protobuf-v1/delete-lost (0.24s)
    --- PASS: TestGraphCompactionStoredCheckpointCASAndRecovery/protobuf-v1/stale-writer (0.44s)
    --- PASS: TestGraphCompactionStoredCheckpointCASAndRecovery/protobuf-v1/stale-read (0.36s)
    --- PASS: TestGraphCompactionStoredCheckpointCASAndRecovery/protobuf-v1/read-lost (0.16s)
    --- PASS: TestGraphCompactionStoredCheckpointCASAndRecovery/protobuf-v1/corrupt (0.48s)
    --- PASS: TestGraphCompactionStoredCheckpointCASAndRecovery/protobuf-v1/expired (0.26s)
    --- PASS: TestGraphCompactionStoredCheckpointCASAndRecovery/protobuf-v1/source-change (0.20s)
    --- PASS: TestGraphCompactionStoredCheckpointCASAndRecovery/protobuf-v1/pending-renewal (0.34s)
    --- PASS: TestGraphCompactionStoredCheckpointCASAndRecovery/protobuf-v1/pending-renewal-lost (0.58s)
    --- PASS: TestGraphCompactionStoredCheckpointCASAndRecovery/protobuf-v1/verify-progress (0.37s)
    --- PASS: TestGraphCompactionStoredCheckpointCASAndRecovery/protobuf-v1/cancel (0.22s)
=== RUN   TestGraphCompactionSeparateIntentLifetime
=== RUN   TestGraphCompactionSeparateIntentLifetime/json/default
=== RUN   TestGraphCompactionSeparateIntentLifetime/json/inherit
=== RUN   TestGraphCompactionSeparateIntentLifetime/json/long
=== RUN   TestGraphCompactionSeparateIntentLifetime/json/short
=== RUN   TestGraphCompactionSeparateIntentLifetime/protobuf-v1/default
=== RUN   TestGraphCompactionSeparateIntentLifetime/protobuf-v1/inherit
=== RUN   TestGraphCompactionSeparateIntentLifetime/protobuf-v1/long
=== RUN   TestGraphCompactionSeparateIntentLifetime/protobuf-v1/short
--- PASS: TestGraphCompactionSeparateIntentLifetime (2.29s)
    --- PASS: TestGraphCompactionSeparateIntentLifetime/json/default (0.19s)
    --- PASS: TestGraphCompactionSeparateIntentLifetime/json/inherit (0.24s)
    --- PASS: TestGraphCompactionSeparateIntentLifetime/json/long (0.28s)
    --- PASS: TestGraphCompactionSeparateIntentLifetime/json/short (0.33s)
    --- PASS: TestGraphCompactionSeparateIntentLifetime/protobuf-v1/default (0.26s)
    --- PASS: TestGraphCompactionSeparateIntentLifetime/protobuf-v1/inherit (0.34s)
    --- PASS: TestGraphCompactionSeparateIntentLifetime/protobuf-v1/long (0.29s)
    --- PASS: TestGraphCompactionSeparateIntentLifetime/protobuf-v1/short (0.36s)
=== RUN   TestGraphCompactionNegativeIntentLifetime
--- PASS: TestGraphCompactionNegativeIntentLifetime (0.00s)
PASS
ok  	js-wf/journal	23.701s
