=== RUN   TestNativeGraphCompactionLifetimeForwarding
--- PASS: TestNativeGraphCompactionLifetimeForwarding (0.09s)
=== RUN   TestGraphCompactionSeparateIntentLifetime
=== RUN   TestGraphCompactionSeparateIntentLifetime/json/default
=== RUN   TestGraphCompactionSeparateIntentLifetime/json/inherit
=== RUN   TestGraphCompactionSeparateIntentLifetime/json/long
=== RUN   TestGraphCompactionSeparateIntentLifetime/json/short
=== RUN   TestGraphCompactionSeparateIntentLifetime/protobuf-v1/default
=== RUN   TestGraphCompactionSeparateIntentLifetime/protobuf-v1/inherit
=== RUN   TestGraphCompactionSeparateIntentLifetime/protobuf-v1/long
=== RUN   TestGraphCompactionSeparateIntentLifetime/protobuf-v1/short
--- PASS: TestGraphCompactionSeparateIntentLifetime (0.95s)
    --- PASS: TestGraphCompactionSeparateIntentLifetime/json/default (0.13s)
    --- PASS: TestGraphCompactionSeparateIntentLifetime/json/inherit (0.19s)
    --- PASS: TestGraphCompactionSeparateIntentLifetime/json/long (0.10s)
    --- PASS: TestGraphCompactionSeparateIntentLifetime/json/short (0.11s)
    --- PASS: TestGraphCompactionSeparateIntentLifetime/protobuf-v1/default (0.09s)
    --- PASS: TestGraphCompactionSeparateIntentLifetime/protobuf-v1/inherit (0.11s)
    --- PASS: TestGraphCompactionSeparateIntentLifetime/protobuf-v1/long (0.11s)
    --- PASS: TestGraphCompactionSeparateIntentLifetime/protobuf-v1/short (0.11s)
PASS
ok  	js-wf/journal	2.064s
