=== RUN   TestGraphPrefixCompactionStageBatchesAndResumption
=== RUN   TestGraphPrefixCompactionStageBatchesAndResumption/normal
    compaction_stage_test.go:58: partial publication or unbounded work true <nil> 12
=== RUN   TestGraphPrefixCompactionStageBatchesAndResumption/resume-every-record
    compaction_stage_test.go:58: partial publication or unbounded work true <nil> 12
=== RUN   TestGraphPrefixCompactionStageBatchesAndResumption/inherited-archive
    compaction_stage_test.go:58: partial publication or unbounded work true <nil> 10
=== RUN   TestGraphPrefixCompactionStageBatchesAndResumption/cancel
    compaction_stage_test.go:58: partial publication or unbounded work true <nil> 12
=== RUN   TestGraphPrefixCompactionStageBatchesAndResumption/put-drop
    compaction_stage_test.go:58: partial publication or unbounded work true <nil> 12
=== RUN   TestGraphPrefixCompactionStageBatchesAndResumption/put-lost
    compaction_stage_test.go:58: partial publication or unbounded work true <nil> 12
=== RUN   TestGraphPrefixCompactionStageBatchesAndResumption/ready-lost
    compaction_stage_test.go:58: partial publication or unbounded work true <nil> 12
=== RUN   TestGraphPrefixCompactionStageBatchesAndResumption/append
    compaction_stage_test.go:58: partial publication or unbounded work true <nil> 12
=== RUN   TestGraphPrefixCompactionStageBatchesAndResumption/retire
    compaction_stage_test.go:58: partial publication or unbounded work true <nil> 12
=== RUN   TestGraphPrefixCompactionStageBatchesAndResumption/reader
    compaction_stage_test.go:58: partial publication or unbounded work true <nil> 12
=== RUN   TestGraphPrefixCompactionStageBatchesAndResumption/collector
    compaction_stage_test.go:58: partial publication or unbounded work true <nil> 12
=== RUN   TestGraphPrefixCompactionStageBatchesAndResumption/stale-target
    compaction_stage_test.go:58: partial publication or unbounded work true <nil> 12
--- FAIL: TestGraphPrefixCompactionStageBatchesAndResumption (0.08s)
    --- FAIL: TestGraphPrefixCompactionStageBatchesAndResumption/normal (0.04s)
    --- FAIL: TestGraphPrefixCompactionStageBatchesAndResumption/resume-every-record (0.01s)
    --- FAIL: TestGraphPrefixCompactionStageBatchesAndResumption/inherited-archive (0.01s)
    --- FAIL: TestGraphPrefixCompactionStageBatchesAndResumption/cancel (0.00s)
    --- FAIL: TestGraphPrefixCompactionStageBatchesAndResumption/put-drop (0.00s)
    --- FAIL: TestGraphPrefixCompactionStageBatchesAndResumption/put-lost (0.00s)
    --- FAIL: TestGraphPrefixCompactionStageBatchesAndResumption/ready-lost (0.00s)
    --- FAIL: TestGraphPrefixCompactionStageBatchesAndResumption/append (0.00s)
    --- FAIL: TestGraphPrefixCompactionStageBatchesAndResumption/retire (0.00s)
    --- FAIL: TestGraphPrefixCompactionStageBatchesAndResumption/reader (0.00s)
    --- FAIL: TestGraphPrefixCompactionStageBatchesAndResumption/collector (0.00s)
    --- FAIL: TestGraphPrefixCompactionStageBatchesAndResumption/stale-target (0.00s)
FAIL
FAIL	js-wf/internal/graphpublication	0.090s
FAIL
