=== RUN   TestNativeSnapshotRetainedGraph
=== RUN   TestNativeSnapshotRetainedGraph/R1
=== RUN   TestNativeSnapshotRetainedGraph/R3
--- PASS: TestNativeSnapshotRetainedGraph (2.96s)
    --- PASS: TestNativeSnapshotRetainedGraph/R1 (0.42s)
    --- PASS: TestNativeSnapshotRetainedGraph/R3 (2.54s)
=== RUN   TestNativeCheckpointSnapshotPromiseGraph
=== RUN   TestNativeCheckpointSnapshotPromiseGraph/R1
=== RUN   TestNativeCheckpointSnapshotPromiseGraph/R3
--- PASS: TestNativeCheckpointSnapshotPromiseGraph (2.57s)
    --- PASS: TestNativeCheckpointSnapshotPromiseGraph/R1 (0.35s)
    --- PASS: TestNativeCheckpointSnapshotPromiseGraph/R3 (2.22s)
=== RUN   TestNativeSnapshotPublicationFencedWhilePaused
=== RUN   TestNativeSnapshotPublicationFencedWhilePaused/R1
=== RUN   TestNativeSnapshotPublicationFencedWhilePaused/R3
--- PASS: TestNativeSnapshotPublicationFencedWhilePaused (2.29s)
    --- PASS: TestNativeSnapshotPublicationFencedWhilePaused/R1 (0.25s)
    --- PASS: TestNativeSnapshotPublicationFencedWhilePaused/R3 (2.04s)
=== RUN   TestNativeSnapshotWholeReadRetriesReplacement
--- PASS: TestNativeSnapshotWholeReadRetriesReplacement (0.24s)
=== RUN   TestNativeSnapshotImportLegacy
=== RUN   TestNativeSnapshotImportLegacy/R1
=== RUN   TestNativeSnapshotImportLegacy/R3
--- PASS: TestNativeSnapshotImportLegacy (2.01s)
    --- PASS: TestNativeSnapshotImportLegacy/R1 (0.20s)
    --- PASS: TestNativeSnapshotImportLegacy/R3 (1.81s)
=== RUN   TestNativeSnapshotMissingDependencyDoesNotPublish
--- PASS: TestNativeSnapshotMissingDependencyDoesNotPublish (0.17s)
=== RUN   TestNativeSnapshotMissingCanonicalBytesFailClosed
--- PASS: TestNativeSnapshotMissingCanonicalBytesFailClosed (2.13s)
=== RUN   TestNativeSnapshotArchivedCheckpointPromise
--- PASS: TestNativeSnapshotArchivedCheckpointPromise (0.27s)
=== RUN   TestNativeCheckpointImportRejectsWrongLiveAnchor
--- PASS: TestNativeCheckpointImportRejectsWrongLiveAnchor (0.19s)
PASS
ok  	js-wf/journal	13.878s
