=== RUN   TestRawGraphEveryCheckpointHistory
=== RUN   TestRawGraphEveryCheckpointHistory/json/historical-valid
=== RUN   TestRawGraphEveryCheckpointHistory/json/historical-state
=== RUN   TestRawGraphEveryCheckpointHistory/json/historical-anchor
=== RUN   TestRawGraphEveryCheckpointHistory/json/historical-locals
=== RUN   TestRawGraphEveryCheckpointHistory/json/historical-cursor
=== RUN   TestRawGraphEveryCheckpointHistory/json/historical-timer
=== RUN   TestRawGraphEveryCheckpointHistory/json/historical-metadata
=== RUN   TestRawGraphEveryCheckpointHistory/protobuf-v1/historical-valid
=== RUN   TestRawGraphEveryCheckpointHistory/protobuf-v1/historical-state
=== RUN   TestRawGraphEveryCheckpointHistory/protobuf-v1/historical-anchor
=== RUN   TestRawGraphEveryCheckpointHistory/protobuf-v1/historical-locals
=== RUN   TestRawGraphEveryCheckpointHistory/protobuf-v1/historical-cursor
=== RUN   TestRawGraphEveryCheckpointHistory/protobuf-v1/historical-timer
=== RUN   TestRawGraphEveryCheckpointHistory/protobuf-v1/historical-metadata
--- PASS: TestRawGraphEveryCheckpointHistory (0.17s)
    --- PASS: TestRawGraphEveryCheckpointHistory/json/historical-valid (0.01s)
    --- PASS: TestRawGraphEveryCheckpointHistory/json/historical-state (0.01s)
    --- PASS: TestRawGraphEveryCheckpointHistory/json/historical-anchor (0.01s)
    --- PASS: TestRawGraphEveryCheckpointHistory/json/historical-locals (0.01s)
    --- PASS: TestRawGraphEveryCheckpointHistory/json/historical-cursor (0.01s)
    --- PASS: TestRawGraphEveryCheckpointHistory/json/historical-timer (0.01s)
    --- PASS: TestRawGraphEveryCheckpointHistory/json/historical-metadata (0.01s)
    --- PASS: TestRawGraphEveryCheckpointHistory/protobuf-v1/historical-valid (0.03s)
    --- PASS: TestRawGraphEveryCheckpointHistory/protobuf-v1/historical-state (0.01s)
    --- PASS: TestRawGraphEveryCheckpointHistory/protobuf-v1/historical-anchor (0.01s)
    --- PASS: TestRawGraphEveryCheckpointHistory/protobuf-v1/historical-locals (0.01s)
    --- PASS: TestRawGraphEveryCheckpointHistory/protobuf-v1/historical-cursor (0.01s)
    --- PASS: TestRawGraphEveryCheckpointHistory/protobuf-v1/historical-timer (0.01s)
    --- PASS: TestRawGraphEveryCheckpointHistory/protobuf-v1/historical-metadata (0.01s)
=== RUN   TestRawGraphCanonicalEnvelope
=== RUN   TestRawGraphCanonicalEnvelope/json/outer-valid
=== RUN   TestRawGraphCanonicalEnvelope/json/outer-whitespace
=== RUN   TestRawGraphCanonicalEnvelope/json/outer-unknown
=== RUN   TestRawGraphCanonicalEnvelope/json/outer-alias
=== RUN   TestRawGraphCanonicalEnvelope/json/outer-duplicate
=== RUN   TestRawGraphCanonicalEnvelope/json/outer-escaped-duplicate
=== RUN   TestRawGraphCanonicalEnvelope/json/outer-generation
=== RUN   TestRawGraphCanonicalEnvelope/json/outer-sequence
=== RUN   TestRawGraphCanonicalEnvelope/json/outer-hash
=== RUN   TestRawGraphCanonicalEnvelope/protobuf-v1/outer-valid
=== RUN   TestRawGraphCanonicalEnvelope/protobuf-v1/outer-whitespace
=== RUN   TestRawGraphCanonicalEnvelope/protobuf-v1/outer-unknown
=== RUN   TestRawGraphCanonicalEnvelope/protobuf-v1/outer-alias
=== RUN   TestRawGraphCanonicalEnvelope/protobuf-v1/outer-duplicate
=== RUN   TestRawGraphCanonicalEnvelope/protobuf-v1/outer-escaped-duplicate
=== RUN   TestRawGraphCanonicalEnvelope/protobuf-v1/outer-generation
=== RUN   TestRawGraphCanonicalEnvelope/protobuf-v1/outer-sequence
=== RUN   TestRawGraphCanonicalEnvelope/protobuf-v1/outer-hash
--- PASS: TestRawGraphCanonicalEnvelope (0.05s)
    --- PASS: TestRawGraphCanonicalEnvelope/json/outer-valid (0.00s)
    --- PASS: TestRawGraphCanonicalEnvelope/json/outer-whitespace (0.00s)
    --- PASS: TestRawGraphCanonicalEnvelope/json/outer-unknown (0.00s)
    --- PASS: TestRawGraphCanonicalEnvelope/json/outer-alias (0.00s)
    --- PASS: TestRawGraphCanonicalEnvelope/json/outer-duplicate (0.00s)
    --- PASS: TestRawGraphCanonicalEnvelope/json/outer-escaped-duplicate (0.00s)
    --- PASS: TestRawGraphCanonicalEnvelope/json/outer-generation (0.00s)
    --- PASS: TestRawGraphCanonicalEnvelope/json/outer-sequence (0.01s)
    --- PASS: TestRawGraphCanonicalEnvelope/json/outer-hash (0.00s)
    --- PASS: TestRawGraphCanonicalEnvelope/protobuf-v1/outer-valid (0.00s)
    --- PASS: TestRawGraphCanonicalEnvelope/protobuf-v1/outer-whitespace (0.00s)
    --- PASS: TestRawGraphCanonicalEnvelope/protobuf-v1/outer-unknown (0.00s)
    --- PASS: TestRawGraphCanonicalEnvelope/protobuf-v1/outer-alias (0.00s)
    --- PASS: TestRawGraphCanonicalEnvelope/protobuf-v1/outer-duplicate (0.00s)
    --- PASS: TestRawGraphCanonicalEnvelope/protobuf-v1/outer-escaped-duplicate (0.00s)
    --- PASS: TestRawGraphCanonicalEnvelope/protobuf-v1/outer-generation (0.00s)
    --- PASS: TestRawGraphCanonicalEnvelope/protobuf-v1/outer-sequence (0.00s)
    --- PASS: TestRawGraphCanonicalEnvelope/protobuf-v1/outer-hash (0.00s)
=== RUN   TestRawGraphTerminalEnvelope
=== RUN   TestRawGraphTerminalEnvelope/json/ordinary
=== RUN   TestRawGraphTerminalEnvelope/json/opaque-result
=== RUN   TestRawGraphTerminalEnvelope/json/failed
=== RUN   TestRawGraphTerminalEnvelope/json/limit-request
=== RUN   TestRawGraphTerminalEnvelope/json/limit-entry
=== RUN   TestRawGraphTerminalEnvelope/json/unknown
=== RUN   TestRawGraphTerminalEnvelope/json/alias
=== RUN   TestRawGraphTerminalEnvelope/json/duplicate-invocation
=== RUN   TestRawGraphTerminalEnvelope/json/escaped-duplicate
=== RUN   TestRawGraphTerminalEnvelope/json/duplicate-result
=== RUN   TestRawGraphTerminalEnvelope/json/duplicate-error
=== RUN   TestRawGraphTerminalEnvelope/json/duplicate-limit-request
=== RUN   TestRawGraphTerminalEnvelope/json/duplicate-limit-entry
=== RUN   TestRawGraphTerminalEnvelope/json/limit-entry-unknown
=== RUN   TestRawGraphTerminalEnvelope/json/limit-entry-alias
=== RUN   TestRawGraphTerminalEnvelope/json/limit-entry-duplicate
=== RUN   TestRawGraphTerminalEnvelope/protobuf-v1/ordinary
=== RUN   TestRawGraphTerminalEnvelope/protobuf-v1/opaque-result
=== RUN   TestRawGraphTerminalEnvelope/protobuf-v1/failed
=== RUN   TestRawGraphTerminalEnvelope/protobuf-v1/limit-request
=== RUN   TestRawGraphTerminalEnvelope/protobuf-v1/limit-entry
=== RUN   TestRawGraphTerminalEnvelope/protobuf-v1/unknown
=== RUN   TestRawGraphTerminalEnvelope/protobuf-v1/alias
=== RUN   TestRawGraphTerminalEnvelope/protobuf-v1/duplicate-invocation
=== RUN   TestRawGraphTerminalEnvelope/protobuf-v1/escaped-duplicate
=== RUN   TestRawGraphTerminalEnvelope/protobuf-v1/duplicate-result
=== RUN   TestRawGraphTerminalEnvelope/protobuf-v1/duplicate-error
=== RUN   TestRawGraphTerminalEnvelope/protobuf-v1/duplicate-limit-request
=== RUN   TestRawGraphTerminalEnvelope/protobuf-v1/duplicate-limit-entry
=== RUN   TestRawGraphTerminalEnvelope/protobuf-v1/limit-entry-unknown
=== RUN   TestRawGraphTerminalEnvelope/protobuf-v1/limit-entry-alias
=== RUN   TestRawGraphTerminalEnvelope/protobuf-v1/limit-entry-duplicate
--- PASS: TestRawGraphTerminalEnvelope (0.15s)
    --- PASS: TestRawGraphTerminalEnvelope/json/ordinary (0.00s)
    --- PASS: TestRawGraphTerminalEnvelope/json/opaque-result (0.00s)
    --- PASS: TestRawGraphTerminalEnvelope/json/failed (0.00s)
    --- PASS: TestRawGraphTerminalEnvelope/json/limit-request (0.00s)
    --- PASS: TestRawGraphTerminalEnvelope/json/limit-entry (0.00s)
    --- PASS: TestRawGraphTerminalEnvelope/json/unknown (0.00s)
    --- PASS: TestRawGraphTerminalEnvelope/json/alias (0.01s)
    --- PASS: TestRawGraphTerminalEnvelope/json/duplicate-invocation (0.00s)
    --- PASS: TestRawGraphTerminalEnvelope/json/escaped-duplicate (0.00s)
    --- PASS: TestRawGraphTerminalEnvelope/json/duplicate-result (0.00s)
    --- PASS: TestRawGraphTerminalEnvelope/json/duplicate-error (0.00s)
    --- PASS: TestRawGraphTerminalEnvelope/json/duplicate-limit-request (0.00s)
    --- PASS: TestRawGraphTerminalEnvelope/json/duplicate-limit-entry (0.01s)
    --- PASS: TestRawGraphTerminalEnvelope/json/limit-entry-unknown (0.00s)
    --- PASS: TestRawGraphTerminalEnvelope/json/limit-entry-alias (0.00s)
    --- PASS: TestRawGraphTerminalEnvelope/json/limit-entry-duplicate (0.00s)
    --- PASS: TestRawGraphTerminalEnvelope/protobuf-v1/ordinary (0.00s)
    --- PASS: TestRawGraphTerminalEnvelope/protobuf-v1/opaque-result (0.00s)
    --- PASS: TestRawGraphTerminalEnvelope/protobuf-v1/failed (0.00s)
    --- PASS: TestRawGraphTerminalEnvelope/protobuf-v1/limit-request (0.00s)
    --- PASS: TestRawGraphTerminalEnvelope/protobuf-v1/limit-entry (0.00s)
    --- PASS: TestRawGraphTerminalEnvelope/protobuf-v1/unknown (0.01s)
    --- PASS: TestRawGraphTerminalEnvelope/protobuf-v1/alias (0.00s)
    --- PASS: TestRawGraphTerminalEnvelope/protobuf-v1/duplicate-invocation (0.00s)
    --- PASS: TestRawGraphTerminalEnvelope/protobuf-v1/escaped-duplicate (0.00s)
    --- PASS: TestRawGraphTerminalEnvelope/protobuf-v1/duplicate-result (0.00s)
    --- PASS: TestRawGraphTerminalEnvelope/protobuf-v1/duplicate-error (0.00s)
    --- PASS: TestRawGraphTerminalEnvelope/protobuf-v1/duplicate-limit-request (0.00s)
    --- PASS: TestRawGraphTerminalEnvelope/protobuf-v1/duplicate-limit-entry (0.01s)
    --- PASS: TestRawGraphTerminalEnvelope/protobuf-v1/limit-entry-unknown (0.01s)
    --- PASS: TestRawGraphTerminalEnvelope/protobuf-v1/limit-entry-alias (0.01s)
    --- PASS: TestRawGraphTerminalEnvelope/protobuf-v1/limit-entry-duplicate (0.01s)
=== RUN   TestNativeRawGraphCheckpointAudit
=== RUN   TestNativeRawGraphCheckpointAudit/R1/indexedfalse
    graph_checkpoint_native_test.go:112: RAW_CHECKPOINT_AUDIT stage=unpublished entries=4 terminals=0 R1 indexed=false
    graph_checkpoint_native_test.go:116: RAW_CHECKPOINT_AUDIT stage=published entries=4 terminals=0 R1 indexed=false
    graph_checkpoint_native_test.go:120: RAW_CHECKPOINT_AUDIT stage=archived entries=4 terminals=0 R1 indexed=false
    graph_checkpoint_native_test.go:130: RAW_CHECKPOINT_AUDIT stage=terminal entries=5 terminals=1 R1 indexed=false
=== RUN   TestNativeRawGraphCheckpointAudit/R1/indexedtrue
    graph_checkpoint_native_test.go:112: RAW_CHECKPOINT_AUDIT stage=unpublished entries=4 terminals=0 R1 indexed=true
    graph_checkpoint_native_test.go:116: RAW_CHECKPOINT_AUDIT stage=published entries=4 terminals=0 R1 indexed=true
    graph_checkpoint_native_test.go:120: RAW_CHECKPOINT_AUDIT stage=archived entries=4 terminals=0 R1 indexed=true
    graph_checkpoint_native_test.go:130: RAW_CHECKPOINT_AUDIT stage=terminal entries=5 terminals=1 R1 indexed=true
=== RUN   TestNativeRawGraphCheckpointAudit/R3/indexedfalse
    graph_checkpoint_native_test.go:112: RAW_CHECKPOINT_AUDIT stage=unpublished entries=4 terminals=0 R3 indexed=false
    graph_checkpoint_native_test.go:116: RAW_CHECKPOINT_AUDIT stage=published entries=4 terminals=0 R3 indexed=false
    graph_checkpoint_native_test.go:120: RAW_CHECKPOINT_AUDIT stage=archived entries=4 terminals=0 R3 indexed=false
    graph_checkpoint_native_test.go:130: RAW_CHECKPOINT_AUDIT stage=terminal entries=5 terminals=1 R3 indexed=false
=== RUN   TestNativeRawGraphCheckpointAudit/R3/indexedtrue
    graph_checkpoint_native_test.go:112: RAW_CHECKPOINT_AUDIT stage=unpublished entries=4 terminals=0 R3 indexed=true
    graph_checkpoint_native_test.go:116: RAW_CHECKPOINT_AUDIT stage=published entries=4 terminals=0 R3 indexed=true
    graph_checkpoint_native_test.go:120: RAW_CHECKPOINT_AUDIT stage=archived entries=4 terminals=0 R3 indexed=true
    graph_checkpoint_native_test.go:130: RAW_CHECKPOINT_AUDIT stage=terminal entries=5 terminals=1 R3 indexed=true
--- PASS: TestNativeRawGraphCheckpointAudit (16.80s)
    --- PASS: TestNativeRawGraphCheckpointAudit/R1/indexedfalse (2.49s)
    --- PASS: TestNativeRawGraphCheckpointAudit/R1/indexedtrue (2.64s)
    --- PASS: TestNativeRawGraphCheckpointAudit/R3/indexedfalse (5.38s)
    --- PASS: TestNativeRawGraphCheckpointAudit/R3/indexedtrue (6.30s)
PASS
ok  	js-wf/integrity	18.222s
