********************************************************************************
WARNING: POSTGRES_HOST_AUTH_METHOD has been set to "trust". This will allow
         anyone with access to the Postgres port to access your database without
         a password, even if POSTGRES_PASSWORD is set. See PostgreSQL
         documentation about "trust":
         https://www.postgresql.org/docs/current/auth-trust.html
         In Docker's default configuration, this is effectively any other
         container on the same system.

         It is not recommended to use POSTGRES_HOST_AUTH_METHOD=trust. Replace
         it with "-e POSTGRES_PASSWORD=password" instead to set a password in
         "docker run".
********************************************************************************
The files belonging to this database system will be owned by user "postgres".
This user must also own the server process.

The database cluster will be initialized with locale "en_US.utf8".
The default database encoding has accordingly been set to "UTF8".
The default text search configuration will be set to "english".

Data page checksums are disabled.

fixing permissions on existing directory /var/lib/postgresql/data ... ok
creating subdirectories ... ok
selecting dynamic shared memory implementation ... posix
selecting default max_connections ... 100
selecting default shared_buffers ... 128MB
selecting default time zone ... UTC
creating configuration files ... ok
running bootstrap script ... ok
sh: locale: not found
2026-10-07 06:02:11.764 UTC [49] WARNING:  no usable system locales were found
performing post-bootstrap initialization ... ok
initdb: warning: enabling "trust" authentication for local connections
initdb: hint: You can change this by editing pg_hba.conf or using the option -A, or --auth-local and --auth-host, the next time you run initdb.
syncing data to disk ... ok


Success. You can now start the database server using:

    pg_ctl -D /var/lib/postgresql/data -l logfile start

waiting for server to start....2026-10-07 06:02:12.764 UTC [73] LOG:  starting PostgreSQL 16.15 on x86_64-pc-linux-musl, compiled by gcc (Alpine 15.2.0) 15.2.0, 64-bit
2026-10-07 06:02:12.766 UTC [73] LOG:  listening on Unix socket "/var/run/postgresql/.s.PGSQL.5432"
2026-10-07 06:02:12.784 UTC [82] LOG:  database system was shut down at 2026-10-07 06:02:12 UTC
2026-10-07 06:02:12.803 UTC [73] LOG:  database system is ready to accept connections
 done
server started
CREATE DATABASE


/usr/local/bin/docker-entrypoint.sh: ignoring /docker-entrypoint-initdb.d/*

waiting for server to shut down...2026-10-07 06:02:12.958 UTC [73] LOG:  received fast shutdown request
.2026-10-07 06:02:12.960 UTC [73] LOG:  aborting any active transactions
2026-10-07 06:02:12.967 UTC [73] LOG:  background worker "logical replication launcher" (PID 85) exited with exit code 1
2026-10-07 06:02:12.969 UTC [80] LOG:  shutting down
2026-10-07 06:02:12.972 UTC [80] LOG:  checkpoint starting: shutdown immediate
2026-10-07 06:02:13.055 UTC [80] LOG:  checkpoint complete: wrote 926 buffers (5.7%); 0 WAL file(s) added, 0 removed, 0 recycled; write=0.033 s, sync=0.044 s, total=0.086 s; sync files=301, longest=0.010 s, average=0.001 s; distance=4283 kB, estimate=4283 kB; lsn=0/1925CD8, redo lsn=0/1925CD8
2026-10-07 06:02:13.070 UTC [73] LOG:  database system is shut down
 done
server stopped

PostgreSQL init process complete; ready for start up.

2026-10-07 06:02:13.202 UTC [1] LOG:  starting PostgreSQL 16.15 on x86_64-pc-linux-musl, compiled by gcc (Alpine 15.2.0) 15.2.0, 64-bit
2026-10-07 06:02:13.203 UTC [1] LOG:  listening on IPv4 address "0.0.0.0", port 5432
2026-10-07 06:02:13.203 UTC [1] LOG:  listening on IPv6 address "::", port 5432
2026-10-07 06:02:13.217 UTC [1] LOG:  listening on Unix socket "/var/run/postgresql/.s.PGSQL.5432"
2026-10-07 06:02:13.224 UTC [101] LOG:  database system was shut down at 2026-10-07 06:02:13 UTC
2026-10-07 06:02:13.240 UTC [1] LOG:  database system is ready to accept connections
2026-10-07 06:03:48.129 UTC [118] FATAL:  terminating connection due to administrator command
