=== RUN   TestRawGraphSignalIndexIndependentPrefixes
=== RUN   TestRawGraphSignalIndexIndependentPrefixes/valid
=== RUN   TestRawGraphSignalIndexIndependentPrefixes/leaf-child
=== RUN   TestRawGraphSignalIndexIndependentPrefixes/node-reserved
=== RUN   TestRawGraphSignalIndexIndependentPrefixes/right-reserved
=== RUN   TestRawGraphSignalIndexIndependentPrefixes/branch-value
=== RUN   TestRawGraphSignalIndexIndependentPrefixes/old-slot-missing
=== RUN   TestRawGraphSignalIndexIndependentPrefixes/magic
=== RUN   TestRawGraphSignalIndexIndependentPrefixes/leaf-key
=== RUN   TestRawGraphSignalIndexIndependentPrefixes/left-reserved
=== RUN   TestRawGraphSignalIndexIndependentPrefixes/same-record-forward
=== RUN   TestRawGraphSignalIndexIndependentPrefixes/wrong-side
=== RUN   TestRawGraphSignalIndexIndependentPrefixes/unreachable-node
=== RUN   TestRawGraphSignalIndexIndependentPrefixes/header-reserved
=== RUN   TestRawGraphSignalIndexIndependentPrefixes/truncated
=== RUN   TestRawGraphSignalIndexIndependentPrefixes/branch-prefix
=== RUN   TestRawGraphSignalIndexIndependentPrefixes/branch-bit-order
=== RUN   TestRawGraphSignalIndexIndependentPrefixes/lost-prefix
=== RUN   TestRawGraphSignalIndexIndependentPrefixes/count
=== RUN   TestRawGraphSignalIndexIndependentPrefixes/leaf-value
=== RUN   TestRawGraphSignalIndexIndependentPrefixes/bit-overflow
=== RUN   TestRawGraphSignalIndexIndependentPrefixes/future-record
=== RUN   TestRawGraphSignalIndexIndependentPrefixes/lost-one-old-key
=== RUN   TestRawGraphSignalIndexIndependentPrefixes/canceled
--- PASS: TestRawGraphSignalIndexIndependentPrefixes (0.00s)
    --- PASS: TestRawGraphSignalIndexIndependentPrefixes/valid (0.00s)
    --- PASS: TestRawGraphSignalIndexIndependentPrefixes/leaf-child (0.00s)
    --- PASS: TestRawGraphSignalIndexIndependentPrefixes/node-reserved (0.00s)
    --- PASS: TestRawGraphSignalIndexIndependentPrefixes/right-reserved (0.00s)
    --- PASS: TestRawGraphSignalIndexIndependentPrefixes/branch-value (0.00s)
    --- PASS: TestRawGraphSignalIndexIndependentPrefixes/old-slot-missing (0.00s)
    --- PASS: TestRawGraphSignalIndexIndependentPrefixes/magic (0.00s)
    --- PASS: TestRawGraphSignalIndexIndependentPrefixes/leaf-key (0.00s)
    --- PASS: TestRawGraphSignalIndexIndependentPrefixes/left-reserved (0.00s)
    --- PASS: TestRawGraphSignalIndexIndependentPrefixes/same-record-forward (0.00s)
    --- PASS: TestRawGraphSignalIndexIndependentPrefixes/wrong-side (0.00s)
    --- PASS: TestRawGraphSignalIndexIndependentPrefixes/unreachable-node (0.00s)
    --- PASS: TestRawGraphSignalIndexIndependentPrefixes/header-reserved (0.00s)
    --- PASS: TestRawGraphSignalIndexIndependentPrefixes/truncated (0.00s)
    --- PASS: TestRawGraphSignalIndexIndependentPrefixes/branch-prefix (0.00s)
    --- PASS: TestRawGraphSignalIndexIndependentPrefixes/branch-bit-order (0.00s)
    --- PASS: TestRawGraphSignalIndexIndependentPrefixes/lost-prefix (0.00s)
    --- PASS: TestRawGraphSignalIndexIndependentPrefixes/count (0.00s)
    --- PASS: TestRawGraphSignalIndexIndependentPrefixes/leaf-value (0.00s)
    --- PASS: TestRawGraphSignalIndexIndependentPrefixes/bit-overflow (0.00s)
    --- PASS: TestRawGraphSignalIndexIndependentPrefixes/future-record (0.00s)
    --- PASS: TestRawGraphSignalIndexIndependentPrefixes/lost-one-old-key (0.00s)
    --- PASS: TestRawGraphSignalIndexIndependentPrefixes/canceled (0.00s)
=== RUN   TestRawGraphSignalIndexProductionPackets
--- PASS: TestRawGraphSignalIndexProductionPackets (0.23s)
=== RUN   TestRawGraphSignalReservationAndBinding
=== RUN   TestRawGraphSignalReservationAndBinding/json
=== RUN   TestRawGraphSignalReservationAndBinding/protobuf-v1
=== RUN   TestRawGraphSignalReservationAndBinding/json/consumed-valid
=== RUN   TestRawGraphSignalReservationAndBinding/protobuf-v1/consumed-valid
=== RUN   TestRawGraphSignalReservationAndBinding/generation
=== RUN   TestRawGraphSignalReservationAndBinding/reservation-index
=== RUN   TestRawGraphSignalReservationAndBinding/name
=== RUN   TestRawGraphSignalReservationAndBinding/key
=== RUN   TestRawGraphSignalReservationAndBinding/size
=== RUN   TestRawGraphSignalReservationAndBinding/body
=== RUN   TestRawGraphSignalReservationAndBinding/token
=== RUN   TestRawGraphSignalReservationAndBinding/binding-input
=== RUN   TestRawGraphSignalReservationAndBinding/binding-index
=== RUN   TestRawGraphSignalReservationAndBinding/source-zero
=== RUN   TestRawGraphSignalReservationAndBinding/source-frontier
=== RUN   TestRawGraphSignalReservationAndBinding/consumption-census
=== RUN   TestRawGraphSignalReservationAndBinding/missing-body
=== RUN   TestRawGraphSignalReservationAndBinding/consumed-index
=== RUN   TestRawGraphSignalReservationAndBinding/consumed-token
=== RUN   TestRawGraphSignalReservationAndBinding/consumed-name
=== RUN   TestRawGraphSignalReservationAndBinding/consumed-sequence
=== RUN   TestRawGraphSignalReservationAndBinding/consumed-ref
=== RUN   TestRawGraphSignalReservationAndBinding/consumed-hash
=== RUN   TestRawGraphSignalReservationAndBinding/consumed-no-marker
=== RUN   TestRawGraphSignalReservationAndBinding/consumed-unowned
=== RUN   TestRawGraphSignalReservationAndBinding/index-magic
=== RUN   TestRawGraphSignalReservationAndBinding/index-key
=== RUN   TestRawGraphSignalReservationAndBinding/index-value
=== RUN   TestRawGraphSignalReservationAndBinding/queue-index-key
--- PASS: TestRawGraphSignalReservationAndBinding (0.32s)
    --- PASS: TestRawGraphSignalReservationAndBinding/json (0.01s)
    --- PASS: TestRawGraphSignalReservationAndBinding/protobuf-v1 (0.01s)
    --- PASS: TestRawGraphSignalReservationAndBinding/json/consumed-valid (0.01s)
    --- PASS: TestRawGraphSignalReservationAndBinding/protobuf-v1/consumed-valid (0.02s)
    --- PASS: TestRawGraphSignalReservationAndBinding/generation (0.01s)
    --- PASS: TestRawGraphSignalReservationAndBinding/reservation-index (0.01s)
    --- PASS: TestRawGraphSignalReservationAndBinding/name (0.01s)
    --- PASS: TestRawGraphSignalReservationAndBinding/key (0.01s)
    --- PASS: TestRawGraphSignalReservationAndBinding/size (0.01s)
    --- PASS: TestRawGraphSignalReservationAndBinding/body (0.01s)
    --- PASS: TestRawGraphSignalReservationAndBinding/token (0.02s)
    --- PASS: TestRawGraphSignalReservationAndBinding/binding-input (0.01s)
    --- PASS: TestRawGraphSignalReservationAndBinding/binding-index (0.01s)
    --- PASS: TestRawGraphSignalReservationAndBinding/source-zero (0.01s)
    --- PASS: TestRawGraphSignalReservationAndBinding/source-frontier (0.01s)
    --- PASS: TestRawGraphSignalReservationAndBinding/consumption-census (0.01s)
    --- PASS: TestRawGraphSignalReservationAndBinding/missing-body (0.01s)
    --- PASS: TestRawGraphSignalReservationAndBinding/consumed-index (0.02s)
    --- PASS: TestRawGraphSignalReservationAndBinding/consumed-token (0.01s)
    --- PASS: TestRawGraphSignalReservationAndBinding/consumed-name (0.02s)
    --- PASS: TestRawGraphSignalReservationAndBinding/consumed-sequence (0.02s)
    --- PASS: TestRawGraphSignalReservationAndBinding/consumed-ref (0.01s)
    --- PASS: TestRawGraphSignalReservationAndBinding/consumed-hash (0.01s)
    --- PASS: TestRawGraphSignalReservationAndBinding/consumed-no-marker (0.01s)
    --- PASS: TestRawGraphSignalReservationAndBinding/consumed-unowned (0.01s)
    --- PASS: TestRawGraphSignalReservationAndBinding/index-magic (0.02s)
    --- PASS: TestRawGraphSignalReservationAndBinding/index-key (0.01s)
    --- PASS: TestRawGraphSignalReservationAndBinding/index-value (0.01s)
    --- PASS: TestRawGraphSignalReservationAndBinding/queue-index-key (0.01s)
PASS
ok  	js-wf/integrity	1.571s
