=== RUN   TestRawGraphSignalIndexIndependentPrefixes
=== RUN   TestRawGraphSignalIndexIndependentPrefixes/valid
=== RUN   TestRawGraphSignalIndexIndependentPrefixes/leaf-value
=== RUN   TestRawGraphSignalIndexIndependentPrefixes/leaf-child
=== RUN   TestRawGraphSignalIndexIndependentPrefixes/node-reserved
=== RUN   TestRawGraphSignalIndexIndependentPrefixes/right-reserved
=== RUN   TestRawGraphSignalIndexIndependentPrefixes/old-slot-missing
=== RUN   TestRawGraphSignalIndexIndependentPrefixes/branch-value
=== RUN   TestRawGraphSignalIndexIndependentPrefixes/wrong-side
=== RUN   TestRawGraphSignalIndexIndependentPrefixes/lost-one-old-key
=== RUN   TestRawGraphSignalIndexIndependentPrefixes/count
=== RUN   TestRawGraphSignalIndexIndependentPrefixes/left-reserved
=== RUN   TestRawGraphSignalIndexIndependentPrefixes/branch-bit-order
=== RUN   TestRawGraphSignalIndexIndependentPrefixes/same-record-forward
=== RUN   TestRawGraphSignalIndexIndependentPrefixes/unreachable-node
=== RUN   TestRawGraphSignalIndexIndependentPrefixes/magic
=== RUN   TestRawGraphSignalIndexIndependentPrefixes/header-reserved
=== RUN   TestRawGraphSignalIndexIndependentPrefixes/truncated
=== RUN   TestRawGraphSignalIndexIndependentPrefixes/leaf-key
=== RUN   TestRawGraphSignalIndexIndependentPrefixes/bit-overflow
=== RUN   TestRawGraphSignalIndexIndependentPrefixes/branch-prefix
=== RUN   TestRawGraphSignalIndexIndependentPrefixes/future-record
=== RUN   TestRawGraphSignalIndexIndependentPrefixes/lost-prefix
=== RUN   TestRawGraphSignalIndexIndependentPrefixes/canceled
--- PASS: TestRawGraphSignalIndexIndependentPrefixes (0.00s)
    --- PASS: TestRawGraphSignalIndexIndependentPrefixes/valid (0.00s)
    --- PASS: TestRawGraphSignalIndexIndependentPrefixes/leaf-value (0.00s)
    --- PASS: TestRawGraphSignalIndexIndependentPrefixes/leaf-child (0.00s)
    --- PASS: TestRawGraphSignalIndexIndependentPrefixes/node-reserved (0.00s)
    --- PASS: TestRawGraphSignalIndexIndependentPrefixes/right-reserved (0.00s)
    --- PASS: TestRawGraphSignalIndexIndependentPrefixes/old-slot-missing (0.00s)
    --- PASS: TestRawGraphSignalIndexIndependentPrefixes/branch-value (0.00s)
    --- PASS: TestRawGraphSignalIndexIndependentPrefixes/wrong-side (0.00s)
    --- PASS: TestRawGraphSignalIndexIndependentPrefixes/lost-one-old-key (0.00s)
    --- PASS: TestRawGraphSignalIndexIndependentPrefixes/count (0.00s)
    --- PASS: TestRawGraphSignalIndexIndependentPrefixes/left-reserved (0.00s)
    --- PASS: TestRawGraphSignalIndexIndependentPrefixes/branch-bit-order (0.00s)
    --- PASS: TestRawGraphSignalIndexIndependentPrefixes/same-record-forward (0.00s)
    --- PASS: TestRawGraphSignalIndexIndependentPrefixes/unreachable-node (0.00s)
    --- PASS: TestRawGraphSignalIndexIndependentPrefixes/magic (0.00s)
    --- PASS: TestRawGraphSignalIndexIndependentPrefixes/header-reserved (0.00s)
    --- PASS: TestRawGraphSignalIndexIndependentPrefixes/truncated (0.00s)
    --- PASS: TestRawGraphSignalIndexIndependentPrefixes/leaf-key (0.00s)
    --- PASS: TestRawGraphSignalIndexIndependentPrefixes/bit-overflow (0.00s)
    --- PASS: TestRawGraphSignalIndexIndependentPrefixes/branch-prefix (0.00s)
    --- PASS: TestRawGraphSignalIndexIndependentPrefixes/future-record (0.00s)
    --- PASS: TestRawGraphSignalIndexIndependentPrefixes/lost-prefix (0.00s)
    --- PASS: TestRawGraphSignalIndexIndependentPrefixes/canceled (0.00s)
PASS
ok  	js-wf/integrity	1.027s
