{
  "accepted": true,
  "source": "02c3506b76b326237c00987f6f31994f833fe0b9",
  "git_verified_inputs": 3321,
  "native_source": "ccc8f190311608e5d768041a05e30770bf2295f4",
  "native_git_verified_inputs": 3312,
  "full_sdk_top_tests": 62,
  "selected_signal_controls": 10,
  "required_negative_failures": 3,
  "directed_cli_controls": 20,
  "legacy_continuation_plugin_pass": true,
  "offline_cli_runs": 106,
  "positive_native_replays": 48,
  "negative_native_objects": 28,
  "negative_native_stages": 20,
  "malformed_new_rejections": 4,
  "malformed_old_acceptances": 4,
  "corpus_passed": 841,
  "initial_corpus_selector_valid": false,
  "supplemental_corpus_go_exit": 0,
  "supplemental_corpus_supervisor_exit": 1,
  "supervisor_exit": 0,
  "reviewed": "2026-10-10T10:34:19.507280+00:00",
  "scope": "Shared SDK child selection and structural provenance; full SDK race suite, corrected source-bound corpus, retained healthy native bundles. Full latest-source seeded/fault/import/rollout and broader original requirements remain open.",
  "evidence_sha256": {
    "wf-events.jsonl": "6348003d8b2e2054484696db09d9f3404fca95e1458de245f00590fc6564d726",
    "events.jsonl": "4da3e13433aa79d535bb545b214cfeadcb33390812e5212ba3e23d43786b9820",
    "selector-disabled.log": "3b4aba0c3b216ac53856ed535ebdb6a20b0fdd398b4ab1fa07d426a0e948d36e",
    "corpus-events.jsonl": "70969f8091938729347a459719218f4a9f626ceceb32837d8e95e04917afb6e5",
    "corpus-corrected-events.jsonl": "3370385d1789157fdb38087de968b6204614ee2315b506d2ca08ccc14c1b746c"
  }
}
