635411 1790827377.488696 pwrite64(19</tmp/TestLeaseContentionDiskContract899823415/001/node-1/jetstream/$SYS/_js_/S-R3F-hZKTLn5G/msgs/1.blk>, "\371\0\0\0\4\0\0\0\0\0\0\0J`A\371\2L\332\30\0\0St9I6EVH\1\0"..., 249, 640) = 249 (DELAYED) <0.085011>
635411 1790827377.574541 --- SIGURG {si_signo=SIGURG, si_code=SI_TKILL, si_pid=635392, si_uid=1000} ---
635396 1790827377.579158 pwrite64(20</tmp/TestLeaseContentionDiskContract899823415/001/node-1/jetstream/$G/streams/KV_LEASE_PROBE/msgs/1.blk>, "\213\0\0\200\3\0\0\0\0\0\0\0j\241@\371\2L\332\30\31\0$KV.LEASE_"..., 139, 278) = 139 (DELAYED) <0.085050>
635396 1790827377.664678 pwrite64(19</tmp/TestLeaseContentionDiskContract899823415/001/node-1/jetstream/$SYS/_js_/S-R3F-hZKTLn5G/msgs/1.blk>, "\371\0\0\0\5\0\0\0\0\0\0\0A\223\276\3\3L\332\30\0\0St9I6EVH\1\0"..., 249, 889) = 249 (DELAYED) <0.085085>
635396 1790827377.749991 --- SIGURG {si_signo=SIGURG, si_code=SI_TKILL, si_pid=635392, si_uid=1000} ---
635397 1790827377.751785 pwrite64(20</tmp/TestLeaseContentionDiskContract899823415/001/node-1/jetstream/$G/streams/KV_LEASE_PROBE/msgs/1.blk>, "\213\0\0\200\4\0\0\0\0\0\0\0\370'\275\3\3L\332\30\31\0$KV.LEASE_"..., 139, 417) = 139 (DELAYED) <0.085113>
635397 1790827377.837171 --- SIGURG {si_signo=SIGURG, si_code=SI_TKILL, si_pid=635392, si_uid=1000} ---
635396 1790827377.837378 pwrite64(19</tmp/TestLeaseContentionDiskContract899823415/001/node-1/jetstream/$SYS/_js_/S-R3F-hZKTLn5G/msgs/1.blk>, "\371\0\0\0\6\0\0\0\0\0\0\0\356\r\n\16\3L\332\30\0\0St9I6EVH\1\0"..., 249, 1138 <unfinished ...>
635397 1790827377.837407 --- SIGURG {si_signo=SIGURG, si_code=SI_TKILL, si_pid=635392, si_uid=1000} ---
635396 1790827377.922434 <... pwrite64 resumed>) = 249 (DELAYED) <0.085029>
635396 1790827377.922645 --- SIGURG {si_signo=SIGURG, si_code=SI_TKILL, si_pid=635392, si_uid=1000} ---
635396 1790827377.923212 --- SIGURG {si_signo=SIGURG, si_code=SI_TKILL, si_pid=635392, si_uid=1000} ---
635411 1790827377.925288 pwrite64(20</tmp/TestLeaseContentionDiskContract899823415/001/node-1/jetstream/$G/streams/KV_LEASE_PROBE/msgs/1.blk>, "\213\0\0\200\5\0\0\0\0\0\0\0\204\317\10\16\3L\332\30\31\0$KV.LEASE_"..., 139, 556) = 139 (DELAYED) <0.084978>
635411 1790827378.010733 pwrite64(19</tmp/TestLeaseContentionDiskContract899823415/001/node-1/jetstream/$SYS/_js_/S-R3F-hZKTLn5G/msgs/1.blk>, "\371\0\0\0\7\0\0\0\0\0\0\0?\331^\30\3L\332\30\0\0St9I6EVH\1\0"..., 249, 1387) = 249 (DELAYED) <0.085135>
635411 1790827378.096001 --- SIGURG {si_signo=SIGURG, si_code=SI_TKILL, si_pid=635392, si_uid=1000} ---
635411 1790827378.096733 --- SIGURG {si_signo=SIGURG, si_code=SI_TKILL, si_pid=635392, si_uid=1000} ---
635411 1790827378.099019 pwrite64(20</tmp/TestLeaseContentionDiskContract899823415/001/node-1/jetstream/$G/streams/KV_LEASE_PROBE/msgs/1.blk>, "\213\0\0\200\6\0\0\0\0\0\0\0\227b^\30\3L\332\30\31\0$KV.LEASE_"..., 139, 695) = 139 (DELAYED) <0.085155>
635411 1790827378.184620 pwrite64(19</tmp/TestLeaseContentionDiskContract899823415/001/node-1/jetstream/$SYS/_js_/S-R3F-hZKTLn5G/msgs/1.blk>, "\371\0\0\0\10\0\0\0\0\0\0\0+-\274\"\3L\332\30\0\0St9I6EVH\1\0"..., 249, 1636) = 249 (DELAYED) <0.085036>
635411 1790827378.269730 --- SIGURG {si_signo=SIGURG, si_code=SI_TKILL, si_pid=635392, si_uid=1000} ---
635411 1790827378.269995 --- SIGURG {si_signo=SIGURG, si_code=SI_TKILL, si_pid=635392, si_uid=1000} ---
635429 1790827378.272128 pwrite64(19</tmp/TestLeaseContentionDiskContract899823415/001/node-1/jetstream/$SYS/_js_/S-R3F-hZKTLn5G/msgs/1.blk>, "\371\0\0\0\t\0\0\0\0\0\0\0~\2\363'\3L\332\30\0\0St9I6EVH\1\0"..., 249, 1885 <unfinished ...>
635411 1790827378.272211 pwrite64(20</tmp/TestLeaseContentionDiskContract899823415/001/node-1/jetstream/$G/streams/KV_LEASE_PROBE/msgs/1.blk>, "\213\0\0\200\7\0\0\0\0\0\0\0\t\241\273\"\3L\332\30\31\0$KV.LEASE_"..., 139, 834 <unfinished ...>
635397 1790827378.314416 --- SIGURG {si_signo=SIGURG, si_code=SI_TKILL, si_pid=635392, si_uid=1000} ---
635397 1790827378.314658 --- SIGURG {si_signo=SIGURG, si_code=SI_TKILL, si_pid=635392, si_uid=1000} ---
635429 1790827378.357281 <... pwrite64 resumed>) = 249 (DELAYED) <0.085094>
635411 1790827378.357342 <... pwrite64 resumed>) = 139 (DELAYED) <0.085120>
635429 1790827378.357579 --- SIGURG {si_signo=SIGURG, si_code=SI_TKILL, si_pid=635392, si_uid=1000} ---
635411 1790827378.360202 pwrite64(19</tmp/TestLeaseContentionDiskContract899823415/001/node-1/jetstream/$SYS/_js_/S-R3F-hZKTLn5G/msgs/1.blk>, "\371\0\0\0\n\0\0\0\0\0\0\0\17\3603-\3L\332\30\0\0St9I6EVH\1\0"..., 249, 2134 <unfinished ...>
635410 1790827378.361599 pwrite64(20</tmp/TestLeaseContentionDiskContract899823415/001/node-1/jetstream/$G/streams/KV_LEASE_PROBE/msgs/1.blk>, "\213\0\0\200\10\0\0\0\0\0\0\0\336\321\362'\3L\332\30\31\0$KV.LEASE_"..., 139, 973 <unfinished ...>
635411 1790827378.445330 <... pwrite64 resumed>) = 249 (DELAYED) <0.085075>
635411 1790827378.446031 --- SIGURG {si_signo=SIGURG, si_code=SI_TKILL, si_pid=635392, si_uid=1000} ---
635410 1790827378.446730 <... pwrite64 resumed>) = 139 (DELAYED) <0.085099>
635430 1790827378.447661 pwrite64(19</tmp/TestLeaseContentionDiskContract899823415/001/node-1/jetstream/$SYS/_js_/S-R3F-hZKTLn5G/msgs/1.blk>, "\371\0\0\0\v\0\0\0\0\0\0\0rbj2\3L\332\30\0\0St9I6EVH\1\0"..., 249, 2383 <unfinished ...>
635397 1790827378.448845 pwrite64(20</tmp/TestLeaseContentionDiskContract899823415/001/node-1/jetstream/$G/streams/KV_LEASE_PROBE/msgs/1.blk>, "\213\0\0\200\t\0\0\0\0\0\0\0s\3203-\3L\332\30\31\0$KV.LEASE_"..., 139, 1112 <unfinished ...>
635430 1790827378.532727 <... pwrite64 resumed>) = 249 (DELAYED) <0.085031>
635430 1790827378.532843 --- SIGURG {si_signo=SIGURG, si_code=SI_TKILL, si_pid=635392, si_uid=1000} ---
635397 1790827378.533892 <... pwrite64 resumed>) = 139 (DELAYED) <0.085030>
635397 1790827378.535252 pwrite64(20</tmp/TestLeaseContentionDiskContract899823415/001/node-1/jetstream/$G/streams/KV_LEASE_PROBE/msgs/1.blk>, "\213\0\0\200\n\0\0\0\0\0\0\0\376Li2\3L\332\30\31\0$KV.LEASE_"..., 139, 1251) = 139 (DELAYED) <0.085067>
635397 1790827378.620679 --- SIGURG {si_signo=SIGURG, si_code=SI_TKILL, si_pid=635392, si_uid=1000} ---
635397 1790827378.621007 pwrite64(19</tmp/TestLeaseContentionDiskContract899823415/001/node-1/jetstream/$SYS/_js_/S-R3F-hZKTLn5G/msgs/1.blk>, "\361\0\0\0\f\0\0\0\0\0\0\0V\10\275<\3L\332\30\0\0St9I6EVH\1\0"..., 241, 2632) = 241 (DELAYED) <0.085139>
635397 1790827378.706282 --- SIGURG {si_signo=SIGURG, si_code=SI_TKILL, si_pid=635392, si_uid=1000} ---
635397 1790827378.707057 --- SIGURG {si_signo=SIGURG, si_code=SI_TKILL, si_pid=635392, si_uid=1000} ---
635413 1790827378.709108 pwrite64(20</tmp/TestLeaseContentionDiskContract899823415/001/node-1/jetstream/$G/streams/KV_LEASE_PROBE/msgs/1.blk>, "\203\0\0\200\v\0\0\0\0\0\0\0 \220\272<\3L\332\30\31\0$KV.LEASE_"..., 131, 1390 <detached ...>
