ok  	js-wf/assignment	0.005s [no tests to run]
ok  	js-wf/client	0.003s [no tests to run]
ok  	js-wf/cmd/wf	0.005s [no tests to run]
ok  	js-wf/cmd/wf-cas-bench	0.004s [no tests to run]
ok  	js-wf/cmd/wf-lint	0.001s [no tests to run]
ok  	js-wf/cmd/wf-scale	0.004s [no tests to run]
ok  	js-wf/cmd/wf-timer-volume	0.003s [no tests to run]
ok  	js-wf/cmd/wf-worker	0.006s [no tests to run]
?   	js-wf/docs/scale/cas-throughput-placement-ci-2026-09-30/follower	[no test files]
?   	js-wf/docs/scale/cas-throughput-placement-ci-2026-09-30/leader	[no test files]
ok  	js-wf/history	0.004s [no tests to run]
?   	js-wf/identity	[no test files]
ok  	js-wf/integration	0.005s [no tests to run]
ok  	js-wf/integrity	0.004s [no tests to run]
ok  	js-wf/internal/checkpoint	0.002s [no tests to run]
?   	js-wf/internal/handlecache	[no test files]
ok  	js-wf/internal/natsutil	0.003s [no tests to run]
?   	js-wf/internal/testworkflow	[no test files]
ok  	js-wf/journal	0.003s [no tests to run]
ok  	js-wf/lease	0.004s [no tests to run]
ok  	js-wf/protocol	0.003s [no tests to run]
?   	js-wf/protocol/v1	[no test files]
ok  	js-wf/provision	0.003s [no tests to run]
ok  	js-wf/reconcile	0.004s [no tests to run]
ok  	js-wf/retention	0.007s [no tests to run]
ok  	js-wf/runtimeclock	0.003s [no tests to run]
?   	js-wf/scripts/protocol-vectors	[no test files]
?   	js-wf/scripts/tier1-seed-inventory	[no test files]
ok  	js-wf/sim	0.004s [no tests to run]
ok  	js-wf/testcluster	0.006s [no tests to run]
ok  	js-wf/visibility	0.004s [no tests to run]
ok  	js-wf/wf	0.003s [no tests to run]
ok  	js-wf/worker	0.004s [no tests to run]
ok  	js-wf/workflowlint	0.001s [no tests to run]
