=== RUN   TestNativeGraphPurgeEveryCommittedStageAndRetainedReader
=== RUN   TestNativeGraphPurgeEveryCommittedStageAndRetainedReader/R1
=== RUN   TestNativeGraphPurgeEveryCommittedStageAndRetainedReader/R1/fence
=== RUN   TestNativeGraphPurgeEveryCommittedStageAndRetainedReader/R1/marker
=== RUN   TestNativeGraphPurgeEveryCommittedStageAndRetainedReader/R1/signals
=== RUN   TestNativeGraphPurgeEveryCommittedStageAndRetainedReader/R1/journal
=== RUN   TestNativeGraphPurgeEveryCommittedStageAndRetainedReader/R1/timers
=== RUN   TestNativeGraphPurgeEveryCommittedStageAndRetainedReader/R1/snapshot
=== RUN   TestNativeGraphPurgeEveryCommittedStageAndRetainedReader/R1/native_timers
=== RUN   TestNativeGraphPurgeEveryCommittedStageAndRetainedReader/R1/graph
=== RUN   TestNativeGraphPurgeEveryCommittedStageAndRetainedReader/R1/tombstone
=== RUN   TestNativeGraphPurgeEveryCommittedStageAndRetainedReader/R1/event
=== RUN   TestNativeGraphPurgeEveryCommittedStageAndRetainedReader/R1/invocation
=== RUN   TestNativeGraphPurgeEveryCommittedStageAndRetainedReader/R3
=== RUN   TestNativeGraphPurgeEveryCommittedStageAndRetainedReader/R3/fence
=== RUN   TestNativeGraphPurgeEveryCommittedStageAndRetainedReader/R3/marker
=== RUN   TestNativeGraphPurgeEveryCommittedStageAndRetainedReader/R3/signals
=== RUN   TestNativeGraphPurgeEveryCommittedStageAndRetainedReader/R3/journal
=== RUN   TestNativeGraphPurgeEveryCommittedStageAndRetainedReader/R3/timers
=== RUN   TestNativeGraphPurgeEveryCommittedStageAndRetainedReader/R3/snapshot
=== RUN   TestNativeGraphPurgeEveryCommittedStageAndRetainedReader/R3/native_timers
=== RUN   TestNativeGraphPurgeEveryCommittedStageAndRetainedReader/R3/graph
=== RUN   TestNativeGraphPurgeEveryCommittedStageAndRetainedReader/R3/tombstone
=== RUN   TestNativeGraphPurgeEveryCommittedStageAndRetainedReader/R3/event
=== RUN   TestNativeGraphPurgeEveryCommittedStageAndRetainedReader/R3/invocation
--- PASS: TestNativeGraphPurgeEveryCommittedStageAndRetainedReader (20.00s)
    --- PASS: TestNativeGraphPurgeEveryCommittedStageAndRetainedReader/R1 (7.46s)
        --- PASS: TestNativeGraphPurgeEveryCommittedStageAndRetainedReader/R1/fence (0.54s)
        --- PASS: TestNativeGraphPurgeEveryCommittedStageAndRetainedReader/R1/marker (0.49s)
        --- PASS: TestNativeGraphPurgeEveryCommittedStageAndRetainedReader/R1/signals (0.50s)
        --- PASS: TestNativeGraphPurgeEveryCommittedStageAndRetainedReader/R1/journal (0.54s)
        --- PASS: TestNativeGraphPurgeEveryCommittedStageAndRetainedReader/R1/timers (0.54s)
        --- PASS: TestNativeGraphPurgeEveryCommittedStageAndRetainedReader/R1/snapshot (0.54s)
        --- PASS: TestNativeGraphPurgeEveryCommittedStageAndRetainedReader/R1/native_timers (0.53s)
        --- PASS: TestNativeGraphPurgeEveryCommittedStageAndRetainedReader/R1/graph (0.57s)
        --- PASS: TestNativeGraphPurgeEveryCommittedStageAndRetainedReader/R1/tombstone (0.53s)
        --- PASS: TestNativeGraphPurgeEveryCommittedStageAndRetainedReader/R1/event (0.55s)
        --- PASS: TestNativeGraphPurgeEveryCommittedStageAndRetainedReader/R1/invocation (0.47s)
    --- PASS: TestNativeGraphPurgeEveryCommittedStageAndRetainedReader/R3 (12.54s)
        --- PASS: TestNativeGraphPurgeEveryCommittedStageAndRetainedReader/R3/fence (0.81s)
        --- PASS: TestNativeGraphPurgeEveryCommittedStageAndRetainedReader/R3/marker (0.80s)
        --- PASS: TestNativeGraphPurgeEveryCommittedStageAndRetainedReader/R3/signals (0.79s)
        --- PASS: TestNativeGraphPurgeEveryCommittedStageAndRetainedReader/R3/journal (0.70s)
        --- PASS: TestNativeGraphPurgeEveryCommittedStageAndRetainedReader/R3/timers (0.71s)
        --- PASS: TestNativeGraphPurgeEveryCommittedStageAndRetainedReader/R3/snapshot (0.71s)
        --- PASS: TestNativeGraphPurgeEveryCommittedStageAndRetainedReader/R3/native_timers (0.81s)
        --- PASS: TestNativeGraphPurgeEveryCommittedStageAndRetainedReader/R3/graph (0.74s)
        --- PASS: TestNativeGraphPurgeEveryCommittedStageAndRetainedReader/R3/tombstone (0.80s)
        --- PASS: TestNativeGraphPurgeEveryCommittedStageAndRetainedReader/R3/event (0.76s)
        --- PASS: TestNativeGraphPurgeEveryCommittedStageAndRetainedReader/R3/invocation (0.69s)
=== RUN   TestPurgeResumesAfterEveryStage
=== RUN   TestPurgeResumesAfterEveryStage/marker
=== RUN   TestPurgeResumesAfterEveryStage/signals
=== RUN   TestPurgeResumesAfterEveryStage/journal
=== RUN   TestPurgeResumesAfterEveryStage/snapshot
=== RUN   TestPurgeResumesAfterEveryStage/tombstone
=== RUN   TestPurgeResumesAfterEveryStage/invocation
--- PASS: TestPurgeResumesAfterEveryStage (0.50s)
    --- PASS: TestPurgeResumesAfterEveryStage/marker (0.08s)
    --- PASS: TestPurgeResumesAfterEveryStage/signals (0.08s)
    --- PASS: TestPurgeResumesAfterEveryStage/journal (0.07s)
    --- PASS: TestPurgeResumesAfterEveryStage/snapshot (0.07s)
    --- PASS: TestPurgeResumesAfterEveryStage/tombstone (0.06s)
    --- PASS: TestPurgeResumesAfterEveryStage/invocation (0.06s)
=== RUN   TestPurgeFallbackTimersByGenerationAndResume
--- PASS: TestPurgeFallbackTimersByGenerationAndResume (0.13s)
=== RUN   TestSweepTombstonesChecksExpiryGenerationAndPurgeOrder
--- PASS: TestSweepTombstonesChecksExpiryGenerationAndPurgeOrder (0.10s)
=== RUN   TestTombstoneScanDrainsPhysicalDeleteMarkers
    tombstone_marker_test.go:89: physical_messages=1 physical_bytes=85 subjects=1 last_seq=65
--- PASS: TestTombstoneScanDrainsPhysicalDeleteMarkers (0.37s)
=== RUN   TestTombstoneMarkerPurgeProtectsConcurrentReuse
=== RUN   TestTombstoneMarkerPurgeProtectsConcurrentReuse/DEL_ack
    tombstone_marker_test.go:220: op=DEL fault=ack marker_seq=2 newer_seq=3 attempts=1
=== RUN   TestTombstoneMarkerPurgeProtectsConcurrentReuse/DEL_drop
    tombstone_marker_test.go:220: op=DEL fault=drop marker_seq=5 newer_seq=6 attempts=1
=== RUN   TestTombstoneMarkerPurgeProtectsConcurrentReuse/DEL_lost_ack
    tombstone_marker_test.go:220: op=DEL fault=lost_ack marker_seq=8 newer_seq=9 attempts=1
=== RUN   TestTombstoneMarkerPurgeProtectsConcurrentReuse/PURGE_ack
    tombstone_marker_test.go:220: op=PURGE fault=ack marker_seq=11 newer_seq=12 attempts=1
=== RUN   TestTombstoneMarkerPurgeProtectsConcurrentReuse/PURGE_drop
    tombstone_marker_test.go:220: op=PURGE fault=drop marker_seq=14 newer_seq=15 attempts=1
=== RUN   TestTombstoneMarkerPurgeProtectsConcurrentReuse/PURGE_lost_ack
    tombstone_marker_test.go:220: op=PURGE fault=lost_ack marker_seq=17 newer_seq=18 attempts=1
--- PASS: TestTombstoneMarkerPurgeProtectsConcurrentReuse (3.38s)
    --- PASS: TestTombstoneMarkerPurgeProtectsConcurrentReuse/DEL_ack (0.02s)
    --- PASS: TestTombstoneMarkerPurgeProtectsConcurrentReuse/DEL_drop (0.01s)
    --- PASS: TestTombstoneMarkerPurgeProtectsConcurrentReuse/DEL_lost_ack (0.02s)
    --- PASS: TestTombstoneMarkerPurgeProtectsConcurrentReuse/PURGE_ack (0.02s)
    --- PASS: TestTombstoneMarkerPurgeProtectsConcurrentReuse/PURGE_drop (0.01s)
    --- PASS: TestTombstoneMarkerPurgeProtectsConcurrentReuse/PURGE_lost_ack (0.02s)
=== RUN   TestTombstonePartialCursorDoesNotSkipUncertainReadGenerationOrDelete
=== RUN   TestTombstonePartialCursorDoesNotSkipUncertainReadGenerationOrDelete/open
=== RUN   TestTombstonePartialCursorDoesNotSkipUncertainReadGenerationOrDelete/info
=== RUN   TestTombstonePartialCursorDoesNotSkipUncertainReadGenerationOrDelete/first_read
=== RUN   TestTombstonePartialCursorDoesNotSkipUncertainReadGenerationOrDelete/read
=== RUN   TestTombstonePartialCursorDoesNotSkipUncertainReadGenerationOrDelete/value
=== RUN   TestTombstonePartialCursorDoesNotSkipUncertainReadGenerationOrDelete/decode
=== RUN   TestTombstonePartialCursorDoesNotSkipUncertainReadGenerationOrDelete/generation
=== RUN   TestTombstonePartialCursorDoesNotSkipUncertainReadGenerationOrDelete/delete
=== RUN   TestTombstonePartialCursorDoesNotSkipUncertainReadGenerationOrDelete/hole_prefix
=== RUN   TestTombstonePartialCursorDoesNotSkipUncertainReadGenerationOrDelete/absent_prefix
=== RUN   TestTombstonePartialCursorDoesNotSkipUncertainReadGenerationOrDelete/changed_prefix
=== RUN   TestTombstonePartialCursorDoesNotSkipUncertainReadGenerationOrDelete/dry_prefix
=== RUN   TestTombstonePartialCursorDoesNotSkipUncertainReadGenerationOrDelete/ack_delete_prefix
--- PASS: TestTombstonePartialCursorDoesNotSkipUncertainReadGenerationOrDelete (0.00s)
    --- PASS: TestTombstonePartialCursorDoesNotSkipUncertainReadGenerationOrDelete/open (0.00s)
    --- PASS: TestTombstonePartialCursorDoesNotSkipUncertainReadGenerationOrDelete/info (0.00s)
    --- PASS: TestTombstonePartialCursorDoesNotSkipUncertainReadGenerationOrDelete/first_read (0.00s)
    --- PASS: TestTombstonePartialCursorDoesNotSkipUncertainReadGenerationOrDelete/read (0.00s)
    --- PASS: TestTombstonePartialCursorDoesNotSkipUncertainReadGenerationOrDelete/value (0.00s)
    --- PASS: TestTombstonePartialCursorDoesNotSkipUncertainReadGenerationOrDelete/decode (0.00s)
    --- PASS: TestTombstonePartialCursorDoesNotSkipUncertainReadGenerationOrDelete/generation (0.00s)
    --- PASS: TestTombstonePartialCursorDoesNotSkipUncertainReadGenerationOrDelete/delete (0.00s)
    --- PASS: TestTombstonePartialCursorDoesNotSkipUncertainReadGenerationOrDelete/hole_prefix (0.00s)
    --- PASS: TestTombstonePartialCursorDoesNotSkipUncertainReadGenerationOrDelete/absent_prefix (0.00s)
    --- PASS: TestTombstonePartialCursorDoesNotSkipUncertainReadGenerationOrDelete/changed_prefix (0.00s)
    --- PASS: TestTombstonePartialCursorDoesNotSkipUncertainReadGenerationOrDelete/dry_prefix (0.00s)
    --- PASS: TestTombstonePartialCursorDoesNotSkipUncertainReadGenerationOrDelete/ack_delete_prefix (0.00s)
=== RUN   TestTombstoneScanPagesAndProtectsNewerState
--- PASS: TestTombstoneScanPagesAndProtectsNewerState (0.13s)
=== RUN   TestBlobSweepConcurrentRefreshContract
    blobs_online_boundary_test.go:44: set WF_BLOB_BOUNDARY_ROOT to a fresh absolute directory
--- SKIP: TestBlobSweepConcurrentRefreshContract (0.00s)
=== RUN   TestNativeGraphRetentionWorkflowBindsAndPurgesTarget
=== RUN   TestNativeGraphRetentionWorkflowBindsAndPurgesTarget/R1
=== RUN   TestNativeGraphRetentionWorkflowBindsAndPurgesTarget/R3
--- PASS: TestNativeGraphRetentionWorkflowBindsAndPurgesTarget (8.27s)
    --- PASS: TestNativeGraphRetentionWorkflowBindsAndPurgesTarget/R1 (1.97s)
    --- PASS: TestNativeGraphRetentionWorkflowBindsAndPurgesTarget/R3 (6.30s)
=== RUN   TestGraphRetentionWorkflowSDKCrashAndReuseReplay
=== RUN   TestGraphRetentionWorkflowSDKCrashAndReuseReplay/cut0/reusefalse
=== RUN   TestGraphRetentionWorkflowSDKCrashAndReuseReplay/cut1/reusefalse
=== RUN   TestGraphRetentionWorkflowSDKCrashAndReuseReplay/cut2/reusefalse
=== RUN   TestGraphRetentionWorkflowSDKCrashAndReuseReplay/cut3/reusefalse
=== RUN   TestGraphRetentionWorkflowSDKCrashAndReuseReplay/cut3/reusetrue
=== RUN   TestGraphRetentionWorkflowSDKCrashAndReuseReplay/cut4/reusefalse
=== RUN   TestGraphRetentionWorkflowSDKCrashAndReuseReplay/cut4/reusetrue
--- PASS: TestGraphRetentionWorkflowSDKCrashAndReuseReplay (4.92s)
    --- PASS: TestGraphRetentionWorkflowSDKCrashAndReuseReplay/cut0/reusefalse (0.73s)
    --- PASS: TestGraphRetentionWorkflowSDKCrashAndReuseReplay/cut1/reusefalse (0.82s)
    --- PASS: TestGraphRetentionWorkflowSDKCrashAndReuseReplay/cut2/reusefalse (0.59s)
    --- PASS: TestGraphRetentionWorkflowSDKCrashAndReuseReplay/cut3/reusefalse (0.51s)
    --- PASS: TestGraphRetentionWorkflowSDKCrashAndReuseReplay/cut3/reusetrue (0.90s)
    --- PASS: TestGraphRetentionWorkflowSDKCrashAndReuseReplay/cut4/reusefalse (0.51s)
    --- PASS: TestGraphRetentionWorkflowSDKCrashAndReuseReplay/cut4/reusetrue (0.86s)
PASS
ok  	js-wf/retention	38.866s
