=== RUN   TestGraphRetentionWorkflowSDKCrashAndReuseReplay
=== RUN   TestGraphRetentionWorkflowSDKCrashAndReuseReplay/cut0/reusefalse
=== RUN   TestGraphRetentionWorkflowSDKCrashAndReuseReplay/cut1/reusefalse
=== RUN   TestGraphRetentionWorkflowSDKCrashAndReuseReplay/cut2/reusefalse
=== RUN   TestGraphRetentionWorkflowSDKCrashAndReuseReplay/cut3/reusefalse
=== RUN   TestGraphRetentionWorkflowSDKCrashAndReuseReplay/cut3/reusetrue
    graph_workflow_replay_test.go:20: seed=1: replayed purge adopted replacement: result=true err=<nil>
=== RUN   TestGraphRetentionWorkflowSDKCrashAndReuseReplay/cut4/reusefalse
    graph_workflow_replay_test.go:20: seed=1: SDK purge retry failed: null nats: API error: code=404 err_code=10037 description=message not found
=== RUN   TestGraphRetentionWorkflowSDKCrashAndReuseReplay/cut4/reusetrue
    graph_workflow_replay_test.go:20: seed=1: replayed purge adopted replacement: result=true err=<nil>
--- FAIL: TestGraphRetentionWorkflowSDKCrashAndReuseReplay (0.19s)
    --- PASS: TestGraphRetentionWorkflowSDKCrashAndReuseReplay/cut0/reusefalse (0.04s)
    --- PASS: TestGraphRetentionWorkflowSDKCrashAndReuseReplay/cut1/reusefalse (0.04s)
    --- PASS: TestGraphRetentionWorkflowSDKCrashAndReuseReplay/cut2/reusefalse (0.04s)
    --- PASS: TestGraphRetentionWorkflowSDKCrashAndReuseReplay/cut3/reusefalse (0.06s)
    --- FAIL: TestGraphRetentionWorkflowSDKCrashAndReuseReplay/cut3/reusetrue (0.00s)
    --- FAIL: TestGraphRetentionWorkflowSDKCrashAndReuseReplay/cut4/reusefalse (0.00s)
    --- FAIL: TestGraphRetentionWorkflowSDKCrashAndReuseReplay/cut4/reusetrue (0.01s)
FAIL
FAIL	js-wf/retention	0.193s
FAIL
