=== RUN   TestDiagnosticRaftObsoleteCatchupDoesNotCreateOrCancelState
=== RUN   TestDiagnosticRaftObsoleteCatchupDoesNotCreateOrCancelState/legacy/canceled
=== RUN   TestDiagnosticRaftObsoleteCatchupDoesNotCreateOrCancelState/legacy/replaced
=== RUN   TestDiagnosticRaftObsoleteCatchupDoesNotCreateOrCancelState/modern/canceled
=== RUN   TestDiagnosticRaftObsoleteCatchupDoesNotCreateOrCancelState/modern/replaced
--- PASS: TestDiagnosticRaftObsoleteCatchupDoesNotCreateOrCancelState (1.29s)
    --- PASS: TestDiagnosticRaftObsoleteCatchupDoesNotCreateOrCancelState/legacy/canceled (0.36s)
    --- PASS: TestDiagnosticRaftObsoleteCatchupDoesNotCreateOrCancelState/legacy/replaced (0.37s)
    --- PASS: TestDiagnosticRaftObsoleteCatchupDoesNotCreateOrCancelState/modern/canceled (0.30s)
    --- PASS: TestDiagnosticRaftObsoleteCatchupDoesNotCreateOrCancelState/modern/replaced (0.26s)
=== RUN   TestDiagnosticRaftObsoleteCatchupTrailingEntries
=== RUN   TestDiagnosticRaftObsoleteCatchupTrailingEntries/contiguous
=== RUN   TestDiagnosticRaftObsoleteCatchupTrailingEntries/ahead
=== RUN   TestDiagnosticRaftObsoleteCatchupTrailingEntries/behind
=== RUN   TestDiagnosticRaftObsoleteCatchupTrailingEntries/wrong_previous_term
=== RUN   TestDiagnosticRaftObsoleteCatchupTrailingEntries/wrong_leader
=== RUN   TestDiagnosticRaftObsoleteCatchupTrailingEntries/higher_leader_term
=== RUN   TestDiagnosticRaftObsoleteCatchupTrailingEntries/older_leader_term
=== RUN   TestDiagnosticRaftObsoleteCatchupTrailingEntries/legacy
--- PASS: TestDiagnosticRaftObsoleteCatchupTrailingEntries (3.91s)
    --- PASS: TestDiagnosticRaftObsoleteCatchupTrailingEntries/contiguous (0.26s)
    --- PASS: TestDiagnosticRaftObsoleteCatchupTrailingEntries/ahead (0.26s)
    --- PASS: TestDiagnosticRaftObsoleteCatchupTrailingEntries/behind (2.03s)
    --- PASS: TestDiagnosticRaftObsoleteCatchupTrailingEntries/wrong_previous_term (0.25s)
    --- PASS: TestDiagnosticRaftObsoleteCatchupTrailingEntries/wrong_leader (0.30s)
    --- PASS: TestDiagnosticRaftObsoleteCatchupTrailingEntries/higher_leader_term (0.29s)
    --- PASS: TestDiagnosticRaftObsoleteCatchupTrailingEntries/older_leader_term (0.26s)
    --- PASS: TestDiagnosticRaftObsoleteCatchupTrailingEntries/legacy (0.27s)
PASS
