=== RUN   TestSeededGraphPublicationReplay
    graph_publication_replay_test.go:284: graph publication: modes=map[append_inherit:5676 collector_wins:5942 commit_wins:5898 foreign_reuse:5874 get_lost:5988 lost_close:5998 lost_delete:5834 lost_fence:5858 lost_pin:5749 lost_put:5978 lost_ready:5858 lost_root:5921 owned_reuse:5906 paused_commit:5929 paused_upload:5841 read_blob_lost:5816 read_root_lost:5934] every trace exactly replayed; live receipt census and complete retirement checked
--- PASS: TestSeededGraphPublicationReplay (105.99s)
=== RUN   TestGraphPublicationTransportCopiesFaultsAndIndependentCensus
--- PASS: TestGraphPublicationTransportCopiesFaultsAndIndependentCensus (0.00s)
=== RUN   TestPinnedRegressionCorpus
=== RUN   TestPinnedRegressionCorpus/graph-publication-append_inherit.json
=== RUN   TestPinnedRegressionCorpus/graph-publication-collector_wins.json
=== RUN   TestPinnedRegressionCorpus/graph-publication-commit_wins.json
=== RUN   TestPinnedRegressionCorpus/graph-publication-foreign_reuse.json
=== RUN   TestPinnedRegressionCorpus/graph-publication-get_lost.json
=== RUN   TestPinnedRegressionCorpus/graph-publication-lost_close.json
=== RUN   TestPinnedRegressionCorpus/graph-publication-lost_delete.json
=== RUN   TestPinnedRegressionCorpus/graph-publication-lost_fence.json
=== RUN   TestPinnedRegressionCorpus/graph-publication-lost_pin.json
=== RUN   TestPinnedRegressionCorpus/graph-publication-lost_put.json
=== RUN   TestPinnedRegressionCorpus/graph-publication-lost_ready.json
=== RUN   TestPinnedRegressionCorpus/graph-publication-lost_root.json
=== RUN   TestPinnedRegressionCorpus/graph-publication-owned_reuse.json
=== RUN   TestPinnedRegressionCorpus/graph-publication-paused_commit.json
=== RUN   TestPinnedRegressionCorpus/graph-publication-paused_upload.json
=== RUN   TestPinnedRegressionCorpus/graph-publication-read_blob_lost.json
=== RUN   TestPinnedRegressionCorpus/graph-publication-read_root_lost.json
--- PASS: TestPinnedRegressionCorpus (0.03s)
    --- PASS: TestPinnedRegressionCorpus/graph-publication-append_inherit.json (0.00s)
    --- PASS: TestPinnedRegressionCorpus/graph-publication-collector_wins.json (0.00s)
    --- PASS: TestPinnedRegressionCorpus/graph-publication-commit_wins.json (0.00s)
    --- PASS: TestPinnedRegressionCorpus/graph-publication-foreign_reuse.json (0.00s)
    --- PASS: TestPinnedRegressionCorpus/graph-publication-get_lost.json (0.00s)
    --- PASS: TestPinnedRegressionCorpus/graph-publication-lost_close.json (0.00s)
    --- PASS: TestPinnedRegressionCorpus/graph-publication-lost_delete.json (0.00s)
    --- PASS: TestPinnedRegressionCorpus/graph-publication-lost_fence.json (0.00s)
    --- PASS: TestPinnedRegressionCorpus/graph-publication-lost_pin.json (0.00s)
    --- PASS: TestPinnedRegressionCorpus/graph-publication-lost_put.json (0.00s)
    --- PASS: TestPinnedRegressionCorpus/graph-publication-lost_ready.json (0.00s)
    --- PASS: TestPinnedRegressionCorpus/graph-publication-lost_root.json (0.00s)
    --- PASS: TestPinnedRegressionCorpus/graph-publication-owned_reuse.json (0.00s)
    --- PASS: TestPinnedRegressionCorpus/graph-publication-paused_commit.json (0.00s)
    --- PASS: TestPinnedRegressionCorpus/graph-publication-paused_upload.json (0.00s)
    --- PASS: TestPinnedRegressionCorpus/graph-publication-read_blob_lost.json (0.00s)
    --- PASS: TestPinnedRegressionCorpus/graph-publication-read_root_lost.json (0.00s)
PASS
ok  	js-wf/sim	106.023s
