testing: warning: no tests to run
PASS
ok  	js-wf/client	1.019s [no tests to run]
=== RUN   TestGraphReconcileLoopRetriesUncertaintyWithoutSkippingBoundary
=== RUN   TestGraphReconcileLoopRetriesUncertaintyWithoutSkippingBoundary/unknown
=== RUN   TestGraphReconcileLoopRetriesUncertaintyWithoutSkippingBoundary/conflict
=== RUN   TestGraphReconcileLoopRetriesUncertaintyWithoutSkippingBoundary/expired
=== RUN   TestGraphReconcileLoopRetriesUncertaintyWithoutSkippingBoundary/stale
=== RUN   TestGraphReconcileLoopRetriesUncertaintyWithoutSkippingBoundary/corrupt
--- PASS: TestGraphReconcileLoopRetriesUncertaintyWithoutSkippingBoundary (0.00s)
    --- PASS: TestGraphReconcileLoopRetriesUncertaintyWithoutSkippingBoundary/unknown (0.00s)
    --- PASS: TestGraphReconcileLoopRetriesUncertaintyWithoutSkippingBoundary/conflict (0.00s)
    --- PASS: TestGraphReconcileLoopRetriesUncertaintyWithoutSkippingBoundary/expired (0.00s)
    --- PASS: TestGraphReconcileLoopRetriesUncertaintyWithoutSkippingBoundary/stale (0.00s)
    --- PASS: TestGraphReconcileLoopRetriesUncertaintyWithoutSkippingBoundary/corrupt (0.00s)
=== RUN   TestGraphReconcileSignalCacheBindsInvocationGeneration
--- PASS: TestGraphReconcileSignalCacheBindsInvocationGeneration (0.01s)
=== RUN   TestGraphReconcileRejectsMissingConfiguration
--- PASS: TestGraphReconcileRejectsMissingConfiguration (0.00s)
=== RUN   TestGraphReconcileFailedReadCannotCertifyCursorPrefix
=== RUN   TestGraphReconcileFailedReadCannotCertifyCursorPrefix/start
=== RUN   TestGraphReconcileFailedReadCannotCertifyCursorPrefix/signal
=== RUN   TestGraphReconcileFailedReadCannotCertifyCursorPrefix/timer
=== RUN   TestGraphReconcileFailedReadCannotCertifyCursorPrefix/suspended
--- PASS: TestGraphReconcileFailedReadCannotCertifyCursorPrefix (0.05s)
    --- PASS: TestGraphReconcileFailedReadCannotCertifyCursorPrefix/start (0.01s)
    --- PASS: TestGraphReconcileFailedReadCannotCertifyCursorPrefix/signal (0.01s)
    --- PASS: TestGraphReconcileFailedReadCannotCertifyCursorPrefix/timer (0.01s)
    --- PASS: TestGraphReconcileFailedReadCannotCertifyCursorPrefix/suspended (0.01s)
=== RUN   TestGraphReconcileRetriesPublishedUnboundStart
=== RUN   TestGraphReconcileRetriesPublishedUnboundStart/timer
=== RUN   TestGraphReconcileRetriesPublishedUnboundStart/suspended
--- PASS: TestGraphReconcileRetriesPublishedUnboundStart (0.01s)
    --- PASS: TestGraphReconcileRetriesPublishedUnboundStart/timer (0.01s)
    --- PASS: TestGraphReconcileRetriesPublishedUnboundStart/suspended (0.00s)
=== RUN   TestGraphReconcileDefersHistoryPinsWhileDeliveryOwnsLease
=== RUN   TestGraphReconcileDefersHistoryPinsWhileDeliveryOwnsLease/timer
=== RUN   TestGraphReconcileDefersHistoryPinsWhileDeliveryOwnsLease/suspended
--- PASS: TestGraphReconcileDefersHistoryPinsWhileDeliveryOwnsLease (0.01s)
    --- PASS: TestGraphReconcileDefersHistoryPinsWhileDeliveryOwnsLease/timer (0.00s)
    --- PASS: TestGraphReconcileDefersHistoryPinsWhileDeliveryOwnsLease/suspended (0.00s)
=== RUN   TestGraphCanonicalStartRepairDuringPreparedAppend
=== RUN   TestGraphCanonicalStartRepairDuringPreparedAppend/seed1/pinnedtrue
=== RUN   TestGraphCanonicalStartRepairDuringPreparedAppend/seed1/pinnedfalse
=== RUN   TestGraphCanonicalStartRepairDuringPreparedAppend/seed2/pinnedtrue
=== RUN   TestGraphCanonicalStartRepairDuringPreparedAppend/seed2/pinnedfalse
=== RUN   TestGraphCanonicalStartRepairDuringPreparedAppend/seed3/pinnedtrue
=== RUN   TestGraphCanonicalStartRepairDuringPreparedAppend/seed3/pinnedfalse
=== RUN   TestGraphCanonicalStartRepairDuringPreparedAppend/seed4/pinnedtrue
=== RUN   TestGraphCanonicalStartRepairDuringPreparedAppend/seed4/pinnedfalse
=== RUN   TestGraphCanonicalStartRepairDuringPreparedAppend/seed5/pinnedtrue
=== RUN   TestGraphCanonicalStartRepairDuringPreparedAppend/seed5/pinnedfalse
=== RUN   TestGraphCanonicalStartRepairDuringPreparedAppend/seed6/pinnedtrue
=== RUN   TestGraphCanonicalStartRepairDuringPreparedAppend/seed6/pinnedfalse
=== RUN   TestGraphCanonicalStartRepairDuringPreparedAppend/seed7/pinnedtrue
=== RUN   TestGraphCanonicalStartRepairDuringPreparedAppend/seed7/pinnedfalse
=== RUN   TestGraphCanonicalStartRepairDuringPreparedAppend/seed8/pinnedtrue
=== RUN   TestGraphCanonicalStartRepairDuringPreparedAppend/seed8/pinnedfalse
=== RUN   TestGraphCanonicalStartRepairDuringPreparedAppend/seed9/pinnedtrue
=== RUN   TestGraphCanonicalStartRepairDuringPreparedAppend/seed9/pinnedfalse
=== RUN   TestGraphCanonicalStartRepairDuringPreparedAppend/seed10/pinnedtrue
=== RUN   TestGraphCanonicalStartRepairDuringPreparedAppend/seed10/pinnedfalse
=== RUN   TestGraphCanonicalStartRepairDuringPreparedAppend/seed11/pinnedtrue
=== RUN   TestGraphCanonicalStartRepairDuringPreparedAppend/seed11/pinnedfalse
=== RUN   TestGraphCanonicalStartRepairDuringPreparedAppend/seed12/pinnedtrue
=== RUN   TestGraphCanonicalStartRepairDuringPreparedAppend/seed12/pinnedfalse
=== RUN   TestGraphCanonicalStartRepairDuringPreparedAppend/seed13/pinnedtrue
=== RUN   TestGraphCanonicalStartRepairDuringPreparedAppend/seed13/pinnedfalse
=== RUN   TestGraphCanonicalStartRepairDuringPreparedAppend/seed14/pinnedtrue
=== RUN   TestGraphCanonicalStartRepairDuringPreparedAppend/seed14/pinnedfalse
=== RUN   TestGraphCanonicalStartRepairDuringPreparedAppend/seed15/pinnedtrue
=== RUN   TestGraphCanonicalStartRepairDuringPreparedAppend/seed15/pinnedfalse
=== RUN   TestGraphCanonicalStartRepairDuringPreparedAppend/seed16/pinnedtrue
=== RUN   TestGraphCanonicalStartRepairDuringPreparedAppend/seed16/pinnedfalse
=== RUN   TestGraphCanonicalStartRepairDuringPreparedAppend/seed17/pinnedtrue
=== RUN   TestGraphCanonicalStartRepairDuringPreparedAppend/seed17/pinnedfalse
=== RUN   TestGraphCanonicalStartRepairDuringPreparedAppend/seed18/pinnedtrue
=== RUN   TestGraphCanonicalStartRepairDuringPreparedAppend/seed18/pinnedfalse
=== RUN   TestGraphCanonicalStartRepairDuringPreparedAppend/seed19/pinnedtrue
=== RUN   TestGraphCanonicalStartRepairDuringPreparedAppend/seed19/pinnedfalse
=== RUN   TestGraphCanonicalStartRepairDuringPreparedAppend/seed20/pinnedtrue
=== RUN   TestGraphCanonicalStartRepairDuringPreparedAppend/seed20/pinnedfalse
=== RUN   TestGraphCanonicalStartRepairDuringPreparedAppend/seed21/pinnedtrue
=== RUN   TestGraphCanonicalStartRepairDuringPreparedAppend/seed21/pinnedfalse
=== RUN   TestGraphCanonicalStartRepairDuringPreparedAppend/seed22/pinnedtrue
=== RUN   TestGraphCanonicalStartRepairDuringPreparedAppend/seed22/pinnedfalse
=== RUN   TestGraphCanonicalStartRepairDuringPreparedAppend/seed23/pinnedtrue
=== RUN   TestGraphCanonicalStartRepairDuringPreparedAppend/seed23/pinnedfalse
=== RUN   TestGraphCanonicalStartRepairDuringPreparedAppend/seed24/pinnedtrue
=== RUN   TestGraphCanonicalStartRepairDuringPreparedAppend/seed24/pinnedfalse
=== RUN   TestGraphCanonicalStartRepairDuringPreparedAppend/seed25/pinnedtrue
=== RUN   TestGraphCanonicalStartRepairDuringPreparedAppend/seed25/pinnedfalse
=== RUN   TestGraphCanonicalStartRepairDuringPreparedAppend/seed26/pinnedtrue
=== RUN   TestGraphCanonicalStartRepairDuringPreparedAppend/seed26/pinnedfalse
=== RUN   TestGraphCanonicalStartRepairDuringPreparedAppend/seed27/pinnedtrue
=== RUN   TestGraphCanonicalStartRepairDuringPreparedAppend/seed27/pinnedfalse
=== RUN   TestGraphCanonicalStartRepairDuringPreparedAppend/seed28/pinnedtrue
=== RUN   TestGraphCanonicalStartRepairDuringPreparedAppend/seed28/pinnedfalse
=== RUN   TestGraphCanonicalStartRepairDuringPreparedAppend/seed29/pinnedtrue
=== RUN   TestGraphCanonicalStartRepairDuringPreparedAppend/seed29/pinnedfalse
=== RUN   TestGraphCanonicalStartRepairDuringPreparedAppend/seed30/pinnedtrue
=== RUN   TestGraphCanonicalStartRepairDuringPreparedAppend/seed30/pinnedfalse
=== RUN   TestGraphCanonicalStartRepairDuringPreparedAppend/seed31/pinnedtrue
=== RUN   TestGraphCanonicalStartRepairDuringPreparedAppend/seed31/pinnedfalse
=== RUN   TestGraphCanonicalStartRepairDuringPreparedAppend/seed32/pinnedtrue
=== RUN   TestGraphCanonicalStartRepairDuringPreparedAppend/seed32/pinnedfalse
--- PASS: TestGraphCanonicalStartRepairDuringPreparedAppend (0.77s)
    --- PASS: TestGraphCanonicalStartRepairDuringPreparedAppend/seed1/pinnedtrue (0.01s)
    --- PASS: TestGraphCanonicalStartRepairDuringPreparedAppend/seed1/pinnedfalse (0.01s)
    --- PASS: TestGraphCanonicalStartRepairDuringPreparedAppend/seed2/pinnedtrue (0.01s)
    --- PASS: TestGraphCanonicalStartRepairDuringPreparedAppend/seed2/pinnedfalse (0.01s)
    --- PASS: TestGraphCanonicalStartRepairDuringPreparedAppend/seed3/pinnedtrue (0.01s)
    --- PASS: TestGraphCanonicalStartRepairDuringPreparedAppend/seed3/pinnedfalse (0.01s)
    --- PASS: TestGraphCanonicalStartRepairDuringPreparedAppend/seed4/pinnedtrue (0.01s)
    --- PASS: TestGraphCanonicalStartRepairDuringPreparedAppend/seed4/pinnedfalse (0.01s)
    --- PASS: TestGraphCanonicalStartRepairDuringPreparedAppend/seed5/pinnedtrue (0.01s)
    --- PASS: TestGraphCanonicalStartRepairDuringPreparedAppend/seed5/pinnedfalse (0.01s)
    --- PASS: TestGraphCanonicalStartRepairDuringPreparedAppend/seed6/pinnedtrue (0.01s)
    --- PASS: TestGraphCanonicalStartRepairDuringPreparedAppend/seed6/pinnedfalse (0.01s)
    --- PASS: TestGraphCanonicalStartRepairDuringPreparedAppend/seed7/pinnedtrue (0.01s)
    --- PASS: TestGraphCanonicalStartRepairDuringPreparedAppend/seed7/pinnedfalse (0.01s)
    --- PASS: TestGraphCanonicalStartRepairDuringPreparedAppend/seed8/pinnedtrue (0.01s)
    --- PASS: TestGraphCanonicalStartRepairDuringPreparedAppend/seed8/pinnedfalse (0.01s)
    --- PASS: TestGraphCanonicalStartRepairDuringPreparedAppend/seed9/pinnedtrue (0.01s)
    --- PASS: TestGraphCanonicalStartRepairDuringPreparedAppend/seed9/pinnedfalse (0.01s)
    --- PASS: TestGraphCanonicalStartRepairDuringPreparedAppend/seed10/pinnedtrue (0.01s)
    --- PASS: TestGraphCanonicalStartRepairDuringPreparedAppend/seed10/pinnedfalse (0.01s)
    --- PASS: TestGraphCanonicalStartRepairDuringPreparedAppend/seed11/pinnedtrue (0.01s)
    --- PASS: TestGraphCanonicalStartRepairDuringPreparedAppend/seed11/pinnedfalse (0.01s)
    --- PASS: TestGraphCanonicalStartRepairDuringPreparedAppend/seed12/pinnedtrue (0.01s)
    --- PASS: TestGraphCanonicalStartRepairDuringPreparedAppend/seed12/pinnedfalse (0.01s)
    --- PASS: TestGraphCanonicalStartRepairDuringPreparedAppend/seed13/pinnedtrue (0.01s)
    --- PASS: TestGraphCanonicalStartRepairDuringPreparedAppend/seed13/pinnedfalse (0.01s)
    --- PASS: TestGraphCanonicalStartRepairDuringPreparedAppend/seed14/pinnedtrue (0.01s)
    --- PASS: TestGraphCanonicalStartRepairDuringPreparedAppend/seed14/pinnedfalse (0.01s)
    --- PASS: TestGraphCanonicalStartRepairDuringPreparedAppend/seed15/pinnedtrue (0.01s)
    --- PASS: TestGraphCanonicalStartRepairDuringPreparedAppend/seed15/pinnedfalse (0.01s)
    --- PASS: TestGraphCanonicalStartRepairDuringPreparedAppend/seed16/pinnedtrue (0.01s)
    --- PASS: TestGraphCanonicalStartRepairDuringPreparedAppend/seed16/pinnedfalse (0.01s)
    --- PASS: TestGraphCanonicalStartRepairDuringPreparedAppend/seed17/pinnedtrue (0.01s)
    --- PASS: TestGraphCanonicalStartRepairDuringPreparedAppend/seed17/pinnedfalse (0.01s)
    --- PASS: TestGraphCanonicalStartRepairDuringPreparedAppend/seed18/pinnedtrue (0.01s)
    --- PASS: TestGraphCanonicalStartRepairDuringPreparedAppend/seed18/pinnedfalse (0.01s)
    --- PASS: TestGraphCanonicalStartRepairDuringPreparedAppend/seed19/pinnedtrue (0.01s)
    --- PASS: TestGraphCanonicalStartRepairDuringPreparedAppend/seed19/pinnedfalse (0.01s)
    --- PASS: TestGraphCanonicalStartRepairDuringPreparedAppend/seed20/pinnedtrue (0.01s)
    --- PASS: TestGraphCanonicalStartRepairDuringPreparedAppend/seed20/pinnedfalse (0.01s)
    --- PASS: TestGraphCanonicalStartRepairDuringPreparedAppend/seed21/pinnedtrue (0.01s)
    --- PASS: TestGraphCanonicalStartRepairDuringPreparedAppend/seed21/pinnedfalse (0.01s)
    --- PASS: TestGraphCanonicalStartRepairDuringPreparedAppend/seed22/pinnedtrue (0.01s)
    --- PASS: TestGraphCanonicalStartRepairDuringPreparedAppend/seed22/pinnedfalse (0.01s)
    --- PASS: TestGraphCanonicalStartRepairDuringPreparedAppend/seed23/pinnedtrue (0.02s)
    --- PASS: TestGraphCanonicalStartRepairDuringPreparedAppend/seed23/pinnedfalse (0.01s)
    --- PASS: TestGraphCanonicalStartRepairDuringPreparedAppend/seed24/pinnedtrue (0.01s)
    --- PASS: TestGraphCanonicalStartRepairDuringPreparedAppend/seed24/pinnedfalse (0.01s)
    --- PASS: TestGraphCanonicalStartRepairDuringPreparedAppend/seed25/pinnedtrue (0.01s)
    --- PASS: TestGraphCanonicalStartRepairDuringPreparedAppend/seed25/pinnedfalse (0.01s)
    --- PASS: TestGraphCanonicalStartRepairDuringPreparedAppend/seed26/pinnedtrue (0.01s)
    --- PASS: TestGraphCanonicalStartRepairDuringPreparedAppend/seed26/pinnedfalse (0.01s)
    --- PASS: TestGraphCanonicalStartRepairDuringPreparedAppend/seed27/pinnedtrue (0.01s)
    --- PASS: TestGraphCanonicalStartRepairDuringPreparedAppend/seed27/pinnedfalse (0.01s)
    --- PASS: TestGraphCanonicalStartRepairDuringPreparedAppend/seed28/pinnedtrue (0.01s)
    --- PASS: TestGraphCanonicalStartRepairDuringPreparedAppend/seed28/pinnedfalse (0.01s)
    --- PASS: TestGraphCanonicalStartRepairDuringPreparedAppend/seed29/pinnedtrue (0.02s)
    --- PASS: TestGraphCanonicalStartRepairDuringPreparedAppend/seed29/pinnedfalse (0.01s)
    --- PASS: TestGraphCanonicalStartRepairDuringPreparedAppend/seed30/pinnedtrue (0.01s)
    --- PASS: TestGraphCanonicalStartRepairDuringPreparedAppend/seed30/pinnedfalse (0.01s)
    --- PASS: TestGraphCanonicalStartRepairDuringPreparedAppend/seed31/pinnedtrue (0.02s)
    --- PASS: TestGraphCanonicalStartRepairDuringPreparedAppend/seed31/pinnedfalse (0.02s)
    --- PASS: TestGraphCanonicalStartRepairDuringPreparedAppend/seed32/pinnedtrue (0.01s)
    --- PASS: TestGraphCanonicalStartRepairDuringPreparedAppend/seed32/pinnedfalse (0.01s)
=== RUN   TestGraphCanonicalStartScanDryRunUnknownAndPrefix
--- PASS: TestGraphCanonicalStartScanDryRunUnknownAndPrefix (0.02s)
=== RUN   TestGraphCanonicalStartScanRetirementIsSupersededNotReenqueued
--- PASS: TestGraphCanonicalStartScanRetirementIsSupersededNotReenqueued (0.01s)
PASS
ok  	js-wf/reconcile	1.906s
=== RUN   TestContinuationAnchorUsesHistoricalRuntimeFacts
--- PASS: TestContinuationAnchorUsesHistoricalRuntimeFacts (0.00s)
PASS
ok  	js-wf/worker	1.017s
=== RUN   TestWorkerGraphAdmissionRejectsIncompatibleCLI
=== RUN   TestWorkerGraphAdmissionRejectsIncompatibleCLI/partial
=== RUN   TestWorkerGraphAdmissionRejectsIncompatibleCLI/namespace
=== RUN   TestWorkerGraphAdmissionRejectsIncompatibleCLI/auto
=== RUN   TestWorkerGraphAdmissionRejectsIncompatibleCLI/retention
--- PASS: TestWorkerGraphAdmissionRejectsIncompatibleCLI (0.00s)
    --- PASS: TestWorkerGraphAdmissionRejectsIncompatibleCLI/partial (0.00s)
    --- PASS: TestWorkerGraphAdmissionRejectsIncompatibleCLI/namespace (0.00s)
    --- PASS: TestWorkerGraphAdmissionRejectsIncompatibleCLI/auto (0.00s)
    --- PASS: TestWorkerGraphAdmissionRejectsIncompatibleCLI/retention (0.00s)
PASS
ok  	js-wf/cmd/wf-worker	1.014s
