=== RUN   TestJournalCapacityAlertDeliveredAndResolved
    metrics_alert_test.go:123: provision elapsed=3.000404838s err=context deadline exceeded
    metrics_alert_test.go:123: provision elapsed=1.039176756s err=<nil>
    metrics_alert_test.go:225: alertmanager image=prom/alertmanager:v0.34.1 container=5a12aa94e73dabf5d83cbaae22de1da01949fe13998d3fc7f1a0bda2b160cdfb
    metrics_alert_test.go:226: prometheus image=prom/prometheus:v3.15.0 container=ac43c80cf45ebc95bcd7ab66a8ee484766bb61822fb9b25a9f3795d3563787cf
    metrics_alert_test.go:294: fill used=12339 limit=16384 ratio=0.753113
    metrics_alert_test.go:295: waiting for pending shipping alert: <nil>
    metrics_alert_test.go:212: prometheus logs:
        time=2026-10-01T16:46:58.871Z level=INFO source=main.go:1770 msg="updated GOGC" old=100 new=75
        time=2026-10-01T16:46:58.871Z level=INFO source=main.go:824 msg="Leaving GOMAXPROCS=4: CPU quota undefined" component=automaxprocs
        time=2026-10-01T16:46:58.871Z level=INFO source=memlimit.go:198 msg="GOMEMLIMIT is updated" component=automemlimit package=github.com/KimMachineGun/automemlimit/memlimit GOMEMLIMIT=241591910 previous=9223372036854775807
        time=2026-10-01T16:46:58.871Z level=INFO source=main.go:933 msg="Starting Prometheus Server" mode=server version="(version=3.15.0, branch=HEAD, revision=5241a27fe3c6983549fccc32f6e65917408c63cd)"
        time=2026-10-01T16:46:58.871Z level=INFO source=main.go:938 msg="operational information" build_context="(go=go1.27.1, platform=linux/amd64, user=root@4635dd007a60, date=20260925-07:33:45, tags=netgo,builtinassets)" host_details="(Linux 6.12.93 #1 SMP Wed Jul 22 19:44:49 UTC 2026 x86_64 jetstream-wf (none))" fd_limits="(soft=524287, hard=524288)" vm_limits="(soft=unlimited, hard=unlimited)"
        time=2026-10-01T16:46:58.999Z level=INFO source=web.go:727 msg="Start listening for connections" component=web address=127.0.0.1:38871
        time=2026-10-01T16:46:59.001Z level=INFO source=main.go:1499 msg="Starting TSDB ..."
        time=2026-10-01T16:46:59.005Z level=INFO source=head.go:753 msg="Replaying on-disk memory mappable chunks if any" component=tsdb
        time=2026-10-01T16:46:59.005Z level=INFO source=head.go:838 msg="On-disk memory mappable chunks replay completed" component=tsdb duration=992ns
        time=2026-10-01T16:46:59.005Z level=INFO source=head.go:846 msg="Replaying WAL, this may take a while" component=tsdb
        time=2026-10-01T16:46:59.006Z level=INFO source=head.go:941 msg="WAL segment loaded" component=tsdb segment=0 maxSegment=0 duration=100.243µs
        time=2026-10-01T16:46:59.006Z level=INFO source=head.go:978 msg="WAL replay completed" component=tsdb checkpoint_replay_duration=16.575µs wal_replay_duration=113.963µs wbl_replay_duration=170ns chunk_snapshot_load_duration=0s mmap_chunk_replay_duration=992ns total_replay_duration=143.148µs
        time=2026-10-01T16:46:59.008Z level=INFO source=main.go:1520 msg="filesystem information" fs_type=EXT4_SUPER_MAGIC
        time=2026-10-01T16:46:59.008Z level=INFO source=main.go:1523 msg="TSDB started"
        time=2026-10-01T16:46:59.008Z level=INFO source=main.go:1721 msg="Loading configuration file" filename=/fixture/prometheus.yml
        time=2026-10-01T16:46:59.008Z level=INFO source=main.go:1137 msg="TSDB retention updated" duration=1h size=0B percentage=0
        time=2026-10-01T16:46:59.012Z level=INFO source=tls_config.go:381 msg="Listening on" component=web address=127.0.0.1:38871
        time=2026-10-01T16:46:59.012Z level=INFO source=tls_config.go:384 msg="TLS is disabled." component=web http2=false address=127.0.0.1:38871
        time=2026-10-01T16:46:59.012Z level=INFO source=main.go:1763 msg="Completed loading of configuration file" db_storage=27.933µs remote_storage=2.134µs web_handler=24.517µs query_engine=1.502µs scrape=240.645µs scrape_sd=19.81µs notify=2.975809ms notify_sd=14.161µs rules=497.025µs tracing=4.908µs filename=/fixture/prometheus.yml totalDuration=4.053396ms
        time=2026-10-01T16:46:59.012Z level=INFO source=main.go:1484 msg="Server is ready to receive web requests."
        time=2026-10-01T16:46:59.012Z level=INFO source=manager.go:235 msg="Starting rule manager..." component="rule manager"
    metrics_alert_test.go:212: alertmanager logs:
        time=2026-10-01T16:46:58.665Z level=INFO source=app.go:194 msg="Starting Alertmanager" version="(version=0.34.1, branch=HEAD, revision=73c6bfe7393929211294c1954f30d8ed78e4d0ad)"
        time=2026-10-01T16:46:58.666Z level=INFO source=app.go:196 msg="Build context" build_context="(go=go1.26.8, platform=linux/amd64, user=root@68a5f2da6323, date=20260917-07:53:02, tags=netgo)"
        time=2026-10-01T16:46:58.702Z level=INFO source=tls_config.go:372 msg="Listening on" address=127.0.0.1:39629
        time=2026-10-01T16:46:58.702Z level=INFO source=tls_config.go:375 msg="TLS is disabled." http2=false address=127.0.0.1:39629
--- FAIL: TestJournalCapacityAlertDeliveredAndResolved (23.26s)
FAIL
FAIL	js-wf/cmd/wf-worker	23.274s
FAIL
