--- FAIL: TestPinnedRegressionCorpus (2.50s)
    --- FAIL: TestPinnedRegressionCorpus/graph-parent-worker-parent_notify_active.json (0.04s)
        journal_transport_test.go:780: pinned trace testdata/regressions/graph-parent-worker-parent_notify_active.json seed=6: simulation transport trace diverged
    --- FAIL: TestPinnedRegressionCorpus/graph-parent-worker-parent_notify_consumed_external.json (0.04s)
        journal_transport_test.go:780: pinned trace testdata/regressions/graph-parent-worker-parent_notify_consumed_external.json seed=7: simulation transport trace diverged
    --- FAIL: TestPinnedRegressionCorpus/graph-parent-worker-parent_notify_consumed_inline.json (0.00s)
        journal_transport_test.go:780: pinned trace testdata/regressions/graph-parent-worker-parent_notify_consumed_inline.json seed=15: simulation transport trace diverged
    --- FAIL: TestPinnedRegressionCorpus/graph-parent-worker-parent_notify_forged_mirror.json (0.00s)
        journal_transport_test.go:780: pinned trace testdata/regressions/graph-parent-worker-parent_notify_forged_mirror.json seed=3: simulation transport trace diverged
    --- FAIL: TestPinnedRegressionCorpus/graph-parent-worker-parent_notify_purging.json (0.05s)
        journal_transport_test.go:780: pinned trace testdata/regressions/graph-parent-worker-parent_notify_purging.json seed=5: simulation transport trace diverged
    --- FAIL: TestPinnedRegressionCorpus/graph-parent-worker-parent_notify_replaced.json (0.00s)
        journal_transport_test.go:780: pinned trace testdata/regressions/graph-parent-worker-parent_notify_replaced.json seed=18: simulation transport trace diverged
    --- FAIL: TestPinnedRegressionCorpus/graph-parent-worker-parent_notify_retired.json (0.00s)
        journal_transport_test.go:780: pinned trace testdata/regressions/graph-parent-worker-parent_notify_retired.json seed=21: simulation transport trace diverged
    --- FAIL: TestPinnedRegressionCorpus/graph-parent-worker-parent_notify_retired_missing_inv.json (0.00s)
        journal_transport_test.go:780: pinned trace testdata/regressions/graph-parent-worker-parent_notify_retired_missing_inv.json seed=12: simulation transport trace diverged
    --- FAIL: TestPinnedRegressionCorpus/graph-parent-worker-parent_notify_uninitialized.json (0.00s)
        journal_transport_test.go:780: pinned trace testdata/regressions/graph-parent-worker-parent_notify_uninitialized.json seed=2: simulation transport trace diverged
    --- FAIL: TestPinnedRegressionCorpus/graph-signal-actors-caller-retry.json (1.40s)
        journal_transport_test.go:780: pinned trace testdata/regressions/graph-signal-actors-caller-retry.json seed=926: simulation transport trace diverged
    --- FAIL: TestPinnedRegressionCorpus/graph-signal-actors-enqueue-drop.json (0.09s)
        journal_transport_test.go:780: pinned trace testdata/regressions/graph-signal-actors-enqueue-drop.json seed=11: simulation transport trace diverged
    --- FAIL: TestPinnedRegressionCorpus/graph-signal-actors-enqueue-lost-ack.json (0.21s)
        journal_transport_test.go:780: pinned trace testdata/regressions/graph-signal-actors-enqueue-lost-ack.json seed=1: simulation transport trace diverged
    --- FAIL: TestPinnedRegressionCorpus/graph-signal-actors-healthy.json (0.11s)
        journal_transport_test.go:780: pinned trace testdata/regressions/graph-signal-actors-healthy.json seed=13: simulation transport trace diverged
    --- FAIL: TestPinnedRegressionCorpus/graph-signal-actors-source-drop.json (0.10s)
        journal_transport_test.go:780: pinned trace testdata/regressions/graph-signal-actors-source-drop.json seed=3: simulation transport trace diverged
    --- FAIL: TestPinnedRegressionCorpus/graph-signal-actors-source-lost-ack.json (0.30s)
        journal_transport_test.go:780: pinned trace testdata/regressions/graph-signal-actors-source-lost-ack.json seed=4: simulation transport trace diverged
    --- FAIL: TestPinnedRegressionCorpus/graph-terminal-catalog-catalog_unknown.json (0.00s)
        journal_transport_test.go:780: pinned trace testdata/regressions/graph-terminal-catalog-catalog_unknown.json seed=6: simulation transport trace diverged
    --- FAIL: TestPinnedRegressionCorpus/graph-terminal-catalog-dry_run.json (0.00s)
        journal_transport_test.go:780: pinned trace testdata/regressions/graph-terminal-catalog-dry_run.json seed=4: simulation transport trace diverged
    --- FAIL: TestPinnedRegressionCorpus/graph-terminal-catalog-enqueue_drop.json (0.00s)
        journal_transport_test.go:780: pinned trace testdata/regressions/graph-terminal-catalog-enqueue_drop.json seed=7: simulation transport trace diverged
    --- FAIL: TestPinnedRegressionCorpus/graph-terminal-catalog-enqueue_lost_ack.json (0.00s)
        journal_transport_test.go:780: pinned trace testdata/regressions/graph-terminal-catalog-enqueue_lost_ack.json seed=15: simulation transport trace diverged
    --- FAIL: TestPinnedRegressionCorpus/graph-terminal-catalog-failed_terminal.json (0.00s)
        journal_transport_test.go:780: pinned trace testdata/regressions/graph-terminal-catalog-failed_terminal.json seed=3: simulation transport trace diverged
    --- FAIL: TestPinnedRegressionCorpus/graph-terminal-catalog-healthy.json (0.00s)
        journal_transport_test.go:780: pinned trace testdata/regressions/graph-terminal-catalog-healthy.json seed=1: simulation transport trace diverged
    --- FAIL: TestPinnedRegressionCorpus/graph-terminal-catalog-lookup_unknown.json (0.00s)
        journal_transport_test.go:780: pinned trace testdata/regressions/graph-terminal-catalog-lookup_unknown.json seed=5: simulation transport trace diverged
    --- FAIL: TestPinnedRegressionCorpus/graph-terminal-catalog-repeat_delete.json (0.00s)
        journal_transport_test.go:780: pinned trace testdata/regressions/graph-terminal-catalog-repeat_delete.json seed=12: simulation transport trace diverged
    --- FAIL: TestPinnedRegressionCorpus/graph-terminal-catalog-watermark_unknown.json (0.00s)
        journal_transport_test.go:780: pinned trace testdata/regressions/graph-terminal-catalog-watermark_unknown.json seed=23: simulation transport trace diverged
    --- FAIL: TestPinnedRegressionCorpus/graph-terminal-projection-concurrent_mirror.json (0.00s)
        journal_transport_test.go:780: pinned trace testdata/regressions/graph-terminal-projection-concurrent_mirror.json seed=11: unsafe ACK/NAK decision missing_state: 0/1
    --- FAIL: TestPinnedRegressionCorpus/graph-terminal-projection-create_drop.json (0.00s)
        journal_transport_test.go:780: pinned trace testdata/regressions/graph-terminal-projection-create_drop.json seed=1: simulation transport trace diverged
    --- FAIL: TestPinnedRegressionCorpus/graph-terminal-projection-create_lost_ack.json (0.00s)
        journal_transport_test.go:780: pinned trace testdata/regressions/graph-terminal-projection-create_lost_ack.json seed=13: uncertain projection repair authorized ACK: 1/0/1
    --- FAIL: TestPinnedRegressionCorpus/graph-terminal-projection-missing.json (0.00s)
        journal_transport_test.go:780: pinned trace testdata/regressions/graph-terminal-projection-missing.json seed=3: simulation transport trace diverged
    --- FAIL: TestPinnedRegressionCorpus/graph-terminal-projection-purge_at_create.json (0.00s)
        journal_transport_test.go:780: pinned trace testdata/regressions/graph-terminal-projection-purge_at_create.json seed=4: simulation transport trace diverged
    --- FAIL: TestPinnedRegressionCorpus/graph-worker-terminal-ack_lost.json (0.00s)
        journal_transport_test.go:780: pinned trace testdata/regressions/graph-worker-terminal-ack_lost.json seed=16: simulation transport trace diverged
    --- FAIL: TestPinnedRegressionCorpus/graph-worker-terminal-cancelled_timer.json (0.00s)
        journal_transport_test.go:780: pinned trace testdata/regressions/graph-worker-terminal-cancelled_timer.json seed=24: simulation transport trace diverged
    --- FAIL: TestPinnedRegressionCorpus/graph-worker-terminal-completed.json (0.00s)
        journal_transport_test.go:780: pinned trace testdata/regressions/graph-worker-terminal-completed.json seed=10: simulation transport trace diverged
    --- FAIL: TestPinnedRegressionCorpus/graph-worker-terminal-failed.json (0.00s)
        journal_transport_test.go:780: pinned trace testdata/regressions/graph-worker-terminal-failed.json seed=12: simulation transport trace diverged
    --- FAIL: TestPinnedRegressionCorpus/graph-worker-terminal-forged_state.json (0.00s)
        journal_transport_test.go:780: pinned trace testdata/regressions/graph-worker-terminal-forged_state.json seed=3: simulation transport trace diverged
    --- FAIL: TestPinnedRegressionCorpus/graph-worker-terminal-missing_state.json (0.00s)
        journal_transport_test.go:780: pinned trace testdata/regressions/graph-worker-terminal-missing_state.json seed=6: simulation transport trace diverged
    --- FAIL: TestPinnedRegressionCorpus/graph-worker-terminal-parent_notify.json (0.00s)
        journal_transport_test.go:780: pinned trace testdata/regressions/graph-worker-terminal-parent_notify.json seed=4: simulation transport trace diverged
FAIL
FAIL	js-wf/sim	2.507s
FAIL
