=== RUN   TestNativeGraphRetentionSDKBoundarySIGKILL
=== RUN   TestNativeGraphRetentionSDKBoundarySIGKILL/cut1/reusefalse
    graph_workflow_kill_test.go:102: RAW_GRAPH_AUDIT roots=2 forests=6 records=10 nodes=15 payload_edges=12
    graph_workflow_kill_test.go:102: SIGKILL pid=202098 cut=1 kind=StepRequested reuse=false leaseTTL=12s ackWait=13s accepted_prefix=2 final_entries=6
    graph_workflow_kill_test.go:212: child output: 
=== RUN   TestNativeGraphRetentionSDKBoundarySIGKILL/cut2/reusefalse
    graph_workflow_kill_test.go:102: RAW_GRAPH_AUDIT roots=2 forests=6 records=11 nodes=16 payload_edges=13
    graph_workflow_kill_test.go:102: SIGKILL pid=202112 cut=2 kind=StepCompleted reuse=false leaseTTL=12s ackWait=13s accepted_prefix=3 final_entries=6
    graph_workflow_kill_test.go:212: child output: 
=== RUN   TestNativeGraphRetentionSDKBoundarySIGKILL/cut3/reusefalse
    graph_workflow_kill_test.go:102: RAW_GRAPH_AUDIT roots=2 forests=6 records=12 nodes=19 payload_edges=14
    graph_workflow_kill_test.go:102: SIGKILL pid=202123 cut=3 kind=StepRequested reuse=false leaseTTL=12s ackWait=13s accepted_prefix=4 final_entries=6
    graph_workflow_kill_test.go:212: child output: 
=== RUN   TestNativeGraphRetentionSDKBoundarySIGKILL/cut3/reusetrue
    graph_workflow_kill_test.go:102: RAW_GRAPH_AUDIT roots=2 forests=6 records=15 nodes=23 payload_edges=18
    graph_workflow_kill_test.go:102: SIGKILL pid=202143 cut=3 kind=StepRequested reuse=true leaseTTL=12s ackWait=13s accepted_prefix=4 final_entries=6
    graph_workflow_kill_test.go:212: child output: 
=== RUN   TestNativeGraphRetentionSDKBoundarySIGKILL/cut4/reusefalse
    graph_workflow_kill_test.go:102: RAW_GRAPH_AUDIT roots=2 forests=6 records=13 nodes=20 payload_edges=15
    graph_workflow_kill_test.go:102: SIGKILL pid=202157 cut=4 kind=StepCompleted reuse=false leaseTTL=12s ackWait=13s accepted_prefix=5 final_entries=6
    graph_workflow_kill_test.go:212: child output: 
=== RUN   TestNativeGraphRetentionSDKBoundarySIGKILL/cut4/reusetrue
    graph_workflow_kill_test.go:102: RAW_GRAPH_AUDIT roots=2 forests=6 records=16 nodes=24 payload_edges=19
    graph_workflow_kill_test.go:102: SIGKILL pid=202173 cut=4 kind=StepCompleted reuse=true leaseTTL=12s ackWait=13s accepted_prefix=5 final_entries=6
    graph_workflow_kill_test.go:212: child output: 
--- PASS: TestNativeGraphRetentionSDKBoundarySIGKILL (137.59s)
    --- PASS: TestNativeGraphRetentionSDKBoundarySIGKILL/cut1/reusefalse (19.19s)
    --- PASS: TestNativeGraphRetentionSDKBoundarySIGKILL/cut2/reusefalse (23.68s)
    --- PASS: TestNativeGraphRetentionSDKBoundarySIGKILL/cut3/reusefalse (23.12s)
    --- PASS: TestNativeGraphRetentionSDKBoundarySIGKILL/cut3/reusetrue (24.52s)
    --- PASS: TestNativeGraphRetentionSDKBoundarySIGKILL/cut4/reusefalse (23.03s)
    --- PASS: TestNativeGraphRetentionSDKBoundarySIGKILL/cut4/reusetrue (24.04s)
PASS
ok  	js-wf/retention	138.684s
