=== RUN   TestScanWorkflowCallsAndShadows
--- PASS: TestScanWorkflowCallsAndShadows (0.00s)
=== RUN   TestScanSafeWorkflowAndInvalidInput
--- PASS: TestScanSafeWorkflowAndInvalidInput (0.00s)
=== RUN   TestScanDotImportsGenericCallsAndJournaledEffects
=== RUN   TestScanDotImportsGenericCallsAndJournaledEffects/dot-clock
=== RUN   TestScanDotImportsGenericCallsAndJournaledEffects/dot-context-and-effects
=== RUN   TestScanDotImportsGenericCallsAndJournaledEffects/dot-rand-v2
=== RUN   TestScanDotImportsGenericCallsAndJournaledEffects/dot-crypto-rand
=== RUN   TestScanDotImportsGenericCallsAndJournaledEffects/named-generic-and-parentheses
--- PASS: TestScanDotImportsGenericCallsAndJournaledEffects (0.01s)
    --- PASS: TestScanDotImportsGenericCallsAndJournaledEffects/dot-clock (0.00s)
    --- PASS: TestScanDotImportsGenericCallsAndJournaledEffects/dot-context-and-effects (0.00s)
    --- PASS: TestScanDotImportsGenericCallsAndJournaledEffects/dot-rand-v2 (0.00s)
    --- PASS: TestScanDotImportsGenericCallsAndJournaledEffects/dot-crypto-rand (0.00s)
    --- PASS: TestScanDotImportsGenericCallsAndJournaledEffects/named-generic-and-parentheses (0.00s)
PASS
ok  	js-wf/workflowlint	1.022s
=== RUN   TestCommandReportsAndFailsOnWorkflowClockCall
--- PASS: TestCommandReportsAndFailsOnWorkflowClockCall (0.00s)
PASS
ok  	js-wf/cmd/wf-lint	1.013s
