=== RUN   TestOperatorStandaloneCommands
    main_test.go:183: operator standalone process domain="" pid=934245 exit=0
    main_test.go:183: operator standalone process domain="" pid=934318 exit=0
    main_test.go:183: operator standalone process domain="" pid=934468 exit=0
    main_test.go:183: operator standalone process domain="" pid=934671 exit=1
    main_test.go:183: operator standalone process domain="" pid=934703 exit=0
    main_test.go:183: operator standalone process domain="" pid=934766 exit=0
    main_test.go:183: operator standalone process domain="" pid=934831 exit=0
    main_test.go:183: operator standalone process domain="" pid=934894 exit=0
    main_test.go:183: operator standalone process domain="" pid=934958 exit=0
    main_test.go:183: operator standalone process domain="" pid=935032 exit=0
    main_test.go:183: operator standalone process domain="" pid=935336 exit=0
    main_test.go:183: operator standalone process domain="" pid=935394 exit=1
    main_test.go:183: operator standalone process domain="" pid=935399 exit=1
    main_test.go:183: operator standalone process domain="" pid=935450 exit=0
    main_test.go:183: operator standalone process domain="" pid=935518 exit=0
    main_test.go:183: operator standalone process domain="" pid=935629 exit=0
    main_test.go:183: operator standalone process domain="" pid=935716 exit=1
    main_test.go:183: operator standalone process domain="" pid=935746 exit=0
    main_test.go:183: operator standalone process domain="" pid=935803 exit=0
    main_test.go:183: operator standalone process domain="" pid=935861 exit=0
    main_test.go:183: operator standalone process domain="" pid=935920 exit=0
    main_test.go:183: operator standalone process domain="" pid=935978 exit=0
    standalone_test.go:175: operator standalone commands domain="" processes=22 exe_sha256=7e55d291f63105ebf9027c6fd51c104f27efdbf19fe6352e053409c176423cce
--- PASS: TestOperatorStandaloneCommands (28.68s)
=== RUN   TestOperatorStandaloneCommandsInJetStreamDomain
    main_test.go:160: operator domain admitted node=0 domain=WFOPS server_id=NDB3P2BCNCGUUN5JYVP5ALXAAYOZHOKN3JVWDC5OLU5LY7B2P2FPJBVI
    main_test.go:160: operator domain admitted node=1 domain=WFOPS server_id=NB2ICHQYBNDUSL5DWTURKQDE6ZSYAIIT6QLGWS5RVWGTLJIYHP5NSDPX
    main_test.go:160: operator domain admitted node=2 domain=WFOPS server_id=NC7PBVDBHX57KR5SV4KCGUJOXIXJGLH5IAM3ZL2GD432XIDXJFV3JKXQ
    main_test.go:183: operator standalone process domain="WFOPS" pid=937182 exit=1
    main_test.go:183: operator standalone process domain="WFOPS" pid=937187 exit=0
    main_test.go:183: operator standalone process domain="WFOPS" pid=937244 exit=0
    main_test.go:183: operator standalone process domain="WFOPS" pid=937443 exit=0
    main_test.go:183: operator standalone process domain="WFOPS" pid=937706 exit=1
    main_test.go:183: operator standalone process domain="WFOPS" pid=937719 exit=0
    main_test.go:183: operator standalone process domain="WFOPS" pid=937809 exit=0
    main_test.go:183: operator standalone process domain="WFOPS" pid=937872 exit=0
    main_test.go:183: operator standalone process domain="WFOPS" pid=937930 exit=0
    main_test.go:183: operator standalone process domain="WFOPS" pid=938017 exit=0
    main_test.go:183: operator standalone process domain="WFOPS" pid=938103 exit=0
    main_test.go:183: operator standalone process domain="WFOPS" pid=938165 exit=0
    main_test.go:183: operator standalone process domain="WFOPS" pid=938232 exit=1
    main_test.go:183: operator standalone process domain="WFOPS" pid=938250 exit=1
    main_test.go:183: operator standalone process domain="WFOPS" pid=938299 exit=0
    main_test.go:183: operator standalone process domain="WFOPS" pid=938396 exit=0
    main_test.go:183: operator standalone process domain="WFOPS" pid=938505 exit=0
    main_test.go:183: operator standalone process domain="WFOPS" pid=938595 exit=1
    main_test.go:183: operator standalone process domain="WFOPS" pid=938632 exit=0
    main_test.go:183: operator standalone process domain="WFOPS" pid=938694 exit=0
    main_test.go:183: operator standalone process domain="WFOPS" pid=938750 exit=0
    main_test.go:183: operator standalone process domain="WFOPS" pid=938808 exit=0
    main_test.go:183: operator standalone process domain="WFOPS" pid=938890 exit=0
    standalone_test.go:175: operator standalone commands domain="WFOPS" processes=23 exe_sha256=7e55d291f63105ebf9027c6fd51c104f27efdbf19fe6352e053409c176423cce
--- PASS: TestOperatorStandaloneCommandsInJetStreamDomain (29.28s)
PASS
