=== RUN   TestGraphPrefixCompactionRechecksOriginalGrant
=== RUN   TestGraphPrefixCompactionRechecksOriginalGrant/prepare/missing
    compaction_test.go:367: revoked source grant accepted prepare missing
=== RUN   TestGraphPrefixCompactionRechecksOriginalGrant/prepare/destination
    compaction_test.go:367: revoked source grant accepted prepare destination
=== RUN   TestGraphPrefixCompactionRechecksOriginalGrant/prepare/location
    compaction_test.go:367: revoked source grant accepted prepare location
=== RUN   TestGraphPrefixCompactionRechecksOriginalGrant/commit/missing
    compaction_test.go:367: revoked source grant accepted commit missing
=== RUN   TestGraphPrefixCompactionRechecksOriginalGrant/commit/destination
    compaction_test.go:367: revoked source grant accepted commit destination
=== RUN   TestGraphPrefixCompactionRechecksOriginalGrant/commit/location
    compaction_test.go:367: revoked source grant accepted commit location
--- FAIL: TestGraphPrefixCompactionRechecksOriginalGrant (0.00s)
    --- FAIL: TestGraphPrefixCompactionRechecksOriginalGrant/prepare/missing (0.00s)
    --- FAIL: TestGraphPrefixCompactionRechecksOriginalGrant/prepare/destination (0.00s)
    --- FAIL: TestGraphPrefixCompactionRechecksOriginalGrant/prepare/location (0.00s)
    --- FAIL: TestGraphPrefixCompactionRechecksOriginalGrant/commit/missing (0.00s)
    --- FAIL: TestGraphPrefixCompactionRechecksOriginalGrant/commit/destination (0.00s)
    --- FAIL: TestGraphPrefixCompactionRechecksOriginalGrant/commit/location (0.00s)
FAIL
FAIL	js-wf/internal/graphpublication	0.008s
FAIL
