--- FAIL: TestPinnedRegressionCorpus (12.58s)
    --- FAIL: TestPinnedRegressionCorpus/graph-compaction-append-race.json (0.04s)
        journal_transport_test.go:790: pinned trace testdata/regressions/graph-compaction-append-race.json seed=32: simulation transport trace diverged
    --- FAIL: TestPinnedRegressionCorpus/graph-compaction-cas-drop.json (0.09s)
        journal_transport_test.go:790: pinned trace testdata/regressions/graph-compaction-cas-drop.json seed=4: simulation transport trace diverged
    --- FAIL: TestPinnedRegressionCorpus/graph-compaction-cas-lost.json (0.08s)
        journal_transport_test.go:790: pinned trace testdata/regressions/graph-compaction-cas-lost.json seed=5: simulation transport trace diverged
    --- FAIL: TestPinnedRegressionCorpus/graph-compaction-cas-unconfirmed.json (0.02s)
        journal_transport_test.go:790: pinned trace testdata/regressions/graph-compaction-cas-unconfirmed.json seed=34: simulation transport trace diverged
    --- FAIL: TestPinnedRegressionCorpus/graph-compaction-collector-race.json (0.09s)
        journal_transport_test.go:790: pinned trace testdata/regressions/graph-compaction-collector-race.json seed=2: simulation transport trace diverged
    --- FAIL: TestPinnedRegressionCorpus/graph-compaction-normal.json (0.08s)
        journal_transport_test.go:790: pinned trace testdata/regressions/graph-compaction-normal.json seed=42: simulation transport trace diverged
    --- FAIL: TestPinnedRegressionCorpus/graph-compaction-protobuf.json (0.03s)
        journal_transport_test.go:790: pinned trace testdata/regressions/graph-compaction-protobuf.json seed=7: simulation transport trace diverged
    --- FAIL: TestPinnedRegressionCorpus/graph-compaction-put-drop.json (0.07s)
        journal_transport_test.go:790: pinned trace testdata/regressions/graph-compaction-put-drop.json seed=9: simulation transport trace diverged
    --- FAIL: TestPinnedRegressionCorpus/graph-compaction-put-lost.json (0.02s)
        journal_transport_test.go:790: pinned trace testdata/regressions/graph-compaction-put-lost.json seed=6: simulation transport trace diverged
    --- FAIL: TestPinnedRegressionCorpus/graph-compaction-reader-race.json (0.08s)
        journal_transport_test.go:790: pinned trace testdata/regressions/graph-compaction-reader-race.json seed=15: simulation transport trace diverged
    --- FAIL: TestPinnedRegressionCorpus/graph-compaction-release-drop.json (0.02s)
        journal_transport_test.go:790: pinned trace testdata/regressions/graph-compaction-release-drop.json seed=3: simulation transport trace diverged
    --- FAIL: TestPinnedRegressionCorpus/graph-compaction-release-lost.json (0.07s)
        journal_transport_test.go:790: pinned trace testdata/regressions/graph-compaction-release-lost.json seed=24: simulation transport trace diverged
    --- FAIL: TestPinnedRegressionCorpus/graph-compaction-release-unconfirmed.json (0.03s)
        journal_transport_test.go:790: pinned trace testdata/regressions/graph-compaction-release-unconfirmed.json seed=11: simulation transport trace diverged
    --- FAIL: TestPinnedRegressionCorpus/graph-compaction-retire-race.json (0.02s)
        journal_transport_test.go:790: pinned trace testdata/regressions/graph-compaction-retire-race.json seed=1: simulation transport trace diverged
FAIL
FAIL	js-wf/sim	12.590s
FAIL
