{
  "accepted": false,
  "execution_evidence_verified": true,
  "known_relocated_node_grant_validation_bug": true,
  "source": "2de6dfa93184b4489436bf55f29179684e4e08d2",
  "git_verified_inputs": 3407,
  "actual_supervisor_exit": 0,
  "race_seed_bodies": 1000,
  "normal_seed_bodies": 100000,
  "saved_pins": 853,
  "required_negative_failures": 6,
  "bounded_native": {
    "replicas": 1,
    "archive": true,
    "budget": 64,
    "entries": 64,
    "checkpoints": 2,
    "terminal_slot": 63,
    "forbidden_effects": 0
  },
  "binaries": {
    "graph-race": "de273f9b75650aa8df1aadfe10754e38f1d4d872734ea2f7fa77e09bf50accae",
    "worker-race": "c2308f3f78c476f84e6a615ed28a35d6599edd184dcfc85114de1ea0dad5427e",
    "sim-race": "7834ca7969358c68849928afa009c2b28319d5edb9b9a06a9db0febaa2eb85db",
    "sim-normal": "f56534a294eeb55090c0f6e5457b586f5c789a907e35c048faa811f109cd1a7e"
  },
  "scope": "Old frozen source has a confirmed relocated-node grant validation bug; successful commands do not qualify corrected grant safety. Frozen execution evidence only. Full latest source simulation suites, actual100000-entry gate, native fault/scale/soak/retention/import/admission/rollout remain open."
}
