2026-10-07T00:31:41.3275951Z Current runner version: '2.337.0'
2026-10-07T00:31:41.3294685Z ##[group]Runner Image Provisioner
2026-10-07T00:31:41.3295308Z Hosted Compute Agent
2026-10-07T00:31:41.3295676Z Version: 20260901.588
2026-10-07T00:31:41.3296066Z Commit: f88ec8081b781fac6c440065ac7ff9e710ce3d0b
2026-10-07T00:31:41.3296873Z Build Date: 2026-09-01T19:56:44Z
2026-10-07T00:31:41.3297329Z Worker ID: {14ff471b-4deb-40fd-b1d8-fded10e31047}
2026-10-07T00:31:41.3297814Z Azure Region: centralus
2026-10-07T00:31:41.3298181Z ##[endgroup]
2026-10-07T00:31:41.3298987Z ##[group]Operating System
2026-10-07T00:31:41.3299405Z Ubuntu
2026-10-07T00:31:41.3299776Z 24.04.5
2026-10-07T00:31:41.3300073Z LTS
2026-10-07T00:31:41.3300433Z ##[endgroup]
2026-10-07T00:31:41.3300786Z ##[group]Runner Image
2026-10-07T00:31:41.3301177Z Image: ubuntu-24.04
2026-10-07T00:31:41.3301592Z Version: 20260927.320.1
2026-10-07T00:31:41.3302354Z Included Software: https://github.com/actions/runner-images/blob/ubuntu24/20260927.320/images/ubuntu/Ubuntu2404-Readme.md
2026-10-07T00:31:41.3303428Z Image Release: https://github.com/actions/runner-images/releases/tag/ubuntu24%2F20260927.320
2026-10-07T00:31:41.3304025Z ##[endgroup]
2026-10-07T00:31:41.3304798Z ##[group]GITHUB_TOKEN Permissions
2026-10-07T00:31:41.3306195Z Contents: read
2026-10-07T00:31:41.3306547Z Metadata: read
2026-10-07T00:31:41.3306878Z Packages: read
2026-10-07T00:31:41.3307299Z ##[endgroup]
2026-10-07T00:31:41.3308652Z Secret source: Actions
2026-10-07T00:31:41.3309257Z Cache mode: write
2026-10-07T00:31:41.3309686Z Prepare workflow directory
2026-10-07T00:31:41.3782361Z Prepare all required actions
2026-10-07T00:31:41.3816350Z Getting action download info
2026-10-07T00:31:41.6252751Z Download action repository 'actions/checkout@v4' (SHA:11d5960a326750d5838078e36cf38b85af677262)
2026-10-07T00:31:41.9138881Z Download action repository 'actions/upload-artifact@v7' (SHA:043fb46d1a93c77aae656e7c1c64a875d1fc6a0a)
2026-10-07T00:31:42.1612636Z Download action repository 'actions/setup-go@v5' (SHA:40f1582b2485089dde7abd97c1529aa768e1baff)
2026-10-07T00:31:42.9094935Z Complete job name: leader (1)
2026-10-07T00:31:42.9616355Z ##[group]Run actions/checkout@v4
2026-10-07T00:31:42.9616789Z with:
2026-10-07T00:31:42.9617033Z   filter: blob:none
2026-10-07T00:31:42.9617301Z   sparse-checkout: .github
scripts

2026-10-07T00:31:42.9617623Z   repository: AntPAllen/js-wf
2026-10-07T00:31:42.9619283Z   token: ***
2026-10-07T00:31:42.9619530Z   ssh-strict: true
2026-10-07T00:31:42.9619770Z   ssh-user: git
2026-10-07T00:31:42.9620023Z   persist-credentials: true
2026-10-07T00:31:42.9620281Z   clean: true
2026-10-07T00:31:42.9620540Z   sparse-checkout-cone-mode: true
2026-10-07T00:31:42.9620815Z   fetch-depth: 1
2026-10-07T00:31:42.9621072Z   fetch-tags: false
2026-10-07T00:31:42.9621337Z   show-progress: true
2026-10-07T00:31:42.9621584Z   lfs: false
2026-10-07T00:31:42.9621821Z   submodules: false
2026-10-07T00:31:42.9622073Z   set-safe-directory: true
2026-10-07T00:31:42.9622358Z   allow-unsafe-pr-checkout: false
2026-10-07T00:31:42.9622919Z env:
2026-10-07T00:31:42.9623152Z   WF_MATRIX_CHAOS: 1
2026-10-07T00:31:42.9623455Z   WF_MATRIX_OPERATION_TIMINGS: 1
2026-10-07T00:31:42.9623727Z   WF_MATRIX_DURATION: 10m
2026-10-07T00:31:42.9623977Z   FIRST_SEED: 1
2026-10-07T00:31:42.9624215Z   LAST_SEED: 1
2026-10-07T00:31:42.9624459Z   MATRIX_ROW: partition
2026-10-07T00:31:42.9624710Z   MATRIX_TIMEOUT: 18m
2026-10-07T00:31:42.9625027Z   MATRIX_TEST: TestMixedMatrixServerPartitionEveryThirtySeconds
2026-10-07T00:31:42.9625372Z ##[endgroup]
2026-10-07T00:31:43.0312778Z Syncing repository: AntPAllen/js-wf
2026-10-07T00:31:43.0314515Z ##[group]Getting Git version info
2026-10-07T00:31:43.0315122Z Working directory is '/home/runner/work/js-wf/js-wf'
2026-10-07T00:31:43.0315871Z [command]/usr/bin/git version
2026-10-07T00:31:43.0386978Z git version 2.55.0
2026-10-07T00:31:43.0407411Z ##[endgroup]
2026-10-07T00:31:43.0419567Z Temporarily overriding HOME='/home/runner/work/_temp/e3e26066-aa70-4ae2-8103-7a8340068f33' before making global git config changes
2026-10-07T00:31:43.0421001Z Adding repository directory to the temporary git global config as a safe directory
2026-10-07T00:31:43.0426172Z [command]/usr/bin/git config --global --add safe.directory /home/runner/work/js-wf/js-wf
2026-10-07T00:31:43.1211230Z Deleting the contents of '/home/runner/work/js-wf/js-wf'
2026-10-07T00:31:43.1214990Z ##[group]Initializing the repository
2026-10-07T00:31:43.1218884Z [command]/usr/bin/git init /home/runner/work/js-wf/js-wf
2026-10-07T00:31:43.1430880Z hint: Using 'master' as the name for the initial branch. This default branch name
2026-10-07T00:31:43.1431955Z hint: will change to "main" in Git 3.0. To configure the initial branch name
2026-10-07T00:31:43.1441067Z hint: to use in all of your new repositories, which will suppress this warning,
2026-10-07T00:31:43.1441653Z hint: call:
2026-10-07T00:31:43.1442034Z hint:
2026-10-07T00:31:43.1442638Z hint: 	git config --global init.defaultBranch <name>
2026-10-07T00:31:43.1443082Z hint:
2026-10-07T00:31:43.1443509Z hint: Names commonly chosen instead of 'master' are 'main', 'trunk' and
2026-10-07T00:31:43.1444112Z hint: 'development'. The just-created branch can be renamed via this command:
2026-10-07T00:31:43.1444444Z hint:
2026-10-07T00:31:43.1444677Z hint: 	git branch -m <name>
2026-10-07T00:31:43.1444918Z hint:
2026-10-07T00:31:43.1445221Z hint: Disable this message with "git config set advice.defaultBranchName false"
2026-10-07T00:31:43.1445690Z Initialized empty Git repository in /home/runner/work/js-wf/js-wf/.git/
2026-10-07T00:31:43.1446746Z [command]/usr/bin/git remote add origin https://github.com/AntPAllen/js-wf
2026-10-07T00:31:43.1526512Z ##[endgroup]
2026-10-07T00:31:43.1527201Z ##[group]Disabling automatic garbage collection
2026-10-07T00:31:43.1530030Z [command]/usr/bin/git config --local gc.auto 0
2026-10-07T00:31:43.1701540Z ##[endgroup]
2026-10-07T00:31:43.1702220Z ##[group]Setting up auth
2026-10-07T00:31:43.1708082Z [command]/usr/bin/git config --local --name-only --get-regexp core\.sshCommand
2026-10-07T00:31:43.1745649Z [command]/usr/bin/git submodule foreach --recursive sh -c "git config --local --name-only --get-regexp 'core\.sshCommand' && git config --local --unset-all 'core.sshCommand' || :"
2026-10-07T00:31:43.2055991Z [command]/usr/bin/git config --local --name-only --get-regexp http\.https\:\/\/github\.com\/\.extraheader
2026-10-07T00:31:43.2084115Z [command]/usr/bin/git submodule foreach --recursive sh -c "git config --local --name-only --get-regexp 'http\.https\:\/\/github\.com\/\.extraheader' && git config --local --unset-all 'http.https://github.com/.extraheader' || :"
2026-10-07T00:31:43.2263938Z [command]/usr/bin/git config --local --name-only --get-regexp ^includeIf\.gitdir:
2026-10-07T00:31:43.2293393Z [command]/usr/bin/git submodule foreach --recursive git config --local --show-origin --name-only --get-regexp remote.origin.url
2026-10-07T00:31:43.2468068Z [command]/usr/bin/git config --local http.https://github.com/.extraheader AUTHORIZATION: basic ***
2026-10-07T00:31:43.3214914Z ##[endgroup]
2026-10-07T00:31:43.3215655Z ##[group]Fetching the repository
2026-10-07T00:31:43.3224759Z [command]/usr/bin/git -c protocol.version=2 fetch --no-tags --prune --no-recurse-submodules --filter=blob:none --depth=1 origin +d9093d74f4e18562d70173c0fc6715c394a0314a:refs/remotes/origin/main
2026-10-07T00:31:44.4871041Z From https://github.com/AntPAllen/js-wf
2026-10-07T00:31:44.4872745Z  * [new ref]         d9093d74f4e18562d70173c0fc6715c394a0314a -> origin/main
2026-10-07T00:31:44.4876779Z ##[endgroup]
2026-10-07T00:31:44.4877179Z ##[group]Determining the checkout info
2026-10-07T00:31:44.4877633Z ##[endgroup]
2026-10-07T00:31:44.4878028Z ##[group]Setting up sparse checkout
2026-10-07T00:31:44.4882164Z [command]/usr/bin/git sparse-checkout set .github scripts
2026-10-07T00:31:44.4984376Z ##[endgroup]
2026-10-07T00:31:44.4984855Z ##[group]Checking out the ref
2026-10-07T00:31:44.4988085Z [command]/usr/bin/git checkout --progress --force -B main refs/remotes/origin/main
2026-10-07T00:31:45.0008535Z Switched to a new branch 'main'
2026-10-07T00:31:45.0015274Z branch 'main' set up to track 'origin/main'.
2026-10-07T00:31:45.0019373Z ##[endgroup]
2026-10-07T00:31:45.0069567Z [command]/usr/bin/git log -1 --format=%H
2026-10-07T00:31:45.0096750Z d9093d74f4e18562d70173c0fc6715c394a0314a
2026-10-07T00:31:45.0269650Z ##[group]Run python3 scripts/materialize-workload-source.py --report "$RUNNER_TEMP/workload-source.json"
2026-10-07T00:31:45.0331592Z [36;1mpython3 scripts/materialize-workload-source.py --report "$RUNNER_TEMP/workload-source.json"[0m
2026-10-07T00:31:45.0557248Z shell: /usr/bin/bash -e {0}
2026-10-07T00:31:45.0557463Z env:
2026-10-07T00:31:45.0557592Z   WF_MATRIX_CHAOS: 1
2026-10-07T00:31:45.0557734Z   WF_MATRIX_OPERATION_TIMINGS: 1
2026-10-07T00:31:45.0557886Z   WF_MATRIX_DURATION: 10m
2026-10-07T00:31:45.0558024Z   FIRST_SEED: 1
2026-10-07T00:31:45.0558140Z   LAST_SEED: 1
2026-10-07T00:31:45.0558265Z   MATRIX_ROW: partition
2026-10-07T00:31:45.0558397Z   MATRIX_TIMEOUT: 18m
2026-10-07T00:31:45.0558630Z   MATRIX_TEST: TestMixedMatrixServerPartitionEveryThirtySeconds
2026-10-07T00:31:45.0558852Z ##[endgroup]
2026-10-07T00:31:46.9344099Z Verified source checkout d9093d74f4e18562d70173c0fc6715c394a0314a 1908 files 28135788 bytes
2026-10-07T00:31:46.9460389Z ##[group]Run actions/upload-artifact@v7
2026-10-07T00:31:46.9460606Z with:
2026-10-07T00:31:46.9460739Z   name: workload-source-partition-1
2026-10-07T00:31:46.9460919Z   path: /home/runner/work/_temp/workload-source.json
2026-10-07T00:31:46.9461096Z   if-no-files-found: error
2026-10-07T00:31:46.9461229Z   compression-level: 6
2026-10-07T00:31:46.9461354Z   overwrite: false
2026-10-07T00:31:46.9461476Z   include-hidden-files: false
2026-10-07T00:31:46.9461609Z   archive: true
2026-10-07T00:31:46.9461718Z env:
2026-10-07T00:31:46.9461822Z   WF_MATRIX_CHAOS: 1
2026-10-07T00:31:46.9461946Z   WF_MATRIX_OPERATION_TIMINGS: 1
2026-10-07T00:31:46.9462085Z   WF_MATRIX_DURATION: 10m
2026-10-07T00:31:46.9462207Z   FIRST_SEED: 1
2026-10-07T00:31:46.9462311Z   LAST_SEED: 1
2026-10-07T00:31:46.9462623Z   MATRIX_ROW: partition
2026-10-07T00:31:46.9462782Z   MATRIX_TIMEOUT: 18m
2026-10-07T00:31:46.9462962Z   MATRIX_TEST: TestMixedMatrixServerPartitionEveryThirtySeconds
2026-10-07T00:31:46.9463176Z ##[endgroup]
2026-10-07T00:31:47.0384493Z With the provided path, there will be 1 file uploaded
2026-10-07T00:31:47.0398449Z Artifact name is valid!
2026-10-07T00:31:47.0412909Z Root directory input is valid!
2026-10-07T00:31:47.3286783Z Uploading artifact: workload-source-partition-1.zip
2026-10-07T00:31:47.3319771Z Beginning upload of artifact content to blob storage
2026-10-07T00:31:47.5444976Z Uploaded bytes 94622
2026-10-07T00:31:47.5808788Z Finished uploading artifact content to blob storage!
2026-10-07T00:31:47.5809394Z SHA256 digest of uploaded artifact is 52d32571744c5431bcb2bbf7c703c0da28ae6a5df85cf1b9f66916791087d0c3
2026-10-07T00:31:47.5809798Z Finalizing artifact upload
2026-10-07T00:31:47.8843500Z Artifact workload-source-partition-1 successfully finalized. Artifact ID 11453915061
2026-10-07T00:31:47.8844366Z Artifact workload-source-partition-1 has been successfully uploaded! Final size is 94622 bytes. Artifact ID is 11453915061
2026-10-07T00:31:47.8845133Z Artifact download URL: https://github.com/AntPAllen/js-wf/actions/runs/37500390198/artifacts/11453915061
2026-10-07T00:31:47.8950516Z ##[group]Run actions/setup-go@v5
2026-10-07T00:31:47.8950669Z with:
2026-10-07T00:31:47.8950789Z   go-version-file: go.mod
2026-10-07T00:31:47.8950928Z   check-latest: false
2026-10-07T00:31:47.8952278Z   token: ***
2026-10-07T00:31:47.8952390Z   cache: true
2026-10-07T00:31:47.8952732Z env:
2026-10-07T00:31:47.8952848Z   WF_MATRIX_CHAOS: 1
2026-10-07T00:31:47.8952978Z   WF_MATRIX_OPERATION_TIMINGS: 1
2026-10-07T00:31:47.8953121Z   WF_MATRIX_DURATION: 10m
2026-10-07T00:31:47.8953254Z   FIRST_SEED: 1
2026-10-07T00:31:47.8953364Z   LAST_SEED: 1
2026-10-07T00:31:47.8953477Z   MATRIX_ROW: partition
2026-10-07T00:31:47.8953600Z   MATRIX_TIMEOUT: 18m
2026-10-07T00:31:47.8953785Z   MATRIX_TEST: TestMixedMatrixServerPartitionEveryThirtySeconds
2026-10-07T00:31:47.8954126Z ##[endgroup]
2026-10-07T00:31:47.9826356Z Setup go version spec 1.27.1
2026-10-07T00:31:47.9832272Z Attempting to download 1.27.1...
2026-10-07T00:31:47.9906910Z (node:2146) [DEP0040] DeprecationWarning: The `punycode` module is deprecated. Please use a userland alternative instead.
2026-10-07T00:31:47.9907537Z (Use `node --trace-deprecation ...` to show where the warning was created)
2026-10-07T00:31:48.6482682Z matching 1.27.1...
2026-10-07T00:31:48.6497597Z Acquiring 1.27.1 from https://github.com/actions/go-versions/releases/download/1.27.1-33583469715/go-1.27.1-linux-x64.tar.gz
2026-10-07T00:31:49.1331662Z Extracting Go...
2026-10-07T00:31:49.1415798Z [command]/usr/bin/tar xz --warning=no-unknown-keyword --overwrite -C /home/runner/work/_temp/52f563e9-8ba7-4b06-b311-d6e69eb80c3a -f /home/runner/work/_temp/a07be6ef-8662-4b70-bbc6-70696085a705
2026-10-07T00:31:50.4256057Z Successfully extracted go to /home/runner/work/_temp/52f563e9-8ba7-4b06-b311-d6e69eb80c3a
2026-10-07T00:31:50.4256547Z Adding to the cache ...
2026-10-07T00:31:54.7097988Z Successfully cached go to /opt/hostedtoolcache/go/1.27.1/x64
2026-10-07T00:31:54.7099707Z Added go to the path
2026-10-07T00:31:54.7101914Z Successfully set up Go version 1.27.1
2026-10-07T00:31:54.7271931Z [command]/opt/hostedtoolcache/go/1.27.1/x64/bin/go env GOMODCACHE
2026-10-07T00:31:54.7311420Z [command]/opt/hostedtoolcache/go/1.27.1/x64/bin/go env GOCACHE
2026-10-07T00:31:54.7352827Z /home/runner/go/pkg/mod
2026-10-07T00:31:54.7366440Z /home/runner/.cache/go-build
2026-10-07T00:31:54.8671107Z Cache hit for: setup-go-Linux-x64-ubuntu24-go-1.27.1-05fc3b25fc9f8da09ce7d05c0dc054d40239ab068ad334b7c31a444aad3c64eb
2026-10-07T00:31:54.8737172Z (node:2146) [DEP0169] DeprecationWarning: `url.parse()` behavior is not standardized and prone to errors that have security implications. Use the WHATWG URL API instead. CVEs are not issued for `url.parse()` vulnerabilities.
2026-10-07T00:31:56.0163250Z Received 104857600 of 209563510 (50.0%), 99.9 MBs/sec
2026-10-07T00:31:56.5597412Z Received 209563510 of 209563510 (100.0%), 129.4 MBs/sec
2026-10-07T00:31:56.5597781Z Cache Size: ~200 MB (209563510 B)
2026-10-07T00:31:56.5689235Z [command]/usr/bin/tar -xf /home/runner/work/_temp/393fe9e5-eff0-425e-88ce-ec1c8110b902/cache.tzst -P -C /home/runner/work/js-wf/js-wf --use-compress-program unzstd
2026-10-07T00:31:57.2847405Z Cache restored successfully
2026-10-07T00:31:57.2936993Z Cache restored from key: setup-go-Linux-x64-ubuntu24-go-1.27.1-05fc3b25fc9f8da09ce7d05c0dc054d40239ab068ad334b7c31a444aad3c64eb
2026-10-07T00:31:57.2963762Z go version go1.27.1 linux/amd64
2026-10-07T00:31:57.2963905Z 
2026-10-07T00:31:57.2964116Z ##[group]go env
2026-10-07T00:31:57.3080218Z AR='ar'
2026-10-07T00:31:57.3080447Z CC='gcc'
2026-10-07T00:31:57.3080634Z CGO_CFLAGS='-O2 -g'
2026-10-07T00:31:57.3080845Z CGO_CPPFLAGS=''
2026-10-07T00:31:57.3081045Z CGO_CXXFLAGS='-O2 -g'
2026-10-07T00:31:57.3083309Z CGO_ENABLED='1'
2026-10-07T00:31:57.3083535Z CGO_FFLAGS='-O2 -g'
2026-10-07T00:31:57.3083729Z CGO_LDFLAGS='-O2 -g'
2026-10-07T00:31:57.3083921Z CXX='g++'
2026-10-07T00:31:57.3084101Z GCCGO='gccgo'
2026-10-07T00:31:57.3084304Z GO111MODULE=''
2026-10-07T00:31:57.3084485Z GOAMD64='v1'
2026-10-07T00:31:57.3084659Z GOARCH='amd64'
2026-10-07T00:31:57.3085163Z GOAUTH='netrc'
2026-10-07T00:31:57.3085364Z GOBIN='/home/runner/go/bin'
2026-10-07T00:31:57.3085619Z GOCACHE='/home/runner/.cache/go-build'
2026-10-07T00:31:57.3085862Z GOCACHEPROG=''
2026-10-07T00:31:57.3086044Z GODEBUG=''
2026-10-07T00:31:57.3086235Z GOENV='/home/runner/.config/go/env'
2026-10-07T00:31:57.3086491Z GOEXE=''
2026-10-07T00:31:57.3086661Z GOEXPERIMENT=''
2026-10-07T00:31:57.3086854Z GOFIPS140='off'
2026-10-07T00:31:57.3087033Z GOFLAGS=''
2026-10-07T00:31:57.3087620Z GOGCCFLAGS='-fPIC -m64 -pthread -Wl,--no-gc-sections -fmessage-length=0 -ffile-prefix-map=/tmp/go-build3452086689=/tmp/go-build -gno-record-gcc-switches'
2026-10-07T00:31:57.3088214Z GOHOSTARCH='amd64'
2026-10-07T00:31:57.3088592Z GOHOSTOS='linux'
2026-10-07T00:31:57.3088780Z GOINSECURE=''
2026-10-07T00:31:57.3088997Z GOMOD='/home/runner/work/js-wf/js-wf/go.mod'
2026-10-07T00:31:57.3089279Z GOMODCACHE='/home/runner/go/pkg/mod'
2026-10-07T00:31:57.3089523Z GONOPROXY=''
2026-10-07T00:31:57.3089711Z GONOSUMDB=''
2026-10-07T00:31:57.3089885Z GOOS='linux'
2026-10-07T00:31:57.3090071Z GOPACKAGESDRIVER=''
2026-10-07T00:31:57.3090277Z GOPATH='/home/runner/go'
2026-10-07T00:31:57.3090484Z GOPRIVATE=''
2026-10-07T00:31:57.3090730Z GOPROXY='https://proxy.golang.org,direct'
2026-10-07T00:31:57.3091028Z GOROOT='/opt/hostedtoolcache/go/1.27.1/x64'
2026-10-07T00:31:57.3091306Z GOSUMDB='sum.golang.org'
2026-10-07T00:31:57.3091513Z GOTELEMETRY='local'
2026-10-07T00:31:57.3091758Z GOTELEMETRYDIR='/home/runner/.config/go/telemetry'
2026-10-07T00:31:57.3092038Z GOTMPDIR=''
2026-10-07T00:31:57.3092216Z GOTOOLCHAIN='auto'
2026-10-07T00:31:57.3092634Z GOTOOLDIR='/opt/hostedtoolcache/go/1.27.1/x64/pkg/tool/linux_amd64'
2026-10-07T00:31:57.3092948Z GOVCS=''
2026-10-07T00:31:57.3093116Z GOVERSION='go1.27.1'
2026-10-07T00:31:57.3093312Z GOWORK=''
2026-10-07T00:31:57.3093498Z PKG_CONFIG='pkg-config'
2026-10-07T00:31:57.3093628Z 
2026-10-07T00:31:57.3093924Z ##[endgroup]
2026-10-07T00:31:57.3349057Z ##[group]Run set -o pipefail
2026-10-07T00:31:57.3349338Z [36;1mset -o pipefail[0m
2026-10-07T00:31:57.3349515Z [36;1mfor seed in $(seq "$FIRST_SEED" "$LAST_SEED"); do[0m
2026-10-07T00:31:57.3349788Z [36;1m  echo "Sustained matrix row=$MATRIX_ROW seed=$seed duration=$WF_MATRIX_DURATION"[0m
2026-10-07T00:31:57.3350097Z [36;1m  result_log="integration/matrix-${MATRIX_ROW}-${seed}-test.jsonl"[0m
2026-10-07T00:31:57.3350761Z [36;1m  FAULT_SEED="$seed" MATRIX_ARTIFACT_PREFIX="matrix-${MATRIX_ROW}-${seed}" go test -json ./integration -run "^${MATRIX_TEST}$" -count=1 -timeout="${MATRIX_TIMEOUT}" | tee "$result_log" | python3 -u scripts/render-go-test.py[0m
2026-10-07T00:31:57.3351359Z [36;1m  python3 scripts/check-matrix-result.py "$result_log" "$MATRIX_TEST" "$WF_MATRIX_DURATION"[0m
2026-10-07T00:31:57.3351630Z [36;1mdone[0m
2026-10-07T00:31:57.3408836Z shell: /usr/bin/bash -e {0}
2026-10-07T00:31:57.3408999Z env:
2026-10-07T00:31:57.3409118Z   WF_MATRIX_CHAOS: 1
2026-10-07T00:31:57.3409297Z   WF_MATRIX_OPERATION_TIMINGS: 1
2026-10-07T00:31:57.3409448Z   WF_MATRIX_DURATION: 10m
2026-10-07T00:31:57.3409585Z   FIRST_SEED: 1
2026-10-07T00:31:57.3409701Z   LAST_SEED: 1
2026-10-07T00:31:57.3409819Z   MATRIX_ROW: partition
2026-10-07T00:31:57.3409951Z   MATRIX_TIMEOUT: 18m
2026-10-07T00:31:57.3410145Z   MATRIX_TEST: TestMixedMatrixServerPartitionEveryThirtySeconds
2026-10-07T00:31:57.3410363Z ##[endgroup]
2026-10-07T00:31:57.3684312Z Sustained matrix row=partition seed=1 duration=10m
2026-10-07T00:31:57.6136950Z go: downloading google.golang.org/protobuf v1.36.6
2026-10-07T00:32:11.7137154Z === RUN   TestMixedMatrixServerPartitionEveryThirtySeconds
2026-10-07T00:32:21.9898319Z     mixed_matrix_leader_test.go:150: mixed batch=1 elapsed=4.511264464s
2026-10-07T00:32:25.9971208Z     mixed_matrix_leader_test.go:150: mixed batch=2 elapsed=8.518587879s
2026-10-07T00:32:30.0060798Z     mixed_matrix_leader_test.go:150: mixed batch=3 elapsed=12.527589349s
2026-10-07T00:32:34.0139541Z     mixed_matrix_leader_test.go:150: mixed batch=4 elapsed=16.534800023s
2026-10-07T00:32:38.0211752Z     mixed_matrix_leader_test.go:150: mixed batch=5 elapsed=20.542572153s
2026-10-07T00:32:42.0285383Z     mixed_matrix_leader_test.go:150: mixed batch=6 elapsed=24.550022494s
2026-10-07T00:32:46.0395498Z     mixed_matrix_leader_test.go:150: mixed batch=7 elapsed=28.561024611s
2026-10-07T00:33:11.2484637Z     mixed_matrix_leader_test.go:150: mixed batch=8 elapsed=53.769963255s
2026-10-07T00:33:13.7215463Z     mixed_matrix_leader_test.go:651: server_partition fault node=2 nodes=[] worker= pid=0 active_leases=0 routes=[4 4 0] majority_seq=1 consumer= pending=0 ack_pending=0 scheduled=30s killed=30.000840943s healed=56.242806944s
2026-10-07T00:33:20.0561442Z     mixed_matrix_leader_test.go:150: mixed batch=9 elapsed=1m2.577699179s
2026-10-07T00:33:25.0958768Z     mixed_matrix_leader_test.go:150: mixed batch=10 elapsed=1m7.615971327s
2026-10-07T00:33:25.0959725Z     mixed_matrix_leader_test.go:675: checkpoint audit batch=10 invocation_cutoff=280 started elapsed=1m7.616087965s
2026-10-07T00:33:25.2923362Z     mixed_matrix_leader_test.go:687: checkpoint audit batch=10 complete report={Invocations:280 Journals:280 Entries:3087 Terminal:280} elapsed=1m7.813880378s
2026-10-07T00:33:35.9160153Z     mixed_matrix_leader_test.go:651: server_partition fault node=2 nodes=[] worker= pid=0 active_leases=0 routes=[4 4 0] majority_seq=2 consumer= pending=0 ack_pending=0 scheduled=1m0s killed=1m0.000023145s healed=1m18.437522236s
2026-10-07T00:33:42.5027222Z     mixed_matrix_leader_test.go:150: mixed batch=11 elapsed=1m25.023912623s
2026-10-07T00:33:47.7098969Z     mixed_matrix_leader_test.go:150: mixed batch=12 elapsed=1m30.231466185s
2026-10-07T00:33:51.5140471Z     mixed_matrix_leader_test.go:150: mixed batch=13 elapsed=1m34.035350914s
2026-10-07T00:33:56.6459345Z     mixed_matrix_leader_test.go:150: mixed batch=14 elapsed=1m39.167403419s
2026-10-07T00:34:07.0777069Z     mixed_matrix_leader_test.go:651: server_partition fault node=2 nodes=[] worker= pid=0 active_leases=0 routes=[4 4 0] majority_seq=3 consumer= pending=0 ack_pending=0 scheduled=1m30s killed=1m30.000823526s healed=1m49.599172434s
2026-10-07T00:34:12.8525946Z     mixed_matrix_leader_test.go:150: mixed batch=15 elapsed=1m55.373841037s
2026-10-07T00:34:18.0585655Z     mixed_matrix_leader_test.go:150: mixed batch=16 elapsed=2m0.580050003s
2026-10-07T00:34:21.8643640Z     mixed_matrix_leader_test.go:150: mixed batch=17 elapsed=2m4.38585328s
2026-10-07T00:34:25.8695875Z     mixed_matrix_leader_test.go:150: mixed batch=18 elapsed=2m8.391107562s
2026-10-07T00:34:34.7223972Z     mixed_matrix_leader_test.go:651: server_partition fault node=2 nodes=[] worker= pid=0 active_leases=0 routes=[4 4 0] majority_seq=4 consumer= pending=0 ack_pending=0 scheduled=2m0s killed=2m0.000560274s healed=2m17.243952863s
2026-10-07T00:34:40.2753324Z     mixed_matrix_leader_test.go:150: mixed batch=19 elapsed=2m22.796774005s
2026-10-07T00:34:45.4829075Z     mixed_matrix_leader_test.go:150: mixed batch=20 elapsed=2m28.003535925s
2026-10-07T00:34:45.4831829Z     mixed_matrix_leader_test.go:675: checkpoint audit batch=20 invocation_cutoff=560 started elapsed=2m28.003641362s
2026-10-07T00:34:45.8702983Z     mixed_matrix_leader_test.go:687: checkpoint audit batch=20 complete report={Invocations:560 Journals:560 Entries:6178 Terminal:560} elapsed=2m28.391789881s
2026-10-07T00:34:50.6924054Z     mixed_matrix_leader_test.go:150: mixed batch=21 elapsed=2m33.213917448s
2026-10-07T00:34:55.9025560Z     mixed_matrix_leader_test.go:150: mixed batch=22 elapsed=2m38.422789439s
2026-10-07T00:35:04.6902040Z     mixed_matrix_leader_test.go:651: server_partition fault node=2 nodes=[] worker= pid=0 active_leases=0 routes=[4 4 0] majority_seq=5 consumer= pending=0 ack_pending=0 scheduled=2m30s killed=2m30.000032137s healed=2m47.211770708s
2026-10-07T00:35:12.1092233Z     mixed_matrix_leader_test.go:150: mixed batch=23 elapsed=2m54.630353172s
2026-10-07T00:35:17.2146937Z     mixed_matrix_leader_test.go:150: mixed batch=24 elapsed=2m59.736136719s
2026-10-07T00:35:22.2578187Z     mixed_matrix_leader_test.go:150: mixed batch=25 elapsed=3m4.779325065s
2026-10-07T00:35:26.0631493Z     mixed_matrix_leader_test.go:150: mixed batch=26 elapsed=3m8.584650875s
2026-10-07T00:35:35.4381741Z     mixed_matrix_leader_test.go:651: server_partition fault node=2 nodes=[] worker= pid=0 active_leases=0 routes=[4 4 0] majority_seq=6 consumer= pending=0 ack_pending=0 scheduled=3m0s killed=3m0.001041434s healed=3m17.959726742s
2026-10-07T00:35:44.4698343Z     mixed_matrix_leader_test.go:150: mixed batch=27 elapsed=3m26.991366204s
2026-10-07T00:35:49.6758215Z     mixed_matrix_leader_test.go:150: mixed batch=28 elapsed=3m32.197353668s
2026-10-07T00:35:54.8046562Z     mixed_matrix_leader_test.go:150: mixed batch=29 elapsed=3m37.326185611s
2026-10-07T00:36:05.6459740Z     mixed_matrix_leader_test.go:651: server_partition fault node=2 nodes=[] worker= pid=0 active_leases=0 routes=[4 4 0] majority_seq=7 consumer= pending=0 ack_pending=0 scheduled=3m30s killed=3m30.000696746s healed=3m48.167555359s
2026-10-07T00:36:11.0095437Z     mixed_matrix_leader_test.go:150: mixed batch=30 elapsed=3m53.531070279s
2026-10-07T00:36:11.0102757Z     mixed_matrix_leader_test.go:675: checkpoint audit batch=30 invocation_cutoff=840 started elapsed=3m53.531159492s
2026-10-07T00:36:11.4930219Z     mixed_matrix_leader_test.go:687: checkpoint audit batch=30 complete report={Invocations:840 Journals:840 Entries:9262 Terminal:840} elapsed=3m54.01400795s
2026-10-07T00:36:16.2177599Z     mixed_matrix_leader_test.go:150: mixed batch=31 elapsed=3m58.739227005s
2026-10-07T00:36:21.4226381Z     mixed_matrix_leader_test.go:150: mixed batch=32 elapsed=4m3.944157152s
2026-10-07T00:36:26.6272283Z     mixed_matrix_leader_test.go:150: mixed batch=33 elapsed=4m9.148802967s
2026-10-07T00:36:35.5359215Z     mixed_matrix_leader_test.go:651: server_partition fault node=2 nodes=[] worker= pid=0 active_leases=0 routes=[4 4 0] majority_seq=8 consumer= pending=0 ack_pending=0 scheduled=4m0s killed=4m0.001000657s healed=4m18.057445134s
2026-10-07T00:36:37.8316179Z     mixed_matrix_leader_test.go:150: mixed batch=34 elapsed=4m20.353124631s
2026-10-07T00:36:45.8365935Z     mixed_matrix_leader_test.go:150: mixed batch=35 elapsed=4m28.358104112s
2026-10-07T00:36:51.0426243Z     mixed_matrix_leader_test.go:150: mixed batch=36 elapsed=4m33.564139046s
2026-10-07T00:36:56.1705175Z     mixed_matrix_leader_test.go:150: mixed batch=37 elapsed=4m38.691818239s
2026-10-07T00:37:05.1682963Z     mixed_matrix_leader_test.go:651: server_partition fault node=2 nodes=[] worker= pid=0 active_leases=0 routes=[4 4 0] majority_seq=9 consumer= pending=0 ack_pending=0 scheduled=4m30s killed=4m30.000385532s healed=4m47.689839603s
2026-10-07T00:37:13.9758870Z     mixed_matrix_leader_test.go:150: mixed batch=38 elapsed=4m56.497385529s
2026-10-07T00:37:19.0806227Z     mixed_matrix_leader_test.go:150: mixed batch=39 elapsed=5m1.602034659s
2026-10-07T00:37:24.2102724Z     mixed_matrix_leader_test.go:150: mixed batch=40 elapsed=5m6.731767016s
2026-10-07T00:37:24.2104298Z     mixed_matrix_leader_test.go:675: checkpoint audit batch=40 invocation_cutoff=1120 started elapsed=5m6.731870981s
2026-10-07T00:37:26.7508563Z     mixed_matrix_leader_test.go:687: checkpoint audit batch=40 complete report={Invocations:1120 Journals:1120 Entries:12345 Terminal:1120} elapsed=5m9.27243124s
2026-10-07T00:37:36.2888153Z     mixed_matrix_leader_test.go:651: server_partition fault node=2 nodes=[] worker= pid=0 active_leases=0 routes=[4 4 0] majority_seq=10 consumer= pending=0 ack_pending=0 scheduled=5m0s killed=5m0.000210673s healed=5m18.81034151s
2026-10-07T00:37:40.6182756Z     mixed_matrix_leader_test.go:150: mixed batch=41 elapsed=5m23.139818324s
2026-10-07T00:37:45.8236864Z     mixed_matrix_leader_test.go:150: mixed batch=42 elapsed=5m28.345100266s
2026-10-07T00:37:51.0303853Z     mixed_matrix_leader_test.go:150: mixed batch=43 elapsed=5m33.551722956s
2026-10-07T00:37:56.2358697Z     mixed_matrix_leader_test.go:150: mixed batch=44 elapsed=5m38.757378264s
2026-10-07T00:38:04.6272872Z     mixed_matrix_leader_test.go:651: server_partition fault node=2 nodes=[] worker= pid=0 active_leases=0 routes=[4 4 0] majority_seq=11 consumer= pending=0 ack_pending=0 scheduled=5m30s killed=5m30.000274236s healed=5m47.148825888s
2026-10-07T00:38:14.4419001Z     mixed_matrix_leader_test.go:150: mixed batch=45 elapsed=5m56.963452068s
2026-10-07T00:38:19.6475064Z     mixed_matrix_leader_test.go:150: mixed batch=46 elapsed=6m2.168952795s
2026-10-07T00:38:24.7748277Z     mixed_matrix_leader_test.go:150: mixed batch=47 elapsed=6m7.296240649s
2026-10-07T00:38:36.0421403Z     mixed_matrix_leader_test.go:651: server_partition fault node=2 nodes=[] worker= pid=0 active_leases=0 routes=[4 4 0] majority_seq=12 consumer= pending=0 ack_pending=0 scheduled=6m0s killed=6m0.0004471s healed=6m18.563654059s
2026-10-07T00:38:37.0800563Z     mixed_matrix_leader_test.go:150: mixed batch=48 elapsed=6m19.601588742s
2026-10-07T00:38:42.2096701Z     mixed_matrix_leader_test.go:150: mixed batch=49 elapsed=6m24.731064898s
2026-10-07T00:38:47.4157907Z     mixed_matrix_leader_test.go:150: mixed batch=50 elapsed=6m29.937221859s
2026-10-07T00:38:47.4158825Z     mixed_matrix_leader_test.go:675: checkpoint audit batch=50 invocation_cutoff=1400 started elapsed=6m29.93731354s
2026-10-07T00:38:48.1112964Z     mixed_matrix_leader_test.go:687: checkpoint audit batch=50 complete report={Invocations:1400 Journals:1400 Entries:15428 Terminal:1400} elapsed=6m30.632860367s
2026-10-07T00:38:52.6207163Z     mixed_matrix_leader_test.go:150: mixed batch=51 elapsed=6m35.142239949s
2026-10-07T00:39:05.8005989Z     mixed_matrix_leader_test.go:651: server_partition fault node=2 nodes=[] worker= pid=0 active_leases=0 routes=[4 4 0] majority_seq=13 consumer= pending=0 ack_pending=0 scheduled=6m30s killed=6m30.000018429s healed=6m48.322074794s
2026-10-07T00:39:11.9258682Z     mixed_matrix_leader_test.go:150: mixed batch=52 elapsed=6m54.447388705s
2026-10-07T00:39:17.1321444Z     mixed_matrix_leader_test.go:150: mixed batch=53 elapsed=6m59.653681249s
2026-10-07T00:39:22.3371717Z     mixed_matrix_leader_test.go:150: mixed batch=54 elapsed=7m4.858676539s
2026-10-07T00:39:27.5424419Z     mixed_matrix_leader_test.go:150: mixed batch=55 elapsed=7m10.063951928s
2026-10-07T00:39:35.0214112Z     mixed_matrix_leader_test.go:651: server_partition fault node=2 nodes=[] worker= pid=0 active_leases=0 routes=[4 4 0] majority_seq=14 consumer= pending=0 ack_pending=0 scheduled=7m0s killed=7m0.000487196s healed=7m17.542980117s
2026-10-07T00:39:43.6271655Z     mixed_matrix_leader_test.go:150: mixed batch=56 elapsed=7m26.148686532s
2026-10-07T00:39:48.8324275Z     mixed_matrix_leader_test.go:150: mixed batch=57 elapsed=7m31.353944749s
2026-10-07T00:39:53.9580993Z     mixed_matrix_leader_test.go:150: mixed batch=58 elapsed=7m36.479551755s
2026-10-07T00:40:05.8295187Z     mixed_matrix_leader_test.go:651: server_partition fault node=2 nodes=[] worker= pid=0 active_leases=0 routes=[4 4 0] majority_seq=15 consumer= pending=0 ack_pending=0 scheduled=7m30s killed=7m30.000979741s healed=7m48.351087137s
2026-10-07T00:40:10.4614127Z     mixed_matrix_leader_test.go:150: mixed batch=59 elapsed=7m52.982958314s
2026-10-07T00:40:15.6733763Z     mixed_matrix_leader_test.go:150: mixed batch=60 elapsed=7m58.191694769s
2026-10-07T00:40:15.6778092Z     mixed_matrix_leader_test.go:675: checkpoint audit batch=60 invocation_cutoff=1680 started elapsed=7m58.191800973s
2026-10-07T00:40:16.4397184Z     mixed_matrix_leader_test.go:687: checkpoint audit batch=60 complete report={Invocations:1680 Journals:1680 Entries:18514 Terminal:1680} elapsed=7m58.961231854s
2026-10-07T00:40:20.8800734Z     mixed_matrix_leader_test.go:150: mixed batch=61 elapsed=8m3.401515557s
2026-10-07T00:40:26.0865990Z     mixed_matrix_leader_test.go:150: mixed batch=62 elapsed=8m8.608105137s
2026-10-07T00:40:35.9657043Z     mixed_matrix_leader_test.go:651: server_partition fault node=2 nodes=[] worker= pid=0 active_leases=0 routes=[4 4 0] majority_seq=16 consumer= pending=0 ack_pending=0 scheduled=8m0s killed=8m0.000562095s healed=8m18.487293895s
2026-10-07T00:40:40.2924885Z     mixed_matrix_leader_test.go:150: mixed batch=63 elapsed=8m22.814042155s
2026-10-07T00:40:44.2999736Z     mixed_matrix_leader_test.go:150: mixed batch=64 elapsed=8m26.821510306s
2026-10-07T00:40:49.5068156Z     mixed_matrix_leader_test.go:150: mixed batch=65 elapsed=8m32.028094833s
2026-10-07T00:40:54.7139949Z     mixed_matrix_leader_test.go:150: mixed batch=66 elapsed=8m37.235346426s
2026-10-07T00:41:04.9152693Z     mixed_matrix_leader_test.go:651: server_partition fault node=2 nodes=[] worker= pid=0 active_leases=0 routes=[4 4 0] majority_seq=17 consumer= pending=0 ack_pending=0 scheduled=8m30s killed=8m30.000468406s healed=8m47.436702899s
2026-10-07T00:41:07.3199311Z     mixed_matrix_leader_test.go:150: mixed batch=67 elapsed=8m49.841484732s
2026-10-07T00:41:11.7624882Z     mixed_matrix_leader_test.go:150: mixed batch=68 elapsed=8m54.284038101s
2026-10-07T00:41:15.8704468Z     mixed_matrix_leader_test.go:150: mixed batch=69 elapsed=8m58.391933389s
2026-10-07T00:41:19.8782019Z     mixed_matrix_leader_test.go:150: mixed batch=70 elapsed=9m2.399744053s
2026-10-07T00:41:19.8783224Z     mixed_matrix_leader_test.go:675: checkpoint audit batch=70 invocation_cutoff=1960 started elapsed=9m2.39985258s
2026-10-07T00:41:22.7426116Z     mixed_matrix_leader_test.go:687: checkpoint audit batch=70 complete report={Invocations:1960 Journals:1960 Entries:21603 Terminal:1960} elapsed=9m5.264154863s
2026-10-07T00:41:23.8854888Z     mixed_matrix_leader_test.go:150: mixed batch=71 elapsed=9m6.407034238s
2026-10-07T00:41:35.3559107Z     mixed_matrix_leader_test.go:651: server_partition fault node=2 nodes=[] worker= pid=0 active_leases=0 routes=[4 4 0] majority_seq=18 consumer= pending=0 ack_pending=0 scheduled=9m0s killed=9m0.000222228s healed=9m17.877468591s
2026-10-07T00:41:40.4921578Z     mixed_matrix_leader_test.go:150: mixed batch=72 elapsed=9m23.013392712s
2026-10-07T00:41:45.6994359Z     mixed_matrix_leader_test.go:150: mixed batch=73 elapsed=9m28.220972276s
2026-10-07T00:41:50.9071176Z     mixed_matrix_leader_test.go:150: mixed batch=74 elapsed=9m33.428590983s
2026-10-07T00:41:56.1127424Z     mixed_matrix_leader_test.go:150: mixed batch=75 elapsed=9m38.634168169s
2026-10-07T00:42:05.5907119Z     mixed_matrix_leader_test.go:651: server_partition fault node=2 nodes=[] worker= pid=0 active_leases=0 routes=[4 4 0] majority_seq=19 consumer= pending=0 ack_pending=0 scheduled=9m30s killed=9m30.000021832s healed=9m48.112255475s
2026-10-07T00:42:12.3223818Z     mixed_matrix_leader_test.go:150: mixed batch=76 elapsed=9m54.843861232s
2026-10-07T00:42:17.3667516Z     mixed_matrix_leader_test.go:150: mixed batch=77 elapsed=9m59.888048649s
2026-10-07T00:42:22.5756111Z     mixed_matrix_leader_test.go:150: mixed batch=78 elapsed=10m5.096997777s
2026-10-07T00:42:31.8714992Z     mixed_matrix_leader_test.go:150: MATRIX_RETAINED row=server_partition report={Invocations:2184 Journals:2184 Entries:24071 Terminal:2184} expected_invocations=2184
2026-10-07T00:42:31.8819626Z     mixed_matrix_leader_test.go:150: MATRIX_RESULT row=server_partition seed=1 duration=10m0s release_duration=true batches=78 invocations=2184 faults=19 terminal_p99=11.189139932s
2026-10-07T00:42:31.8820628Z     mixed_matrix_leader_test.go:150: MATRIX_CELL type=matrixshort invocations=312 terminal_p99=6.39640344s
2026-10-07T00:42:31.8821472Z     mixed_matrix_leader_test.go:150: MATRIX_PROGRESS type=matrixshort enabled_events=312 progress_p99=6.387785778s progress_max=12.960234791s above_30s=0
2026-10-07T00:42:31.8822293Z     mixed_matrix_leader_test.go:150: MATRIX_CELL type=matrixtimer invocations=234 terminal_p99=12.861505676s
2026-10-07T00:42:31.8823309Z     mixed_matrix_leader_test.go:150: MATRIX_PROGRESS type=matrixtimer enabled_events=2106 progress_p99=10.861253879s progress_max=14.860554566s above_30s=0
2026-10-07T00:42:31.8824178Z     mixed_matrix_leader_test.go:150: MATRIX_CELL type=matrixsignal invocations=156 terminal_p99=14.160741282s
2026-10-07T00:42:31.8825097Z     mixed_matrix_leader_test.go:150: MATRIX_PROGRESS type=matrixsignal enabled_events=1404 progress_p99=4.942312658s progress_max=12.565140372s above_30s=0
2026-10-07T00:42:31.8825953Z     mixed_matrix_leader_test.go:150: MATRIX_CELL type=matrixfanout invocations=78 terminal_p99=19.107298061s
2026-10-07T00:42:31.8826833Z     mixed_matrix_leader_test.go:150: MATRIX_PROGRESS type=matrixfanout enabled_events=1014 progress_p99=38.295686ms progress_max=6.387819217s above_30s=0
2026-10-07T00:42:31.8828794Z     mixed_matrix_leader_test.go:150: MATRIX_CELL type=matrixchild invocations=468 terminal_p99=5.012042384s
2026-10-07T00:42:31.8829669Z     mixed_matrix_leader_test.go:150: MATRIX_PROGRESS type=matrixchild enabled_events=2340 progress_p99=33.334975ms progress_max=5.873058663s above_30s=0
2026-10-07T00:42:31.8830531Z     mixed_matrix_leader_test.go:150: MATRIX_CELL type=matrixgrandchild invocations=936 terminal_p99=238.322084ms
2026-10-07T00:42:31.8831687Z     mixed_matrix_leader_test.go:150: MATRIX_PROGRESS type=matrixgrandchild enabled_events=936 progress_p99=228.735477ms progress_max=6.558409274s above_30s=0
2026-10-07T00:42:32.7732663Z --- PASS: TestMixedMatrixServerPartitionEveryThirtySeconds (621.06s)
2026-10-07T00:42:32.7733102Z PASS
2026-10-07T00:42:32.7773151Z ok  	js-wf/integration	621.067s
2026-10-07T00:42:32.9192955Z Verified executed sustained test TestMixedMatrixServerPartitionEveryThirtySeconds duration=10m
2026-10-07T00:42:32.9255443Z ##[group]Run actions/upload-artifact@v7
2026-10-07T00:42:32.9255608Z with:
2026-10-07T00:42:32.9255733Z   name: matrix-partition-1-10m
2026-10-07T00:42:32.9255913Z   path: integration/matrix-partition-*-*
2026-10-07T00:42:32.9256080Z   if-no-files-found: error
2026-10-07T00:42:32.9256218Z   compression-level: 6
2026-10-07T00:42:32.9256342Z   overwrite: false
2026-10-07T00:42:32.9256471Z   include-hidden-files: false
2026-10-07T00:42:32.9256626Z   archive: true
2026-10-07T00:42:32.9256740Z env:
2026-10-07T00:42:32.9256846Z   WF_MATRIX_CHAOS: 1
2026-10-07T00:42:32.9256974Z   WF_MATRIX_OPERATION_TIMINGS: 1
2026-10-07T00:42:32.9257119Z   WF_MATRIX_DURATION: 10m
2026-10-07T00:42:32.9257245Z   FIRST_SEED: 1
2026-10-07T00:42:32.9257354Z   LAST_SEED: 1
2026-10-07T00:42:32.9257472Z   MATRIX_ROW: partition
2026-10-07T00:42:32.9257598Z   MATRIX_TIMEOUT: 18m
2026-10-07T00:42:32.9257783Z   MATRIX_TEST: TestMixedMatrixServerPartitionEveryThirtySeconds
2026-10-07T00:42:32.9257992Z ##[endgroup]
2026-10-07T00:42:33.0253590Z With the provided path, there will be 6 files uploaded
2026-10-07T00:42:33.0254060Z Artifact name is valid!
2026-10-07T00:42:33.0254285Z Root directory input is valid!
2026-10-07T00:42:33.2982607Z Uploading artifact: matrix-partition-1-10m.zip
2026-10-07T00:42:33.3006832Z Beginning upload of artifact content to blob storage
2026-10-07T00:42:34.1635141Z Uploaded bytes 3059575
2026-10-07T00:42:34.2069479Z Finished uploading artifact content to blob storage!
2026-10-07T00:42:34.2071818Z SHA256 digest of uploaded artifact is 9f4a24dccd2aa65029d21c394272b32ffd51f78404092e9f9ef09be1f6827377
2026-10-07T00:42:34.2073895Z Finalizing artifact upload
2026-10-07T00:42:34.5133881Z Artifact matrix-partition-1-10m successfully finalized. Artifact ID 11453616553
2026-10-07T00:42:34.5134337Z Artifact matrix-partition-1-10m has been successfully uploaded! Final size is 3059575 bytes. Artifact ID is 11453616553
2026-10-07T00:42:34.5137620Z Artifact download URL: https://github.com/AntPAllen/js-wf/actions/runs/37500390198/artifacts/11453616553
2026-10-07T00:42:34.5285891Z Post job cleanup.
2026-10-07T00:42:34.6082790Z (node:5012) [DEP0040] DeprecationWarning: The `punycode` module is deprecated. Please use a userland alternative instead.
2026-10-07T00:42:34.6083231Z (Use `node --trace-deprecation ...` to show where the warning was created)
2026-10-07T00:42:34.6137275Z [command]/opt/hostedtoolcache/go/1.27.1/x64/bin/go env GOMODCACHE
2026-10-07T00:42:34.6172359Z [command]/opt/hostedtoolcache/go/1.27.1/x64/bin/go env GOCACHE
2026-10-07T00:42:34.6201369Z /home/runner/go/pkg/mod
2026-10-07T00:42:34.6223539Z /home/runner/.cache/go-build
2026-10-07T00:42:34.6228505Z Cache hit occurred on the primary key setup-go-Linux-x64-ubuntu24-go-1.27.1-05fc3b25fc9f8da09ce7d05c0dc054d40239ab068ad334b7c31a444aad3c64eb, not saving cache.
2026-10-07T00:42:34.6316015Z Post job cleanup.
2026-10-07T00:42:34.6913168Z [command]/usr/bin/git version
2026-10-07T00:42:34.6937416Z git version 2.55.0
2026-10-07T00:42:34.6962068Z Temporarily overriding HOME='/home/runner/work/_temp/ba5c72c1-f387-4cfb-8d7b-0fbdda99f200' before making global git config changes
2026-10-07T00:42:34.6963028Z Adding repository directory to the temporary git global config as a safe directory
2026-10-07T00:42:34.6966332Z [command]/usr/bin/git config --global --add safe.directory /home/runner/work/js-wf/js-wf
2026-10-07T00:42:34.7009306Z [command]/usr/bin/git config --local --name-only --get-regexp core\.sshCommand
2026-10-07T00:42:34.7047930Z [command]/usr/bin/git submodule foreach --recursive sh -c "git config --local --name-only --get-regexp 'core\.sshCommand' && git config --local --unset-all 'core.sshCommand' || :"
2026-10-07T00:42:34.7303949Z [command]/usr/bin/git config --local --name-only --get-regexp http\.https\:\/\/github\.com\/\.extraheader
2026-10-07T00:42:34.7324672Z http.https://github.com/.extraheader
2026-10-07T00:42:34.7325912Z [command]/usr/bin/git config --local --unset-all http.https://github.com/.extraheader
2026-10-07T00:42:34.7359438Z [command]/usr/bin/git submodule foreach --recursive sh -c "git config --local --name-only --get-regexp 'http\.https\:\/\/github\.com\/\.extraheader' && git config --local --unset-all 'http.https://github.com/.extraheader' || :"
2026-10-07T00:42:34.7604832Z [command]/usr/bin/git config --local --name-only --get-regexp ^includeIf\.gitdir:
2026-10-07T00:42:34.7637246Z [command]/usr/bin/git submodule foreach --recursive git config --local --show-origin --name-only --get-regexp remote.origin.url
2026-10-07T00:42:34.7970558Z Cleaning up orphan processes
2026-10-07T00:42:34.8174505Z ##[warning]Node.js 20 is deprecated. The following actions target Node.js 20 but are being forced to run on Node.js 24: actions/checkout@v4, actions/setup-go@v5. For more information see: https://github.blog/changelog/2025-09-19-deprecation-of-node-20-on-github-actions-runners/
