=== RUN   TestNativeGraphCheckpointArchiveReopenAndCollection
=== RUN   TestNativeGraphCheckpointArchiveReopenAndCollection/R1-domain
    graph_compaction_native_test.go:141: NATIVE_CHECKPOINT_ARCHIVE successive_compactions=2 all_servers_gracefully_restarted=true old_reader_preserved=true original_receipt_collected=true full_logical_audit=true raw_chunks_after_retirement=0
=== RUN   TestNativeGraphCheckpointArchiveReopenAndCollection/R3-domain
    graph_compaction_native_test.go:141: NATIVE_CHECKPOINT_ARCHIVE successive_compactions=2 all_servers_gracefully_restarted=true old_reader_preserved=true original_receipt_collected=true full_logical_audit=true raw_chunks_after_retirement=0
--- PASS: TestNativeGraphCheckpointArchiveReopenAndCollection (48.43s)
    --- PASS: TestNativeGraphCheckpointArchiveReopenAndCollection/R1-domain (17.60s)
    --- PASS: TestNativeGraphCheckpointArchiveReopenAndCollection/R3-domain (30.83s)
=== RUN   TestGraphCheckpointArchiveLogicalHistoryAndCollection
=== RUN   TestGraphCheckpointArchiveLogicalHistoryAndCollection/1
=== RUN   TestGraphCheckpointArchiveLogicalHistoryAndCollection/2
=== RUN   TestGraphCheckpointArchiveLogicalHistoryAndCollection/3
=== RUN   TestGraphCheckpointArchiveLogicalHistoryAndCollection/4
=== RUN   TestGraphCheckpointArchiveLogicalHistoryAndCollection/5
=== RUN   TestGraphCheckpointArchiveLogicalHistoryAndCollection/6
=== RUN   TestGraphCheckpointArchiveLogicalHistoryAndCollection/7
=== RUN   TestGraphCheckpointArchiveLogicalHistoryAndCollection/8
=== RUN   TestGraphCheckpointArchiveLogicalHistoryAndCollection/9
=== RUN   TestGraphCheckpointArchiveLogicalHistoryAndCollection/10
=== RUN   TestGraphCheckpointArchiveLogicalHistoryAndCollection/11
=== RUN   TestGraphCheckpointArchiveLogicalHistoryAndCollection/12
=== RUN   TestGraphCheckpointArchiveLogicalHistoryAndCollection/13
=== RUN   TestGraphCheckpointArchiveLogicalHistoryAndCollection/14
=== RUN   TestGraphCheckpointArchiveLogicalHistoryAndCollection/15
=== RUN   TestGraphCheckpointArchiveLogicalHistoryAndCollection/16
--- PASS: TestGraphCheckpointArchiveLogicalHistoryAndCollection (18.90s)
    --- PASS: TestGraphCheckpointArchiveLogicalHistoryAndCollection/1 (0.44s)
    --- PASS: TestGraphCheckpointArchiveLogicalHistoryAndCollection/2 (0.56s)
    --- PASS: TestGraphCheckpointArchiveLogicalHistoryAndCollection/3 (0.73s)
    --- PASS: TestGraphCheckpointArchiveLogicalHistoryAndCollection/4 (0.77s)
    --- PASS: TestGraphCheckpointArchiveLogicalHistoryAndCollection/5 (0.87s)
    --- PASS: TestGraphCheckpointArchiveLogicalHistoryAndCollection/6 (1.01s)
    --- PASS: TestGraphCheckpointArchiveLogicalHistoryAndCollection/7 (1.02s)
    --- PASS: TestGraphCheckpointArchiveLogicalHistoryAndCollection/8 (1.10s)
    --- PASS: TestGraphCheckpointArchiveLogicalHistoryAndCollection/9 (1.24s)
    --- PASS: TestGraphCheckpointArchiveLogicalHistoryAndCollection/10 (1.38s)
    --- PASS: TestGraphCheckpointArchiveLogicalHistoryAndCollection/11 (1.54s)
    --- PASS: TestGraphCheckpointArchiveLogicalHistoryAndCollection/12 (1.61s)
    --- PASS: TestGraphCheckpointArchiveLogicalHistoryAndCollection/13 (1.49s)
    --- PASS: TestGraphCheckpointArchiveLogicalHistoryAndCollection/14 (1.56s)
    --- PASS: TestGraphCheckpointArchiveLogicalHistoryAndCollection/15 (1.75s)
    --- PASS: TestGraphCheckpointArchiveLogicalHistoryAndCollection/16 (1.83s)
=== RUN   TestGraphCheckpointArchiveConfiguration
--- PASS: TestGraphCheckpointArchiveConfiguration (0.00s)
PASS
ok  	js-wf/journal	68.389s
