=== RUN   TestNativeGraphCheckpointArchiveReopenAndCollection
=== RUN   TestNativeGraphCheckpointArchiveReopenAndCollection/R1-domain
    graph_compaction_native_test.go:125: NATIVE_CHECKPOINT_ARCHIVE successive_compactions=2 all_servers_gracefully_restarted=true old_reader_preserved=true original_receipt_collected=true full_logical_audit=true raw_chunks_after_retirement=0
=== RUN   TestNativeGraphCheckpointArchiveReopenAndCollection/R3-domain
    graph_compaction_native_test.go:96: context deadline exceeded
--- FAIL: TestNativeGraphCheckpointArchiveReopenAndCollection (28.35s)
    --- PASS: TestNativeGraphCheckpointArchiveReopenAndCollection/R1-domain (15.09s)
    --- FAIL: TestNativeGraphCheckpointArchiveReopenAndCollection/R3-domain (13.26s)
=== RUN   TestGraphCheckpointArchiveLogicalHistoryAndCollection
=== RUN   TestGraphCheckpointArchiveLogicalHistoryAndCollection/1
=== RUN   TestGraphCheckpointArchiveLogicalHistoryAndCollection/2
=== RUN   TestGraphCheckpointArchiveLogicalHistoryAndCollection/3
=== RUN   TestGraphCheckpointArchiveLogicalHistoryAndCollection/4
=== RUN   TestGraphCheckpointArchiveLogicalHistoryAndCollection/5
=== RUN   TestGraphCheckpointArchiveLogicalHistoryAndCollection/6
=== RUN   TestGraphCheckpointArchiveLogicalHistoryAndCollection/7
=== RUN   TestGraphCheckpointArchiveLogicalHistoryAndCollection/8
=== RUN   TestGraphCheckpointArchiveLogicalHistoryAndCollection/9
=== RUN   TestGraphCheckpointArchiveLogicalHistoryAndCollection/10
=== RUN   TestGraphCheckpointArchiveLogicalHistoryAndCollection/11
=== RUN   TestGraphCheckpointArchiveLogicalHistoryAndCollection/12
=== RUN   TestGraphCheckpointArchiveLogicalHistoryAndCollection/13
=== RUN   TestGraphCheckpointArchiveLogicalHistoryAndCollection/14
=== RUN   TestGraphCheckpointArchiveLogicalHistoryAndCollection/15
=== RUN   TestGraphCheckpointArchiveLogicalHistoryAndCollection/16
--- PASS: TestGraphCheckpointArchiveLogicalHistoryAndCollection (21.73s)
    --- PASS: TestGraphCheckpointArchiveLogicalHistoryAndCollection/1 (0.49s)
    --- PASS: TestGraphCheckpointArchiveLogicalHistoryAndCollection/2 (0.56s)
    --- PASS: TestGraphCheckpointArchiveLogicalHistoryAndCollection/3 (0.68s)
    --- PASS: TestGraphCheckpointArchiveLogicalHistoryAndCollection/4 (0.71s)
    --- PASS: TestGraphCheckpointArchiveLogicalHistoryAndCollection/5 (0.80s)
    --- PASS: TestGraphCheckpointArchiveLogicalHistoryAndCollection/6 (0.94s)
    --- PASS: TestGraphCheckpointArchiveLogicalHistoryAndCollection/7 (1.09s)
    --- PASS: TestGraphCheckpointArchiveLogicalHistoryAndCollection/8 (1.82s)
    --- PASS: TestGraphCheckpointArchiveLogicalHistoryAndCollection/9 (1.89s)
    --- PASS: TestGraphCheckpointArchiveLogicalHistoryAndCollection/10 (1.76s)
    --- PASS: TestGraphCheckpointArchiveLogicalHistoryAndCollection/11 (1.97s)
    --- PASS: TestGraphCheckpointArchiveLogicalHistoryAndCollection/12 (1.50s)
    --- PASS: TestGraphCheckpointArchiveLogicalHistoryAndCollection/13 (1.69s)
    --- PASS: TestGraphCheckpointArchiveLogicalHistoryAndCollection/14 (1.76s)
    --- PASS: TestGraphCheckpointArchiveLogicalHistoryAndCollection/15 (2.02s)
    --- PASS: TestGraphCheckpointArchiveLogicalHistoryAndCollection/16 (2.04s)
=== RUN   TestGraphCheckpointArchiveConfiguration
--- PASS: TestGraphCheckpointArchiveConfiguration (0.00s)
FAIL
FAIL	js-wf/journal	50.099s
FAIL
