=== RUN   TestGraphCheckpointIndexPublicationAndBoundedRead
=== RUN   TestGraphCheckpointIndexPublicationAndBoundedRead/normal
    graph_checkpoint_index_test.go:261: mode=normal checkpoint=130 request=129 unreadable_prefix_records=129 suffix=1
=== RUN   TestGraphCheckpointIndexPublicationAndBoundedRead/lost-ack
    graph_checkpoint_index_test.go:261: mode=lost-ack checkpoint=130 request=129 unreadable_prefix_records=129 suffix=1
=== RUN   TestGraphCheckpointIndexPublicationAndBoundedRead/lost-ack-unconfirmed
    graph_checkpoint_index_test.go:261: mode=lost-ack-unconfirmed checkpoint=130 request=129 unreadable_prefix_records=129 suffix=1
=== RUN   TestGraphCheckpointIndexPublicationAndBoundedRead/lost-before
    graph_checkpoint_index_test.go:261: mode=lost-before checkpoint=130 request=129 unreadable_prefix_records=129 suffix=1
=== RUN   TestGraphCheckpointIndexPublicationAndBoundedRead/tail-race
    graph_checkpoint_index_test.go:261: mode=tail-race checkpoint=130 request=129 unreadable_prefix_records=129 suffix=2
--- PASS: TestGraphCheckpointIndexPublicationAndBoundedRead (1.08s)
    --- PASS: TestGraphCheckpointIndexPublicationAndBoundedRead/normal (0.29s)
    --- PASS: TestGraphCheckpointIndexPublicationAndBoundedRead/lost-ack (0.16s)
    --- PASS: TestGraphCheckpointIndexPublicationAndBoundedRead/lost-ack-unconfirmed (0.13s)
    --- PASS: TestGraphCheckpointIndexPublicationAndBoundedRead/lost-before (0.19s)
    --- PASS: TestGraphCheckpointIndexPublicationAndBoundedRead/tail-race (0.29s)
=== RUN   TestGraphCheckpointIndexRequiresCanonicalStores
--- PASS: TestGraphCheckpointIndexRequiresCanonicalStores (0.00s)
=== RUN   TestGraphCheckpointArchiveLogicalHistoryAndCollection
=== RUN   TestGraphCheckpointArchiveLogicalHistoryAndCollection/1
=== RUN   TestGraphCheckpointArchiveLogicalHistoryAndCollection/2
=== RUN   TestGraphCheckpointArchiveLogicalHistoryAndCollection/3
=== RUN   TestGraphCheckpointArchiveLogicalHistoryAndCollection/4
=== RUN   TestGraphCheckpointArchiveLogicalHistoryAndCollection/5
=== RUN   TestGraphCheckpointArchiveLogicalHistoryAndCollection/6
=== RUN   TestGraphCheckpointArchiveLogicalHistoryAndCollection/7
=== RUN   TestGraphCheckpointArchiveLogicalHistoryAndCollection/8
=== RUN   TestGraphCheckpointArchiveLogicalHistoryAndCollection/9
=== RUN   TestGraphCheckpointArchiveLogicalHistoryAndCollection/10
=== RUN   TestGraphCheckpointArchiveLogicalHistoryAndCollection/11
=== RUN   TestGraphCheckpointArchiveLogicalHistoryAndCollection/12
=== RUN   TestGraphCheckpointArchiveLogicalHistoryAndCollection/13
=== RUN   TestGraphCheckpointArchiveLogicalHistoryAndCollection/14
=== RUN   TestGraphCheckpointArchiveLogicalHistoryAndCollection/15
=== RUN   TestGraphCheckpointArchiveLogicalHistoryAndCollection/16
--- PASS: TestGraphCheckpointArchiveLogicalHistoryAndCollection (2.30s)
    --- PASS: TestGraphCheckpointArchiveLogicalHistoryAndCollection/1 (0.03s)
    --- PASS: TestGraphCheckpointArchiveLogicalHistoryAndCollection/2 (0.07s)
    --- PASS: TestGraphCheckpointArchiveLogicalHistoryAndCollection/3 (0.05s)
    --- PASS: TestGraphCheckpointArchiveLogicalHistoryAndCollection/4 (0.08s)
    --- PASS: TestGraphCheckpointArchiveLogicalHistoryAndCollection/5 (0.11s)
    --- PASS: TestGraphCheckpointArchiveLogicalHistoryAndCollection/6 (0.14s)
    --- PASS: TestGraphCheckpointArchiveLogicalHistoryAndCollection/7 (0.21s)
    --- PASS: TestGraphCheckpointArchiveLogicalHistoryAndCollection/8 (0.10s)
    --- PASS: TestGraphCheckpointArchiveLogicalHistoryAndCollection/9 (0.12s)
    --- PASS: TestGraphCheckpointArchiveLogicalHistoryAndCollection/10 (0.12s)
    --- PASS: TestGraphCheckpointArchiveLogicalHistoryAndCollection/11 (0.20s)
    --- PASS: TestGraphCheckpointArchiveLogicalHistoryAndCollection/12 (0.17s)
    --- PASS: TestGraphCheckpointArchiveLogicalHistoryAndCollection/13 (0.19s)
    --- PASS: TestGraphCheckpointArchiveLogicalHistoryAndCollection/14 (0.21s)
    --- PASS: TestGraphCheckpointArchiveLogicalHistoryAndCollection/15 (0.27s)
    --- PASS: TestGraphCheckpointArchiveLogicalHistoryAndCollection/16 (0.23s)
=== RUN   TestGraphCheckpointArchiveConfiguration
--- PASS: TestGraphCheckpointArchiveConfiguration (0.00s)
PASS
ok  	js-wf/journal	3.378s
