interop	Set up job	﻿2026-10-02T06:47:35.2436233Z Current runner version: '2.337.0'
interop	Set up job	2026-10-02T06:47:35.2464315Z ##[group]Runner Image Provisioner
interop	Set up job	2026-10-02T06:47:35.2465288Z Hosted Compute Agent
interop	Set up job	2026-10-02T06:47:35.2465907Z Version: 20260901.588
interop	Set up job	2026-10-02T06:47:35.2466576Z Commit: f88ec8081b781fac6c440065ac7ff9e710ce3d0b
interop	Set up job	2026-10-02T06:47:35.2467378Z Build Date: 2026-09-01T19:56:44Z
interop	Set up job	2026-10-02T06:47:35.2468120Z Worker ID: {6a99c4e7-76b6-4da1-bcac-3f58d2b6dc72}
interop	Set up job	2026-10-02T06:47:35.2469151Z Azure Region: westus
interop	Set up job	2026-10-02T06:47:35.2469759Z ##[endgroup]
interop	Set up job	2026-10-02T06:47:35.2471495Z ##[group]Operating System
interop	Set up job	2026-10-02T06:47:35.2472242Z Ubuntu
interop	Set up job	2026-10-02T06:47:35.2472778Z 24.04.5
interop	Set up job	2026-10-02T06:47:35.2473285Z LTS
interop	Set up job	2026-10-02T06:47:35.2473869Z ##[endgroup]
interop	Set up job	2026-10-02T06:47:35.2474456Z ##[group]Runner Image
interop	Set up job	2026-10-02T06:47:35.2475132Z Image: ubuntu-24.04
interop	Set up job	2026-10-02T06:47:35.2475698Z Version: 20260927.320.1
interop	Set up job	2026-10-02T06:47:35.2476744Z Included Software: https://github.com/actions/runner-images/blob/ubuntu24/20260927.320/images/ubuntu/Ubuntu2404-Readme.md
interop	Set up job	2026-10-02T06:47:35.2478815Z Image Release: https://github.com/actions/runner-images/releases/tag/ubuntu24%2F20260927.320
interop	Set up job	2026-10-02T06:47:35.2479932Z ##[endgroup]
interop	Set up job	2026-10-02T06:47:35.2481037Z ##[group]GITHUB_TOKEN Permissions
interop	Set up job	2026-10-02T06:47:35.2483794Z Contents: read
interop	Set up job	2026-10-02T06:47:35.2484462Z Metadata: read
interop	Set up job	2026-10-02T06:47:35.2485017Z ##[endgroup]
interop	Set up job	2026-10-02T06:47:35.2487346Z Secret source: Actions
interop	Set up job	2026-10-02T06:47:35.2488307Z Cache mode: write
interop	Set up job	2026-10-02T06:47:35.2489696Z Prepare workflow directory
interop	Set up job	2026-10-02T06:47:35.2978985Z Prepare all required actions
interop	Set up job	2026-10-02T06:47:35.3030792Z Getting action download info
interop	Set up job	2026-10-02T06:47:35.6857821Z Download action repository 'actions/checkout@v4' (SHA:11d5960a326750d5838078e36cf38b85af677262)
interop	Set up job	2026-10-02T06:47:35.8306814Z Download action repository 'actions/setup-go@v5' (SHA:40f1582b2485089dde7abd97c1529aa768e1baff)
interop	Set up job	2026-10-02T06:47:36.2693778Z Download action repository 'actions/upload-artifact@v4' (SHA:ea165f8d65b6e75b540449e92b4886f43607fa02)
interop	Set up job	2026-10-02T06:47:36.5599665Z Complete job name: interop
interop	Run actions/checkout@v4	﻿2026-10-02T06:47:36.6577469Z ##[group]Run actions/checkout@v4
interop	Run actions/checkout@v4	2026-10-02T06:47:36.6579045Z with:
interop	Run actions/checkout@v4	2026-10-02T06:47:36.6579850Z   repository: AntPAllen/js-wf
interop	Run actions/checkout@v4	2026-10-02T06:47:36.6589616Z   token: ***
interop	Run actions/checkout@v4	2026-10-02T06:47:36.6590412Z   ssh-strict: true
interop	Run actions/checkout@v4	2026-10-02T06:47:36.6591198Z   ssh-user: git
interop	Run actions/checkout@v4	2026-10-02T06:47:36.6592000Z   persist-credentials: true
interop	Run actions/checkout@v4	2026-10-02T06:47:36.6592901Z   clean: true
interop	Run actions/checkout@v4	2026-10-02T06:47:36.6593712Z   sparse-checkout-cone-mode: true
interop	Run actions/checkout@v4	2026-10-02T06:47:36.6594688Z   fetch-depth: 1
interop	Run actions/checkout@v4	2026-10-02T06:47:36.6595473Z   fetch-tags: false
interop	Run actions/checkout@v4	2026-10-02T06:47:36.6596282Z   show-progress: true
interop	Run actions/checkout@v4	2026-10-02T06:47:36.6597112Z   lfs: false
interop	Run actions/checkout@v4	2026-10-02T06:47:36.6597872Z   submodules: false
interop	Run actions/checkout@v4	2026-10-02T06:47:36.6598826Z   set-safe-directory: true
interop	Run actions/checkout@v4	2026-10-02T06:47:36.6599820Z   allow-unsafe-pr-checkout: false
interop	Run actions/checkout@v4	2026-10-02T06:47:36.6601068Z env:
interop	Run actions/checkout@v4	2026-10-02T06:47:36.6601786Z   GOMEMLIMIT: 512MiB
interop	Run actions/checkout@v4	2026-10-02T06:47:36.6602591Z   GOMAXPROCS: 2
interop	Run actions/checkout@v4	2026-10-02T06:47:36.6603341Z ##[endgroup]
interop	Run actions/checkout@v4	2026-10-02T06:47:36.7721587Z Syncing repository: AntPAllen/js-wf
interop	Run actions/checkout@v4	2026-10-02T06:47:36.7726335Z ##[group]Getting Git version info
interop	Run actions/checkout@v4	2026-10-02T06:47:36.7728328Z Working directory is '/home/runner/work/js-wf/js-wf'
interop	Run actions/checkout@v4	2026-10-02T06:47:36.7731798Z [command]/usr/bin/git version
interop	Run actions/checkout@v4	2026-10-02T06:47:36.7774672Z git version 2.55.0
interop	Run actions/checkout@v4	2026-10-02T06:47:36.7801724Z ##[endgroup]
interop	Run actions/checkout@v4	2026-10-02T06:47:36.7818831Z Temporarily overriding HOME='/home/runner/work/_temp/dab7835a-9b7b-4f60-9913-d7c273092536' before making global git config changes
interop	Run actions/checkout@v4	2026-10-02T06:47:36.7823672Z Adding repository directory to the temporary git global config as a safe directory
interop	Run actions/checkout@v4	2026-10-02T06:47:36.7827417Z [command]/usr/bin/git config --global --add safe.directory /home/runner/work/js-wf/js-wf
interop	Run actions/checkout@v4	2026-10-02T06:47:36.7891059Z Deleting the contents of '/home/runner/work/js-wf/js-wf'
interop	Run actions/checkout@v4	2026-10-02T06:47:36.7896704Z ##[group]Initializing the repository
interop	Run actions/checkout@v4	2026-10-02T06:47:36.7901163Z [command]/usr/bin/git init /home/runner/work/js-wf/js-wf
interop	Run actions/checkout@v4	2026-10-02T06:47:36.8024617Z hint: Using 'master' as the name for the initial branch. This default branch name
interop	Run actions/checkout@v4	2026-10-02T06:47:36.8028985Z hint: will change to "main" in Git 3.0. To configure the initial branch name
interop	Run actions/checkout@v4	2026-10-02T06:47:36.8032215Z hint: to use in all of your new repositories, which will suppress this warning,
interop	Run actions/checkout@v4	2026-10-02T06:47:36.8034837Z hint: call:
interop	Run actions/checkout@v4	2026-10-02T06:47:36.8036070Z hint:
interop	Run actions/checkout@v4	2026-10-02T06:47:36.8037650Z hint: 	git config --global init.defaultBranch <name>
interop	Run actions/checkout@v4	2026-10-02T06:47:36.8039768Z hint:
interop	Run actions/checkout@v4	2026-10-02T06:47:36.8041438Z hint: Names commonly chosen instead of 'master' are 'main', 'trunk' and
interop	Run actions/checkout@v4	2026-10-02T06:47:36.8043279Z hint: 'development'. The just-created branch can be renamed via this command:
interop	Run actions/checkout@v4	2026-10-02T06:47:36.8045218Z hint:
interop	Run actions/checkout@v4	2026-10-02T06:47:36.8046552Z hint: 	git branch -m <name>
interop	Run actions/checkout@v4	2026-10-02T06:47:36.8048004Z hint:
interop	Run actions/checkout@v4	2026-10-02T06:47:36.8050396Z hint: Disable this message with "git config set advice.defaultBranchName false"
interop	Run actions/checkout@v4	2026-10-02T06:47:36.8053688Z Initialized empty Git repository in /home/runner/work/js-wf/js-wf/.git/
interop	Run actions/checkout@v4	2026-10-02T06:47:36.8059179Z [command]/usr/bin/git remote add origin https://github.com/AntPAllen/js-wf
interop	Run actions/checkout@v4	2026-10-02T06:47:36.8103443Z ##[endgroup]
interop	Run actions/checkout@v4	2026-10-02T06:47:36.8106075Z ##[group]Disabling automatic garbage collection
interop	Run actions/checkout@v4	2026-10-02T06:47:36.8108253Z [command]/usr/bin/git config --local gc.auto 0
interop	Run actions/checkout@v4	2026-10-02T06:47:36.8148442Z ##[endgroup]
interop	Run actions/checkout@v4	2026-10-02T06:47:36.8151160Z ##[group]Setting up auth
interop	Run actions/checkout@v4	2026-10-02T06:47:36.8155749Z [command]/usr/bin/git config --local --name-only --get-regexp core\.sshCommand
interop	Run actions/checkout@v4	2026-10-02T06:47:36.8199556Z [command]/usr/bin/git submodule foreach --recursive sh -c "git config --local --name-only --get-regexp 'core\.sshCommand' && git config --local --unset-all 'core.sshCommand' || :"
interop	Run actions/checkout@v4	2026-10-02T06:47:36.8641484Z [command]/usr/bin/git config --local --name-only --get-regexp http\.https\:\/\/github\.com\/\.extraheader
interop	Run actions/checkout@v4	2026-10-02T06:47:36.8685858Z [command]/usr/bin/git submodule foreach --recursive sh -c "git config --local --name-only --get-regexp 'http\.https\:\/\/github\.com\/\.extraheader' && git config --local --unset-all 'http.https://github.com/.extraheader' || :"
interop	Run actions/checkout@v4	2026-10-02T06:47:36.8935142Z [command]/usr/bin/git config --local --name-only --get-regexp ^includeIf\.gitdir:
interop	Run actions/checkout@v4	2026-10-02T06:47:36.8980773Z [command]/usr/bin/git submodule foreach --recursive git config --local --show-origin --name-only --get-regexp remote.origin.url
interop	Run actions/checkout@v4	2026-10-02T06:47:36.9228342Z [command]/usr/bin/git config --local http.https://github.com/.extraheader AUTHORIZATION: basic ***
interop	Run actions/checkout@v4	2026-10-02T06:47:36.9277066Z ##[endgroup]
interop	Run actions/checkout@v4	2026-10-02T06:47:36.9279135Z ##[group]Fetching the repository
interop	Run actions/checkout@v4	2026-10-02T06:47:36.9289644Z [command]/usr/bin/git -c protocol.version=2 fetch --no-tags --prune --no-recurse-submodules --depth=1 origin +2b2130fc905c07d2cec21bb521d9b9309bb94aff:refs/remotes/origin/main
interop	Run actions/checkout@v4	2026-10-02T06:47:40.0924305Z From https://github.com/AntPAllen/js-wf
interop	Run actions/checkout@v4	2026-10-02T06:47:40.0925927Z  * [new ref]         2b2130fc905c07d2cec21bb521d9b9309bb94aff -> origin/main
interop	Run actions/checkout@v4	2026-10-02T06:47:40.0930053Z ##[endgroup]
interop	Run actions/checkout@v4	2026-10-02T06:47:40.0931120Z ##[group]Determining the checkout info
interop	Run actions/checkout@v4	2026-10-02T06:47:40.0932550Z ##[endgroup]
interop	Run actions/checkout@v4	2026-10-02T06:47:40.0938411Z [command]/usr/bin/git sparse-checkout disable
interop	Run actions/checkout@v4	2026-10-02T06:47:40.0995480Z [command]/usr/bin/git config --local --unset-all extensions.worktreeConfig
interop	Run actions/checkout@v4	2026-10-02T06:47:40.1032400Z ##[group]Checking out the ref
interop	Run actions/checkout@v4	2026-10-02T06:47:40.1037846Z [command]/usr/bin/git checkout --progress --force -B main refs/remotes/origin/main
interop	Run actions/checkout@v4	2026-10-02T06:47:40.7746914Z Switched to a new branch 'main'
interop	Run actions/checkout@v4	2026-10-02T06:47:40.7779811Z branch 'main' set up to track 'origin/main'.
interop	Run actions/checkout@v4	2026-10-02T06:47:40.7808471Z ##[endgroup]
interop	Run actions/checkout@v4	2026-10-02T06:47:40.7863346Z [command]/usr/bin/git log -1 --format=%H
interop	Run actions/checkout@v4	2026-10-02T06:47:40.7896855Z 2b2130fc905c07d2cec21bb521d9b9309bb94aff
interop	Run actions/setup-go@v5	﻿2026-10-02T06:47:40.8189164Z ##[group]Run actions/setup-go@v5
interop	Run actions/setup-go@v5	2026-10-02T06:47:40.8189550Z with:
interop	Run actions/setup-go@v5	2026-10-02T06:47:40.8189773Z   go-version-file: go.mod
interop	Run actions/setup-go@v5	2026-10-02T06:47:40.8190010Z   check-latest: false
interop	Run actions/setup-go@v5	2026-10-02T06:47:40.8192738Z   token: ***
interop	Run actions/setup-go@v5	2026-10-02T06:47:40.8192954Z   cache: true
interop	Run actions/setup-go@v5	2026-10-02T06:47:40.8193431Z env:
interop	Run actions/setup-go@v5	2026-10-02T06:47:40.8193622Z   GOMEMLIMIT: 512MiB
interop	Run actions/setup-go@v5	2026-10-02T06:47:40.8193837Z   GOMAXPROCS: 2
interop	Run actions/setup-go@v5	2026-10-02T06:47:40.8194045Z ##[endgroup]
interop	Run actions/setup-go@v5	2026-10-02T06:47:40.9588554Z Setup go version spec 1.27.1
interop	Run actions/setup-go@v5	2026-10-02T06:47:40.9599355Z Attempting to download 1.27.1...
interop	Run actions/setup-go@v5	2026-10-02T06:47:40.9721786Z (node:2297) [DEP0040] DeprecationWarning: The `punycode` module is deprecated. Please use a userland alternative instead.
interop	Run actions/setup-go@v5	2026-10-02T06:47:40.9722946Z (Use `node --trace-deprecation ...` to show where the warning was created)
interop	Run actions/setup-go@v5	2026-10-02T06:47:41.4977944Z matching 1.27.1...
interop	Run actions/setup-go@v5	2026-10-02T06:47:41.5012143Z Acquiring 1.27.1 from https://github.com/actions/go-versions/releases/download/1.27.1-33583469715/go-1.27.1-linux-x64.tar.gz
interop	Run actions/setup-go@v5	2026-10-02T06:47:41.9949785Z Extracting Go...
interop	Run actions/setup-go@v5	2026-10-02T06:47:42.0100738Z [command]/usr/bin/tar xz --warning=no-unknown-keyword --overwrite -C /home/runner/work/_temp/f92228b1-6560-42bf-9dee-0f1be927581e -f /home/runner/work/_temp/2b26889c-91b8-4619-8ce8-0d7c52cf1a39
interop	Run actions/setup-go@v5	2026-10-02T06:47:43.7666638Z Successfully extracted go to /home/runner/work/_temp/f92228b1-6560-42bf-9dee-0f1be927581e
interop	Run actions/setup-go@v5	2026-10-02T06:47:43.7667395Z Adding to the cache ...
interop	Run actions/setup-go@v5	2026-10-02T06:47:49.7531829Z Successfully cached go to /opt/hostedtoolcache/go/1.27.1/x64
interop	Run actions/setup-go@v5	2026-10-02T06:47:49.7534805Z Added go to the path
interop	Run actions/setup-go@v5	2026-10-02T06:47:49.7537147Z Successfully set up Go version 1.27.1
interop	Run actions/setup-go@v5	2026-10-02T06:47:49.7849140Z [command]/opt/hostedtoolcache/go/1.27.1/x64/bin/go env GOMODCACHE
interop	Run actions/setup-go@v5	2026-10-02T06:47:49.7901446Z [command]/opt/hostedtoolcache/go/1.27.1/x64/bin/go env GOCACHE
interop	Run actions/setup-go@v5	2026-10-02T06:47:49.7952515Z /home/runner/go/pkg/mod
interop	Run actions/setup-go@v5	2026-10-02T06:47:49.7978495Z /home/runner/.cache/go-build
interop	Run actions/setup-go@v5	2026-10-02T06:47:50.0632978Z Cache hit for: setup-go-Linux-x64-ubuntu24-go-1.27.1-05fc3b25fc9f8da09ce7d05c0dc054d40239ab068ad334b7c31a444aad3c64eb
interop	Run actions/setup-go@v5	2026-10-02T06:47:50.0741515Z (node:2297) [DEP0169] DeprecationWarning: `url.parse()` behavior is not standardized and prone to errors that have security implications. Use the WHATWG URL API instead. CVEs are not issued for `url.parse()` vulnerabilities.
interop	Run actions/setup-go@v5	2026-10-02T06:47:51.3340823Z Received 4194304 of 209563510 (2.0%), 4.0 MBs/sec
interop	Run actions/setup-go@v5	2026-10-02T06:47:52.3352116Z Received 134217728 of 209563510 (64.0%), 64.0 MBs/sec
interop	Run actions/setup-go@v5	2026-10-02T06:47:52.8764004Z Received 209563510 of 209563510 (100.0%), 78.6 MBs/sec
interop	Run actions/setup-go@v5	2026-10-02T06:47:52.8765302Z Cache Size: ~200 MB (209563510 B)
interop	Run actions/setup-go@v5	2026-10-02T06:47:52.8805767Z [command]/usr/bin/tar -xf /home/runner/work/_temp/1cfd838f-97f7-446e-a2ac-265e3508c7a1/cache.tzst -P -C /home/runner/work/js-wf/js-wf --use-compress-program unzstd
interop	Run actions/setup-go@v5	2026-10-02T06:47:54.0013330Z Cache restored successfully
interop	Run actions/setup-go@v5	2026-10-02T06:47:54.0113620Z Cache restored from key: setup-go-Linux-x64-ubuntu24-go-1.27.1-05fc3b25fc9f8da09ce7d05c0dc054d40239ab068ad334b7c31a444aad3c64eb
interop	Run actions/setup-go@v5	2026-10-02T06:47:54.0139881Z go version go1.27.1 linux/amd64
interop	Run actions/setup-go@v5	2026-10-02T06:47:54.0140160Z 
interop	Run actions/setup-go@v5	2026-10-02T06:47:54.0140495Z ##[group]go env
interop	Run actions/setup-go@v5	2026-10-02T06:47:54.0833489Z AR='ar'
interop	Run actions/setup-go@v5	2026-10-02T06:47:54.0834069Z CC='gcc'
interop	Run actions/setup-go@v5	2026-10-02T06:47:54.0834590Z CGO_CFLAGS='-O2 -g'
interop	Run actions/setup-go@v5	2026-10-02T06:47:54.0835117Z CGO_CPPFLAGS=''
interop	Run actions/setup-go@v5	2026-10-02T06:47:54.0835470Z CGO_CXXFLAGS='-O2 -g'
interop	Run actions/setup-go@v5	2026-10-02T06:47:54.0835966Z CGO_ENABLED='1'
interop	Run actions/setup-go@v5	2026-10-02T06:47:54.0836452Z CGO_FFLAGS='-O2 -g'
interop	Run actions/setup-go@v5	2026-10-02T06:47:54.0837041Z CGO_LDFLAGS='-O2 -g'
interop	Run actions/setup-go@v5	2026-10-02T06:47:54.0837516Z CXX='g++'
interop	Run actions/setup-go@v5	2026-10-02T06:47:54.0837829Z GCCGO='gccgo'
interop	Run actions/setup-go@v5	2026-10-02T06:47:54.0838147Z GO111MODULE=''
interop	Run actions/setup-go@v5	2026-10-02T06:47:54.0838456Z GOAMD64='v1'
interop	Run actions/setup-go@v5	2026-10-02T06:47:54.0839110Z GOARCH='amd64'
interop	Run actions/setup-go@v5	2026-10-02T06:47:54.0839433Z GOAUTH='netrc'
interop	Run actions/setup-go@v5	2026-10-02T06:47:54.0839771Z GOBIN='/home/runner/go/bin'
interop	Run actions/setup-go@v5	2026-10-02T06:47:54.0840202Z GOCACHE='/home/runner/.cache/go-build'
interop	Run actions/setup-go@v5	2026-10-02T06:47:54.0840644Z GOCACHEPROG=''
interop	Run actions/setup-go@v5	2026-10-02T06:47:54.0840962Z GODEBUG=''
interop	Run actions/setup-go@v5	2026-10-02T06:47:54.0841335Z GOENV='/home/runner/.config/go/env'
interop	Run actions/setup-go@v5	2026-10-02T06:47:54.0842042Z GOEXE=''
interop	Run actions/setup-go@v5	2026-10-02T06:47:54.0842365Z GOEXPERIMENT=''
interop	Run actions/setup-go@v5	2026-10-02T06:47:54.0842693Z GOFIPS140='off'
interop	Run actions/setup-go@v5	2026-10-02T06:47:54.0843006Z GOFLAGS=''
interop	Run actions/setup-go@v5	2026-10-02T06:47:54.0844070Z GOGCCFLAGS='-fPIC -m64 -pthread -Wl,--no-gc-sections -fmessage-length=0 -ffile-prefix-map=/tmp/go-build2551284936=/tmp/go-build -gno-record-gcc-switches'
interop	Run actions/setup-go@v5	2026-10-02T06:47:54.0845422Z GOHOSTARCH='amd64'
interop	Run actions/setup-go@v5	2026-10-02T06:47:54.0845762Z GOHOSTOS='linux'
interop	Run actions/setup-go@v5	2026-10-02T06:47:54.0846093Z GOINSECURE=''
interop	Run actions/setup-go@v5	2026-10-02T06:47:54.0846473Z GOMOD='/home/runner/work/js-wf/js-wf/go.mod'
interop	Run actions/setup-go@v5	2026-10-02T06:47:54.0846970Z GOMODCACHE='/home/runner/go/pkg/mod'
interop	Run actions/setup-go@v5	2026-10-02T06:47:54.0847288Z GONOPROXY=''
interop	Run actions/setup-go@v5	2026-10-02T06:47:54.0847504Z GONOSUMDB=''
interop	Run actions/setup-go@v5	2026-10-02T06:47:54.0847725Z GOOS='linux'
interop	Run actions/setup-go@v5	2026-10-02T06:47:54.0847953Z GOPACKAGESDRIVER=''
interop	Run actions/setup-go@v5	2026-10-02T06:47:54.0848203Z GOPATH='/home/runner/go'
interop	Run actions/setup-go@v5	2026-10-02T06:47:54.0848456Z GOPRIVATE=''
interop	Run actions/setup-go@v5	2026-10-02T06:47:54.0849022Z GOPROXY='https://proxy.golang.org,direct'
interop	Run actions/setup-go@v5	2026-10-02T06:47:54.0849401Z GOROOT='/opt/hostedtoolcache/go/1.27.1/x64'
interop	Run actions/setup-go@v5	2026-10-02T06:47:54.0849748Z GOSUMDB='sum.golang.org'
interop	Run actions/setup-go@v5	2026-10-02T06:47:54.0850014Z GOTELEMETRY='local'
interop	Run actions/setup-go@v5	2026-10-02T06:47:54.0850308Z GOTELEMETRYDIR='/home/runner/.config/go/telemetry'
interop	Run actions/setup-go@v5	2026-10-02T06:47:54.0850689Z GOTMPDIR=''
interop	Run actions/setup-go@v5	2026-10-02T06:47:54.0850931Z GOTOOLCHAIN='auto'
interop	Run actions/setup-go@v5	2026-10-02T06:47:54.0851285Z GOTOOLDIR='/opt/hostedtoolcache/go/1.27.1/x64/pkg/tool/linux_amd64'
interop	Run actions/setup-go@v5	2026-10-02T06:47:54.0851681Z GOVCS=''
interop	Run actions/setup-go@v5	2026-10-02T06:47:54.0851907Z GOVERSION='go1.27.1'
interop	Run actions/setup-go@v5	2026-10-02T06:47:54.0852139Z GOWORK=''
interop	Run actions/setup-go@v5	2026-10-02T06:47:54.0852372Z PKG_CONFIG='pkg-config'
interop	Run actions/setup-go@v5	2026-10-02T06:47:54.0852534Z 
interop	Run actions/setup-go@v5	2026-10-02T06:47:54.0852882Z ##[endgroup]
interop	Install independent protobuf compiler and Python runtime	﻿2026-10-02T06:47:54.1066398Z ##[group]Run sudo apt-get update && sudo apt-get install -y protobuf-compiler python3-protobuf
interop	Install independent protobuf compiler and Python runtime	2026-10-02T06:47:54.1067167Z ^[[36;1msudo apt-get update && sudo apt-get install -y protobuf-compiler python3-protobuf^[[0m
interop	Install independent protobuf compiler and Python runtime	2026-10-02T06:47:54.2424303Z shell: /usr/bin/bash -e {0}
interop	Install independent protobuf compiler and Python runtime	2026-10-02T06:47:54.2424900Z env:
interop	Install independent protobuf compiler and Python runtime	2026-10-02T06:47:54.2425220Z   GOMEMLIMIT: 512MiB
interop	Install independent protobuf compiler and Python runtime	2026-10-02T06:47:54.2425535Z   GOMAXPROCS: 2
interop	Install independent protobuf compiler and Python runtime	2026-10-02T06:47:54.2425825Z ##[endgroup]
interop	Install independent protobuf compiler and Python runtime	2026-10-02T06:47:54.3935081Z Get:1 file:/etc/apt/apt-mirrors.txt Mirrorlist [144 B]
interop	Install independent protobuf compiler and Python runtime	2026-10-02T06:47:54.4096241Z Get:4 https://packages.microsoft.com/ubuntu/24.04/prod noble InRelease [3600 B]
interop	Install independent protobuf compiler and Python runtime	2026-10-02T06:47:54.4324676Z Hit:2 http://azure.archive.ubuntu.com/ubuntu noble InRelease
interop	Install independent protobuf compiler and Python runtime	2026-10-02T06:47:54.4352087Z Get:3 http://azure.archive.ubuntu.com/ubuntu noble-updates InRelease [126 kB]
interop	Install independent protobuf compiler and Python runtime	2026-10-02T06:47:54.4522916Z Get:5 http://azure.archive.ubuntu.com/ubuntu noble-backports InRelease [126 kB]
interop	Install independent protobuf compiler and Python runtime	2026-10-02T06:47:54.4600574Z Get:6 http://azure.archive.ubuntu.com/ubuntu noble-security InRelease [126 kB]
interop	Install independent protobuf compiler and Python runtime	2026-10-02T06:47:54.5583794Z Get:7 https://packages.microsoft.com/ubuntu/24.04/prod noble/main arm64 Packages [458 kB]
interop	Install independent protobuf compiler and Python runtime	2026-10-02T06:47:54.5762346Z Get:8 https://packages.microsoft.com/ubuntu/24.04/prod noble/main amd64 Packages [510 kB]
interop	Install independent protobuf compiler and Python runtime	2026-10-02T06:47:54.5810312Z Get:9 https://packages.microsoft.com/ubuntu/24.04/prod noble/main armhf Packages [12.6 kB]
interop	Install independent protobuf compiler and Python runtime	2026-10-02T06:47:54.6879244Z Get:10 http://azure.archive.ubuntu.com/ubuntu noble-updates/main amd64 Packages [1364 kB]
interop	Install independent protobuf compiler and Python runtime	2026-10-02T06:47:54.6962163Z Get:11 http://azure.archive.ubuntu.com/ubuntu noble-updates/main Translation-en [304 kB]
interop	Install independent protobuf compiler and Python runtime	2026-10-02T06:47:54.6987200Z Get:12 http://azure.archive.ubuntu.com/ubuntu noble-updates/main amd64 Components [181 kB]
interop	Install independent protobuf compiler and Python runtime	2026-10-02T06:47:54.6995161Z Get:13 http://azure.archive.ubuntu.com/ubuntu noble-updates/universe amd64 Packages [1699 kB]
interop	Install independent protobuf compiler and Python runtime	2026-10-02T06:47:54.7077255Z Get:14 http://azure.archive.ubuntu.com/ubuntu noble-updates/universe Translation-en [341 kB]
interop	Install independent protobuf compiler and Python runtime	2026-10-02T06:47:54.7098041Z Get:15 http://azure.archive.ubuntu.com/ubuntu noble-updates/universe amd64 Components [388 kB]
interop	Install independent protobuf compiler and Python runtime	2026-10-02T06:47:54.7120613Z Get:16 http://azure.archive.ubuntu.com/ubuntu noble-updates/restricted amd64 Packages [1720 kB]
interop	Install independent protobuf compiler and Python runtime	2026-10-02T06:47:54.7199924Z Get:17 http://azure.archive.ubuntu.com/ubuntu noble-updates/restricted Translation-en [394 kB]
interop	Install independent protobuf compiler and Python runtime	2026-10-02T06:47:54.7221572Z Get:18 http://azure.archive.ubuntu.com/ubuntu noble-updates/multiverse amd64 Components [940 B]
interop	Install independent protobuf compiler and Python runtime	2026-10-02T06:47:54.7480227Z Get:19 http://azure.archive.ubuntu.com/ubuntu noble-backports/main amd64 Components [5760 B]
interop	Install independent protobuf compiler and Python runtime	2026-10-02T06:47:54.7959282Z Get:20 http://azure.archive.ubuntu.com/ubuntu noble-backports/universe amd64 Components [12.6 kB]
interop	Install independent protobuf compiler and Python runtime	2026-10-02T06:47:54.8032772Z Get:21 http://azure.archive.ubuntu.com/ubuntu noble-security/main amd64 Packages [1069 kB]
interop	Install independent protobuf compiler and Python runtime	2026-10-02T06:47:54.8091449Z Get:22 http://azure.archive.ubuntu.com/ubuntu noble-security/main Translation-en [221 kB]
interop	Install independent protobuf compiler and Python runtime	2026-10-02T06:47:54.8107074Z Get:23 http://azure.archive.ubuntu.com/ubuntu noble-security/main amd64 Components [46.4 kB]
interop	Install independent protobuf compiler and Python runtime	2026-10-02T06:47:54.8115878Z Get:24 http://azure.archive.ubuntu.com/ubuntu noble-security/universe amd64 Packages [1216 kB]
interop	Install independent protobuf compiler and Python runtime	2026-10-02T06:47:54.8175201Z Get:25 http://azure.archive.ubuntu.com/ubuntu noble-security/universe Translation-en [244 kB]
interop	Install independent protobuf compiler and Python runtime	2026-10-02T06:47:54.8191690Z Get:26 http://azure.archive.ubuntu.com/ubuntu noble-security/universe amd64 Components [76.3 kB]
interop	Install independent protobuf compiler and Python runtime	2026-10-02T06:47:54.8200853Z Get:27 http://azure.archive.ubuntu.com/ubuntu noble-security/restricted amd64 Packages [1566 kB]
interop	Install independent protobuf compiler and Python runtime	2026-10-02T06:47:54.8273250Z Get:28 http://azure.archive.ubuntu.com/ubuntu noble-security/restricted Translation-en [361 kB]
interop	Install independent protobuf compiler and Python runtime	2026-10-02T06:48:02.7121667Z Fetched 12.6 MB in 1s (8581 kB/s)
interop	Install independent protobuf compiler and Python runtime	2026-10-02T06:48:03.6823501Z Reading package lists...
interop	Install independent protobuf compiler and Python runtime	2026-10-02T06:48:03.7171425Z Reading package lists...
interop	Install independent protobuf compiler and Python runtime	2026-10-02T06:48:03.9671418Z Building dependency tree...
interop	Install independent protobuf compiler and Python runtime	2026-10-02T06:48:03.9679443Z Reading state information...
interop	Install independent protobuf compiler and Python runtime	2026-10-02T06:48:04.2104280Z The following additional packages will be installed:
interop	Install independent protobuf compiler and Python runtime	2026-10-02T06:48:04.2107969Z   libprotobuf-dev libprotobuf32t64 libprotoc32t64
interop	Install independent protobuf compiler and Python runtime	2026-10-02T06:48:04.2130010Z Suggested packages:
interop	Install independent protobuf compiler and Python runtime	2026-10-02T06:48:04.2130492Z   protobuf-mode-el
interop	Install independent protobuf compiler and Python runtime	2026-10-02T06:48:04.2810439Z The following NEW packages will be installed:
interop	Install independent protobuf compiler and Python runtime	2026-10-02T06:48:04.2815437Z   libprotobuf-dev libprotobuf32t64 libprotoc32t64 protobuf-compiler
interop	Install independent protobuf compiler and Python runtime	2026-10-02T06:48:04.2816608Z   python3-protobuf
interop	Install independent protobuf compiler and Python runtime	2026-10-02T06:48:04.3204699Z 0 upgraded, 5 newly installed, 0 to remove and 25 not upgraded.
interop	Install independent protobuf compiler and Python runtime	2026-10-02T06:48:04.3205699Z Need to get 3247 kB of archives.
interop	Install independent protobuf compiler and Python runtime	2026-10-02T06:48:04.3206526Z After this operation, 18.9 MB of additional disk space will be used.
interop	Install independent protobuf compiler and Python runtime	2026-10-02T06:48:04.3207767Z Get:1 file:/etc/apt/apt-mirrors.txt Mirrorlist [144 B]
interop	Install independent protobuf compiler and Python runtime	2026-10-02T06:48:04.4964030Z Get:2 http://azure.archive.ubuntu.com/ubuntu noble-updates/main amd64 libprotobuf32t64 amd64 3.21.12-8.2ubuntu0.3 [923 kB]
interop	Install independent protobuf compiler and Python runtime	2026-10-02T06:48:04.7204284Z Get:3 http://azure.archive.ubuntu.com/ubuntu noble-updates/main amd64 libprotoc32t64 amd64 3.21.12-8.2ubuntu0.3 [683 kB]
interop	Install independent protobuf compiler and Python runtime	2026-10-02T06:48:04.9179769Z Get:4 http://azure.archive.ubuntu.com/ubuntu noble-updates/universe amd64 python3-protobuf amd64 3.21.12-8.2ubuntu0.3 [200 kB]
interop	Install independent protobuf compiler and Python runtime	2026-10-02T06:48:05.1579183Z Get:5 http://azure.archive.ubuntu.com/ubuntu noble-updates/main amd64 libprotobuf-dev amd64 3.21.12-8.2ubuntu0.3 [1413 kB]
interop	Install independent protobuf compiler and Python runtime	2026-10-02T06:48:05.3614087Z Get:6 http://azure.archive.ubuntu.com/ubuntu noble-updates/universe amd64 protobuf-compiler amd64 3.21.12-8.2ubuntu0.3 [29.0 kB]
interop	Install independent protobuf compiler and Python runtime	2026-10-02T06:48:06.0125728Z Fetched 3247 kB in 1s (3079 kB/s)
interop	Install independent protobuf compiler and Python runtime	2026-10-02T06:48:06.0629901Z Selecting previously unselected package libprotobuf32t64:amd64.
interop	Install independent protobuf compiler and Python runtime	2026-10-02T06:48:06.1459325Z (Reading database ... 
interop	Install independent protobuf compiler and Python runtime	2026-10-02T06:48:06.1459894Z (Reading database ... 5%
interop	Install independent protobuf compiler and Python runtime	2026-10-02T06:48:06.1460298Z (Reading database ... 10%
interop	Install independent protobuf compiler and Python runtime	2026-10-02T06:48:06.1460710Z (Reading database ... 15%
interop	Install independent protobuf compiler and Python runtime	2026-10-02T06:48:06.1461090Z (Reading database ... 20%
interop	Install independent protobuf compiler and Python runtime	2026-10-02T06:48:06.1461456Z (Reading database ... 25%
interop	Install independent protobuf compiler and Python runtime	2026-10-02T06:48:06.1461821Z (Reading database ... 30%
interop	Install independent protobuf compiler and Python runtime	2026-10-02T06:48:06.1462205Z (Reading database ... 35%
interop	Install independent protobuf compiler and Python runtime	2026-10-02T06:48:06.1462572Z (Reading database ... 40%
interop	Install independent protobuf compiler and Python runtime	2026-10-02T06:48:06.1462937Z (Reading database ... 45%
interop	Install independent protobuf compiler and Python runtime	2026-10-02T06:48:06.1463436Z (Reading database ... 50%
interop	Install independent protobuf compiler and Python runtime	2026-10-02T06:48:06.1873855Z (Reading database ... 55%
interop	Install independent protobuf compiler and Python runtime	2026-10-02T06:48:06.7478176Z (Reading database ... 60%
interop	Install independent protobuf compiler and Python runtime	2026-10-02T06:48:07.0994578Z (Reading database ... 65%
interop	Install independent protobuf compiler and Python runtime	2026-10-02T06:48:07.4377844Z (Reading database ... 70%
interop	Install independent protobuf compiler and Python runtime	2026-10-02T06:48:07.7733590Z (Reading database ... 75%
interop	Install independent protobuf compiler and Python runtime	2026-10-02T06:48:08.3277300Z (Reading database ... 80%
interop	Install independent protobuf compiler and Python runtime	2026-10-02T06:48:09.0626278Z (Reading database ... 85%
interop	Install independent protobuf compiler and Python runtime	2026-10-02T06:48:09.8230212Z (Reading database ... 90%
interop	Install independent protobuf compiler and Python runtime	2026-10-02T06:48:10.5406055Z (Reading database ... 95%
interop	Install independent protobuf compiler and Python runtime	2026-10-02T06:48:10.5406917Z (Reading database ... 100%
interop	Install independent protobuf compiler and Python runtime	2026-10-02T06:48:10.5407974Z (Reading database ... 202296 files and directories currently installed.)
interop	Install independent protobuf compiler and Python runtime	2026-10-02T06:48:10.5460189Z Preparing to unpack .../libprotobuf32t64_3.21.12-8.2ubuntu0.3_amd64.deb ...
interop	Install independent protobuf compiler and Python runtime	2026-10-02T06:48:10.5499326Z Unpacking libprotobuf32t64:amd64 (3.21.12-8.2ubuntu0.3) ...
interop	Install independent protobuf compiler and Python runtime	2026-10-02T06:48:10.6083985Z Selecting previously unselected package libprotoc32t64:amd64.
interop	Install independent protobuf compiler and Python runtime	2026-10-02T06:48:10.6222088Z Preparing to unpack .../libprotoc32t64_3.21.12-8.2ubuntu0.3_amd64.deb ...
interop	Install independent protobuf compiler and Python runtime	2026-10-02T06:48:10.6230719Z Unpacking libprotoc32t64:amd64 (3.21.12-8.2ubuntu0.3) ...
interop	Install independent protobuf compiler and Python runtime	2026-10-02T06:48:10.6596627Z Selecting previously unselected package python3-protobuf.
interop	Install independent protobuf compiler and Python runtime	2026-10-02T06:48:10.6735923Z Preparing to unpack .../python3-protobuf_3.21.12-8.2ubuntu0.3_amd64.deb ...
interop	Install independent protobuf compiler and Python runtime	2026-10-02T06:48:10.6744814Z Unpacking python3-protobuf (3.21.12-8.2ubuntu0.3) ...
interop	Install independent protobuf compiler and Python runtime	2026-10-02T06:48:10.7092701Z Selecting previously unselected package libprotobuf-dev:amd64.
interop	Install independent protobuf compiler and Python runtime	2026-10-02T06:48:10.7235469Z Preparing to unpack .../libprotobuf-dev_3.21.12-8.2ubuntu0.3_amd64.deb ...
interop	Install independent protobuf compiler and Python runtime	2026-10-02T06:48:10.7244057Z Unpacking libprotobuf-dev:amd64 (3.21.12-8.2ubuntu0.3) ...
interop	Install independent protobuf compiler and Python runtime	2026-10-02T06:48:10.8036353Z Selecting previously unselected package protobuf-compiler.
interop	Install independent protobuf compiler and Python runtime	2026-10-02T06:48:10.8181451Z Preparing to unpack .../protobuf-compiler_3.21.12-8.2ubuntu0.3_amd64.deb ...
interop	Install independent protobuf compiler and Python runtime	2026-10-02T06:48:10.8189666Z Unpacking protobuf-compiler (3.21.12-8.2ubuntu0.3) ...
interop	Install independent protobuf compiler and Python runtime	2026-10-02T06:48:10.8759579Z Setting up libprotobuf32t64:amd64 (3.21.12-8.2ubuntu0.3) ...
interop	Install independent protobuf compiler and Python runtime	2026-10-02T06:48:10.8782953Z Setting up libprotobuf-dev:amd64 (3.21.12-8.2ubuntu0.3) ...
interop	Install independent protobuf compiler and Python runtime	2026-10-02T06:48:10.8802808Z Setting up libprotoc32t64:amd64 (3.21.12-8.2ubuntu0.3) ...
interop	Install independent protobuf compiler and Python runtime	2026-10-02T06:48:10.8822682Z Setting up python3-protobuf (3.21.12-8.2ubuntu0.3) ...
interop	Install independent protobuf compiler and Python runtime	2026-10-02T06:48:11.1001250Z Setting up protobuf-compiler (3.21.12-8.2ubuntu0.3) ...
interop	Install independent protobuf compiler and Python runtime	2026-10-02T06:48:11.1024312Z Processing triggers for man-db (2.12.0-4build2) ...
interop	Install independent protobuf compiler and Python runtime	2026-10-02T06:48:11.1047638Z Not building database; man-db/auto-update is not 'true'.
interop	Install independent protobuf compiler and Python runtime	2026-10-02T06:48:11.1060636Z Processing triggers for libc-bin (2.39-0ubuntu8.9) ...
interop	Install independent protobuf compiler and Python runtime	2026-10-02T06:48:12.4547270Z 
interop	Install independent protobuf compiler and Python runtime	2026-10-02T06:48:12.4547910Z Running kernel seems to be up-to-date.
interop	Install independent protobuf compiler and Python runtime	2026-10-02T06:48:12.4548467Z 
interop	Install independent protobuf compiler and Python runtime	2026-10-02T06:48:12.4548995Z No services need to be restarted.
interop	Install independent protobuf compiler and Python runtime	2026-10-02T06:48:12.4549334Z 
interop	Install independent protobuf compiler and Python runtime	2026-10-02T06:48:12.4549517Z No containers need to be restarted.
interop	Install independent protobuf compiler and Python runtime	2026-10-02T06:48:12.4549813Z 
interop	Install independent protobuf compiler and Python runtime	2026-10-02T06:48:12.4550025Z No user sessions are running outdated binaries.
interop	Install independent protobuf compiler and Python runtime	2026-10-02T06:48:12.4550365Z 
interop	Install independent protobuf compiler and Python runtime	2026-10-02T06:48:12.4550713Z No VM guests are running outdated hypervisor (qemu) binaries on this host.
interop	Check Go envelope and SDK recovery decisions	﻿2026-10-02T06:48:13.8684288Z ##[group]Run go run -p=1 ./scripts/protocol-vectors > "$RUNNER_TEMP/protocol-vectors.json"
interop	Check Go envelope and SDK recovery decisions	2026-10-02T06:48:13.8685040Z ^[[36;1mgo run -p=1 ./scripts/protocol-vectors > "$RUNNER_TEMP/protocol-vectors.json"^[[0m
interop	Check Go envelope and SDK recovery decisions	2026-10-02T06:48:13.8685695Z ^[[36;1mcmp protocol/testdata/vectors.json "$RUNNER_TEMP/protocol-vectors.json"^[[0m
interop	Check Go envelope and SDK recovery decisions	2026-10-02T06:48:13.8686224Z ^[[36;1mgo test -p=1 -race ./journal ./protocol/...^[[0m
interop	Check Go envelope and SDK recovery decisions	2026-10-02T06:48:13.8750255Z shell: /usr/bin/bash -e {0}
interop	Check Go envelope and SDK recovery decisions	2026-10-02T06:48:13.8750589Z env:
interop	Check Go envelope and SDK recovery decisions	2026-10-02T06:48:13.8750833Z   GOMEMLIMIT: 512MiB
interop	Check Go envelope and SDK recovery decisions	2026-10-02T06:48:13.8751119Z   GOMAXPROCS: 2
interop	Check Go envelope and SDK recovery decisions	2026-10-02T06:48:13.8751379Z ##[endgroup]
interop	Check Go envelope and SDK recovery decisions	2026-10-02T06:48:13.8994288Z go: downloading google.golang.org/protobuf v1.36.6
interop	Check Go envelope and SDK recovery decisions	2026-10-02T06:48:27.1546308Z ok  	js-wf/journal	1.026s
interop	Check Go envelope and SDK recovery decisions	2026-10-02T06:48:29.5899862Z ok  	js-wf/protocol	1.103s
interop	Check Go envelope and SDK recovery decisions	2026-10-02T06:48:29.5900325Z ?   	js-wf/protocol/v1	[no test files]
interop	Verify real protobuf worker, mixed-format compaction and CLI	﻿2026-10-02T06:48:29.6119875Z ##[group]Run set -euo pipefail
interop	Verify real protobuf worker, mixed-format compaction and CLI	2026-10-02T06:48:29.6120371Z ^[[36;1mset -euo pipefail^[[0m
interop	Verify real protobuf worker, mixed-format compaction and CLI	2026-10-02T06:48:29.6121440Z ^[[36;1mgo test -p=1 ./integration -list '^TestProtobufWorkerResumesJSONPrefixAndCompacts$' | grep -Fx 'TestProtobufWorkerResumesJSONPrefixAndCompacts'^[[0m
interop	Verify real protobuf worker, mixed-format compaction and CLI	2026-10-02T06:48:29.6123072Z ^[[36;1mgo test -p=1 ./integration -list '^TestJSONWorkerResumesProtobufStep$' | grep -Fx 'TestJSONWorkerResumesProtobufStep'^[[0m
interop	Verify real protobuf worker, mixed-format compaction and CLI	2026-10-02T06:48:29.6124212Z ^[[36;1mgo test -p=1 ./cmd/wf-worker -list '^TestWorkerRunnerProtobufJournal$' | grep -Fx 'TestWorkerRunnerProtobufJournal'^[[0m
interop	Verify real protobuf worker, mixed-format compaction and CLI	2026-10-02T06:48:29.6125156Z ^[[36;1mgo test -p=1 -race ./integration -run '^(TestProtobufWorkerResumesJSONPrefixAndCompacts|TestJSONWorkerResumesProtobufStep)$' -count=1 -v^[[0m
interop	Verify real protobuf worker, mixed-format compaction and CLI	2026-10-02T06:48:29.6126025Z ^[[36;1mgo test -p=1 -race ./cmd/wf-worker -run '^TestWorkerRunnerProtobufJournal$' -count=1 -v^[[0m
interop	Verify real protobuf worker, mixed-format compaction and CLI	2026-10-02T06:48:29.6189972Z shell: /usr/bin/bash -e {0}
interop	Verify real protobuf worker, mixed-format compaction and CLI	2026-10-02T06:48:29.6190244Z env:
interop	Verify real protobuf worker, mixed-format compaction and CLI	2026-10-02T06:48:29.6190449Z   GOMEMLIMIT: 512MiB
interop	Verify real protobuf worker, mixed-format compaction and CLI	2026-10-02T06:48:29.6190716Z   GOMAXPROCS: 2
interop	Verify real protobuf worker, mixed-format compaction and CLI	2026-10-02T06:48:29.6190918Z ##[endgroup]
interop	Verify real protobuf worker, mixed-format compaction and CLI	2026-10-02T06:48:56.2778375Z TestProtobufWorkerResumesJSONPrefixAndCompacts
interop	Verify real protobuf worker, mixed-format compaction and CLI	2026-10-02T06:48:57.3487736Z TestJSONWorkerResumesProtobufStep
interop	Verify real protobuf worker, mixed-format compaction and CLI	2026-10-02T06:49:01.2551691Z TestWorkerRunnerProtobufJournal
interop	Verify real protobuf worker, mixed-format compaction and CLI	2026-10-02T06:49:15.8300073Z === RUN   TestProtobufWorkerResumesJSONPrefixAndCompacts
interop	Verify real protobuf worker, mixed-format compaction and CLI	2026-10-02T06:49:19.0327984Z     journal_encoding_test.go:125: R3 mixed JSON/protobuf: four entries, one effect/terminal, all-peer audit, live/snapshot blob retention and compaction pass
interop	Verify real protobuf worker, mixed-format compaction and CLI	2026-10-02T06:49:19.1846039Z --- PASS: TestProtobufWorkerResumesJSONPrefixAndCompacts (3.35s)
interop	Verify real protobuf worker, mixed-format compaction and CLI	2026-10-02T06:49:19.1846985Z === RUN   TestJSONWorkerResumesProtobufStep
interop	Verify real protobuf worker, mixed-format compaction and CLI	2026-10-02T06:49:19.1847911Z === RUN   TestJSONWorkerResumesProtobufStep/completed=false
interop	Verify real protobuf worker, mixed-format compaction and CLI	2026-10-02T06:49:22.1351340Z     journal_encoding_test.go:242: protobuf-to-JSON recovery completed=false effects=2: retained prefix, higher epoch and all-peer audit pass
interop	Verify real protobuf worker, mixed-format compaction and CLI	2026-10-02T06:49:22.2743609Z === RUN   TestJSONWorkerResumesProtobufStep/completed=true
interop	Verify real protobuf worker, mixed-format compaction and CLI	2026-10-02T06:49:25.2266165Z     journal_encoding_test.go:242: protobuf-to-JSON recovery completed=true effects=1: retained prefix, higher epoch and all-peer audit pass
interop	Verify real protobuf worker, mixed-format compaction and CLI	2026-10-02T06:49:25.3850382Z --- PASS: TestJSONWorkerResumesProtobufStep (6.20s)
interop	Verify real protobuf worker, mixed-format compaction and CLI	2026-10-02T06:49:25.3851664Z     --- PASS: TestJSONWorkerResumesProtobufStep/completed=false (3.09s)
interop	Verify real protobuf worker, mixed-format compaction and CLI	2026-10-02T06:49:25.3852976Z     --- PASS: TestJSONWorkerResumesProtobufStep/completed=true (3.11s)
interop	Verify real protobuf worker, mixed-format compaction and CLI	2026-10-02T06:49:25.3856062Z PASS
interop	Verify real protobuf worker, mixed-format compaction and CLI	2026-10-02T06:49:26.4003611Z ok  	js-wf/integration	10.583s
interop	Verify real protobuf worker, mixed-format compaction and CLI	2026-10-02T06:49:29.3554298Z === RUN   TestWorkerRunnerProtobufJournal
interop	Verify real protobuf worker, mixed-format compaction and CLI	2026-10-02T06:49:56.9388978Z --- PASS: TestWorkerRunnerProtobufJournal (27.58s)
interop	Verify real protobuf worker, mixed-format compaction and CLI	2026-10-02T06:49:56.9389668Z PASS
interop	Verify real protobuf worker, mixed-format compaction and CLI	2026-10-02T06:49:57.9479267Z ok  	js-wf/cmd/wf-worker	28.604s
interop	Exchange exact uint64 and JSON payload bytes with Python	﻿2026-10-02T06:49:57.9700424Z ##[group]Run set -euo pipefail
interop	Exchange exact uint64 and JSON payload bytes with Python	2026-10-02T06:49:57.9700990Z ^[[36;1mset -euo pipefail^[[0m
interop	Exchange exact uint64 and JSON payload bytes with Python	2026-10-02T06:49:57.9701491Z ^[[36;1mmkdir -p protocol-evidence/generated^[[0m
interop	Exchange exact uint64 and JSON payload bytes with Python	2026-10-02T06:49:57.9702144Z ^[[36;1mprotoc --version | tee protocol-evidence/versions.log^[[0m
interop	Exchange exact uint64 and JSON payload bytes with Python	2026-10-02T06:49:57.9703272Z ^[[36;1m/usr/bin/python3 -c 'import google.protobuf; print(google.protobuf.__version__)' | tee -a protocol-evidence/versions.log^[[0m
interop	Exchange exact uint64 and JSON payload bytes with Python	2026-10-02T06:49:57.9704560Z ^[[36;1mprotoc --python_out=protocol-evidence/generated protocol/v1/journal.proto^[[0m
interop	Exchange exact uint64 and JSON payload bytes with Python	2026-10-02T06:49:57.9727977Z ^[[36;1m/usr/bin/python3 scripts/check-protocol-interop.py protocol-evidence/generated protocol-evidence/python | tee protocol-evidence/interop.log^[[0m
interop	Exchange exact uint64 and JSON payload bytes with Python	2026-10-02T06:49:57.9730402Z ^[[36;1mPROTOCOL_INTEROP_DIR="$GITHUB_WORKSPACE/protocol-evidence/python" go test -p=1 -race ./protocol -run '^TestPortableVectors$' -v | tee protocol-evidence/reverse.log^[[0m
interop	Exchange exact uint64 and JSON payload bytes with Python	2026-10-02T06:49:57.9732059Z ^[[36;1msha256sum protocol/v1/journal.proto protocol/testdata/vectors.json protocol-evidence/python/vectors.json > protocol-evidence/SHA256SUMS^[[0m
interop	Exchange exact uint64 and JSON payload bytes with Python	2026-10-02T06:49:57.9797378Z shell: /usr/bin/bash --noprofile --norc -e -o pipefail {0}
interop	Exchange exact uint64 and JSON payload bytes with Python	2026-10-02T06:49:57.9797744Z env:
interop	Exchange exact uint64 and JSON payload bytes with Python	2026-10-02T06:49:57.9797953Z   GOMEMLIMIT: 512MiB
interop	Exchange exact uint64 and JSON payload bytes with Python	2026-10-02T06:49:57.9798171Z   GOMAXPROCS: 2
interop	Exchange exact uint64 and JSON payload bytes with Python	2026-10-02T06:49:57.9798378Z ##[endgroup]
interop	Exchange exact uint64 and JSON payload bytes with Python	2026-10-02T06:49:57.9929460Z libprotoc 3.21.12
interop	Exchange exact uint64 and JSON payload bytes with Python	2026-10-02T06:49:58.0086000Z 4.21.12
interop	Exchange exact uint64 and JSON payload bytes with Python	2026-10-02T06:49:58.0572077Z PASS Go-to-Python interchange and persisted storage: 8 records; wrote 8 independent Python-to-Go records
interop	Exchange exact uint64 and JSON payload bytes with Python	2026-10-02T06:49:58.7017379Z === RUN   TestPortableVectors
interop	Exchange exact uint64 and JSON payload bytes with Python	2026-10-02T06:49:58.7026092Z === RUN   TestPortableVectors/Started
interop	Exchange exact uint64 and JSON payload bytes with Python	2026-10-02T06:49:58.7033378Z === RUN   TestPortableVectors/StepRequested
interop	Exchange exact uint64 and JSON payload bytes with Python	2026-10-02T06:49:58.7038190Z === RUN   TestPortableVectors/StepCompleted
interop	Exchange exact uint64 and JSON payload bytes with Python	2026-10-02T06:49:58.7041123Z === RUN   TestPortableVectors/Suspended
interop	Exchange exact uint64 and JSON payload bytes with Python	2026-10-02T06:49:58.7041794Z === RUN   TestPortableVectors/SignalConsumed
interop	Exchange exact uint64 and JSON payload bytes with Python	2026-10-02T06:49:58.7044227Z === RUN   TestPortableVectors/Attempt
interop	Exchange exact uint64 and JSON payload bytes with Python	2026-10-02T06:49:58.7045743Z === RUN   TestPortableVectors/Completed
interop	Exchange exact uint64 and JSON payload bytes with Python	2026-10-02T06:49:58.7047825Z === RUN   TestPortableVectors/Failed
interop	Exchange exact uint64 and JSON payload bytes with Python	2026-10-02T06:49:58.7050097Z --- PASS: TestPortableVectors (0.00s)
interop	Exchange exact uint64 and JSON payload bytes with Python	2026-10-02T06:49:58.7050958Z     --- PASS: TestPortableVectors/Started (0.00s)
interop	Exchange exact uint64 and JSON payload bytes with Python	2026-10-02T06:49:58.7051521Z     --- PASS: TestPortableVectors/StepRequested (0.00s)
interop	Exchange exact uint64 and JSON payload bytes with Python	2026-10-02T06:49:58.7052043Z     --- PASS: TestPortableVectors/StepCompleted (0.00s)
interop	Exchange exact uint64 and JSON payload bytes with Python	2026-10-02T06:49:58.7052559Z     --- PASS: TestPortableVectors/Suspended (0.00s)
interop	Exchange exact uint64 and JSON payload bytes with Python	2026-10-02T06:49:58.7053075Z     --- PASS: TestPortableVectors/SignalConsumed (0.00s)
interop	Exchange exact uint64 and JSON payload bytes with Python	2026-10-02T06:49:58.7053574Z     --- PASS: TestPortableVectors/Attempt (0.00s)
interop	Exchange exact uint64 and JSON payload bytes with Python	2026-10-02T06:49:58.7054339Z     --- PASS: TestPortableVectors/Completed (0.00s)
interop	Exchange exact uint64 and JSON payload bytes with Python	2026-10-02T06:49:58.7054880Z     --- PASS: TestPortableVectors/Failed (0.00s)
interop	Exchange exact uint64 and JSON payload bytes with Python	2026-10-02T06:49:58.7055282Z PASS
interop	Exchange exact uint64 and JSON payload bytes with Python	2026-10-02T06:49:59.7064875Z ok  	js-wf/protocol	1.014s
interop	Run actions/upload-artifact@v4	﻿2026-10-02T06:49:59.7334188Z ##[group]Run actions/upload-artifact@v4
interop	Run actions/upload-artifact@v4	2026-10-02T06:49:59.7334515Z with:
interop	Run actions/upload-artifact@v4	2026-10-02T06:49:59.7334724Z   name: journal-protocol-interop
interop	Run actions/upload-artifact@v4	2026-10-02T06:49:59.7334992Z   path: protocol-evidence/
interop	Run actions/upload-artifact@v4	2026-10-02T06:49:59.7335235Z   if-no-files-found: warn
interop	Run actions/upload-artifact@v4	2026-10-02T06:49:59.7335470Z   compression-level: 6
interop	Run actions/upload-artifact@v4	2026-10-02T06:49:59.7335704Z   overwrite: false
interop	Run actions/upload-artifact@v4	2026-10-02T06:49:59.7335929Z   include-hidden-files: false
interop	Run actions/upload-artifact@v4	2026-10-02T06:49:59.7336159Z env:
interop	Run actions/upload-artifact@v4	2026-10-02T06:49:59.7336336Z   GOMEMLIMIT: 512MiB
interop	Run actions/upload-artifact@v4	2026-10-02T06:49:59.7336547Z   GOMAXPROCS: 2
interop	Run actions/upload-artifact@v4	2026-10-02T06:49:59.7336758Z ##[endgroup]
interop	Run actions/upload-artifact@v4	2026-10-02T06:49:59.9046620Z (node:7303) [DEP0040] DeprecationWarning: The `punycode` module is deprecated. Please use a userland alternative instead.
interop	Run actions/upload-artifact@v4	2026-10-02T06:49:59.9047433Z (Use `node --trace-deprecation ...` to show where the warning was created)
interop	Run actions/upload-artifact@v4	2026-10-02T06:49:59.9152893Z With the provided path, there will be 7 files uploaded
interop	Run actions/upload-artifact@v4	2026-10-02T06:49:59.9153788Z Artifact name is valid!
interop	Run actions/upload-artifact@v4	2026-10-02T06:49:59.9179527Z Root directory input is valid!
interop	Run actions/upload-artifact@v4	2026-10-02T06:50:00.2924405Z Beginning upload of artifact content to blob storage
interop	Run actions/upload-artifact@v4	2026-10-02T06:50:00.3219153Z (node:7303) [DEP0169] DeprecationWarning: `url.parse()` behavior is not standardized and prone to errors that have security implications. Use the WHATWG URL API instead. CVEs are not issued for `url.parse()` vulnerabilities.
interop	Run actions/upload-artifact@v4	2026-10-02T06:50:00.6023554Z Uploaded bytes 4093
interop	Run actions/upload-artifact@v4	2026-10-02T06:50:00.6745489Z Finished uploading artifact content to blob storage!
interop	Run actions/upload-artifact@v4	2026-10-02T06:50:00.6746459Z SHA256 digest of uploaded artifact zip is a264050b3d33c62da84be8be45f8228cdc42882522935c138747b66adb86d8d9
interop	Run actions/upload-artifact@v4	2026-10-02T06:50:00.6747527Z Finalizing artifact upload
interop	Run actions/upload-artifact@v4	2026-10-02T06:50:01.0309867Z Artifact journal-protocol-interop.zip successfully finalized. Artifact ID 11212707662
interop	Run actions/upload-artifact@v4	2026-10-02T06:50:01.0311820Z Artifact journal-protocol-interop has been successfully uploaded! Final size is 4093 bytes. Artifact ID is 11212707662
interop	Run actions/upload-artifact@v4	2026-10-02T06:50:01.0319824Z Artifact download URL: https://github.com/AntPAllen/js-wf/actions/runs/36975249620/artifacts/11212707662
interop	Post Run actions/setup-go@v5	﻿2026-10-02T06:50:01.0506952Z Post job cleanup.
interop	Post Run actions/setup-go@v5	2026-10-02T06:50:01.1787394Z (node:7316) [DEP0040] DeprecationWarning: The `punycode` module is deprecated. Please use a userland alternative instead.
interop	Post Run actions/setup-go@v5	2026-10-02T06:50:01.1788494Z (Use `node --trace-deprecation ...` to show where the warning was created)
interop	Post Run actions/setup-go@v5	2026-10-02T06:50:01.1877687Z [command]/opt/hostedtoolcache/go/1.27.1/x64/bin/go env GOMODCACHE
interop	Post Run actions/setup-go@v5	2026-10-02T06:50:01.1938167Z [command]/opt/hostedtoolcache/go/1.27.1/x64/bin/go env GOCACHE
interop	Post Run actions/setup-go@v5	2026-10-02T06:50:01.1971584Z /home/runner/go/pkg/mod
interop	Post Run actions/setup-go@v5	2026-10-02T06:50:01.1998433Z /home/runner/.cache/go-build
interop	Post Run actions/setup-go@v5	2026-10-02T06:50:01.2006451Z Cache hit occurred on the primary key setup-go-Linux-x64-ubuntu24-go-1.27.1-05fc3b25fc9f8da09ce7d05c0dc054d40239ab068ad334b7c31a444aad3c64eb, not saving cache.
interop	Post Run actions/checkout@v4	﻿2026-10-02T06:50:01.2192866Z Post job cleanup.
interop	Post Run actions/checkout@v4	2026-10-02T06:50:01.3247502Z [command]/usr/bin/git version
interop	Post Run actions/checkout@v4	2026-10-02T06:50:01.3292030Z git version 2.55.0
interop	Post Run actions/checkout@v4	2026-10-02T06:50:01.3335844Z Temporarily overriding HOME='/home/runner/work/_temp/5b4a3d72-10da-4af9-a25e-54e7126e222a' before making global git config changes
interop	Post Run actions/checkout@v4	2026-10-02T06:50:01.3337249Z Adding repository directory to the temporary git global config as a safe directory
interop	Post Run actions/checkout@v4	2026-10-02T06:50:01.3340690Z [command]/usr/bin/git config --global --add safe.directory /home/runner/work/js-wf/js-wf
interop	Post Run actions/checkout@v4	2026-10-02T06:50:01.3387009Z [command]/usr/bin/git config --local --name-only --get-regexp core\.sshCommand
interop	Post Run actions/checkout@v4	2026-10-02T06:50:01.3425613Z [command]/usr/bin/git submodule foreach --recursive sh -c "git config --local --name-only --get-regexp 'core\.sshCommand' && git config --local --unset-all 'core.sshCommand' || :"
interop	Post Run actions/checkout@v4	2026-10-02T06:50:01.3708313Z [command]/usr/bin/git config --local --name-only --get-regexp http\.https\:\/\/github\.com\/\.extraheader
interop	Post Run actions/checkout@v4	2026-10-02T06:50:01.3738398Z http.https://github.com/.extraheader
interop	Post Run actions/checkout@v4	2026-10-02T06:50:01.3753760Z [command]/usr/bin/git config --local --unset-all http.https://github.com/.extraheader
interop	Post Run actions/checkout@v4	2026-10-02T06:50:01.3795672Z [command]/usr/bin/git submodule foreach --recursive sh -c "git config --local --name-only --get-regexp 'http\.https\:\/\/github\.com\/\.extraheader' && git config --local --unset-all 'http.https://github.com/.extraheader' || :"
interop	Post Run actions/checkout@v4	2026-10-02T06:50:01.4080804Z [command]/usr/bin/git config --local --name-only --get-regexp ^includeIf\.gitdir:
interop	Post Run actions/checkout@v4	2026-10-02T06:50:01.4134643Z [command]/usr/bin/git submodule foreach --recursive git config --local --show-origin --name-only --get-regexp remote.origin.url
interop	Complete job	﻿2026-10-02T06:50:01.4591328Z Cleaning up orphan processes
interop	Complete job	2026-10-02T06:50:01.4942767Z ##[warning]Node.js 20 is deprecated. The following actions target Node.js 20 but are being forced to run on Node.js 24: actions/checkout@v4, actions/setup-go@v5, actions/upload-artifact@v4. For more information see: https://github.blog/changelog/2025-09-19-deprecation-of-node-20-on-github-actions-runners/
