=== RUN   TestRepairScannersRespectDomainClockAndFailClosed
=== RUN   TestRepairScannersRespectDomainClockAndFailClosed/timer/future
=== RUN   TestRepairScannersRespectDomainClockAndFailClosed/timer/due
=== RUN   TestRepairScannersRespectDomainClockAndFailClosed/timer/missing
=== RUN   TestRepairScannersRespectDomainClockAndFailClosed/timer/failed
=== RUN   TestRepairScannersRespectDomainClockAndFailClosed/timer/empty
=== RUN   TestRepairScannersRespectDomainClockAndFailClosed/timer_start/future
=== RUN   TestRepairScannersRespectDomainClockAndFailClosed/timer_start/due
=== RUN   TestRepairScannersRespectDomainClockAndFailClosed/timer_start/missing
=== RUN   TestRepairScannersRespectDomainClockAndFailClosed/timer_start/failed
=== RUN   TestRepairScannersRespectDomainClockAndFailClosed/timer_start/empty
=== RUN   TestRepairScannersRespectDomainClockAndFailClosed/timer_await/future
=== RUN   TestRepairScannersRespectDomainClockAndFailClosed/timer_await/due
=== RUN   TestRepairScannersRespectDomainClockAndFailClosed/timer_await/missing
=== RUN   TestRepairScannersRespectDomainClockAndFailClosed/timer_await/failed
=== RUN   TestRepairScannersRespectDomainClockAndFailClosed/timer_await/empty
=== RUN   TestRepairScannersRespectDomainClockAndFailClosed/fallback/future
=== RUN   TestRepairScannersRespectDomainClockAndFailClosed/fallback/due
=== RUN   TestRepairScannersRespectDomainClockAndFailClosed/fallback/missing
=== RUN   TestRepairScannersRespectDomainClockAndFailClosed/fallback/failed
=== RUN   TestRepairScannersRespectDomainClockAndFailClosed/fallback/empty
--- PASS: TestRepairScannersRespectDomainClockAndFailClosed (0.00s)
    --- PASS: TestRepairScannersRespectDomainClockAndFailClosed/timer/future (0.00s)
    --- PASS: TestRepairScannersRespectDomainClockAndFailClosed/timer/due (0.00s)
    --- PASS: TestRepairScannersRespectDomainClockAndFailClosed/timer/missing (0.00s)
    --- PASS: TestRepairScannersRespectDomainClockAndFailClosed/timer/failed (0.00s)
    --- PASS: TestRepairScannersRespectDomainClockAndFailClosed/timer/empty (0.00s)
    --- PASS: TestRepairScannersRespectDomainClockAndFailClosed/timer_start/future (0.00s)
    --- PASS: TestRepairScannersRespectDomainClockAndFailClosed/timer_start/due (0.00s)
    --- PASS: TestRepairScannersRespectDomainClockAndFailClosed/timer_start/missing (0.00s)
    --- PASS: TestRepairScannersRespectDomainClockAndFailClosed/timer_start/failed (0.00s)
    --- PASS: TestRepairScannersRespectDomainClockAndFailClosed/timer_start/empty (0.00s)
    --- PASS: TestRepairScannersRespectDomainClockAndFailClosed/timer_await/future (0.00s)
    --- PASS: TestRepairScannersRespectDomainClockAndFailClosed/timer_await/due (0.00s)
    --- PASS: TestRepairScannersRespectDomainClockAndFailClosed/timer_await/missing (0.00s)
    --- PASS: TestRepairScannersRespectDomainClockAndFailClosed/timer_await/failed (0.00s)
    --- PASS: TestRepairScannersRespectDomainClockAndFailClosed/timer_await/empty (0.00s)
    --- PASS: TestRepairScannersRespectDomainClockAndFailClosed/fallback/future (0.00s)
    --- PASS: TestRepairScannersRespectDomainClockAndFailClosed/fallback/due (0.00s)
    --- PASS: TestRepairScannersRespectDomainClockAndFailClosed/fallback/missing (0.00s)
    --- PASS: TestRepairScannersRespectDomainClockAndFailClosed/fallback/failed (0.00s)
    --- PASS: TestRepairScannersRespectDomainClockAndFailClosed/fallback/empty (0.00s)
=== RUN   TestSuspendedDomainTimersIncludeGrace
=== RUN   TestSuspendedDomainTimersIncludeGrace/timer
=== RUN   TestSuspendedDomainTimersIncludeGrace/timer_await
=== RUN   TestSuspendedDomainTimersIncludeGrace/timer_signal_select
=== RUN   TestSuspendedDomainTimersIncludeGrace/select_many
--- PASS: TestSuspendedDomainTimersIncludeGrace (0.00s)
    --- PASS: TestSuspendedDomainTimersIncludeGrace/timer (0.00s)
    --- PASS: TestSuspendedDomainTimersIncludeGrace/timer_await (0.00s)
    --- PASS: TestSuspendedDomainTimersIncludeGrace/timer_signal_select (0.00s)
    --- PASS: TestSuspendedDomainTimersIncludeGrace/select_many (0.00s)
=== RUN   TestDomainRepairClockHonorsCanceledContext
--- PASS: TestDomainRepairClockHonorsCanceledContext (0.00s)
PASS
ok  	js-wf/reconcile	1.018s
