=== RUN   TestNativeGraphStableReadCohort
=== RUN   TestNativeGraphStableReadCohort/R1
    nats_read_cohort_test.go:40: stable read 14: blob publication CAS conflict
    nats_read_cohort_test.go:40: stable read 15: blob publication CAS conflict
    nats_read_cohort_test.go:40: stable read 17: blob publication CAS conflict
    nats_read_cohort_test.go:40: stable read 18: blob publication CAS conflict
    nats_read_cohort_test.go:40: stable read 19: blob publication CAS conflict
    nats_read_cohort_test.go:40: stable read 20: blob publication CAS conflict
    nats_read_cohort_test.go:40: stable read 21: blob publication CAS conflict
    nats_read_cohort_test.go:40: stable read 22: blob publication CAS conflict
    nats_read_cohort_test.go:40: stable read 23: blob publication CAS conflict
    nats_read_cohort_test.go:40: stable read 25: blob publication CAS conflict
    nats_read_cohort_test.go:40: stable read 26: blob publication CAS conflict
    nats_read_cohort_test.go:40: stable read 27: blob publication CAS conflict
    nats_read_cohort_test.go:40: stable read 28: blob publication CAS conflict
    nats_read_cohort_test.go:51: stable readers=32 failed=13 acknowledged_physical_witnesses=19 logical_head=0
=== RUN   TestNativeGraphStableReadCohort/R3
    nats_read_cohort_test.go:40: stable read 12: blob publication CAS conflict
    nats_read_cohort_test.go:40: stable read 16: blob publication CAS conflict
    nats_read_cohort_test.go:40: stable read 17: blob publication CAS conflict
    nats_read_cohort_test.go:40: stable read 18: blob publication CAS conflict
    nats_read_cohort_test.go:40: stable read 19: blob publication CAS conflict
    nats_read_cohort_test.go:40: stable read 20: blob publication CAS conflict
    nats_read_cohort_test.go:40: stable read 21: blob publication CAS conflict
    nats_read_cohort_test.go:40: stable read 22: blob publication CAS conflict
    nats_read_cohort_test.go:40: stable read 23: blob publication CAS conflict
    nats_read_cohort_test.go:40: stable read 24: blob publication CAS conflict
    nats_read_cohort_test.go:40: stable read 25: blob publication CAS conflict
    nats_read_cohort_test.go:40: stable read 26: blob publication CAS conflict
    nats_read_cohort_test.go:40: stable read 28: blob publication CAS conflict
    nats_read_cohort_test.go:40: stable read 30: blob publication CAS conflict
    nats_read_cohort_test.go:51: stable readers=32 failed=14 acknowledged_physical_witnesses=18 logical_head=0
--- FAIL: TestNativeGraphStableReadCohort (3.29s)
    --- FAIL: TestNativeGraphStableReadCohort/R1 (1.09s)
    --- FAIL: TestNativeGraphStableReadCohort/R3 (2.20s)
FAIL
FAIL	js-wf/internal/graphpublication	3.303s
FAIL
