=== RUN   TestGraphAwaitContentionFreshReadAndGenerationFence
=== RUN   TestGraphAwaitContentionFreshReadAndGenerationFence/v4/observe
=== RUN   TestGraphAwaitContentionFreshReadAndGenerationFence/v4/pinned
=== RUN   TestGraphAwaitContentionFreshReadAndGenerationFence/v4/release
=== RUN   TestGraphAwaitContentionFreshReadAndGenerationFence/v4/generation
=== RUN   TestGraphAwaitContentionFreshReadAndGenerationFence/v4/purge
=== RUN   TestGraphAwaitContentionFreshReadAndGenerationFence/v4/cancel
=== RUN   TestGraphAwaitContentionFreshReadAndGenerationFence/v4/unknown
=== RUN   TestGraphAwaitContentionFreshReadAndGenerationFence/v6/observe
=== RUN   TestGraphAwaitContentionFreshReadAndGenerationFence/v6/pinned
=== RUN   TestGraphAwaitContentionFreshReadAndGenerationFence/v6/release
=== RUN   TestGraphAwaitContentionFreshReadAndGenerationFence/v6/generation
=== RUN   TestGraphAwaitContentionFreshReadAndGenerationFence/v6/purge
=== RUN   TestGraphAwaitContentionFreshReadAndGenerationFence/v6/cancel
=== RUN   TestGraphAwaitContentionFreshReadAndGenerationFence/v6/unknown
--- PASS: TestGraphAwaitContentionFreshReadAndGenerationFence (20.60s)
    --- PASS: TestGraphAwaitContentionFreshReadAndGenerationFence/v4/observe (1.33s)
    --- PASS: TestGraphAwaitContentionFreshReadAndGenerationFence/v4/pinned (1.51s)
    --- PASS: TestGraphAwaitContentionFreshReadAndGenerationFence/v4/release (2.15s)
    --- PASS: TestGraphAwaitContentionFreshReadAndGenerationFence/v4/generation (2.11s)
    --- PASS: TestGraphAwaitContentionFreshReadAndGenerationFence/v4/purge (1.14s)
    --- PASS: TestGraphAwaitContentionFreshReadAndGenerationFence/v4/cancel (1.06s)
    --- PASS: TestGraphAwaitContentionFreshReadAndGenerationFence/v4/unknown (1.03s)
    --- PASS: TestGraphAwaitContentionFreshReadAndGenerationFence/v6/observe (1.28s)
    --- PASS: TestGraphAwaitContentionFreshReadAndGenerationFence/v6/pinned (1.30s)
    --- PASS: TestGraphAwaitContentionFreshReadAndGenerationFence/v6/release (2.24s)
    --- PASS: TestGraphAwaitContentionFreshReadAndGenerationFence/v6/generation (2.09s)
    --- PASS: TestGraphAwaitContentionFreshReadAndGenerationFence/v6/purge (1.15s)
    --- PASS: TestGraphAwaitContentionFreshReadAndGenerationFence/v6/cancel (1.14s)
    --- PASS: TestGraphAwaitContentionFreshReadAndGenerationFence/v6/unknown (1.07s)
=== RUN   TestGraphAwaitOwnReadDeadline
=== RUN   TestGraphAwaitOwnReadDeadline/deadline
=== RUN   TestGraphAwaitOwnReadDeadline/deadline-corrupt
--- PASS: TestGraphAwaitOwnReadDeadline (10.09s)
    --- PASS: TestGraphAwaitOwnReadDeadline/deadline (5.03s)
    --- PASS: TestGraphAwaitOwnReadDeadline/deadline-corrupt (5.06s)
PASS
ok  	js-wf/client	31.713s
=== RUN   TestGraphOperatorCursorRejectsUnknownVersion
--- PASS: TestGraphOperatorCursorRejectsUnknownVersion (0.00s)
=== RUN   TestNativeGraphCursorOperatorHistory
=== RUN   TestNativeGraphCursorOperatorHistory/v4/R1-domain
    graph_cursor_test.go:257: NATIVE_CURSOR_OPERATOR version=4 records=8 retained_from=0 original_entry_collected=false incorrect_schemas_rejected=2 domain_errors=0 legacy_journal_requests=0 readers_after=0
=== RUN   TestNativeGraphCursorOperatorHistory/v4/R3-domain
    graph_cursor_test.go:257: NATIVE_CURSOR_OPERATOR version=4 records=8 retained_from=0 original_entry_collected=false incorrect_schemas_rejected=2 domain_errors=0 legacy_journal_requests=0 readers_after=0
=== RUN   TestNativeGraphCursorOperatorHistory/v5/R1-domain
    graph_cursor_test.go:257: NATIVE_CURSOR_OPERATOR version=5 records=8 retained_from=0 original_entry_collected=false incorrect_schemas_rejected=2 domain_errors=0 legacy_journal_requests=0 readers_after=0
=== RUN   TestNativeGraphCursorOperatorHistory/v5/R3-domain
    graph_cursor_test.go:257: NATIVE_CURSOR_OPERATOR version=5 records=8 retained_from=0 original_entry_collected=false incorrect_schemas_rejected=2 domain_errors=0 legacy_journal_requests=0 readers_after=0
=== RUN   TestNativeGraphCursorOperatorHistory/v6/R1-domain
    graph_cursor_test.go:257: NATIVE_CURSOR_OPERATOR version=6 records=8 retained_from=5 original_entry_collected=true incorrect_schemas_rejected=2 domain_errors=0 legacy_journal_requests=0 readers_after=0
=== RUN   TestNativeGraphCursorOperatorHistory/v6/R3-domain
    graph_cursor_test.go:257: NATIVE_CURSOR_OPERATOR version=6 records=8 retained_from=5 original_entry_collected=true incorrect_schemas_rejected=2 domain_errors=0 legacy_journal_requests=0 readers_after=0
--- PASS: TestNativeGraphCursorOperatorHistory (46.72s)
    --- PASS: TestNativeGraphCursorOperatorHistory/v4/R1-domain (4.33s)
    --- PASS: TestNativeGraphCursorOperatorHistory/v4/R3-domain (7.38s)
    --- PASS: TestNativeGraphCursorOperatorHistory/v5/R1-domain (4.74s)
    --- PASS: TestNativeGraphCursorOperatorHistory/v5/R3-domain (7.07s)
    --- PASS: TestNativeGraphCursorOperatorHistory/v6/R1-domain (8.39s)
    --- PASS: TestNativeGraphCursorOperatorHistory/v6/R3-domain (14.81s)
=== RUN   TestGraphOperatorRejectsPartialOrLegacyOnlySelection
--- PASS: TestGraphOperatorRejectsPartialOrLegacyOnlySelection (0.00s)
PASS
ok  	js-wf/cmd/wf	47.794s
=== RUN   TestWorkerGraphAdmissionRejectsIncompatibleCLI
=== RUN   TestWorkerGraphAdmissionRejectsIncompatibleCLI/version-no-store
=== RUN   TestWorkerGraphAdmissionRejectsIncompatibleCLI/version-invalid
=== RUN   TestWorkerGraphAdmissionRejectsIncompatibleCLI/partial
=== RUN   TestWorkerGraphAdmissionRejectsIncompatibleCLI/namespace
=== RUN   TestWorkerGraphAdmissionRejectsIncompatibleCLI/auto
=== RUN   TestWorkerGraphAdmissionRejectsIncompatibleCLI/retention
--- PASS: TestWorkerGraphAdmissionRejectsIncompatibleCLI (0.00s)
    --- PASS: TestWorkerGraphAdmissionRejectsIncompatibleCLI/version-no-store (0.00s)
    --- PASS: TestWorkerGraphAdmissionRejectsIncompatibleCLI/version-invalid (0.00s)
    --- PASS: TestWorkerGraphAdmissionRejectsIncompatibleCLI/partial (0.00s)
    --- PASS: TestWorkerGraphAdmissionRejectsIncompatibleCLI/namespace (0.00s)
    --- PASS: TestWorkerGraphAdmissionRejectsIncompatibleCLI/auto (0.00s)
    --- PASS: TestWorkerGraphAdmissionRejectsIncompatibleCLI/retention (0.00s)
=== RUN   TestWorkerRunnerCanonicalGraphRepair
=== RUN   TestWorkerRunnerCanonicalGraphRepair/R1
    graph_test.go:271: canonical CLI reserved Start/Signal recovery, native timer completion, two terminal restorations, unchanged journal, no legacy journal writes; replicas=1 domain=
=== RUN   TestWorkerRunnerCanonicalGraphRepair/R3Domain
    graph_test.go:76: worker domain admitted node=0 domain=WFGRAPH server_id=NAMUBAKRRP4MPABTT5XW22GWVD2OWVOLYLDA6GMWW2RNR6NMWX5ESZDU
    graph_test.go:76: worker domain admitted node=1 domain=WFGRAPH server_id=NACKOGZW5BY2GJ3AKTIVFIYPF57AOJM7EPXFNNN7OQHDUHD4FILJRZNA
    graph_test.go:76: worker domain admitted node=2 domain=WFGRAPH server_id=NBSGRWKYZNYYHNFOYHXZUD7L7PUPAMPDY66AI767ICU3MR6XIMG2HOQV
    graph_test.go:215: terminal projection not restored context deadline exceeded
    domain_test.go:79: worker real domain=WFGRAPH domain_api_requests=44058 wrong_prefix_requests=0
    graph_test.go:134: terminal worker repair evidence (read error <nil>):
        {"version":1,"worker_id":"graph-cli","pid":3248261,"process_started_at":"2026-10-09T14:14:51.063263711Z","sequence":1,"kind":"repair","event":{"at":"2026-10-09T14:14:56.482923922Z","kind":"graph-signal","type":"worker-graph-signal","id":"reserved","reason":"reserved_signal","source_sequence":125,"invocation_sequence":1,"outcome":"acknowledged"}}
        {"version":1,"worker_id":"graph-cli","pid":3248261,"process_started_at":"2026-10-09T14:14:51.063263711Z","sequence":2,"kind":"repair","event":{"at":"2026-10-09T14:14:57.575719517Z","kind":"graph-signal","type":"worker-graph-signal","id":"reserved","reason":"bound_signal_without_consumption","source_sequence":372,"invocation_sequence":1,"outcome":"acknowledged"}}
        {"version":1,"worker_id":"graph-cli","pid":3248261,"process_started_at":"2026-10-09T14:14:51.063263711Z","sequence":3,"kind":"repair","event":{"at":"2026-10-09T14:14:57.67069383Z","kind":"graph-start","type":"worker-smoke","id":"reserved","reason":"pending_start","source_sequence":107,"invocation_sequence":3,"outcome":"uncertain","error":"start outcome unknown: bind: context deadline exceeded"}}
        {"version":1,"worker_id":"graph-cli","pid":3248261,"process_started_at":"2026-10-09T14:14:51.063263711Z","sequence":4,"kind":"repair","event":{"at":"2026-10-09T14:14:58.657744528Z","kind":"graph-start","type":"worker-timer","id":"reserved","reason":"bound_without_history","source_sequence":471,"invocation_sequence":2,"outcome":"acknowledged"}}
        {"version":1,"worker_id":"graph-cli","pid":3248261,"process_started_at":"2026-10-09T14:14:51.063263711Z","sequence":5,"kind":"repair","event":{"at":"2026-10-09T14:14:59.48633699Z","kind":"graph-start","type":"worker-timer","id":"reserved","reason":"bound_without_history","source_sequence":533,"invocation_sequence":2,"outcome":"acknowledged"}}
        {"version":1,"worker_id":"graph-cli","pid":3248261,"process_started_at":"2026-10-09T14:14:51.063263711Z","sequence":6,"kind":"repair","event":{"at":"2026-10-09T14:14:59.878521373Z","kind":"graph-start","type":"worker-timer","id":"reserved","reason":"bound_without_history","source_sequence":551,"invocation_sequence":2,"outcome":"acknowledged"}}
        {"version":1,"worker_id":"graph-cli","pid":3248261,"process_started_at":"2026-10-09T14:14:51.063263711Z","sequence":7,"kind":"repair","event":{"at":"2026-10-09T14:15:00.058286788Z","kind":"graph-signal","type":"worker-graph-signal","id":"reserved","reason":"bound_signal_without_consumption","source_sequence":489,"invocation_sequence":1,"outcome":"acknowledged"}}
        {"version":1,"worker_id":"graph-cli","pid":3248261,"process_started_at":"2026-10-09T14:14:51.063263711Z","sequence":8,"kind":"repair","event":{"at":"2026-10-09T14:15:00.286133171Z","kind":"graph-start","type":"worker-timer","id":"reserved","reason":"bound_without_history","source_sequence":576,"invocation_sequence":2,"outcome":"acknowledged"}}
        {"version":1,"worker_id":"graph-cli","pid":3248261,"process_started_at":"2026-10-09T14:14:51.063263711Z","sequence":9,"kind":"repair","event":{"at":"2026-10-09T14:15:01.032380905Z","kind":"graph-signal","type":"worker-graph-signal","id":"reserved","reason":"bound_signal_without_consumption","source_sequence":592,"invocation_sequence":1,"outcome":"acknowledged"}}
        {"version":1,"worker_id":"graph-cli","pid":3248261,"process_started_at":"2026-10-09T14:14:51.063263711Z","sequence":10,"kind":"repair","event":{"at":"2026-10-09T14:15:02.390835723Z","kind":"graph-signal","type":"worker-graph-signal","id":"reserved","reason":"bound_signal_without_consumption","source_sequence":659,"invocation_sequence":1,"outcome":"acknowledged"}}
        {"version":1,"worker_id":"graph-cli","pid":3248261,"process_started_at":"2026-10-09T14:14:51.063263711Z","sequence":11,"kind":"repair","event":{"at":"2026-10-09T14:15:04.760655529Z","kind":"graph-signal","type":"worker-graph-signal","id":"reserved","reason":"bound_signal_without_consumption","source_sequence":795,"invocation_sequence":1,"outcome":"uncertain","error":"journal compare-and-swap lost"}}
        {"version":1,"worker_id":"graph-cli","pid":3248261,"process_started_at":"2026-10-09T14:14:51.063263711Z","sequence":12,"kind":"repair","event":{"at":"2026-10-09T14:15:14.285948861Z","kind":"graph-start","type":"worker-smoke","id":"reserved","reason":"pending_start","source_sequence":1041,"invocation_sequence":3,"outcome":"uncertain","error":"start outcome unknown: bind: context deadline exceeded"}}
        {"version":1,"worker_id":"graph-cli","pid":3248261,"process_started_at":"2026-10-09T14:14:51.063263711Z","sequence":13,"kind":"repair","event":{"at":"2026-10-09T14:15:24.66123412Z","kind":"graph-start","type":"worker-smoke","id":"reserved","reason":"pending_start","source_sequence":1733,"invocation_sequence":3,"outcome":"uncertain","error":"start outcome unknown: bind: journal append outcome unknown: context deadline exceeded"}}
        {"version":1,"worker_id":"graph-cli","pid":3248261,"process_started_at":"2026-10-09T14:14:51.063263711Z","sequence":14,"kind":"repair","event":{"at":"2026-10-09T14:15:30.142886768Z","kind":"graph-start","type":"worker-smoke","id":"reserved","reason":"pending_start","source_sequence":2035,"invocation_sequence":3,"outcome":"uncertain","error":"start outcome unknown: bind: context deadline exceeded"}}
        {"version":1,"worker_id":"graph-cli","pid":3248261,"process_started_at":"2026-10-09T14:14:51.063263711Z","sequence":15,"kind":"repair","event":{"at":"2026-10-09T14:15:41.071620044Z","kind":"graph-start","type":"worker-smoke","id":"reserved","reason":"pending_start","source_sequence":2652,"invocation_sequence":3,"outcome":"uncertain","error":"start outcome unknown: bind: journal append outcome unknown: context deadline exceeded"}}
        {"version":1,"worker_id":"graph-cli","pid":3248261,"process_started_at":"2026-10-09T14:14:51.063263711Z","sequence":16,"kind":"repair","event":{"at":"2026-10-09T14:15:49.9881471Z","kind":"graph-start","type":"worker-smoke","id":"reserved","reason":"pending_start","source_sequence":3166,"invocation_sequence":3,"outcome":"uncertain","error":"start outcome unknown: bind: journal append outcome unknown: context deadline exceeded"}}
        {"version":1,"worker_id":"graph-cli","pid":3248261,"process_started_at":"2026-10-09T14:14:51.063263711Z","sequence":17,"kind":"repair","event":{"at":"2026-10-09T14:16:00.650577516Z","kind":"graph-start","type":"worker-smoke","id":"reserved","reason":"pending_start","source_sequence":3716,"invocation_sequence":3,"outcome":"uncertain","error":"start outcome unknown: bind: context deadline exceeded"}}
        {"version":1,"worker_id":"graph-cli","pid":3248261,"process_started_at":"2026-10-09T14:14:51.063263711Z","sequence":18,"kind":"repair","event":{"at":"2026-10-09T14:16:12.444841691Z","kind":"graph-start","type":"worker-smoke","id":"reserved","reason":"pending_start","source_sequence":4374,"invocation_sequence":3,"outcome":"uncertain","error":"start outcome unknown: bind: journal append outcome unknown: context deadline exceeded"}}
        {"version":1,"worker_id":"graph-cli","pid":3248261,"process_started_at":"2026-10-09T14:14:51.063263711Z","sequence":19,"kind":"repair","event":{"at":"2026-10-09T14:16:34.66765702Z","kind":"graph-start","type":"worker-smoke","id":"reserved","reason":"pending_start","source_sequence":5750,"invocation_sequence":3,"outcome":"acknowledged"}}
        {"version":1,"worker_id":"graph-cli","pid":3248261,"process_started_at":"2026-10-09T14:14:51.063263711Z","sequence":20,"kind":"repair","event":{"at":"2026-10-09T14:16:35.243117364Z","kind":"graph-start","type":"worker-smoke","id":"reserved","reason":"bound_without_history","source_sequence":5954,"invocation_sequence":3,"outcome":"acknowledged"}}
        {"version":1,"worker_id":"graph-cli","pid":3248261,"process_started_at":"2026-10-09T14:14:51.063263711Z","sequence":21,"kind":"repair","event":{"at":"2026-10-09T14:16:35.643266206Z","kind":"graph-start","type":"worker-smoke","id":"reserved","reason":"bound_without_history","source_sequence":5987,"invocation_sequence":3,"outcome":"acknowledged"}}
        {"version":1,"worker_id":"graph-cli","pid":3248261,"process_started_at":"2026-10-09T14:14:51.063263711Z","sequence":22,"kind":"repair","event":{"at":"2026-10-09T14:16:36.164899736Z","kind":"graph-start","type":"worker-smoke","id":"reserved","reason":"bound_without_history","source_sequence":6004,"invocation_sequence":3,"outcome":"acknowledged"}}
        {"version":1,"worker_id":"graph-cli","pid":3248261,"process_started_at":"2026-10-09T14:14:51.063263711Z","sequence":23,"kind":"repair","event":{"at":"2026-10-09T14:16:44.165169237Z","kind":"graph-terminal","type":"worker-smoke","id":"reserved","reason":"terminal_without_projection","source_sequence":6434,"invocation_sequence":3,"outcome":"acknowledged"}}
--- FAIL: TestWorkerRunnerCanonicalGraphRepair (151.98s)
    --- PASS: TestWorkerRunnerCanonicalGraphRepair/R1 (28.68s)
    --- FAIL: TestWorkerRunnerCanonicalGraphRepair/R3Domain (120.91s)
=== RUN   TestWorkerRunnerCanonicalCheckpointGraphRepair
=== RUN   TestWorkerRunnerCanonicalCheckpointGraphRepair/v5
=== RUN   TestWorkerRunnerCanonicalCheckpointGraphRepair/v5/R1
    graph_test.go:271: canonical CLI reserved Start/Signal recovery, native timer completion, two terminal restorations, unchanged journal, no legacy journal writes; replicas=1 domain=
=== RUN   TestWorkerRunnerCanonicalCheckpointGraphRepair/v5/R3Domain
    graph_test.go:76: worker domain admitted node=0 domain=WFGRAPH server_id=NBU2OSJHVWE5DL4IIX5KW4KSHCMUXTTCCYV6F7C7KG6S7BYSSO7EN2EG
    graph_test.go:76: worker domain admitted node=1 domain=WFGRAPH server_id=NALVOZTNUHQ3OSGALQ2SBJJMMB3D7YHSJC5R4MQP2KCBFRAPC2RUVDC2
    graph_test.go:76: worker domain admitted node=2 domain=WFGRAPH server_id=NCEDNVXQXTXFSTDJKIEHGSHJSI7AACIHRVU6TNNBA6WIWBDH3QIXIW2R
    graph_test.go:171: worker-smoke result= err=context deadline exceeded
    domain_test.go:79: worker real domain=WFGRAPH domain_api_requests=38792 wrong_prefix_requests=0
    graph_test.go:152: nats: invalid jetstream option: context deadline already exceeded
    graph_test.go:134: terminal worker repair evidence (read error <nil>):
        {"version":1,"worker_id":"graph-cli","pid":3248261,"process_started_at":"2026-10-09T14:17:20.237478954Z","sequence":1,"kind":"repair","event":{"at":"2026-10-09T14:17:21.454651873Z","kind":"graph-start","type":"worker-graph-signal","id":"reserved","reason":"bound_without_history","source_sequence":72,"invocation_sequence":1,"outcome":"acknowledged"}}
        {"version":1,"worker_id":"graph-cli","pid":3248261,"process_started_at":"2026-10-09T14:17:20.237478954Z","sequence":2,"kind":"repair","event":{"at":"2026-10-09T14:17:25.57674594Z","kind":"graph-signal","type":"worker-graph-signal","id":"reserved","reason":"reserved_signal","source_sequence":72,"invocation_sequence":1,"outcome":"uncertain","error":"signal publish outcome unknown: journal append outcome unknown: context deadline exceeded"}}
        {"version":1,"worker_id":"graph-cli","pid":3248261,"process_started_at":"2026-10-09T14:17:20.237478954Z","sequence":3,"kind":"repair","event":{"at":"2026-10-09T14:17:26.387336781Z","kind":"graph-signal","type":"worker-graph-signal","id":"reserved","reason":"bound_signal_without_consumption","source_sequence":321,"invocation_sequence":1,"outcome":"acknowledged"}}
        {"version":1,"worker_id":"graph-cli","pid":3248261,"process_started_at":"2026-10-09T14:17:20.237478954Z","sequence":4,"kind":"repair","event":{"at":"2026-10-09T14:17:26.572289365Z","kind":"graph-start","type":"worker-smoke","id":"reserved","reason":"pending_start","source_sequence":136,"invocation_sequence":3,"outcome":"uncertain","error":"start outcome unknown: bind: journal append outcome unknown: context deadline exceeded"}}
        {"version":1,"worker_id":"graph-cli","pid":3248261,"process_started_at":"2026-10-09T14:17:20.237478954Z","sequence":5,"kind":"repair","event":{"at":"2026-10-09T14:17:27.048637828Z","kind":"graph-start","type":"worker-timer","id":"reserved","reason":"bound_without_history","source_sequence":377,"invocation_sequence":2,"outcome":"acknowledged"}}
        {"version":1,"worker_id":"graph-cli","pid":3248261,"process_started_at":"2026-10-09T14:17:20.237478954Z","sequence":6,"kind":"repair","event":{"at":"2026-10-09T14:17:27.358663393Z","kind":"graph-signal","type":"worker-graph-signal","id":"reserved","reason":"bound_signal_without_consumption","source_sequence":361,"invocation_sequence":1,"outcome":"acknowledged"}}
        {"version":1,"worker_id":"graph-cli","pid":3248261,"process_started_at":"2026-10-09T14:17:20.237478954Z","sequence":7,"kind":"repair","event":{"at":"2026-10-09T14:17:27.546104256Z","kind":"graph-start","type":"worker-timer","id":"reserved","reason":"bound_without_history","source_sequence":398,"invocation_sequence":2,"outcome":"acknowledged"}}
        {"version":1,"worker_id":"graph-cli","pid":3248261,"process_started_at":"2026-10-09T14:17:20.237478954Z","sequence":8,"kind":"repair","event":{"at":"2026-10-09T14:17:28.171031384Z","kind":"graph-start","type":"worker-timer","id":"reserved","reason":"bound_without_history","source_sequence":431,"invocation_sequence":2,"outcome":"acknowledged"}}
        {"version":1,"worker_id":"graph-cli","pid":3248261,"process_started_at":"2026-10-09T14:17:20.237478954Z","sequence":9,"kind":"repair","event":{"at":"2026-10-09T14:17:28.970250139Z","kind":"graph-signal","type":"worker-graph-signal","id":"reserved","reason":"bound_signal_without_consumption","source_sequence":419,"invocation_sequence":1,"outcome":"acknowledged"}}
        {"version":1,"worker_id":"graph-cli","pid":3248261,"process_started_at":"2026-10-09T14:17:20.237478954Z","sequence":10,"kind":"repair","event":{"at":"2026-10-09T14:17:28.991147647Z","kind":"graph-start","type":"worker-timer","id":"reserved","reason":"bound_without_history","source_sequence":468,"invocation_sequence":2,"outcome":"acknowledged"}}
        {"version":1,"worker_id":"graph-cli","pid":3248261,"process_started_at":"2026-10-09T14:17:20.237478954Z","sequence":11,"kind":"repair","event":{"at":"2026-10-09T14:17:29.460642299Z","kind":"graph-start","type":"worker-timer","id":"reserved","reason":"bound_without_history","source_sequence":502,"invocation_sequence":2,"outcome":"acknowledged"}}
        {"version":1,"worker_id":"graph-cli","pid":3248261,"process_started_at":"2026-10-09T14:17:20.237478954Z","sequence":12,"kind":"repair","event":{"at":"2026-10-09T14:17:30.086836991Z","kind":"graph-start","type":"worker-timer","id":"reserved","reason":"bound_without_history","source_sequence":541,"invocation_sequence":2,"outcome":"acknowledged"}}
        {"version":1,"worker_id":"graph-cli","pid":3248261,"process_started_at":"2026-10-09T14:17:20.237478954Z","sequence":13,"kind":"repair","event":{"at":"2026-10-09T14:17:30.861949939Z","kind":"graph-start","type":"worker-graph-signal","id":"reserved","reason":"bound_without_history","source_sequence":573,"invocation_sequence":1,"outcome":"acknowledged"}}
        {"version":1,"worker_id":"graph-cli","pid":3248261,"process_started_at":"2026-10-09T14:17:20.237478954Z","sequence":14,"kind":"repair","event":{"at":"2026-10-09T14:17:31.337862639Z","kind":"graph-start","type":"worker-timer","id":"reserved","reason":"bound_without_history","source_sequence":616,"invocation_sequence":2,"outcome":"acknowledged"}}
        {"version":1,"worker_id":"graph-cli","pid":3248261,"process_started_at":"2026-10-09T14:17:20.237478954Z","sequence":15,"kind":"repair","event":{"at":"2026-10-09T14:17:31.38153254Z","kind":"graph-signal","type":"worker-graph-signal","id":"reserved","reason":"bound_signal_without_consumption","source_sequence":542,"invocation_sequence":1,"outcome":"acknowledged"}}
        {"version":1,"worker_id":"graph-cli","pid":3248261,"process_started_at":"2026-10-09T14:17:20.237478954Z","sequence":16,"kind":"repair","event":{"at":"2026-10-09T14:17:31.805073492Z","kind":"graph-start","type":"worker-graph-signal","id":"reserved","reason":"bound_without_history","source_sequence":656,"invocation_sequence":1,"outcome":"acknowledged"}}
        {"version":1,"worker_id":"graph-cli","pid":3248261,"process_started_at":"2026-10-09T14:17:20.237478954Z","sequence":17,"kind":"repair","event":{"at":"2026-10-09T14:17:34.540978517Z","kind":"graph-signal","type":"worker-graph-signal","id":"reserved","reason":"bound_signal_without_consumption","source_sequence":763,"invocation_sequence":1,"outcome":"uncertain","error":"journal compare-and-swap lost"}}
        {"version":1,"worker_id":"graph-cli","pid":3248261,"process_started_at":"2026-10-09T14:17:20.237478954Z","sequence":18,"kind":"repair","event":{"at":"2026-10-09T14:17:35.852716976Z","kind":"graph-signal","type":"worker-graph-signal","id":"reserved","reason":"bound_signal_without_consumption","source_sequence":867,"invocation_sequence":1,"outcome":"acknowledged"}}
        {"version":1,"worker_id":"graph-cli","pid":3248261,"process_started_at":"2026-10-09T14:17:20.237478954Z","sequence":19,"kind":"repair","event":{"at":"2026-10-09T14:17:36.857238841Z","kind":"graph-signal","type":"worker-graph-signal","id":"reserved","reason":"bound_signal_without_consumption","source_sequence":938,"invocation_sequence":1,"outcome":"acknowledged"}}
        {"version":1,"worker_id":"graph-cli","pid":3248261,"process_started_at":"2026-10-09T14:17:20.237478954Z","sequence":20,"kind":"repair","event":{"at":"2026-10-09T14:17:37.659395614Z","kind":"graph-signal","type":"worker-graph-signal","id":"reserved","reason":"bound_signal_without_consumption","source_sequence":1012,"invocation_sequence":1,"outcome":"acknowledged"}}
        {"version":1,"worker_id":"graph-cli","pid":3248261,"process_started_at":"2026-10-09T14:17:20.237478954Z","sequence":21,"kind":"repair","event":{"at":"2026-10-09T14:17:38.385858769Z","kind":"graph-start","type":"worker-smoke","id":"reserved","reason":"pending_start","source_sequence":760,"outcome":"uncertain","error":"start outcome unknown: publish: context deadline exceeded; pointer read: context deadline exceeded: context deadline exceeded"}}
        {"version":1,"worker_id":"graph-cli","pid":3248261,"process_started_at":"2026-10-09T14:17:20.237478954Z","sequence":22,"kind":"repair","event":{"at":"2026-10-09T14:17:44.955774936Z","kind":"graph-start","type":"worker-smoke","id":"reserved","reason":"pending_start","source_sequence":1202,"invocation_sequence":3,"outcome":"uncertain","error":"start outcome unknown: bind: journal append outcome unknown: context deadline exceeded"}}
        {"version":1,"worker_id":"graph-cli","pid":3248261,"process_started_at":"2026-10-09T14:17:20.237478954Z","sequence":23,"kind":"repair","event":{"at":"2026-10-09T14:17:50.662713473Z","kind":"graph-start","type":"worker-smoke","id":"reserved","reason":"pending_start","source_sequence":1525,"outcome":"uncertain","error":"start outcome unknown: input: context deadline exceeded"}}
        {"version":1,"worker_id":"graph-cli","pid":3248261,"process_started_at":"2026-10-09T14:17:20.237478954Z","sequence":24,"kind":"repair","event":{"at":"2026-10-09T14:17:51.745377645Z","kind":"graph-terminal","type":"worker-graph-signal","id":"reserved","reason":"terminal_without_projection","source_sequence":1890,"invocation_sequence":1,"outcome":"acknowledged"}}
        {"version":1,"worker_id":"graph-cli","pid":3248261,"process_started_at":"2026-10-09T14:17:20.237478954Z","sequence":25,"kind":"repair","event":{"at":"2026-10-09T14:17:52.85665536Z","kind":"graph-terminal","type":"worker-graph-signal","id":"reserved","reason":"terminal_without_projection","source_sequence":1936,"invocation_sequence":1,"outcome":"acknowledged"}}
        {"version":1,"worker_id":"graph-cli","pid":3248261,"process_started_at":"2026-10-09T14:17:20.237478954Z","sequence":26,"kind":"repair","event":{"at":"2026-10-09T14:18:00.035474607Z","kind":"graph-terminal","type":"worker-timer","id":"reserved","reason":"terminal_without_projection","source_sequence":2369,"invocation_sequence":2,"outcome":"acknowledged"}}
        {"version":1,"worker_id":"graph-cli","pid":3248261,"process_started_at":"2026-10-09T14:17:20.237478954Z","sequence":27,"kind":"repair","event":{"at":"2026-10-09T14:18:01.154931512Z","kind":"graph-start","type":"worker-smoke","id":"reserved","reason":"pending_start","source_sequence":1991,"invocation_sequence":3,"outcome":"uncertain","error":"start outcome unknown: bind: context deadline exceeded"}}
        {"version":1,"worker_id":"graph-cli","pid":3248261,"process_started_at":"2026-10-09T14:17:20.237478954Z","sequence":28,"kind":"repair","event":{"at":"2026-10-09T14:18:08.557663782Z","kind":"graph-start","type":"worker-smoke","id":"reserved","reason":"pending_start","source_sequence":2562,"invocation_sequence":3,"outcome":"uncertain","error":"start outcome unknown: bind: journal append outcome unknown: context deadline exceeded"}}
        {"version":1,"worker_id":"graph-cli","pid":3248261,"process_started_at":"2026-10-09T14:17:20.237478954Z","sequence":29,"kind":"repair","event":{"at":"2026-10-09T14:18:13.786863355Z","kind":"graph-start","type":"worker-smoke","id":"reserved","reason":"pending_start","source_sequence":2878,"outcome":"uncertain","error":"context deadline exceeded"}}
        {"version":1,"worker_id":"graph-cli","pid":3248261,"process_started_at":"2026-10-09T14:17:20.237478954Z","sequence":30,"kind":"repair","event":{"at":"2026-10-09T14:18:22.172189269Z","kind":"graph-start","type":"worker-smoke","id":"reserved","reason":"pending_start","source_sequence":3242,"outcome":"uncertain","error":"start outcome unknown: input: context deadline exceeded"}}
        {"version":1,"worker_id":"graph-cli","pid":3248261,"process_started_at":"2026-10-09T14:17:20.237478954Z","sequence":31,"kind":"repair","event":{"at":"2026-10-09T14:18:32.684097522Z","kind":"graph-start","type":"worker-smoke","id":"reserved","reason":"pending_start","source_sequence":3709,"outcome":"uncertain","error":"start outcome unknown: input: context deadline exceeded"}}
        {"version":1,"worker_id":"graph-cli","pid":3248261,"process_started_at":"2026-10-09T14:17:20.237478954Z","sequence":32,"kind":"repair","event":{"at":"2026-10-09T14:18:44.481789412Z","kind":"graph-start","type":"worker-smoke","id":"reserved","reason":"pending_start","source_sequence":4246,"outcome":"uncertain","error":"context deadline exceeded"}}
        {"version":1,"worker_id":"graph-cli","pid":3248261,"process_started_at":"2026-10-09T14:17:20.237478954Z","sequence":33,"kind":"repair","event":{"at":"2026-10-09T14:19:08.269476702Z","kind":"graph-start","type":"worker-smoke","id":"reserved","reason":"pending_start","source_sequence":5324,"outcome":"uncertain","error":"start outcome unknown: input: journal append outcome unknown: context deadline exceeded"}}
=== RUN   TestWorkerRunnerCanonicalCheckpointGraphRepair/v6
=== RUN   TestWorkerRunnerCanonicalCheckpointGraphRepair/v6/R1
    graph_test.go:246: repair acknowledgements not observed: map[graph-signal:true graph-start:true] (read error <nil>): context deadline exceeded
    graph_test.go:134: terminal worker repair evidence (read error <nil>):
        {"version":1,"worker_id":"graph-cli","pid":3248261,"process_started_at":"2026-10-09T14:19:15.08936429Z","sequence":1,"kind":"repair","event":{"at":"2026-10-09T14:19:15.537385946Z","kind":"graph-start","type":"worker-graph-signal","id":"reserved","reason":"bound_without_history","source_sequence":72,"invocation_sequence":1,"outcome":"acknowledged"}}
        {"version":1,"worker_id":"graph-cli","pid":3248261,"process_started_at":"2026-10-09T14:19:15.08936429Z","sequence":2,"kind":"repair","event":{"at":"2026-10-09T14:19:15.751058108Z","kind":"graph-start","type":"worker-timer","id":"reserved","reason":"bound_without_history","source_sequence":132,"invocation_sequence":2,"outcome":"acknowledged"}}
        {"version":1,"worker_id":"graph-cli","pid":3248261,"process_started_at":"2026-10-09T14:19:15.08936429Z","sequence":3,"kind":"repair","event":{"at":"2026-10-09T14:19:18.454531433Z","kind":"graph-start","type":"worker-smoke","id":"reserved","reason":"pending_start","source_sequence":159,"invocation_sequence":3,"outcome":"acknowledged"}}
        {"version":1,"worker_id":"graph-cli","pid":3248261,"process_started_at":"2026-10-09T14:19:15.08936429Z","sequence":4,"kind":"repair","event":{"at":"2026-10-09T14:19:19.04446958Z","kind":"graph-signal","type":"worker-graph-signal","id":"reserved","reason":"reserved_signal","source_sequence":72,"invocation_sequence":1,"outcome":"acknowledged"}}
        {"version":1,"worker_id":"graph-cli","pid":3248261,"process_started_at":"2026-10-09T14:19:15.08936429Z","sequence":5,"kind":"repair","event":{"at":"2026-10-09T14:19:19.471304501Z","kind":"graph-start","type":"worker-graph-signal","id":"reserved","reason":"bound_without_history","source_sequence":453,"invocation_sequence":1,"outcome":"acknowledged"}}
        {"version":1,"worker_id":"graph-cli","pid":3248261,"process_started_at":"2026-10-09T14:19:15.08936429Z","sequence":6,"kind":"repair","event":{"at":"2026-10-09T14:19:19.865838185Z","kind":"graph-start","type":"worker-smoke","id":"reserved","reason":"bound_without_history","source_sequence":502,"invocation_sequence":3,"outcome":"acknowledged"}}
        {"version":1,"worker_id":"graph-cli","pid":3248261,"process_started_at":"2026-10-09T14:19:15.08936429Z","sequence":7,"kind":"repair","event":{"at":"2026-10-09T14:19:20.054488495Z","kind":"graph-signal","type":"worker-graph-signal","id":"reserved","reason":"bound_signal_without_consumption","source_sequence":453,"invocation_sequence":1,"outcome":"acknowledged"}}
        {"version":1,"worker_id":"graph-cli","pid":3248261,"process_started_at":"2026-10-09T14:19:15.08936429Z","sequence":8,"kind":"repair","event":{"at":"2026-10-09T14:19:20.18255437Z","kind":"graph-start","type":"worker-smoke","id":"reserved","reason":"bound_without_history","source_sequence":525,"invocation_sequence":3,"outcome":"acknowledged"}}
        {"version":1,"worker_id":"graph-cli","pid":3248261,"process_started_at":"2026-10-09T14:19:15.08936429Z","sequence":9,"kind":"repair","event":{"at":"2026-10-09T14:19:20.484042387Z","kind":"graph-start","type":"worker-graph-signal","id":"reserved","reason":"bound_without_history","source_sequence":551,"invocation_sequence":1,"outcome":"acknowledged"}}
        {"version":1,"worker_id":"graph-cli","pid":3248261,"process_started_at":"2026-10-09T14:19:15.08936429Z","sequence":10,"kind":"repair","event":{"at":"2026-10-09T14:19:22.034340412Z","kind":"graph-signal","type":"worker-graph-signal","id":"reserved","reason":"bound_signal_without_consumption","source_sequence":596,"invocation_sequence":1,"outcome":"uncertain","error":"journal compare-and-swap lost"}}
        {"version":1,"worker_id":"graph-cli","pid":3248261,"process_started_at":"2026-10-09T14:19:15.08936429Z","sequence":11,"kind":"repair","event":{"at":"2026-10-09T14:19:24.593630986Z","kind":"graph-signal","type":"worker-graph-signal","id":"reserved","reason":"bound_signal_without_consumption","source_sequence":804,"invocation_sequence":1,"outcome":"acknowledged"}}
        {"version":1,"worker_id":"graph-cli","pid":3248261,"process_started_at":"2026-10-09T14:19:15.08936429Z","sequence":12,"kind":"repair","event":{"at":"2026-10-09T14:19:25.573231096Z","kind":"graph-signal","type":"worker-graph-signal","id":"reserved","reason":"bound_signal_without_consumption","source_sequence":906,"invocation_sequence":1,"outcome":"acknowledged"}}
        {"version":1,"worker_id":"graph-cli","pid":3248261,"process_started_at":"2026-10-09T14:19:15.08936429Z","sequence":13,"kind":"repair","event":{"at":"2026-10-09T14:19:27.542811479Z","kind":"graph-signal","type":"worker-graph-signal","id":"reserved","reason":"bound_signal_without_consumption","source_sequence":1072,"invocation_sequence":1,"outcome":"acknowledged"}}
=== RUN   TestWorkerRunnerCanonicalCheckpointGraphRepair/v6/R3Domain
    graph_test.go:76: worker domain admitted node=0 domain=WFGRAPH server_id=NDZ56YJWGJ6GHKW67647MMCS2TYK4V5QRWHSCM4ERN6GTYTLUU7C2QPH
    graph_test.go:76: worker domain admitted node=1 domain=WFGRAPH server_id=NDXTVWYKUJHTTCUAHSYQGSU7WT5UHUY7VX2D6AEZQK2HEAKE2UYSYFF7
    graph_test.go:76: worker domain admitted node=2 domain=WFGRAPH server_id=NBBPG7TF22Z6IKKOUUKMJFNT5M47LWF4NVMKVALLOZ6X53SVRTWDTWVF
    graph_test.go:171: worker-smoke result= err=journal append outcome unknown: context deadline exceeded
    domain_test.go:79: worker real domain=WFGRAPH domain_api_requests=39488 wrong_prefix_requests=0
    graph_test.go:134: terminal worker repair evidence (read error <nil>):
        {"version":1,"worker_id":"graph-cli","pid":3248261,"process_started_at":"2026-10-09T14:21:21.002796094Z","sequence":1,"kind":"repair","event":{"at":"2026-10-09T14:21:22.184880431Z","kind":"graph-start","type":"worker-graph-signal","id":"reserved","reason":"bound_without_history","source_sequence":72,"invocation_sequence":1,"outcome":"acknowledged"}}
        {"version":1,"worker_id":"graph-cli","pid":3248261,"process_started_at":"2026-10-09T14:21:21.002796094Z","sequence":2,"kind":"repair","event":{"at":"2026-10-09T14:21:27.484762126Z","kind":"graph-signal","type":"worker-graph-signal","id":"reserved","reason":"reserved_signal","source_sequence":132,"invocation_sequence":1,"outcome":"uncertain","error":"signal publish outcome unknown: context deadline exceeded"}}
        {"version":1,"worker_id":"graph-cli","pid":3248261,"process_started_at":"2026-10-09T14:21:21.002796094Z","sequence":3,"kind":"repair","event":{"at":"2026-10-09T14:21:27.937835253Z","kind":"graph-start","type":"worker-smoke","id":"reserved","reason":"pending_start","source_sequence":131,"invocation_sequence":3,"outcome":"uncertain","error":"start outcome unknown: bind: context deadline exceeded"}}
        {"version":1,"worker_id":"graph-cli","pid":3248261,"process_started_at":"2026-10-09T14:21:21.002796094Z","sequence":4,"kind":"repair","event":{"at":"2026-10-09T14:21:32.684757773Z","kind":"graph-signal","type":"worker-graph-signal","id":"reserved","reason":"reserved_signal","source_sequence":380,"invocation_sequence":1,"outcome":"uncertain","error":"signal publish outcome unknown: context deadline exceeded"}}
        {"version":1,"worker_id":"graph-cli","pid":3248261,"process_started_at":"2026-10-09T14:21:21.002796094Z","sequence":5,"kind":"repair","event":{"at":"2026-10-09T14:21:32.994419728Z","kind":"graph-start","type":"worker-smoke","id":"reserved","reason":"pending_start","source_sequence":412,"outcome":"uncertain","error":"start outcome unknown: input: context deadline exceeded"}}
        {"version":1,"worker_id":"graph-cli","pid":3248261,"process_started_at":"2026-10-09T14:21:21.002796094Z","sequence":6,"kind":"repair","event":{"at":"2026-10-09T14:21:36.586155526Z","kind":"graph-signal","type":"worker-graph-signal","id":"reserved","reason":"reserved_signal","source_sequence":710,"invocation_sequence":1,"outcome":"acknowledged"}}
        {"version":1,"worker_id":"graph-cli","pid":3248261,"process_started_at":"2026-10-09T14:21:21.002796094Z","sequence":7,"kind":"repair","event":{"at":"2026-10-09T14:21:37.675103375Z","kind":"graph-signal","type":"worker-graph-signal","id":"reserved","reason":"bound_signal_without_consumption","source_sequence":993,"invocation_sequence":1,"outcome":"acknowledged"}}
        {"version":1,"worker_id":"graph-cli","pid":3248261,"process_started_at":"2026-10-09T14:21:21.002796094Z","sequence":8,"kind":"repair","event":{"at":"2026-10-09T14:21:38.050792981Z","kind":"graph-start","type":"worker-smoke","id":"reserved","reason":"pending_start","source_sequence":735,"outcome":"uncertain","error":"start outcome unknown: publish: context deadline exceeded; pointer read: context deadline exceeded: context deadline exceeded"}}
        {"version":1,"worker_id":"graph-cli","pid":3248261,"process_started_at":"2026-10-09T14:21:21.002796094Z","sequence":9,"kind":"repair","event":{"at":"2026-10-09T14:21:38.367383699Z","kind":"graph-start","type":"worker-timer","id":"reserved","reason":"bound_without_history","source_sequence":1082,"invocation_sequence":2,"outcome":"acknowledged"}}
        {"version":1,"worker_id":"graph-cli","pid":3248261,"process_started_at":"2026-10-09T14:21:21.002796094Z","sequence":10,"kind":"repair","event":{"at":"2026-10-09T14:21:38.652208424Z","kind":"graph-signal","type":"worker-graph-signal","id":"reserved","reason":"bound_signal_without_consumption","source_sequence":1057,"invocation_sequence":1,"outcome":"acknowledged"}}
        {"version":1,"worker_id":"graph-cli","pid":3248261,"process_started_at":"2026-10-09T14:21:21.002796094Z","sequence":11,"kind":"repair","event":{"at":"2026-10-09T14:21:38.982854345Z","kind":"graph-start","type":"worker-timer","id":"reserved","reason":"bound_without_history","source_sequence":1110,"invocation_sequence":2,"outcome":"acknowledged"}}
        {"version":1,"worker_id":"graph-cli","pid":3248261,"process_started_at":"2026-10-09T14:21:21.002796094Z","sequence":12,"kind":"repair","event":{"at":"2026-10-09T14:21:40.477857239Z","kind":"graph-signal","type":"worker-graph-signal","id":"reserved","reason":"bound_signal_without_consumption","source_sequence":1129,"invocation_sequence":1,"outcome":"uncertain","error":"journal compare-and-swap lost"}}
        {"version":1,"worker_id":"graph-cli","pid":3248261,"process_started_at":"2026-10-09T14:21:21.002796094Z","sequence":13,"kind":"repair","event":{"at":"2026-10-09T14:21:43.937805908Z","kind":"graph-signal","type":"worker-graph-signal","id":"reserved","reason":"bound_signal_without_consumption","source_sequence":1291,"invocation_sequence":1,"outcome":"acknowledged"}}
        {"version":1,"worker_id":"graph-cli","pid":3248261,"process_started_at":"2026-10-09T14:21:21.002796094Z","sequence":14,"kind":"repair","event":{"at":"2026-10-09T14:21:44.080002381Z","kind":"graph-start","type":"worker-smoke","id":"reserved","reason":"pending_start","source_sequence":1148,"outcome":"uncertain","error":"start outcome unknown: input: journal append outcome unknown: context deadline exceeded"}}
        {"version":1,"worker_id":"graph-cli","pid":3248261,"process_started_at":"2026-10-09T14:21:21.002796094Z","sequence":15,"kind":"repair","event":{"at":"2026-10-09T14:21:49.560642137Z","kind":"graph-signal","type":"worker-graph-signal","id":"reserved","reason":"bound_signal_without_consumption","source_sequence":1475,"invocation_sequence":1,"outcome":"acknowledged"}}
        {"version":1,"worker_id":"graph-cli","pid":3248261,"process_started_at":"2026-10-09T14:21:21.002796094Z","sequence":16,"kind":"repair","event":{"at":"2026-10-09T14:21:52.043548759Z","kind":"graph-signal","type":"worker-graph-signal","id":"reserved","reason":"bound_signal_without_consumption","source_sequence":1595,"invocation_sequence":1,"outcome":"acknowledged"}}
        {"version":1,"worker_id":"graph-cli","pid":3248261,"process_started_at":"2026-10-09T14:21:21.002796094Z","sequence":17,"kind":"repair","event":{"at":"2026-10-09T14:21:57.670478278Z","kind":"graph-start","type":"worker-smoke","id":"reserved","reason":"pending_start","source_sequence":1680,"outcome":"uncertain","error":"start outcome unknown: publish: context deadline exceeded; pointer read: context deadline exceeded: context deadline exceeded"}}
        {"version":1,"worker_id":"graph-cli","pid":3248261,"process_started_at":"2026-10-09T14:21:21.002796094Z","sequence":18,"kind":"repair","event":{"at":"2026-10-09T14:22:02.085707404Z","kind":"graph-terminal","type":"worker-graph-signal","id":"reserved","reason":"terminal_without_projection","source_sequence":2280,"invocation_sequence":1,"outcome":"acknowledged"}}
        {"version":1,"worker_id":"graph-cli","pid":3248261,"process_started_at":"2026-10-09T14:21:21.002796094Z","sequence":19,"kind":"repair","event":{"at":"2026-10-09T14:22:02.747205934Z","kind":"graph-terminal","type":"worker-graph-signal","id":"reserved","reason":"terminal_without_projection","source_sequence":2315,"invocation_sequence":1,"outcome":"acknowledged"}}
        {"version":1,"worker_id":"graph-cli","pid":3248261,"process_started_at":"2026-10-09T14:21:21.002796094Z","sequence":20,"kind":"repair","event":{"at":"2026-10-09T14:22:03.560712795Z","kind":"graph-start","type":"worker-smoke","id":"reserved","reason":"pending_start","source_sequence":2065,"invocation_sequence":3,"outcome":"uncertain","error":"start outcome unknown: bind: context deadline exceeded"}}
        {"version":1,"worker_id":"graph-cli","pid":3248261,"process_started_at":"2026-10-09T14:21:21.002796094Z","sequence":21,"kind":"repair","event":{"at":"2026-10-09T14:22:09.155986825Z","kind":"graph-start","type":"worker-smoke","id":"reserved","reason":"pending_start","source_sequence":2414,"outcome":"uncertain","error":"start outcome unknown: input: journal append outcome unknown: context deadline exceeded"}}
        {"version":1,"worker_id":"graph-cli","pid":3248261,"process_started_at":"2026-10-09T14:21:21.002796094Z","sequence":22,"kind":"repair","event":{"at":"2026-10-09T14:22:17.062423289Z","kind":"graph-start","type":"worker-smoke","id":"reserved","reason":"pending_start","source_sequence":2835,"invocation_sequence":3,"outcome":"uncertain","error":"start outcome unknown: bind: journal append outcome unknown: context deadline exceeded"}}
        {"version":1,"worker_id":"graph-cli","pid":3248261,"process_started_at":"2026-10-09T14:21:21.002796094Z","sequence":23,"kind":"repair","event":{"at":"2026-10-09T14:22:26.384343581Z","kind":"graph-start","type":"worker-smoke","id":"reserved","reason":"pending_start","source_sequence":3317,"invocation_sequence":3,"outcome":"uncertain","error":"start outcome unknown: bind: journal append outcome unknown: context deadline exceeded"}}
        {"version":1,"worker_id":"graph-cli","pid":3248261,"process_started_at":"2026-10-09T14:21:21.002796094Z","sequence":24,"kind":"repair","event":{"at":"2026-10-09T14:22:35.183262985Z","kind":"graph-start","type":"worker-smoke","id":"reserved","reason":"pending_start","source_sequence":3716,"invocation_sequence":3,"outcome":"uncertain","error":"start outcome unknown: bind: context deadline exceeded"}}
        {"version":1,"worker_id":"graph-cli","pid":3248261,"process_started_at":"2026-10-09T14:21:21.002796094Z","sequence":25,"kind":"repair","event":{"at":"2026-10-09T14:22:44.249124237Z","kind":"graph-start","type":"worker-smoke","id":"reserved","reason":"pending_start","source_sequence":4174,"outcome":"uncertain","error":"start outcome unknown: publish: context deadline exceeded; pointer read: context deadline exceeded: context deadline exceeded"}}
        {"version":1,"worker_id":"graph-cli","pid":3248261,"process_started_at":"2026-10-09T14:21:21.002796094Z","sequence":26,"kind":"repair","event":{"at":"2026-10-09T14:22:49.259181083Z","kind":"graph-start","type":"worker-smoke","id":"reserved","reason":"pending_start","source_sequence":4464,"invocation_sequence":3,"outcome":"uncertain","error":"start outcome unknown: bind: journal append outcome unknown: context deadline exceeded"}}
        {"version":1,"worker_id":"graph-cli","pid":3248261,"process_started_at":"2026-10-09T14:21:21.002796094Z","sequence":27,"kind":"repair","event":{"at":"2026-10-09T14:23:01.742266403Z","kind":"graph-start","type":"worker-smoke","id":"reserved","reason":"pending_start","source_sequence":5099,"invocation_sequence":3,"outcome":"uncertain","error":"start outcome unknown: bind: journal append outcome unknown: context deadline exceeded"}}
        {"version":1,"worker_id":"graph-cli","pid":3248261,"process_started_at":"2026-10-09T14:21:21.002796094Z","sequence":28,"kind":"repair","event":{"at":"2026-10-09T14:23:09.279915497Z","kind":"graph-start","type":"worker-smoke","id":"reserved","reason":"pending_start","source_sequence":5514,"invocation_sequence":3,"outcome":"uncertain","error":"start outcome unknown: bind: journal append outcome unknown: context deadline exceeded"}}
--- FAIL: TestWorkerRunnerCanonicalCheckpointGraphRepair (389.83s)
    --- FAIL: TestWorkerRunnerCanonicalCheckpointGraphRepair/v5 (148.92s)
        --- PASS: TestWorkerRunnerCanonicalCheckpointGraphRepair/v5/R1 (28.20s)
        --- FAIL: TestWorkerRunnerCanonicalCheckpointGraphRepair/v5/R3Domain (120.72s)
    --- FAIL: TestWorkerRunnerCanonicalCheckpointGraphRepair/v6 (240.90s)
        --- FAIL: TestWorkerRunnerCanonicalCheckpointGraphRepair/v6/R1 (120.09s)
        --- FAIL: TestWorkerRunnerCanonicalCheckpointGraphRepair/v6/R3Domain (120.81s)
FAIL
FAIL	js-wf/cmd/wf-worker	541.941s
FAIL
