=== RUN   TestGraphApplicationLifecycle
--- PASS: TestGraphApplicationLifecycle (0.00s)
=== RUN   TestGraphApplicationOriginalHeadAndUnknownReplies
=== RUN   TestGraphApplicationOriginalHeadAndUnknownReplies/lost
=== RUN   TestGraphApplicationOriginalHeadAndUnknownReplies/different
=== RUN   TestGraphApplicationOriginalHeadAndUnknownReplies/later
=== RUN   TestGraphApplicationOriginalHeadAndUnknownReplies/read-fails
=== RUN   TestGraphApplicationOriginalHeadAndUnknownReplies/conflict
--- PASS: TestGraphApplicationOriginalHeadAndUnknownReplies (0.00s)
    --- PASS: TestGraphApplicationOriginalHeadAndUnknownReplies/lost (0.00s)
    --- PASS: TestGraphApplicationOriginalHeadAndUnknownReplies/different (0.00s)
    --- PASS: TestGraphApplicationOriginalHeadAndUnknownReplies/later (0.00s)
    --- PASS: TestGraphApplicationOriginalHeadAndUnknownReplies/read-fails (0.00s)
    --- PASS: TestGraphApplicationOriginalHeadAndUnknownReplies/conflict (0.00s)
=== RUN   TestGraphApplicationLimitsAndOpaqueOwnership
--- PASS: TestGraphApplicationLimitsAndOpaqueOwnership (0.00s)
=== RUN   TestGraphCatalogExpiresEmptySnapshots
--- PASS: TestGraphCatalogExpiresEmptySnapshots (0.00s)
=== RUN   TestGraphCatalogFailureStopsObjectCollection
=== RUN   TestGraphCatalogFailureStopsObjectCollection/missing-support
=== RUN   TestGraphCatalogFailureStopsObjectCollection/unknown-list
=== RUN   TestGraphCatalogFailureStopsObjectCollection/duplicate
=== RUN   TestGraphCatalogFailureStopsObjectCollection/invalid
=== RUN   TestGraphCatalogFailureStopsObjectCollection/unknown-root
=== RUN   TestGraphCatalogFailureStopsObjectCollection/unknown-expiry
=== RUN   TestGraphCatalogFailureStopsObjectCollection/cancelled
--- PASS: TestGraphCatalogFailureStopsObjectCollection (0.00s)
    --- PASS: TestGraphCatalogFailureStopsObjectCollection/missing-support (0.00s)
    --- PASS: TestGraphCatalogFailureStopsObjectCollection/unknown-list (0.00s)
    --- PASS: TestGraphCatalogFailureStopsObjectCollection/duplicate (0.00s)
    --- PASS: TestGraphCatalogFailureStopsObjectCollection/invalid (0.00s)
    --- PASS: TestGraphCatalogFailureStopsObjectCollection/unknown-root (0.00s)
    --- PASS: TestGraphCatalogFailureStopsObjectCollection/unknown-expiry (0.00s)
    --- PASS: TestGraphCatalogFailureStopsObjectCollection/cancelled (0.00s)
=== RUN   TestGraphCatalogRenewalConflictAndClosedGrants
--- PASS: TestGraphCatalogRenewalConflictAndClosedGrants (0.00s)
=== RUN   TestGraphPrefixCompactionPreparationFailures
=== RUN   TestGraphPrefixCompactionPreparationFailures/bound
=== RUN   TestGraphPrefixCompactionPreparationFailures/digest
=== RUN   TestGraphPrefixCompactionPreparationFailures/missing
=== RUN   TestGraphPrefixCompactionPreparationFailures/upload-drop
=== RUN   TestGraphPrefixCompactionPreparationFailures/upload-lost-ack
=== RUN   TestGraphPrefixCompactionPreparationFailures/cancel
=== RUN   TestGraphPrefixCompactionPreparationFailures/zero-cut
=== RUN   TestGraphPrefixCompactionPreparationFailures/outside-cut
--- PASS: TestGraphPrefixCompactionPreparationFailures (0.00s)
    --- PASS: TestGraphPrefixCompactionPreparationFailures/bound (0.00s)
    --- PASS: TestGraphPrefixCompactionPreparationFailures/digest (0.00s)
    --- PASS: TestGraphPrefixCompactionPreparationFailures/missing (0.00s)
    --- PASS: TestGraphPrefixCompactionPreparationFailures/upload-drop (0.00s)
    --- PASS: TestGraphPrefixCompactionPreparationFailures/upload-lost-ack (0.00s)
    --- PASS: TestGraphPrefixCompactionPreparationFailures/cancel (0.00s)
    --- PASS: TestGraphPrefixCompactionPreparationFailures/zero-cut (0.00s)
    --- PASS: TestGraphPrefixCompactionPreparationFailures/outside-cut (0.00s)
=== RUN   TestGraphPrefixCompactionPreservesStreamsAndOwnedReuse
--- PASS: TestGraphPrefixCompactionPreservesStreamsAndOwnedReuse (0.01s)
=== RUN   TestGraphPrefixCompactionSeededPinsAndCollection
=== RUN   TestGraphPrefixCompactionSeededPinsAndCollection/1
=== RUN   TestGraphPrefixCompactionSeededPinsAndCollection/2
=== RUN   TestGraphPrefixCompactionSeededPinsAndCollection/3
=== RUN   TestGraphPrefixCompactionSeededPinsAndCollection/4
=== RUN   TestGraphPrefixCompactionSeededPinsAndCollection/5
=== RUN   TestGraphPrefixCompactionSeededPinsAndCollection/6
=== RUN   TestGraphPrefixCompactionSeededPinsAndCollection/7
=== RUN   TestGraphPrefixCompactionSeededPinsAndCollection/8
=== RUN   TestGraphPrefixCompactionSeededPinsAndCollection/9
=== RUN   TestGraphPrefixCompactionSeededPinsAndCollection/10
=== RUN   TestGraphPrefixCompactionSeededPinsAndCollection/11
=== RUN   TestGraphPrefixCompactionSeededPinsAndCollection/12
=== RUN   TestGraphPrefixCompactionSeededPinsAndCollection/13
=== RUN   TestGraphPrefixCompactionSeededPinsAndCollection/14
=== RUN   TestGraphPrefixCompactionSeededPinsAndCollection/15
=== RUN   TestGraphPrefixCompactionSeededPinsAndCollection/16
=== RUN   TestGraphPrefixCompactionSeededPinsAndCollection/17
=== RUN   TestGraphPrefixCompactionSeededPinsAndCollection/18
=== RUN   TestGraphPrefixCompactionSeededPinsAndCollection/19
=== RUN   TestGraphPrefixCompactionSeededPinsAndCollection/20
=== RUN   TestGraphPrefixCompactionSeededPinsAndCollection/21
=== RUN   TestGraphPrefixCompactionSeededPinsAndCollection/22
=== RUN   TestGraphPrefixCompactionSeededPinsAndCollection/23
=== RUN   TestGraphPrefixCompactionSeededPinsAndCollection/24
=== RUN   TestGraphPrefixCompactionSeededPinsAndCollection/25
=== RUN   TestGraphPrefixCompactionSeededPinsAndCollection/26
=== RUN   TestGraphPrefixCompactionSeededPinsAndCollection/27
=== RUN   TestGraphPrefixCompactionSeededPinsAndCollection/28
=== RUN   TestGraphPrefixCompactionSeededPinsAndCollection/29
=== RUN   TestGraphPrefixCompactionSeededPinsAndCollection/30
=== RUN   TestGraphPrefixCompactionSeededPinsAndCollection/31
=== RUN   TestGraphPrefixCompactionSeededPinsAndCollection/32
=== NAME  TestGraphPrefixCompactionSeededPinsAndCollection
    compaction_test.go:246: GRAPH_PREFIX_COMPACTION seeds=32 successive_compactions=64 original_receipts_collected=true pinned_originals_preserved=true complete_retirements=32
--- PASS: TestGraphPrefixCompactionSeededPinsAndCollection (0.49s)
    --- PASS: TestGraphPrefixCompactionSeededPinsAndCollection/1 (0.03s)
    --- PASS: TestGraphPrefixCompactionSeededPinsAndCollection/2 (0.02s)
    --- PASS: TestGraphPrefixCompactionSeededPinsAndCollection/3 (0.03s)
    --- PASS: TestGraphPrefixCompactionSeededPinsAndCollection/4 (0.01s)
    --- PASS: TestGraphPrefixCompactionSeededPinsAndCollection/5 (0.00s)
    --- PASS: TestGraphPrefixCompactionSeededPinsAndCollection/6 (0.02s)
    --- PASS: TestGraphPrefixCompactionSeededPinsAndCollection/7 (0.01s)
    --- PASS: TestGraphPrefixCompactionSeededPinsAndCollection/8 (0.01s)
    --- PASS: TestGraphPrefixCompactionSeededPinsAndCollection/9 (0.02s)
    --- PASS: TestGraphPrefixCompactionSeededPinsAndCollection/10 (0.01s)
    --- PASS: TestGraphPrefixCompactionSeededPinsAndCollection/11 (0.02s)
    --- PASS: TestGraphPrefixCompactionSeededPinsAndCollection/12 (0.01s)
    --- PASS: TestGraphPrefixCompactionSeededPinsAndCollection/13 (0.01s)
    --- PASS: TestGraphPrefixCompactionSeededPinsAndCollection/14 (0.01s)
    --- PASS: TestGraphPrefixCompactionSeededPinsAndCollection/15 (0.02s)
    --- PASS: TestGraphPrefixCompactionSeededPinsAndCollection/16 (0.02s)
    --- PASS: TestGraphPrefixCompactionSeededPinsAndCollection/17 (0.01s)
    --- PASS: TestGraphPrefixCompactionSeededPinsAndCollection/18 (0.02s)
    --- PASS: TestGraphPrefixCompactionSeededPinsAndCollection/19 (0.02s)
    --- PASS: TestGraphPrefixCompactionSeededPinsAndCollection/20 (0.01s)
    --- PASS: TestGraphPrefixCompactionSeededPinsAndCollection/21 (0.01s)
    --- PASS: TestGraphPrefixCompactionSeededPinsAndCollection/22 (0.03s)
    --- PASS: TestGraphPrefixCompactionSeededPinsAndCollection/23 (0.01s)
    --- PASS: TestGraphPrefixCompactionSeededPinsAndCollection/24 (0.02s)
    --- PASS: TestGraphPrefixCompactionSeededPinsAndCollection/25 (0.02s)
    --- PASS: TestGraphPrefixCompactionSeededPinsAndCollection/26 (0.02s)
    --- PASS: TestGraphPrefixCompactionSeededPinsAndCollection/27 (0.01s)
    --- PASS: TestGraphPrefixCompactionSeededPinsAndCollection/28 (0.03s)
    --- PASS: TestGraphPrefixCompactionSeededPinsAndCollection/29 (0.02s)
    --- PASS: TestGraphPrefixCompactionSeededPinsAndCollection/30 (0.02s)
    --- PASS: TestGraphPrefixCompactionSeededPinsAndCollection/31 (0.02s)
    --- PASS: TestGraphPrefixCompactionSeededPinsAndCollection/32 (0.00s)
=== RUN   TestGraphPrefixCompactionPublicationFaults
=== RUN   TestGraphPrefixCompactionPublicationFaults/drop
=== RUN   TestGraphPrefixCompactionPublicationFaults/lost-ack
=== RUN   TestGraphPrefixCompactionPublicationFaults/unknown-readback
=== RUN   TestGraphPrefixCompactionPublicationFaults/append
=== RUN   TestGraphPrefixCompactionPublicationFaults/reader
=== RUN   TestGraphPrefixCompactionPublicationFaults/retire
=== RUN   TestGraphPrefixCompactionPublicationFaults/collector
=== RUN   TestGraphPrefixCompactionPublicationFaults/revoked
=== RUN   TestGraphPrefixCompactionPublicationFaults/changed-readers
--- PASS: TestGraphPrefixCompactionPublicationFaults (0.01s)
    --- PASS: TestGraphPrefixCompactionPublicationFaults/drop (0.00s)
    --- PASS: TestGraphPrefixCompactionPublicationFaults/lost-ack (0.00s)
    --- PASS: TestGraphPrefixCompactionPublicationFaults/unknown-readback (0.00s)
    --- PASS: TestGraphPrefixCompactionPublicationFaults/append (0.00s)
    --- PASS: TestGraphPrefixCompactionPublicationFaults/reader (0.00s)
    --- PASS: TestGraphPrefixCompactionPublicationFaults/retire (0.00s)
    --- PASS: TestGraphPrefixCompactionPublicationFaults/collector (0.00s)
    --- PASS: TestGraphPrefixCompactionPublicationFaults/revoked (0.00s)
    --- PASS: TestGraphPrefixCompactionPublicationFaults/changed-readers (0.00s)
=== RUN   TestGraphAuthorityCanonicalEnvelope
--- PASS: TestGraphAuthorityCanonicalEnvelope (0.00s)
=== RUN   TestGraphSubjectAccessRejectsUnsafeNamespaces
--- PASS: TestGraphSubjectAccessRejectsUnsafeNamespaces (0.00s)
=== RUN   TestGraphOwnedPayloadSeededReuseAndCompleteReclamation
=== RUN   TestGraphOwnedPayloadSeededReuseAndCompleteReclamation/1
=== RUN   TestGraphOwnedPayloadSeededReuseAndCompleteReclamation/2
=== RUN   TestGraphOwnedPayloadSeededReuseAndCompleteReclamation/3
=== RUN   TestGraphOwnedPayloadSeededReuseAndCompleteReclamation/4
=== RUN   TestGraphOwnedPayloadSeededReuseAndCompleteReclamation/5
=== RUN   TestGraphOwnedPayloadSeededReuseAndCompleteReclamation/6
=== RUN   TestGraphOwnedPayloadSeededReuseAndCompleteReclamation/7
=== RUN   TestGraphOwnedPayloadSeededReuseAndCompleteReclamation/8
=== RUN   TestGraphOwnedPayloadSeededReuseAndCompleteReclamation/9
=== RUN   TestGraphOwnedPayloadSeededReuseAndCompleteReclamation/10
=== RUN   TestGraphOwnedPayloadSeededReuseAndCompleteReclamation/11
=== RUN   TestGraphOwnedPayloadSeededReuseAndCompleteReclamation/12
=== RUN   TestGraphOwnedPayloadSeededReuseAndCompleteReclamation/13
=== RUN   TestGraphOwnedPayloadSeededReuseAndCompleteReclamation/14
=== RUN   TestGraphOwnedPayloadSeededReuseAndCompleteReclamation/15
=== RUN   TestGraphOwnedPayloadSeededReuseAndCompleteReclamation/16
=== RUN   TestGraphOwnedPayloadSeededReuseAndCompleteReclamation/17
=== RUN   TestGraphOwnedPayloadSeededReuseAndCompleteReclamation/18
=== RUN   TestGraphOwnedPayloadSeededReuseAndCompleteReclamation/19
=== RUN   TestGraphOwnedPayloadSeededReuseAndCompleteReclamation/20
=== RUN   TestGraphOwnedPayloadSeededReuseAndCompleteReclamation/21
=== RUN   TestGraphOwnedPayloadSeededReuseAndCompleteReclamation/22
=== RUN   TestGraphOwnedPayloadSeededReuseAndCompleteReclamation/23
=== RUN   TestGraphOwnedPayloadSeededReuseAndCompleteReclamation/24
=== RUN   TestGraphOwnedPayloadSeededReuseAndCompleteReclamation/25
=== RUN   TestGraphOwnedPayloadSeededReuseAndCompleteReclamation/26
=== RUN   TestGraphOwnedPayloadSeededReuseAndCompleteReclamation/27
=== RUN   TestGraphOwnedPayloadSeededReuseAndCompleteReclamation/28
=== RUN   TestGraphOwnedPayloadSeededReuseAndCompleteReclamation/29
=== RUN   TestGraphOwnedPayloadSeededReuseAndCompleteReclamation/30
=== RUN   TestGraphOwnedPayloadSeededReuseAndCompleteReclamation/31
=== RUN   TestGraphOwnedPayloadSeededReuseAndCompleteReclamation/32
=== NAME  TestGraphOwnedPayloadSeededReuseAndCompleteReclamation
    owned_test.go:108: GRAPH_OWNED_PAYLOAD_REUSE seeds=32 reused_records=1024 original_payload_objects_per_seed=1 origin_grant_unchanged=true complete_retirements=32
--- PASS: TestGraphOwnedPayloadSeededReuseAndCompleteReclamation (2.22s)
    --- PASS: TestGraphOwnedPayloadSeededReuseAndCompleteReclamation/1 (0.07s)
    --- PASS: TestGraphOwnedPayloadSeededReuseAndCompleteReclamation/2 (0.07s)
    --- PASS: TestGraphOwnedPayloadSeededReuseAndCompleteReclamation/3 (0.06s)
    --- PASS: TestGraphOwnedPayloadSeededReuseAndCompleteReclamation/4 (0.06s)
    --- PASS: TestGraphOwnedPayloadSeededReuseAndCompleteReclamation/5 (0.07s)
    --- PASS: TestGraphOwnedPayloadSeededReuseAndCompleteReclamation/6 (0.06s)
    --- PASS: TestGraphOwnedPayloadSeededReuseAndCompleteReclamation/7 (0.07s)
    --- PASS: TestGraphOwnedPayloadSeededReuseAndCompleteReclamation/8 (0.07s)
    --- PASS: TestGraphOwnedPayloadSeededReuseAndCompleteReclamation/9 (0.07s)
    --- PASS: TestGraphOwnedPayloadSeededReuseAndCompleteReclamation/10 (0.07s)
    --- PASS: TestGraphOwnedPayloadSeededReuseAndCompleteReclamation/11 (0.07s)
    --- PASS: TestGraphOwnedPayloadSeededReuseAndCompleteReclamation/12 (0.06s)
    --- PASS: TestGraphOwnedPayloadSeededReuseAndCompleteReclamation/13 (0.06s)
    --- PASS: TestGraphOwnedPayloadSeededReuseAndCompleteReclamation/14 (0.06s)
    --- PASS: TestGraphOwnedPayloadSeededReuseAndCompleteReclamation/15 (0.07s)
    --- PASS: TestGraphOwnedPayloadSeededReuseAndCompleteReclamation/16 (0.06s)
    --- PASS: TestGraphOwnedPayloadSeededReuseAndCompleteReclamation/17 (0.07s)
    --- PASS: TestGraphOwnedPayloadSeededReuseAndCompleteReclamation/18 (0.07s)
    --- PASS: TestGraphOwnedPayloadSeededReuseAndCompleteReclamation/19 (0.09s)
    --- PASS: TestGraphOwnedPayloadSeededReuseAndCompleteReclamation/20 (0.11s)
    --- PASS: TestGraphOwnedPayloadSeededReuseAndCompleteReclamation/21 (0.09s)
    --- PASS: TestGraphOwnedPayloadSeededReuseAndCompleteReclamation/22 (0.10s)
    --- PASS: TestGraphOwnedPayloadSeededReuseAndCompleteReclamation/23 (0.07s)
    --- PASS: TestGraphOwnedPayloadSeededReuseAndCompleteReclamation/24 (0.07s)
    --- PASS: TestGraphOwnedPayloadSeededReuseAndCompleteReclamation/25 (0.06s)
    --- PASS: TestGraphOwnedPayloadSeededReuseAndCompleteReclamation/26 (0.06s)
    --- PASS: TestGraphOwnedPayloadSeededReuseAndCompleteReclamation/27 (0.07s)
    --- PASS: TestGraphOwnedPayloadSeededReuseAndCompleteReclamation/28 (0.07s)
    --- PASS: TestGraphOwnedPayloadSeededReuseAndCompleteReclamation/29 (0.06s)
    --- PASS: TestGraphOwnedPayloadSeededReuseAndCompleteReclamation/30 (0.06s)
    --- PASS: TestGraphOwnedPayloadSeededReuseAndCompleteReclamation/31 (0.06s)
    --- PASS: TestGraphOwnedPayloadSeededReuseAndCompleteReclamation/32 (0.07s)
=== RUN   TestGraphOwnedLargePayloadNotRecopied
--- PASS: TestGraphOwnedLargePayloadNotRecopied (0.01s)
=== RUN   TestGraphOwnedPayloadRejectsUnownedStaleAndAmbiguousReferences
=== RUN   TestGraphOwnedPayloadRejectsUnownedStaleAndAmbiguousReferences/wrong_index
=== RUN   TestGraphOwnedPayloadRejectsUnownedStaleAndAmbiguousReferences/wrong_upload
=== RUN   TestGraphOwnedPayloadRejectsUnownedStaleAndAmbiguousReferences/wrong_generation
=== RUN   TestGraphOwnedPayloadRejectsUnownedStaleAndAmbiguousReferences/foreign_destination
=== RUN   TestGraphOwnedPayloadRejectsUnownedStaleAndAmbiguousReferences/foreign_grant
=== RUN   TestGraphOwnedPayloadRejectsUnownedStaleAndAmbiguousReferences/closed_origin
=== RUN   TestGraphOwnedPayloadRejectsUnownedStaleAndAmbiguousReferences/future_origin_head
=== RUN   TestGraphOwnedPayloadRejectsUnownedStaleAndAmbiguousReferences/stale_head
=== RUN   TestGraphOwnedPayloadRejectsUnownedStaleAndAmbiguousReferences/ambiguous
--- PASS: TestGraphOwnedPayloadRejectsUnownedStaleAndAmbiguousReferences (0.00s)
    --- PASS: TestGraphOwnedPayloadRejectsUnownedStaleAndAmbiguousReferences/wrong_index (0.00s)
    --- PASS: TestGraphOwnedPayloadRejectsUnownedStaleAndAmbiguousReferences/wrong_upload (0.00s)
    --- PASS: TestGraphOwnedPayloadRejectsUnownedStaleAndAmbiguousReferences/wrong_generation (0.00s)
    --- PASS: TestGraphOwnedPayloadRejectsUnownedStaleAndAmbiguousReferences/foreign_destination (0.00s)
    --- PASS: TestGraphOwnedPayloadRejectsUnownedStaleAndAmbiguousReferences/foreign_grant (0.00s)
    --- PASS: TestGraphOwnedPayloadRejectsUnownedStaleAndAmbiguousReferences/closed_origin (0.00s)
    --- PASS: TestGraphOwnedPayloadRejectsUnownedStaleAndAmbiguousReferences/future_origin_head (0.00s)
    --- PASS: TestGraphOwnedPayloadRejectsUnownedStaleAndAmbiguousReferences/stale_head (0.00s)
    --- PASS: TestGraphOwnedPayloadRejectsUnownedStaleAndAmbiguousReferences/ambiguous (0.00s)
=== RUN   TestGraphOwnedPayloadRetirementAndCollectorFence
=== RUN   TestGraphOwnedPayloadRetirementAndCollectorFence/retired
=== RUN   TestGraphOwnedPayloadRetirementAndCollectorFence/collector_wins
=== RUN   TestGraphOwnedPayloadRetirementAndCollectorFence/commit_wins
--- PASS: TestGraphOwnedPayloadRetirementAndCollectorFence (0.00s)
    --- PASS: TestGraphOwnedPayloadRetirementAndCollectorFence/retired (0.00s)
    --- PASS: TestGraphOwnedPayloadRetirementAndCollectorFence/collector_wins (0.00s)
    --- PASS: TestGraphOwnedPayloadRetirementAndCollectorFence/commit_wins (0.00s)
=== RUN   TestGraphOwnedPayloadUncertainReadsAndCallerMutation
--- PASS: TestGraphOwnedPayloadUncertainReadsAndCallerMutation (0.00s)
=== RUN   TestGraphPublicationSeededAppendsSweepAndRetirement
=== RUN   TestGraphPublicationSeededAppendsSweepAndRetirement/1
=== RUN   TestGraphPublicationSeededAppendsSweepAndRetirement/2
=== RUN   TestGraphPublicationSeededAppendsSweepAndRetirement/3
=== RUN   TestGraphPublicationSeededAppendsSweepAndRetirement/4
=== RUN   TestGraphPublicationSeededAppendsSweepAndRetirement/5
=== RUN   TestGraphPublicationSeededAppendsSweepAndRetirement/6
=== RUN   TestGraphPublicationSeededAppendsSweepAndRetirement/7
=== RUN   TestGraphPublicationSeededAppendsSweepAndRetirement/8
=== RUN   TestGraphPublicationSeededAppendsSweepAndRetirement/9
=== RUN   TestGraphPublicationSeededAppendsSweepAndRetirement/10
=== RUN   TestGraphPublicationSeededAppendsSweepAndRetirement/11
=== RUN   TestGraphPublicationSeededAppendsSweepAndRetirement/12
=== RUN   TestGraphPublicationSeededAppendsSweepAndRetirement/13
=== RUN   TestGraphPublicationSeededAppendsSweepAndRetirement/14
=== RUN   TestGraphPublicationSeededAppendsSweepAndRetirement/15
=== RUN   TestGraphPublicationSeededAppendsSweepAndRetirement/16
=== RUN   TestGraphPublicationSeededAppendsSweepAndRetirement/17
=== RUN   TestGraphPublicationSeededAppendsSweepAndRetirement/18
=== RUN   TestGraphPublicationSeededAppendsSweepAndRetirement/19
=== RUN   TestGraphPublicationSeededAppendsSweepAndRetirement/20
=== RUN   TestGraphPublicationSeededAppendsSweepAndRetirement/21
=== RUN   TestGraphPublicationSeededAppendsSweepAndRetirement/22
=== RUN   TestGraphPublicationSeededAppendsSweepAndRetirement/23
=== RUN   TestGraphPublicationSeededAppendsSweepAndRetirement/24
=== RUN   TestGraphPublicationSeededAppendsSweepAndRetirement/25
=== RUN   TestGraphPublicationSeededAppendsSweepAndRetirement/26
=== RUN   TestGraphPublicationSeededAppendsSweepAndRetirement/27
=== RUN   TestGraphPublicationSeededAppendsSweepAndRetirement/28
=== RUN   TestGraphPublicationSeededAppendsSweepAndRetirement/29
=== RUN   TestGraphPublicationSeededAppendsSweepAndRetirement/30
=== RUN   TestGraphPublicationSeededAppendsSweepAndRetirement/31
=== RUN   TestGraphPublicationSeededAppendsSweepAndRetirement/32
=== NAME  TestGraphPublicationSeededAppendsSweepAndRetirement
    protocol_test.go:354: GRAPH_PUBLICATION_SEEDED seeds=32 committed_records=1024 complete_retirements=32 live_census_before_after_sweeps=true
--- PASS: TestGraphPublicationSeededAppendsSweepAndRetirement (1.23s)
    --- PASS: TestGraphPublicationSeededAppendsSweepAndRetirement/1 (0.03s)
    --- PASS: TestGraphPublicationSeededAppendsSweepAndRetirement/2 (0.04s)
    --- PASS: TestGraphPublicationSeededAppendsSweepAndRetirement/3 (0.04s)
    --- PASS: TestGraphPublicationSeededAppendsSweepAndRetirement/4 (0.04s)
    --- PASS: TestGraphPublicationSeededAppendsSweepAndRetirement/5 (0.03s)
    --- PASS: TestGraphPublicationSeededAppendsSweepAndRetirement/6 (0.05s)
    --- PASS: TestGraphPublicationSeededAppendsSweepAndRetirement/7 (0.04s)
    --- PASS: TestGraphPublicationSeededAppendsSweepAndRetirement/8 (0.04s)
    --- PASS: TestGraphPublicationSeededAppendsSweepAndRetirement/9 (0.04s)
    --- PASS: TestGraphPublicationSeededAppendsSweepAndRetirement/10 (0.04s)
    --- PASS: TestGraphPublicationSeededAppendsSweepAndRetirement/11 (0.04s)
    --- PASS: TestGraphPublicationSeededAppendsSweepAndRetirement/12 (0.05s)
    --- PASS: TestGraphPublicationSeededAppendsSweepAndRetirement/13 (0.05s)
    --- PASS: TestGraphPublicationSeededAppendsSweepAndRetirement/14 (0.04s)
    --- PASS: TestGraphPublicationSeededAppendsSweepAndRetirement/15 (0.03s)
    --- PASS: TestGraphPublicationSeededAppendsSweepAndRetirement/16 (0.05s)
    --- PASS: TestGraphPublicationSeededAppendsSweepAndRetirement/17 (0.05s)
    --- PASS: TestGraphPublicationSeededAppendsSweepAndRetirement/18 (0.03s)
    --- PASS: TestGraphPublicationSeededAppendsSweepAndRetirement/19 (0.04s)
    --- PASS: TestGraphPublicationSeededAppendsSweepAndRetirement/20 (0.02s)
    --- PASS: TestGraphPublicationSeededAppendsSweepAndRetirement/21 (0.05s)
    --- PASS: TestGraphPublicationSeededAppendsSweepAndRetirement/22 (0.03s)
    --- PASS: TestGraphPublicationSeededAppendsSweepAndRetirement/23 (0.03s)
    --- PASS: TestGraphPublicationSeededAppendsSweepAndRetirement/24 (0.04s)
    --- PASS: TestGraphPublicationSeededAppendsSweepAndRetirement/25 (0.04s)
    --- PASS: TestGraphPublicationSeededAppendsSweepAndRetirement/26 (0.03s)
    --- PASS: TestGraphPublicationSeededAppendsSweepAndRetirement/27 (0.03s)
    --- PASS: TestGraphPublicationSeededAppendsSweepAndRetirement/28 (0.04s)
    --- PASS: TestGraphPublicationSeededAppendsSweepAndRetirement/29 (0.04s)
    --- PASS: TestGraphPublicationSeededAppendsSweepAndRetirement/30 (0.04s)
    --- PASS: TestGraphPublicationSeededAppendsSweepAndRetirement/31 (0.04s)
    --- PASS: TestGraphPublicationSeededAppendsSweepAndRetirement/32 (0.03s)
=== RUN   TestGraphPublicationCollectorAndCommitInterleavings
=== RUN   TestGraphPublicationCollectorAndCommitInterleavings/commit
=== RUN   TestGraphPublicationCollectorAndCommitInterleavings/collector
--- PASS: TestGraphPublicationCollectorAndCommitInterleavings (0.00s)
    --- PASS: TestGraphPublicationCollectorAndCommitInterleavings/commit (0.00s)
    --- PASS: TestGraphPublicationCollectorAndCommitInterleavings/collector (0.00s)
=== RUN   TestGraphPublicationUnknownRepliesNeverAdoptUploads
=== RUN   TestGraphPublicationUnknownRepliesNeverAdoptUploads/put_lost
=== RUN   TestGraphPublicationUnknownRepliesNeverAdoptUploads/ready_lost
=== RUN   TestGraphPublicationUnknownRepliesNeverAdoptUploads/root_lost
=== RUN   TestGraphPublicationUnknownRepliesNeverAdoptUploads/root_lost_replaced
--- PASS: TestGraphPublicationUnknownRepliesNeverAdoptUploads (0.00s)
    --- PASS: TestGraphPublicationUnknownRepliesNeverAdoptUploads/put_lost (0.00s)
    --- PASS: TestGraphPublicationUnknownRepliesNeverAdoptUploads/ready_lost (0.00s)
    --- PASS: TestGraphPublicationUnknownRepliesNeverAdoptUploads/root_lost (0.00s)
    --- PASS: TestGraphPublicationUnknownRepliesNeverAdoptUploads/root_lost_replaced (0.00s)
=== RUN   TestGraphPublicationForeignDestinationAndRevokedGrants
--- PASS: TestGraphPublicationForeignDestinationAndRevokedGrants (0.00s)
=== RUN   TestGraphPublicationUncertainCensusFailsClosed
=== RUN   TestGraphPublicationUncertainCensusFailsClosed/root_read
=== RUN   TestGraphPublicationUncertainCensusFailsClosed/blob_read
=== RUN   TestGraphPublicationUncertainCensusFailsClosed/missing_ancestor
=== RUN   TestGraphPublicationUncertainCensusFailsClosed/schema
=== RUN   TestGraphPublicationUncertainCensusFailsClosed/unknown_object
--- PASS: TestGraphPublicationUncertainCensusFailsClosed (0.00s)
    --- PASS: TestGraphPublicationUncertainCensusFailsClosed/root_read (0.00s)
    --- PASS: TestGraphPublicationUncertainCensusFailsClosed/blob_read (0.00s)
    --- PASS: TestGraphPublicationUncertainCensusFailsClosed/missing_ancestor (0.00s)
    --- PASS: TestGraphPublicationUncertainCensusFailsClosed/schema (0.00s)
    --- PASS: TestGraphPublicationUncertainCensusFailsClosed/unknown_object (0.00s)
=== RUN   TestGraphPublicationDelayedDeleteCannotTouchNewGeneration
--- PASS: TestGraphPublicationDelayedDeleteCannotTouchNewGeneration (0.00s)
=== RUN   TestGraphPublicationContextAndCopies
--- PASS: TestGraphPublicationContextAndCopies (0.00s)
=== RUN   TestGraphPublicationMetadataBoundAndPermanentScopedGenerations
    protocol_test.go:633: GRAPH_PUBLICATION_BOUNDS records=128 max_authority_bytes=400 max_grants_per_scope=1 late_generation=2 retained_closed=true
--- PASS: TestGraphPublicationMetadataBoundAndPermanentScopedGenerations (0.03s)
=== RUN   TestGraphPublicationRejectsForeignPhysicalOwner
--- PASS: TestGraphPublicationRejectsForeignPhysicalOwner (0.00s)
=== RUN   TestGraphPublicationInvalidAcknowledgmentsAndInputBounds
--- PASS: TestGraphPublicationInvalidAcknowledgmentsAndInputBounds (0.00s)
=== RUN   TestGraphReaderCheckpointRecovery
--- PASS: TestGraphReaderCheckpointRecovery (0.00s)
=== RUN   TestGraphReaderCheckpointRejectsUnknownAndRevoked
=== RUN   TestGraphReaderCheckpointRejectsUnknownAndRevoked/expired-uncollected
=== RUN   TestGraphReaderCheckpointRejectsUnknownAndRevoked/expired-collected
=== RUN   TestGraphReaderCheckpointRejectsUnknownAndRevoked/changed-snapshot
=== RUN   TestGraphReaderCheckpointRejectsUnknownAndRevoked/foreign-destination
=== RUN   TestGraphReaderCheckpointRejectsUnknownAndRevoked/missing-ID
=== RUN   TestGraphReaderCheckpointRejectsUnknownAndRevoked/replacement-same-graph
=== RUN   TestGraphReaderCheckpointRejectsUnknownAndRevoked/uncertain-root
=== RUN   TestGraphReaderCheckpointRejectsUnknownAndRevoked/cancelled
--- PASS: TestGraphReaderCheckpointRejectsUnknownAndRevoked (0.00s)
    --- PASS: TestGraphReaderCheckpointRejectsUnknownAndRevoked/expired-uncollected (0.00s)
    --- PASS: TestGraphReaderCheckpointRejectsUnknownAndRevoked/expired-collected (0.00s)
    --- PASS: TestGraphReaderCheckpointRejectsUnknownAndRevoked/changed-snapshot (0.00s)
    --- PASS: TestGraphReaderCheckpointRejectsUnknownAndRevoked/foreign-destination (0.00s)
    --- PASS: TestGraphReaderCheckpointRejectsUnknownAndRevoked/missing-ID (0.00s)
    --- PASS: TestGraphReaderCheckpointRejectsUnknownAndRevoked/replacement-same-graph (0.00s)
    --- PASS: TestGraphReaderCheckpointRejectsUnknownAndRevoked/uncertain-root (0.00s)
    --- PASS: TestGraphReaderCheckpointRejectsUnknownAndRevoked/cancelled (0.00s)
=== RUN   TestGraphReaderCheckpointCanonicalBounds
--- PASS: TestGraphReaderCheckpointCanonicalBounds (0.00s)
=== RUN   TestGraphReaderAppendRetireRelease
--- PASS: TestGraphReaderAppendRetireRelease (0.00s)
=== RUN   TestGraphReaderRenewalExpiryFences
=== RUN   TestGraphReaderRenewalExpiryFences/renewal
=== RUN   TestGraphReaderRenewalExpiryFences/collector
--- PASS: TestGraphReaderRenewalExpiryFences (0.00s)
    --- PASS: TestGraphReaderRenewalExpiryFences/renewal (0.00s)
    --- PASS: TestGraphReaderRenewalExpiryFences/collector (0.00s)
=== RUN   TestGraphReaderUnknownAcknowledgements
=== RUN   TestGraphReaderUnknownAcknowledgements/acquire
=== RUN   TestGraphReaderUnknownAcknowledgements/renew
=== RUN   TestGraphReaderUnknownAcknowledgements/release
=== RUN   TestGraphReaderUnknownAcknowledgements/expire
--- PASS: TestGraphReaderUnknownAcknowledgements (0.00s)
    --- PASS: TestGraphReaderUnknownAcknowledgements/acquire (0.00s)
    --- PASS: TestGraphReaderUnknownAcknowledgements/renew (0.00s)
    --- PASS: TestGraphReaderUnknownAcknowledgements/release (0.00s)
    --- PASS: TestGraphReaderUnknownAcknowledgements/expire (0.00s)
=== RUN   TestGraphReaderBoundsAndFailClosed
--- PASS: TestGraphReaderBoundsAndFailClosed (0.00s)
=== RUN   TestGraphReaderOriginalHeadAndEmptySnapshots
--- PASS: TestGraphReaderOriginalHeadAndEmptySnapshots (0.00s)
=== RUN   TestGraphReaderAcquireRetirementRace
=== RUN   TestGraphReaderAcquireRetirementRace/acquire
=== RUN   TestGraphReaderAcquireRetirementRace/retire
--- PASS: TestGraphReaderAcquireRetirementRace (0.00s)
    --- PASS: TestGraphReaderAcquireRetirementRace/acquire (0.00s)
    --- PASS: TestGraphReaderAcquireRetirementRace/retire (0.00s)
=== RUN   TestGraphStreamsIndependentIndexesPinnedRetirementAndResume
--- PASS: TestGraphStreamsIndependentIndexesPinnedRetirementAndResume (0.03s)
=== RUN   TestGraphStreamsSingleHeadFencesAllPublishers
=== RUN   TestGraphStreamsSingleHeadFencesAllPublishers/retire
=== RUN   TestGraphStreamsSingleHeadFencesAllPublishers/other-stream
=== RUN   TestGraphStreamsSingleHeadFencesAllPublishers/application
=== RUN   TestGraphStreamsSingleHeadFencesAllPublishers/collector
--- PASS: TestGraphStreamsSingleHeadFencesAllPublishers (0.00s)
    --- PASS: TestGraphStreamsSingleHeadFencesAllPublishers/retire (0.00s)
    --- PASS: TestGraphStreamsSingleHeadFencesAllPublishers/other-stream (0.00s)
    --- PASS: TestGraphStreamsSingleHeadFencesAllPublishers/application (0.00s)
    --- PASS: TestGraphStreamsSingleHeadFencesAllPublishers/collector (0.00s)
=== RUN   TestGraphStreamsExactUnknownReadback
--- PASS: TestGraphStreamsExactUnknownReadback (0.00s)
=== RUN   TestGraphStreamsRejectCoordinateAndInheritanceForgery
=== RUN   TestGraphStreamsRejectCoordinateAndInheritanceForgery/other-forest
=== RUN   TestGraphStreamsRejectCoordinateAndInheritanceForgery/stream-coordinate
=== RUN   TestGraphStreamsRejectCoordinateAndInheritanceForgery/cross-stream-reuse
=== RUN   TestGraphStreamsRejectCoordinateAndInheritanceForgery/false-source-stream
=== RUN   TestGraphStreamsRejectCoordinateAndInheritanceForgery/reader-checkpoint
--- PASS: TestGraphStreamsRejectCoordinateAndInheritanceForgery (0.00s)
    --- PASS: TestGraphStreamsRejectCoordinateAndInheritanceForgery/other-forest (0.00s)
    --- PASS: TestGraphStreamsRejectCoordinateAndInheritanceForgery/stream-coordinate (0.00s)
    --- PASS: TestGraphStreamsRejectCoordinateAndInheritanceForgery/cross-stream-reuse (0.00s)
    --- PASS: TestGraphStreamsRejectCoordinateAndInheritanceForgery/false-source-stream (0.00s)
    --- PASS: TestGraphStreamsRejectCoordinateAndInheritanceForgery/reader-checkpoint (0.00s)
=== RUN   TestGraphStreamsBoundsCanonicalEncodingAndLegacyBytes
--- PASS: TestGraphStreamsBoundsCanonicalEncodingAndLegacyBytes (0.00s)
=== RUN   TestGraphStreamsOldReaderAcrossUpgradeAndUnknownCollection
--- PASS: TestGraphStreamsOldReaderAcrossUpgradeAndUnknownCollection (0.00s)
PASS
ok  	js-wf/internal/graphpublication	4.069s
