=== RUN   TestGraphPrefixCompactionPreparationFailures
=== RUN   TestGraphPrefixCompactionPreparationFailures/bound
=== RUN   TestGraphPrefixCompactionPreparationFailures/digest
=== RUN   TestGraphPrefixCompactionPreparationFailures/missing
=== RUN   TestGraphPrefixCompactionPreparationFailures/upload-drop
=== RUN   TestGraphPrefixCompactionPreparationFailures/upload-lost-ack
=== RUN   TestGraphPrefixCompactionPreparationFailures/cancel
=== RUN   TestGraphPrefixCompactionPreparationFailures/zero-cut
=== RUN   TestGraphPrefixCompactionPreparationFailures/outside-cut
--- PASS: TestGraphPrefixCompactionPreparationFailures (0.02s)
    --- PASS: TestGraphPrefixCompactionPreparationFailures/bound (0.00s)
    --- PASS: TestGraphPrefixCompactionPreparationFailures/digest (0.00s)
    --- PASS: TestGraphPrefixCompactionPreparationFailures/missing (0.00s)
    --- PASS: TestGraphPrefixCompactionPreparationFailures/upload-drop (0.00s)
    --- PASS: TestGraphPrefixCompactionPreparationFailures/upload-lost-ack (0.00s)
    --- PASS: TestGraphPrefixCompactionPreparationFailures/cancel (0.00s)
    --- PASS: TestGraphPrefixCompactionPreparationFailures/zero-cut (0.00s)
    --- PASS: TestGraphPrefixCompactionPreparationFailures/outside-cut (0.00s)
=== RUN   TestGraphPrefixCompactionPreservesStreamsAndOwnedReuse
--- PASS: TestGraphPrefixCompactionPreservesStreamsAndOwnedReuse (0.16s)
=== RUN   TestGraphPrefixCompactionSeededPinsAndCollection
=== RUN   TestGraphPrefixCompactionSeededPinsAndCollection/1
=== RUN   TestGraphPrefixCompactionSeededPinsAndCollection/2
=== RUN   TestGraphPrefixCompactionSeededPinsAndCollection/3
=== RUN   TestGraphPrefixCompactionSeededPinsAndCollection/4
=== RUN   TestGraphPrefixCompactionSeededPinsAndCollection/5
=== RUN   TestGraphPrefixCompactionSeededPinsAndCollection/6
=== RUN   TestGraphPrefixCompactionSeededPinsAndCollection/7
=== RUN   TestGraphPrefixCompactionSeededPinsAndCollection/8
=== RUN   TestGraphPrefixCompactionSeededPinsAndCollection/9
=== RUN   TestGraphPrefixCompactionSeededPinsAndCollection/10
=== RUN   TestGraphPrefixCompactionSeededPinsAndCollection/11
=== RUN   TestGraphPrefixCompactionSeededPinsAndCollection/12
=== RUN   TestGraphPrefixCompactionSeededPinsAndCollection/13
=== RUN   TestGraphPrefixCompactionSeededPinsAndCollection/14
=== RUN   TestGraphPrefixCompactionSeededPinsAndCollection/15
=== RUN   TestGraphPrefixCompactionSeededPinsAndCollection/16
=== RUN   TestGraphPrefixCompactionSeededPinsAndCollection/17
=== RUN   TestGraphPrefixCompactionSeededPinsAndCollection/18
=== RUN   TestGraphPrefixCompactionSeededPinsAndCollection/19
=== RUN   TestGraphPrefixCompactionSeededPinsAndCollection/20
=== RUN   TestGraphPrefixCompactionSeededPinsAndCollection/21
=== RUN   TestGraphPrefixCompactionSeededPinsAndCollection/22
=== RUN   TestGraphPrefixCompactionSeededPinsAndCollection/23
=== RUN   TestGraphPrefixCompactionSeededPinsAndCollection/24
=== RUN   TestGraphPrefixCompactionSeededPinsAndCollection/25
=== RUN   TestGraphPrefixCompactionSeededPinsAndCollection/26
=== RUN   TestGraphPrefixCompactionSeededPinsAndCollection/27
=== RUN   TestGraphPrefixCompactionSeededPinsAndCollection/28
=== RUN   TestGraphPrefixCompactionSeededPinsAndCollection/29
=== RUN   TestGraphPrefixCompactionSeededPinsAndCollection/30
=== RUN   TestGraphPrefixCompactionSeededPinsAndCollection/31
=== RUN   TestGraphPrefixCompactionSeededPinsAndCollection/32
=== NAME  TestGraphPrefixCompactionSeededPinsAndCollection
    compaction_test.go:246: GRAPH_PREFIX_COMPACTION seeds=32 successive_compactions=64 original_receipts_collected=true pinned_originals_preserved=true complete_retirements=32
--- PASS: TestGraphPrefixCompactionSeededPinsAndCollection (7.07s)
    --- PASS: TestGraphPrefixCompactionSeededPinsAndCollection/1 (0.46s)
    --- PASS: TestGraphPrefixCompactionSeededPinsAndCollection/2 (0.16s)
    --- PASS: TestGraphPrefixCompactionSeededPinsAndCollection/3 (0.30s)
    --- PASS: TestGraphPrefixCompactionSeededPinsAndCollection/4 (0.08s)
    --- PASS: TestGraphPrefixCompactionSeededPinsAndCollection/5 (0.08s)
    --- PASS: TestGraphPrefixCompactionSeededPinsAndCollection/6 (0.31s)
    --- PASS: TestGraphPrefixCompactionSeededPinsAndCollection/7 (0.20s)
    --- PASS: TestGraphPrefixCompactionSeededPinsAndCollection/8 (0.10s)
    --- PASS: TestGraphPrefixCompactionSeededPinsAndCollection/9 (0.27s)
    --- PASS: TestGraphPrefixCompactionSeededPinsAndCollection/10 (0.08s)
    --- PASS: TestGraphPrefixCompactionSeededPinsAndCollection/11 (0.39s)
    --- PASS: TestGraphPrefixCompactionSeededPinsAndCollection/12 (0.12s)
    --- PASS: TestGraphPrefixCompactionSeededPinsAndCollection/13 (0.14s)
    --- PASS: TestGraphPrefixCompactionSeededPinsAndCollection/14 (0.08s)
    --- PASS: TestGraphPrefixCompactionSeededPinsAndCollection/15 (0.31s)
    --- PASS: TestGraphPrefixCompactionSeededPinsAndCollection/16 (0.25s)
    --- PASS: TestGraphPrefixCompactionSeededPinsAndCollection/17 (0.08s)
    --- PASS: TestGraphPrefixCompactionSeededPinsAndCollection/18 (0.23s)
    --- PASS: TestGraphPrefixCompactionSeededPinsAndCollection/19 (0.22s)
    --- PASS: TestGraphPrefixCompactionSeededPinsAndCollection/20 (0.17s)
    --- PASS: TestGraphPrefixCompactionSeededPinsAndCollection/21 (0.10s)
    --- PASS: TestGraphPrefixCompactionSeededPinsAndCollection/22 (0.42s)
    --- PASS: TestGraphPrefixCompactionSeededPinsAndCollection/23 (0.22s)
    --- PASS: TestGraphPrefixCompactionSeededPinsAndCollection/24 (0.37s)
    --- PASS: TestGraphPrefixCompactionSeededPinsAndCollection/25 (0.32s)
    --- PASS: TestGraphPrefixCompactionSeededPinsAndCollection/26 (0.29s)
    --- PASS: TestGraphPrefixCompactionSeededPinsAndCollection/27 (0.09s)
    --- PASS: TestGraphPrefixCompactionSeededPinsAndCollection/28 (0.31s)
    --- PASS: TestGraphPrefixCompactionSeededPinsAndCollection/29 (0.28s)
    --- PASS: TestGraphPrefixCompactionSeededPinsAndCollection/30 (0.32s)
    --- PASS: TestGraphPrefixCompactionSeededPinsAndCollection/31 (0.26s)
    --- PASS: TestGraphPrefixCompactionSeededPinsAndCollection/32 (0.05s)
=== RUN   TestGraphPrefixCompactionPublicationFaults
=== RUN   TestGraphPrefixCompactionPublicationFaults/drop
=== RUN   TestGraphPrefixCompactionPublicationFaults/lost-ack
=== RUN   TestGraphPrefixCompactionPublicationFaults/unknown-readback
=== RUN   TestGraphPrefixCompactionPublicationFaults/append
=== RUN   TestGraphPrefixCompactionPublicationFaults/reader
=== RUN   TestGraphPrefixCompactionPublicationFaults/retire
=== RUN   TestGraphPrefixCompactionPublicationFaults/collector
=== RUN   TestGraphPrefixCompactionPublicationFaults/collector-at-cas
=== RUN   TestGraphPrefixCompactionPublicationFaults/revoked
=== RUN   TestGraphPrefixCompactionPublicationFaults/changed-readers
--- PASS: TestGraphPrefixCompactionPublicationFaults (0.09s)
    --- PASS: TestGraphPrefixCompactionPublicationFaults/drop (0.02s)
    --- PASS: TestGraphPrefixCompactionPublicationFaults/lost-ack (0.01s)
    --- PASS: TestGraphPrefixCompactionPublicationFaults/unknown-readback (0.01s)
    --- PASS: TestGraphPrefixCompactionPublicationFaults/append (0.01s)
    --- PASS: TestGraphPrefixCompactionPublicationFaults/reader (0.01s)
    --- PASS: TestGraphPrefixCompactionPublicationFaults/retire (0.01s)
    --- PASS: TestGraphPrefixCompactionPublicationFaults/collector (0.01s)
    --- PASS: TestGraphPrefixCompactionPublicationFaults/collector-at-cas (0.01s)
    --- PASS: TestGraphPrefixCompactionPublicationFaults/revoked (0.01s)
    --- PASS: TestGraphPrefixCompactionPublicationFaults/changed-readers (0.01s)
PASS
ok  	js-wf/internal/graphpublication	8.358s
