=== RUN   TestNativeGraphContinuationTimerHistory
=== RUN   TestNativeGraphContinuationTimerHistory/R3Domain/archive=false
    graph_continuation_sdk_test.go:201: SDK_DIAGNOSTIC_STORE test=TestNativeGraphContinuationTimerHistory/R3Domain/archive=false root=/home/exedev/js-wf-timer-lease-diagnostic-20261011/native-1142267208
    graph_continuation_sdk_test.go:555: SDK_PHASE name=execute_begin_next elapsed=2.050921411s remaining=27.949078178s sdk_requests=167
    graph_sdk_lease_trace_test.go:22: SDK_LEASE_CREATE key=test.sdkcontinue revision=1 value={"worker":"sdkcontinue","epoch":0} elapsed=5.599177ms error=%!q(<nil>)
    graph_sdk_lease_trace_test.go:32: SDK_LEASE_UPDATE key=test.sdkcontinue expected=1 revision=2 value={"worker":"sdkcontinue","epoch":1} elapsed=1.624097ms error=%!q(<nil>)
    graph_sdk_lease_trace_test.go:32: SDK_LEASE_UPDATE key=test.sdkcontinue expected=2 revision=3 value={"worker":"sdkcontinue","epoch":1} elapsed=1.193964ms error=%!q(<nil>)
    graph_sdk_lease_trace_test.go:32: SDK_LEASE_UPDATE key=test.sdkcontinue expected=3 revision=4 value={"worker":"sdkcontinue","epoch":1} elapsed=2.436862ms error=%!q(<nil>)
    graph_sdk_lease_trace_test.go:32: SDK_LEASE_UPDATE key=test.sdkcontinue expected=4 revision=5 value={"worker":"sdkcontinue","epoch":1} elapsed=1.545588ms error=%!q(<nil>)
    graph_sdk_lease_trace_test.go:32: SDK_LEASE_UPDATE key=test.sdkcontinue expected=5 revision=6 value={"worker":"sdkcontinue","epoch":1} elapsed=1.305683ms error=%!q(<nil>)
    graph_sdk_lease_trace_test.go:32: SDK_LEASE_UPDATE key=test.sdkcontinue expected=6 revision=7 value={"worker":"sdkcontinue","epoch":1} elapsed=1.175586ms error=%!q(<nil>)
    graph_sdk_lease_trace_test.go:32: SDK_LEASE_UPDATE key=test.sdkcontinue expected=7 revision=8 value={"worker":"sdkcontinue","epoch":1} elapsed=1.228577ms error=%!q(<nil>)
    graph_sdk_lease_trace_test.go:32: SDK_LEASE_UPDATE key=test.sdkcontinue expected=8 revision=9 value={"worker":"sdkcontinue","epoch":1} elapsed=1.341277ms error=%!q(<nil>)
    graph_sdk_lease_trace_test.go:32: SDK_LEASE_UPDATE key=test.sdkcontinue expected=9 revision=10 value={"worker":"sdkcontinue","epoch":1} elapsed=1.255247ms error=%!q(<nil>)
    graph_sdk_lease_trace_test.go:32: SDK_LEASE_UPDATE key=test.sdkcontinue expected=10 revision=11 value={"worker":"sdkcontinue","epoch":1} elapsed=1.421941ms error=%!q(<nil>)
    graph_sdk_lease_trace_test.go:32: SDK_LEASE_UPDATE key=test.sdkcontinue expected=11 revision=12 value={"worker":"sdkcontinue","epoch":1} elapsed=1.397413ms error=%!q(<nil>)
    graph_sdk_lease_trace_test.go:32: SDK_LEASE_UPDATE key=test.sdkcontinue expected=12 revision=13 value={"worker":"sdkcontinue","epoch":1} elapsed=866.847µs error=%!q(<nil>)
    graph_sdk_lease_trace_test.go:32: SDK_LEASE_UPDATE key=test.sdkcontinue expected=13 revision=14 value={"worker":"sdkcontinue","epoch":1} elapsed=1.014692ms error=%!q(<nil>)
    graph_sdk_lease_trace_test.go:32: SDK_LEASE_UPDATE key=test.sdkcontinue expected=14 revision=15 value={"worker":"sdkcontinue","epoch":1} elapsed=1.232763ms error=%!q(<nil>)
    graph_sdk_lease_trace_test.go:32: SDK_LEASE_UPDATE key=test.sdkcontinue expected=15 revision=16 value={"worker":"sdkcontinue","epoch":1} elapsed=1.173944ms error=%!q(<nil>)
    graph_sdk_lease_trace_test.go:32: SDK_LEASE_UPDATE key=test.sdkcontinue expected=16 revision=17 value={"worker":"sdkcontinue","epoch":1} elapsed=1.005708ms error=%!q(<nil>)
    graph_sdk_lease_trace_test.go:32: SDK_LEASE_UPDATE key=test.sdkcontinue expected=17 revision=18 value={"worker":"sdkcontinue","epoch":1} elapsed=1.005678ms error=%!q(<nil>)
    graph_sdk_lease_trace_test.go:32: SDK_LEASE_UPDATE key=test.sdkcontinue expected=18 revision=19 value={"worker":"sdkcontinue","epoch":1} elapsed=1.467259ms error=%!q(<nil>)
    graph_sdk_lease_trace_test.go:32: SDK_LEASE_UPDATE key=test.sdkcontinue expected=19 revision=20 value={"worker":"sdkcontinue","epoch":1} elapsed=978.697µs error=%!q(<nil>)
    graph_sdk_lease_trace_test.go:32: SDK_LEASE_UPDATE key=test.sdkcontinue expected=20 revision=21 value={"worker":"sdkcontinue","epoch":1} elapsed=913.117µs error=%!q(<nil>)
    graph_sdk_lease_trace_test.go:32: SDK_LEASE_UPDATE key=test.sdkcontinue expected=21 revision=22 value={"worker":"sdkcontinue","epoch":1} elapsed=896.392µs error=%!q(<nil>)
    graph_sdk_lease_trace_test.go:32: SDK_LEASE_UPDATE key=test.sdkcontinue expected=22 revision=23 value={"worker":"sdkcontinue","epoch":1} elapsed=1.532859ms error=%!q(<nil>)
    graph_continuation_sdk_test.go:557: SDK_PHASE name=execute_end_next elapsed=7.963597372s remaining=22.036402277s sdk_requests=2202
    graph_continuation_sdk_test.go:587: SDK_TIMER_HISTORY stage=next cancelled=[4] archive=false
    graph_continuation_sdk_test.go:748: SDK_PHASE name=boundary_scan_end_next elapsed=8.255906092s remaining=21.744093588s sdk_requests=2331
    graph_continuation_sdk_test.go:555: SDK_PHASE name=execute_begin_finish elapsed=8.255971221s remaining=21.744028609s sdk_requests=2331
    graph_sdk_lease_trace_test.go:22: SDK_LEASE_CREATE key=test.sdkcontinue revision=25 value={"worker":"sdkcontinue","epoch":0} elapsed=1.950944ms error=%!q(<nil>)
    graph_sdk_lease_trace_test.go:32: SDK_LEASE_UPDATE key=test.sdkcontinue expected=25 revision=26 value={"worker":"sdkcontinue","epoch":25} elapsed=536.284µs error=%!q(<nil>)
    graph_sdk_lease_trace_test.go:32: SDK_LEASE_UPDATE key=test.sdkcontinue expected=26 revision=27 value={"worker":"sdkcontinue","epoch":25} elapsed=1.163057ms error=%!q(<nil>)
    graph_sdk_lease_trace_test.go:32: SDK_LEASE_UPDATE key=test.sdkcontinue expected=27 revision=28 value={"worker":"sdkcontinue","epoch":25} elapsed=867.578µs error=%!q(<nil>)
    graph_sdk_lease_trace_test.go:32: SDK_LEASE_UPDATE key=test.sdkcontinue expected=28 revision=29 value={"worker":"sdkcontinue","epoch":25} elapsed=935.1µs error=%!q(<nil>)
    graph_sdk_lease_trace_test.go:32: SDK_LEASE_UPDATE key=test.sdkcontinue expected=29 revision=30 value={"worker":"sdkcontinue","epoch":25} elapsed=1.011016ms error=%!q(<nil>)
    graph_sdk_lease_trace_test.go:32: SDK_LEASE_UPDATE key=test.sdkcontinue expected=30 revision=31 value={"worker":"sdkcontinue","epoch":25} elapsed=1.03356ms error=%!q(<nil>)
    graph_sdk_lease_trace_test.go:32: SDK_LEASE_UPDATE key=test.sdkcontinue expected=31 revision=32 value={"worker":"sdkcontinue","epoch":25} elapsed=1.155646ms error=%!q(<nil>)
    graph_sdk_lease_trace_test.go:32: SDK_LEASE_UPDATE key=test.sdkcontinue expected=32 revision=33 value={"worker":"sdkcontinue","epoch":25} elapsed=742.048µs error=%!q(<nil>)
    graph_sdk_lease_trace_test.go:32: SDK_LEASE_UPDATE key=test.sdkcontinue expected=33 revision=34 value={"worker":"sdkcontinue","epoch":25} elapsed=6.933975ms error=%!q(<nil>)
    graph_sdk_lease_trace_test.go:32: SDK_LEASE_UPDATE key=test.sdkcontinue expected=34 revision=35 value={"worker":"sdkcontinue","epoch":25} elapsed=1.98124ms error=%!q(<nil>)
    graph_sdk_lease_trace_test.go:32: SDK_LEASE_UPDATE key=test.sdkcontinue expected=35 revision=36 value={"worker":"sdkcontinue","epoch":25} elapsed=1.748466ms error=%!q(<nil>)
    graph_sdk_lease_trace_test.go:32: SDK_LEASE_UPDATE key=test.sdkcontinue expected=36 revision=37 value={"worker":"sdkcontinue","epoch":25} elapsed=974µs error=%!q(<nil>)
    graph_sdk_lease_trace_test.go:32: SDK_LEASE_UPDATE key=test.sdkcontinue expected=37 revision=38 value={"worker":"sdkcontinue","epoch":25} elapsed=1.124839ms error=%!q(<nil>)
    graph_sdk_lease_trace_test.go:32: SDK_LEASE_UPDATE key=test.sdkcontinue expected=38 revision=39 value={"worker":"sdkcontinue","epoch":25} elapsed=1.399537ms error=%!q(<nil>)
    graph_sdk_lease_trace_test.go:32: SDK_LEASE_UPDATE key=test.sdkcontinue expected=39 revision=40 value={"worker":"sdkcontinue","epoch":25} elapsed=1.235808ms error=%!q(<nil>)
    graph_sdk_lease_trace_test.go:32: SDK_LEASE_UPDATE key=test.sdkcontinue expected=40 revision=41 value={"worker":"sdkcontinue","epoch":25} elapsed=1.511397ms error=%!q(<nil>)
    graph_sdk_lease_trace_test.go:32: SDK_LEASE_UPDATE key=test.sdkcontinue expected=41 revision=42 value={"worker":"sdkcontinue","epoch":25} elapsed=962.403µs error=%!q(<nil>)
    graph_sdk_lease_trace_test.go:32: SDK_LEASE_UPDATE key=test.sdkcontinue expected=42 revision=43 value={"worker":"sdkcontinue","epoch":25} elapsed=1.062795ms error=%!q(<nil>)
    graph_sdk_lease_trace_test.go:32: SDK_LEASE_UPDATE key=test.sdkcontinue expected=43 revision=44 value={"worker":"sdkcontinue","epoch":25} elapsed=1.953849ms error=%!q(<nil>)
    graph_sdk_lease_trace_test.go:32: SDK_LEASE_UPDATE key=test.sdkcontinue expected=44 revision=45 value={"worker":"sdkcontinue","epoch":25} elapsed=1.24424ms error=%!q(<nil>)
    graph_sdk_lease_trace_test.go:32: SDK_LEASE_UPDATE key=test.sdkcontinue expected=45 revision=46 value={"worker":"sdkcontinue","epoch":25} elapsed=976.974µs error=%!q(<nil>)
    graph_sdk_lease_trace_test.go:32: SDK_LEASE_UPDATE key=test.sdkcontinue expected=46 revision=47 value={"worker":"sdkcontinue","epoch":25} elapsed=996.104µs error=%!q(<nil>)
    graph_sdk_lease_trace_test.go:32: SDK_LEASE_UPDATE key=test.sdkcontinue expected=47 revision=48 value={"worker":"sdkcontinue","epoch":25} elapsed=1.13826ms error=%!q(<nil>)
    graph_sdk_lease_trace_test.go:32: SDK_LEASE_UPDATE key=test.sdkcontinue expected=48 revision=49 value={"worker":"sdkcontinue","epoch":25} elapsed=1.184339ms error=%!q(<nil>)
    graph_sdk_lease_trace_test.go:32: SDK_LEASE_UPDATE key=test.sdkcontinue expected=49 revision=50 value={"worker":"sdkcontinue","epoch":25} elapsed=1.02646ms error=%!q(<nil>)
    graph_sdk_lease_trace_test.go:32: SDK_LEASE_UPDATE key=test.sdkcontinue expected=50 revision=51 value={"worker":"sdkcontinue","epoch":25} elapsed=758.342µs error=%!q(<nil>)
    graph_sdk_lease_trace_test.go:32: SDK_LEASE_UPDATE key=test.sdkcontinue expected=51 revision=52 value={"worker":"sdkcontinue","epoch":25} elapsed=844.543µs error=%!q(<nil>)
    graph_continuation_sdk_test.go:557: SDK_PHASE name=execute_end_finish elapsed=15.535645557s remaining=14.464353872s sdk_requests=5147
    graph_continuation_sdk_test.go:587: SDK_TIMER_HISTORY stage=finish cancelled=[4,14] archive=false
    graph_continuation_sdk_test.go:748: SDK_PHASE name=boundary_scan_end_finish elapsed=15.812261566s remaining=14.187738014s sdk_requests=5245
    graph_sdk_lease_trace_test.go:22: SDK_LEASE_CREATE key=test.sdkcontinue revision=54 value={"worker":"sdkcontinue","epoch":0} elapsed=4.881416ms error=%!q(<nil>)
    graph_sdk_lease_trace_test.go:32: SDK_LEASE_UPDATE key=test.sdkcontinue expected=54 revision=55 value={"worker":"sdkcontinue","epoch":54} elapsed=845.154µs error=%!q(<nil>)
    graph_sdk_lease_trace_test.go:32: SDK_LEASE_UPDATE key=test.sdkcontinue expected=55 revision=56 value={"worker":"sdkcontinue","epoch":54} elapsed=5.06171ms error=%!q(<nil>)
    graph_sdk_lease_trace_test.go:32: SDK_LEASE_UPDATE key=test.sdkcontinue expected=56 revision=57 value={"worker":"sdkcontinue","epoch":54} elapsed=812.114µs error=%!q(<nil>)
    graph_sdk_lease_trace_test.go:32: SDK_LEASE_UPDATE key=test.sdkcontinue expected=57 revision=58 value={"worker":"sdkcontinue","epoch":54} elapsed=1.367287ms error=%!q(<nil>)
    graph_sdk_lease_trace_test.go:32: SDK_LEASE_UPDATE key=test.sdkcontinue expected=58 revision=59 value={"worker":"sdkcontinue","epoch":54} elapsed=1.309159ms error=%!q(<nil>)
    graph_sdk_lease_trace_test.go:22: SDK_LEASE_CREATE key=test.sdkcontinue revision=61 value={"worker":"sdkcontinue","epoch":0} elapsed=1.205903ms error=%!q(<nil>)
    graph_sdk_lease_trace_test.go:32: SDK_LEASE_UPDATE key=test.sdkcontinue expected=61 revision=62 value={"worker":"sdkcontinue","epoch":61} elapsed=625.009µs error=%!q(<nil>)
    graph_continuation_sdk_test.go:1071: RAW_SDK_CHECKPOINT_AUDIT journals=1 entries=40 terminals=1 pending=0 retired_projection_only=0
    graph_continuation_sdk_test.go:1073: SDK initial/next/finish=map[finish:1 initial:1 next:1] effects=2 records=40 result=43
    graph_continuation_sdk_test.go:1077: SDK_PHASE name=finished elapsed=21.384721008s remaining=8.615278672s sdk_requests=8585
--- PASS: TestNativeGraphContinuationTimerHistory (21.68s)
    --- PASS: TestNativeGraphContinuationTimerHistory/R3Domain/archive=false (21.68s)
PASS
ok  	js-wf/worker	22.738s
