--- FAIL: TestReplayJournalHeadersBeforeHandler (0.01s)
    --- FAIL: TestReplayJournalHeadersBeforeHandler/unknown_header (0.00s)
        replay_journal_header_test.go:44: ambiguous journal reached handler: calls=1 err=<nil>
    --- FAIL: TestReplayJournalHeadersBeforeHandler/duplicate_epoch (0.00s)
        replay_journal_header_test.go:59: ambiguous journal reached handler: calls=1 err=<nil>
    --- FAIL: TestReplayJournalHeadersBeforeHandler/alias_epoch (0.00s)
        replay_journal_header_test.go:59: ambiguous journal reached handler: calls=1 err=<nil>
    --- FAIL: TestReplayJournalHeadersBeforeHandler/duplicate_index (0.00s)
        replay_journal_header_test.go:59: ambiguous journal reached handler: calls=1 err=<nil>
    --- FAIL: TestReplayJournalHeadersBeforeHandler/alias_index (0.00s)
        replay_journal_header_test.go:59: ambiguous journal reached handler: calls=1 err=<nil>
    --- FAIL: TestReplayJournalHeadersBeforeHandler/duplicate_kind (0.00s)
        replay_journal_header_test.go:59: ambiguous journal reached handler: calls=1 err=<nil>
    --- FAIL: TestReplayJournalHeadersBeforeHandler/alias_kind (0.00s)
        replay_journal_header_test.go:59: ambiguous journal reached handler: calls=1 err=<nil>
    --- FAIL: TestReplayJournalHeadersBeforeHandler/duplicate_payload_header (0.00s)
        replay_journal_header_test.go:59: ambiguous journal reached handler: calls=1 err=<nil>
    --- FAIL: TestReplayJournalHeadersBeforeHandler/alias_payload_header (0.00s)
        replay_journal_header_test.go:59: ambiguous journal reached handler: calls=1 err=<nil>
    --- FAIL: TestReplayJournalHeadersBeforeHandler/duplicate_worker (0.00s)
        replay_journal_header_test.go:59: ambiguous journal reached handler: calls=1 err=<nil>
    --- FAIL: TestReplayJournalHeadersBeforeHandler/alias_worker (0.00s)
        replay_journal_header_test.go:59: ambiguous journal reached handler: calls=1 err=<nil>
    --- FAIL: TestReplayJournalHeadersBeforeHandler/duplicate_sequence (0.00s)
        replay_journal_header_test.go:59: ambiguous journal reached handler: calls=1 err=<nil>
    --- FAIL: TestReplayJournalHeadersBeforeHandler/alias_sequence (0.00s)
        replay_journal_header_test.go:59: ambiguous journal reached handler: calls=1 err=<nil>
    --- FAIL: TestReplayJournalHeadersBeforeHandler/escaped_sequence (0.00s)
        replay_journal_header_test.go:59: ambiguous journal reached handler: calls=1 err=<nil>
FAIL
FAIL	js-wf/wf	0.033s
FAIL
