=== RUN   TestMatrixPendingClockTimerAdmissionRejectsStaleAndUnprovenWaits
=== RUN   TestMatrixPendingClockTimerAdmissionRejectsStaleAndUnprovenWaits/-1m0s/valid
=== RUN   TestMatrixPendingClockTimerAdmissionRejectsStaleAndUnprovenWaits/-1m0s/short_for_docker
=== RUN   TestMatrixPendingClockTimerAdmissionRejectsStaleAndUnprovenWaits/-1m0s/long_for_docker
=== RUN   TestMatrixPendingClockTimerAdmissionRejectsStaleAndUnprovenWaits/-1m0s/late
=== RUN   TestMatrixPendingClockTimerAdmissionRejectsStaleAndUnprovenWaits/-1m0s/completed
=== RUN   TestMatrixPendingClockTimerAdmissionRejectsStaleAndUnprovenWaits/-1m0s/wrong_wait
=== RUN   TestMatrixPendingClockTimerAdmissionRejectsStaleAndUnprovenWaits/-1m0s/wrong_owner
=== RUN   TestMatrixPendingClockTimerAdmissionRejectsStaleAndUnprovenWaits/-1m0s/unknown_clock
=== RUN   TestMatrixPendingClockTimerAdmissionRejectsStaleAndUnprovenWaits/-1m0s/unshifted_clock
=== RUN   TestMatrixPendingClockTimerAdmissionRejectsStaleAndUnprovenWaits/-1m0s/ambiguous
=== RUN   TestMatrixPendingClockTimerAdmissionRejectsStaleAndUnprovenWaits/-1m0s/receipt_not_observed
=== RUN   TestMatrixPendingClockTimerAdmissionRejectsStaleAndUnprovenWaits/1m0s/valid
=== RUN   TestMatrixPendingClockTimerAdmissionRejectsStaleAndUnprovenWaits/1m0s/short_for_docker
=== RUN   TestMatrixPendingClockTimerAdmissionRejectsStaleAndUnprovenWaits/1m0s/long_for_docker
=== RUN   TestMatrixPendingClockTimerAdmissionRejectsStaleAndUnprovenWaits/1m0s/late
=== RUN   TestMatrixPendingClockTimerAdmissionRejectsStaleAndUnprovenWaits/1m0s/completed
=== RUN   TestMatrixPendingClockTimerAdmissionRejectsStaleAndUnprovenWaits/1m0s/wrong_wait
=== RUN   TestMatrixPendingClockTimerAdmissionRejectsStaleAndUnprovenWaits/1m0s/wrong_owner
=== RUN   TestMatrixPendingClockTimerAdmissionRejectsStaleAndUnprovenWaits/1m0s/unknown_clock
=== RUN   TestMatrixPendingClockTimerAdmissionRejectsStaleAndUnprovenWaits/1m0s/unshifted_clock
=== RUN   TestMatrixPendingClockTimerAdmissionRejectsStaleAndUnprovenWaits/1m0s/ambiguous
=== RUN   TestMatrixPendingClockTimerAdmissionRejectsStaleAndUnprovenWaits/1m0s/receipt_not_observed
--- PASS: TestMatrixPendingClockTimerAdmissionRejectsStaleAndUnprovenWaits (0.00s)
    --- PASS: TestMatrixPendingClockTimerAdmissionRejectsStaleAndUnprovenWaits/-1m0s/valid (0.00s)
    --- PASS: TestMatrixPendingClockTimerAdmissionRejectsStaleAndUnprovenWaits/-1m0s/short_for_docker (0.00s)
    --- PASS: TestMatrixPendingClockTimerAdmissionRejectsStaleAndUnprovenWaits/-1m0s/long_for_docker (0.00s)
    --- PASS: TestMatrixPendingClockTimerAdmissionRejectsStaleAndUnprovenWaits/-1m0s/late (0.00s)
    --- PASS: TestMatrixPendingClockTimerAdmissionRejectsStaleAndUnprovenWaits/-1m0s/completed (0.00s)
    --- PASS: TestMatrixPendingClockTimerAdmissionRejectsStaleAndUnprovenWaits/-1m0s/wrong_wait (0.00s)
    --- PASS: TestMatrixPendingClockTimerAdmissionRejectsStaleAndUnprovenWaits/-1m0s/wrong_owner (0.00s)
    --- PASS: TestMatrixPendingClockTimerAdmissionRejectsStaleAndUnprovenWaits/-1m0s/unknown_clock (0.00s)
    --- PASS: TestMatrixPendingClockTimerAdmissionRejectsStaleAndUnprovenWaits/-1m0s/unshifted_clock (0.00s)
    --- PASS: TestMatrixPendingClockTimerAdmissionRejectsStaleAndUnprovenWaits/-1m0s/ambiguous (0.00s)
    --- PASS: TestMatrixPendingClockTimerAdmissionRejectsStaleAndUnprovenWaits/-1m0s/receipt_not_observed (0.00s)
    --- PASS: TestMatrixPendingClockTimerAdmissionRejectsStaleAndUnprovenWaits/1m0s/valid (0.00s)
    --- PASS: TestMatrixPendingClockTimerAdmissionRejectsStaleAndUnprovenWaits/1m0s/short_for_docker (0.00s)
    --- PASS: TestMatrixPendingClockTimerAdmissionRejectsStaleAndUnprovenWaits/1m0s/long_for_docker (0.00s)
    --- PASS: TestMatrixPendingClockTimerAdmissionRejectsStaleAndUnprovenWaits/1m0s/late (0.00s)
    --- PASS: TestMatrixPendingClockTimerAdmissionRejectsStaleAndUnprovenWaits/1m0s/completed (0.00s)
    --- PASS: TestMatrixPendingClockTimerAdmissionRejectsStaleAndUnprovenWaits/1m0s/wrong_wait (0.00s)
    --- PASS: TestMatrixPendingClockTimerAdmissionRejectsStaleAndUnprovenWaits/1m0s/wrong_owner (0.00s)
    --- PASS: TestMatrixPendingClockTimerAdmissionRejectsStaleAndUnprovenWaits/1m0s/unknown_clock (0.00s)
    --- PASS: TestMatrixPendingClockTimerAdmissionRejectsStaleAndUnprovenWaits/1m0s/unshifted_clock (0.00s)
    --- PASS: TestMatrixPendingClockTimerAdmissionRejectsStaleAndUnprovenWaits/1m0s/ambiguous (0.00s)
    --- PASS: TestMatrixPendingClockTimerAdmissionRejectsStaleAndUnprovenWaits/1m0s/receipt_not_observed (0.00s)
=== RUN   TestMatrixCanonicalTimerAdmissionRequiresShiftedAcknowledgedHint
=== RUN   TestMatrixCanonicalTimerAdmissionRequiresShiftedAcknowledgedHint/-1m0s/valid
=== RUN   TestMatrixCanonicalTimerAdmissionRequiresShiftedAcknowledgedHint/-1m0s/missing_hint
=== RUN   TestMatrixCanonicalTimerAdmissionRequiresShiftedAcknowledgedHint/-1m0s/wrong_domain
=== RUN   TestMatrixCanonicalTimerAdmissionRequiresShiftedAcknowledgedHint/-1m0s/wrong_bounds
=== RUN   TestMatrixCanonicalTimerAdmissionRequiresShiftedAcknowledgedHint/-1m0s/wrong_deadline
=== RUN   TestMatrixCanonicalTimerAdmissionRequiresShiftedAcknowledgedHint/-1m0s/unshifted_hint
=== RUN   TestMatrixCanonicalTimerAdmissionRequiresShiftedAcknowledgedHint/-1m0s/wrong_translation
=== RUN   TestMatrixCanonicalTimerAdmissionRequiresShiftedAcknowledgedHint/-1m0s/duplicate_ack
=== RUN   TestMatrixCanonicalTimerAdmissionRequiresShiftedAcknowledgedHint/-1m0s/unknown_ack
=== RUN   TestMatrixCanonicalTimerAdmissionRequiresShiftedAcknowledgedHint/-1m0s/ambiguous_hint
=== RUN   TestMatrixCanonicalTimerAdmissionRequiresShiftedAcknowledgedHint/-1m0s/ambiguous_origin
=== RUN   TestMatrixCanonicalTimerAdmissionRequiresShiftedAcknowledgedHint/-1m0s/late_hint
=== RUN   TestMatrixCanonicalTimerAdmissionRequiresShiftedAcknowledgedHint/-1m0s/wrong_owner
=== RUN   TestMatrixCanonicalTimerAdmissionRequiresShiftedAcknowledgedHint/1m0s/valid
=== RUN   TestMatrixCanonicalTimerAdmissionRequiresShiftedAcknowledgedHint/1m0s/missing_hint
=== RUN   TestMatrixCanonicalTimerAdmissionRequiresShiftedAcknowledgedHint/1m0s/wrong_domain
=== RUN   TestMatrixCanonicalTimerAdmissionRequiresShiftedAcknowledgedHint/1m0s/wrong_bounds
=== RUN   TestMatrixCanonicalTimerAdmissionRequiresShiftedAcknowledgedHint/1m0s/wrong_deadline
=== RUN   TestMatrixCanonicalTimerAdmissionRequiresShiftedAcknowledgedHint/1m0s/unshifted_hint
=== RUN   TestMatrixCanonicalTimerAdmissionRequiresShiftedAcknowledgedHint/1m0s/wrong_translation
=== RUN   TestMatrixCanonicalTimerAdmissionRequiresShiftedAcknowledgedHint/1m0s/duplicate_ack
=== RUN   TestMatrixCanonicalTimerAdmissionRequiresShiftedAcknowledgedHint/1m0s/unknown_ack
=== RUN   TestMatrixCanonicalTimerAdmissionRequiresShiftedAcknowledgedHint/1m0s/ambiguous_hint
=== RUN   TestMatrixCanonicalTimerAdmissionRequiresShiftedAcknowledgedHint/1m0s/ambiguous_origin
=== RUN   TestMatrixCanonicalTimerAdmissionRequiresShiftedAcknowledgedHint/1m0s/late_hint
=== RUN   TestMatrixCanonicalTimerAdmissionRequiresShiftedAcknowledgedHint/1m0s/wrong_owner
--- PASS: TestMatrixCanonicalTimerAdmissionRequiresShiftedAcknowledgedHint (0.00s)
    --- PASS: TestMatrixCanonicalTimerAdmissionRequiresShiftedAcknowledgedHint/-1m0s/valid (0.00s)
    --- PASS: TestMatrixCanonicalTimerAdmissionRequiresShiftedAcknowledgedHint/-1m0s/missing_hint (0.00s)
    --- PASS: TestMatrixCanonicalTimerAdmissionRequiresShiftedAcknowledgedHint/-1m0s/wrong_domain (0.00s)
    --- PASS: TestMatrixCanonicalTimerAdmissionRequiresShiftedAcknowledgedHint/-1m0s/wrong_bounds (0.00s)
    --- PASS: TestMatrixCanonicalTimerAdmissionRequiresShiftedAcknowledgedHint/-1m0s/wrong_deadline (0.00s)
    --- PASS: TestMatrixCanonicalTimerAdmissionRequiresShiftedAcknowledgedHint/-1m0s/unshifted_hint (0.00s)
    --- PASS: TestMatrixCanonicalTimerAdmissionRequiresShiftedAcknowledgedHint/-1m0s/wrong_translation (0.00s)
    --- PASS: TestMatrixCanonicalTimerAdmissionRequiresShiftedAcknowledgedHint/-1m0s/duplicate_ack (0.00s)
    --- PASS: TestMatrixCanonicalTimerAdmissionRequiresShiftedAcknowledgedHint/-1m0s/unknown_ack (0.00s)
    --- PASS: TestMatrixCanonicalTimerAdmissionRequiresShiftedAcknowledgedHint/-1m0s/ambiguous_hint (0.00s)
    --- PASS: TestMatrixCanonicalTimerAdmissionRequiresShiftedAcknowledgedHint/-1m0s/ambiguous_origin (0.00s)
    --- PASS: TestMatrixCanonicalTimerAdmissionRequiresShiftedAcknowledgedHint/-1m0s/late_hint (0.00s)
    --- PASS: TestMatrixCanonicalTimerAdmissionRequiresShiftedAcknowledgedHint/-1m0s/wrong_owner (0.00s)
    --- PASS: TestMatrixCanonicalTimerAdmissionRequiresShiftedAcknowledgedHint/1m0s/valid (0.00s)
    --- PASS: TestMatrixCanonicalTimerAdmissionRequiresShiftedAcknowledgedHint/1m0s/missing_hint (0.00s)
    --- PASS: TestMatrixCanonicalTimerAdmissionRequiresShiftedAcknowledgedHint/1m0s/wrong_domain (0.00s)
    --- PASS: TestMatrixCanonicalTimerAdmissionRequiresShiftedAcknowledgedHint/1m0s/wrong_bounds (0.00s)
    --- PASS: TestMatrixCanonicalTimerAdmissionRequiresShiftedAcknowledgedHint/1m0s/wrong_deadline (0.00s)
    --- PASS: TestMatrixCanonicalTimerAdmissionRequiresShiftedAcknowledgedHint/1m0s/unshifted_hint (0.00s)
    --- PASS: TestMatrixCanonicalTimerAdmissionRequiresShiftedAcknowledgedHint/1m0s/wrong_translation (0.00s)
    --- PASS: TestMatrixCanonicalTimerAdmissionRequiresShiftedAcknowledgedHint/1m0s/duplicate_ack (0.00s)
    --- PASS: TestMatrixCanonicalTimerAdmissionRequiresShiftedAcknowledgedHint/1m0s/unknown_ack (0.00s)
    --- PASS: TestMatrixCanonicalTimerAdmissionRequiresShiftedAcknowledgedHint/1m0s/ambiguous_hint (0.00s)
    --- PASS: TestMatrixCanonicalTimerAdmissionRequiresShiftedAcknowledgedHint/1m0s/ambiguous_origin (0.00s)
    --- PASS: TestMatrixCanonicalTimerAdmissionRequiresShiftedAcknowledgedHint/1m0s/late_hint (0.00s)
    --- PASS: TestMatrixCanonicalTimerAdmissionRequiresShiftedAcknowledgedHint/1m0s/wrong_owner (0.00s)
=== RUN   TestMatrixControllerAppendBoundsIncludeUnknownButRejectMissingEvidence
=== RUN   TestMatrixControllerAppendBoundsIncludeUnknownButRejectMissingEvidence/missing
=== RUN   TestMatrixControllerAppendBoundsIncludeUnknownButRejectMissingEvidence/wrong_worker
=== RUN   TestMatrixControllerAppendBoundsIncludeUnknownButRejectMissingEvidence/wrong_index
=== RUN   TestMatrixControllerAppendBoundsIncludeUnknownButRejectMissingEvidence/wrong_kind
=== RUN   TestMatrixControllerAppendBoundsIncludeUnknownButRejectMissingEvidence/wrong_invocation
=== RUN   TestMatrixControllerAppendBoundsIncludeUnknownButRejectMissingEvidence/failed
=== RUN   TestMatrixControllerAppendBoundsIncludeUnknownButRejectMissingEvidence/negative_duration
=== RUN   TestMatrixControllerAppendBoundsIncludeUnknownButRejectMissingEvidence/zero_time
--- PASS: TestMatrixControllerAppendBoundsIncludeUnknownButRejectMissingEvidence (0.00s)
    --- PASS: TestMatrixControllerAppendBoundsIncludeUnknownButRejectMissingEvidence/missing (0.00s)
    --- PASS: TestMatrixControllerAppendBoundsIncludeUnknownButRejectMissingEvidence/wrong_worker (0.00s)
    --- PASS: TestMatrixControllerAppendBoundsIncludeUnknownButRejectMissingEvidence/wrong_index (0.00s)
    --- PASS: TestMatrixControllerAppendBoundsIncludeUnknownButRejectMissingEvidence/wrong_kind (0.00s)
    --- PASS: TestMatrixControllerAppendBoundsIncludeUnknownButRejectMissingEvidence/wrong_invocation (0.00s)
    --- PASS: TestMatrixControllerAppendBoundsIncludeUnknownButRejectMissingEvidence/failed (0.00s)
    --- PASS: TestMatrixControllerAppendBoundsIncludeUnknownButRejectMissingEvidence/negative_duration (0.00s)
    --- PASS: TestMatrixControllerAppendBoundsIncludeUnknownButRejectMissingEvidence/zero_time (0.00s)
=== RUN   TestMatrixControllerProgressUsesCausalSequenceAndConservativeWindow
--- PASS: TestMatrixControllerProgressUsesCausalSequenceAndConservativeWindow (0.00s)
=== RUN   TestMatrixControllerJournalReceiptBoundsActualRetainedAppend
--- PASS: TestMatrixControllerJournalReceiptBoundsActualRetainedAppend (3.69s)
=== RUN   TestMatrixControllerReceiptRejectsChangedEntryAndDuplicate
=== RUN   TestMatrixControllerReceiptRejectsChangedEntryAndDuplicate/changed_epoch
=== RUN   TestMatrixControllerReceiptRejectsChangedEntryAndDuplicate/changed_payload
=== RUN   TestMatrixControllerReceiptRejectsChangedEntryAndDuplicate/duplicate
=== RUN   TestMatrixControllerReceiptRejectsChangedEntryAndDuplicate/missing_time
--- PASS: TestMatrixControllerReceiptRejectsChangedEntryAndDuplicate (0.00s)
    --- PASS: TestMatrixControllerReceiptRejectsChangedEntryAndDuplicate/changed_epoch (0.00s)
    --- PASS: TestMatrixControllerReceiptRejectsChangedEntryAndDuplicate/changed_payload (0.00s)
    --- PASS: TestMatrixControllerReceiptRejectsChangedEntryAndDuplicate/duplicate (0.00s)
    --- PASS: TestMatrixControllerReceiptRejectsChangedEntryAndDuplicate/missing_time (0.00s)
=== RUN   TestMatrixControllerLatencyAuditActualTimerWorkflow
--- PASS: TestMatrixControllerLatencyAuditActualTimerWorkflow (7.50s)
=== RUN   TestMatrixControllerLatencyAuditCanonicalTimerWorkflow
--- PASS: TestMatrixControllerLatencyAuditCanonicalTimerWorkflow (7.53s)
PASS
ok  	js-wf/integration	19.765s
