CLOSED js-wf-tier3-changing-ports-control-20261001
CAPTURED js-wf-tier3-changing-ports-control-20261001 20582252
CLOSED js-wf-tier3-consumer-wrong-target
CAPTURED js-wf-tier3-consumer-wrong-target 20416934
CLOSED js-wf-tier3-majority-probe-budget-smoke
CAPTURED js-wf-tier3-majority-probe-budget-smoke 20236368
CLOSED js-wf-continuation-retirement-process-corrected-20261004
CAPTURED js-wf-continuation-retirement-process-corrected-20261004 28887326
CLOSED js-wf-tier2-retained-workerclock-ten-minute-copied-audit-20261005
CAPTURED js-wf-tier2-retained-workerclock-ten-minute-copied-audit-20261005 31825029
CLOSED js-wf-tier2-pause-copied-audit-20261006
CAPTURED js-wf-tier2-pause-copied-audit-20261006 31815519
CLOSED js-wf-tier2-isolation-copied-audit-20261006
CAPTURED js-wf-tier2-isolation-copied-audit-20261006 31814238
CLOSED js-wf-tier2-fanout-copied-audit-20261006
CAPTURED js-wf-tier2-fanout-copied-audit-20261006 31819439
CLOSED js-wf-tier2-upgrade-copied-audit-20261006
CAPTURED js-wf-tier2-upgrade-copied-audit-20261006 31824021
CLOSED js-wf-hosted-partition-seed3-copied-audit-bound-source-20261005
CAPTURED js-wf-hosted-partition-seed3-copied-audit-bound-source-20261005 31820350
CLOSED js-wf-tier2-retained-blockdisk-ten-minute-copied-audit-20261005-portable
CAPTURED js-wf-tier2-retained-blockdisk-ten-minute-copied-audit-20261005-portable 31697283
CLOSED js-wf-tier2-retained-worker-ten-minute-copied-audit-20261005-portable
CAPTURED js-wf-tier2-retained-worker-ten-minute-copied-audit-20261005-portable 31771118
CLOSED js-wf-tier3-majority-smoke
CAPTURED js-wf-tier3-majority-smoke 20125843
CLOSED js-wf-tier2-retained-partition-ten-minute-copied-audit-20261005
CAPTURED js-wf-tier2-retained-partition-ten-minute-copied-audit-20261005 31711144
CLOSED js-wf-tier2-retained-workerclock-smoke-copied-audit-20261005
CAPTURED js-wf-tier2-retained-workerclock-smoke-copied-audit-20261005 31697672
CLOSED js-wf-tier2-retained-worker-smoke-copied-audit-20261005-portable
CAPTURED js-wf-tier2-retained-worker-smoke-copied-audit-20261005-portable 31681616
CLOSED js-wf-tier3-mixed-journal-smoke-20261001
CAPTURED js-wf-tier3-mixed-journal-smoke-20261001 20029920
CLOSED js-wf-phase3-rebalance-full-20261004
CAPTURED js-wf-phase3-rebalance-full-20261004 16777187
CLOSED js-wf-tier2-retained-journal-smoke-copied-audit-20261005-v2
CAPTURED js-wf-tier2-retained-journal-smoke-copied-audit-20261005-v2 31599731
CLOSED js-wf-tier2-retained-blockdisk-smoke-copied-audit-20261005
CAPTURED js-wf-tier2-retained-blockdisk-smoke-copied-audit-20261005 31573029
CLOSED js-wf-tier3-route-advertised-smoke
CAPTURED js-wf-tier3-route-advertised-smoke 19976502
CLOSED js-wf-phase3-rebalance-corrected-20261004
CAPTURED js-wf-phase3-rebalance-corrected-20261004 16570270
CLOSED TestMixedMatrixJournalLeaderEveryThirtySeconds1653670593
CAPTURED TestMixedMatrixJournalLeaderEveryThirtySeconds1653670593 21243124
CLOSED js-wf-phase3-rebalance-majority-20261004
CAPTURED js-wf-phase3-rebalance-majority-20261004 16523325
CLOSED js-wf-tier3-drain-diagnostics-smoke
CAPTURED js-wf-tier3-drain-diagnostics-smoke 19533595
CLOSED js-wf-audit-streaming-journal-faults-native-20261004
CAPTURED js-wf-audit-streaming-journal-faults-native-20261004 15363171
CLOSED js-wf-nats-scheduler-server-candidate-v2-20261004
CAPTURED js-wf-nats-scheduler-server-candidate-v2-20261004 24347032
CLOSED js-wf-tier3-route-smoke
CAPTURED js-wf-tier3-route-smoke 19530315
CLOSED js-wf-tier3-route-ping-smoke
CAPTURED js-wf-tier3-route-ping-smoke 19267101
CLOSED js-wf-terminal-leader-corrected-20261005
CAPTURED js-wf-terminal-leader-corrected-20261005 29556570
CLOSED js-wf-scale-live-smoke-20260930
CAPTURED js-wf-scale-live-smoke-20260930 791221
CLOSED js-wf-ignored-effect-lease-loss-20261005
CAPTURED js-wf-ignored-effect-lease-loss-20261005 16291104
CLOSED js-wf-tier3-restart-smoke
CAPTURED js-wf-tier3-restart-smoke 18820785
CLOSED js-wf-domain-committed-manifest-expiry-corrected-20261006
CAPTURED js-wf-domain-committed-manifest-expiry-corrected-20261006 33051842
CLOSED js-wf-domain-committed-manifest-expiry-20261006
CAPTURED js-wf-domain-committed-manifest-expiry-20261006 33049134
CLOSED js-wf-domain-legacy-weak-expiry-corrected-20261006
CAPTURED js-wf-domain-legacy-weak-expiry-corrected-20261006 33045902
CLOSED js-wf-domain-legacy-weak-expiry-20261006
CAPTURED js-wf-domain-legacy-weak-expiry-20261006 33045243
CLOSED js-wf-domain-retirement-weak-frame-expiry-20261006
CAPTURED js-wf-domain-retirement-weak-frame-expiry-20261006 33033206
CLOSED js-wf-domain-retirement-weak-frame-20261006
CAPTURED js-wf-domain-retirement-weak-frame-20261006 33036193
CLOSED js-wf-continuation-domain-all-server-sigkill-race-20261006
CAPTURED js-wf-continuation-domain-all-server-sigkill-race-20261006 32995444
CLOSED js-wf-domain-object-absence-race-20261006
CAPTURED js-wf-domain-object-absence-race-20261006 32999988
CLOSED js-wf-concurrent-state-journal-10m-proof-20261005
CAPTURED js-wf-concurrent-state-journal-10m-proof-20261005 65534785
CLOSED js-wf-tier1-handler-boundary-race-20261006
CAPTURED js-wf-tier1-handler-boundary-race-20261006 20276346
CLOSED js-wf-operator-daemon-signals-instrumented-20261006
CAPTURED js-wf-operator-daemon-signals-instrumented-20261006 31204724
CLOSED js-wf-operator-daemon-signals-20261006
CAPTURED js-wf-operator-daemon-signals-20261006 31203783
CLOSED js-wf-operator-domain-controls-corrected-20261006
CAPTURED js-wf-operator-domain-controls-corrected-20261006 31174658
CLOSED js-wf-operator-domain-controls-20261006
CAPTURED js-wf-operator-domain-controls-20261006 31172815
CLOSED js-wf-native-source-short-20261002
CAPTURED js-wf-native-source-short-20261002 26083636
CLOSED js-wf-byte-public-adoption-20261005
CAPTURED js-wf-byte-public-adoption-20261005 29418324
CLOSED js-wf-retained-upgrade-contract-20261004
CAPTURED js-wf-retained-upgrade-contract-20261004 15766902
CLOSED js-wf-partition-start-full100000-20261004
CAPTURED js-wf-partition-start-full100000-20261004 15722988
