CLOSED js-wf-tier3-clock196-200-37164231641
CAPTURED js-wf-tier3-clock196-200-37164231641 412525959
CLOSED TestTenThousandConcurrentPurgesAndThousandReusedIDs2433267013
CAPTURED TestTenThousandConcurrentPurgesAndThousandReusedIDs2433267013 22696599
CLOSED TestTenThousandConcurrentPurgesAndThousandReusedIDs2058517275
CAPTURED TestTenThousandConcurrentPurgesAndThousandReusedIDs2058517275 22732889
CLOSED TestTenThousandConcurrentPurgesAndThousandReusedIDs3651922538
CAPTURED TestTenThousandConcurrentPurgesAndThousandReusedIDs3651922538 22634878
CLOSED TestTenThousandConcurrentPurgesAndThousandReusedIDs3949093010
CAPTURED TestTenThousandConcurrentPurgesAndThousandReusedIDs3949093010 22470407
CLOSED js-wf-audit-streaming-legacy-full-native-20261004
CAPTURED js-wf-audit-streaming-legacy-full-native-20261004 40934563
CLOSED TestDistinctStartsUnderRoutePartitions404599413
CAPTURED TestDistinctStartsUnderRoutePartitions404599413 16149653
CLOSED js-wf-audit-streaming-legacy-full-corrected-native-20261004
CAPTURED js-wf-audit-streaming-legacy-full-corrected-native-20261004 40839605
CLOSED js-wf-upgrade-smoke-copied-queue-diagnosis-20261005
CAPTURED js-wf-upgrade-smoke-copied-queue-diagnosis-20261005 36069149
CLOSED js-wf-upgrade-smoke-copied-child-diagnosis-20261005
CAPTURED js-wf-upgrade-smoke-copied-child-diagnosis-20261005 35965030
CLOSED js-wf-tier3-isolation-smoke-v2-20261001
CAPTURED js-wf-tier3-isolation-smoke-v2-20261001 25853532
CLOSED js-wf-tier3-isolation-smoke-20261001
CAPTURED js-wf-tier3-isolation-smoke-20261001 25643837
CLOSED js-wf-tier2-retained-journal-smoke-copied-audit-20261005
CAPTURED js-wf-tier2-retained-journal-smoke-copied-audit-20261005 35282536
CLOSED js-wf-phase3-rebalance-ready-20261004
CAPTURED js-wf-phase3-rebalance-ready-20261004 20179995
CLOSED js-wf-fanout-last-predeadline-20261005
CAPTURED js-wf-fanout-last-predeadline-20261005 20174469
CLOSED js-wf-fanout-failed-drain-queue-diagnosis-first-20261005-v2
CAPTURED js-wf-fanout-failed-drain-queue-diagnosis-first-20261005-v2 30033729
CLOSED js-wf-promise-after-manifest-20261004
CAPTURED js-wf-promise-after-manifest-20261004 30061572
CLOSED js-wf-mixed-seed65-a1995cc-artifacts
CAPTURED js-wf-mixed-seed65-a1995cc-artifacts 9461644
CLOSED js-wf-postgres-domain-projection-50000-20261006
CAPTURED js-wf-postgres-domain-projection-50000-20261006 18214174
CLOSED js-wf-clock-recovery-diagnostic-smoke-20261002
CAPTURED js-wf-clock-recovery-diagnostic-smoke-20261002 32898254
CLOSED js-wf-native-retirement-ahead-smoke-20261002
CAPTURED js-wf-native-retirement-ahead-smoke-20261002 32752223
CLOSED js-wf-local-journal-tenm-20261003
CAPTURED js-wf-local-journal-tenm-20261003 64352114
CLOSED js-wf-fanout-failed-drain-queue-diagnosis-first-20261005
CAPTURED js-wf-fanout-failed-drain-queue-diagnosis-first-20261005 29160364
CLOSED TestTenThousandRandomSleepsDuringRouteFaults1983181570
CAPTURED TestTenThousandRandomSleepsDuringRouteFaults1983181570 16245103
CLOSED js-wf-native-retirement-final-ahead-smoke-20261002
CAPTURED js-wf-native-retirement-final-ahead-smoke-20261002 32312565
CLOSED js-wf-fanout-accepted-queue-diagnosis-first-20261005
CAPTURED js-wf-fanout-accepted-queue-diagnosis-first-20261005 28474938
CLOSED js-wf-audit-iterator-controls-continuous-20261005
CAPTURED js-wf-audit-iterator-controls-continuous-20261005 1950273
CLOSED js-wf-exit-observed-smoke-20261002
CAPTURED js-wf-exit-observed-smoke-20261002 32436850
CLOSED js-wf-concurrent-exit-ahead27-0f979d0
CAPTURED js-wf-concurrent-exit-ahead27-0f979d0 31889207
CLOSED js-wf-native-delete-ahead-16-431c934
CAPTURED js-wf-native-delete-ahead-16-431c934 31958267
CLOSED js-wf-native-delete-ahead-13-431c934
CAPTURED js-wf-native-delete-ahead-13-431c934 31893734
CLOSED TestMixedMatrixRandomWorkerKilledEveryFiveSeconds2004078380
CAPTURED TestMixedMatrixRandomWorkerKilledEveryFiveSeconds2004078380 22828574
CLOSED js-wf-start-gap-corrected-qualified-20261003
CAPTURED js-wf-start-gap-corrected-qualified-20261003 43078229
CLOSED js-wf-held-observation-20261005
CAPTURED js-wf-held-observation-20261005 34011446
CLOSED js-wf-upgrade-api-trace-seed15-37194088941
CAPTURED js-wf-upgrade-api-trace-seed15-37194088941 52881724
CLOSED js-wf-delayed-expiry-model-20261005
CAPTURED js-wf-delayed-expiry-model-20261005 32341982
CLOSED js-wf-batched-invariant-native-20261004
CAPTURED js-wf-batched-invariant-native-20261004 17394064
CLOSED js-wf-tier3-pause-smoke-20261001
CAPTURED js-wf-tier3-pause-smoke-20261001 22666760
CLOSED js-wf-tier3-fanout-final-smoke
CAPTURED js-wf-tier3-fanout-final-smoke 21250519
CLOSED js-wf-graceful-upgrade-hosted-originals-37121460252
CAPTURED js-wf-graceful-upgrade-hosted-originals-37121460252 78144395
CLOSED js-wf-tier3-consumer-ready-smoke
CAPTURED js-wf-tier3-consumer-ready-smoke 21094789
CLOSED js-wf-held-metadata-rollout-10m-proof-20261005
CAPTURED js-wf-held-metadata-rollout-10m-proof-20261005 62428374
CLOSED js-wf-tier3-process-smoke-v3-20261001
CAPTURED js-wf-tier3-process-smoke-v3-20261001 21304715
CLOSED js-wf-tier3-observers-smoke
CAPTURED js-wf-tier3-observers-smoke 20850274
CLOSED js-wf-tier3-fanout-restart-smoke
CAPTURED js-wf-tier3-fanout-restart-smoke 20766435
CLOSED js-wf-tier3-process-smoke-v2-20261001
CAPTURED js-wf-tier3-process-smoke-v2-20261001 21156342
CLOSED js-wf-tier3-mixed-journal-race-20261001
CAPTURED js-wf-tier3-mixed-journal-race-20261001 20833065
CLOSED js-wf-tier2-serverclockminus-physical-copied-audit-20261006
CAPTURED js-wf-tier2-serverclockminus-physical-copied-audit-20261006 32422781
CLOSED js-wf-tier2-serverclockplus-physical-copied-audit-20261006
CAPTURED js-wf-tier2-serverclockplus-physical-copied-audit-20261006 32414246
CLOSED js-wf-tier3-changing-ports-control-20261001
error: no such object: 87915fb03e56
Traceback (most recent call last):
  File "/tmp/storage-capture-seventh.py", line 50, in <module>
    final=closure(root)
          ^^^^^^^^^^^^^
  File "/tmp/storage-capture-seventh.py", line 19, in closure
    running=json.loads(subprocess.check_output(['docker','inspect',*ids],text=True)) if ids else []
                       ^^^^^^^^^^^^^^^^^^^^^^^^^^^^^^^^^^^^^^^^^^^^^^^^^^^^^^^^^^^^
  File "/usr/lib/python3.12/subprocess.py", line 466, in check_output
    return run(*popenargs, stdout=PIPE, timeout=timeout, check=True,
           ^^^^^^^^^^^^^^^^^^^^^^^^^^^^^^^^^^^^^^^^^^^^^^^^^^^^^^^^^
  File "/usr/lib/python3.12/subprocess.py", line 571, in run
    raise CalledProcessError(retcode, process.args,
subprocess.CalledProcessError: Command '['docker', 'inspect', 'a84d9a635d71', 'feb7171aafe7', 'b64da530418f', '87915fb03e56', '7a6b9f8acbe7']' returned non-zero exit status 1.
