=== RUN   TestGraphSignalExpiryCartesianReplay
=== RUN   TestGraphSignalExpiryCartesianReplay/healthy/live/healthy
=== RUN   TestGraphSignalExpiryCartesianReplay/healthy/live/drop_before_commit
=== RUN   TestGraphSignalExpiryCartesianReplay/healthy/live/lose_ack_after_commit
=== RUN   TestGraphSignalExpiryCartesianReplay/healthy/expire_intents/healthy
=== RUN   TestGraphSignalExpiryCartesianReplay/healthy/expire_intents/drop_before_commit
=== RUN   TestGraphSignalExpiryCartesianReplay/healthy/expire_intents/lose_ack_after_commit
=== RUN   TestGraphSignalExpiryCartesianReplay/source_drop/live/healthy
=== RUN   TestGraphSignalExpiryCartesianReplay/source_drop/live/drop_before_commit
=== RUN   TestGraphSignalExpiryCartesianReplay/source_drop/live/lose_ack_after_commit
=== RUN   TestGraphSignalExpiryCartesianReplay/source_drop/expire_intents/healthy
=== RUN   TestGraphSignalExpiryCartesianReplay/source_drop/expire_intents/drop_before_commit
=== RUN   TestGraphSignalExpiryCartesianReplay/source_drop/expire_intents/lose_ack_after_commit
=== RUN   TestGraphSignalExpiryCartesianReplay/source_lost_ack/live/healthy
=== RUN   TestGraphSignalExpiryCartesianReplay/source_lost_ack/live/drop_before_commit
=== RUN   TestGraphSignalExpiryCartesianReplay/source_lost_ack/live/lose_ack_after_commit
=== RUN   TestGraphSignalExpiryCartesianReplay/source_lost_ack/expire_intents/healthy
=== RUN   TestGraphSignalExpiryCartesianReplay/source_lost_ack/expire_intents/drop_before_commit
=== RUN   TestGraphSignalExpiryCartesianReplay/source_lost_ack/expire_intents/lose_ack_after_commit
=== RUN   TestGraphSignalExpiryCartesianReplay/enqueue_drop/live/healthy
=== RUN   TestGraphSignalExpiryCartesianReplay/enqueue_drop/live/drop_before_commit
=== RUN   TestGraphSignalExpiryCartesianReplay/enqueue_drop/live/lose_ack_after_commit
=== RUN   TestGraphSignalExpiryCartesianReplay/enqueue_drop/expire_intents/healthy
=== RUN   TestGraphSignalExpiryCartesianReplay/enqueue_drop/expire_intents/drop_before_commit
=== RUN   TestGraphSignalExpiryCartesianReplay/enqueue_drop/expire_intents/lose_ack_after_commit
=== RUN   TestGraphSignalExpiryCartesianReplay/enqueue_lost_ack/live/healthy
=== RUN   TestGraphSignalExpiryCartesianReplay/enqueue_lost_ack/live/drop_before_commit
=== RUN   TestGraphSignalExpiryCartesianReplay/enqueue_lost_ack/live/lose_ack_after_commit
=== RUN   TestGraphSignalExpiryCartesianReplay/enqueue_lost_ack/expire_intents/healthy
=== RUN   TestGraphSignalExpiryCartesianReplay/enqueue_lost_ack/expire_intents/drop_before_commit
=== RUN   TestGraphSignalExpiryCartesianReplay/enqueue_lost_ack/expire_intents/lose_ack_after_commit
--- PASS: TestGraphSignalExpiryCartesianReplay (10.99s)
    --- PASS: TestGraphSignalExpiryCartesianReplay/healthy/live/healthy (0.22s)
    --- PASS: TestGraphSignalExpiryCartesianReplay/healthy/live/drop_before_commit (0.18s)
    --- PASS: TestGraphSignalExpiryCartesianReplay/healthy/live/lose_ack_after_commit (0.31s)
    --- PASS: TestGraphSignalExpiryCartesianReplay/healthy/expire_intents/healthy (0.28s)
    --- PASS: TestGraphSignalExpiryCartesianReplay/healthy/expire_intents/drop_before_commit (0.20s)
    --- PASS: TestGraphSignalExpiryCartesianReplay/healthy/expire_intents/lose_ack_after_commit (0.30s)
    --- PASS: TestGraphSignalExpiryCartesianReplay/source_drop/live/healthy (0.29s)
    --- PASS: TestGraphSignalExpiryCartesianReplay/source_drop/live/drop_before_commit (0.30s)
    --- PASS: TestGraphSignalExpiryCartesianReplay/source_drop/live/lose_ack_after_commit (0.33s)
    --- PASS: TestGraphSignalExpiryCartesianReplay/source_drop/expire_intents/healthy (0.48s)
    --- PASS: TestGraphSignalExpiryCartesianReplay/source_drop/expire_intents/drop_before_commit (0.34s)
    --- PASS: TestGraphSignalExpiryCartesianReplay/source_drop/expire_intents/lose_ack_after_commit (0.40s)
    --- PASS: TestGraphSignalExpiryCartesianReplay/source_lost_ack/live/healthy (0.39s)
    --- PASS: TestGraphSignalExpiryCartesianReplay/source_lost_ack/live/drop_before_commit (0.39s)
    --- PASS: TestGraphSignalExpiryCartesianReplay/source_lost_ack/live/lose_ack_after_commit (0.32s)
    --- PASS: TestGraphSignalExpiryCartesianReplay/source_lost_ack/expire_intents/healthy (0.27s)
    --- PASS: TestGraphSignalExpiryCartesianReplay/source_lost_ack/expire_intents/drop_before_commit (0.32s)
    --- PASS: TestGraphSignalExpiryCartesianReplay/source_lost_ack/expire_intents/lose_ack_after_commit (0.31s)
    --- PASS: TestGraphSignalExpiryCartesianReplay/enqueue_drop/live/healthy (0.39s)
    --- PASS: TestGraphSignalExpiryCartesianReplay/enqueue_drop/live/drop_before_commit (0.96s)
    --- PASS: TestGraphSignalExpiryCartesianReplay/enqueue_drop/live/lose_ack_after_commit (0.24s)
    --- PASS: TestGraphSignalExpiryCartesianReplay/enqueue_drop/expire_intents/healthy (0.27s)
    --- PASS: TestGraphSignalExpiryCartesianReplay/enqueue_drop/expire_intents/drop_before_commit (0.40s)
    --- PASS: TestGraphSignalExpiryCartesianReplay/enqueue_drop/expire_intents/lose_ack_after_commit (0.43s)
    --- PASS: TestGraphSignalExpiryCartesianReplay/enqueue_lost_ack/live/healthy (0.69s)
    --- PASS: TestGraphSignalExpiryCartesianReplay/enqueue_lost_ack/live/drop_before_commit (0.28s)
    --- PASS: TestGraphSignalExpiryCartesianReplay/enqueue_lost_ack/live/lose_ack_after_commit (0.42s)
    --- PASS: TestGraphSignalExpiryCartesianReplay/enqueue_lost_ack/expire_intents/healthy (0.39s)
    --- PASS: TestGraphSignalExpiryCartesianReplay/enqueue_lost_ack/expire_intents/drop_before_commit (0.33s)
    --- PASS: TestGraphSignalExpiryCartesianReplay/enqueue_lost_ack/expire_intents/lose_ack_after_commit (0.56s)
PASS
ok  	js-wf/sim	10.995s
