=== RUN   TestGraphSignalExpiryCartesianReplay
=== RUN   TestGraphSignalExpiryCartesianReplay/healthy/live/healthy
=== RUN   TestGraphSignalExpiryCartesianReplay/healthy/live/drop_before_commit
=== RUN   TestGraphSignalExpiryCartesianReplay/healthy/live/lose_ack_after_commit
=== RUN   TestGraphSignalExpiryCartesianReplay/healthy/expire_intents/healthy
=== RUN   TestGraphSignalExpiryCartesianReplay/healthy/expire_intents/drop_before_commit
=== RUN   TestGraphSignalExpiryCartesianReplay/healthy/expire_intents/lose_ack_after_commit
=== RUN   TestGraphSignalExpiryCartesianReplay/source_drop/live/healthy
=== RUN   TestGraphSignalExpiryCartesianReplay/source_drop/live/drop_before_commit
=== RUN   TestGraphSignalExpiryCartesianReplay/source_drop/live/lose_ack_after_commit
=== RUN   TestGraphSignalExpiryCartesianReplay/source_drop/expire_intents/healthy
=== RUN   TestGraphSignalExpiryCartesianReplay/source_drop/expire_intents/drop_before_commit
=== RUN   TestGraphSignalExpiryCartesianReplay/source_drop/expire_intents/lose_ack_after_commit
=== RUN   TestGraphSignalExpiryCartesianReplay/source_lost_ack/live/healthy
=== RUN   TestGraphSignalExpiryCartesianReplay/source_lost_ack/live/drop_before_commit
=== RUN   TestGraphSignalExpiryCartesianReplay/source_lost_ack/live/lose_ack_after_commit
=== RUN   TestGraphSignalExpiryCartesianReplay/source_lost_ack/expire_intents/healthy
=== RUN   TestGraphSignalExpiryCartesianReplay/source_lost_ack/expire_intents/drop_before_commit
=== RUN   TestGraphSignalExpiryCartesianReplay/source_lost_ack/expire_intents/lose_ack_after_commit
=== RUN   TestGraphSignalExpiryCartesianReplay/enqueue_drop/live/healthy
=== RUN   TestGraphSignalExpiryCartesianReplay/enqueue_drop/live/drop_before_commit
=== RUN   TestGraphSignalExpiryCartesianReplay/enqueue_drop/live/lose_ack_after_commit
=== RUN   TestGraphSignalExpiryCartesianReplay/enqueue_drop/expire_intents/healthy
=== RUN   TestGraphSignalExpiryCartesianReplay/enqueue_drop/expire_intents/drop_before_commit
=== RUN   TestGraphSignalExpiryCartesianReplay/enqueue_drop/expire_intents/lose_ack_after_commit
=== RUN   TestGraphSignalExpiryCartesianReplay/enqueue_lost_ack/live/healthy
=== RUN   TestGraphSignalExpiryCartesianReplay/enqueue_lost_ack/live/drop_before_commit
=== RUN   TestGraphSignalExpiryCartesianReplay/enqueue_lost_ack/live/lose_ack_after_commit
=== RUN   TestGraphSignalExpiryCartesianReplay/enqueue_lost_ack/expire_intents/healthy
=== RUN   TestGraphSignalExpiryCartesianReplay/enqueue_lost_ack/expire_intents/drop_before_commit
=== RUN   TestGraphSignalExpiryCartesianReplay/enqueue_lost_ack/expire_intents/lose_ack_after_commit
--- PASS: TestGraphSignalExpiryCartesianReplay (13.56s)
    --- PASS: TestGraphSignalExpiryCartesianReplay/healthy/live/healthy (0.26s)
    --- PASS: TestGraphSignalExpiryCartesianReplay/healthy/live/drop_before_commit (0.20s)
    --- PASS: TestGraphSignalExpiryCartesianReplay/healthy/live/lose_ack_after_commit (0.33s)
    --- PASS: TestGraphSignalExpiryCartesianReplay/healthy/expire_intents/healthy (0.38s)
    --- PASS: TestGraphSignalExpiryCartesianReplay/healthy/expire_intents/drop_before_commit (0.20s)
    --- PASS: TestGraphSignalExpiryCartesianReplay/healthy/expire_intents/lose_ack_after_commit (0.79s)
    --- PASS: TestGraphSignalExpiryCartesianReplay/source_drop/live/healthy (0.31s)
    --- PASS: TestGraphSignalExpiryCartesianReplay/source_drop/live/drop_before_commit (0.33s)
    --- PASS: TestGraphSignalExpiryCartesianReplay/source_drop/live/lose_ack_after_commit (0.44s)
    --- PASS: TestGraphSignalExpiryCartesianReplay/source_drop/expire_intents/healthy (0.54s)
    --- PASS: TestGraphSignalExpiryCartesianReplay/source_drop/expire_intents/drop_before_commit (0.40s)
    --- PASS: TestGraphSignalExpiryCartesianReplay/source_drop/expire_intents/lose_ack_after_commit (0.31s)
    --- PASS: TestGraphSignalExpiryCartesianReplay/source_lost_ack/live/healthy (0.29s)
    --- PASS: TestGraphSignalExpiryCartesianReplay/source_lost_ack/live/drop_before_commit (0.39s)
    --- PASS: TestGraphSignalExpiryCartesianReplay/source_lost_ack/live/lose_ack_after_commit (0.32s)
    --- PASS: TestGraphSignalExpiryCartesianReplay/source_lost_ack/expire_intents/healthy (0.57s)
    --- PASS: TestGraphSignalExpiryCartesianReplay/source_lost_ack/expire_intents/drop_before_commit (0.18s)
    --- PASS: TestGraphSignalExpiryCartesianReplay/source_lost_ack/expire_intents/lose_ack_after_commit (0.53s)
    --- PASS: TestGraphSignalExpiryCartesianReplay/enqueue_drop/live/healthy (0.39s)
    --- PASS: TestGraphSignalExpiryCartesianReplay/enqueue_drop/live/drop_before_commit (0.79s)
    --- PASS: TestGraphSignalExpiryCartesianReplay/enqueue_drop/live/lose_ack_after_commit (0.22s)
    --- PASS: TestGraphSignalExpiryCartesianReplay/enqueue_drop/expire_intents/healthy (0.22s)
    --- PASS: TestGraphSignalExpiryCartesianReplay/enqueue_drop/expire_intents/drop_before_commit (0.21s)
    --- PASS: TestGraphSignalExpiryCartesianReplay/enqueue_drop/expire_intents/lose_ack_after_commit (0.46s)
    --- PASS: TestGraphSignalExpiryCartesianReplay/enqueue_lost_ack/live/healthy (0.61s)
    --- PASS: TestGraphSignalExpiryCartesianReplay/enqueue_lost_ack/live/drop_before_commit (0.37s)
    --- PASS: TestGraphSignalExpiryCartesianReplay/enqueue_lost_ack/live/lose_ack_after_commit (0.50s)
    --- PASS: TestGraphSignalExpiryCartesianReplay/enqueue_lost_ack/expire_intents/healthy (0.51s)
    --- PASS: TestGraphSignalExpiryCartesianReplay/enqueue_lost_ack/expire_intents/drop_before_commit (1.73s)
    --- PASS: TestGraphSignalExpiryCartesianReplay/enqueue_lost_ack/expire_intents/lose_ack_after_commit (0.77s)
PASS
ok  	js-wf/sim	13.565s
