=== RUN   TestNRGTermDoesntRollBackToPtermOnCatchup
--- PASS: TestNRGTermDoesntRollBackToPtermOnCatchup (3.38s)
=== RUN   TestNRGCatchupCanTruncateMultipleEntriesWithoutQuorum
--- PASS: TestNRGCatchupCanTruncateMultipleEntriesWithoutQuorum (0.33s)
=== RUN   TestNRGCatchupDoesNotTruncateCommittedEntriesDuringRedelivery
--- PASS: TestNRGCatchupDoesNotTruncateCommittedEntriesDuringRedelivery (0.25s)
=== RUN   TestNRGCatchupFromNewLeaderWithIncorrectPterm
--- PASS: TestNRGCatchupFromNewLeaderWithIncorrectPterm (0.27s)
=== RUN   TestNRGCatchupAcksProgressWhenGivenProgressInbox
--- PASS: TestNRGCatchupAcksProgressWhenGivenProgressInbox (0.55s)
=== RUN   TestNRGCatchupSendsProgressInboxAndRefillsWindow
--- PASS: TestNRGCatchupSendsProgressInboxAndRefillsWindow (0.43s)
=== RUN   TestNRGRejectAppendEntryDuringCatchupFromPreviousLeader
=== RUN   TestNRGRejectAppendEntryDuringCatchupFromPreviousLeader/new-entry
=== RUN   TestNRGRejectAppendEntryDuringCatchupFromPreviousLeader/new-entry-backward-compatible
=== RUN   TestNRGRejectAppendEntryDuringCatchupFromPreviousLeader/catchup
=== RUN   TestNRGRejectAppendEntryDuringCatchupFromPreviousLeader/catchup-backward-compatible
--- PASS: TestNRGRejectAppendEntryDuringCatchupFromPreviousLeader (1.07s)
    --- PASS: TestNRGRejectAppendEntryDuringCatchupFromPreviousLeader/new-entry (0.27s)
    --- PASS: TestNRGRejectAppendEntryDuringCatchupFromPreviousLeader/new-entry-backward-compatible (0.27s)
    --- PASS: TestNRGRejectAppendEntryDuringCatchupFromPreviousLeader/catchup (0.26s)
    --- PASS: TestNRGRejectAppendEntryDuringCatchupFromPreviousLeader/catchup-backward-compatible (0.27s)
=== RUN   TestNRGIgnoreEntryAfterCanceledCatchup
--- PASS: TestNRGIgnoreEntryAfterCanceledCatchup (0.26s)
=== RUN   TestNRGDelayedMessagesAfterCatchupDontCountTowardQuorum
--- PASS: TestNRGDelayedMessagesAfterCatchupDontCountTowardQuorum (1.26s)
=== RUN   TestNRGParallelCatchupRollback
--- PASS: TestNRGParallelCatchupRollback (0.24s)
PASS
