=== RUN   TestMixedWorkflowsRecoverFromFourServerFaults
    mixed_process_chaos_test.go:478: FAULT_SEED=12 FAULT_SCHEDULE=/tmp/js-wf-first-heartbeat-mixed12.json
    mixed_process_chaos_test.go:628: post-heal signal repair inspected=41 reenqueued=12
    mixed_process_chaos_test.go:640: mixed recovery type=mixedshort id=mixed-08-0 latency=4.527727338s
    mixed_process_chaos_test.go:640: mixed recovery type=mixedshort id=mixed-01-0 latency=4.842270962s
    mixed_process_chaos_test.go:640: mixed recovery type=mixedshort id=mixed-00-0 latency=4.975449442s
    mixed_process_chaos_test.go:640: mixed recovery type=mixedshort id=mixed-07-0 latency=4.975820416s
    mixed_process_chaos_test.go:640: mixed recovery type=mixedtimer id=mixed-05-0 latency=9.354166709s
    mixed_process_chaos_test.go:640: mixed recovery type=mixedtimer id=mixed-04-0 latency=9.467497284s
    mixed_process_chaos_test.go:640: mixed recovery type=mixedtimer id=mixed-03-0 latency=10.776049576s
    mixed_process_chaos_test.go:640: mixed recovery type=mixedsignal id=mixed-02-0 latency=6.356118638s
    mixed_process_chaos_test.go:640: mixed recovery type=mixedsignal id=mixed-06-0 latency=6.272126831s
    mixed_process_chaos_test.go:640: mixed recovery type=mixedfanout id=mixed-09-0 latency=20.981615704s
    mixed_process_chaos_test.go:645: mixed provisional result observation: p99=20.981615704s max=20.981615704s (fan-out parent still measured from quorum)
    mixed_process_chaos_test.go:685: restarted node WF_JRN ready in 3.125115ms after 1 attempts
    mixed_process_chaos_test.go:761: restarted node terminal type=mixedshort id=mixed-00-0 audit=33.263596ms
    mixed_process_chaos_test.go:761: restarted node terminal type=mixedshort id=mixed-01-0 audit=31.75838ms
    mixed_process_chaos_test.go:761: restarted node terminal type=mixedsignal id=mixed-02-0 audit=26.854895ms
    mixed_process_chaos_test.go:761: restarted node terminal type=mixedtimer id=mixed-03-0 audit=31.945235ms
    mixed_process_chaos_test.go:761: restarted node terminal type=mixedtimer id=mixed-04-0 audit=33.295855ms
    mixed_process_chaos_test.go:761: restarted node terminal type=mixedtimer id=mixed-05-0 audit=32.256336ms
    mixed_process_chaos_test.go:761: restarted node terminal type=mixedsignal id=mixed-06-0 audit=28.856825ms
    mixed_process_chaos_test.go:761: restarted node terminal type=mixedshort id=mixed-07-0 audit=33.058986ms
    mixed_process_chaos_test.go:761: restarted node terminal type=mixedshort id=mixed-08-0 audit=31.775196ms
    mixed_process_chaos_test.go:761: restarted node terminal type=mixedfanout id=mixed-09-0 audit=27.349816ms
    mixed_process_chaos_test.go:772: restarted node child id=c-2c0427b405f6e5cf41a7a5dd2529625c audit=31.867076ms
    mixed_process_chaos_test.go:772: restarted node child id=c-61a693bbe622d9d1cff620a5ba2cda7f audit=31.060961ms
    mixed_process_chaos_test.go:772: restarted node child id=c-3e3e4c70156e3fee9852004ca5949da3 audit=31.904102ms
    mixed_process_chaos_test.go:772: restarted node child id=c-2d7fcc22d483fcf51ba57e3b2077e464 audit=32.010914ms
    mixed_process_chaos_test.go:772: restarted node child id=c-1eaf330c748a119ebeda4a23d05429de audit=30.719082ms
    mixed_process_chaos_test.go:772: restarted node child id=c-708e303ec63ebd5c030bc9ab47ec7aac audit=31.726952ms
    mixed_process_chaos_test.go:779: restarted node grandchild id=c-425aa24102bf9165ef736361fbbfbb9e audit=27.686217ms
    mixed_process_chaos_test.go:779: restarted node grandchild id=c-81df727d0b247de4898e89bde451172f audit=31.952926ms
    mixed_process_chaos_test.go:779: restarted node grandchild id=c-8129cf1d1fd8e3a209b19b528165f4df audit=31.551056ms
    mixed_process_chaos_test.go:779: restarted node grandchild id=c-26514356ab5a5acbf20ad5ce3acc8168 audit=31.331643ms
    mixed_process_chaos_test.go:779: restarted node grandchild id=c-a879b3a6c93c88e46e7761b1e78637a2 audit=25.985895ms
    mixed_process_chaos_test.go:779: restarted node grandchild id=c-535b8aa9db45ad629d92ad1b11208e82 audit=26.861725ms
    mixed_process_chaos_test.go:779: restarted node grandchild id=c-ce30b309161f5923793aaf2cbc016d4e audit=31.443433ms
    mixed_process_chaos_test.go:779: restarted node grandchild id=c-e1b3e514a9d31e1c0ae0fcf9d9dcde03 audit=30.549044ms
    mixed_process_chaos_test.go:779: restarted node grandchild id=c-bb5f73df9b542dac375d03b4ea875933 audit=32.670565ms
    mixed_process_chaos_test.go:779: restarted node grandchild id=c-01365f6a38e7c1ac2db485fc10fda086 audit=32.13969ms
    mixed_process_chaos_test.go:779: restarted node grandchild id=c-a44599fc4037c49e5e71abfb8f6d759c audit=25.85657ms
    mixed_process_chaos_test.go:779: restarted node grandchild id=c-e14a2648bb4377e8830f7b0584cfd294 audit=30.623227ms
    mixed_process_chaos_test.go:807: survivor node 1 WF_SIG ready in 1.372043ms after 1 attempts
    mixed_process_chaos_test.go:830: mixed terminal type=mixedshort id=mixed-00-0 latency=4.791441766s
    mixed_process_chaos_test.go:830: mixed terminal type=mixedshort id=mixed-01-0 latency=4.789164479s
    mixed_process_chaos_test.go:830: mixed terminal type=mixedsignal id=mixed-02-0 latency=6.622035371s
    mixed_process_chaos_test.go:830: mixed terminal type=mixedtimer id=mixed-03-0 latency=10.679529595s
    mixed_process_chaos_test.go:830: mixed terminal type=mixedtimer id=mixed-04-0 latency=9.372181252s
    mixed_process_chaos_test.go:830: mixed terminal type=mixedtimer id=mixed-05-0 latency=9.189188386s
    mixed_process_chaos_test.go:830: mixed terminal type=mixedsignal id=mixed-06-0 latency=6.348556918s
    mixed_process_chaos_test.go:830: mixed terminal type=mixedshort id=mixed-07-0 latency=4.791428376s
    mixed_process_chaos_test.go:830: mixed terminal type=mixedshort id=mixed-08-0 latency=4.430222092s
    mixed_process_chaos_test.go:830: mixed terminal type=mixedfanout id=mixed-09-0 latency=1.88067185s
    mixed_process_chaos_test.go:845: mixed terminal type=mixedchild id=c-2c0427b405f6e5cf41a7a5dd2529625c latency=1.465878456s
    mixed_process_chaos_test.go:845: mixed terminal type=mixedchild id=c-61a693bbe622d9d1cff620a5ba2cda7f latency=1.903824924s
    mixed_process_chaos_test.go:845: mixed terminal type=mixedchild id=c-3e3e4c70156e3fee9852004ca5949da3 latency=1.401649623s
    mixed_process_chaos_test.go:845: mixed terminal type=mixedchild id=c-2d7fcc22d483fcf51ba57e3b2077e464 latency=1.4087335s
    mixed_process_chaos_test.go:845: mixed terminal type=mixedchild id=c-1eaf330c748a119ebeda4a23d05429de latency=1.947015368s
    mixed_process_chaos_test.go:845: mixed terminal type=mixedchild id=c-708e303ec63ebd5c030bc9ab47ec7aac latency=1.947024392s
    mixed_process_chaos_test.go:853: mixed terminal type=mixedgrandchild id=c-425aa24102bf9165ef736361fbbfbb9e latency=17.529667277s
    mixed_process_chaos_test.go:853: mixed terminal type=mixedgrandchild id=c-81df727d0b247de4898e89bde451172f latency=7.979388456s
    mixed_process_chaos_test.go:853: mixed terminal type=mixedgrandchild id=c-8129cf1d1fd8e3a209b19b528165f4df latency=11.994550009s
    mixed_process_chaos_test.go:853: mixed terminal type=mixedgrandchild id=c-26514356ab5a5acbf20ad5ce3acc8168 latency=4.791545764s
    mixed_process_chaos_test.go:853: mixed terminal type=mixedgrandchild id=c-a879b3a6c93c88e46e7761b1e78637a2 latency=8.427244684s
    mixed_process_chaos_test.go:853: mixed terminal type=mixedgrandchild id=c-535b8aa9db45ad629d92ad1b11208e82 latency=16.406446126s
    mixed_process_chaos_test.go:853: mixed terminal type=mixedgrandchild id=c-ce30b309161f5923793aaf2cbc016d4e latency=7.261050453s
    mixed_process_chaos_test.go:853: mixed terminal type=mixedgrandchild id=c-e1b3e514a9d31e1c0ae0fcf9d9dcde03 latency=8.705955443s
    mixed_process_chaos_test.go:853: mixed terminal type=mixedgrandchild id=c-bb5f73df9b542dac375d03b4ea875933 latency=16.317355024s
    mixed_process_chaos_test.go:853: mixed terminal type=mixedgrandchild id=c-01365f6a38e7c1ac2db485fc10fda086 latency=16.406467599s
    mixed_process_chaos_test.go:853: mixed terminal type=mixedgrandchild id=c-a44599fc4037c49e5e71abfb8f6d759c latency=16.406463563s
    mixed_process_chaos_test.go:853: mixed terminal type=mixedgrandchild id=c-e14a2648bb4377e8830f7b0584cfd294 latency=7.261045796s
    mixed_process_chaos_test.go:857: mixed terminal p99 from last enabling event=17.529667277s across 28 invocations
    mixed_process_chaos_test.go:858: mixed workers before={LeaseAcquisitions:52 LeaseContentions:52 LeaseAcquireFailures:0 FencingEvents:5 HandoffEnqueues:5 Redeliveries:35 EnqueueToLeaseSamples:52 EnqueueToLeaseTotal:5m17.893201262s EnqueueToLeaseMaximum:21.501084087s EnqueueToLeaseBuckets:[3 19 9 5 16 0] TimersScheduled:24 TimersFired:15 TimerLateTotal:1.69378815s TimerLateMaximum:221.24438ms TimerLateBuckets:[6 9 0 0 0 0] CancelledTimerNoOps:0} after={LeaseAcquisitions:32 LeaseContentions:67 LeaseAcquireFailures:0 FencingEvents:0 HandoffEnqueues:0 Redeliveries:51 EnqueueToLeaseSamples:32 EnqueueToLeaseTotal:7m18.830384724s EnqueueToLeaseMaximum:29.356642102s EnqueueToLeaseBuckets:[0 3 4 6 19 0] TimersScheduled:0 TimersFired:9 TimerLateTotal:951.494893ms TimerLateMaximum:193.604835ms TimerLateBuckets:[4 5 0 0 0 0] CancelledTimerNoOps:0}
--- PASS: TestMixedWorkflowsRecoverFromFourServerFaults (45.70s)
PASS
ok  	js-wf/integration	46.768s
