=== RUN   TestNativeGraphRetentionSDKBoundarySIGKILL
=== RUN   TestNativeGraphRetentionSDKBoundarySIGKILL/cut1/reusefalse
    graph_workflow_kill_test.go:102: RAW_GRAPH_AUDIT roots=2 forests=6 records=10 nodes=15 payload_edges=12
    graph_workflow_kill_test.go:102: RAW_JOURNAL_AUDIT invocations=1 journals=1 entries=6 terminals=1 retired=1 pending=0
    graph_workflow_kill_test.go:102: SIGKILL pid=203871 cut=1 kind=StepRequested reuse=false leaseTTL=12s ackWait=13s accepted_prefix=2 final_entries=6
    graph_workflow_kill_test.go:212: child output: 
=== RUN   TestNativeGraphRetentionSDKBoundarySIGKILL/cut2/reusefalse
    graph_workflow_kill_test.go:102: RAW_GRAPH_AUDIT roots=2 forests=6 records=11 nodes=16 payload_edges=13
    graph_workflow_kill_test.go:102: RAW_JOURNAL_AUDIT invocations=1 journals=1 entries=6 terminals=1 retired=1 pending=0
    graph_workflow_kill_test.go:102: SIGKILL pid=203888 cut=2 kind=StepCompleted reuse=false leaseTTL=12s ackWait=13s accepted_prefix=3 final_entries=6
    graph_workflow_kill_test.go:212: child output: 
=== RUN   TestNativeGraphRetentionSDKBoundarySIGKILL/cut3/reusefalse
    graph_workflow_kill_test.go:102: RAW_GRAPH_AUDIT roots=2 forests=6 records=12 nodes=19 payload_edges=14
    graph_workflow_kill_test.go:102: RAW_JOURNAL_AUDIT invocations=1 journals=1 entries=6 terminals=1 retired=1 pending=0
    graph_workflow_kill_test.go:102: SIGKILL pid=203898 cut=3 kind=StepRequested reuse=false leaseTTL=12s ackWait=13s accepted_prefix=4 final_entries=6
    graph_workflow_kill_test.go:212: child output: 
=== RUN   TestNativeGraphRetentionSDKBoundarySIGKILL/cut3/reusetrue
    graph_workflow_kill_test.go:102: RAW_GRAPH_AUDIT roots=2 forests=6 records=15 nodes=23 payload_edges=18
    graph_workflow_kill_test.go:102: RAW_JOURNAL_AUDIT invocations=2 journals=2 entries=8 terminals=2 retired=0 pending=0
    graph_workflow_kill_test.go:102: SIGKILL pid=203916 cut=3 kind=StepRequested reuse=true leaseTTL=12s ackWait=13s accepted_prefix=4 final_entries=6
    graph_workflow_kill_test.go:212: child output: 
=== RUN   TestNativeGraphRetentionSDKBoundarySIGKILL/cut4/reusefalse
    graph_workflow_kill_test.go:102: RAW_GRAPH_AUDIT roots=2 forests=6 records=13 nodes=20 payload_edges=15
    graph_workflow_kill_test.go:102: RAW_JOURNAL_AUDIT invocations=1 journals=1 entries=6 terminals=1 retired=1 pending=0
    graph_workflow_kill_test.go:102: SIGKILL pid=203940 cut=4 kind=StepCompleted reuse=false leaseTTL=12s ackWait=13s accepted_prefix=5 final_entries=6
    graph_workflow_kill_test.go:212: child output: 
=== RUN   TestNativeGraphRetentionSDKBoundarySIGKILL/cut4/reusetrue
    graph_workflow_kill_test.go:102: RAW_GRAPH_AUDIT roots=2 forests=6 records=16 nodes=24 payload_edges=19
    graph_workflow_kill_test.go:102: RAW_JOURNAL_AUDIT invocations=2 journals=2 entries=8 terminals=2 retired=0 pending=0
    graph_workflow_kill_test.go:102: SIGKILL pid=203952 cut=4 kind=StepCompleted reuse=true leaseTTL=12s ackWait=13s accepted_prefix=5 final_entries=6
    graph_workflow_kill_test.go:212: child output: 
--- PASS: TestNativeGraphRetentionSDKBoundarySIGKILL (132.12s)
    --- PASS: TestNativeGraphRetentionSDKBoundarySIGKILL/cut1/reusefalse (20.24s)
    --- PASS: TestNativeGraphRetentionSDKBoundarySIGKILL/cut2/reusefalse (18.69s)
    --- PASS: TestNativeGraphRetentionSDKBoundarySIGKILL/cut3/reusefalse (23.21s)
    --- PASS: TestNativeGraphRetentionSDKBoundarySIGKILL/cut3/reusetrue (24.45s)
    --- PASS: TestNativeGraphRetentionSDKBoundarySIGKILL/cut4/reusefalse (22.47s)
    --- PASS: TestNativeGraphRetentionSDKBoundarySIGKILL/cut4/reusetrue (23.05s)
PASS
ok  	js-wf/retention	133.178s
=== RUN   TestRawGraphJournalGenerationsOutcomesAndArchive
=== RUN   TestRawGraphJournalGenerationsOutcomesAndArchive/json/archivefalse
=== RUN   TestRawGraphJournalGenerationsOutcomesAndArchive/json/archivetrue
=== RUN   TestRawGraphJournalGenerationsOutcomesAndArchive/protobuf-v1/archivefalse
=== RUN   TestRawGraphJournalGenerationsOutcomesAndArchive/protobuf-v1/archivetrue
=== RUN   TestRawGraphJournalGenerationsOutcomesAndArchive/envelope-generation
=== RUN   TestRawGraphJournalGenerationsOutcomesAndArchive/entry-edge-missing
=== RUN   TestRawGraphJournalGenerationsOutcomesAndArchive/index-gap
=== RUN   TestRawGraphJournalGenerationsOutcomesAndArchive/epoch-decrease
=== RUN   TestRawGraphJournalGenerationsOutcomesAndArchive/epoch-two-workers
=== RUN   TestRawGraphJournalGenerationsOutcomesAndArchive/completion-without-request
=== RUN   TestRawGraphJournalGenerationsOutcomesAndArchive/overlapping-requests
=== RUN   TestRawGraphJournalGenerationsOutcomesAndArchive/entry-after-terminal
=== RUN   TestRawGraphJournalGenerationsOutcomesAndArchive/terminal-generation
=== RUN   TestRawGraphJournalGenerationsOutcomesAndArchive/result-unowned
=== RUN   TestRawGraphJournalGenerationsOutcomesAndArchive/source-sequence
=== RUN   TestRawGraphJournalGenerationsOutcomesAndArchive/source-missing
=== RUN   TestRawGraphJournalGenerationsOutcomesAndArchive/projection-differs
=== RUN   TestRawGraphJournalGenerationsOutcomesAndArchive/projection-missing
=== RUN   TestRawGraphJournalGenerationsOutcomesAndArchive/input-source-token
=== RUN   TestRawGraphJournalGenerationsOutcomesAndArchive/archive-count
--- PASS: TestRawGraphJournalGenerationsOutcomesAndArchive (0.04s)
    --- PASS: TestRawGraphJournalGenerationsOutcomesAndArchive/json/archivefalse (0.00s)
    --- PASS: TestRawGraphJournalGenerationsOutcomesAndArchive/json/archivetrue (0.00s)
    --- PASS: TestRawGraphJournalGenerationsOutcomesAndArchive/protobuf-v1/archivefalse (0.00s)
    --- PASS: TestRawGraphJournalGenerationsOutcomesAndArchive/protobuf-v1/archivetrue (0.00s)
    --- PASS: TestRawGraphJournalGenerationsOutcomesAndArchive/envelope-generation (0.00s)
    --- PASS: TestRawGraphJournalGenerationsOutcomesAndArchive/entry-edge-missing (0.00s)
    --- PASS: TestRawGraphJournalGenerationsOutcomesAndArchive/index-gap (0.00s)
    --- PASS: TestRawGraphJournalGenerationsOutcomesAndArchive/epoch-decrease (0.00s)
    --- PASS: TestRawGraphJournalGenerationsOutcomesAndArchive/epoch-two-workers (0.00s)
    --- PASS: TestRawGraphJournalGenerationsOutcomesAndArchive/completion-without-request (0.00s)
    --- PASS: TestRawGraphJournalGenerationsOutcomesAndArchive/overlapping-requests (0.00s)
    --- PASS: TestRawGraphJournalGenerationsOutcomesAndArchive/entry-after-terminal (0.00s)
    --- PASS: TestRawGraphJournalGenerationsOutcomesAndArchive/terminal-generation (0.00s)
    --- PASS: TestRawGraphJournalGenerationsOutcomesAndArchive/result-unowned (0.00s)
    --- PASS: TestRawGraphJournalGenerationsOutcomesAndArchive/source-sequence (0.00s)
    --- PASS: TestRawGraphJournalGenerationsOutcomesAndArchive/source-missing (0.00s)
    --- PASS: TestRawGraphJournalGenerationsOutcomesAndArchive/projection-differs (0.00s)
    --- PASS: TestRawGraphJournalGenerationsOutcomesAndArchive/projection-missing (0.00s)
    --- PASS: TestRawGraphJournalGenerationsOutcomesAndArchive/input-source-token (0.00s)
    --- PASS: TestRawGraphJournalGenerationsOutcomesAndArchive/archive-count (0.00s)
=== RUN   TestNativeRawGraphReferenceAuditQuiescentReaders
=== RUN   TestNativeRawGraphReferenceAuditQuiescentReaders/R1/indexedfalse
    graph_native_references_test.go:113: raw audit R1 indexed=false records=4 nodes=6 authority_last=38 unchanged
    graph_native_references_test.go:117: raw audit R1 indexed=false records=2 nodes=3 authority_last=40 unchanged
    graph_native_references_test.go:130: raw audit R1 indexed=false records=2 nodes=3 authority_last=41 unchanged
=== RUN   TestNativeRawGraphReferenceAuditQuiescentReaders/R1/indexedtrue
    graph_native_references_test.go:113: raw audit R1 indexed=true records=4 nodes=6 authority_last=48 unchanged
    graph_native_references_test.go:117: raw audit R1 indexed=true records=2 nodes=3 authority_last=50 unchanged
    graph_native_references_test.go:130: raw audit R1 indexed=true records=2 nodes=3 authority_last=51 unchanged
=== RUN   TestNativeRawGraphReferenceAuditQuiescentReaders/R3/indexedfalse
    graph_native_references_test.go:113: raw audit R3 indexed=false records=4 nodes=6 authority_last=38 unchanged
    graph_native_references_test.go:117: raw audit R3 indexed=false records=2 nodes=3 authority_last=40 unchanged
    graph_native_references_test.go:130: raw audit R3 indexed=false records=2 nodes=3 authority_last=41 unchanged
=== RUN   TestNativeRawGraphReferenceAuditQuiescentReaders/R3/indexedtrue
    graph_native_references_test.go:113: raw audit R3 indexed=true records=4 nodes=6 authority_last=48 unchanged
    graph_native_references_test.go:117: raw audit R3 indexed=true records=2 nodes=3 authority_last=50 unchanged
    graph_native_references_test.go:130: raw audit R3 indexed=true records=2 nodes=3 authority_last=51 unchanged
--- PASS: TestNativeRawGraphReferenceAuditQuiescentReaders (3.30s)
    --- PASS: TestNativeRawGraphReferenceAuditQuiescentReaders/R1/indexedfalse (0.42s)
    --- PASS: TestNativeRawGraphReferenceAuditQuiescentReaders/R1/indexedtrue (0.47s)
    --- PASS: TestNativeRawGraphReferenceAuditQuiescentReaders/R3/indexedfalse (1.00s)
    --- PASS: TestNativeRawGraphReferenceAuditQuiescentReaders/R3/indexedtrue (1.41s)
=== RUN   TestRawGraphReferencesAndIndependentCorruptionControls
=== RUN   TestRawGraphReferencesAndIndependentCorruptionControls/missing-object
=== RUN   TestRawGraphReferencesAndIndependentCorruptionControls/changed-bytes
=== RUN   TestRawGraphReferencesAndIndependentCorruptionControls/closed-ready-grant
=== RUN   TestRawGraphReferencesAndIndependentCorruptionControls/wrong-generation
=== RUN   TestRawGraphReferencesAndIndependentCorruptionControls/wrong-destination
=== RUN   TestRawGraphReferencesAndIndependentCorruptionControls/future-grant
=== RUN   TestRawGraphReferencesAndIndependentCorruptionControls/wrong-coordinate
=== RUN   TestRawGraphReferencesAndIndependentCorruptionControls/lost-payload-origin
=== RUN   TestRawGraphReferencesAndIndependentCorruptionControls/duplicate-reader
=== RUN   TestRawGraphReferencesAndIndependentCorruptionControls/wrong-count
=== RUN   TestRawGraphReferencesAndIndependentCorruptionControls/duplicate-stream
--- PASS: TestRawGraphReferencesAndIndependentCorruptionControls (0.01s)
    --- PASS: TestRawGraphReferencesAndIndependentCorruptionControls/missing-object (0.00s)
    --- PASS: TestRawGraphReferencesAndIndependentCorruptionControls/changed-bytes (0.00s)
    --- PASS: TestRawGraphReferencesAndIndependentCorruptionControls/closed-ready-grant (0.00s)
    --- PASS: TestRawGraphReferencesAndIndependentCorruptionControls/wrong-generation (0.00s)
    --- PASS: TestRawGraphReferencesAndIndependentCorruptionControls/wrong-destination (0.00s)
    --- PASS: TestRawGraphReferencesAndIndependentCorruptionControls/future-grant (0.00s)
    --- PASS: TestRawGraphReferencesAndIndependentCorruptionControls/wrong-coordinate (0.00s)
    --- PASS: TestRawGraphReferencesAndIndependentCorruptionControls/lost-payload-origin (0.00s)
    --- PASS: TestRawGraphReferencesAndIndependentCorruptionControls/duplicate-reader (0.00s)
    --- PASS: TestRawGraphReferencesAndIndependentCorruptionControls/wrong-count (0.00s)
    --- PASS: TestRawGraphReferencesAndIndependentCorruptionControls/duplicate-stream (0.00s)
PASS
ok  	js-wf/integrity	4.385s
