=== RUN   TestCheckpointReadAbsentOrdinaryAndMalformedMetadata
=== RUN   TestCheckpointReadAbsentOrdinaryAndMalformedMetadata/absent
=== RUN   TestCheckpointReadAbsentOrdinaryAndMalformedMetadata/ordinary
=== RUN   TestCheckpointReadAbsentOrdinaryAndMalformedMetadata/unknown-version
=== RUN   TestCheckpointReadAbsentOrdinaryAndMalformedMetadata/missing-runtime
=== RUN   TestCheckpointReadAbsentOrdinaryAndMalformedMetadata/malformed
--- PASS: TestCheckpointReadAbsentOrdinaryAndMalformedMetadata (0.00s)
    --- PASS: TestCheckpointReadAbsentOrdinaryAndMalformedMetadata/absent (0.00s)
    --- PASS: TestCheckpointReadAbsentOrdinaryAndMalformedMetadata/ordinary (0.00s)
    --- PASS: TestCheckpointReadAbsentOrdinaryAndMalformedMetadata/unknown-version (0.00s)
    --- PASS: TestCheckpointReadAbsentOrdinaryAndMalformedMetadata/missing-runtime (0.00s)
    --- PASS: TestCheckpointReadAbsentOrdinaryAndMalformedMetadata/malformed (0.00s)
=== RUN   TestCheckpointReadInvalidIdentityAndCancellationBeforeTransport
--- PASS: TestCheckpointReadInvalidIdentityAndCancellationBeforeTransport (0.00s)
PASS
ok  	js-wf/journal	1.023s
=== RUN   TestSeededCheckpointReadReplay
--- PASS: TestSeededCheckpointReadReplay (17.36s)
PASS
ok  	js-wf/sim	18.392s
