=== RUN   TestGraphCheckpointPublicationBatchesAndFinalization
=== RUN   TestGraphCheckpointPublicationBatchesAndFinalization/json/normal
    graph_checkpoint_publication_test.go:129: partial publication true <nil> 36 37
=== RUN   TestGraphCheckpointPublicationBatchesAndFinalization/json/paused
    graph_checkpoint_publication_test.go:129: partial publication true <nil> 36 37
=== RUN   TestGraphCheckpointPublicationBatchesAndFinalization/json/renewing
    graph_checkpoint_publication_test.go:129: partial publication true <nil> 36 37
=== RUN   TestGraphCheckpointPublicationBatchesAndFinalization/json/tail-change
    graph_checkpoint_publication_test.go:129: partial publication true <nil> 36 37
=== RUN   TestGraphCheckpointPublicationBatchesAndFinalization/json/tail-race
    graph_checkpoint_publication_test.go:129: partial publication true <nil> 36 37
=== RUN   TestGraphCheckpointPublicationBatchesAndFinalization/json/wrong-runtime
    graph_checkpoint_publication_test.go:129: partial publication false journal gap or corrupt entry 36 37
=== RUN   TestGraphCheckpointPublicationBatchesAndFinalization/json/wrong-tail
    graph_checkpoint_publication_test.go:129: partial publication false journal compare-and-swap lost 36 37
=== RUN   TestGraphCheckpointPublicationBatchesAndFinalization/json/closed
    graph_checkpoint_publication_test.go:129: partial publication true <nil> 36 37
=== RUN   TestGraphCheckpointPublicationBatchesAndFinalization/json/expired
    graph_checkpoint_publication_test.go:129: partial publication true <nil> 36 37
=== RUN   TestGraphCheckpointPublicationBatchesAndFinalization/json/release-before
    graph_checkpoint_publication_test.go:129: partial publication true <nil> 36 37
=== RUN   TestGraphCheckpointPublicationBatchesAndFinalization/json/release-confirmed
    graph_checkpoint_publication_test.go:129: partial publication true <nil> 36 37
=== RUN   TestGraphCheckpointPublicationBatchesAndFinalization/json/release-unconfirmed
    graph_checkpoint_publication_test.go:129: partial publication true <nil> 36 37
=== RUN   TestGraphCheckpointPublicationBatchesAndFinalization/json/pointer-before
    graph_checkpoint_publication_test.go:129: partial publication true <nil> 36 37
=== RUN   TestGraphCheckpointPublicationBatchesAndFinalization/json/pointer-confirmed
    graph_checkpoint_publication_test.go:129: partial publication true <nil> 36 37
=== RUN   TestGraphCheckpointPublicationBatchesAndFinalization/json/pointer-unconfirmed
    graph_checkpoint_publication_test.go:129: partial publication true <nil> 36 37
=== RUN   TestGraphCheckpointPublicationBatchesAndFinalization/protobuf-v1/normal
    graph_checkpoint_publication_test.go:129: partial publication true <nil> 36 37
=== RUN   TestGraphCheckpointPublicationBatchesAndFinalization/protobuf-v1/paused
    graph_checkpoint_publication_test.go:129: partial publication true <nil> 36 37
=== RUN   TestGraphCheckpointPublicationBatchesAndFinalization/protobuf-v1/renewing
    graph_checkpoint_publication_test.go:129: partial publication true <nil> 36 37
=== RUN   TestGraphCheckpointPublicationBatchesAndFinalization/protobuf-v1/tail-change
    graph_checkpoint_publication_test.go:129: partial publication true <nil> 36 37
=== RUN   TestGraphCheckpointPublicationBatchesAndFinalization/protobuf-v1/tail-race
    graph_checkpoint_publication_test.go:129: partial publication true <nil> 36 37
=== RUN   TestGraphCheckpointPublicationBatchesAndFinalization/protobuf-v1/wrong-runtime
    graph_checkpoint_publication_test.go:129: partial publication false journal gap or corrupt entry 36 37
=== RUN   TestGraphCheckpointPublicationBatchesAndFinalization/protobuf-v1/wrong-tail
    graph_checkpoint_publication_test.go:129: partial publication false journal compare-and-swap lost 36 37
=== RUN   TestGraphCheckpointPublicationBatchesAndFinalization/protobuf-v1/closed
    graph_checkpoint_publication_test.go:129: partial publication true <nil> 36 37
=== RUN   TestGraphCheckpointPublicationBatchesAndFinalization/protobuf-v1/expired
    graph_checkpoint_publication_test.go:129: partial publication true <nil> 36 37
=== RUN   TestGraphCheckpointPublicationBatchesAndFinalization/protobuf-v1/release-before
    graph_checkpoint_publication_test.go:129: partial publication true <nil> 36 37
=== RUN   TestGraphCheckpointPublicationBatchesAndFinalization/protobuf-v1/release-confirmed
    graph_checkpoint_publication_test.go:129: partial publication true <nil> 36 37
=== RUN   TestGraphCheckpointPublicationBatchesAndFinalization/protobuf-v1/release-unconfirmed
    graph_checkpoint_publication_test.go:129: partial publication true <nil> 36 37
=== RUN   TestGraphCheckpointPublicationBatchesAndFinalization/protobuf-v1/pointer-before
    graph_checkpoint_publication_test.go:129: partial publication true <nil> 36 37
=== RUN   TestGraphCheckpointPublicationBatchesAndFinalization/protobuf-v1/pointer-confirmed
    graph_checkpoint_publication_test.go:129: partial publication true <nil> 36 37
=== RUN   TestGraphCheckpointPublicationBatchesAndFinalization/protobuf-v1/pointer-unconfirmed
    graph_checkpoint_publication_test.go:129: partial publication true <nil> 36 37
--- FAIL: TestGraphCheckpointPublicationBatchesAndFinalization (1.00s)
    --- FAIL: TestGraphCheckpointPublicationBatchesAndFinalization/json/normal (0.08s)
    --- FAIL: TestGraphCheckpointPublicationBatchesAndFinalization/json/paused (0.02s)
    --- FAIL: TestGraphCheckpointPublicationBatchesAndFinalization/json/renewing (0.07s)
    --- FAIL: TestGraphCheckpointPublicationBatchesAndFinalization/json/tail-change (0.02s)
    --- FAIL: TestGraphCheckpointPublicationBatchesAndFinalization/json/tail-race (0.02s)
    --- FAIL: TestGraphCheckpointPublicationBatchesAndFinalization/json/wrong-runtime (0.06s)
    --- FAIL: TestGraphCheckpointPublicationBatchesAndFinalization/json/wrong-tail (0.02s)
    --- FAIL: TestGraphCheckpointPublicationBatchesAndFinalization/json/closed (0.02s)
    --- FAIL: TestGraphCheckpointPublicationBatchesAndFinalization/json/expired (0.04s)
    --- FAIL: TestGraphCheckpointPublicationBatchesAndFinalization/json/release-before (0.01s)
    --- FAIL: TestGraphCheckpointPublicationBatchesAndFinalization/json/release-confirmed (0.02s)
    --- FAIL: TestGraphCheckpointPublicationBatchesAndFinalization/json/release-unconfirmed (0.07s)
    --- FAIL: TestGraphCheckpointPublicationBatchesAndFinalization/json/pointer-before (0.02s)
    --- FAIL: TestGraphCheckpointPublicationBatchesAndFinalization/json/pointer-confirmed (0.03s)
    --- FAIL: TestGraphCheckpointPublicationBatchesAndFinalization/json/pointer-unconfirmed (0.05s)
    --- FAIL: TestGraphCheckpointPublicationBatchesAndFinalization/protobuf-v1/normal (0.02s)
    --- FAIL: TestGraphCheckpointPublicationBatchesAndFinalization/protobuf-v1/paused (0.02s)
    --- FAIL: TestGraphCheckpointPublicationBatchesAndFinalization/protobuf-v1/renewing (0.06s)
    --- FAIL: TestGraphCheckpointPublicationBatchesAndFinalization/protobuf-v1/tail-change (0.02s)
    --- FAIL: TestGraphCheckpointPublicationBatchesAndFinalization/protobuf-v1/tail-race (0.02s)
    --- FAIL: TestGraphCheckpointPublicationBatchesAndFinalization/protobuf-v1/wrong-runtime (0.01s)
    --- FAIL: TestGraphCheckpointPublicationBatchesAndFinalization/protobuf-v1/wrong-tail (0.06s)
    --- FAIL: TestGraphCheckpointPublicationBatchesAndFinalization/protobuf-v1/closed (0.02s)
    --- FAIL: TestGraphCheckpointPublicationBatchesAndFinalization/protobuf-v1/expired (0.02s)
    --- FAIL: TestGraphCheckpointPublicationBatchesAndFinalization/protobuf-v1/release-before (0.06s)
    --- FAIL: TestGraphCheckpointPublicationBatchesAndFinalization/protobuf-v1/release-confirmed (0.02s)
    --- FAIL: TestGraphCheckpointPublicationBatchesAndFinalization/protobuf-v1/release-unconfirmed (0.02s)
    --- FAIL: TestGraphCheckpointPublicationBatchesAndFinalization/protobuf-v1/pointer-before (0.06s)
    --- FAIL: TestGraphCheckpointPublicationBatchesAndFinalization/protobuf-v1/pointer-confirmed (0.02s)
    --- FAIL: TestGraphCheckpointPublicationBatchesAndFinalization/protobuf-v1/pointer-unconfirmed (0.02s)
FAIL
FAIL	js-wf/journal	1.056s
FAIL
