=== RUN   TestGraphCheckpointPublicationBatchesAndFinalization
=== RUN   TestGraphCheckpointPublicationBatchesAndFinalization/json/normal
    graph_checkpoint_publication_test.go:242: CHECKPOINT_PUBLICATION mode=normal next=36 entry_read_attempts=37 renewals=0 pointer_attempts=1 release_attempts=2
=== RUN   TestGraphCheckpointPublicationBatchesAndFinalization/json/paused
    graph_checkpoint_publication_test.go:242: CHECKPOINT_PUBLICATION mode=paused next=36 entry_read_attempts=38 renewals=0 pointer_attempts=1 release_attempts=2
=== RUN   TestGraphCheckpointPublicationBatchesAndFinalization/json/renewing
    graph_checkpoint_publication_test.go:242: CHECKPOINT_PUBLICATION mode=renewing next=36 entry_read_attempts=37 renewals=18 pointer_attempts=1 release_attempts=2
=== RUN   TestGraphCheckpointPublicationBatchesAndFinalization/json/tail-change
    graph_checkpoint_publication_test.go:242: CHECKPOINT_PUBLICATION mode=tail-change next=36 entry_read_attempts=37 renewals=0 pointer_attempts=0 release_attempts=1
=== RUN   TestGraphCheckpointPublicationBatchesAndFinalization/json/tail-race
    graph_checkpoint_publication_test.go:242: CHECKPOINT_PUBLICATION mode=tail-race next=36 entry_read_attempts=37 renewals=0 pointer_attempts=1 release_attempts=1
=== RUN   TestGraphCheckpointPublicationBatchesAndFinalization/json/wrong-runtime
    graph_checkpoint_publication_test.go:242: CHECKPOINT_PUBLICATION mode=wrong-runtime next=36 entry_read_attempts=37 renewals=0 pointer_attempts=0 release_attempts=1
=== RUN   TestGraphCheckpointPublicationBatchesAndFinalization/json/wrong-tail
    graph_checkpoint_publication_test.go:242: CHECKPOINT_PUBLICATION mode=wrong-tail next=36 entry_read_attempts=37 renewals=0 pointer_attempts=0 release_attempts=1
=== RUN   TestGraphCheckpointPublicationBatchesAndFinalization/json/closed
    graph_checkpoint_publication_test.go:242: CHECKPOINT_PUBLICATION mode=closed next=3 entry_read_attempts=3 renewals=0 pointer_attempts=0 release_attempts=1
=== RUN   TestGraphCheckpointPublicationBatchesAndFinalization/json/expired
    graph_checkpoint_publication_test.go:242: CHECKPOINT_PUBLICATION mode=expired next=3 entry_read_attempts=3 renewals=0 pointer_attempts=0 release_attempts=1
=== RUN   TestGraphCheckpointPublicationBatchesAndFinalization/json/release-before
    graph_checkpoint_publication_test.go:213: unverified publication admitted true <nil> true
=== RUN   TestGraphCheckpointPublicationBatchesAndFinalization/json/release-confirmed
    graph_checkpoint_publication_test.go:242: CHECKPOINT_PUBLICATION mode=release-confirmed next=36 entry_read_attempts=37 renewals=0 pointer_attempts=1 release_attempts=2
=== RUN   TestGraphCheckpointPublicationBatchesAndFinalization/json/release-unconfirmed
    graph_checkpoint_publication_test.go:213: unverified publication admitted true <nil> true
=== RUN   TestGraphCheckpointPublicationBatchesAndFinalization/json/pointer-before
    graph_checkpoint_publication_test.go:242: CHECKPOINT_PUBLICATION mode=pointer-before next=36 entry_read_attempts=37 renewals=0 pointer_attempts=2 release_attempts=2
=== RUN   TestGraphCheckpointPublicationBatchesAndFinalization/json/pointer-confirmed
    graph_checkpoint_publication_test.go:242: CHECKPOINT_PUBLICATION mode=pointer-confirmed next=36 entry_read_attempts=37 renewals=0 pointer_attempts=1 release_attempts=2
=== RUN   TestGraphCheckpointPublicationBatchesAndFinalization/json/pointer-unconfirmed
    graph_checkpoint_publication_test.go:242: CHECKPOINT_PUBLICATION mode=pointer-unconfirmed next=36 entry_read_attempts=37 renewals=0 pointer_attempts=1 release_attempts=2
=== RUN   TestGraphCheckpointPublicationBatchesAndFinalization/protobuf-v1/normal
    graph_checkpoint_publication_test.go:242: CHECKPOINT_PUBLICATION mode=normal next=36 entry_read_attempts=37 renewals=0 pointer_attempts=1 release_attempts=2
=== RUN   TestGraphCheckpointPublicationBatchesAndFinalization/protobuf-v1/paused
    graph_checkpoint_publication_test.go:242: CHECKPOINT_PUBLICATION mode=paused next=36 entry_read_attempts=38 renewals=0 pointer_attempts=1 release_attempts=2
=== RUN   TestGraphCheckpointPublicationBatchesAndFinalization/protobuf-v1/renewing
    graph_checkpoint_publication_test.go:242: CHECKPOINT_PUBLICATION mode=renewing next=36 entry_read_attempts=37 renewals=18 pointer_attempts=1 release_attempts=2
=== RUN   TestGraphCheckpointPublicationBatchesAndFinalization/protobuf-v1/tail-change
    graph_checkpoint_publication_test.go:242: CHECKPOINT_PUBLICATION mode=tail-change next=36 entry_read_attempts=37 renewals=0 pointer_attempts=0 release_attempts=1
=== RUN   TestGraphCheckpointPublicationBatchesAndFinalization/protobuf-v1/tail-race
    graph_checkpoint_publication_test.go:242: CHECKPOINT_PUBLICATION mode=tail-race next=36 entry_read_attempts=37 renewals=0 pointer_attempts=1 release_attempts=1
=== RUN   TestGraphCheckpointPublicationBatchesAndFinalization/protobuf-v1/wrong-runtime
    graph_checkpoint_publication_test.go:242: CHECKPOINT_PUBLICATION mode=wrong-runtime next=36 entry_read_attempts=37 renewals=0 pointer_attempts=0 release_attempts=1
=== RUN   TestGraphCheckpointPublicationBatchesAndFinalization/protobuf-v1/wrong-tail
    graph_checkpoint_publication_test.go:242: CHECKPOINT_PUBLICATION mode=wrong-tail next=36 entry_read_attempts=37 renewals=0 pointer_attempts=0 release_attempts=1
=== RUN   TestGraphCheckpointPublicationBatchesAndFinalization/protobuf-v1/closed
    graph_checkpoint_publication_test.go:242: CHECKPOINT_PUBLICATION mode=closed next=3 entry_read_attempts=3 renewals=0 pointer_attempts=0 release_attempts=1
=== RUN   TestGraphCheckpointPublicationBatchesAndFinalization/protobuf-v1/expired
    graph_checkpoint_publication_test.go:242: CHECKPOINT_PUBLICATION mode=expired next=3 entry_read_attempts=3 renewals=0 pointer_attempts=0 release_attempts=1
=== RUN   TestGraphCheckpointPublicationBatchesAndFinalization/protobuf-v1/release-before
    graph_checkpoint_publication_test.go:213: unverified publication admitted true <nil> true
=== RUN   TestGraphCheckpointPublicationBatchesAndFinalization/protobuf-v1/release-confirmed
    graph_checkpoint_publication_test.go:242: CHECKPOINT_PUBLICATION mode=release-confirmed next=36 entry_read_attempts=37 renewals=0 pointer_attempts=1 release_attempts=2
=== RUN   TestGraphCheckpointPublicationBatchesAndFinalization/protobuf-v1/release-unconfirmed
    graph_checkpoint_publication_test.go:213: unverified publication admitted true <nil> true
=== RUN   TestGraphCheckpointPublicationBatchesAndFinalization/protobuf-v1/pointer-before
    graph_checkpoint_publication_test.go:242: CHECKPOINT_PUBLICATION mode=pointer-before next=36 entry_read_attempts=37 renewals=0 pointer_attempts=2 release_attempts=2
=== RUN   TestGraphCheckpointPublicationBatchesAndFinalization/protobuf-v1/pointer-confirmed
    graph_checkpoint_publication_test.go:242: CHECKPOINT_PUBLICATION mode=pointer-confirmed next=36 entry_read_attempts=37 renewals=0 pointer_attempts=1 release_attempts=2
=== RUN   TestGraphCheckpointPublicationBatchesAndFinalization/protobuf-v1/pointer-unconfirmed
    graph_checkpoint_publication_test.go:242: CHECKPOINT_PUBLICATION mode=pointer-unconfirmed next=36 entry_read_attempts=37 renewals=0 pointer_attempts=1 release_attempts=2
--- FAIL: TestGraphCheckpointPublicationBatchesAndFinalization (0.97s)
    --- PASS: TestGraphCheckpointPublicationBatchesAndFinalization/json/normal (0.06s)
    --- PASS: TestGraphCheckpointPublicationBatchesAndFinalization/json/paused (0.02s)
    --- PASS: TestGraphCheckpointPublicationBatchesAndFinalization/json/renewing (0.02s)
    --- PASS: TestGraphCheckpointPublicationBatchesAndFinalization/json/tail-change (0.06s)
    --- PASS: TestGraphCheckpointPublicationBatchesAndFinalization/json/tail-race (0.01s)
    --- PASS: TestGraphCheckpointPublicationBatchesAndFinalization/json/wrong-runtime (0.02s)
    --- PASS: TestGraphCheckpointPublicationBatchesAndFinalization/json/wrong-tail (0.01s)
    --- PASS: TestGraphCheckpointPublicationBatchesAndFinalization/json/closed (0.05s)
    --- PASS: TestGraphCheckpointPublicationBatchesAndFinalization/json/expired (0.01s)
    --- FAIL: TestGraphCheckpointPublicationBatchesAndFinalization/json/release-before (0.02s)
    --- PASS: TestGraphCheckpointPublicationBatchesAndFinalization/json/release-confirmed (0.01s)
    --- FAIL: TestGraphCheckpointPublicationBatchesAndFinalization/json/release-unconfirmed (0.06s)
    --- PASS: TestGraphCheckpointPublicationBatchesAndFinalization/json/pointer-before (0.02s)
    --- PASS: TestGraphCheckpointPublicationBatchesAndFinalization/json/pointer-confirmed (0.03s)
    --- PASS: TestGraphCheckpointPublicationBatchesAndFinalization/json/pointer-unconfirmed (0.06s)
    --- PASS: TestGraphCheckpointPublicationBatchesAndFinalization/protobuf-v1/normal (0.02s)
    --- PASS: TestGraphCheckpointPublicationBatchesAndFinalization/protobuf-v1/paused (0.02s)
    --- PASS: TestGraphCheckpointPublicationBatchesAndFinalization/protobuf-v1/renewing (0.06s)
    --- PASS: TestGraphCheckpointPublicationBatchesAndFinalization/protobuf-v1/tail-change (0.02s)
    --- PASS: TestGraphCheckpointPublicationBatchesAndFinalization/protobuf-v1/tail-race (0.07s)
    --- PASS: TestGraphCheckpointPublicationBatchesAndFinalization/protobuf-v1/wrong-runtime (0.02s)
    --- PASS: TestGraphCheckpointPublicationBatchesAndFinalization/protobuf-v1/wrong-tail (0.02s)
    --- PASS: TestGraphCheckpointPublicationBatchesAndFinalization/protobuf-v1/closed (0.05s)
    --- PASS: TestGraphCheckpointPublicationBatchesAndFinalization/protobuf-v1/expired (0.01s)
    --- FAIL: TestGraphCheckpointPublicationBatchesAndFinalization/protobuf-v1/release-before (0.02s)
    --- PASS: TestGraphCheckpointPublicationBatchesAndFinalization/protobuf-v1/release-confirmed (0.02s)
    --- FAIL: TestGraphCheckpointPublicationBatchesAndFinalization/protobuf-v1/release-unconfirmed (0.06s)
    --- PASS: TestGraphCheckpointPublicationBatchesAndFinalization/protobuf-v1/pointer-before (0.03s)
    --- PASS: TestGraphCheckpointPublicationBatchesAndFinalization/protobuf-v1/pointer-confirmed (0.06s)
    --- PASS: TestGraphCheckpointPublicationBatchesAndFinalization/protobuf-v1/pointer-unconfirmed (0.02s)
FAIL
FAIL	js-wf/journal	0.974s
FAIL
