=== RUN   TestGraphCompactionOwnedRenewalCost
=== RUN   TestGraphCompactionOwnedRenewalCost/seed2/owned1000-1ms
    compaction_owned_cost_test.go:143: OWNED_RENEWAL seed=2 scopes=1020 latency=1ms elapsed=7.158482527s discovered=1020 examined=1020 renewed=1020 old_expiry=0 new_expiry=1020 roots=3078 blobs=1020 writes=1020 complete=true err=<nil>
=== RUN   TestGraphCompactionOwnedRenewalCost/seed2/owned10000-1ms
    compaction_owned_cost_test.go:143: OWNED_RENEWAL seed=2 scopes=10020 latency=1ms elapsed=20.001847629s discovered=2944 examined=2839 renewed=2839 old_expiry=7181 new_expiry=2839 roots=8565 blobs=2839 writes=2839 complete=false err=blob publication revoked
=== RUN   TestGraphCompactionOwnedRenewalCost/seed2/owned10000-10us
    compaction_owned_cost_test.go:143: OWNED_RENEWAL seed=2 scopes=10020 latency=10µs elapsed=704.036555ms discovered=10020 examined=10020 renewed=10020 old_expiry=0 new_expiry=10020 roots=30220 blobs=10020 writes=10020 complete=true err=<nil>
=== RUN   TestGraphCompactionOwnedRenewalCost/seed5/owned1000-1ms
    compaction_owned_cost_test.go:143: OWNED_RENEWAL seed=5 scopes=1020 latency=1ms elapsed=7.1625288s discovered=1020 examined=1020 renewed=1020 old_expiry=0 new_expiry=1020 roots=3078 blobs=1020 writes=1020 complete=true err=<nil>
=== RUN   TestGraphCompactionOwnedRenewalCost/seed5/owned10000-1ms
    compaction_owned_cost_test.go:143: OWNED_RENEWAL seed=5 scopes=10020 latency=1ms elapsed=20.001981112s discovered=2944 examined=2835 renewed=2835 old_expiry=7185 new_expiry=2835 roots=8554 blobs=2836 writes=2835 complete=false err=blob publication revoked
=== RUN   TestGraphCompactionOwnedRenewalCost/seed5/owned10000-10us
    compaction_owned_cost_test.go:143: OWNED_RENEWAL seed=5 scopes=10020 latency=10µs elapsed=701.571404ms discovered=10020 examined=10020 renewed=10020 old_expiry=0 new_expiry=10020 roots=30220 blobs=10020 writes=10020 complete=true err=<nil>
=== RUN   TestGraphCompactionOwnedRenewalCost/seed42/owned1000-1ms
    compaction_owned_cost_test.go:143: OWNED_RENEWAL seed=42 scopes=1020 latency=1ms elapsed=7.147097682s discovered=1020 examined=1020 renewed=1020 old_expiry=0 new_expiry=1020 roots=3078 blobs=1020 writes=1020 complete=true err=<nil>
=== RUN   TestGraphCompactionOwnedRenewalCost/seed42/owned10000-1ms
    compaction_owned_cost_test.go:143: OWNED_RENEWAL seed=42 scopes=10020 latency=1ms elapsed=20.000177675s discovered=2944 examined=2830 renewed=2830 old_expiry=7190 new_expiry=2830 roots=8538 blobs=2830 writes=2830 complete=false err=blob publication revoked
=== RUN   TestGraphCompactionOwnedRenewalCost/seed42/owned10000-10us
    compaction_owned_cost_test.go:143: OWNED_RENEWAL seed=42 scopes=10020 latency=10µs elapsed=702.830371ms discovered=10020 examined=10020 renewed=10020 old_expiry=0 new_expiry=10020 roots=30220 blobs=10020 writes=10020 complete=true err=<nil>
=== RUN   TestGraphCompactionOwnedRenewalCost/seed42/owned100000-1ms
    compaction_owned_cost_test.go:143: OWNED_RENEWAL seed=42 scopes=100020 latency=1ms elapsed=20.000177675s discovered=2944 examined=2830 renewed=2830 old_expiry=97190 new_expiry=2830 roots=8538 blobs=2830 writes=2830 complete=false err=blob publication revoked
=== RUN   TestGraphCompactionOwnedRenewalCost/seed42/owned100000-10us
    compaction_owned_cost_test.go:143: OWNED_RENEWAL seed=42 scopes=100020 latency=10µs elapsed=7.019511954s discovered=100020 examined=100020 renewed=100020 old_expiry=0 new_expiry=100020 roots=301626 blobs=100020 writes=100020 complete=true err=<nil>
--- PASS: TestGraphCompactionOwnedRenewalCost (63.15s)
    --- PASS: TestGraphCompactionOwnedRenewalCost/seed2/owned1000-1ms (0.50s)
    --- PASS: TestGraphCompactionOwnedRenewalCost/seed2/owned10000-1ms (1.38s)
    --- PASS: TestGraphCompactionOwnedRenewalCost/seed2/owned10000-10us (4.56s)
    --- PASS: TestGraphCompactionOwnedRenewalCost/seed5/owned1000-1ms (0.51s)
    --- PASS: TestGraphCompactionOwnedRenewalCost/seed5/owned10000-1ms (1.33s)
    --- PASS: TestGraphCompactionOwnedRenewalCost/seed5/owned10000-10us (4.36s)
    --- PASS: TestGraphCompactionOwnedRenewalCost/seed42/owned1000-1ms (0.48s)
    --- PASS: TestGraphCompactionOwnedRenewalCost/seed42/owned10000-1ms (1.26s)
    --- PASS: TestGraphCompactionOwnedRenewalCost/seed42/owned10000-10us (4.26s)
    --- PASS: TestGraphCompactionOwnedRenewalCost/seed42/owned100000-1ms (2.68s)
    --- PASS: TestGraphCompactionOwnedRenewalCost/seed42/owned100000-10us (41.84s)
PASS
ok  	js-wf/internal/graphpublication	64.208s
