=== RUN   TestFallbackTimerPartialCursorDoesNotSkipUncertainPublicationOrDeletion
=== RUN   TestFallbackTimerPartialCursorDoesNotSkipUncertainPublicationOrDeletion/info
=== RUN   TestFallbackTimerPartialCursorDoesNotSkipUncertainPublicationOrDeletion/first_read
=== RUN   TestFallbackTimerPartialCursorDoesNotSkipUncertainPublicationOrDeletion/read
=== RUN   TestFallbackTimerPartialCursorDoesNotSkipUncertainPublicationOrDeletion/state
=== RUN   TestFallbackTimerPartialCursorDoesNotSkipUncertainPublicationOrDeletion/clock
=== RUN   TestFallbackTimerPartialCursorDoesNotSkipUncertainPublicationOrDeletion/publish
=== RUN   TestFallbackTimerPartialCursorDoesNotSkipUncertainPublicationOrDeletion/delete
=== RUN   TestFallbackTimerPartialCursorDoesNotSkipUncertainPublicationOrDeletion/retired_delete
--- PASS: TestFallbackTimerPartialCursorDoesNotSkipUncertainPublicationOrDeletion (0.00s)
    --- PASS: TestFallbackTimerPartialCursorDoesNotSkipUncertainPublicationOrDeletion/info (0.00s)
    --- PASS: TestFallbackTimerPartialCursorDoesNotSkipUncertainPublicationOrDeletion/first_read (0.00s)
    --- PASS: TestFallbackTimerPartialCursorDoesNotSkipUncertainPublicationOrDeletion/read (0.00s)
    --- PASS: TestFallbackTimerPartialCursorDoesNotSkipUncertainPublicationOrDeletion/state (0.00s)
    --- PASS: TestFallbackTimerPartialCursorDoesNotSkipUncertainPublicationOrDeletion/clock (0.00s)
    --- PASS: TestFallbackTimerPartialCursorDoesNotSkipUncertainPublicationOrDeletion/publish (0.00s)
    --- PASS: TestFallbackTimerPartialCursorDoesNotSkipUncertainPublicationOrDeletion/delete (0.00s)
    --- PASS: TestFallbackTimerPartialCursorDoesNotSkipUncertainPublicationOrDeletion/retired_delete (0.00s)
=== RUN   TestGraphFallbackTimerCanonicalDecisions
=== RUN   TestGraphFallbackTimerCanonicalDecisions/due
    graph_fallback_timers_test.go:161: mode=due publications=1 deletions=1 error=<nil>
=== RUN   TestGraphFallbackTimerCanonicalDecisions/held
    graph_fallback_timers_test.go:161: mode=held publications=0 deletions=0 error=<nil>
=== RUN   TestGraphFallbackTimerCanonicalDecisions/lease-unknown
    graph_fallback_timers_test.go:161: mode=lease-unknown publications=0 deletions=0 error=journal append outcome unknown: context deadline exceeded
=== RUN   TestGraphFallbackTimerCanonicalDecisions/source-forged
    graph_fallback_timers_test.go:161: mode=source-forged publications=0 deletions=0 error=journal gap or corrupt entry
=== RUN   TestGraphFallbackTimerCanonicalDecisions/hint-forged
    graph_fallback_timers_test.go:161: mode=hint-forged publications=0 deletions=0 error=journal gap or corrupt entry
=== RUN   TestGraphFallbackTimerCanonicalDecisions/publish-unknown
    graph_fallback_timers_test.go:161: mode=publish-unknown publications=1 deletions=0 error=context deadline exceeded
=== RUN   TestGraphFallbackTimerCanonicalDecisions/delete-unknown
    graph_fallback_timers_test.go:161: mode=delete-unknown publications=1 deletions=0 error=context deadline exceeded
=== RUN   TestGraphFallbackTimerCanonicalDecisions/authority-unknown
    graph_fallback_timers_test.go:161: mode=authority-unknown publications=0 deletions=0 error=journal append outcome unknown: simulated transport lost
=== RUN   TestGraphFallbackTimerCanonicalDecisions/terminal
    graph_fallback_timers_test.go:161: mode=terminal publications=0 deletions=1 error=<nil>
--- PASS: TestGraphFallbackTimerCanonicalDecisions (0.23s)
    --- PASS: TestGraphFallbackTimerCanonicalDecisions/due (0.04s)
    --- PASS: TestGraphFallbackTimerCanonicalDecisions/held (0.02s)
    --- PASS: TestGraphFallbackTimerCanonicalDecisions/lease-unknown (0.02s)
    --- PASS: TestGraphFallbackTimerCanonicalDecisions/source-forged (0.02s)
    --- PASS: TestGraphFallbackTimerCanonicalDecisions/hint-forged (0.03s)
    --- PASS: TestGraphFallbackTimerCanonicalDecisions/publish-unknown (0.03s)
    --- PASS: TestGraphFallbackTimerCanonicalDecisions/delete-unknown (0.03s)
    --- PASS: TestGraphFallbackTimerCanonicalDecisions/authority-unknown (0.02s)
    --- PASS: TestGraphFallbackTimerCanonicalDecisions/terminal (0.03s)
=== RUN   TestNativeGraphFallbackTimerIgnoresForgedState
--- PASS: TestNativeGraphFallbackTimerIgnoresForgedState (0.84s)
=== RUN   TestGraphReconcileRejectsMissingConfiguration
--- PASS: TestGraphReconcileRejectsMissingConfiguration (0.00s)
PASS
ok  	js-wf/reconcile	2.395s
