2026-10-01T06:49:54.7537550Z Current runner version: '2.337.0'
2026-10-01T06:49:54.7564375Z ##[group]Runner Image Provisioner
2026-10-01T06:49:54.7565494Z Hosted Compute Agent
2026-10-01T06:49:54.7566242Z Version: 20260828.587
2026-10-01T06:49:54.7567134Z Commit: abac92662cab4cc7352de4f9f9d2e2419aad9c29
2026-10-01T06:49:54.7568042Z Build Date: 2026-08-28T16:44:25Z
2026-10-01T06:49:54.7568872Z Worker ID: {949ad67a-811e-4bed-9fa1-095124788a15}
2026-10-01T06:49:54.7569891Z Azure Region: northcentralus
2026-10-01T06:49:54.7570690Z ##[endgroup]
2026-10-01T06:49:54.7572357Z ##[group]Operating System
2026-10-01T06:49:54.7573350Z Ubuntu
2026-10-01T06:49:54.7573995Z 24.04.5
2026-10-01T06:49:54.7574704Z LTS
2026-10-01T06:49:54.7575361Z ##[endgroup]
2026-10-01T06:49:54.7576170Z ##[group]Runner Image
2026-10-01T06:49:54.7576935Z Image: ubuntu-24.04
2026-10-01T06:49:54.7577651Z Version: 20260920.314.1
2026-10-01T06:49:54.7579321Z Included Software: https://github.com/actions/runner-images/blob/ubuntu24/20260920.314/images/ubuntu/Ubuntu2404-Readme.md
2026-10-01T06:49:54.7581162Z Image Release: https://github.com/actions/runner-images/releases/tag/ubuntu24%2F20260920.314
2026-10-01T06:49:54.7581986Z ##[endgroup]
2026-10-01T06:49:54.7583111Z ##[group]GITHUB_TOKEN Permissions
2026-10-01T06:49:54.7585018Z Contents: read
2026-10-01T06:49:54.7585507Z Metadata: read
2026-10-01T06:49:54.7586295Z Packages: read
2026-10-01T06:49:54.7586751Z ##[endgroup]
2026-10-01T06:49:54.7588381Z Secret source: Actions
2026-10-01T06:49:54.7589261Z Cache mode: write
2026-10-01T06:49:54.7590061Z Prepare workflow directory
2026-10-01T06:49:54.7953451Z Prepare all required actions
2026-10-01T06:49:54.8007465Z Getting action download info
2026-10-01T06:49:55.0135176Z Download action repository 'actions/checkout@v4' (SHA:11d5960a326750d5838078e36cf38b85af677262)
2026-10-01T06:49:55.1258135Z Download action repository 'actions/setup-go@v5' (SHA:40f1582b2485089dde7abd97c1529aa768e1baff)
2026-10-01T06:49:55.5139825Z Download action repository 'actions/upload-artifact@v7' (SHA:043fb46d1a93c77aae656e7c1c64a875d1fc6a0a)
2026-10-01T06:49:55.7210508Z Complete job name: lease-append-pressure
2026-10-01T06:49:55.7976984Z ##[group]Run actions/checkout@v4
2026-10-01T06:49:55.7978101Z with:
2026-10-01T06:49:55.7978816Z   repository: AntPAllen/js-wf
2026-10-01T06:49:55.7986310Z   token: ***
2026-10-01T06:49:55.7987020Z   ssh-strict: true
2026-10-01T06:49:55.7987744Z   ssh-user: git
2026-10-01T06:49:55.7988471Z   persist-credentials: true
2026-10-01T06:49:55.7989314Z   clean: true
2026-10-01T06:49:55.7990055Z   sparse-checkout-cone-mode: true
2026-10-01T06:49:55.7990918Z   fetch-depth: 1
2026-10-01T06:49:55.7991636Z   fetch-tags: false
2026-10-01T06:49:55.7992370Z   show-progress: true
2026-10-01T06:49:55.7993196Z   lfs: false
2026-10-01T06:49:55.7993899Z   submodules: false
2026-10-01T06:49:55.7994655Z   set-safe-directory: true
2026-10-01T06:49:55.7995496Z   allow-unsafe-pr-checkout: false
2026-10-01T06:49:55.7996580Z env:
2026-10-01T06:49:55.7997266Z   WF_LEASE_APPEND_PRESSURE: 1
2026-10-01T06:49:55.7998207Z   LEASE_APPEND_REPORT: lease-append-pressure
2026-10-01T06:49:55.7999143Z ##[endgroup]
2026-10-01T06:49:55.8811428Z Syncing repository: AntPAllen/js-wf
2026-10-01T06:49:55.8814157Z ##[group]Getting Git version info
2026-10-01T06:49:55.8815662Z Working directory is '/home/runner/work/js-wf/js-wf'
2026-10-01T06:49:55.8817371Z [command]/usr/bin/git version
2026-10-01T06:49:55.8894010Z git version 2.55.0
2026-10-01T06:49:55.8918555Z ##[endgroup]
2026-10-01T06:49:55.8926459Z Temporarily overriding HOME='/home/runner/work/_temp/65a3a23f-ccc5-42da-8bcf-e72c4981d378' before making global git config changes
2026-10-01T06:49:55.8944961Z Adding repository directory to the temporary git global config as a safe directory
2026-10-01T06:49:55.8947751Z [command]/usr/bin/git config --global --add safe.directory /home/runner/work/js-wf/js-wf
2026-10-01T06:49:55.8977970Z Deleting the contents of '/home/runner/work/js-wf/js-wf'
2026-10-01T06:49:55.8980730Z ##[group]Initializing the repository
2026-10-01T06:49:55.8983327Z [command]/usr/bin/git init /home/runner/work/js-wf/js-wf
2026-10-01T06:49:55.9068694Z hint: Using 'master' as the name for the initial branch. This default branch name
2026-10-01T06:49:55.9070754Z hint: will change to "main" in Git 3.0. To configure the initial branch name
2026-10-01T06:49:55.9072269Z hint: to use in all of your new repositories, which will suppress this warning,
2026-10-01T06:49:55.9074071Z hint: call:
2026-10-01T06:49:55.9074740Z hint:
2026-10-01T06:49:55.9075568Z hint: 	git config --global init.defaultBranch <name>
2026-10-01T06:49:55.9076569Z hint:
2026-10-01T06:49:55.9077537Z hint: Names commonly chosen instead of 'master' are 'main', 'trunk' and
2026-10-01T06:49:55.9079779Z hint: 'development'. The just-created branch can be renamed via this command:
2026-10-01T06:49:55.9081641Z hint:
2026-10-01T06:49:55.9082699Z hint: 	git branch -m <name>
2026-10-01T06:49:55.9083754Z hint:
2026-10-01T06:49:55.9085113Z hint: Disable this message with "git config set advice.defaultBranchName false"
2026-10-01T06:49:55.9086781Z Initialized empty Git repository in /home/runner/work/js-wf/js-wf/.git/
2026-10-01T06:49:55.9091840Z [command]/usr/bin/git remote add origin https://github.com/AntPAllen/js-wf
2026-10-01T06:49:55.9216368Z ##[endgroup]
2026-10-01T06:49:55.9218484Z ##[group]Disabling automatic garbage collection
2026-10-01T06:49:55.9220418Z [command]/usr/bin/git config --local gc.auto 0
2026-10-01T06:49:55.9247935Z ##[endgroup]
2026-10-01T06:49:55.9250010Z ##[group]Setting up auth
2026-10-01T06:49:55.9253776Z [command]/usr/bin/git config --local --name-only --get-regexp core\.sshCommand
2026-10-01T06:49:55.9294257Z [command]/usr/bin/git submodule foreach --recursive sh -c "git config --local --name-only --get-regexp 'core\.sshCommand' && git config --local --unset-all 'core.sshCommand' || :"
2026-10-01T06:49:55.9603786Z [command]/usr/bin/git config --local --name-only --get-regexp http\.https\:\/\/github\.com\/\.extraheader
2026-10-01T06:49:55.9636195Z [command]/usr/bin/git submodule foreach --recursive sh -c "git config --local --name-only --get-regexp 'http\.https\:\/\/github\.com\/\.extraheader' && git config --local --unset-all 'http.https://github.com/.extraheader' || :"
2026-10-01T06:49:55.9823482Z [command]/usr/bin/git config --local --name-only --get-regexp ^includeIf\.gitdir:
2026-10-01T06:49:55.9851561Z [command]/usr/bin/git submodule foreach --recursive git config --local --show-origin --name-only --get-regexp remote.origin.url
2026-10-01T06:49:56.0038398Z [command]/usr/bin/git config --local http.https://github.com/.extraheader AUTHORIZATION: basic ***
2026-10-01T06:49:56.0072789Z ##[endgroup]
2026-10-01T06:49:56.0074544Z ##[group]Fetching the repository
2026-10-01T06:49:56.0080414Z [command]/usr/bin/git -c protocol.version=2 fetch --no-tags --prune --no-recurse-submodules --depth=1 origin +a8064ac7a9a9ad4b1266afee946c3e4946f1491a:refs/remotes/origin/main
2026-10-01T06:49:56.9743156Z From https://github.com/AntPAllen/js-wf
2026-10-01T06:49:56.9743690Z  * [new ref]         a8064ac7a9a9ad4b1266afee946c3e4946f1491a -> origin/main
2026-10-01T06:49:56.9746568Z ##[endgroup]
2026-10-01T06:49:56.9747148Z ##[group]Determining the checkout info
2026-10-01T06:49:56.9748804Z ##[endgroup]
2026-10-01T06:49:56.9753786Z [command]/usr/bin/git sparse-checkout disable
2026-10-01T06:49:56.9798695Z [command]/usr/bin/git config --local --unset-all extensions.worktreeConfig
2026-10-01T06:49:56.9825711Z ##[group]Checking out the ref
2026-10-01T06:49:56.9829618Z [command]/usr/bin/git checkout --progress --force -B main refs/remotes/origin/main
2026-10-01T06:49:57.1347186Z Switched to a new branch 'main'
2026-10-01T06:49:57.1367185Z branch 'main' set up to track 'origin/main'.
2026-10-01T06:49:57.1370745Z ##[endgroup]
2026-10-01T06:49:57.1413112Z [command]/usr/bin/git log -1 --format=%H
2026-10-01T06:49:57.1437445Z a8064ac7a9a9ad4b1266afee946c3e4946f1491a
2026-10-01T06:49:57.1643001Z ##[group]Run actions/setup-go@v5
2026-10-01T06:49:57.1643293Z with:
2026-10-01T06:49:57.1643503Z   go-version-file: go.mod
2026-10-01T06:49:57.1643947Z   check-latest: false
2026-10-01T06:49:57.1646111Z   token: ***
2026-10-01T06:49:57.1646319Z   cache: true
2026-10-01T06:49:57.1646514Z env:
2026-10-01T06:49:57.1646724Z   WF_LEASE_APPEND_PRESSURE: 1
2026-10-01T06:49:57.1647005Z   LEASE_APPEND_REPORT: lease-append-pressure
2026-10-01T06:49:57.1647276Z ##[endgroup]
2026-10-01T06:49:57.2640118Z Setup go version spec 1.27.1
2026-10-01T06:49:57.2647448Z Attempting to download 1.27.1...
2026-10-01T06:49:57.2730780Z (node:2041) [DEP0040] DeprecationWarning: The `punycode` module is deprecated. Please use a userland alternative instead.
2026-10-01T06:49:57.2731401Z (Use `node --trace-deprecation ...` to show where the warning was created)
2026-10-01T06:49:57.8689663Z matching 1.27.1...
2026-10-01T06:49:57.8761798Z Acquiring 1.27.1 from https://github.com/actions/go-versions/releases/download/1.27.1-33583469715/go-1.27.1-linux-x64.tar.gz
2026-10-01T06:49:58.2370924Z Extracting Go...
2026-10-01T06:49:58.2456755Z [command]/usr/bin/tar xz --warning=no-unknown-keyword --overwrite -C /home/runner/work/_temp/dc1b8b1a-7493-4a35-99d0-70531f986bba -f /home/runner/work/_temp/31bb716a-b086-4c75-8e5c-63e42d4cfb56
2026-10-01T06:49:59.6657341Z Successfully extracted go to /home/runner/work/_temp/dc1b8b1a-7493-4a35-99d0-70531f986bba
2026-10-01T06:49:59.6657813Z Adding to the cache ...
2026-10-01T06:50:08.9033576Z Successfully cached go to /opt/hostedtoolcache/go/1.27.1/x64
2026-10-01T06:50:08.9035047Z Added go to the path
2026-10-01T06:50:08.9037155Z Successfully set up Go version 1.27.1
2026-10-01T06:50:08.9238980Z [command]/opt/hostedtoolcache/go/1.27.1/x64/bin/go env GOMODCACHE
2026-10-01T06:50:08.9274215Z [command]/opt/hostedtoolcache/go/1.27.1/x64/bin/go env GOCACHE
2026-10-01T06:50:08.9307975Z /home/runner/go/pkg/mod
2026-10-01T06:50:08.9321998Z /home/runner/.cache/go-build
2026-10-01T06:50:09.0334691Z Cache hit for: setup-go-Linux-x64-ubuntu24-go-1.27.1-487c2eade748c1cfcd01caf54d154b8f65df65b05311c1ecee4b42fdda97ee43
2026-10-01T06:50:09.0415784Z (node:2041) [DEP0169] DeprecationWarning: `url.parse()` behavior is not standardized and prone to errors that have security implications. Use the WHATWG URL API instead. CVEs are not issued for `url.parse()` vulnerabilities.
2026-10-01T06:50:10.1382205Z Received 180355072 of 189957878 (94.9%), 172.0 MBs/sec
2026-10-01T06:50:10.1795948Z Received 189957878 of 189957878 (100.0%), 173.9 MBs/sec
2026-10-01T06:50:10.1796534Z Cache Size: ~181 MB (189957878 B)
2026-10-01T06:50:10.1892810Z [command]/usr/bin/tar -xf /home/runner/work/_temp/e4c3a59c-771f-4489-bd4d-632b5a74fe3c/cache.tzst -P -C /home/runner/work/js-wf/js-wf --use-compress-program unzstd
2026-10-01T06:50:10.9946097Z Cache restored successfully
2026-10-01T06:50:11.0030413Z Cache restored from key: setup-go-Linux-x64-ubuntu24-go-1.27.1-487c2eade748c1cfcd01caf54d154b8f65df65b05311c1ecee4b42fdda97ee43
2026-10-01T06:50:11.0047922Z go version go1.27.1 linux/amd64
2026-10-01T06:50:11.0048103Z 
2026-10-01T06:50:11.0048356Z ##[group]go env
2026-10-01T06:50:11.0168258Z AR='ar'
2026-10-01T06:50:11.0168565Z CC='gcc'
2026-10-01T06:50:11.0168840Z CGO_CFLAGS='-O2 -g'
2026-10-01T06:50:11.0169120Z CGO_CPPFLAGS=''
2026-10-01T06:50:11.0169391Z CGO_CXXFLAGS='-O2 -g'
2026-10-01T06:50:11.0169689Z CGO_ENABLED='1'
2026-10-01T06:50:11.0169957Z CGO_FFLAGS='-O2 -g'
2026-10-01T06:50:11.0170628Z CGO_LDFLAGS='-O2 -g'
2026-10-01T06:50:11.0170898Z CXX='g++'
2026-10-01T06:50:11.0171144Z GCCGO='gccgo'
2026-10-01T06:50:11.0171390Z GO111MODULE=''
2026-10-01T06:50:11.0171639Z GOAMD64='v1'
2026-10-01T06:50:11.0171889Z GOARCH='amd64'
2026-10-01T06:50:11.0172129Z GOAUTH='netrc'
2026-10-01T06:50:11.0172388Z GOBIN='/home/runner/go/bin'
2026-10-01T06:50:11.0172847Z GOCACHE='/home/runner/.cache/go-build'
2026-10-01T06:50:11.0173105Z GOCACHEPROG=''
2026-10-01T06:50:11.0173278Z GODEBUG=''
2026-10-01T06:50:11.0173473Z GOENV='/home/runner/.config/go/env'
2026-10-01T06:50:11.0173899Z GOEXE=''
2026-10-01T06:50:11.0174070Z GOEXPERIMENT=''
2026-10-01T06:50:11.0174263Z GOFIPS140='off'
2026-10-01T06:50:11.0174429Z GOFLAGS=''
2026-10-01T06:50:11.0175074Z GOGCCFLAGS='-fPIC -m64 -pthread -Wl,--no-gc-sections -fmessage-length=0 -ffile-prefix-map=/tmp/go-build1418246135=/tmp/go-build -gno-record-gcc-switches'
2026-10-01T06:50:11.0175598Z GOHOSTARCH='amd64'
2026-10-01T06:50:11.0175779Z GOHOSTOS='linux'
2026-10-01T06:50:11.0175953Z GOINSECURE=''
2026-10-01T06:50:11.0176147Z GOMOD='/home/runner/work/js-wf/js-wf/go.mod'
2026-10-01T06:50:11.0176413Z GOMODCACHE='/home/runner/go/pkg/mod'
2026-10-01T06:50:11.0176652Z GONOPROXY=''
2026-10-01T06:50:11.0176819Z GONOSUMDB=''
2026-10-01T06:50:11.0176976Z GOOS='linux'
2026-10-01T06:50:11.0177153Z GOPACKAGESDRIVER=''
2026-10-01T06:50:11.0177341Z GOPATH='/home/runner/go'
2026-10-01T06:50:11.0177529Z GOPRIVATE=''
2026-10-01T06:50:11.0177738Z GOPROXY='https://proxy.golang.org,direct'
2026-10-01T06:50:11.0178009Z GOROOT='/opt/hostedtoolcache/go/1.27.1/x64'
2026-10-01T06:50:11.0178252Z GOSUMDB='sum.golang.org'
2026-10-01T06:50:11.0178441Z GOTELEMETRY='local'
2026-10-01T06:50:11.0178657Z GOTELEMETRYDIR='/home/runner/.config/go/telemetry'
2026-10-01T06:50:11.0178901Z GOTMPDIR=''
2026-10-01T06:50:11.0179067Z GOTOOLCHAIN='auto'
2026-10-01T06:50:11.0179319Z GOTOOLDIR='/opt/hostedtoolcache/go/1.27.1/x64/pkg/tool/linux_amd64'
2026-10-01T06:50:11.0179600Z GOVCS=''
2026-10-01T06:50:11.0179762Z GOVERSION='go1.27.1'
2026-10-01T06:50:11.0179946Z GOWORK=''
2026-10-01T06:50:11.0180160Z PKG_CONFIG='pkg-config'
2026-10-01T06:50:11.0180274Z 
2026-10-01T06:50:11.0180517Z ##[endgroup]
2026-10-01T06:50:11.0356355Z ##[group]Run if ! command -v strace >/dev/null 2>&1; then
2026-10-01T06:50:11.0356916Z [36;1mif ! command -v strace >/dev/null 2>&1; then[0m
2026-10-01T06:50:11.0357315Z [36;1m  sudo apt-get update -qq[0m
2026-10-01T06:50:11.0357664Z [36;1m  sudo apt-get install -y strace[0m
2026-10-01T06:50:11.0358009Z [36;1mfi[0m
2026-10-01T06:50:11.0358337Z [36;1mif test -f /proc/sys/kernel/yama/ptrace_scope; then[0m
2026-10-01T06:50:11.0358793Z [36;1m  sudo sysctl -w kernel.yama.ptrace_scope=0[0m
2026-10-01T06:50:11.0359149Z [36;1mfi[0m
2026-10-01T06:50:11.0814269Z shell: /usr/bin/bash -e {0}
2026-10-01T06:50:11.0814535Z env:
2026-10-01T06:50:11.0814728Z   WF_LEASE_APPEND_PRESSURE: 1
2026-10-01T06:50:11.0814978Z   LEASE_APPEND_REPORT: lease-append-pressure
2026-10-01T06:50:11.0815219Z ##[endgroup]
2026-10-01T06:50:11.1009856Z kernel.yama.ptrace_scope = 0
2026-10-01T06:50:11.1044884Z ##[group]Run go test -race ./integration -run '^TestLeaseAppendPressureFixedPlacement$' -count=1 -timeout=5m -v
2026-10-01T06:50:11.1045577Z [36;1mgo test -race ./integration -run '^TestLeaseAppendPressureFixedPlacement$' -count=1 -timeout=5m -v[0m
2026-10-01T06:50:11.1098153Z shell: /usr/bin/bash -e {0}
2026-10-01T06:50:11.1098377Z env:
2026-10-01T06:50:11.1098552Z   WF_LEASE_APPEND_PRESSURE: 1
2026-10-01T06:50:11.1098799Z   LEASE_APPEND_REPORT: lease-append-pressure
2026-10-01T06:50:11.1099045Z ##[endgroup]
2026-10-01T06:50:49.9682001Z === RUN   TestLeaseAppendPressureFixedPlacement
2026-10-01T06:50:54.5118024Z     lease_append_pressure_test.go:288: pressure delayed=false append=false writers=1 elapsed=17.441469ms owners=[{ID:dfalse-afalse-w1-0 Calls:48 RenewTime:17.361769ms AppendTime:0s MaxRenew:444.7µs Epoch:5 RevisionBefore:6 RevisionAfter:54 GateTime:190.079µs UpdateTime:15.905546ms Error:}]
2026-10-01T06:50:54.5983593Z     lease_append_pressure_test.go:288: pressure delayed=false append=true writers=1 elapsed=59.634549ms owners=[{ID:dfalse-atrue-w1-0 Calls:48 RenewTime:17.867187ms AppendTime:41.57974ms MaxRenew:421.76µs Epoch:56 RevisionBefore:57 RevisionAfter:105 GateTime:157.662µs UpdateTime:16.413714ms Error:}]
2026-10-01T06:50:54.7160572Z     lease_append_pressure_test.go:288: pressure delayed=false append=true writers=2 elapsed=71.5694ms owners=[{ID:dfalse-atrue-w2-0 Calls:48 RenewTime:21.300045ms AppendTime:50.006389ms MaxRenew:678.622µs Epoch:107 RevisionBefore:108 RevisionAfter:205 GateTime:155.78µs UpdateTime:19.7223ms Error:} {ID:dfalse-atrue-w2-1 Calls:48 RenewTime:21.157353ms AppendTime:50.331716ms MaxRenew:615.979µs Epoch:109 RevisionBefore:110 RevisionAfter:206 GateTime:158.439µs UpdateTime:19.507287ms Error:}]
2026-10-01T06:50:55.0127208Z     lease_append_pressure_test.go:288: pressure delayed=false append=true writers=8 elapsed=125.873587ms owners=[{ID:dfalse-atrue-w8-0 Calls:48 RenewTime:38.594467ms AppendTime:85.33065ms MaxRenew:1.473831ms Epoch:209 RevisionBefore:210 RevisionAfter:604 GateTime:172.563µs UpdateTime:36.589718ms Error:} {ID:dfalse-atrue-w8-1 Calls:48 RenewTime:35.256571ms AppendTime:90.184192ms MaxRenew:1.419629ms Epoch:211 RevisionBefore:212 RevisionAfter:608 GateTime:145.115µs UpdateTime:33.814156ms Error:} {ID:dfalse-atrue-w8-2 Calls:48 RenewTime:37.891394ms AppendTime:84.943574ms MaxRenew:1.32416ms Epoch:213 RevisionBefore:214 RevisionAfter:597 GateTime:490.26µs UpdateTime:35.692349ms Error:} {ID:dfalse-atrue-w8-3 Calls:48 RenewTime:37.234486ms AppendTime:88.453276ms MaxRenew:1.370936ms Epoch:215 RevisionBefore:216 RevisionAfter:606 GateTime:186.56µs UpdateTime:35.519547ms Error:} {ID:dfalse-atrue-w8-4 Calls:48 RenewTime:37.79747ms AppendTime:85.342564ms MaxRenew:1.893734ms Epoch:217 RevisionBefore:218 RevisionAfter:598 GateTime:182.646µs UpdateTime:35.998741ms Error:} {ID:dfalse-atrue-w8-5 Calls:48 RenewTime:37.638847ms AppendTime:87.491801ms MaxRenew:1.32699ms Epoch:219 RevisionBefore:220 RevisionAfter:605 GateTime:330.208µs UpdateTime:35.964393ms Error:} {ID:dfalse-atrue-w8-6 Calls:48 RenewTime:36.459722ms AppendTime:87.23184ms MaxRenew:1.512249ms Epoch:221 RevisionBefore:222 RevisionAfter:600 GateTime:150.382µs UpdateTime:34.62495ms Error:} {ID:dfalse-atrue-w8-7 Calls:48 RenewTime:38.57062ms AppendTime:86.508509ms MaxRenew:1.251496ms Epoch:223 RevisionBefore:224 RevisionAfter:607 GateTime:179.703µs UpdateTime:36.128006ms Error:}]
2026-10-01T06:50:58.7701686Z     lease_append_pressure_test.go:288: pressure delayed=true append=false writers=1 elapsed=3.423830155s owners=[{ID:dtrue-afalse-w1-0 Calls:48 RenewTime:3.423741602s AppendTime:0s MaxRenew:71.729369ms Epoch:617 RevisionBefore:618 RevisionAfter:666 GateTime:254.472µs UpdateTime:3.420566853s Error:}]
2026-10-01T06:51:06.0074112Z     lease_append_pressure_test.go:288: pressure delayed=true append=true writers=1 elapsed=6.910830994s owners=[{ID:dtrue-atrue-w1-0 Calls:48 RenewTime:3.424824275s AppendTime:3.48584955s MaxRenew:71.623078ms Epoch:668 RevisionBefore:669 RevisionAfter:717 GateTime:283.673µs UpdateTime:3.421972162s Error:}]
2026-10-01T06:51:16.7649664Z     lease_append_pressure_test.go:288: pressure delayed=true append=true writers=2 elapsed=10.179196335s owners=[{ID:dtrue-atrue-w2-0 Calls:48 RenewTime:3.559346577s AppendTime:6.619318888s MaxRenew:138.48028ms Epoch:719 RevisionBefore:720 RevisionAfter:831 GateTime:330.271µs UpdateTime:3.556251714s Error:} {ID:dtrue-atrue-w2-1 Calls:48 RenewTime:6.562887585s AppendTime:3.616152752s MaxRenew:208.977384ms Epoch:721 RevisionBefore:722 RevisionAfter:832 GateTime:277.711µs UpdateTime:6.560523083s Error:}]
2026-10-01T06:51:35.5276982Z     lease_append_pressure_test.go:288: pressure delayed=true append=true writers=8 elapsed=16.680816944s owners=[{ID:dtrue-atrue-w8-0 Calls:48 RenewTime:8.803384003s AppendTime:7.876639743s MaxRenew:418.276199ms Epoch:835 RevisionBefore:836 RevisionAfter:1236 GateTime:242.5µs UpdateTime:8.801022027s Error:} {ID:dtrue-atrue-w8-1 Calls:48 RenewTime:7.819016872s AppendTime:8.14124697s MaxRenew:462.212341ms Epoch:837 RevisionBefore:838 RevisionAfter:1225 GateTime:251.194µs UpdateTime:7.816574081s Error:} {ID:dtrue-atrue-w8-2 Calls:48 RenewTime:8.175835336s AppendTime:8.504821453s MaxRenew:418.314536ms Epoch:839 RevisionBefore:840 RevisionAfter:1237 GateTime:212.812µs UpdateTime:8.173799933s Error:} {ID:dtrue-atrue-w8-3 Calls:48 RenewTime:9.263244208s AppendTime:6.342181162s MaxRenew:487.464637ms Epoch:841 RevisionBefore:842 RevisionAfter:1220 GateTime:237.827µs UpdateTime:9.260776582s Error:} {ID:dtrue-atrue-w8-4 Calls:48 RenewTime:8.618591612s AppendTime:7.341434737s MaxRenew:394.735604ms Epoch:843 RevisionBefore:844 RevisionAfter:1228 GateTime:208.776µs UpdateTime:8.616126799s Error:} {ID:dtrue-atrue-w8-5 Calls:48 RenewTime:8.239437416s AppendTime:7.867029908s MaxRenew:488.383188ms Epoch:845 RevisionBefore:846 RevisionAfter:1230 GateTime:258.129µs UpdateTime:8.236978152s Error:} {ID:dtrue-atrue-w8-6 Calls:48 RenewTime:8.232853773s AppendTime:7.801244492s MaxRenew:394.74621ms Epoch:847 RevisionBefore:848 RevisionAfter:1229 GateTime:225.726µs UpdateTime:8.230677766s Error:} {ID:dtrue-atrue-w8-7 Calls:48 RenewTime:8.658081768s AppendTime:7.58981108s MaxRenew:418.221891ms Epoch:849 RevisionBefore:850 RevisionAfter:1233 GateTime:520.665µs UpdateTime:8.655174209s Error:}]
2026-10-01T06:51:35.5968879Z --- PASS: TestLeaseAppendPressureFixedPlacement (45.63s)
2026-10-01T06:51:35.5971110Z PASS
2026-10-01T06:51:36.6001736Z ok  	js-wf/integration	46.641s
2026-10-01T06:51:36.8375108Z ##[group]Run actions/upload-artifact@v7
2026-10-01T06:51:36.8375362Z with:
2026-10-01T06:51:36.8375549Z   name: lease-append-pressure
2026-10-01T06:51:36.8375783Z   path: integration/lease-append-pressure*
2026-10-01T06:51:36.8376037Z   if-no-files-found: error
2026-10-01T06:51:36.8376233Z   compression-level: 6
2026-10-01T06:51:36.8376420Z   overwrite: false
2026-10-01T06:51:36.8376601Z   include-hidden-files: false
2026-10-01T06:51:36.8376793Z   archive: true
2026-10-01T06:51:36.8376953Z env:
2026-10-01T06:51:36.8377117Z   WF_LEASE_APPEND_PRESSURE: 1
2026-10-01T06:51:36.8377333Z   LEASE_APPEND_REPORT: lease-append-pressure
2026-10-01T06:51:36.8377557Z ##[endgroup]
2026-10-01T06:51:36.9511152Z With the provided path, there will be 5 files uploaded
2026-10-01T06:51:36.9522203Z Artifact name is valid!
2026-10-01T06:51:36.9523135Z Root directory input is valid!
2026-10-01T06:51:37.1564910Z Uploading artifact: lease-append-pressure.zip
2026-10-01T06:51:37.1599970Z Beginning upload of artifact content to blob storage
2026-10-01T06:51:37.3124111Z Uploaded bytes 59193
2026-10-01T06:51:37.3399060Z Finished uploading artifact content to blob storage!
2026-10-01T06:51:37.3399816Z SHA256 digest of uploaded artifact is e8d421c49f76da84e48ee1006b93da4c8066e5b8a0946b03d421c6f732a43a75
2026-10-01T06:51:37.3400491Z Finalizing artifact upload
2026-10-01T06:51:37.5885838Z Artifact lease-append-pressure successfully finalized. Artifact ID 11145013872
2026-10-01T06:51:37.5886640Z Artifact lease-append-pressure has been successfully uploaded! Final size is 59193 bytes. Artifact ID is 11145013872
2026-10-01T06:51:37.5889021Z Artifact download URL: https://github.com/AntPAllen/js-wf/actions/runs/36826882488/artifacts/11145013872
2026-10-01T06:51:37.6030570Z Post job cleanup.
2026-10-01T06:51:37.6977224Z (node:6532) [DEP0040] DeprecationWarning: The `punycode` module is deprecated. Please use a userland alternative instead.
2026-10-01T06:51:37.6978187Z (Use `node --trace-deprecation ...` to show where the warning was created)
2026-10-01T06:51:37.7040035Z [command]/opt/hostedtoolcache/go/1.27.1/x64/bin/go env GOCACHE
2026-10-01T06:51:37.7080152Z [command]/opt/hostedtoolcache/go/1.27.1/x64/bin/go env GOMODCACHE
2026-10-01T06:51:37.7106247Z /home/runner/.cache/go-build
2026-10-01T06:51:37.7123275Z /home/runner/go/pkg/mod
2026-10-01T06:51:37.7127736Z Cache hit occurred on the primary key setup-go-Linux-x64-ubuntu24-go-1.27.1-487c2eade748c1cfcd01caf54d154b8f65df65b05311c1ecee4b42fdda97ee43, not saving cache.
2026-10-01T06:51:37.7285425Z Post job cleanup.
2026-10-01T06:51:37.7992047Z [command]/usr/bin/git version
2026-10-01T06:51:37.8053280Z git version 2.55.0
2026-10-01T06:51:37.8075906Z Temporarily overriding HOME='/home/runner/work/_temp/1118c3e4-bbdd-433f-bc6b-cae73f713ea4' before making global git config changes
2026-10-01T06:51:37.8077027Z Adding repository directory to the temporary git global config as a safe directory
2026-10-01T06:51:37.8077924Z [command]/usr/bin/git config --global --add safe.directory /home/runner/work/js-wf/js-wf
2026-10-01T06:51:37.8105874Z [command]/usr/bin/git config --local --name-only --get-regexp core\.sshCommand
2026-10-01T06:51:37.8147865Z [command]/usr/bin/git submodule foreach --recursive sh -c "git config --local --name-only --get-regexp 'core\.sshCommand' && git config --local --unset-all 'core.sshCommand' || :"
2026-10-01T06:51:37.8411607Z [command]/usr/bin/git config --local --name-only --get-regexp http\.https\:\/\/github\.com\/\.extraheader
2026-10-01T06:51:37.8447668Z http.https://github.com/.extraheader
2026-10-01T06:51:37.8458890Z [command]/usr/bin/git config --local --unset-all http.https://github.com/.extraheader
2026-10-01T06:51:37.8496293Z [command]/usr/bin/git submodule foreach --recursive sh -c "git config --local --name-only --get-regexp 'http\.https\:\/\/github\.com\/\.extraheader' && git config --local --unset-all 'http.https://github.com/.extraheader' || :"
2026-10-01T06:51:37.8765203Z [command]/usr/bin/git config --local --name-only --get-regexp ^includeIf\.gitdir:
2026-10-01T06:51:37.8814124Z [command]/usr/bin/git submodule foreach --recursive git config --local --show-origin --name-only --get-regexp remote.origin.url
2026-10-01T06:51:37.9193872Z Cleaning up orphan processes
2026-10-01T06:51:37.9444992Z ##[warning]Node.js 20 is deprecated. The following actions target Node.js 20 but are being forced to run on Node.js 24: actions/checkout@v4, actions/setup-go@v5. For more information see: https://github.blog/changelog/2025-09-19-deprecation-of-node-20-on-github-actions-runners/
