CLOSED js-wf-local-partition200-20261006
CAPTURED js-wf-local-partition200-20261006 655584546
SKIPPED_SYMLINK js-wf-tier2-retained-blockdisk-ten-minute-20261005
CLOSED js-wf-partition-seed6-quiescent-corrected-20261006
CAPTURED js-wf-partition-seed6-quiescent-corrected-20261006 138365829
CLOSED js-wf-partition-seed6-quiescent-20261006
CAPTURED js-wf-partition-seed6-quiescent-20261006 123969961
CLOSED js-wf-fanout-hosted-37333174296-20261005
CAPTURED js-wf-fanout-hosted-37333174296-20261005 109129394
CLOSED js-wf-tier2-retained-serverclockminus-ten-minute-20261006
CAPTURED js-wf-tier2-retained-serverclockminus-ten-minute-20261006 90767259
CLOSED js-wf-tier2-retained-serverclockplus-ten-minute-20261006
CAPTURED js-wf-tier2-retained-serverclockplus-ten-minute-20261006 89406966
CLOSED js-wf-concurrent-state-journal-10m-20261005
CAPTURED js-wf-concurrent-state-journal-10m-20261005 112655975
CLOSED js-wf-auto-journal-seed1-parent-stack-race-512m-20261005
CAPTURED js-wf-auto-journal-seed1-parent-stack-race-512m-20261005 102510624
CLOSED js-wf-tier2-retained-upgrade-ten-minute-20261006
CAPTURED js-wf-tier2-retained-upgrade-ten-minute-20261006 85120705
CLOSED js-wf-tier2-partition1-12-failed-37149506857
CAPTURED js-wf-tier2-partition1-12-failed-37149506857 38480984
CLOSED js-wf-fanout-combined-physical-drain-20261005
CAPTURED js-wf-fanout-combined-physical-drain-20261005 43370550
CLOSED js-wf-single-replica-direct-audit-shutdown-recovery-20261005
CAPTURED js-wf-single-replica-direct-audit-shutdown-recovery-20261005 7057758
CLOSED js-wf-fanout-combined-local-physical-20261006
CAPTURED js-wf-fanout-combined-local-physical-20261006 41984063
CLOSED js-wf-single-replica-direct-audit-native-fault-controls-20261005
CAPTURED js-wf-single-replica-direct-audit-native-fault-controls-20261005 5924160
CLOSED js-wf-fanout-all-results-prepared-20261005
CAPTURED js-wf-fanout-all-results-prepared-20261005 41653557
CLOSED js-wf-fanout-combined-boundaries-20261005
CAPTURED js-wf-fanout-combined-boundaries-20261005 40133308
CLOSED js-wf-soak-journal-24h-20261004
CAPTURED js-wf-soak-journal-24h-20261004 49345373
CLOSED js-wf-tier2-retained-fanout-ten-minute-20261006
CAPTURED js-wf-tier2-retained-fanout-ten-minute-20261006 62340944
CLOSED js-wf-tier2-retained-pause-ten-minute-20261006
CAPTURED js-wf-tier2-retained-pause-ten-minute-20261006 81720320
CLOSED js-wf-fanout-combined-confirmed-20261005
CAPTURED js-wf-fanout-combined-confirmed-20261005 39229315
CLOSED js-wf-tier2-retained-worker-ten-minute-20261005
CAPTURED js-wf-tier2-retained-worker-ten-minute-20261005 81452701
CLOSED js-wf-tier2-retained-isolation-ten-minute-20261006
CAPTURED js-wf-tier2-retained-isolation-ten-minute-20261006 80975196
CLOSED js-wf-tier2-retained-partition-ten-minute-20261005
CAPTURED js-wf-tier2-retained-partition-ten-minute-20261005 58839196
CLOSED js-wf-soak-journal-audit-trace-20261004
CAPTURED js-wf-soak-journal-audit-trace-20261004 46839837
CLOSED js-wf-tier3-clock196-200-37164231641
CAPTURED js-wf-tier3-clock196-200-37164231641 439710026
CLOSED js-wf-held-metadata-rollout-10m-20261005
CAPTURED js-wf-held-metadata-rollout-10m-20261005 85696063
CLOSED js-wf-clock-originals-durable-20261004
CAPTURED js-wf-clock-originals-durable-20261004 211950410
CLOSED js-wf-parallel-latency-journal-10m-20261006
CAPTURED js-wf-parallel-latency-journal-10m-20261006 43450686
CLOSED js-wf-upgrade-api-trace-seed74-37206187497
CAPTURED js-wf-upgrade-api-trace-seed74-37206187497 177993055
CLOSED js-wf-worker-standalone-commands-20261006
CAPTURED js-wf-worker-standalone-commands-20261006 61106981
CLOSED js-wf-projection-streaming-retained-50000-20261005
CAPTURED js-wf-projection-streaming-retained-50000-20261005 51856168
CLOSED js-wf-journal-byte-bounded-explicit-routes-normal-2g-24h-20261005
CAPTURED js-wf-journal-byte-bounded-explicit-routes-normal-2g-24h-20261005 91510597
CLOSED js-wf-partition-seed6-live-diagnostics-20261006
CAPTURED js-wf-partition-seed6-live-diagnostics-20261006 75712180
CLOSED js-wf-chunked-journal-10m-20261006
CAPTURED js-wf-chunked-journal-10m-20261006 41225926
