OFFLOADED_NEW js-wf-auto-journal-seed1-parent-stack-race-512m-20261005 269332480 102518784
OFFLOADED_NEW js-wf-chunked-journal-10m-20261006 191430656 41226240
OFFLOADED_NEW js-wf-clock-originals-durable-20261004 213315584 211955712
OFFLOADED_NEW js-wf-concurrent-state-journal-10m-20261005 287338496 112660480
OFFLOADED_NEW js-wf-fanout-all-results-prepared-20261005 211214336 41660416
OFFLOADED_NEW js-wf-fanout-combined-boundaries-20261005 211079168 40140800
OFFLOADED_NEW js-wf-fanout-combined-confirmed-20261005 202731520 39235584
OFFLOADED_NEW js-wf-fanout-combined-local-physical-20261006 219537408 41992192
OFFLOADED_NEW js-wf-fanout-combined-physical-drain-20261005 223809536 43376640
OFFLOADED_NEW js-wf-fanout-hosted-37333174296-20261005 295690240 109133824
OFFLOADED_NEW js-wf-held-metadata-rollout-10m-20261005 203431936 85700608
OFFLOADED_NEW js-wf-journal-byte-bounded-explicit-routes-normal-2g-24h-20261005 203157504 91516928
OFFLOADED_NEW js-wf-local-partition200-20261006 1481211904 655589376
OFFLOADED_NEW js-wf-parallel-latency-journal-10m-20261006 200523776 43458560
OFFLOADED_NEW js-wf-partition-seed6-live-diagnostics-20261006 192729088 75718656
OFFLOADED_NEW js-wf-partition-seed6-quiescent-20261006 328179712 123977728
OFFLOADED_NEW js-wf-partition-seed6-quiescent-corrected-20261006 352874496 138371072
OFFLOADED_NEW js-wf-projection-streaming-retained-50000-20261005 197439488 51863552
OFFLOADED_NEW js-wf-single-replica-direct-audit-native-fault-controls-20261005 245268480 5926912
OFFLOADED_NEW js-wf-single-replica-direct-audit-shutdown-recovery-20261005 249782272 7061504
OFFLOADED_NEW js-wf-soak-journal-24h-20261004 229261312 49348608
OFFLOADED_NEW js-wf-soak-journal-audit-trace-20261004 216297472 46845952
OFFLOADED_NEW js-wf-tier2-partition1-12-failed-37149506857 267718656 38486016
OFFLOADED_NEW js-wf-tier2-retained-fanout-ten-minute-20261006 228220928 62345216
OFFLOADED_NEW js-wf-tier2-retained-isolation-ten-minute-20261006 225366016 80982016
OFFLOADED_NEW js-wf-tier2-retained-partition-ten-minute-20261005 224104448 58847232
OFFLOADED_NEW js-wf-tier2-retained-pause-ten-minute-20261006 227979264 81727488
OFFLOADED_NEW js-wf-tier2-retained-serverclockminus-ten-minute-20261006 298565632 90771456
OFFLOADED_NEW js-wf-tier2-retained-serverclockplus-ten-minute-20261006 289624064 89411584
OFFLOADED_NEW js-wf-tier2-retained-upgrade-ten-minute-20261006 256475136 85127168
OFFLOADED_NEW js-wf-tier2-retained-worker-ten-minute-20261005 218079232 81457152
OFFLOADED_NEW js-wf-tier3-clock196-200-37164231641 224845824 439717888
OFFLOADED_NEW js-wf-upgrade-api-trace-seed74-37206187497 209039360 177999872
OFFLOADED_NEW js-wf-worker-standalone-commands-20261006 184762368 61112320
TOTAL_NEW 9280417792
