{"archive_key": "js-wf/proofs/cbcf3c8b6ae2d74f464b569124d6be167d75f1dbd08ae56ab0de6bf9ef91b712/proof.tar.gz", "bytes": 102510624, "full_remote_readback_verified": true}
REMOTE_VERIFIED js-wf-auto-journal-seed1-parent-stack-race-512m-20261005
{"archive_key": "js-wf/proofs/fdceab722feb3706adb6d6d6b95b1a2f70b46be6060c1a4dfee475680e06d738/proof.tar.gz", "bytes": 41225926, "full_remote_readback_verified": true}
REMOTE_VERIFIED js-wf-chunked-journal-10m-20261006
{"archive_key": "js-wf/proofs/b5db472a6f0ca16fe3e54eadaabed91eddae23585e268f6a8e94d57b000db581/proof.tar.gz", "bytes": 211950410, "full_remote_readback_verified": true}
REMOTE_VERIFIED js-wf-clock-originals-durable-20261004
{"archive_key": "js-wf/proofs/80215fdf9b857afefdeb5d9521b64dc9bc5e90f0c8ff9e0b1ffcbbef69fa1350/proof.tar.gz", "bytes": 112655975, "full_remote_readback_verified": true}
REMOTE_VERIFIED js-wf-concurrent-state-journal-10m-20261005
{"archive_key": "js-wf/proofs/18a6b75d094431ab28e049e5e0f646ebeddb6161b2eebf0860f5762f02eceabe/proof.tar.gz", "bytes": 41653557, "full_remote_readback_verified": true}
REMOTE_VERIFIED js-wf-fanout-all-results-prepared-20261005
{"archive_key": "js-wf/proofs/172ef48be26b41d771618b77afae2c001d67e2f4d85fe5b3b8d1e4e3519f46de/proof.tar.gz", "bytes": 40133308, "full_remote_readback_verified": true}
REMOTE_VERIFIED js-wf-fanout-combined-boundaries-20261005
{"archive_key": "js-wf/proofs/8c7b33f3df1ea3c8cd23d2d84b94fa48bc3cfdde92af38cd1c3101f0eb67665e/proof.tar.gz", "bytes": 39229315, "full_remote_readback_verified": true}
REMOTE_VERIFIED js-wf-fanout-combined-confirmed-20261005
{"archive_key": "js-wf/proofs/cd9ddc5ebf73d7f507a3a44e69fcb0457316e0d555738b14a3d44dc8c7af508a/proof.tar.gz", "bytes": 41984063, "full_remote_readback_verified": true}
REMOTE_VERIFIED js-wf-fanout-combined-local-physical-20261006
{"archive_key": "js-wf/proofs/526aeac3fb42d29819a2cb103b9b2a2c0c75a18b1bde7a271cc6a79a47683def/proof.tar.gz", "bytes": 43370550, "full_remote_readback_verified": true}
REMOTE_VERIFIED js-wf-fanout-combined-physical-drain-20261005
{"archive_key": "js-wf/proofs/66103a290bedbd1b5ce7e7cd952d6a2be79263d509a009d75d880727a92f4201/proof.tar.gz", "bytes": 109129394, "full_remote_readback_verified": true}
REMOTE_VERIFIED js-wf-fanout-hosted-37333174296-20261005
{"archive_key": "js-wf/proofs/481a9dc5d03a157e48c3761df4bf58a19e213d59ca7b3de4ef278fba45edc422/proof.tar.gz", "bytes": 85696063, "full_remote_readback_verified": true}
REMOTE_VERIFIED js-wf-held-metadata-rollout-10m-20261005
{"archive_key": "js-wf/proofs/9845061506927698e90bee850c1e1b63270b61d7c760bd04924c30fcf3cfee98/proof.tar.gz", "bytes": 91510597, "full_remote_readback_verified": true}
REMOTE_VERIFIED js-wf-journal-byte-bounded-explicit-routes-normal-2g-24h-20261005
{"archive_key": "js-wf/proofs/fef3cd79920e9f33421ad865243fc02e118a10cd8003541041f8bc95b4fdd5db/proof.tar.gz", "bytes": 655584546, "full_remote_readback_verified": true}
REMOTE_VERIFIED js-wf-local-partition200-20261006
{"archive_key": "js-wf/proofs/babb4960ce6d4e098cfa19071f437046d0aa15bb478e9bcb7200fdfe195d50ff/proof.tar.gz", "bytes": 43450686, "full_remote_readback_verified": true}
REMOTE_VERIFIED js-wf-parallel-latency-journal-10m-20261006
{"archive_key": "js-wf/proofs/647ab729c8990cc74b300aef2f527ec0c83ae297be40ab2401a95bef2f4dd8d3/proof.tar.gz", "bytes": 75712180, "full_remote_readback_verified": true}
REMOTE_VERIFIED js-wf-partition-seed6-live-diagnostics-20261006
{"archive_key": "js-wf/proofs/dca5bb6b990e646885701e762be58dd4eb0809bf4a1771d05dcb7563a04cf59d/proof.tar.gz", "bytes": 123969961, "full_remote_readback_verified": true}
REMOTE_VERIFIED js-wf-partition-seed6-quiescent-20261006
{"archive_key": "js-wf/proofs/ae39db4178a08a9253b81a20bc4d5ab8f3dbfe58d5492ede7f6eb5bb6a3637fb/proof.tar.gz", "bytes": 138365829, "full_remote_readback_verified": true}
REMOTE_VERIFIED js-wf-partition-seed6-quiescent-corrected-20261006
{"archive_key": "js-wf/proofs/723d14708abec07b014d9fba66317d3fc1880c18b3333751aa5b20cef67e9e68/proof.tar.gz", "bytes": 51856168, "full_remote_readback_verified": true}
REMOTE_VERIFIED js-wf-projection-streaming-retained-50000-20261005
{"archive_key": "js-wf/proofs/bbb251aa2a8a88d5ada99c3d39f1a43555c30a7f3a27b3be180d9371bc5ec805/proof.tar.gz", "bytes": 5924160, "full_remote_readback_verified": true}
REMOTE_VERIFIED js-wf-single-replica-direct-audit-native-fault-controls-20261005
{"archive_key": "js-wf/proofs/efd076fdc1c556feba6723ec157e08e98a6b505738f5f96ffae9314bb7ca1379/proof.tar.gz", "bytes": 7057758, "full_remote_readback_verified": true}
REMOTE_VERIFIED js-wf-single-replica-direct-audit-shutdown-recovery-20261005
{"archive_key": "js-wf/proofs/32450dedde01bfdc2cb63f815ed3ed6097e16bec611fb13b6b854f86767e1aba/proof.tar.gz", "bytes": 49345373, "full_remote_readback_verified": true}
REMOTE_VERIFIED js-wf-soak-journal-24h-20261004
{"archive_key": "js-wf/proofs/284e55cddddda95c17986bcecd19b6ce8233bd32b6e5150a4aa5fc891da4e52d/proof.tar.gz", "bytes": 46839837, "full_remote_readback_verified": true}
REMOTE_VERIFIED js-wf-soak-journal-audit-trace-20261004
{"archive_key": "js-wf/proofs/c1115b553543eab27ac28377dbf4e4f976774519b04e3852d37301bf2cb6380b/proof.tar.gz", "bytes": 38480984, "full_remote_readback_verified": true}
REMOTE_VERIFIED js-wf-tier2-partition1-12-failed-37149506857
{"archive_key": "js-wf/proofs/ff862906413fd5eb984cfcb9345e8102406b49288f136dd3d8c5c3e9bdd3d116/proof.tar.gz", "bytes": 62340944, "full_remote_readback_verified": true}
REMOTE_VERIFIED js-wf-tier2-retained-fanout-ten-minute-20261006
{"archive_key": "js-wf/proofs/a4b064771d3f0f387f377ed24ce42009b97666b8cd8bf9539d750d5c28b774c0/proof.tar.gz", "bytes": 80975196, "full_remote_readback_verified": true}
REMOTE_VERIFIED js-wf-tier2-retained-isolation-ten-minute-20261006
{"archive_key": "js-wf/proofs/226b700edb0066be6980bdc585a57cfa9cf2414e4f8a5d34942a168670352375/proof.tar.gz", "bytes": 58839196, "full_remote_readback_verified": true}
REMOTE_VERIFIED js-wf-tier2-retained-partition-ten-minute-20261005
{"archive_key": "js-wf/proofs/cc6c9b092dffe04776f45bbb6bb285bb562dfd602e7d6a4d91b3c42fb2fa3237/proof.tar.gz", "bytes": 81720320, "full_remote_readback_verified": true}
REMOTE_VERIFIED js-wf-tier2-retained-pause-ten-minute-20261006
{"archive_key": "js-wf/proofs/5b1979438c768cc6682dd01d1982af9b3786769b707f8b303d6671f0df862f65/proof.tar.gz", "bytes": 90767259, "full_remote_readback_verified": true}
REMOTE_VERIFIED js-wf-tier2-retained-serverclockminus-ten-minute-20261006
{"archive_key": "js-wf/proofs/2cd63eee5846e3b7fbd49c0a505c0f2ac75d31f3e0ebf121e15c3430b2356aa9/proof.tar.gz", "bytes": 89406966, "full_remote_readback_verified": true}
REMOTE_VERIFIED js-wf-tier2-retained-serverclockplus-ten-minute-20261006
{"archive_key": "js-wf/proofs/2e4194ac9351d58f52f49ce2b550b09ed74b0a928015a41f6bdc3ca02cee4239/proof.tar.gz", "bytes": 85120705, "full_remote_readback_verified": true}
REMOTE_VERIFIED js-wf-tier2-retained-upgrade-ten-minute-20261006
{"archive_key": "js-wf/proofs/cc0bacb55464aeeb4eb8eb19f433c494f07176e6731d4da3adacd68ba23b1464/proof.tar.gz", "bytes": 81452701, "full_remote_readback_verified": true}
REMOTE_VERIFIED js-wf-tier2-retained-worker-ten-minute-20261005
{"archive_key": "js-wf/proofs/6c8f98635929b076e079e476a9409bf1e877fd0dacccea6fc7f5768e23585450/proof.tar.gz", "bytes": 439710026, "full_remote_readback_verified": true}
REMOTE_VERIFIED js-wf-tier3-clock196-200-37164231641
{"archive_key": "js-wf/proofs/ae6e3b485353f581df13048f32e470edadfb13823c6beac293be3de9dc7c40c3/proof.tar.gz", "bytes": 177993055, "full_remote_readback_verified": true}
REMOTE_VERIFIED js-wf-upgrade-api-trace-seed74-37206187497
{"archive_key": "js-wf/proofs/1a8b781530bd4f706172c8eed6afff076c6720297f52818eacab3c0e228657a3/proof.tar.gz", "bytes": 61106981, "full_remote_readback_verified": true}
REMOTE_VERIFIED js-wf-worker-standalone-commands-20261006
