=== RUN   TestNativeGraphWorkerReplayInputsSignalsAndResults
=== RUN   TestNativeGraphWorkerReplayInputsSignalsAndResults/R1
=== RUN   TestNativeGraphWorkerReplayInputsSignalsAndResults/R3
--- PASS: TestNativeGraphWorkerReplayInputsSignalsAndResults (29.83s)
    --- PASS: TestNativeGraphWorkerReplayInputsSignalsAndResults/R1 (9.71s)
    --- PASS: TestNativeGraphWorkerReplayInputsSignalsAndResults/R3 (20.12s)
=== RUN   TestVerifiedGraphProjectionRepairCASAndUncertainty
=== RUN   TestVerifiedGraphProjectionRepairCASAndUncertainty/healthy
=== RUN   TestVerifiedGraphProjectionRepairCASAndUncertainty/ack_lost
=== RUN   TestVerifiedGraphProjectionRepairCASAndUncertainty/drop
=== RUN   TestVerifiedGraphProjectionRepairCASAndUncertainty/purge_wins
=== RUN   TestVerifiedGraphProjectionRepairCASAndUncertainty/read_unknown
=== RUN   TestVerifiedGraphProjectionRepairCASAndUncertainty/ack_then_read_unknown
=== RUN   TestVerifiedGraphProjectionRepairCASAndUncertainty/malformed
=== RUN   TestVerifiedGraphProjectionRepairCASAndUncertainty/already_correct
=== RUN   TestVerifiedGraphProjectionRepairCASAndUncertainty/absent
--- PASS: TestVerifiedGraphProjectionRepairCASAndUncertainty (0.00s)
    --- PASS: TestVerifiedGraphProjectionRepairCASAndUncertainty/healthy (0.00s)
    --- PASS: TestVerifiedGraphProjectionRepairCASAndUncertainty/ack_lost (0.00s)
    --- PASS: TestVerifiedGraphProjectionRepairCASAndUncertainty/drop (0.00s)
    --- PASS: TestVerifiedGraphProjectionRepairCASAndUncertainty/purge_wins (0.00s)
    --- PASS: TestVerifiedGraphProjectionRepairCASAndUncertainty/read_unknown (0.00s)
    --- PASS: TestVerifiedGraphProjectionRepairCASAndUncertainty/ack_then_read_unknown (0.00s)
    --- PASS: TestVerifiedGraphProjectionRepairCASAndUncertainty/malformed (0.00s)
    --- PASS: TestVerifiedGraphProjectionRepairCASAndUncertainty/already_correct (0.00s)
    --- PASS: TestVerifiedGraphProjectionRepairCASAndUncertainty/absent (0.00s)
PASS
ok  	js-wf/worker	30.952s
