=== RUN   TestGraphTerminalForgedProjectionCurrentReplay
--- PASS: TestGraphTerminalForgedProjectionCurrentReplay (0.00s)
=== RUN   TestPinnedRegressionCorpus
=== RUN   TestPinnedRegressionCorpus/graph-parent-worker-parent_notify_active.json
=== RUN   TestPinnedRegressionCorpus/graph-parent-worker-parent_notify_consumed_corrupt.json
=== RUN   TestPinnedRegressionCorpus/graph-parent-worker-parent_notify_consumed_external.json
=== RUN   TestPinnedRegressionCorpus/graph-parent-worker-parent_notify_consumed_inline.json
=== RUN   TestPinnedRegressionCorpus/graph-parent-worker-parent_notify_forged_mirror.json
=== RUN   TestPinnedRegressionCorpus/graph-parent-worker-parent_notify_missing_unconfirmed.json
=== RUN   TestPinnedRegressionCorpus/graph-parent-worker-parent_notify_purging.json
=== RUN   TestPinnedRegressionCorpus/graph-parent-worker-parent_notify_replaced.json
=== RUN   TestPinnedRegressionCorpus/graph-parent-worker-parent_notify_retired.json
=== RUN   TestPinnedRegressionCorpus/graph-parent-worker-parent_notify_retired_missing_inv.json
=== RUN   TestPinnedRegressionCorpus/graph-parent-worker-parent_notify_uninitialized.json
=== RUN   TestPinnedRegressionCorpus/graph-parent-worker-parent_notify_unknown.json
=== RUN   TestPinnedRegressionCorpus/graph-signal-actors-caller-retry.json
=== RUN   TestPinnedRegressionCorpus/graph-signal-actors-enqueue-drop.json
=== RUN   TestPinnedRegressionCorpus/graph-signal-actors-enqueue-lost-ack.json
=== RUN   TestPinnedRegressionCorpus/graph-signal-actors-healthy.json
=== RUN   TestPinnedRegressionCorpus/graph-signal-actors-source-drop.json
=== RUN   TestPinnedRegressionCorpus/graph-signal-actors-source-lost-ack.json
=== RUN   TestPinnedRegressionCorpus/graph-terminal-catalog-catalog_unknown.json
=== RUN   TestPinnedRegressionCorpus/graph-terminal-catalog-dry_run.json
=== RUN   TestPinnedRegressionCorpus/graph-terminal-catalog-enqueue_drop.json
=== RUN   TestPinnedRegressionCorpus/graph-terminal-catalog-enqueue_lost_ack.json
=== RUN   TestPinnedRegressionCorpus/graph-terminal-catalog-failed_terminal.json
=== RUN   TestPinnedRegressionCorpus/graph-terminal-catalog-healthy.json
=== RUN   TestPinnedRegressionCorpus/graph-terminal-catalog-lookup_unknown.json
=== RUN   TestPinnedRegressionCorpus/graph-terminal-catalog-present.json
=== RUN   TestPinnedRegressionCorpus/graph-terminal-catalog-purge_marker.json
=== RUN   TestPinnedRegressionCorpus/graph-terminal-catalog-repeat_delete.json
=== RUN   TestPinnedRegressionCorpus/graph-terminal-catalog-retired.json
=== RUN   TestPinnedRegressionCorpus/graph-terminal-catalog-watermark_unknown.json
=== RUN   TestPinnedRegressionCorpus/graph-terminal-projection-concurrent_mirror.json
=== RUN   TestPinnedRegressionCorpus/graph-terminal-projection-create_drop.json
=== RUN   TestPinnedRegressionCorpus/graph-terminal-projection-create_lost_ack.json
=== RUN   TestPinnedRegressionCorpus/graph-terminal-projection-missing.json
=== RUN   TestPinnedRegressionCorpus/graph-terminal-projection-purge_at_create.json
=== RUN   TestPinnedRegressionCorpus/graph-worker-terminal-ack_lost.json
=== RUN   TestPinnedRegressionCorpus/graph-worker-terminal-cancelled_timer.json
=== RUN   TestPinnedRegressionCorpus/graph-worker-terminal-completed.json
=== RUN   TestPinnedRegressionCorpus/graph-worker-terminal-failed.json
=== RUN   TestPinnedRegressionCorpus/graph-worker-terminal-forged_state.json
=== RUN   TestPinnedRegressionCorpus/graph-worker-terminal-malformed_terminal.json
=== RUN   TestPinnedRegressionCorpus/graph-worker-terminal-missing_state.json
=== RUN   TestPinnedRegressionCorpus/graph-worker-terminal-parent_notify.json
=== RUN   TestPinnedRegressionCorpus/graph-worker-terminal-parent_notify_drop.json
=== RUN   TestPinnedRegressionCorpus/graph-worker-terminal-parent_notify_lost.json
=== RUN   TestPinnedRegressionCorpus/graph-worker-terminal-pending.json
=== RUN   TestPinnedRegressionCorpus/graph-worker-terminal-purge_after_notify.json
=== RUN   TestPinnedRegressionCorpus/graph-worker-terminal-purge_marker.json
=== RUN   TestPinnedRegressionCorpus/graph-worker-terminal-state_lost.json
=== RUN   TestPinnedRegressionCorpus/graph-worker-terminal-unknown_graph_root.json
=== RUN   TestPinnedRegressionCorpus/graph-worker-terminal-unknown_reader_pin.json
=== RUN   TestPinnedRegressionCorpus/graph-worker-terminal-unowned_result.json
=== RUN   TestPinnedRegressionCorpus/graph-worker-terminal-wrong_graph_generation.json
--- PASS: TestPinnedRegressionCorpus (2.50s)
    --- PASS: TestPinnedRegressionCorpus/graph-parent-worker-parent_notify_active.json (0.00s)
    --- PASS: TestPinnedRegressionCorpus/graph-parent-worker-parent_notify_consumed_corrupt.json (0.00s)
    --- PASS: TestPinnedRegressionCorpus/graph-parent-worker-parent_notify_consumed_external.json (0.07s)
    --- PASS: TestPinnedRegressionCorpus/graph-parent-worker-parent_notify_consumed_inline.json (0.00s)
    --- PASS: TestPinnedRegressionCorpus/graph-parent-worker-parent_notify_forged_mirror.json (0.00s)
    --- PASS: TestPinnedRegressionCorpus/graph-parent-worker-parent_notify_missing_unconfirmed.json (0.00s)
    --- PASS: TestPinnedRegressionCorpus/graph-parent-worker-parent_notify_purging.json (0.00s)
    --- PASS: TestPinnedRegressionCorpus/graph-parent-worker-parent_notify_replaced.json (0.00s)
    --- PASS: TestPinnedRegressionCorpus/graph-parent-worker-parent_notify_retired.json (0.00s)
    --- PASS: TestPinnedRegressionCorpus/graph-parent-worker-parent_notify_retired_missing_inv.json (0.00s)
    --- PASS: TestPinnedRegressionCorpus/graph-parent-worker-parent_notify_uninitialized.json (0.00s)
    --- PASS: TestPinnedRegressionCorpus/graph-parent-worker-parent_notify_unknown.json (0.00s)
    --- PASS: TestPinnedRegressionCorpus/graph-signal-actors-caller-retry.json (1.46s)
    --- PASS: TestPinnedRegressionCorpus/graph-signal-actors-enqueue-drop.json (0.08s)
    --- PASS: TestPinnedRegressionCorpus/graph-signal-actors-enqueue-lost-ack.json (0.23s)
    --- PASS: TestPinnedRegressionCorpus/graph-signal-actors-healthy.json (0.11s)
    --- PASS: TestPinnedRegressionCorpus/graph-signal-actors-source-drop.json (0.11s)
    --- PASS: TestPinnedRegressionCorpus/graph-signal-actors-source-lost-ack.json (0.27s)
    --- PASS: TestPinnedRegressionCorpus/graph-terminal-catalog-catalog_unknown.json (0.00s)
    --- PASS: TestPinnedRegressionCorpus/graph-terminal-catalog-dry_run.json (0.00s)
    --- PASS: TestPinnedRegressionCorpus/graph-terminal-catalog-enqueue_drop.json (0.00s)
    --- PASS: TestPinnedRegressionCorpus/graph-terminal-catalog-enqueue_lost_ack.json (0.00s)
    --- PASS: TestPinnedRegressionCorpus/graph-terminal-catalog-failed_terminal.json (0.00s)
    --- PASS: TestPinnedRegressionCorpus/graph-terminal-catalog-healthy.json (0.00s)
    --- PASS: TestPinnedRegressionCorpus/graph-terminal-catalog-lookup_unknown.json (0.00s)
    --- PASS: TestPinnedRegressionCorpus/graph-terminal-catalog-present.json (0.00s)
    --- PASS: TestPinnedRegressionCorpus/graph-terminal-catalog-purge_marker.json (0.00s)
    --- PASS: TestPinnedRegressionCorpus/graph-terminal-catalog-repeat_delete.json (0.00s)
    --- PASS: TestPinnedRegressionCorpus/graph-terminal-catalog-retired.json (0.00s)
    --- PASS: TestPinnedRegressionCorpus/graph-terminal-catalog-watermark_unknown.json (0.00s)
    --- PASS: TestPinnedRegressionCorpus/graph-terminal-projection-concurrent_mirror.json (0.00s)
    --- PASS: TestPinnedRegressionCorpus/graph-terminal-projection-create_drop.json (0.00s)
    --- PASS: TestPinnedRegressionCorpus/graph-terminal-projection-create_lost_ack.json (0.00s)
    --- PASS: TestPinnedRegressionCorpus/graph-terminal-projection-missing.json (0.00s)
    --- PASS: TestPinnedRegressionCorpus/graph-terminal-projection-purge_at_create.json (0.00s)
    --- PASS: TestPinnedRegressionCorpus/graph-worker-terminal-ack_lost.json (0.00s)
    --- PASS: TestPinnedRegressionCorpus/graph-worker-terminal-cancelled_timer.json (0.04s)
    --- PASS: TestPinnedRegressionCorpus/graph-worker-terminal-completed.json (0.00s)
    --- PASS: TestPinnedRegressionCorpus/graph-worker-terminal-failed.json (0.00s)
    --- PASS: TestPinnedRegressionCorpus/graph-worker-terminal-forged_state.json (0.00s)
    --- PASS: TestPinnedRegressionCorpus/graph-worker-terminal-malformed_terminal.json (0.00s)
    --- PASS: TestPinnedRegressionCorpus/graph-worker-terminal-missing_state.json (0.00s)
    --- PASS: TestPinnedRegressionCorpus/graph-worker-terminal-parent_notify.json (0.00s)
    --- PASS: TestPinnedRegressionCorpus/graph-worker-terminal-parent_notify_drop.json (0.00s)
    --- PASS: TestPinnedRegressionCorpus/graph-worker-terminal-parent_notify_lost.json (0.00s)
    --- PASS: TestPinnedRegressionCorpus/graph-worker-terminal-pending.json (0.00s)
    --- PASS: TestPinnedRegressionCorpus/graph-worker-terminal-purge_after_notify.json (0.00s)
    --- PASS: TestPinnedRegressionCorpus/graph-worker-terminal-purge_marker.json (0.00s)
    --- PASS: TestPinnedRegressionCorpus/graph-worker-terminal-state_lost.json (0.00s)
    --- PASS: TestPinnedRegressionCorpus/graph-worker-terminal-unknown_graph_root.json (0.00s)
    --- PASS: TestPinnedRegressionCorpus/graph-worker-terminal-unknown_reader_pin.json (0.00s)
    --- PASS: TestPinnedRegressionCorpus/graph-worker-terminal-unowned_result.json (0.00s)
    --- PASS: TestPinnedRegressionCorpus/graph-worker-terminal-wrong_graph_generation.json (0.00s)
PASS
ok  	js-wf/sim	2.507s
