=== RUN   TestGraphVisibilityCanonicalRowsAndUncertainty
=== RUN   TestGraphVisibilityCanonicalRowsAndUncertainty/ordinary
    graph_test.go:251: mode=ordinary canonical status/attributes, no input body reads, bounded catalog and lag
=== RUN   TestGraphVisibilityCanonicalRowsAndUncertainty/catalog-unknown
=== RUN   TestGraphVisibilityCanonicalRowsAndUncertainty/source-forged
=== RUN   TestGraphVisibilityCanonicalRowsAndUncertainty/lease-held
    graph_test.go:251: mode=lease-held canonical status/attributes, no input body reads, bounded catalog and lag
=== RUN   TestGraphVisibilityCanonicalRowsAndUncertainty/lease-unknown
=== RUN   TestGraphVisibilityCanonicalRowsAndUncertainty/retired
    graph_test.go:251: mode=retired canonical status/attributes, no input body reads, bounded catalog and lag
--- PASS: TestGraphVisibilityCanonicalRowsAndUncertainty (0.21s)
    --- PASS: TestGraphVisibilityCanonicalRowsAndUncertainty/ordinary (0.04s)
    --- PASS: TestGraphVisibilityCanonicalRowsAndUncertainty/catalog-unknown (0.02s)
    --- PASS: TestGraphVisibilityCanonicalRowsAndUncertainty/source-forged (0.02s)
    --- PASS: TestGraphVisibilityCanonicalRowsAndUncertainty/lease-held (0.04s)
    --- PASS: TestGraphVisibilityCanonicalRowsAndUncertainty/lease-unknown (0.03s)
    --- PASS: TestGraphVisibilityCanonicalRowsAndUncertainty/retired (0.05s)
=== RUN   TestGraphPostgresVisibilityCanonicalRowsAndUncertainty
=== RUN   TestGraphPostgresVisibilityCanonicalRowsAndUncertainty/ordinary
    graph_test.go:251: mode=ordinary canonical status/attributes, no input body reads, bounded catalog and lag
=== RUN   TestGraphPostgresVisibilityCanonicalRowsAndUncertainty/catalog-unknown
=== RUN   TestGraphPostgresVisibilityCanonicalRowsAndUncertainty/source-forged
=== RUN   TestGraphPostgresVisibilityCanonicalRowsAndUncertainty/lease-held
    graph_test.go:251: mode=lease-held canonical status/attributes, no input body reads, bounded catalog and lag
=== RUN   TestGraphPostgresVisibilityCanonicalRowsAndUncertainty/lease-unknown
=== RUN   TestGraphPostgresVisibilityCanonicalRowsAndUncertainty/retired
    graph_test.go:251: mode=retired canonical status/attributes, no input body reads, bounded catalog and lag
--- PASS: TestGraphPostgresVisibilityCanonicalRowsAndUncertainty (0.55s)
    --- PASS: TestGraphPostgresVisibilityCanonicalRowsAndUncertainty/ordinary (0.12s)
    --- PASS: TestGraphPostgresVisibilityCanonicalRowsAndUncertainty/catalog-unknown (0.08s)
    --- PASS: TestGraphPostgresVisibilityCanonicalRowsAndUncertainty/source-forged (0.07s)
    --- PASS: TestGraphPostgresVisibilityCanonicalRowsAndUncertainty/lease-held (0.10s)
    --- PASS: TestGraphPostgresVisibilityCanonicalRowsAndUncertainty/lease-unknown (0.06s)
    --- PASS: TestGraphPostgresVisibilityCanonicalRowsAndUncertainty/retired (0.11s)
=== RUN   TestGraphVisibilityConfiguration
--- PASS: TestGraphVisibilityConfiguration (0.00s)
PASS
ok  	js-wf/visibility	1.770s
=== RUN   TestGraphOperatorRejectsPartialOrLegacyOnlySelection
--- PASS: TestGraphOperatorRejectsPartialOrLegacyOnlySelection (0.00s)
=== RUN   TestNativeCanonicalGraphPostgresOperatorCommands
=== RUN   TestNativeCanonicalGraphPostgresOperatorCommands/R1
    graph_test.go:432: canonical CLI large Start/Signal/result, forged mirror ignored, canonical online/offline replay after source/blob deletion, canonical CLI project/list/lag and isolated page while worker active, history/scans, dry-run/apply terminal restoration, cancellation, purge and effect one; domain= requests=0 wrong=0
    graph_test.go:194: graph project subprocess joined; legacy journal requests zero and domain API verified
=== RUN   TestNativeCanonicalGraphPostgresOperatorCommands/R3Domain
    graph_test.go:432: canonical CLI large Start/Signal/result, forged mirror ignored, canonical online/offline replay after source/blob deletion, canonical CLI project/list/lag and isolated page while worker active, history/scans, dry-run/apply terminal restoration, cancellation, purge and effect one; domain=WFGRAPHOPS requests=4377 wrong=0
    graph_test.go:194: graph project subprocess joined; legacy journal requests zero and domain API verified
--- PASS: TestNativeCanonicalGraphPostgresOperatorCommands (78.36s)
    --- PASS: TestNativeCanonicalGraphPostgresOperatorCommands/R1 (35.64s)
    --- PASS: TestNativeCanonicalGraphPostgresOperatorCommands/R3Domain (42.72s)
PASS
ok  	js-wf/cmd/wf	79.458s
