=== RUN   TestGraphVisibilityCanonicalRowsAndUncertainty
=== RUN   TestGraphVisibilityCanonicalRowsAndUncertainty/ordinary
    graph_test.go:260: mode=ordinary canonical status/attributes, no input body reads, bounded catalog and lag
=== RUN   TestGraphVisibilityCanonicalRowsAndUncertainty/catalog-unknown
=== RUN   TestGraphVisibilityCanonicalRowsAndUncertainty/source-forged
=== RUN   TestGraphVisibilityCanonicalRowsAndUncertainty/lease-held
    graph_test.go:260: mode=lease-held canonical status/attributes, no input body reads, bounded catalog and lag
=== RUN   TestGraphVisibilityCanonicalRowsAndUncertainty/lease-unknown
=== RUN   TestGraphVisibilityCanonicalRowsAndUncertainty/retired
    graph_test.go:260: mode=retired canonical status/attributes, no input body reads, bounded catalog and lag
--- PASS: TestGraphVisibilityCanonicalRowsAndUncertainty (0.28s)
    --- PASS: TestGraphVisibilityCanonicalRowsAndUncertainty/ordinary (0.06s)
    --- PASS: TestGraphVisibilityCanonicalRowsAndUncertainty/catalog-unknown (0.03s)
    --- PASS: TestGraphVisibilityCanonicalRowsAndUncertainty/source-forged (0.06s)
    --- PASS: TestGraphVisibilityCanonicalRowsAndUncertainty/lease-held (0.06s)
    --- PASS: TestGraphVisibilityCanonicalRowsAndUncertainty/lease-unknown (0.03s)
    --- PASS: TestGraphVisibilityCanonicalRowsAndUncertainty/retired (0.05s)
=== RUN   TestGraphPostgresVisibilityCanonicalRowsAndUncertainty
=== RUN   TestGraphPostgresVisibilityCanonicalRowsAndUncertainty/ordinary
    graph_test.go:260: mode=ordinary canonical status/attributes, no input body reads, bounded catalog and lag
=== RUN   TestGraphPostgresVisibilityCanonicalRowsAndUncertainty/catalog-unknown
=== RUN   TestGraphPostgresVisibilityCanonicalRowsAndUncertainty/source-forged
=== RUN   TestGraphPostgresVisibilityCanonicalRowsAndUncertainty/lease-held
    graph_test.go:260: mode=lease-held canonical status/attributes, no input body reads, bounded catalog and lag
=== RUN   TestGraphPostgresVisibilityCanonicalRowsAndUncertainty/lease-unknown
=== RUN   TestGraphPostgresVisibilityCanonicalRowsAndUncertainty/retired
    graph_test.go:260: mode=retired canonical status/attributes, no input body reads, bounded catalog and lag
--- PASS: TestGraphPostgresVisibilityCanonicalRowsAndUncertainty (0.62s)
    --- PASS: TestGraphPostgresVisibilityCanonicalRowsAndUncertainty/ordinary (0.13s)
    --- PASS: TestGraphPostgresVisibilityCanonicalRowsAndUncertainty/catalog-unknown (0.07s)
    --- PASS: TestGraphPostgresVisibilityCanonicalRowsAndUncertainty/source-forged (0.07s)
    --- PASS: TestGraphPostgresVisibilityCanonicalRowsAndUncertainty/lease-held (0.14s)
    --- PASS: TestGraphPostgresVisibilityCanonicalRowsAndUncertainty/lease-unknown (0.07s)
    --- PASS: TestGraphPostgresVisibilityCanonicalRowsAndUncertainty/retired (0.13s)
=== RUN   TestGraphVisibilityConfiguration
--- PASS: TestGraphVisibilityConfiguration (0.00s)
PASS
ok  	js-wf/visibility	1.927s
=== RUN   TestGraphOperatorRejectsPartialOrLegacyOnlySelection
--- PASS: TestGraphOperatorRejectsPartialOrLegacyOnlySelection (0.00s)
PASS
ok  	js-wf/cmd/wf	1.029s
