=== RUN   TestNRGTruncateWALRevertsUncommittedRemovePeer
=== RUN   TestNRGTruncateWALRevertsUncommittedRemovePeer/Leader
=== RUN   TestNRGTruncateWALRevertsUncommittedRemovePeer/Follower
=== RUN   TestNRGTruncateWALRevertsUncommittedRemovePeer/Restart
--- PASS: TestNRGTruncateWALRevertsUncommittedRemovePeer (1.03s)
    --- PASS: TestNRGTruncateWALRevertsUncommittedRemovePeer/Leader (0.32s)
    --- PASS: TestNRGTruncateWALRevertsUncommittedRemovePeer/Follower (0.37s)
    --- PASS: TestNRGTruncateWALRevertsUncommittedRemovePeer/Restart (0.34s)
=== RUN   TestNRGEvictPeers
=== RUN   TestNRGEvictPeers/Guards
=== RUN   TestNRGEvictPeers/RefusesWhenQuorumPossible
=== RUN   TestNRGEvictPeers/RefusesForUncommittedRemovePeer
=== RUN   TestNRGEvictPeers/RevertsUncommittedRemovePeer
=== RUN   TestNRGEvictPeers/RevertsUncommittedSelfRemoval
=== RUN   TestNRGEvictPeers/RevertsUncommittedAddPeer
=== RUN   TestNRGEvictPeers/RevertedAddPeerCommitsAsNoopWhenLeader
--- PASS: TestNRGEvictPeers (2.22s)
    --- PASS: TestNRGEvictPeers/Guards (0.31s)
    --- PASS: TestNRGEvictPeers/RefusesWhenQuorumPossible (0.37s)
    --- PASS: TestNRGEvictPeers/RefusesForUncommittedRemovePeer (0.33s)
    --- PASS: TestNRGEvictPeers/RevertsUncommittedRemovePeer (0.33s)
    --- PASS: TestNRGEvictPeers/RevertsUncommittedSelfRemoval (0.29s)
    --- PASS: TestNRGEvictPeers/RevertsUncommittedAddPeer (0.30s)
    --- PASS: TestNRGEvictPeers/RevertedAddPeerCommitsAsNoopWhenLeader (0.28s)
PASS
