=== RUN   TestNRGTruncateWALRevertsUncommittedRemovePeer
=== RUN   TestNRGTruncateWALRevertsUncommittedRemovePeer/Leader
=== RUN   TestNRGTruncateWALRevertsUncommittedRemovePeer/Follower
=== RUN   TestNRGTruncateWALRevertsUncommittedRemovePeer/Restart
--- PASS: TestNRGTruncateWALRevertsUncommittedRemovePeer (2.74s)
    --- PASS: TestNRGTruncateWALRevertsUncommittedRemovePeer/Leader (0.39s)
    --- PASS: TestNRGTruncateWALRevertsUncommittedRemovePeer/Follower (0.33s)
    --- PASS: TestNRGTruncateWALRevertsUncommittedRemovePeer/Restart (2.02s)
=== RUN   TestNRGEvictPeers
=== RUN   TestNRGEvictPeers/Guards
=== RUN   TestNRGEvictPeers/RefusesWhenQuorumPossible
=== RUN   TestNRGEvictPeers/RefusesForUncommittedRemovePeer
=== RUN   TestNRGEvictPeers/RevertsUncommittedRemovePeer
=== RUN   TestNRGEvictPeers/RevertsUncommittedSelfRemoval
=== RUN   TestNRGEvictPeers/RevertsUncommittedAddPeer
=== RUN   TestNRGEvictPeers/RevertedAddPeerCommitsAsNoopWhenLeader
--- PASS: TestNRGEvictPeers (2.58s)
    --- PASS: TestNRGEvictPeers/Guards (0.31s)
    --- PASS: TestNRGEvictPeers/RefusesWhenQuorumPossible (0.46s)
    --- PASS: TestNRGEvictPeers/RefusesForUncommittedRemovePeer (0.35s)
    --- PASS: TestNRGEvictPeers/RevertsUncommittedRemovePeer (0.38s)
    --- PASS: TestNRGEvictPeers/RevertsUncommittedSelfRemoval (0.34s)
    --- PASS: TestNRGEvictPeers/RevertsUncommittedAddPeer (0.37s)
    --- PASS: TestNRGEvictPeers/RevertedAddPeerCommitsAsNoopWhenLeader (0.36s)
PASS
