=== RUN   TestContinueCapturesStateAndEndsDelivery
--- PASS: TestContinueCapturesStateAndEndsDelivery (0.00s)
=== RUN   TestContinueRepairsPublicationCutsWithoutDuplicateEntries
=== RUN   TestContinueRepairsPublicationCutsWithoutDuplicateEntries/request_drop
=== RUN   TestContinueRepairsPublicationCutsWithoutDuplicateEntries/request_ack_lost
=== RUN   TestContinueRepairsPublicationCutsWithoutDuplicateEntries/blob_ack_lost
=== RUN   TestContinueRepairsPublicationCutsWithoutDuplicateEntries/blob_get_timeout
=== RUN   TestContinueRepairsPublicationCutsWithoutDuplicateEntries/completion_drop
=== RUN   TestContinueRepairsPublicationCutsWithoutDuplicateEntries/completion_ack_lost
--- PASS: TestContinueRepairsPublicationCutsWithoutDuplicateEntries (0.00s)
    --- PASS: TestContinueRepairsPublicationCutsWithoutDuplicateEntries/request_drop (0.00s)
    --- PASS: TestContinueRepairsPublicationCutsWithoutDuplicateEntries/request_ack_lost (0.00s)
    --- PASS: TestContinueRepairsPublicationCutsWithoutDuplicateEntries/blob_ack_lost (0.00s)
    --- PASS: TestContinueRepairsPublicationCutsWithoutDuplicateEntries/blob_get_timeout (0.00s)
    --- PASS: TestContinueRepairsPublicationCutsWithoutDuplicateEntries/completion_drop (0.00s)
    --- PASS: TestContinueRepairsPublicationCutsWithoutDuplicateEntries/completion_ack_lost (0.00s)
=== RUN   TestContinueRejectsChangedLocalsAndStagesBeforeObjectReads
--- PASS: TestContinueRejectsChangedLocalsAndStagesBeforeObjectReads (0.00s)
=== RUN   TestContinueRejectsUnregisteredAndInvalidBoundaries
--- PASS: TestContinueRejectsUnregisteredAndInvalidBoundaries (0.00s)
=== RUN   TestContinueMarshalsLocalsOnceAndProtectsStoreInput
--- PASS: TestContinueMarshalsLocalsOnceAndProtectsStoreInput (0.00s)
PASS
ok  	js-wf/wf	1.024s
=== RUN   TestSeededContinuationSDKReplay
--- PASS: TestSeededContinuationSDKReplay (6.29s)
PASS
ok  	js-wf/sim	7.313s
