=== RUN   TestCheckpointCursorPreservesSDKIdentitiesAndReplay
--- PASS: TestCheckpointCursorPreservesSDKIdentitiesAndReplay (0.00s)
=== RUN   TestCheckpointStateMatchesUninterruptedContinuation
--- PASS: TestCheckpointStateMatchesUninterruptedContinuation (0.00s)
=== RUN   TestCheckpointRejectsUnfinishedOrLiveTimerBoundary
=== RUN   TestCheckpointRejectsUnfinishedOrLiveTimerBoundary/pending-request
=== RUN   TestCheckpointRejectsUnfinishedOrLiveTimerBoundary/suspended
=== RUN   TestCheckpointRejectsUnfinishedOrLiveTimerBoundary/timer
--- PASS: TestCheckpointRejectsUnfinishedOrLiveTimerBoundary (0.00s)
    --- PASS: TestCheckpointRejectsUnfinishedOrLiveTimerBoundary/pending-request (0.00s)
    --- PASS: TestCheckpointRejectsUnfinishedOrLiveTimerBoundary/suspended (0.00s)
    --- PASS: TestCheckpointRejectsUnfinishedOrLiveTimerBoundary/timer (0.00s)
=== RUN   TestCheckpointRejectsRuntimeObjectsInLocalsBeforeWrites
--- PASS: TestCheckpointRejectsRuntimeObjectsInLocalsBeforeWrites (0.00s)
=== RUN   TestCheckpointRestoreRejectsGenerationAndSuffixBeforeEffects
--- PASS: TestCheckpointRestoreRejectsGenerationAndSuffixBeforeEffects (0.00s)
=== RUN   TestCheckpointPositiveTimerMustBeCanceledEvenAfterSignalSelection
--- PASS: TestCheckpointPositiveTimerMustBeCanceledEvenAfterSignalSelection (0.00s)
=== RUN   TestCheckpointRestoredPromiseVerifiesReferencedOutcome
--- PASS: TestCheckpointRestoredPromiseVerifiesReferencedOutcome (0.00s)
=== RUN   TestCheckpointLocalValidationVisitsOverlappingSlices
--- PASS: TestCheckpointLocalValidationVisitsOverlappingSlices (0.00s)
=== RUN   TestCheckpointRestoresNullableEmptyStateAsWritableMap
--- PASS: TestCheckpointRestoresNullableEmptyStateAsWritableMap (0.00s)
=== RUN   TestStepRecovery
--- PASS: TestStepRecovery (0.00s)
=== RUN   TestConcurrentStepOrderChangeFailsReplay
--- PASS: TestConcurrentStepOrderChangeFailsReplay (0.00s)
=== RUN   TestEffectPanicIsJournaled
--- PASS: TestEffectPanicIsJournaled (0.00s)
=== RUN   TestEffectGoexitIsJournaled
--- PASS: TestEffectGoexitIsJournaled (0.00s)
=== RUN   TestBlockedEffectReturnsOnCancellationWithoutCompletion
--- PASS: TestBlockedEffectReturnsOnCancellationWithoutCompletion (0.00s)
=== RUN   TestContinueCapturesStateAndEndsDelivery
--- PASS: TestContinueCapturesStateAndEndsDelivery (0.00s)
=== RUN   TestContinueRepairsPublicationCutsWithoutDuplicateEntries
=== RUN   TestContinueRepairsPublicationCutsWithoutDuplicateEntries/request_drop
=== RUN   TestContinueRepairsPublicationCutsWithoutDuplicateEntries/request_ack_lost
=== RUN   TestContinueRepairsPublicationCutsWithoutDuplicateEntries/blob_ack_lost
=== RUN   TestContinueRepairsPublicationCutsWithoutDuplicateEntries/blob_get_timeout
=== RUN   TestContinueRepairsPublicationCutsWithoutDuplicateEntries/completion_drop
=== RUN   TestContinueRepairsPublicationCutsWithoutDuplicateEntries/completion_ack_lost
--- PASS: TestContinueRepairsPublicationCutsWithoutDuplicateEntries (0.00s)
    --- PASS: TestContinueRepairsPublicationCutsWithoutDuplicateEntries/request_drop (0.00s)
    --- PASS: TestContinueRepairsPublicationCutsWithoutDuplicateEntries/request_ack_lost (0.00s)
    --- PASS: TestContinueRepairsPublicationCutsWithoutDuplicateEntries/blob_ack_lost (0.00s)
    --- PASS: TestContinueRepairsPublicationCutsWithoutDuplicateEntries/blob_get_timeout (0.00s)
    --- PASS: TestContinueRepairsPublicationCutsWithoutDuplicateEntries/completion_drop (0.00s)
    --- PASS: TestContinueRepairsPublicationCutsWithoutDuplicateEntries/completion_ack_lost (0.00s)
=== RUN   TestContinueRejectsChangedLocalsAndStagesBeforeObjectReads
--- PASS: TestContinueRejectsChangedLocalsAndStagesBeforeObjectReads (0.00s)
=== RUN   TestContinueRejectsUnregisteredAndInvalidBoundaries
--- PASS: TestContinueRejectsUnregisteredAndInvalidBoundaries (0.00s)
=== RUN   TestContinueMarshalsLocalsOnceAndProtectsStoreInput
--- PASS: TestContinueMarshalsLocalsOnceAndProtectsStoreInput (0.00s)
=== RUN   TestPromiseResolvesLargeChildResult
--- PASS: TestPromiseResolvesLargeChildResult (0.00s)
=== RUN   TestPromiseRepeatedAwaitReplaysOneConsumptionAndCopiesResult
--- PASS: TestPromiseRepeatedAwaitReplaysOneConsumptionAndCopiesResult (0.00s)
=== RUN   TestPromiseObjectReadRetryDoesNotConsumeAnotherSignal
--- PASS: TestPromiseObjectReadRetryDoesNotConsumeAnotherSignal (0.00s)
=== RUN   TestPromiseRepeatedChildFailureAndCorruptOutcome
--- PASS: TestPromiseRepeatedChildFailureAndCorruptOutcome (0.00s)
=== RUN   TestPromiseResultCacheRemainsBounded
--- PASS: TestPromiseResultCacheRemainsBounded (0.14s)
=== RUN   TestRandomWorkflowDAGsRecoverAfterKill
--- PASS: TestRandomWorkflowDAGsRecoverAfterKill (10.45s)
=== RUN   TestOfflineReplayNeverRunsIncompleteEffect
--- PASS: TestOfflineReplayNeverRunsIncompleteEffect (0.00s)
=== RUN   TestOfflineReplayWithSignalAndObjectResult
--- PASS: TestOfflineReplayWithSignalAndObjectResult (0.09s)
=== RUN   TestOfflineReplayObservesSuspensionAndFailure
--- PASS: TestOfflineReplayObservesSuspensionAndFailure (0.00s)
=== RUN   TestOfflineReplayObservesChildSuspension
--- PASS: TestOfflineReplayObservesChildSuspension (0.00s)
=== RUN   TestUnserializableStepResultsAreDurable
=== RUN   TestUnserializableStepResultsAreDurable/channel
=== RUN   TestUnserializableStepResultsAreDurable/function
=== RUN   TestUnserializableStepResultsAreDurable/cyclic_value
--- PASS: TestUnserializableStepResultsAreDurable (0.01s)
    --- PASS: TestUnserializableStepResultsAreDurable/channel (0.00s)
    --- PASS: TestUnserializableStepResultsAreDurable/function (0.00s)
    --- PASS: TestUnserializableStepResultsAreDurable/cyclic_value (0.00s)
=== RUN   TestUnknownStepResultErrorKindFailsClosed
--- PASS: TestUnknownStepResultErrorKindFailsClosed (0.00s)
=== RUN   TestSearchAttributesReplayAndValidation
--- PASS: TestSearchAttributesReplayAndValidation (0.00s)
=== RUN   TestSelectManySuspendsReplaysChoiceAndRetainsLosers
--- PASS: TestSelectManySuspendsReplaysChoiceAndRetainsLosers (0.00s)
=== RUN   TestSelectManyRejectsInvalidCasesAndCorruptCompletion
--- PASS: TestSelectManyRejectsInvalidCasesAndCorruptCompletion (0.00s)
=== RUN   TestSelectManyUnknownCompletionReplaysRecordedWinner
--- PASS: TestSelectManyUnknownCompletionReplaysRecordedWinner (0.00s)
=== RUN   TestTimerSelectSignalSuspendsAndReplaysChoice
--- PASS: TestTimerSelectSignalSuspendsAndReplaysChoice (0.00s)
=== RUN   TestTimerSelectSignalTimerBranchReplaysWithoutFiringAgain
--- PASS: TestTimerSelectSignalTimerBranchReplaysWithoutFiringAgain (0.00s)
=== RUN   TestJournaledStateReplayAndDivergence
--- PASS: TestJournaledStateReplayAndDivergence (0.00s)
=== RUN   TestTimerHandlesCancelAndCoalesceOnReplay
--- PASS: TestTimerHandlesCancelAndCoalesceOnReplay (0.00s)
=== RUN   TestTimerHandleRetriesScheduleAfterRequest
--- PASS: TestTimerHandleRetriesScheduleAfterRequest (0.00s)
=== RUN   TestSleepUsesServerClockAndReplays
--- PASS: TestSleepUsesServerClockAndReplays (0.00s)
=== RUN   TestNonpositiveSleepCompletesImmediately
--- PASS: TestNonpositiveSleepCompletesImmediately (0.00s)
=== RUN   TestRunOnceRetryKeepsDeduplicationKey
--- PASS: TestRunOnceRetryKeepsDeduplicationKey (0.00s)
=== RUN   TestJournaledNowAndRandomReplay
--- PASS: TestJournaledNowAndRandomReplay (0.00s)
=== RUN   TestVersionReplaysDecision
--- PASS: TestVersionReplaysDecision (0.00s)
PASS
ok  	js-wf/wf	11.750s
