=== RUN   TestGraphEmptyHistoryInspectionDoesNotPublishReader
--- PASS: TestGraphEmptyHistoryInspectionDoesNotPublishReader (0.01s)
=== RUN   TestGraphFullHistoryRangeRenewsAfterSlowAcquire
--- PASS: TestGraphFullHistoryRangeRenewsAfterSlowAcquire (0.39s)
=== RUN   TestGraphFullHistoryRangeCensusAndRenewal
    graph_full_range_test.go:127: FULL_HISTORY_RANGE records=33 range_gets=97 point_gets=226 simulated_elapsed=19.4s pin_ttl=4s
--- PASS: TestGraphFullHistoryRangeCensusAndRenewal (0.51s)
=== RUN   TestGraphJournalStaleAndUnknownAppends
=== RUN   TestGraphJournalStaleAndUnknownAppends/lost
=== RUN   TestGraphJournalStaleAndUnknownAppends/drop
=== RUN   TestGraphJournalStaleAndUnknownAppends/readback
=== RUN   TestGraphJournalStaleAndUnknownAppends/competitor
=== RUN   TestGraphJournalStaleAndUnknownAppends/retirement-lost
=== RUN   TestGraphJournalStaleAndUnknownAppends/begin-lost
--- PASS: TestGraphJournalStaleAndUnknownAppends (0.17s)
    --- PASS: TestGraphJournalStaleAndUnknownAppends/lost (0.01s)
    --- PASS: TestGraphJournalStaleAndUnknownAppends/drop (0.02s)
    --- PASS: TestGraphJournalStaleAndUnknownAppends/readback (0.05s)
    --- PASS: TestGraphJournalStaleAndUnknownAppends/competitor (0.01s)
    --- PASS: TestGraphJournalStaleAndUnknownAppends/retirement-lost (0.01s)
    --- PASS: TestGraphJournalStaleAndUnknownAppends/begin-lost (0.06s)
PASS
ok  	js-wf/journal	2.166s
