=== RUN   TestFiveContainerMixedJournalLeaderEveryThirtySeconds
    tier3_mixed_journal_test.go:331: tier3 mixed batch=1 elapsed=3.924713545s
    tier3_mixed_journal_test.go:331: tier3 mixed batch=2 elapsed=7.948758695s
    tier3_mixed_journal_test.go:331: tier3 mixed batch=3 elapsed=11.974545301s
    tier3_mixed_journal_test.go:331: tier3 mixed batch=4 elapsed=15.997501005s
    tier3_mixed_journal_test.go:331: tier3 mixed batch=5 elapsed=20.020793452s
    tier3_mixed_journal_test.go:331: tier3 mixed batch=6 elapsed=24.048405611s
    tier3_mixed_journal_test.go:331: tier3 mixed batch=7 elapsed=28.077063931s
    tier3_mixed_journal_test.go:267: tier3 journal fault node=0 scheduled=30s killed=30.026809064s healed=35.324790717s
    tier3_mixed_journal_test.go:331: tier3 mixed batch=8 elapsed=38.905704559s
    tier3_mixed_journal_test.go:408: TIER3_MIXED_CELL type=matrixshort invocations=32 terminal_p99=1.565441536s progress_p99=1.491402183s
    tier3_mixed_journal_test.go:408: TIER3_MIXED_CELL type=matrixtimer invocations=24 terminal_p99=282.521835ms progress_p99=7.057218464s
    tier3_mixed_journal_test.go:408: TIER3_MIXED_CELL type=matrixsignal invocations=16 terminal_p99=3.714181582s progress_p99=267.588821ms
    tier3_mixed_journal_test.go:408: TIER3_MIXED_CELL type=matrixfanout invocations=8 terminal_p99=3.371356119s progress_p99=152.3467ms
    tier3_mixed_journal_test.go:408: TIER3_MIXED_CELL type=matrixchild invocations=48 terminal_p99=303.062684ms progress_p99=155.50557ms
    tier3_mixed_journal_test.go:408: TIER3_MIXED_CELL type=matrixgrandchild invocations=96 terminal_p99=401.864632ms progress_p99=334.986712ms
    tier3_mixed_journal_test.go:491: TIER3_MIXED_RESULT row=journal seed=1 duration=35s five_replicas=true batches=8 invocations=224 entries=2467 faults=1 full_matrix_release=false
--- PASS: TestFiveContainerMixedJournalLeaderEveryThirtySeconds (54.51s)
PASS
ok  	js-wf/integration	55.530s
