=== RUN   TestAppendGraphMembershipSeededCensusAndForks
=== RUN   TestAppendGraphMembershipSeededCensusAndForks/1
=== RUN   TestAppendGraphMembershipSeededCensusAndForks/2
=== RUN   TestAppendGraphMembershipSeededCensusAndForks/3
=== RUN   TestAppendGraphMembershipSeededCensusAndForks/4
=== RUN   TestAppendGraphMembershipSeededCensusAndForks/5
=== RUN   TestAppendGraphMembershipSeededCensusAndForks/6
=== RUN   TestAppendGraphMembershipSeededCensusAndForks/7
=== RUN   TestAppendGraphMembershipSeededCensusAndForks/8
=== RUN   TestAppendGraphMembershipSeededCensusAndForks/9
=== RUN   TestAppendGraphMembershipSeededCensusAndForks/10
=== RUN   TestAppendGraphMembershipSeededCensusAndForks/11
=== RUN   TestAppendGraphMembershipSeededCensusAndForks/12
=== RUN   TestAppendGraphMembershipSeededCensusAndForks/13
=== RUN   TestAppendGraphMembershipSeededCensusAndForks/14
=== RUN   TestAppendGraphMembershipSeededCensusAndForks/15
=== RUN   TestAppendGraphMembershipSeededCensusAndForks/16
=== RUN   TestAppendGraphMembershipSeededCensusAndForks/17
=== RUN   TestAppendGraphMembershipSeededCensusAndForks/18
=== RUN   TestAppendGraphMembershipSeededCensusAndForks/19
=== RUN   TestAppendGraphMembershipSeededCensusAndForks/20
=== RUN   TestAppendGraphMembershipSeededCensusAndForks/21
=== RUN   TestAppendGraphMembershipSeededCensusAndForks/22
=== RUN   TestAppendGraphMembershipSeededCensusAndForks/23
=== RUN   TestAppendGraphMembershipSeededCensusAndForks/24
=== RUN   TestAppendGraphMembershipSeededCensusAndForks/25
=== RUN   TestAppendGraphMembershipSeededCensusAndForks/26
=== RUN   TestAppendGraphMembershipSeededCensusAndForks/27
=== RUN   TestAppendGraphMembershipSeededCensusAndForks/28
=== RUN   TestAppendGraphMembershipSeededCensusAndForks/29
=== RUN   TestAppendGraphMembershipSeededCensusAndForks/30
=== RUN   TestAppendGraphMembershipSeededCensusAndForks/31
=== RUN   TestAppendGraphMembershipSeededCensusAndForks/32
=== NAME  TestAppendGraphMembershipSeededCensusAndForks
    membership_test.go:153: RETAINED_GRAPH_MEMBERSHIP seeds=32 records_per_seed=128 queries=176359 max_node_path_reads=7 max_payload_path_reads=8
--- PASS: TestAppendGraphMembershipSeededCensusAndForks (7.00s)
    --- PASS: TestAppendGraphMembershipSeededCensusAndForks/1 (0.24s)
    --- PASS: TestAppendGraphMembershipSeededCensusAndForks/2 (0.33s)
    --- PASS: TestAppendGraphMembershipSeededCensusAndForks/3 (0.19s)
    --- PASS: TestAppendGraphMembershipSeededCensusAndForks/4 (0.22s)
    --- PASS: TestAppendGraphMembershipSeededCensusAndForks/5 (0.20s)
    --- PASS: TestAppendGraphMembershipSeededCensusAndForks/6 (0.19s)
    --- PASS: TestAppendGraphMembershipSeededCensusAndForks/7 (0.22s)
    --- PASS: TestAppendGraphMembershipSeededCensusAndForks/8 (0.24s)
    --- PASS: TestAppendGraphMembershipSeededCensusAndForks/9 (0.19s)
    --- PASS: TestAppendGraphMembershipSeededCensusAndForks/10 (0.21s)
    --- PASS: TestAppendGraphMembershipSeededCensusAndForks/11 (0.21s)
    --- PASS: TestAppendGraphMembershipSeededCensusAndForks/12 (0.20s)
    --- PASS: TestAppendGraphMembershipSeededCensusAndForks/13 (0.25s)
    --- PASS: TestAppendGraphMembershipSeededCensusAndForks/14 (0.24s)
    --- PASS: TestAppendGraphMembershipSeededCensusAndForks/15 (0.19s)
    --- PASS: TestAppendGraphMembershipSeededCensusAndForks/16 (0.21s)
    --- PASS: TestAppendGraphMembershipSeededCensusAndForks/17 (0.22s)
    --- PASS: TestAppendGraphMembershipSeededCensusAndForks/18 (0.19s)
    --- PASS: TestAppendGraphMembershipSeededCensusAndForks/19 (0.21s)
    --- PASS: TestAppendGraphMembershipSeededCensusAndForks/20 (0.23s)
    --- PASS: TestAppendGraphMembershipSeededCensusAndForks/21 (0.21s)
    --- PASS: TestAppendGraphMembershipSeededCensusAndForks/22 (0.26s)
    --- PASS: TestAppendGraphMembershipSeededCensusAndForks/23 (0.28s)
    --- PASS: TestAppendGraphMembershipSeededCensusAndForks/24 (0.18s)
    --- PASS: TestAppendGraphMembershipSeededCensusAndForks/25 (0.20s)
    --- PASS: TestAppendGraphMembershipSeededCensusAndForks/26 (0.22s)
    --- PASS: TestAppendGraphMembershipSeededCensusAndForks/27 (0.19s)
    --- PASS: TestAppendGraphMembershipSeededCensusAndForks/28 (0.17s)
    --- PASS: TestAppendGraphMembershipSeededCensusAndForks/29 (0.18s)
    --- PASS: TestAppendGraphMembershipSeededCensusAndForks/30 (0.21s)
    --- PASS: TestAppendGraphMembershipSeededCensusAndForks/31 (0.28s)
    --- PASS: TestAppendGraphMembershipSeededCensusAndForks/32 (0.20s)
=== RUN   TestAppendGraphMembershipUncertaintyAndBounds
--- PASS: TestAppendGraphMembershipUncertaintyAndBounds (0.00s)
PASS
ok  	js-wf/internal/retainedgraph	6.999s
