=== RUN   TestAppendGraphMembershipSeededCensusAndForks
=== RUN   TestAppendGraphMembershipSeededCensusAndForks/1
=== RUN   TestAppendGraphMembershipSeededCensusAndForks/2
=== RUN   TestAppendGraphMembershipSeededCensusAndForks/3
=== RUN   TestAppendGraphMembershipSeededCensusAndForks/4
=== RUN   TestAppendGraphMembershipSeededCensusAndForks/5
=== RUN   TestAppendGraphMembershipSeededCensusAndForks/6
=== RUN   TestAppendGraphMembershipSeededCensusAndForks/7
=== RUN   TestAppendGraphMembershipSeededCensusAndForks/8
=== RUN   TestAppendGraphMembershipSeededCensusAndForks/9
=== RUN   TestAppendGraphMembershipSeededCensusAndForks/10
=== RUN   TestAppendGraphMembershipSeededCensusAndForks/11
=== RUN   TestAppendGraphMembershipSeededCensusAndForks/12
=== RUN   TestAppendGraphMembershipSeededCensusAndForks/13
=== RUN   TestAppendGraphMembershipSeededCensusAndForks/14
=== RUN   TestAppendGraphMembershipSeededCensusAndForks/15
=== RUN   TestAppendGraphMembershipSeededCensusAndForks/16
=== RUN   TestAppendGraphMembershipSeededCensusAndForks/17
=== RUN   TestAppendGraphMembershipSeededCensusAndForks/18
=== RUN   TestAppendGraphMembershipSeededCensusAndForks/19
=== RUN   TestAppendGraphMembershipSeededCensusAndForks/20
=== RUN   TestAppendGraphMembershipSeededCensusAndForks/21
=== RUN   TestAppendGraphMembershipSeededCensusAndForks/22
=== RUN   TestAppendGraphMembershipSeededCensusAndForks/23
=== RUN   TestAppendGraphMembershipSeededCensusAndForks/24
=== RUN   TestAppendGraphMembershipSeededCensusAndForks/25
=== RUN   TestAppendGraphMembershipSeededCensusAndForks/26
=== RUN   TestAppendGraphMembershipSeededCensusAndForks/27
=== RUN   TestAppendGraphMembershipSeededCensusAndForks/28
=== RUN   TestAppendGraphMembershipSeededCensusAndForks/29
=== RUN   TestAppendGraphMembershipSeededCensusAndForks/30
=== RUN   TestAppendGraphMembershipSeededCensusAndForks/31
=== RUN   TestAppendGraphMembershipSeededCensusAndForks/32
=== NAME  TestAppendGraphMembershipSeededCensusAndForks
    membership_test.go:153: RETAINED_GRAPH_MEMBERSHIP seeds=32 records_per_seed=128 queries=176359 max_node_path_reads=7 max_payload_path_reads=8
--- PASS: TestAppendGraphMembershipSeededCensusAndForks (119.72s)
    --- PASS: TestAppendGraphMembershipSeededCensusAndForks/1 (3.73s)
    --- PASS: TestAppendGraphMembershipSeededCensusAndForks/2 (3.88s)
    --- PASS: TestAppendGraphMembershipSeededCensusAndForks/3 (3.75s)
    --- PASS: TestAppendGraphMembershipSeededCensusAndForks/4 (3.75s)
    --- PASS: TestAppendGraphMembershipSeededCensusAndForks/5 (3.75s)
    --- PASS: TestAppendGraphMembershipSeededCensusAndForks/6 (3.64s)
    --- PASS: TestAppendGraphMembershipSeededCensusAndForks/7 (3.68s)
    --- PASS: TestAppendGraphMembershipSeededCensusAndForks/8 (3.70s)
    --- PASS: TestAppendGraphMembershipSeededCensusAndForks/9 (3.79s)
    --- PASS: TestAppendGraphMembershipSeededCensusAndForks/10 (3.64s)
    --- PASS: TestAppendGraphMembershipSeededCensusAndForks/11 (3.72s)
    --- PASS: TestAppendGraphMembershipSeededCensusAndForks/12 (3.85s)
    --- PASS: TestAppendGraphMembershipSeededCensusAndForks/13 (3.87s)
    --- PASS: TestAppendGraphMembershipSeededCensusAndForks/14 (4.01s)
    --- PASS: TestAppendGraphMembershipSeededCensusAndForks/15 (3.75s)
    --- PASS: TestAppendGraphMembershipSeededCensusAndForks/16 (3.81s)
    --- PASS: TestAppendGraphMembershipSeededCensusAndForks/17 (3.68s)
    --- PASS: TestAppendGraphMembershipSeededCensusAndForks/18 (3.49s)
    --- PASS: TestAppendGraphMembershipSeededCensusAndForks/19 (3.54s)
    --- PASS: TestAppendGraphMembershipSeededCensusAndForks/20 (3.82s)
    --- PASS: TestAppendGraphMembershipSeededCensusAndForks/21 (3.45s)
    --- PASS: TestAppendGraphMembershipSeededCensusAndForks/22 (3.66s)
    --- PASS: TestAppendGraphMembershipSeededCensusAndForks/23 (3.75s)
    --- PASS: TestAppendGraphMembershipSeededCensusAndForks/24 (3.64s)
    --- PASS: TestAppendGraphMembershipSeededCensusAndForks/25 (3.86s)
    --- PASS: TestAppendGraphMembershipSeededCensusAndForks/26 (3.96s)
    --- PASS: TestAppendGraphMembershipSeededCensusAndForks/27 (3.74s)
    --- PASS: TestAppendGraphMembershipSeededCensusAndForks/28 (3.80s)
    --- PASS: TestAppendGraphMembershipSeededCensusAndForks/29 (3.77s)
    --- PASS: TestAppendGraphMembershipSeededCensusAndForks/30 (3.72s)
    --- PASS: TestAppendGraphMembershipSeededCensusAndForks/31 (3.64s)
    --- PASS: TestAppendGraphMembershipSeededCensusAndForks/32 (3.89s)
=== RUN   TestAppendGraphMembershipUncertaintyAndBounds
--- PASS: TestAppendGraphMembershipUncertaintyAndBounds (0.00s)
=== RUN   TestAppendGraphMembershipStorageErrorsNeverBecomeAbsence
--- PASS: TestAppendGraphMembershipStorageErrorsNeverBecomeAbsence (0.00s)
PASS
ok  	js-wf/internal/retainedgraph	120.740s
