=== RUN   TestOperatorStandaloneDaemonSignalsThroughLeaf
=== RUN   TestOperatorStandaloneDaemonSignalsThroughLeaf/project/startup
    leaf_daemon_standalone_test.go:82: packaged leaf daemon: command=project stage=startup pid=843245 exit=0 root=/tmp/js-wf-operator-daemon-leaf-observed-20261007/stores/TestOperatorStandaloneDaemonSignalsThroughLeaf_project_startup-946669145 client_bytes=213 server_bytes=846
=== RUN   TestOperatorStandaloneDaemonSignalsThroughLeaf/project/running
    leaf_daemon_standalone_test.go:82: packaged leaf daemon: command=project stage=running pid=843306 exit=0 root=/tmp/js-wf-operator-daemon-leaf-observed-20261007/stores/TestOperatorStandaloneDaemonSignalsThroughLeaf_project_running-3103923553 client_bytes=1766 server_bytes=9338
=== RUN   TestOperatorStandaloneDaemonSignalsThroughLeaf/tombstone-loop/startup
    leaf_daemon_standalone_test.go:82: packaged leaf daemon: command=tombstone-loop stage=startup pid=843528 exit=0 root=/tmp/js-wf-operator-daemon-leaf-observed-20261007/stores/TestOperatorStandaloneDaemonSignalsThroughLeaf_tombstone-loop_startup-3417432865 client_bytes=213 server_bytes=848
=== RUN   TestOperatorStandaloneDaemonSignalsThroughLeaf/tombstone-loop/running
    leaf_daemon_standalone_test.go:82: packaged leaf daemon: command=tombstone-loop stage=running pid=843596 exit=0 root=/tmp/js-wf-operator-daemon-leaf-observed-20261007/stores/TestOperatorStandaloneDaemonSignalsThroughLeaf_tombstone-loop_running-3078714853 client_bytes=3550 server_bytes=15950
=== RUN   TestOperatorStandaloneDaemonSignalsThroughLeaf/project/fatal
    leaf_daemon_standalone_test.go:89: packaged leaf daemon: command=project stage=fatal pid=843708 exit=1 root=/tmp/js-wf-operator-daemon-leaf-observed-20261007/stores/TestOperatorStandaloneDaemonSignalsThroughLeaf_project_fatal-735186115 client_bytes=294 server_bytes=1058
=== NAME  TestOperatorStandaloneDaemonSignalsThroughLeaf
    leaf_standalone_test.go:172: operator leaf: test=TestOperatorStandaloneDaemonSignalsThroughLeaf local=WFEDGE remote=WFOPS leaf_pid=843214 local_streams=0
--- PASS: TestOperatorStandaloneDaemonSignalsThroughLeaf (15.25s)
    --- PASS: TestOperatorStandaloneDaemonSignalsThroughLeaf/project/startup (1.06s)
    --- PASS: TestOperatorStandaloneDaemonSignalsThroughLeaf/project/running (2.18s)
    --- PASS: TestOperatorStandaloneDaemonSignalsThroughLeaf/tombstone-loop/startup (1.05s)
    --- PASS: TestOperatorStandaloneDaemonSignalsThroughLeaf/tombstone-loop/running (1.14s)
    --- PASS: TestOperatorStandaloneDaemonSignalsThroughLeaf/project/fatal (0.05s)
PASS
