interop	Set up job	﻿2026-10-02T06:44:01.9854220Z Current runner version: '2.337.0'
interop	Set up job	2026-10-02T06:44:01.9881134Z ##[group]Runner Image Provisioner
interop	Set up job	2026-10-02T06:44:01.9882240Z Hosted Compute Agent
interop	Set up job	2026-10-02T06:44:01.9882952Z Version: 20260901.588
interop	Set up job	2026-10-02T06:44:01.9883580Z Commit: f88ec8081b781fac6c440065ac7ff9e710ce3d0b
interop	Set up job	2026-10-02T06:44:01.9884432Z Build Date: 2026-09-01T19:56:44Z
interop	Set up job	2026-10-02T06:44:01.9885112Z Worker ID: {a30ee082-9d94-4c73-9c46-17a60424a697}
interop	Set up job	2026-10-02T06:44:01.9885801Z Azure Region: westus
interop	Set up job	2026-10-02T06:44:01.9886527Z ##[endgroup]
interop	Set up job	2026-10-02T06:44:01.9888169Z ##[group]Operating System
interop	Set up job	2026-10-02T06:44:01.9888918Z Ubuntu
interop	Set up job	2026-10-02T06:44:01.9889504Z 24.04.5
interop	Set up job	2026-10-02T06:44:01.9890010Z LTS
interop	Set up job	2026-10-02T06:44:01.9890573Z ##[endgroup]
interop	Set up job	2026-10-02T06:44:01.9891136Z ##[group]Runner Image
interop	Set up job	2026-10-02T06:44:01.9892064Z Image: ubuntu-24.04
interop	Set up job	2026-10-02T06:44:01.9892664Z Version: 20260927.320.1
interop	Set up job	2026-10-02T06:44:01.9893715Z Included Software: https://github.com/actions/runner-images/blob/ubuntu24/20260927.320/images/ubuntu/Ubuntu2404-Readme.md
interop	Set up job	2026-10-02T06:44:01.9895473Z Image Release: https://github.com/actions/runner-images/releases/tag/ubuntu24%2F20260927.320
interop	Set up job	2026-10-02T06:44:01.9896541Z ##[endgroup]
interop	Set up job	2026-10-02T06:44:01.9897650Z ##[group]GITHUB_TOKEN Permissions
interop	Set up job	2026-10-02T06:44:01.9900216Z Contents: read
interop	Set up job	2026-10-02T06:44:01.9900892Z Metadata: read
interop	Set up job	2026-10-02T06:44:01.9901796Z ##[endgroup]
interop	Set up job	2026-10-02T06:44:01.9904124Z Secret source: Actions
interop	Set up job	2026-10-02T06:44:01.9905115Z Cache mode: write
interop	Set up job	2026-10-02T06:44:01.9906200Z Prepare workflow directory
interop	Set up job	2026-10-02T06:44:02.0314976Z Prepare all required actions
interop	Set up job	2026-10-02T06:44:02.0366501Z Getting action download info
interop	Set up job	2026-10-02T06:44:02.4027194Z Download action repository 'actions/checkout@v4' (SHA:11d5960a326750d5838078e36cf38b85af677262)
interop	Set up job	2026-10-02T06:44:02.5132495Z Download action repository 'actions/setup-go@v5' (SHA:40f1582b2485089dde7abd97c1529aa768e1baff)
interop	Set up job	2026-10-02T06:44:03.0495272Z Download action repository 'actions/upload-artifact@v4' (SHA:ea165f8d65b6e75b540449e92b4886f43607fa02)
interop	Set up job	2026-10-02T06:44:03.2639961Z Complete job name: interop
interop	Run actions/checkout@v4	﻿2026-10-02T06:44:03.3464664Z ##[group]Run actions/checkout@v4
interop	Run actions/checkout@v4	2026-10-02T06:44:03.3465595Z with:
interop	Run actions/checkout@v4	2026-10-02T06:44:03.3466054Z   repository: AntPAllen/js-wf
interop	Run actions/checkout@v4	2026-10-02T06:44:03.3469832Z   token: ***
interop	Run actions/checkout@v4	2026-10-02T06:44:03.3470277Z   ssh-strict: true
interop	Run actions/checkout@v4	2026-10-02T06:44:03.3470709Z   ssh-user: git
interop	Run actions/checkout@v4	2026-10-02T06:44:03.3471157Z   persist-credentials: true
interop	Run actions/checkout@v4	2026-10-02T06:44:03.3471854Z   clean: true
interop	Run actions/checkout@v4	2026-10-02T06:44:03.3472309Z   sparse-checkout-cone-mode: true
interop	Run actions/checkout@v4	2026-10-02T06:44:03.3472827Z   fetch-depth: 1
interop	Run actions/checkout@v4	2026-10-02T06:44:03.3473241Z   fetch-tags: false
interop	Run actions/checkout@v4	2026-10-02T06:44:03.3473679Z   show-progress: true
interop	Run actions/checkout@v4	2026-10-02T06:44:03.3474126Z   lfs: false
interop	Run actions/checkout@v4	2026-10-02T06:44:03.3474541Z   submodules: false
interop	Run actions/checkout@v4	2026-10-02T06:44:03.3474995Z   set-safe-directory: true
interop	Run actions/checkout@v4	2026-10-02T06:44:03.3475491Z   allow-unsafe-pr-checkout: false
interop	Run actions/checkout@v4	2026-10-02T06:44:03.3476425Z env:
interop	Run actions/checkout@v4	2026-10-02T06:44:03.3476855Z   GOMEMLIMIT: 512MiB
interop	Run actions/checkout@v4	2026-10-02T06:44:03.3477303Z   GOMAXPROCS: 2
interop	Run actions/checkout@v4	2026-10-02T06:44:03.3477728Z ##[endgroup]
interop	Run actions/checkout@v4	2026-10-02T06:44:03.4535948Z Syncing repository: AntPAllen/js-wf
interop	Run actions/checkout@v4	2026-10-02T06:44:03.4538802Z ##[group]Getting Git version info
interop	Run actions/checkout@v4	2026-10-02T06:44:03.4539901Z Working directory is '/home/runner/work/js-wf/js-wf'
interop	Run actions/checkout@v4	2026-10-02T06:44:03.4541782Z [command]/usr/bin/git version
interop	Run actions/checkout@v4	2026-10-02T06:44:03.4620609Z git version 2.55.0
interop	Run actions/checkout@v4	2026-10-02T06:44:03.4647369Z ##[endgroup]
interop	Run actions/checkout@v4	2026-10-02T06:44:03.4666559Z Temporarily overriding HOME='/home/runner/work/_temp/732100f3-3a92-4807-8780-ebfa5e5d001a' before making global git config changes
interop	Run actions/checkout@v4	2026-10-02T06:44:03.4669092Z Adding repository directory to the temporary git global config as a safe directory
interop	Run actions/checkout@v4	2026-10-02T06:44:03.4673501Z [command]/usr/bin/git config --global --add safe.directory /home/runner/work/js-wf/js-wf
interop	Run actions/checkout@v4	2026-10-02T06:44:03.4733198Z Deleting the contents of '/home/runner/work/js-wf/js-wf'
interop	Run actions/checkout@v4	2026-10-02T06:44:03.4737455Z ##[group]Initializing the repository
interop	Run actions/checkout@v4	2026-10-02T06:44:03.4743608Z [command]/usr/bin/git init /home/runner/work/js-wf/js-wf
interop	Run actions/checkout@v4	2026-10-02T06:44:03.4872679Z hint: Using 'master' as the name for the initial branch. This default branch name
interop	Run actions/checkout@v4	2026-10-02T06:44:03.4875594Z hint: will change to "main" in Git 3.0. To configure the initial branch name
interop	Run actions/checkout@v4	2026-10-02T06:44:03.4877648Z hint: to use in all of your new repositories, which will suppress this warning,
interop	Run actions/checkout@v4	2026-10-02T06:44:03.4879155Z hint: call:
interop	Run actions/checkout@v4	2026-10-02T06:44:03.4880204Z hint:
interop	Run actions/checkout@v4	2026-10-02T06:44:03.4881640Z hint: 	git config --global init.defaultBranch <name>
interop	Run actions/checkout@v4	2026-10-02T06:44:03.4882885Z hint:
interop	Run actions/checkout@v4	2026-10-02T06:44:03.4883628Z hint: Names commonly chosen instead of 'master' are 'main', 'trunk' and
interop	Run actions/checkout@v4	2026-10-02T06:44:03.4884647Z hint: 'development'. The just-created branch can be renamed via this command:
interop	Run actions/checkout@v4	2026-10-02T06:44:03.4885407Z hint:
interop	Run actions/checkout@v4	2026-10-02T06:44:03.4885944Z hint: 	git branch -m <name>
interop	Run actions/checkout@v4	2026-10-02T06:44:03.4886651Z hint:
interop	Run actions/checkout@v4	2026-10-02T06:44:03.4887316Z hint: Disable this message with "git config set advice.defaultBranchName false"
interop	Run actions/checkout@v4	2026-10-02T06:44:03.4888317Z Initialized empty Git repository in /home/runner/work/js-wf/js-wf/.git/
interop	Run actions/checkout@v4	2026-10-02T06:44:03.4890775Z [command]/usr/bin/git remote add origin https://github.com/AntPAllen/js-wf
interop	Run actions/checkout@v4	2026-10-02T06:44:03.4947307Z ##[endgroup]
interop	Run actions/checkout@v4	2026-10-02T06:44:03.4948177Z ##[group]Disabling automatic garbage collection
interop	Run actions/checkout@v4	2026-10-02T06:44:03.4952554Z [command]/usr/bin/git config --local gc.auto 0
interop	Run actions/checkout@v4	2026-10-02T06:44:03.4989338Z ##[endgroup]
interop	Run actions/checkout@v4	2026-10-02T06:44:03.4990719Z ##[group]Setting up auth
interop	Run actions/checkout@v4	2026-10-02T06:44:03.4997742Z [command]/usr/bin/git config --local --name-only --get-regexp core\.sshCommand
interop	Run actions/checkout@v4	2026-10-02T06:44:03.5047332Z [command]/usr/bin/git submodule foreach --recursive sh -c "git config --local --name-only --get-regexp 'core\.sshCommand' && git config --local --unset-all 'core.sshCommand' || :"
interop	Run actions/checkout@v4	2026-10-02T06:44:03.5450028Z [command]/usr/bin/git config --local --name-only --get-regexp http\.https\:\/\/github\.com\/\.extraheader
interop	Run actions/checkout@v4	2026-10-02T06:44:03.5488179Z [command]/usr/bin/git submodule foreach --recursive sh -c "git config --local --name-only --get-regexp 'http\.https\:\/\/github\.com\/\.extraheader' && git config --local --unset-all 'http.https://github.com/.extraheader' || :"
interop	Run actions/checkout@v4	2026-10-02T06:44:03.5719142Z [command]/usr/bin/git config --local --name-only --get-regexp ^includeIf\.gitdir:
interop	Run actions/checkout@v4	2026-10-02T06:44:03.5759631Z [command]/usr/bin/git submodule foreach --recursive git config --local --show-origin --name-only --get-regexp remote.origin.url
interop	Run actions/checkout@v4	2026-10-02T06:44:03.5997093Z [command]/usr/bin/git config --local http.https://github.com/.extraheader AUTHORIZATION: basic ***
interop	Run actions/checkout@v4	2026-10-02T06:44:03.6041076Z ##[endgroup]
interop	Run actions/checkout@v4	2026-10-02T06:44:03.6043044Z ##[group]Fetching the repository
interop	Run actions/checkout@v4	2026-10-02T06:44:03.6052024Z [command]/usr/bin/git -c protocol.version=2 fetch --no-tags --prune --no-recurse-submodules --depth=1 origin +035403dc0093f2d83bf9bc5927e9e5b6b107a863:refs/remotes/origin/main
interop	Run actions/checkout@v4	2026-10-02T06:44:07.6882203Z From https://github.com/AntPAllen/js-wf
interop	Run actions/checkout@v4	2026-10-02T06:44:07.6883797Z  * [new ref]         035403dc0093f2d83bf9bc5927e9e5b6b107a863 -> origin/main
interop	Run actions/checkout@v4	2026-10-02T06:44:07.6886593Z ##[endgroup]
interop	Run actions/checkout@v4	2026-10-02T06:44:07.6887201Z ##[group]Determining the checkout info
interop	Run actions/checkout@v4	2026-10-02T06:44:07.6895562Z ##[endgroup]
interop	Run actions/checkout@v4	2026-10-02T06:44:07.6906610Z [command]/usr/bin/git sparse-checkout disable
interop	Run actions/checkout@v4	2026-10-02T06:44:07.6953241Z [command]/usr/bin/git config --local --unset-all extensions.worktreeConfig
interop	Run actions/checkout@v4	2026-10-02T06:44:07.6987195Z ##[group]Checking out the ref
interop	Run actions/checkout@v4	2026-10-02T06:44:07.6992450Z [command]/usr/bin/git checkout --progress --force -B main refs/remotes/origin/main
interop	Run actions/checkout@v4	2026-10-02T06:44:08.3533986Z Switched to a new branch 'main'
interop	Run actions/checkout@v4	2026-10-02T06:44:08.3552332Z branch 'main' set up to track 'origin/main'.
interop	Run actions/checkout@v4	2026-10-02T06:44:08.3586762Z ##[endgroup]
interop	Run actions/checkout@v4	2026-10-02T06:44:08.3643824Z [command]/usr/bin/git log -1 --format=%H
interop	Run actions/checkout@v4	2026-10-02T06:44:08.3665414Z 035403dc0093f2d83bf9bc5927e9e5b6b107a863
interop	Run actions/setup-go@v5	﻿2026-10-02T06:44:08.3936591Z ##[group]Run actions/setup-go@v5
interop	Run actions/setup-go@v5	2026-10-02T06:44:08.3936947Z with:
interop	Run actions/setup-go@v5	2026-10-02T06:44:08.3937161Z   go-version-file: go.mod
interop	Run actions/setup-go@v5	2026-10-02T06:44:08.3937398Z   check-latest: false
interop	Run actions/setup-go@v5	2026-10-02T06:44:08.3939821Z   token: ***
interop	Run actions/setup-go@v5	2026-10-02T06:44:08.3940036Z   cache: true
interop	Run actions/setup-go@v5	2026-10-02T06:44:08.3940476Z env:
interop	Run actions/setup-go@v5	2026-10-02T06:44:08.3940665Z   GOMEMLIMIT: 512MiB
interop	Run actions/setup-go@v5	2026-10-02T06:44:08.3940932Z   GOMAXPROCS: 2
interop	Run actions/setup-go@v5	2026-10-02T06:44:08.3941140Z ##[endgroup]
interop	Run actions/setup-go@v5	2026-10-02T06:44:08.5326098Z Setup go version spec 1.27.1
interop	Run actions/setup-go@v5	2026-10-02T06:44:08.5337797Z Attempting to download 1.27.1...
interop	Run actions/setup-go@v5	2026-10-02T06:44:08.5450286Z (node:2301) [DEP0040] DeprecationWarning: The `punycode` module is deprecated. Please use a userland alternative instead.
interop	Run actions/setup-go@v5	2026-10-02T06:44:08.5452258Z (Use `node --trace-deprecation ...` to show where the warning was created)
interop	Run actions/setup-go@v5	2026-10-02T06:44:10.1680314Z matching 1.27.1...
interop	Run actions/setup-go@v5	2026-10-02T06:44:10.1706733Z Acquiring 1.27.1 from https://github.com/actions/go-versions/releases/download/1.27.1-33583469715/go-1.27.1-linux-x64.tar.gz
interop	Run actions/setup-go@v5	2026-10-02T06:44:10.6651986Z Extracting Go...
interop	Run actions/setup-go@v5	2026-10-02T06:44:10.6794342Z [command]/usr/bin/tar xz --warning=no-unknown-keyword --overwrite -C /home/runner/work/_temp/1688b35f-c5aa-4760-adbe-5380db0d7faf -f /home/runner/work/_temp/d2222e55-c7d3-4a96-9bd3-8b03d3042513
interop	Run actions/setup-go@v5	2026-10-02T06:44:12.3940131Z Successfully extracted go to /home/runner/work/_temp/1688b35f-c5aa-4760-adbe-5380db0d7faf
interop	Run actions/setup-go@v5	2026-10-02T06:44:12.3941035Z Adding to the cache ...
interop	Run actions/setup-go@v5	2026-10-02T06:44:18.2492287Z Successfully cached go to /opt/hostedtoolcache/go/1.27.1/x64
interop	Run actions/setup-go@v5	2026-10-02T06:44:18.2495250Z Added go to the path
interop	Run actions/setup-go@v5	2026-10-02T06:44:18.2498186Z Successfully set up Go version 1.27.1
interop	Run actions/setup-go@v5	2026-10-02T06:44:18.2754957Z [command]/opt/hostedtoolcache/go/1.27.1/x64/bin/go env GOMODCACHE
interop	Run actions/setup-go@v5	2026-10-02T06:44:18.2796036Z [command]/opt/hostedtoolcache/go/1.27.1/x64/bin/go env GOCACHE
interop	Run actions/setup-go@v5	2026-10-02T06:44:18.2837145Z /home/runner/go/pkg/mod
interop	Run actions/setup-go@v5	2026-10-02T06:44:18.2858562Z /home/runner/.cache/go-build
interop	Run actions/setup-go@v5	2026-10-02T06:44:18.5496408Z Cache hit for: setup-go-Linux-x64-ubuntu24-go-1.27.1-05fc3b25fc9f8da09ce7d05c0dc054d40239ab068ad334b7c31a444aad3c64eb
interop	Run actions/setup-go@v5	2026-10-02T06:44:18.5617027Z (node:2301) [DEP0169] DeprecationWarning: `url.parse()` behavior is not standardized and prone to errors that have security implications. Use the WHATWG URL API instead. CVEs are not issued for `url.parse()` vulnerabilities.
interop	Run actions/setup-go@v5	2026-10-02T06:44:19.8139253Z Received 4194304 of 209563510 (2.0%), 4.0 MBs/sec
interop	Run actions/setup-go@v5	2026-10-02T06:44:20.8144368Z Received 130023424 of 209563510 (62.0%), 62.0 MBs/sec
interop	Run actions/setup-go@v5	2026-10-02T06:44:21.4161056Z Received 209563510 of 209563510 (100.0%), 76.8 MBs/sec
interop	Run actions/setup-go@v5	2026-10-02T06:44:21.4162885Z Cache Size: ~200 MB (209563510 B)
interop	Run actions/setup-go@v5	2026-10-02T06:44:21.4197315Z [command]/usr/bin/tar -xf /home/runner/work/_temp/05bab433-c655-4f2c-bf8c-bb7743ddaf90/cache.tzst -P -C /home/runner/work/js-wf/js-wf --use-compress-program unzstd
interop	Run actions/setup-go@v5	2026-10-02T06:44:22.5401094Z Cache restored successfully
interop	Run actions/setup-go@v5	2026-10-02T06:44:22.5499261Z Cache restored from key: setup-go-Linux-x64-ubuntu24-go-1.27.1-05fc3b25fc9f8da09ce7d05c0dc054d40239ab068ad334b7c31a444aad3c64eb
interop	Run actions/setup-go@v5	2026-10-02T06:44:22.5524849Z go version go1.27.1 linux/amd64
interop	Run actions/setup-go@v5	2026-10-02T06:44:22.5525092Z 
interop	Run actions/setup-go@v5	2026-10-02T06:44:22.5525400Z ##[group]go env
interop	Run actions/setup-go@v5	2026-10-02T06:44:22.5661905Z AR='ar'
interop	Run actions/setup-go@v5	2026-10-02T06:44:22.5662317Z CC='gcc'
interop	Run actions/setup-go@v5	2026-10-02T06:44:22.5662676Z CGO_CFLAGS='-O2 -g'
interop	Run actions/setup-go@v5	2026-10-02T06:44:22.5663111Z CGO_CPPFLAGS=''
interop	Run actions/setup-go@v5	2026-10-02T06:44:22.5663502Z CGO_CXXFLAGS='-O2 -g'
interop	Run actions/setup-go@v5	2026-10-02T06:44:22.5663796Z CGO_ENABLED='1'
interop	Run actions/setup-go@v5	2026-10-02T06:44:22.5664199Z CGO_FFLAGS='-O2 -g'
interop	Run actions/setup-go@v5	2026-10-02T06:44:22.5664580Z CGO_LDFLAGS='-O2 -g'
interop	Run actions/setup-go@v5	2026-10-02T06:44:22.5664953Z CXX='g++'
interop	Run actions/setup-go@v5	2026-10-02T06:44:22.5665283Z GCCGO='gccgo'
interop	Run actions/setup-go@v5	2026-10-02T06:44:22.5665641Z GO111MODULE=''
interop	Run actions/setup-go@v5	2026-10-02T06:44:22.5665998Z GOAMD64='v1'
interop	Run actions/setup-go@v5	2026-10-02T06:44:22.5666379Z GOARCH='amd64'
interop	Run actions/setup-go@v5	2026-10-02T06:44:22.5666751Z GOAUTH='netrc'
interop	Run actions/setup-go@v5	2026-10-02T06:44:22.5667134Z GOBIN='/home/runner/go/bin'
interop	Run actions/setup-go@v5	2026-10-02T06:44:22.5667619Z GOCACHE='/home/runner/.cache/go-build'
interop	Run actions/setup-go@v5	2026-10-02T06:44:22.5668092Z GOCACHEPROG=''
interop	Run actions/setup-go@v5	2026-10-02T06:44:22.5668428Z GODEBUG=''
interop	Run actions/setup-go@v5	2026-10-02T06:44:22.5668811Z GOENV='/home/runner/.config/go/env'
interop	Run actions/setup-go@v5	2026-10-02T06:44:22.5669594Z GOEXE=''
interop	Run actions/setup-go@v5	2026-10-02T06:44:22.5669929Z GOEXPERIMENT=''
interop	Run actions/setup-go@v5	2026-10-02T06:44:22.5670280Z GOFIPS140='off'
interop	Run actions/setup-go@v5	2026-10-02T06:44:22.5670616Z GOFLAGS=''
interop	Run actions/setup-go@v5	2026-10-02T06:44:22.5671979Z GOGCCFLAGS='-fPIC -m64 -pthread -Wl,--no-gc-sections -fmessage-length=0 -ffile-prefix-map=/tmp/go-build2226221124=/tmp/go-build -gno-record-gcc-switches'
interop	Run actions/setup-go@v5	2026-10-02T06:44:22.5673478Z GOHOSTARCH='amd64'
interop	Run actions/setup-go@v5	2026-10-02T06:44:22.5673858Z GOHOSTOS='linux'
interop	Run actions/setup-go@v5	2026-10-02T06:44:22.5674212Z GOINSECURE=''
interop	Run actions/setup-go@v5	2026-10-02T06:44:22.5674623Z GOMOD='/home/runner/work/js-wf/js-wf/go.mod'
interop	Run actions/setup-go@v5	2026-10-02T06:44:22.5674973Z GOMODCACHE='/home/runner/go/pkg/mod'
interop	Run actions/setup-go@v5	2026-10-02T06:44:22.5675243Z GONOPROXY=''
interop	Run actions/setup-go@v5	2026-10-02T06:44:22.5675434Z GONOSUMDB=''
interop	Run actions/setup-go@v5	2026-10-02T06:44:22.5675619Z GOOS='linux'
interop	Run actions/setup-go@v5	2026-10-02T06:44:22.5675819Z GOPACKAGESDRIVER=''
interop	Run actions/setup-go@v5	2026-10-02T06:44:22.5676044Z GOPATH='/home/runner/go'
interop	Run actions/setup-go@v5	2026-10-02T06:44:22.5676284Z GOPRIVATE=''
interop	Run actions/setup-go@v5	2026-10-02T06:44:22.5676546Z GOPROXY='https://proxy.golang.org,direct'
interop	Run actions/setup-go@v5	2026-10-02T06:44:22.5676889Z GOROOT='/opt/hostedtoolcache/go/1.27.1/x64'
interop	Run actions/setup-go@v5	2026-10-02T06:44:22.5677200Z GOSUMDB='sum.golang.org'
interop	Run actions/setup-go@v5	2026-10-02T06:44:22.5677433Z GOTELEMETRY='local'
interop	Run actions/setup-go@v5	2026-10-02T06:44:22.5677696Z GOTELEMETRYDIR='/home/runner/.config/go/telemetry'
interop	Run actions/setup-go@v5	2026-10-02T06:44:22.5678055Z GOTMPDIR=''
interop	Run actions/setup-go@v5	2026-10-02T06:44:22.5678258Z GOTOOLCHAIN='auto'
interop	Run actions/setup-go@v5	2026-10-02T06:44:22.5678574Z GOTOOLDIR='/opt/hostedtoolcache/go/1.27.1/x64/pkg/tool/linux_amd64'
interop	Run actions/setup-go@v5	2026-10-02T06:44:22.5678923Z GOVCS=''
interop	Run actions/setup-go@v5	2026-10-02T06:44:22.5679117Z GOVERSION='go1.27.1'
interop	Run actions/setup-go@v5	2026-10-02T06:44:22.5679332Z GOWORK=''
interop	Run actions/setup-go@v5	2026-10-02T06:44:22.5679561Z PKG_CONFIG='pkg-config'
interop	Run actions/setup-go@v5	2026-10-02T06:44:22.5679715Z 
interop	Run actions/setup-go@v5	2026-10-02T06:44:22.5680002Z ##[endgroup]
interop	Install independent protobuf compiler and Python runtime	﻿2026-10-02T06:44:22.5899281Z ##[group]Run sudo apt-get update && sudo apt-get install -y protobuf-compiler python3-protobuf
interop	Install independent protobuf compiler and Python runtime	2026-10-02T06:44:22.5900011Z ^[[36;1msudo apt-get update && sudo apt-get install -y protobuf-compiler python3-protobuf^[[0m
interop	Install independent protobuf compiler and Python runtime	2026-10-02T06:44:22.6199665Z shell: /usr/bin/bash -e {0}
interop	Install independent protobuf compiler and Python runtime	2026-10-02T06:44:22.6199998Z env:
interop	Install independent protobuf compiler and Python runtime	2026-10-02T06:44:22.6200227Z   GOMEMLIMIT: 512MiB
interop	Install independent protobuf compiler and Python runtime	2026-10-02T06:44:22.6200492Z   GOMAXPROCS: 2
interop	Install independent protobuf compiler and Python runtime	2026-10-02T06:44:22.6200730Z ##[endgroup]
interop	Install independent protobuf compiler and Python runtime	2026-10-02T06:44:22.7082623Z Get:1 file:/etc/apt/apt-mirrors.txt Mirrorlist [144 B]
interop	Install independent protobuf compiler and Python runtime	2026-10-02T06:44:22.7337947Z Get:6 https://packages.microsoft.com/ubuntu/24.04/prod noble InRelease [3600 B]
interop	Install independent protobuf compiler and Python runtime	2026-10-02T06:44:22.7442743Z Hit:2 http://azure.archive.ubuntu.com/ubuntu noble InRelease
interop	Install independent protobuf compiler and Python runtime	2026-10-02T06:44:22.7456919Z Get:3 http://azure.archive.ubuntu.com/ubuntu noble-updates InRelease [126 kB]
interop	Install independent protobuf compiler and Python runtime	2026-10-02T06:44:22.7477572Z Get:4 http://azure.archive.ubuntu.com/ubuntu noble-backports InRelease [126 kB]
interop	Install independent protobuf compiler and Python runtime	2026-10-02T06:44:22.7492872Z Get:5 http://azure.archive.ubuntu.com/ubuntu noble-security InRelease [126 kB]
interop	Install independent protobuf compiler and Python runtime	2026-10-02T06:44:22.8166991Z Get:7 https://packages.microsoft.com/ubuntu/24.04/prod noble/main amd64 Packages [510 kB]
interop	Install independent protobuf compiler and Python runtime	2026-10-02T06:44:22.8306468Z Get:8 https://packages.microsoft.com/ubuntu/24.04/prod noble/main armhf Packages [12.6 kB]
interop	Install independent protobuf compiler and Python runtime	2026-10-02T06:44:22.8323316Z Get:9 https://packages.microsoft.com/ubuntu/24.04/prod noble/main arm64 Packages [458 kB]
interop	Install independent protobuf compiler and Python runtime	2026-10-02T06:44:22.9314009Z Get:10 http://azure.archive.ubuntu.com/ubuntu noble-updates/main amd64 Packages [1364 kB]
interop	Install independent protobuf compiler and Python runtime	2026-10-02T06:44:22.9380084Z Get:11 http://azure.archive.ubuntu.com/ubuntu noble-updates/main Translation-en [304 kB]
interop	Install independent protobuf compiler and Python runtime	2026-10-02T06:44:22.9400732Z Get:12 http://azure.archive.ubuntu.com/ubuntu noble-updates/main amd64 Components [181 kB]
interop	Install independent protobuf compiler and Python runtime	2026-10-02T06:44:22.9422429Z Get:13 http://azure.archive.ubuntu.com/ubuntu noble-updates/universe amd64 Packages [1699 kB]
interop	Install independent protobuf compiler and Python runtime	2026-10-02T06:44:22.9530726Z Get:14 http://azure.archive.ubuntu.com/ubuntu noble-updates/universe Translation-en [341 kB]
interop	Install independent protobuf compiler and Python runtime	2026-10-02T06:44:22.9540873Z Get:15 http://azure.archive.ubuntu.com/ubuntu noble-updates/universe amd64 Components [388 kB]
interop	Install independent protobuf compiler and Python runtime	2026-10-02T06:44:22.9592825Z Get:16 http://azure.archive.ubuntu.com/ubuntu noble-updates/restricted amd64 Packages [1720 kB]
interop	Install independent protobuf compiler and Python runtime	2026-10-02T06:44:22.9672473Z Get:17 http://azure.archive.ubuntu.com/ubuntu noble-updates/restricted Translation-en [394 kB]
interop	Install independent protobuf compiler and Python runtime	2026-10-02T06:44:22.9692468Z Get:18 http://azure.archive.ubuntu.com/ubuntu noble-updates/multiverse amd64 Components [940 B]
interop	Install independent protobuf compiler and Python runtime	2026-10-02T06:44:22.9945607Z Get:19 http://azure.archive.ubuntu.com/ubuntu noble-backports/main amd64 Components [5760 B]
interop	Install independent protobuf compiler and Python runtime	2026-10-02T06:44:23.0363706Z Get:20 http://azure.archive.ubuntu.com/ubuntu noble-backports/universe amd64 Components [12.6 kB]
interop	Install independent protobuf compiler and Python runtime	2026-10-02T06:44:23.0443655Z Get:21 http://azure.archive.ubuntu.com/ubuntu noble-security/main amd64 Packages [1069 kB]
interop	Install independent protobuf compiler and Python runtime	2026-10-02T06:44:23.0498061Z Get:22 http://azure.archive.ubuntu.com/ubuntu noble-security/main Translation-en [221 kB]
interop	Install independent protobuf compiler and Python runtime	2026-10-02T06:44:23.0512722Z Get:23 http://azure.archive.ubuntu.com/ubuntu noble-security/main amd64 Components [46.4 kB]
interop	Install independent protobuf compiler and Python runtime	2026-10-02T06:44:23.0520582Z Get:24 http://azure.archive.ubuntu.com/ubuntu noble-security/universe amd64 Packages [1216 kB]
interop	Install independent protobuf compiler and Python runtime	2026-10-02T06:44:23.0580486Z Get:25 http://azure.archive.ubuntu.com/ubuntu noble-security/universe Translation-en [244 kB]
interop	Install independent protobuf compiler and Python runtime	2026-10-02T06:44:23.0602417Z Get:26 http://azure.archive.ubuntu.com/ubuntu noble-security/universe amd64 Components [76.3 kB]
interop	Install independent protobuf compiler and Python runtime	2026-10-02T06:44:23.0625089Z Get:27 http://azure.archive.ubuntu.com/ubuntu noble-security/restricted amd64 Packages [1566 kB]
interop	Install independent protobuf compiler and Python runtime	2026-10-02T06:44:23.0700450Z Get:28 http://azure.archive.ubuntu.com/ubuntu noble-security/restricted Translation-en [361 kB]
interop	Install independent protobuf compiler and Python runtime	2026-10-02T06:44:27.4629799Z Fetched 12.6 MB in 1s (9306 kB/s)
interop	Install independent protobuf compiler and Python runtime	2026-10-02T06:44:28.3263069Z Reading package lists...
interop	Install independent protobuf compiler and Python runtime	2026-10-02T06:44:28.3576675Z Reading package lists...
interop	Install independent protobuf compiler and Python runtime	2026-10-02T06:44:28.5483060Z Building dependency tree...
interop	Install independent protobuf compiler and Python runtime	2026-10-02T06:44:28.5490954Z Reading state information...
interop	Install independent protobuf compiler and Python runtime	2026-10-02T06:44:28.7039051Z The following additional packages will be installed:
interop	Install independent protobuf compiler and Python runtime	2026-10-02T06:44:28.7042777Z   libprotobuf-dev libprotobuf32t64 libprotoc32t64
interop	Install independent protobuf compiler and Python runtime	2026-10-02T06:44:28.7048665Z Suggested packages:
interop	Install independent protobuf compiler and Python runtime	2026-10-02T06:44:28.7049138Z   protobuf-mode-el
interop	Install independent protobuf compiler and Python runtime	2026-10-02T06:44:28.7286692Z The following NEW packages will be installed:
interop	Install independent protobuf compiler and Python runtime	2026-10-02T06:44:28.7292780Z   libprotobuf-dev libprotobuf32t64 libprotoc32t64 protobuf-compiler
interop	Install independent protobuf compiler and Python runtime	2026-10-02T06:44:28.7294486Z   python3-protobuf
interop	Install independent protobuf compiler and Python runtime	2026-10-02T06:44:28.7472539Z 0 upgraded, 5 newly installed, 0 to remove and 25 not upgraded.
interop	Install independent protobuf compiler and Python runtime	2026-10-02T06:44:28.7473262Z Need to get 3247 kB of archives.
interop	Install independent protobuf compiler and Python runtime	2026-10-02T06:44:28.7473658Z After this operation, 18.9 MB of additional disk space will be used.
interop	Install independent protobuf compiler and Python runtime	2026-10-02T06:44:28.7474118Z Get:1 file:/etc/apt/apt-mirrors.txt Mirrorlist [144 B]
interop	Install independent protobuf compiler and Python runtime	2026-10-02T06:44:28.8332764Z Get:2 http://azure.archive.ubuntu.com/ubuntu noble-updates/main amd64 libprotobuf32t64 amd64 3.21.12-8.2ubuntu0.3 [923 kB]
interop	Install independent protobuf compiler and Python runtime	2026-10-02T06:44:28.9091055Z Get:3 http://azure.archive.ubuntu.com/ubuntu noble-updates/main amd64 libprotoc32t64 amd64 3.21.12-8.2ubuntu0.3 [683 kB]
interop	Install independent protobuf compiler and Python runtime	2026-10-02T06:44:28.9836870Z Get:4 http://azure.archive.ubuntu.com/ubuntu noble-updates/universe amd64 python3-protobuf amd64 3.21.12-8.2ubuntu0.3 [200 kB]
interop	Install independent protobuf compiler and Python runtime	2026-10-02T06:44:29.0539004Z Get:5 http://azure.archive.ubuntu.com/ubuntu noble-updates/main amd64 libprotobuf-dev amd64 3.21.12-8.2ubuntu0.3 [1413 kB]
interop	Install independent protobuf compiler and Python runtime	2026-10-02T06:44:29.1406243Z Get:6 http://azure.archive.ubuntu.com/ubuntu noble-updates/universe amd64 protobuf-compiler amd64 3.21.12-8.2ubuntu0.3 [29.0 kB]
interop	Install independent protobuf compiler and Python runtime	2026-10-02T06:44:29.4020604Z Fetched 3247 kB in 0s (8038 kB/s)
interop	Install independent protobuf compiler and Python runtime	2026-10-02T06:44:29.4257661Z Selecting previously unselected package libprotobuf32t64:amd64.
interop	Install independent protobuf compiler and Python runtime	2026-10-02T06:44:29.4586241Z (Reading database ... 
interop	Install independent protobuf compiler and Python runtime	2026-10-02T06:44:29.4586793Z (Reading database ... 5%
interop	Install independent protobuf compiler and Python runtime	2026-10-02T06:44:29.4587182Z (Reading database ... 10%
interop	Install independent protobuf compiler and Python runtime	2026-10-02T06:44:29.4587502Z (Reading database ... 15%
interop	Install independent protobuf compiler and Python runtime	2026-10-02T06:44:29.4587847Z (Reading database ... 20%
interop	Install independent protobuf compiler and Python runtime	2026-10-02T06:44:29.4588154Z (Reading database ... 25%
interop	Install independent protobuf compiler and Python runtime	2026-10-02T06:44:29.4589040Z (Reading database ... 30%
interop	Install independent protobuf compiler and Python runtime	2026-10-02T06:44:29.4589637Z (Reading database ... 35%
interop	Install independent protobuf compiler and Python runtime	2026-10-02T06:44:29.4589952Z (Reading database ... 40%
interop	Install independent protobuf compiler and Python runtime	2026-10-02T06:44:29.4590269Z (Reading database ... 45%
interop	Install independent protobuf compiler and Python runtime	2026-10-02T06:44:29.4590565Z (Reading database ... 50%
interop	Install independent protobuf compiler and Python runtime	2026-10-02T06:44:29.4645330Z (Reading database ... 55%
interop	Install independent protobuf compiler and Python runtime	2026-10-02T06:44:29.5813558Z (Reading database ... 60%
interop	Install independent protobuf compiler and Python runtime	2026-10-02T06:44:29.7852962Z (Reading database ... 65%
interop	Install independent protobuf compiler and Python runtime	2026-10-02T06:44:29.9905471Z (Reading database ... 70%
interop	Install independent protobuf compiler and Python runtime	2026-10-02T06:44:30.1799454Z (Reading database ... 75%
interop	Install independent protobuf compiler and Python runtime	2026-10-02T06:44:30.3341490Z (Reading database ... 80%
interop	Install independent protobuf compiler and Python runtime	2026-10-02T06:44:30.5400129Z (Reading database ... 85%
interop	Install independent protobuf compiler and Python runtime	2026-10-02T06:44:30.7329529Z (Reading database ... 90%
interop	Install independent protobuf compiler and Python runtime	2026-10-02T06:44:30.9023089Z (Reading database ... 95%
interop	Install independent protobuf compiler and Python runtime	2026-10-02T06:44:30.9023559Z (Reading database ... 100%
interop	Install independent protobuf compiler and Python runtime	2026-10-02T06:44:30.9024168Z (Reading database ... 202296 files and directories currently installed.)
interop	Install independent protobuf compiler and Python runtime	2026-10-02T06:44:30.9055741Z Preparing to unpack .../libprotobuf32t64_3.21.12-8.2ubuntu0.3_amd64.deb ...
interop	Install independent protobuf compiler and Python runtime	2026-10-02T06:44:30.9100457Z Unpacking libprotobuf32t64:amd64 (3.21.12-8.2ubuntu0.3) ...
interop	Install independent protobuf compiler and Python runtime	2026-10-02T06:44:30.9424218Z Selecting previously unselected package libprotoc32t64:amd64.
interop	Install independent protobuf compiler and Python runtime	2026-10-02T06:44:30.9552214Z Preparing to unpack .../libprotoc32t64_3.21.12-8.2ubuntu0.3_amd64.deb ...
interop	Install independent protobuf compiler and Python runtime	2026-10-02T06:44:30.9559425Z Unpacking libprotoc32t64:amd64 (3.21.12-8.2ubuntu0.3) ...
interop	Install independent protobuf compiler and Python runtime	2026-10-02T06:44:30.9877944Z Selecting previously unselected package python3-protobuf.
interop	Install independent protobuf compiler and Python runtime	2026-10-02T06:44:31.0006239Z Preparing to unpack .../python3-protobuf_3.21.12-8.2ubuntu0.3_amd64.deb ...
interop	Install independent protobuf compiler and Python runtime	2026-10-02T06:44:31.0013690Z Unpacking python3-protobuf (3.21.12-8.2ubuntu0.3) ...
interop	Install independent protobuf compiler and Python runtime	2026-10-02T06:44:31.0335306Z Selecting previously unselected package libprotobuf-dev:amd64.
interop	Install independent protobuf compiler and Python runtime	2026-10-02T06:44:31.0462873Z Preparing to unpack .../libprotobuf-dev_3.21.12-8.2ubuntu0.3_amd64.deb ...
interop	Install independent protobuf compiler and Python runtime	2026-10-02T06:44:31.0469740Z Unpacking libprotobuf-dev:amd64 (3.21.12-8.2ubuntu0.3) ...
interop	Install independent protobuf compiler and Python runtime	2026-10-02T06:44:31.1186765Z Selecting previously unselected package protobuf-compiler.
interop	Install independent protobuf compiler and Python runtime	2026-10-02T06:44:31.1316167Z Preparing to unpack .../protobuf-compiler_3.21.12-8.2ubuntu0.3_amd64.deb ...
interop	Install independent protobuf compiler and Python runtime	2026-10-02T06:44:31.1326003Z Unpacking protobuf-compiler (3.21.12-8.2ubuntu0.3) ...
interop	Install independent protobuf compiler and Python runtime	2026-10-02T06:44:31.1822513Z Setting up libprotobuf32t64:amd64 (3.21.12-8.2ubuntu0.3) ...
interop	Install independent protobuf compiler and Python runtime	2026-10-02T06:44:31.1842805Z Setting up libprotobuf-dev:amd64 (3.21.12-8.2ubuntu0.3) ...
interop	Install independent protobuf compiler and Python runtime	2026-10-02T06:44:31.1861573Z Setting up libprotoc32t64:amd64 (3.21.12-8.2ubuntu0.3) ...
interop	Install independent protobuf compiler and Python runtime	2026-10-02T06:44:31.1880647Z Setting up python3-protobuf (3.21.12-8.2ubuntu0.3) ...
interop	Install independent protobuf compiler and Python runtime	2026-10-02T06:44:31.3703934Z Setting up protobuf-compiler (3.21.12-8.2ubuntu0.3) ...
interop	Install independent protobuf compiler and Python runtime	2026-10-02T06:44:31.3726188Z Processing triggers for man-db (2.12.0-4build2) ...
interop	Install independent protobuf compiler and Python runtime	2026-10-02T06:44:31.3749614Z Not building database; man-db/auto-update is not 'true'.
interop	Install independent protobuf compiler and Python runtime	2026-10-02T06:44:31.3763805Z Processing triggers for libc-bin (2.39-0ubuntu8.9) ...
interop	Install independent protobuf compiler and Python runtime	2026-10-02T06:44:32.0607718Z 
interop	Install independent protobuf compiler and Python runtime	2026-10-02T06:44:32.0608594Z Running kernel seems to be up-to-date.
interop	Install independent protobuf compiler and Python runtime	2026-10-02T06:44:32.0609065Z 
interop	Install independent protobuf compiler and Python runtime	2026-10-02T06:44:32.0609294Z No services need to be restarted.
interop	Install independent protobuf compiler and Python runtime	2026-10-02T06:44:32.0609708Z 
interop	Install independent protobuf compiler and Python runtime	2026-10-02T06:44:32.0609951Z No containers need to be restarted.
interop	Install independent protobuf compiler and Python runtime	2026-10-02T06:44:32.0610325Z 
interop	Install independent protobuf compiler and Python runtime	2026-10-02T06:44:32.0610606Z No user sessions are running outdated binaries.
interop	Install independent protobuf compiler and Python runtime	2026-10-02T06:44:32.0611061Z 
interop	Install independent protobuf compiler and Python runtime	2026-10-02T06:44:32.0611791Z No VM guests are running outdated hypervisor (qemu) binaries on this host.
interop	Check Go envelope and SDK recovery decisions	﻿2026-10-02T06:44:33.0889153Z ##[group]Run go run -p=1 ./scripts/protocol-vectors > "$RUNNER_TEMP/protocol-vectors.json"
interop	Check Go envelope and SDK recovery decisions	2026-10-02T06:44:33.0889828Z ^[[36;1mgo run -p=1 ./scripts/protocol-vectors > "$RUNNER_TEMP/protocol-vectors.json"^[[0m
interop	Check Go envelope and SDK recovery decisions	2026-10-02T06:44:33.0890409Z ^[[36;1mcmp protocol/testdata/vectors.json "$RUNNER_TEMP/protocol-vectors.json"^[[0m
interop	Check Go envelope and SDK recovery decisions	2026-10-02T06:44:33.0890879Z ^[[36;1mgo test -p=1 -race ./journal ./protocol/...^[[0m
interop	Check Go envelope and SDK recovery decisions	2026-10-02T06:44:33.0955550Z shell: /usr/bin/bash -e {0}
interop	Check Go envelope and SDK recovery decisions	2026-10-02T06:44:33.0955820Z env:
interop	Check Go envelope and SDK recovery decisions	2026-10-02T06:44:33.0956018Z   GOMEMLIMIT: 512MiB
interop	Check Go envelope and SDK recovery decisions	2026-10-02T06:44:33.0956246Z   GOMAXPROCS: 2
interop	Check Go envelope and SDK recovery decisions	2026-10-02T06:44:33.0956449Z ##[endgroup]
interop	Check Go envelope and SDK recovery decisions	2026-10-02T06:44:33.1168126Z go: downloading google.golang.org/protobuf v1.36.6
interop	Check Go envelope and SDK recovery decisions	2026-10-02T06:44:46.0067674Z ok  	js-wf/journal	1.025s
interop	Check Go envelope and SDK recovery decisions	2026-10-02T06:44:48.3500623Z ok  	js-wf/protocol	1.104s
interop	Check Go envelope and SDK recovery decisions	2026-10-02T06:44:48.3501444Z ?   	js-wf/protocol/v1	[no test files]
interop	Verify real protobuf worker, mixed-format compaction and CLI	﻿2026-10-02T06:44:48.3717208Z ##[group]Run set -euo pipefail
interop	Verify real protobuf worker, mixed-format compaction and CLI	2026-10-02T06:44:48.3717570Z ^[[36;1mset -euo pipefail^[[0m
interop	Verify real protobuf worker, mixed-format compaction and CLI	2026-10-02T06:44:48.3718257Z ^[[36;1mgo test -p=1 ./integration -list '^TestProtobufWorkerResumesJSONPrefixAndCompacts$' | grep -Fx 'TestProtobufWorkerResumesJSONPrefixAndCompacts'^[[0m
interop	Verify real protobuf worker, mixed-format compaction and CLI	2026-10-02T06:44:48.3719260Z ^[[36;1mgo test -p=1 ./cmd/wf-worker -list '^TestWorkerRunnerProtobufJournal$' | grep -Fx 'TestWorkerRunnerProtobufJournal'^[[0m
interop	Verify real protobuf worker, mixed-format compaction and CLI	2026-10-02T06:44:48.3720259Z ^[[36;1mgo test -p=1 -race ./integration -run '^TestProtobufWorkerResumesJSONPrefixAndCompacts$' -count=1 -v^[[0m
interop	Verify real protobuf worker, mixed-format compaction and CLI	2026-10-02T06:44:48.3720953Z ^[[36;1mgo test -p=1 -race ./cmd/wf-worker -run '^TestWorkerRunnerProtobufJournal$' -count=1 -v^[[0m
interop	Verify real protobuf worker, mixed-format compaction and CLI	2026-10-02T06:44:48.3784096Z shell: /usr/bin/bash -e {0}
interop	Verify real protobuf worker, mixed-format compaction and CLI	2026-10-02T06:44:48.3784355Z env:
interop	Verify real protobuf worker, mixed-format compaction and CLI	2026-10-02T06:44:48.3784555Z   GOMEMLIMIT: 512MiB
interop	Verify real protobuf worker, mixed-format compaction and CLI	2026-10-02T06:44:48.3784778Z   GOMAXPROCS: 2
interop	Verify real protobuf worker, mixed-format compaction and CLI	2026-10-02T06:44:48.3784976Z ##[endgroup]
interop	Verify real protobuf worker, mixed-format compaction and CLI	2026-10-02T06:45:13.8275212Z TestProtobufWorkerResumesJSONPrefixAndCompacts
interop	Verify real protobuf worker, mixed-format compaction and CLI	2026-10-02T06:45:16.3130762Z TestWorkerRunnerProtobufJournal
interop	Verify real protobuf worker, mixed-format compaction and CLI	2026-10-02T06:45:30.2126191Z === RUN   TestProtobufWorkerResumesJSONPrefixAndCompacts
interop	Verify real protobuf worker, mixed-format compaction and CLI	2026-10-02T06:45:33.3817011Z     journal_encoding_test.go:125: R3 mixed JSON/protobuf: four entries, one effect/terminal, all-peer audit, live/snapshot blob retention and compaction pass
interop	Verify real protobuf worker, mixed-format compaction and CLI	2026-10-02T06:45:33.5278762Z --- PASS: TestProtobufWorkerResumesJSONPrefixAndCompacts (3.32s)
interop	Verify real protobuf worker, mixed-format compaction and CLI	2026-10-02T06:45:33.5283307Z PASS
interop	Verify real protobuf worker, mixed-format compaction and CLI	2026-10-02T06:45:34.5395784Z ok  	js-wf/integration	4.339s
interop	Verify real protobuf worker, mixed-format compaction and CLI	2026-10-02T06:45:37.3020316Z === RUN   TestWorkerRunnerProtobufJournal
interop	Verify real protobuf worker, mixed-format compaction and CLI	2026-10-02T06:46:03.8195201Z --- PASS: TestWorkerRunnerProtobufJournal (26.52s)
interop	Verify real protobuf worker, mixed-format compaction and CLI	2026-10-02T06:46:03.8195721Z PASS
interop	Verify real protobuf worker, mixed-format compaction and CLI	2026-10-02T06:46:04.8285296Z ok  	js-wf/cmd/wf-worker	27.538s
interop	Exchange exact uint64 and JSON payload bytes with Python	﻿2026-10-02T06:46:04.8514039Z ##[group]Run set -euo pipefail
interop	Exchange exact uint64 and JSON payload bytes with Python	2026-10-02T06:46:04.8514599Z ^[[36;1mset -euo pipefail^[[0m
interop	Exchange exact uint64 and JSON payload bytes with Python	2026-10-02T06:46:04.8515090Z ^[[36;1mmkdir -p protocol-evidence/generated^[[0m
interop	Exchange exact uint64 and JSON payload bytes with Python	2026-10-02T06:46:04.8515773Z ^[[36;1mprotoc --version | tee protocol-evidence/versions.log^[[0m
interop	Exchange exact uint64 and JSON payload bytes with Python	2026-10-02T06:46:04.8516985Z ^[[36;1m/usr/bin/python3 -c 'import google.protobuf; print(google.protobuf.__version__)' | tee -a protocol-evidence/versions.log^[[0m
interop	Exchange exact uint64 and JSON payload bytes with Python	2026-10-02T06:46:04.8518315Z ^[[36;1mprotoc --python_out=protocol-evidence/generated protocol/v1/journal.proto^[[0m
interop	Exchange exact uint64 and JSON payload bytes with Python	2026-10-02T06:46:04.8519804Z ^[[36;1m/usr/bin/python3 scripts/check-protocol-interop.py protocol-evidence/generated protocol-evidence/python | tee protocol-evidence/interop.log^[[0m
interop	Exchange exact uint64 and JSON payload bytes with Python	2026-10-02T06:46:04.8522793Z ^[[36;1mPROTOCOL_INTEROP_DIR="$GITHUB_WORKSPACE/protocol-evidence/python" go test -p=1 -race ./protocol -run '^TestPortableVectors$' -v | tee protocol-evidence/reverse.log^[[0m
interop	Exchange exact uint64 and JSON payload bytes with Python	2026-10-02T06:46:04.8524903Z ^[[36;1msha256sum protocol/v1/journal.proto protocol/testdata/vectors.json protocol-evidence/python/vectors.json > protocol-evidence/SHA256SUMS^[[0m
interop	Exchange exact uint64 and JSON payload bytes with Python	2026-10-02T06:46:04.8591285Z shell: /usr/bin/bash --noprofile --norc -e -o pipefail {0}
interop	Exchange exact uint64 and JSON payload bytes with Python	2026-10-02T06:46:04.8591643Z env:
interop	Exchange exact uint64 and JSON payload bytes with Python	2026-10-02T06:46:04.8591872Z   GOMEMLIMIT: 512MiB
interop	Exchange exact uint64 and JSON payload bytes with Python	2026-10-02T06:46:04.8592095Z   GOMAXPROCS: 2
interop	Exchange exact uint64 and JSON payload bytes with Python	2026-10-02T06:46:04.8592302Z ##[endgroup]
interop	Exchange exact uint64 and JSON payload bytes with Python	2026-10-02T06:46:04.8729365Z libprotoc 3.21.12
interop	Exchange exact uint64 and JSON payload bytes with Python	2026-10-02T06:46:04.8873281Z 4.21.12
interop	Exchange exact uint64 and JSON payload bytes with Python	2026-10-02T06:46:04.9292189Z PASS Go-to-Python interchange and persisted storage: 8 records; wrote 8 independent Python-to-Go records
interop	Exchange exact uint64 and JSON payload bytes with Python	2026-10-02T06:46:05.5481832Z === RUN   TestPortableVectors
interop	Exchange exact uint64 and JSON payload bytes with Python	2026-10-02T06:46:05.5490812Z === RUN   TestPortableVectors/Started
interop	Exchange exact uint64 and JSON payload bytes with Python	2026-10-02T06:46:05.5496682Z === RUN   TestPortableVectors/StepRequested
interop	Exchange exact uint64 and JSON payload bytes with Python	2026-10-02T06:46:05.5498248Z === RUN   TestPortableVectors/StepCompleted
interop	Exchange exact uint64 and JSON payload bytes with Python	2026-10-02T06:46:05.5500470Z === RUN   TestPortableVectors/Suspended
interop	Exchange exact uint64 and JSON payload bytes with Python	2026-10-02T06:46:05.5503337Z === RUN   TestPortableVectors/SignalConsumed
interop	Exchange exact uint64 and JSON payload bytes with Python	2026-10-02T06:46:05.5505970Z === RUN   TestPortableVectors/Attempt
interop	Exchange exact uint64 and JSON payload bytes with Python	2026-10-02T06:46:05.5509179Z === RUN   TestPortableVectors/Completed
interop	Exchange exact uint64 and JSON payload bytes with Python	2026-10-02T06:46:05.5511119Z === RUN   TestPortableVectors/Failed
interop	Exchange exact uint64 and JSON payload bytes with Python	2026-10-02T06:46:05.5513321Z --- PASS: TestPortableVectors (0.00s)
interop	Exchange exact uint64 and JSON payload bytes with Python	2026-10-02T06:46:05.5514008Z     --- PASS: TestPortableVectors/Started (0.00s)
interop	Exchange exact uint64 and JSON payload bytes with Python	2026-10-02T06:46:05.5514719Z     --- PASS: TestPortableVectors/StepRequested (0.00s)
interop	Exchange exact uint64 and JSON payload bytes with Python	2026-10-02T06:46:05.5515195Z     --- PASS: TestPortableVectors/StepCompleted (0.00s)
interop	Exchange exact uint64 and JSON payload bytes with Python	2026-10-02T06:46:05.5515637Z     --- PASS: TestPortableVectors/Suspended (0.00s)
interop	Exchange exact uint64 and JSON payload bytes with Python	2026-10-02T06:46:05.5516077Z     --- PASS: TestPortableVectors/SignalConsumed (0.00s)
interop	Exchange exact uint64 and JSON payload bytes with Python	2026-10-02T06:46:05.5516758Z     --- PASS: TestPortableVectors/Attempt (0.00s)
interop	Exchange exact uint64 and JSON payload bytes with Python	2026-10-02T06:46:05.5517279Z     --- PASS: TestPortableVectors/Completed (0.00s)
interop	Exchange exact uint64 and JSON payload bytes with Python	2026-10-02T06:46:05.5517778Z     --- PASS: TestPortableVectors/Failed (0.00s)
interop	Exchange exact uint64 and JSON payload bytes with Python	2026-10-02T06:46:05.5518096Z PASS
interop	Exchange exact uint64 and JSON payload bytes with Python	2026-10-02T06:46:06.5529002Z ok  	js-wf/protocol	1.014s
interop	Run actions/upload-artifact@v4	﻿2026-10-02T06:46:06.5759123Z ##[group]Run actions/upload-artifact@v4
interop	Run actions/upload-artifact@v4	2026-10-02T06:46:06.5759439Z with:
interop	Run actions/upload-artifact@v4	2026-10-02T06:46:06.5759659Z   name: journal-protocol-interop
interop	Run actions/upload-artifact@v4	2026-10-02T06:46:06.5759930Z   path: protocol-evidence/
interop	Run actions/upload-artifact@v4	2026-10-02T06:46:06.5760176Z   if-no-files-found: warn
interop	Run actions/upload-artifact@v4	2026-10-02T06:46:06.5760412Z   compression-level: 6
interop	Run actions/upload-artifact@v4	2026-10-02T06:46:06.5760637Z   overwrite: false
interop	Run actions/upload-artifact@v4	2026-10-02T06:46:06.5760855Z   include-hidden-files: false
interop	Run actions/upload-artifact@v4	2026-10-02T06:46:06.5761089Z env:
interop	Run actions/upload-artifact@v4	2026-10-02T06:46:06.5761581Z   GOMEMLIMIT: 512MiB
interop	Run actions/upload-artifact@v4	2026-10-02T06:46:06.5761803Z   GOMAXPROCS: 2
interop	Run actions/upload-artifact@v4	2026-10-02T06:46:06.5762000Z ##[endgroup]
interop	Run actions/upload-artifact@v4	2026-10-02T06:46:06.7408818Z (node:7298) [DEP0040] DeprecationWarning: The `punycode` module is deprecated. Please use a userland alternative instead.
interop	Run actions/upload-artifact@v4	2026-10-02T06:46:06.7409756Z (Use `node --trace-deprecation ...` to show where the warning was created)
interop	Run actions/upload-artifact@v4	2026-10-02T06:46:06.7499806Z With the provided path, there will be 7 files uploaded
interop	Run actions/upload-artifact@v4	2026-10-02T06:46:06.7522141Z Artifact name is valid!
interop	Run actions/upload-artifact@v4	2026-10-02T06:46:06.7552152Z Root directory input is valid!
interop	Run actions/upload-artifact@v4	2026-10-02T06:46:07.1307400Z Beginning upload of artifact content to blob storage
interop	Run actions/upload-artifact@v4	2026-10-02T06:46:07.1647215Z (node:7298) [DEP0169] DeprecationWarning: `url.parse()` behavior is not standardized and prone to errors that have security implications. Use the WHATWG URL API instead. CVEs are not issued for `url.parse()` vulnerabilities.
interop	Run actions/upload-artifact@v4	2026-10-02T06:46:07.4200906Z Uploaded bytes 4093
interop	Run actions/upload-artifact@v4	2026-10-02T06:46:07.4920455Z Finished uploading artifact content to blob storage!
interop	Run actions/upload-artifact@v4	2026-10-02T06:46:07.4922004Z SHA256 digest of uploaded artifact zip is 6d83fff141304e90a809ca44a41328c6ff4bf27ec7f7854de8452543e061cf4c
interop	Run actions/upload-artifact@v4	2026-10-02T06:46:07.4923154Z Finalizing artifact upload
interop	Run actions/upload-artifact@v4	2026-10-02T06:46:07.7701382Z Artifact journal-protocol-interop.zip successfully finalized. Artifact ID 11213327275
interop	Run actions/upload-artifact@v4	2026-10-02T06:46:07.7703182Z Artifact journal-protocol-interop has been successfully uploaded! Final size is 4093 bytes. Artifact ID is 11213327275
interop	Run actions/upload-artifact@v4	2026-10-02T06:46:07.7709234Z Artifact download URL: https://github.com/AntPAllen/js-wf/actions/runs/36974885921/artifacts/11213327275
interop	Post Run actions/setup-go@v5	﻿2026-10-02T06:46:07.7863394Z Post job cleanup.
interop	Post Run actions/setup-go@v5	2026-10-02T06:46:07.9082441Z (node:7311) [DEP0040] DeprecationWarning: The `punycode` module is deprecated. Please use a userland alternative instead.
interop	Post Run actions/setup-go@v5	2026-10-02T06:46:07.9084007Z (Use `node --trace-deprecation ...` to show where the warning was created)
interop	Post Run actions/setup-go@v5	2026-10-02T06:46:07.9166781Z [command]/opt/hostedtoolcache/go/1.27.1/x64/bin/go env GOCACHE
interop	Post Run actions/setup-go@v5	2026-10-02T06:46:07.9217754Z [command]/opt/hostedtoolcache/go/1.27.1/x64/bin/go env GOMODCACHE
interop	Post Run actions/setup-go@v5	2026-10-02T06:46:07.9258866Z /home/runner/.cache/go-build
interop	Post Run actions/setup-go@v5	2026-10-02T06:46:07.9282151Z /home/runner/go/pkg/mod
interop	Post Run actions/setup-go@v5	2026-10-02T06:46:07.9290384Z Cache hit occurred on the primary key setup-go-Linux-x64-ubuntu24-go-1.27.1-05fc3b25fc9f8da09ce7d05c0dc054d40239ab068ad334b7c31a444aad3c64eb, not saving cache.
interop	Post Run actions/checkout@v4	﻿2026-10-02T06:46:07.9472018Z Post job cleanup.
interop	Post Run actions/checkout@v4	2026-10-02T06:46:08.0422374Z [command]/usr/bin/git version
interop	Post Run actions/checkout@v4	2026-10-02T06:46:08.0465849Z git version 2.55.0
interop	Post Run actions/checkout@v4	2026-10-02T06:46:08.0534997Z Temporarily overriding HOME='/home/runner/work/_temp/c3f092ce-886f-4e3e-9d58-27c5fe7a8712' before making global git config changes
interop	Post Run actions/checkout@v4	2026-10-02T06:46:08.0536058Z Adding repository directory to the temporary git global config as a safe directory
interop	Post Run actions/checkout@v4	2026-10-02T06:46:08.0539753Z [command]/usr/bin/git config --global --add safe.directory /home/runner/work/js-wf/js-wf
interop	Post Run actions/checkout@v4	2026-10-02T06:46:08.0584742Z [command]/usr/bin/git config --local --name-only --get-regexp core\.sshCommand
interop	Post Run actions/checkout@v4	2026-10-02T06:46:08.0623387Z [command]/usr/bin/git submodule foreach --recursive sh -c "git config --local --name-only --get-regexp 'core\.sshCommand' && git config --local --unset-all 'core.sshCommand' || :"
interop	Post Run actions/checkout@v4	2026-10-02T06:46:08.0886978Z [command]/usr/bin/git config --local --name-only --get-regexp http\.https\:\/\/github\.com\/\.extraheader
interop	Post Run actions/checkout@v4	2026-10-02T06:46:08.0929258Z http.https://github.com/.extraheader
interop	Post Run actions/checkout@v4	2026-10-02T06:46:08.0946640Z [command]/usr/bin/git config --local --unset-all http.https://github.com/.extraheader
interop	Post Run actions/checkout@v4	2026-10-02T06:46:08.0984329Z [command]/usr/bin/git submodule foreach --recursive sh -c "git config --local --name-only --get-regexp 'http\.https\:\/\/github\.com\/\.extraheader' && git config --local --unset-all 'http.https://github.com/.extraheader' || :"
interop	Post Run actions/checkout@v4	2026-10-02T06:46:08.1269353Z [command]/usr/bin/git config --local --name-only --get-regexp ^includeIf\.gitdir:
interop	Post Run actions/checkout@v4	2026-10-02T06:46:08.1312629Z [command]/usr/bin/git submodule foreach --recursive git config --local --show-origin --name-only --get-regexp remote.origin.url
interop	Complete job	﻿2026-10-02T06:46:08.1718464Z Cleaning up orphan processes
interop	Complete job	2026-10-02T06:46:08.2031526Z ##[warning]Node.js 20 is deprecated. The following actions target Node.js 20 but are being forced to run on Node.js 24: actions/checkout@v4, actions/setup-go@v5, actions/upload-artifact@v4. For more information see: https://github.blog/changelog/2025-09-19-deprecation-of-node-20-on-github-actions-runners/
