=== RUN   TestNativeReaderExpiryAdmissionPrecedesStorage
=== RUN   TestNativeReaderExpiryAdmissionPrecedesStorage/no-port
=== RUN   TestNativeReaderExpiryAdmissionPrecedesStorage/no-scan
=== RUN   TestNativeReaderExpiryAdmissionPrecedesStorage/no-watermark
=== RUN   TestNativeReaderExpiryAdmissionPrecedesStorage/empty-scope
=== RUN   TestNativeReaderExpiryAdmissionPrecedesStorage/invalid-scope
=== RUN   TestNativeReaderExpiryAdmissionPrecedesStorage/empty-id
=== RUN   TestNativeReaderExpiryAdmissionPrecedesStorage/invalid-budget
=== RUN   TestNativeReaderExpiryAdmissionPrecedesStorage/invalid-cadence
--- PASS: TestNativeReaderExpiryAdmissionPrecedesStorage (0.00s)
    --- PASS: TestNativeReaderExpiryAdmissionPrecedesStorage/no-port (0.00s)
    --- PASS: TestNativeReaderExpiryAdmissionPrecedesStorage/no-scan (0.00s)
    --- PASS: TestNativeReaderExpiryAdmissionPrecedesStorage/no-watermark (0.00s)
    --- PASS: TestNativeReaderExpiryAdmissionPrecedesStorage/empty-scope (0.00s)
    --- PASS: TestNativeReaderExpiryAdmissionPrecedesStorage/invalid-scope (0.00s)
    --- PASS: TestNativeReaderExpiryAdmissionPrecedesStorage/empty-id (0.00s)
    --- PASS: TestNativeReaderExpiryAdmissionPrecedesStorage/invalid-budget (0.00s)
    --- PASS: TestNativeReaderExpiryAdmissionPrecedesStorage/invalid-cadence (0.00s)
=== RUN   TestNativeReaderExpiryRestartAndLostCheckpoint
=== RUN   TestNativeReaderExpiryRestartAndLostCheckpoint/R1
=== RUN   TestNativeReaderExpiryRestartAndLostCheckpoint/R3
--- PASS: TestNativeReaderExpiryRestartAndLostCheckpoint (3.58s)
    --- PASS: TestNativeReaderExpiryRestartAndLostCheckpoint/R1 (0.29s)
    --- PASS: TestNativeReaderExpiryRestartAndLostCheckpoint/R3 (3.29s)
=== RUN   TestReaderExpiryNativeCheckpointBoundary
--- PASS: TestReaderExpiryNativeCheckpointBoundary (0.00s)
=== RUN   TestReaderExpiryLoopRestartAndLostSave
--- PASS: TestReaderExpiryLoopRestartAndLostSave (0.00s)
=== RUN   TestReaderExpiryLoopDoesNotSaveAfterLeaseLoss
--- PASS: TestReaderExpiryLoopDoesNotSaveAfterLeaseLoss (0.00s)
=== RUN   TestReaderExpiryLoopCheckpointsConfirmedPartialBatch
--- PASS: TestReaderExpiryLoopCheckpointsConfirmedPartialBatch (0.00s)
=== RUN   TestReaderExpiryLoopRejectsConfigurationAndCheckpoint
--- PASS: TestReaderExpiryLoopRejectsConfigurationAndCheckpoint (0.00s)
PASS
ok  	js-wf/reconcile	4.610s
