notification	Set up job	﻿2026-10-01T17:51:45.2125294Z Current runner version: '2.337.0'
notification	Set up job	2026-10-01T17:51:45.2150555Z ##[group]Runner Image Provisioner
notification	Set up job	2026-10-01T17:51:45.2151420Z Hosted Compute Agent
notification	Set up job	2026-10-01T17:51:45.2152399Z Version: 20260901.588
notification	Set up job	2026-10-01T17:51:45.2153075Z Commit: f88ec8081b781fac6c440065ac7ff9e710ce3d0b
notification	Set up job	2026-10-01T17:51:45.2153853Z Build Date: 2026-09-01T19:56:44Z
notification	Set up job	2026-10-01T17:51:45.2154607Z Worker ID: {d24fc8dd-7330-4f4f-acd0-3d39e461218a}
notification	Set up job	2026-10-01T17:51:45.2155367Z Azure Region: westus
notification	Set up job	2026-10-01T17:51:45.2155972Z ##[endgroup]
notification	Set up job	2026-10-01T17:51:45.2157890Z ##[group]Operating System
notification	Set up job	2026-10-01T17:51:45.2158619Z Ubuntu
notification	Set up job	2026-10-01T17:51:45.2159222Z 24.04.5
notification	Set up job	2026-10-01T17:51:45.2159723Z LTS
notification	Set up job	2026-10-01T17:51:45.2160213Z ##[endgroup]
notification	Set up job	2026-10-01T17:51:45.2160811Z ##[group]Runner Image
notification	Set up job	2026-10-01T17:51:45.2161475Z Image: ubuntu-24.04
notification	Set up job	2026-10-01T17:51:45.2162331Z Version: 20260927.320.1
notification	Set up job	2026-10-01T17:51:45.2163405Z Included Software: https://github.com/actions/runner-images/blob/ubuntu24/20260927.320/images/ubuntu/Ubuntu2404-Readme.md
notification	Set up job	2026-10-01T17:51:45.2165205Z Image Release: https://github.com/actions/runner-images/releases/tag/ubuntu24%2F20260927.320
notification	Set up job	2026-10-01T17:51:45.2166157Z ##[endgroup]
notification	Set up job	2026-10-01T17:51:45.2167382Z ##[group]GITHUB_TOKEN Permissions
notification	Set up job	2026-10-01T17:51:45.2169507Z Contents: read
notification	Set up job	2026-10-01T17:51:45.2170216Z Metadata: read
notification	Set up job	2026-10-01T17:51:45.2170810Z Packages: read
notification	Set up job	2026-10-01T17:51:45.2171349Z ##[endgroup]
notification	Set up job	2026-10-01T17:51:45.2173620Z Secret source: Actions
notification	Set up job	2026-10-01T17:51:45.2174570Z Cache mode: write
notification	Set up job	2026-10-01T17:51:45.2175390Z Prepare workflow directory
notification	Set up job	2026-10-01T17:51:45.2565535Z Prepare all required actions
notification	Set up job	2026-10-01T17:51:45.2615942Z Getting action download info
notification	Set up job	2026-10-01T17:51:45.6547680Z Download action repository 'actions/checkout@v4' (SHA:11d5960a326750d5838078e36cf38b85af677262)
notification	Set up job	2026-10-01T17:51:45.7656377Z Download action repository 'actions/setup-go@v5' (SHA:40f1582b2485089dde7abd97c1529aa768e1baff)
notification	Set up job	2026-10-01T17:51:46.2167817Z Download action repository 'actions/upload-artifact@v7' (SHA:043fb46d1a93c77aae656e7c1c64a875d1fc6a0a)
notification	Set up job	2026-10-01T17:51:46.3988670Z Complete job name: notification
notification	Run actions/checkout@v4	﻿2026-10-01T17:51:46.4848623Z ##[group]Run actions/checkout@v4
notification	Run actions/checkout@v4	2026-10-01T17:51:46.4849621Z with:
notification	Run actions/checkout@v4	2026-10-01T17:51:46.4850376Z   repository: AntPAllen/js-wf
notification	Run actions/checkout@v4	2026-10-01T17:51:46.4854651Z   token: ***
notification	Run actions/checkout@v4	2026-10-01T17:51:46.4855237Z   ssh-strict: true
notification	Run actions/checkout@v4	2026-10-01T17:51:46.4855720Z   ssh-user: git
notification	Run actions/checkout@v4	2026-10-01T17:51:46.4856209Z   persist-credentials: true
notification	Run actions/checkout@v4	2026-10-01T17:51:46.4856741Z   clean: true
notification	Run actions/checkout@v4	2026-10-01T17:51:46.4857232Z   sparse-checkout-cone-mode: true
notification	Run actions/checkout@v4	2026-10-01T17:51:46.4857956Z   fetch-depth: 1
notification	Run actions/checkout@v4	2026-10-01T17:51:46.4858444Z   fetch-tags: false
notification	Run actions/checkout@v4	2026-10-01T17:51:46.4858934Z   show-progress: true
notification	Run actions/checkout@v4	2026-10-01T17:51:46.4859424Z   lfs: false
notification	Run actions/checkout@v4	2026-10-01T17:51:46.4859889Z   submodules: false
notification	Run actions/checkout@v4	2026-10-01T17:51:46.4860375Z   set-safe-directory: true
notification	Run actions/checkout@v4	2026-10-01T17:51:46.4860918Z   allow-unsafe-pr-checkout: false
notification	Run actions/checkout@v4	2026-10-01T17:51:46.4862084Z env:
notification	Run actions/checkout@v4	2026-10-01T17:51:46.4862726Z   WF_NOTIFY_ARTIFACT_ROOT: /tmp/worker-notification-budget
notification	Run actions/checkout@v4	2026-10-01T17:51:46.4863465Z   GOMEMLIMIT: 512MiB
notification	Run actions/checkout@v4	2026-10-01T17:51:46.4863970Z   GOMAXPROCS: 2
notification	Run actions/checkout@v4	2026-10-01T17:51:46.4864480Z ##[endgroup]
notification	Run actions/checkout@v4	2026-10-01T17:51:46.5921031Z Syncing repository: AntPAllen/js-wf
notification	Run actions/checkout@v4	2026-10-01T17:51:46.5923444Z ##[group]Getting Git version info
notification	Run actions/checkout@v4	2026-10-01T17:51:46.5924309Z Working directory is '/home/runner/work/js-wf/js-wf'
notification	Run actions/checkout@v4	2026-10-01T17:51:46.5925605Z [command]/usr/bin/git version
notification	Run actions/checkout@v4	2026-10-01T17:51:46.6051415Z git version 2.55.0
notification	Run actions/checkout@v4	2026-10-01T17:51:46.6056606Z ##[endgroup]
notification	Run actions/checkout@v4	2026-10-01T17:51:46.6064975Z Temporarily overriding HOME='/home/runner/work/_temp/efdb41ae-17e7-4d56-8743-d5e698a220bd' before making global git config changes
notification	Run actions/checkout@v4	2026-10-01T17:51:46.6067955Z Adding repository directory to the temporary git global config as a safe directory
notification	Run actions/checkout@v4	2026-10-01T17:51:46.6070361Z [command]/usr/bin/git config --global --add safe.directory /home/runner/work/js-wf/js-wf
notification	Run actions/checkout@v4	2026-10-01T17:51:46.6141968Z Deleting the contents of '/home/runner/work/js-wf/js-wf'
notification	Run actions/checkout@v4	2026-10-01T17:51:46.6145016Z ##[group]Initializing the repository
notification	Run actions/checkout@v4	2026-10-01T17:51:46.6147047Z [command]/usr/bin/git init /home/runner/work/js-wf/js-wf
notification	Run actions/checkout@v4	2026-10-01T17:51:46.6262173Z hint: Using 'master' as the name for the initial branch. This default branch name
notification	Run actions/checkout@v4	2026-10-01T17:51:46.6266404Z hint: will change to "main" in Git 3.0. To configure the initial branch name
notification	Run actions/checkout@v4	2026-10-01T17:51:46.6268240Z hint: to use in all of your new repositories, which will suppress this warning,
notification	Run actions/checkout@v4	2026-10-01T17:51:46.6269104Z hint: call:
notification	Run actions/checkout@v4	2026-10-01T17:51:46.6269567Z hint:
notification	Run actions/checkout@v4	2026-10-01T17:51:46.6270176Z hint: 	git config --global init.defaultBranch <name>
notification	Run actions/checkout@v4	2026-10-01T17:51:46.6271030Z hint:
notification	Run actions/checkout@v4	2026-10-01T17:51:46.6271973Z hint: Names commonly chosen instead of 'master' are 'main', 'trunk' and
notification	Run actions/checkout@v4	2026-10-01T17:51:46.6273043Z hint: 'development'. The just-created branch can be renamed via this command:
notification	Run actions/checkout@v4	2026-10-01T17:51:46.6274023Z hint:
notification	Run actions/checkout@v4	2026-10-01T17:51:46.6274528Z hint: 	git branch -m <name>
notification	Run actions/checkout@v4	2026-10-01T17:51:46.6275069Z hint:
notification	Run actions/checkout@v4	2026-10-01T17:51:46.6275784Z hint: Disable this message with "git config set advice.defaultBranchName false"
notification	Run actions/checkout@v4	2026-10-01T17:51:46.6276922Z Initialized empty Git repository in /home/runner/work/js-wf/js-wf/.git/
notification	Run actions/checkout@v4	2026-10-01T17:51:46.6290696Z [command]/usr/bin/git remote add origin https://github.com/AntPAllen/js-wf
notification	Run actions/checkout@v4	2026-10-01T17:51:46.6356189Z ##[endgroup]
notification	Run actions/checkout@v4	2026-10-01T17:51:46.6357860Z ##[group]Disabling automatic garbage collection
notification	Run actions/checkout@v4	2026-10-01T17:51:46.6359757Z [command]/usr/bin/git config --local gc.auto 0
notification	Run actions/checkout@v4	2026-10-01T17:51:46.6413637Z ##[endgroup]
notification	Run actions/checkout@v4	2026-10-01T17:51:46.6415245Z ##[group]Setting up auth
notification	Run actions/checkout@v4	2026-10-01T17:51:46.6416764Z [command]/usr/bin/git config --local --name-only --get-regexp core\.sshCommand
notification	Run actions/checkout@v4	2026-10-01T17:51:46.6440997Z [command]/usr/bin/git submodule foreach --recursive sh -c "git config --local --name-only --get-regexp 'core\.sshCommand' && git config --local --unset-all 'core.sshCommand' || :"
notification	Run actions/checkout@v4	2026-10-01T17:51:46.6889262Z [command]/usr/bin/git config --local --name-only --get-regexp http\.https\:\/\/github\.com\/\.extraheader
notification	Run actions/checkout@v4	2026-10-01T17:51:46.6928255Z [command]/usr/bin/git submodule foreach --recursive sh -c "git config --local --name-only --get-regexp 'http\.https\:\/\/github\.com\/\.extraheader' && git config --local --unset-all 'http.https://github.com/.extraheader' || :"
notification	Run actions/checkout@v4	2026-10-01T17:51:46.7154707Z [command]/usr/bin/git config --local --name-only --get-regexp ^includeIf\.gitdir:
notification	Run actions/checkout@v4	2026-10-01T17:51:46.7192667Z [command]/usr/bin/git submodule foreach --recursive git config --local --show-origin --name-only --get-regexp remote.origin.url
notification	Run actions/checkout@v4	2026-10-01T17:51:46.7426907Z [command]/usr/bin/git config --local http.https://github.com/.extraheader AUTHORIZATION: basic ***
notification	Run actions/checkout@v4	2026-10-01T17:51:46.7475711Z ##[endgroup]
notification	Run actions/checkout@v4	2026-10-01T17:51:46.7477013Z ##[group]Fetching the repository
notification	Run actions/checkout@v4	2026-10-01T17:51:46.7488715Z [command]/usr/bin/git -c protocol.version=2 fetch --no-tags --prune --no-recurse-submodules --depth=1 origin +d1231ddf1dacc6a895d419d372c25d233ff43297:refs/remotes/origin/main
notification	Run actions/checkout@v4	2026-10-01T17:51:51.6932935Z From https://github.com/AntPAllen/js-wf
notification	Run actions/checkout@v4	2026-10-01T17:51:51.6936197Z  * [new ref]         d1231ddf1dacc6a895d419d372c25d233ff43297 -> origin/main
notification	Run actions/checkout@v4	2026-10-01T17:51:51.6942466Z ##[endgroup]
notification	Run actions/checkout@v4	2026-10-01T17:51:51.6944752Z ##[group]Determining the checkout info
notification	Run actions/checkout@v4	2026-10-01T17:51:51.6947009Z ##[endgroup]
notification	Run actions/checkout@v4	2026-10-01T17:51:51.6949610Z [command]/usr/bin/git sparse-checkout disable
notification	Run actions/checkout@v4	2026-10-01T17:51:51.7008279Z [command]/usr/bin/git config --local --unset-all extensions.worktreeConfig
notification	Run actions/checkout@v4	2026-10-01T17:51:51.7042417Z ##[group]Checking out the ref
notification	Run actions/checkout@v4	2026-10-01T17:51:51.7046171Z [command]/usr/bin/git checkout --progress --force -B main refs/remotes/origin/main
notification	Run actions/checkout@v4	2026-10-01T17:51:51.9950124Z Switched to a new branch 'main'
notification	Run actions/checkout@v4	2026-10-01T17:51:51.9955751Z branch 'main' set up to track 'origin/main'.
notification	Run actions/checkout@v4	2026-10-01T17:51:51.9987310Z ##[endgroup]
notification	Run actions/checkout@v4	2026-10-01T17:51:52.0041284Z [command]/usr/bin/git log -1 --format=%H
notification	Run actions/checkout@v4	2026-10-01T17:51:52.0072071Z d1231ddf1dacc6a895d419d372c25d233ff43297
notification	Run actions/setup-go@v5	﻿2026-10-01T17:51:52.0370029Z ##[group]Run actions/setup-go@v5
notification	Run actions/setup-go@v5	2026-10-01T17:51:52.0370936Z with:
notification	Run actions/setup-go@v5	2026-10-01T17:51:52.0371930Z   go-version-file: go.mod
notification	Run actions/setup-go@v5	2026-10-01T17:51:52.0372965Z   check-latest: false
notification	Run actions/setup-go@v5	2026-10-01T17:51:52.0376288Z   token: ***
notification	Run actions/setup-go@v5	2026-10-01T17:51:52.0377003Z   cache: true
notification	Run actions/setup-go@v5	2026-10-01T17:51:52.0377692Z env:
notification	Run actions/setup-go@v5	2026-10-01T17:51:52.0378486Z   WF_NOTIFY_ARTIFACT_ROOT: /tmp/worker-notification-budget
notification	Run actions/setup-go@v5	2026-10-01T17:51:52.0379377Z   GOMEMLIMIT: 512MiB
notification	Run actions/setup-go@v5	2026-10-01T17:51:52.0380093Z   GOMAXPROCS: 2
notification	Run actions/setup-go@v5	2026-10-01T17:51:52.0380787Z ##[endgroup]
notification	Run actions/setup-go@v5	2026-10-01T17:51:52.1667500Z Setup go version spec 1.27.1
notification	Run actions/setup-go@v5	2026-10-01T17:51:52.1679051Z Attempting to download 1.27.1...
notification	Run actions/setup-go@v5	2026-10-01T17:51:52.1792559Z (node:2309) [DEP0040] DeprecationWarning: The `punycode` module is deprecated. Please use a userland alternative instead.
notification	Run actions/setup-go@v5	2026-10-01T17:51:52.1795012Z (Use `node --trace-deprecation ...` to show where the warning was created)
notification	Run actions/setup-go@v5	2026-10-01T17:51:52.7535524Z matching 1.27.1...
notification	Run actions/setup-go@v5	2026-10-01T17:51:52.7560697Z Acquiring 1.27.1 from https://github.com/actions/go-versions/releases/download/1.27.1-33583469715/go-1.27.1-linux-x64.tar.gz
notification	Run actions/setup-go@v5	2026-10-01T17:51:53.2946120Z Extracting Go...
notification	Run actions/setup-go@v5	2026-10-01T17:51:53.3064135Z [command]/usr/bin/tar xz --warning=no-unknown-keyword --overwrite -C /home/runner/work/_temp/1804a6ed-6e59-4ece-95c9-617ce0a165c3 -f /home/runner/work/_temp/b05efe4c-426f-4648-b8b1-283352f8854d
notification	Run actions/setup-go@v5	2026-10-01T17:51:55.0251220Z Successfully extracted go to /home/runner/work/_temp/1804a6ed-6e59-4ece-95c9-617ce0a165c3
notification	Run actions/setup-go@v5	2026-10-01T17:51:55.0335504Z Adding to the cache ...
notification	Run actions/setup-go@v5	2026-10-01T17:52:01.0042471Z Successfully cached go to /opt/hostedtoolcache/go/1.27.1/x64
notification	Run actions/setup-go@v5	2026-10-01T17:52:01.0054942Z Added go to the path
notification	Run actions/setup-go@v5	2026-10-01T17:52:01.0055621Z Successfully set up Go version 1.27.1
notification	Run actions/setup-go@v5	2026-10-01T17:52:01.0276804Z [command]/opt/hostedtoolcache/go/1.27.1/x64/bin/go env GOMODCACHE
notification	Run actions/setup-go@v5	2026-10-01T17:52:01.0317780Z [command]/opt/hostedtoolcache/go/1.27.1/x64/bin/go env GOCACHE
notification	Run actions/setup-go@v5	2026-10-01T17:52:01.0360546Z /home/runner/go/pkg/mod
notification	Run actions/setup-go@v5	2026-10-01T17:52:01.0382410Z /home/runner/.cache/go-build
notification	Run actions/setup-go@v5	2026-10-01T17:52:01.3082577Z Cache hit for: setup-go-Linux-x64-ubuntu24-go-1.27.1-487c2eade748c1cfcd01caf54d154b8f65df65b05311c1ecee4b42fdda97ee43
notification	Run actions/setup-go@v5	2026-10-01T17:52:01.3193928Z (node:2309) [DEP0169] DeprecationWarning: `url.parse()` behavior is not standardized and prone to errors that have security implications. Use the WHATWG URL API instead. CVEs are not issued for `url.parse()` vulnerabilities.
notification	Run actions/setup-go@v5	2026-10-01T17:52:02.5826957Z Received 4194304 of 189957878 (2.2%), 4.0 MBs/sec
notification	Run actions/setup-go@v5	2026-10-01T17:52:03.5841465Z Received 134217728 of 189957878 (70.7%), 63.9 MBs/sec
notification	Run actions/setup-go@v5	2026-10-01T17:52:03.8904372Z Received 189957878 of 189957878 (100.0%), 78.5 MBs/sec
notification	Run actions/setup-go@v5	2026-10-01T17:52:03.8905255Z Cache Size: ~181 MB (189957878 B)
notification	Run actions/setup-go@v5	2026-10-01T17:52:03.9025529Z [command]/usr/bin/tar -xf /home/runner/work/_temp/b4265ef7-a9c4-4706-bafe-da7d96936423/cache.tzst -P -C /home/runner/work/js-wf/js-wf --use-compress-program unzstd
notification	Run actions/setup-go@v5	2026-10-01T17:52:04.8525205Z Cache restored successfully
notification	Run actions/setup-go@v5	2026-10-01T17:52:04.8614201Z Cache restored from key: setup-go-Linux-x64-ubuntu24-go-1.27.1-487c2eade748c1cfcd01caf54d154b8f65df65b05311c1ecee4b42fdda97ee43
notification	Run actions/setup-go@v5	2026-10-01T17:52:04.8637932Z go version go1.27.1 linux/amd64
notification	Run actions/setup-go@v5	2026-10-01T17:52:04.8638173Z 
notification	Run actions/setup-go@v5	2026-10-01T17:52:04.8638476Z ##[group]go env
notification	Run actions/setup-go@v5	2026-10-01T17:52:04.8788715Z AR='ar'
notification	Run actions/setup-go@v5	2026-10-01T17:52:04.8789160Z CC='gcc'
notification	Run actions/setup-go@v5	2026-10-01T17:52:04.8789575Z CGO_CFLAGS='-O2 -g'
notification	Run actions/setup-go@v5	2026-10-01T17:52:04.8790024Z CGO_CPPFLAGS=''
notification	Run actions/setup-go@v5	2026-10-01T17:52:04.8790356Z CGO_CXXFLAGS='-O2 -g'
notification	Run actions/setup-go@v5	2026-10-01T17:52:04.8790648Z CGO_ENABLED='1'
notification	Run actions/setup-go@v5	2026-10-01T17:52:04.8790917Z CGO_FFLAGS='-O2 -g'
notification	Run actions/setup-go@v5	2026-10-01T17:52:04.8791191Z CGO_LDFLAGS='-O2 -g'
notification	Run actions/setup-go@v5	2026-10-01T17:52:04.8791464Z CXX='g++'
notification	Run actions/setup-go@v5	2026-10-01T17:52:04.8792032Z GCCGO='gccgo'
notification	Run actions/setup-go@v5	2026-10-01T17:52:04.8792338Z GO111MODULE=''
notification	Run actions/setup-go@v5	2026-10-01T17:52:04.8792590Z GOAMD64='v1'
notification	Run actions/setup-go@v5	2026-10-01T17:52:04.8792831Z GOARCH='amd64'
notification	Run actions/setup-go@v5	2026-10-01T17:52:04.8793079Z GOAUTH='netrc'
notification	Run actions/setup-go@v5	2026-10-01T17:52:04.8793336Z GOBIN='/home/runner/go/bin'
notification	Run actions/setup-go@v5	2026-10-01T17:52:04.8793658Z GOCACHE='/home/runner/.cache/go-build'
notification	Run actions/setup-go@v5	2026-10-01T17:52:04.8794014Z GOCACHEPROG=''
notification	Run actions/setup-go@v5	2026-10-01T17:52:04.8794536Z GODEBUG=''
notification	Run actions/setup-go@v5	2026-10-01T17:52:04.8794809Z GOENV='/home/runner/.config/go/env'
notification	Run actions/setup-go@v5	2026-10-01T17:52:04.8795263Z GOEXE=''
notification	Run actions/setup-go@v5	2026-10-01T17:52:04.8795494Z GOEXPERIMENT=''
notification	Run actions/setup-go@v5	2026-10-01T17:52:04.8795741Z GOFIPS140='off'
notification	Run actions/setup-go@v5	2026-10-01T17:52:04.8795981Z GOFLAGS=''
notification	Run actions/setup-go@v5	2026-10-01T17:52:04.8796795Z GOGCCFLAGS='-fPIC -m64 -pthread -Wl,--no-gc-sections -fmessage-length=0 -ffile-prefix-map=/tmp/go-build3459835591=/tmp/go-build -gno-record-gcc-switches'
notification	Run actions/setup-go@v5	2026-10-01T17:52:04.8797635Z GOHOSTARCH='amd64'
notification	Run actions/setup-go@v5	2026-10-01T17:52:04.8797894Z GOHOSTOS='linux'
notification	Run actions/setup-go@v5	2026-10-01T17:52:04.8798149Z GOINSECURE=''
notification	Run actions/setup-go@v5	2026-10-01T17:52:04.8798438Z GOMOD='/home/runner/work/js-wf/js-wf/go.mod'
notification	Run actions/setup-go@v5	2026-10-01T17:52:04.8798824Z GOMODCACHE='/home/runner/go/pkg/mod'
notification	Run actions/setup-go@v5	2026-10-01T17:52:04.8799148Z GONOPROXY=''
notification	Run actions/setup-go@v5	2026-10-01T17:52:04.8799392Z GONOSUMDB=''
notification	Run actions/setup-go@v5	2026-10-01T17:52:04.8799622Z GOOS='linux'
notification	Run actions/setup-go@v5	2026-10-01T17:52:04.8799867Z GOPACKAGESDRIVER=''
notification	Run actions/setup-go@v5	2026-10-01T17:52:04.8800140Z GOPATH='/home/runner/go'
notification	Run actions/setup-go@v5	2026-10-01T17:52:04.8800418Z GOPRIVATE=''
notification	Run actions/setup-go@v5	2026-10-01T17:52:04.8800733Z GOPROXY='https://proxy.golang.org,direct'
notification	Run actions/setup-go@v5	2026-10-01T17:52:04.8801134Z GOROOT='/opt/hostedtoolcache/go/1.27.1/x64'
notification	Run actions/setup-go@v5	2026-10-01T17:52:04.8801499Z GOSUMDB='sum.golang.org'
notification	Run actions/setup-go@v5	2026-10-01T17:52:04.8802090Z GOTELEMETRY='local'
notification	Run actions/setup-go@v5	2026-10-01T17:52:04.8802429Z GOTELEMETRYDIR='/home/runner/.config/go/telemetry'
notification	Run actions/setup-go@v5	2026-10-01T17:52:04.8802791Z GOTMPDIR=''
notification	Run actions/setup-go@v5	2026-10-01T17:52:04.8803026Z GOTOOLCHAIN='auto'
notification	Run actions/setup-go@v5	2026-10-01T17:52:04.8803356Z GOTOOLDIR='/opt/hostedtoolcache/go/1.27.1/x64/pkg/tool/linux_amd64'
notification	Run actions/setup-go@v5	2026-10-01T17:52:04.8803733Z GOVCS=''
notification	Run actions/setup-go@v5	2026-10-01T17:52:04.8803945Z GOVERSION='go1.27.1'
notification	Run actions/setup-go@v5	2026-10-01T17:52:04.8804168Z GOWORK=''
notification	Run actions/setup-go@v5	2026-10-01T17:52:04.8804378Z PKG_CONFIG='pkg-config'
notification	Run actions/setup-go@v5	2026-10-01T17:52:04.8804531Z 
notification	Run actions/setup-go@v5	2026-10-01T17:52:04.8804810Z ##[endgroup]
notification	Recover parent notification after withheld replies	﻿2026-10-01T17:52:04.8990758Z ##[group]Run go test -p=1 -race ./integration -run '^TestWorkerParentNotificationMissingReplyRecovery$' -count=1 -timeout=5m -v
notification	Recover parent notification after withheld replies	2026-10-01T17:52:04.8992118Z ^[[36;1mgo test -p=1 -race ./integration -run '^TestWorkerParentNotificationMissingReplyRecovery$' -count=1 -timeout=5m -v^[[0m
notification	Recover parent notification after withheld replies	2026-10-01T17:52:04.9300363Z shell: /usr/bin/bash -e {0}
notification	Recover parent notification after withheld replies	2026-10-01T17:52:04.9300712Z env:
notification	Recover parent notification after withheld replies	2026-10-01T17:52:04.9301066Z   WF_NOTIFY_ARTIFACT_ROOT: /tmp/worker-notification-budget
notification	Recover parent notification after withheld replies	2026-10-01T17:52:04.9301512Z   GOMEMLIMIT: 512MiB
notification	Recover parent notification after withheld replies	2026-10-01T17:52:04.9302101Z   GOMAXPROCS: 2
notification	Recover parent notification after withheld replies	2026-10-01T17:52:04.9302371Z ##[endgroup]
notification	Recover parent notification after withheld replies	2026-10-01T17:53:37.3673916Z === RUN   TestWorkerParentNotificationMissingReplyRecovery
notification	Recover parent notification after withheld replies	2026-10-01T17:53:37.3675023Z === RUN   TestWorkerParentNotificationMissingReplyRecovery/invocation_drop
notification	Recover parent notification after withheld replies	2026-10-01T17:53:56.3727433Z     worker_notify_budget_test.go:238: mode=invocation_drop recovery=16.227475995s effects=1 heartbeats=2 signals=1
notification	Recover parent notification after withheld replies	2026-10-01T17:53:56.5212019Z === RUN   TestWorkerParentNotificationMissingReplyRecovery/state_drop
notification	Recover parent notification after withheld replies	2026-10-01T17:54:15.5095184Z     worker_notify_budget_test.go:238: mode=state_drop recovery=16.228785084s effects=1 heartbeats=2 signals=1
notification	Recover parent notification after withheld replies	2026-10-01T17:54:15.6552600Z === RUN   TestWorkerParentNotificationMissingReplyRecovery/publish_drop
notification	Recover parent notification after withheld replies	2026-10-01T17:54:34.6553968Z     worker_notify_budget_test.go:238: mode=publish_drop recovery=16.238843356s effects=1 heartbeats=3 signals=1
notification	Recover parent notification after withheld replies	2026-10-01T17:54:34.8420293Z === RUN   TestWorkerParentNotificationMissingReplyRecovery/publish_ack_lost
notification	Recover parent notification after withheld replies	2026-10-01T17:54:53.8246479Z     worker_notify_budget_test.go:238: mode=publish_ack_lost recovery=16.229017137s effects=1 heartbeats=3 signals=1
notification	Recover parent notification after withheld replies	2026-10-01T17:54:54.0147024Z --- PASS: TestWorkerParentNotificationMissingReplyRecovery (76.65s)
notification	Recover parent notification after withheld replies	2026-10-01T17:54:54.0148056Z     --- PASS: TestWorkerParentNotificationMissingReplyRecovery/invocation_drop (19.15s)
notification	Recover parent notification after withheld replies	2026-10-01T17:54:54.0149007Z     --- PASS: TestWorkerParentNotificationMissingReplyRecovery/state_drop (19.13s)
notification	Recover parent notification after withheld replies	2026-10-01T17:54:54.0149927Z     --- PASS: TestWorkerParentNotificationMissingReplyRecovery/publish_drop (19.19s)
notification	Recover parent notification after withheld replies	2026-10-01T17:54:54.0150900Z     --- PASS: TestWorkerParentNotificationMissingReplyRecovery/publish_ack_lost (19.17s)
notification	Recover parent notification after withheld replies	2026-10-01T17:54:54.0151497Z PASS
notification	Recover parent notification after withheld replies	2026-10-01T17:54:55.0297361Z ok  	js-wf/integration	77.674s
notification	Run actions/upload-artifact@v7	﻿2026-10-01T17:54:55.2434174Z ##[group]Run actions/upload-artifact@v7
notification	Run actions/upload-artifact@v7	2026-10-01T17:54:55.2434494Z with:
notification	Run actions/upload-artifact@v7	2026-10-01T17:54:55.2434884Z   name: worker-notification-budget
notification	Run actions/upload-artifact@v7	2026-10-01T17:54:55.2435190Z   path: /tmp/worker-notification-budget/*.json
notification	Run actions/upload-artifact@v7	2026-10-01T17:54:55.2435512Z   if-no-files-found: error
notification	Run actions/upload-artifact@v7	2026-10-01T17:54:55.2435750Z   compression-level: 6
notification	Run actions/upload-artifact@v7	2026-10-01T17:54:55.2435967Z   overwrite: false
notification	Run actions/upload-artifact@v7	2026-10-01T17:54:55.2436182Z   include-hidden-files: false
notification	Run actions/upload-artifact@v7	2026-10-01T17:54:55.2436420Z   archive: true
notification	Run actions/upload-artifact@v7	2026-10-01T17:54:55.2436607Z env:
notification	Run actions/upload-artifact@v7	2026-10-01T17:54:55.2436854Z   WF_NOTIFY_ARTIFACT_ROOT: /tmp/worker-notification-budget
notification	Run actions/upload-artifact@v7	2026-10-01T17:54:55.2437177Z   GOMEMLIMIT: 512MiB
notification	Run actions/upload-artifact@v7	2026-10-01T17:54:55.2437379Z   GOMAXPROCS: 2
notification	Run actions/upload-artifact@v7	2026-10-01T17:54:55.2437573Z ##[endgroup]
notification	Run actions/upload-artifact@v7	2026-10-01T17:54:55.3891971Z With the provided path, there will be 4 files uploaded
notification	Run actions/upload-artifact@v7	2026-10-01T17:54:55.3895565Z Artifact name is valid!
notification	Run actions/upload-artifact@v7	2026-10-01T17:54:55.3896339Z Root directory input is valid!
notification	Run actions/upload-artifact@v7	2026-10-01T17:54:55.8149512Z Uploading artifact: worker-notification-budget.zip
notification	Run actions/upload-artifact@v7	2026-10-01T17:54:55.8196217Z Beginning upload of artifact content to blob storage
notification	Run actions/upload-artifact@v7	2026-10-01T17:54:56.1105203Z Uploaded bytes 4374
notification	Run actions/upload-artifact@v7	2026-10-01T17:54:56.1794607Z Finished uploading artifact content to blob storage!
notification	Run actions/upload-artifact@v7	2026-10-01T17:54:56.1795944Z SHA256 digest of uploaded artifact is 39a20ec763bc33dc9bccd40ec32c8e3950befb4b902bf0b28d5566a28850887d
notification	Run actions/upload-artifact@v7	2026-10-01T17:54:56.1797003Z Finalizing artifact upload
notification	Run actions/upload-artifact@v7	2026-10-01T17:54:56.6129295Z Artifact worker-notification-budget successfully finalized. Artifact ID 11182441916
notification	Run actions/upload-artifact@v7	2026-10-01T17:54:56.6130510Z Artifact worker-notification-budget has been successfully uploaded! Final size is 4374 bytes. Artifact ID is 11182441916
notification	Run actions/upload-artifact@v7	2026-10-01T17:54:56.6133888Z Artifact download URL: https://github.com/AntPAllen/js-wf/actions/runs/36902096296/artifacts/11182441916
notification	Post Run actions/setup-go@v5	﻿2026-10-01T17:54:56.6289359Z Post job cleanup.
notification	Post Run actions/setup-go@v5	2026-10-01T17:54:56.7529056Z (node:5776) [DEP0040] DeprecationWarning: The `punycode` module is deprecated. Please use a userland alternative instead.
notification	Post Run actions/setup-go@v5	2026-10-01T17:54:56.7530468Z (Use `node --trace-deprecation ...` to show where the warning was created)
notification	Post Run actions/setup-go@v5	2026-10-01T17:54:56.7607651Z [command]/opt/hostedtoolcache/go/1.27.1/x64/bin/go env GOMODCACHE
notification	Post Run actions/setup-go@v5	2026-10-01T17:54:56.7668608Z [command]/opt/hostedtoolcache/go/1.27.1/x64/bin/go env GOCACHE
notification	Post Run actions/setup-go@v5	2026-10-01T17:54:56.7689666Z /home/runner/go/pkg/mod
notification	Post Run actions/setup-go@v5	2026-10-01T17:54:56.7716763Z /home/runner/.cache/go-build
notification	Post Run actions/setup-go@v5	2026-10-01T17:54:56.7722134Z Cache hit occurred on the primary key setup-go-Linux-x64-ubuntu24-go-1.27.1-487c2eade748c1cfcd01caf54d154b8f65df65b05311c1ecee4b42fdda97ee43, not saving cache.
notification	Post Run actions/checkout@v4	﻿2026-10-01T17:54:56.7884622Z Post job cleanup.
notification	Post Run actions/checkout@v4	2026-10-01T17:54:56.8849104Z [command]/usr/bin/git version
notification	Post Run actions/checkout@v4	2026-10-01T17:54:56.8918046Z git version 2.55.0
notification	Post Run actions/checkout@v4	2026-10-01T17:54:56.8983028Z Temporarily overriding HOME='/home/runner/work/_temp/f9409d05-b6d2-453c-be26-73e924891638' before making global git config changes
notification	Post Run actions/checkout@v4	2026-10-01T17:54:56.8989001Z Adding repository directory to the temporary git global config as a safe directory
notification	Post Run actions/checkout@v4	2026-10-01T17:54:56.9012696Z [command]/usr/bin/git config --global --add safe.directory /home/runner/work/js-wf/js-wf
notification	Post Run actions/checkout@v4	2026-10-01T17:54:56.9063205Z [command]/usr/bin/git config --local --name-only --get-regexp core\.sshCommand
notification	Post Run actions/checkout@v4	2026-10-01T17:54:56.9067703Z [command]/usr/bin/git submodule foreach --recursive sh -c "git config --local --name-only --get-regexp 'core\.sshCommand' && git config --local --unset-all 'core.sshCommand' || :"
notification	Post Run actions/checkout@v4	2026-10-01T17:54:56.9342963Z [command]/usr/bin/git config --local --name-only --get-regexp http\.https\:\/\/github\.com\/\.extraheader
notification	Post Run actions/checkout@v4	2026-10-01T17:54:56.9366806Z http.https://github.com/.extraheader
notification	Post Run actions/checkout@v4	2026-10-01T17:54:56.9368472Z [command]/usr/bin/git config --local --unset-all http.https://github.com/.extraheader
notification	Post Run actions/checkout@v4	2026-10-01T17:54:56.9411078Z [command]/usr/bin/git submodule foreach --recursive sh -c "git config --local --name-only --get-regexp 'http\.https\:\/\/github\.com\/\.extraheader' && git config --local --unset-all 'http.https://github.com/.extraheader' || :"
notification	Post Run actions/checkout@v4	2026-10-01T17:54:56.9672960Z [command]/usr/bin/git config --local --name-only --get-regexp ^includeIf\.gitdir:
notification	Post Run actions/checkout@v4	2026-10-01T17:54:56.9716682Z [command]/usr/bin/git submodule foreach --recursive git config --local --show-origin --name-only --get-regexp remote.origin.url
notification	Complete job	﻿2026-10-01T17:54:57.0140967Z Cleaning up orphan processes
notification	Complete job	2026-10-01T17:54:57.0438460Z ##[warning]Node.js 20 is deprecated. The following actions target Node.js 20 but are being forced to run on Node.js 24: actions/checkout@v4, actions/setup-go@v5. For more information see: https://github.blog/changelog/2025-09-19-deprecation-of-node-20-on-github-actions-runners/
