=== RUN   TestMatrixRetainedAuditTransientCadence
--- PASS: TestMatrixRetainedAuditTransientCadence (0.00s)
=== RUN   TestMatrixRetainedAuditStopsOnInvariantOrExhaustion
--- PASS: TestMatrixRetainedAuditStopsOnInvariantOrExhaustion (0.00s)
=== RUN   TestMatrixRetainedAuditHonorsCancellationDuringWait
--- PASS: TestMatrixRetainedAuditHonorsCancellationDuringWait (0.00s)
=== RUN   TestMatrixRetainedAuditRejectsConflictingReaders
=== RUN   TestMatrixRetainedAuditRejectsConflictingReaders/0-1
=== RUN   TestMatrixRetainedAuditRejectsConflictingReaders/0-2
=== RUN   TestMatrixRetainedAuditRejectsConflictingReaders/1-2
=== RUN   TestMatrixRetainedAuditRejectsConflictingReaders/0-3
=== RUN   TestMatrixRetainedAuditRejectsConflictingReaders/1-3
=== RUN   TestMatrixRetainedAuditRejectsConflictingReaders/2-3
=== RUN   TestMatrixRetainedAuditRejectsConflictingReaders/0-4
=== RUN   TestMatrixRetainedAuditRejectsConflictingReaders/1-4
=== RUN   TestMatrixRetainedAuditRejectsConflictingReaders/2-4
=== RUN   TestMatrixRetainedAuditRejectsConflictingReaders/3-4
--- PASS: TestMatrixRetainedAuditRejectsConflictingReaders (0.00s)
    --- PASS: TestMatrixRetainedAuditRejectsConflictingReaders/0-1 (0.00s)
    --- PASS: TestMatrixRetainedAuditRejectsConflictingReaders/0-2 (0.00s)
    --- PASS: TestMatrixRetainedAuditRejectsConflictingReaders/1-2 (0.00s)
    --- PASS: TestMatrixRetainedAuditRejectsConflictingReaders/0-3 (0.00s)
    --- PASS: TestMatrixRetainedAuditRejectsConflictingReaders/1-3 (0.00s)
    --- PASS: TestMatrixRetainedAuditRejectsConflictingReaders/2-3 (0.00s)
    --- PASS: TestMatrixRetainedAuditRejectsConflictingReaders/0-4 (0.00s)
    --- PASS: TestMatrixRetainedAuditRejectsConflictingReaders/1-4 (0.00s)
    --- PASS: TestMatrixRetainedAuditRejectsConflictingReaders/2-4 (0.00s)
    --- PASS: TestMatrixRetainedAuditRejectsConflictingReaders/3-4 (0.00s)
=== RUN   TestNativeMatrixTerminalCapturedPopulation
    matrix_terminal_cohort_native_test.go:129: terminal captured=840 stale/empty visits=map[empty:840 stale:840] weak=812 missing=839 rejected=terminal invocation cohort visited=839 expected=840 cutoff=840
--- PASS: TestNativeMatrixTerminalCapturedPopulation (3.06s)
=== RUN   TestMatrixTerminalCohortUsesCapturedPopulation
--- PASS: TestMatrixTerminalCohortUsesCapturedPopulation (0.02s)
=== RUN   TestMatrixTerminalCohortRejectsMissingAndInvalidInvocations
--- PASS: TestMatrixTerminalCohortRejectsMissingAndInvalidInvocations (0.02s)
PASS
