=== RUN   TestRawGraphEveryCheckpointHistory
=== RUN   TestRawGraphEveryCheckpointHistory/json/historical-valid
=== RUN   TestRawGraphEveryCheckpointHistory/json/historical-state
=== RUN   TestRawGraphEveryCheckpointHistory/json/historical-anchor
=== RUN   TestRawGraphEveryCheckpointHistory/json/historical-locals
=== RUN   TestRawGraphEveryCheckpointHistory/json/historical-cursor
=== RUN   TestRawGraphEveryCheckpointHistory/json/historical-timer
=== RUN   TestRawGraphEveryCheckpointHistory/json/historical-metadata
=== RUN   TestRawGraphEveryCheckpointHistory/protobuf-v1/historical-valid
=== RUN   TestRawGraphEveryCheckpointHistory/protobuf-v1/historical-state
=== RUN   TestRawGraphEveryCheckpointHistory/protobuf-v1/historical-anchor
=== RUN   TestRawGraphEveryCheckpointHistory/protobuf-v1/historical-locals
=== RUN   TestRawGraphEveryCheckpointHistory/protobuf-v1/historical-cursor
=== RUN   TestRawGraphEveryCheckpointHistory/protobuf-v1/historical-timer
=== RUN   TestRawGraphEveryCheckpointHistory/protobuf-v1/historical-metadata
--- PASS: TestRawGraphEveryCheckpointHistory (0.21s)
    --- PASS: TestRawGraphEveryCheckpointHistory/json/historical-valid (0.03s)
    --- PASS: TestRawGraphEveryCheckpointHistory/json/historical-state (0.02s)
    --- PASS: TestRawGraphEveryCheckpointHistory/json/historical-anchor (0.01s)
    --- PASS: TestRawGraphEveryCheckpointHistory/json/historical-locals (0.01s)
    --- PASS: TestRawGraphEveryCheckpointHistory/json/historical-cursor (0.02s)
    --- PASS: TestRawGraphEveryCheckpointHistory/json/historical-timer (0.01s)
    --- PASS: TestRawGraphEveryCheckpointHistory/json/historical-metadata (0.01s)
    --- PASS: TestRawGraphEveryCheckpointHistory/protobuf-v1/historical-valid (0.04s)
    --- PASS: TestRawGraphEveryCheckpointHistory/protobuf-v1/historical-state (0.01s)
    --- PASS: TestRawGraphEveryCheckpointHistory/protobuf-v1/historical-anchor (0.01s)
    --- PASS: TestRawGraphEveryCheckpointHistory/protobuf-v1/historical-locals (0.01s)
    --- PASS: TestRawGraphEveryCheckpointHistory/protobuf-v1/historical-cursor (0.01s)
    --- PASS: TestRawGraphEveryCheckpointHistory/protobuf-v1/historical-timer (0.01s)
    --- PASS: TestRawGraphEveryCheckpointHistory/protobuf-v1/historical-metadata (0.01s)
=== RUN   TestRawGraphRejectedLimitBoundary
=== RUN   TestRawGraphRejectedLimitBoundary/json/request
=== RUN   TestRawGraphRejectedLimitBoundary/json/attempt
=== RUN   TestRawGraphRejectedLimitBoundary/json/signal
=== RUN   TestRawGraphRejectedLimitBoundary/json/suspension
=== RUN   TestRawGraphRejectedLimitBoundary/json/overlap
=== RUN   TestRawGraphRejectedLimitBoundary/json/completed
=== RUN   TestRawGraphRejectedLimitBoundary/json/both
=== RUN   TestRawGraphRejectedLimitBoundary/json/request-null
=== RUN   TestRawGraphRejectedLimitBoundary/json/request-empty
=== RUN   TestRawGraphRejectedLimitBoundary/json/request-unknown
=== RUN   TestRawGraphRejectedLimitBoundary/json/request-duplicate
=== RUN   TestRawGraphRejectedLimitBoundary/json/entry-kind
=== RUN   TestRawGraphRejectedLimitBoundary/json/entry-null
=== RUN   TestRawGraphRejectedLimitBoundary/json/attempt-gap
=== RUN   TestRawGraphRejectedLimitBoundary/json/attempt-empty-error
=== RUN   TestRawGraphRejectedLimitBoundary/json/attempt-alias
=== RUN   TestRawGraphRejectedLimitBoundary/json/attempt-duplicate
=== RUN   TestRawGraphRejectedLimitBoundary/json/signal-zero
=== RUN   TestRawGraphRejectedLimitBoundary/json/signal-name
=== RUN   TestRawGraphRejectedLimitBoundary/json/signal-alias
=== RUN   TestRawGraphRejectedLimitBoundary/json/suspension-unresolved
=== RUN   TestRawGraphRejectedLimitBoundary/json/suspension-empty
=== RUN   TestRawGraphRejectedLimitBoundary/json/suspension-unknown
=== RUN   TestRawGraphRejectedLimitBoundary/json/wrong-error
=== RUN   TestRawGraphRejectedLimitBoundary/protobuf-v1/request
=== RUN   TestRawGraphRejectedLimitBoundary/protobuf-v1/attempt
=== RUN   TestRawGraphRejectedLimitBoundary/protobuf-v1/signal
=== RUN   TestRawGraphRejectedLimitBoundary/protobuf-v1/suspension
=== RUN   TestRawGraphRejectedLimitBoundary/protobuf-v1/overlap
=== RUN   TestRawGraphRejectedLimitBoundary/protobuf-v1/completed
=== RUN   TestRawGraphRejectedLimitBoundary/protobuf-v1/both
=== RUN   TestRawGraphRejectedLimitBoundary/protobuf-v1/request-null
=== RUN   TestRawGraphRejectedLimitBoundary/protobuf-v1/request-empty
=== RUN   TestRawGraphRejectedLimitBoundary/protobuf-v1/request-unknown
=== RUN   TestRawGraphRejectedLimitBoundary/protobuf-v1/request-duplicate
=== RUN   TestRawGraphRejectedLimitBoundary/protobuf-v1/entry-kind
=== RUN   TestRawGraphRejectedLimitBoundary/protobuf-v1/entry-null
=== RUN   TestRawGraphRejectedLimitBoundary/protobuf-v1/attempt-gap
=== RUN   TestRawGraphRejectedLimitBoundary/protobuf-v1/attempt-empty-error
=== RUN   TestRawGraphRejectedLimitBoundary/protobuf-v1/attempt-alias
=== RUN   TestRawGraphRejectedLimitBoundary/protobuf-v1/attempt-duplicate
=== RUN   TestRawGraphRejectedLimitBoundary/protobuf-v1/signal-zero
=== RUN   TestRawGraphRejectedLimitBoundary/protobuf-v1/signal-name
=== RUN   TestRawGraphRejectedLimitBoundary/protobuf-v1/signal-alias
=== RUN   TestRawGraphRejectedLimitBoundary/protobuf-v1/suspension-unresolved
=== RUN   TestRawGraphRejectedLimitBoundary/protobuf-v1/suspension-empty
=== RUN   TestRawGraphRejectedLimitBoundary/protobuf-v1/suspension-unknown
=== RUN   TestRawGraphRejectedLimitBoundary/protobuf-v1/wrong-error
--- PASS: TestRawGraphRejectedLimitBoundary (0.19s)
    --- PASS: TestRawGraphRejectedLimitBoundary/json/request (0.01s)
    --- PASS: TestRawGraphRejectedLimitBoundary/json/attempt (0.01s)
    --- PASS: TestRawGraphRejectedLimitBoundary/json/signal (0.00s)
    --- PASS: TestRawGraphRejectedLimitBoundary/json/suspension (0.00s)
    --- PASS: TestRawGraphRejectedLimitBoundary/json/overlap (0.00s)
    --- PASS: TestRawGraphRejectedLimitBoundary/json/completed (0.00s)
    --- PASS: TestRawGraphRejectedLimitBoundary/json/both (0.01s)
    --- PASS: TestRawGraphRejectedLimitBoundary/json/request-null (0.01s)
    --- PASS: TestRawGraphRejectedLimitBoundary/json/request-empty (0.00s)
    --- PASS: TestRawGraphRejectedLimitBoundary/json/request-unknown (0.00s)
    --- PASS: TestRawGraphRejectedLimitBoundary/json/request-duplicate (0.00s)
    --- PASS: TestRawGraphRejectedLimitBoundary/json/entry-kind (0.00s)
    --- PASS: TestRawGraphRejectedLimitBoundary/json/entry-null (0.00s)
    --- PASS: TestRawGraphRejectedLimitBoundary/json/attempt-gap (0.00s)
    --- PASS: TestRawGraphRejectedLimitBoundary/json/attempt-empty-error (0.00s)
    --- PASS: TestRawGraphRejectedLimitBoundary/json/attempt-alias (0.00s)
    --- PASS: TestRawGraphRejectedLimitBoundary/json/attempt-duplicate (0.00s)
    --- PASS: TestRawGraphRejectedLimitBoundary/json/signal-zero (0.00s)
    --- PASS: TestRawGraphRejectedLimitBoundary/json/signal-name (0.00s)
    --- PASS: TestRawGraphRejectedLimitBoundary/json/signal-alias (0.01s)
    --- PASS: TestRawGraphRejectedLimitBoundary/json/suspension-unresolved (0.01s)
    --- PASS: TestRawGraphRejectedLimitBoundary/json/suspension-empty (0.00s)
    --- PASS: TestRawGraphRejectedLimitBoundary/json/suspension-unknown (0.00s)
    --- PASS: TestRawGraphRejectedLimitBoundary/json/wrong-error (0.00s)
    --- PASS: TestRawGraphRejectedLimitBoundary/protobuf-v1/request (0.00s)
    --- PASS: TestRawGraphRejectedLimitBoundary/protobuf-v1/attempt (0.00s)
    --- PASS: TestRawGraphRejectedLimitBoundary/protobuf-v1/signal (0.00s)
    --- PASS: TestRawGraphRejectedLimitBoundary/protobuf-v1/suspension (0.00s)
    --- PASS: TestRawGraphRejectedLimitBoundary/protobuf-v1/overlap (0.00s)
    --- PASS: TestRawGraphRejectedLimitBoundary/protobuf-v1/completed (0.00s)
    --- PASS: TestRawGraphRejectedLimitBoundary/protobuf-v1/both (0.00s)
    --- PASS: TestRawGraphRejectedLimitBoundary/protobuf-v1/request-null (0.00s)
    --- PASS: TestRawGraphRejectedLimitBoundary/protobuf-v1/request-empty (0.00s)
    --- PASS: TestRawGraphRejectedLimitBoundary/protobuf-v1/request-unknown (0.00s)
    --- PASS: TestRawGraphRejectedLimitBoundary/protobuf-v1/request-duplicate (0.00s)
    --- PASS: TestRawGraphRejectedLimitBoundary/protobuf-v1/entry-kind (0.00s)
    --- PASS: TestRawGraphRejectedLimitBoundary/protobuf-v1/entry-null (0.00s)
    --- PASS: TestRawGraphRejectedLimitBoundary/protobuf-v1/attempt-gap (0.00s)
    --- PASS: TestRawGraphRejectedLimitBoundary/protobuf-v1/attempt-empty-error (0.00s)
    --- PASS: TestRawGraphRejectedLimitBoundary/protobuf-v1/attempt-alias (0.00s)
    --- PASS: TestRawGraphRejectedLimitBoundary/protobuf-v1/attempt-duplicate (0.00s)
    --- PASS: TestRawGraphRejectedLimitBoundary/protobuf-v1/signal-zero (0.00s)
    --- PASS: TestRawGraphRejectedLimitBoundary/protobuf-v1/signal-name (0.00s)
    --- PASS: TestRawGraphRejectedLimitBoundary/protobuf-v1/signal-alias (0.00s)
    --- PASS: TestRawGraphRejectedLimitBoundary/protobuf-v1/suspension-unresolved (0.00s)
    --- PASS: TestRawGraphRejectedLimitBoundary/protobuf-v1/suspension-empty (0.00s)
    --- PASS: TestRawGraphRejectedLimitBoundary/protobuf-v1/suspension-unknown (0.00s)
    --- PASS: TestRawGraphRejectedLimitBoundary/protobuf-v1/wrong-error (0.00s)
=== RUN   TestRawGraphRejectedLimitPrefix
=== RUN   TestRawGraphRejectedLimitPrefix/attempt-next
=== RUN   TestRawGraphRejectedLimitPrefix/attempt-reuse
=== RUN   TestRawGraphRejectedLimitPrefix/attempt-skip
=== RUN   TestRawGraphRejectedLimitPrefix/signal-next
=== RUN   TestRawGraphRejectedLimitPrefix/signal-reuse
=== RUN   TestRawGraphRejectedLimitPrefix/signal-backwards
--- PASS: TestRawGraphRejectedLimitPrefix (0.00s)
    --- PASS: TestRawGraphRejectedLimitPrefix/attempt-next (0.00s)
    --- PASS: TestRawGraphRejectedLimitPrefix/attempt-reuse (0.00s)
    --- PASS: TestRawGraphRejectedLimitPrefix/attempt-skip (0.00s)
    --- PASS: TestRawGraphRejectedLimitPrefix/signal-next (0.00s)
    --- PASS: TestRawGraphRejectedLimitPrefix/signal-reuse (0.00s)
    --- PASS: TestRawGraphRejectedLimitPrefix/signal-backwards (0.00s)
=== RUN   TestRawGraphRejectedLimitContinuation
=== RUN   TestRawGraphRejectedLimitContinuation/checkpoint
=== RUN   TestRawGraphRejectedLimitContinuation/wrong-stage
=== RUN   TestRawGraphRejectedLimitContinuation/not-checkpoint
=== RUN   TestRawGraphRejectedLimitContinuation/failed-frame
--- PASS: TestRawGraphRejectedLimitContinuation (0.00s)
    --- PASS: TestRawGraphRejectedLimitContinuation/checkpoint (0.00s)
    --- PASS: TestRawGraphRejectedLimitContinuation/wrong-stage (0.00s)
    --- PASS: TestRawGraphRejectedLimitContinuation/not-checkpoint (0.00s)
    --- PASS: TestRawGraphRejectedLimitContinuation/failed-frame (0.00s)
=== RUN   TestRawGraphCanonicalEnvelope
=== RUN   TestRawGraphCanonicalEnvelope/json/outer-valid
=== RUN   TestRawGraphCanonicalEnvelope/json/outer-whitespace
=== RUN   TestRawGraphCanonicalEnvelope/json/outer-unknown
=== RUN   TestRawGraphCanonicalEnvelope/json/outer-alias
=== RUN   TestRawGraphCanonicalEnvelope/json/outer-duplicate
=== RUN   TestRawGraphCanonicalEnvelope/json/outer-escaped-duplicate
=== RUN   TestRawGraphCanonicalEnvelope/json/outer-generation
=== RUN   TestRawGraphCanonicalEnvelope/json/outer-sequence
=== RUN   TestRawGraphCanonicalEnvelope/json/outer-hash
=== RUN   TestRawGraphCanonicalEnvelope/protobuf-v1/outer-valid
=== RUN   TestRawGraphCanonicalEnvelope/protobuf-v1/outer-whitespace
=== RUN   TestRawGraphCanonicalEnvelope/protobuf-v1/outer-unknown
=== RUN   TestRawGraphCanonicalEnvelope/protobuf-v1/outer-alias
=== RUN   TestRawGraphCanonicalEnvelope/protobuf-v1/outer-duplicate
=== RUN   TestRawGraphCanonicalEnvelope/protobuf-v1/outer-escaped-duplicate
=== RUN   TestRawGraphCanonicalEnvelope/protobuf-v1/outer-generation
=== RUN   TestRawGraphCanonicalEnvelope/protobuf-v1/outer-sequence
=== RUN   TestRawGraphCanonicalEnvelope/protobuf-v1/outer-hash
--- PASS: TestRawGraphCanonicalEnvelope (0.06s)
    --- PASS: TestRawGraphCanonicalEnvelope/json/outer-valid (0.00s)
    --- PASS: TestRawGraphCanonicalEnvelope/json/outer-whitespace (0.00s)
    --- PASS: TestRawGraphCanonicalEnvelope/json/outer-unknown (0.00s)
    --- PASS: TestRawGraphCanonicalEnvelope/json/outer-alias (0.00s)
    --- PASS: TestRawGraphCanonicalEnvelope/json/outer-duplicate (0.00s)
    --- PASS: TestRawGraphCanonicalEnvelope/json/outer-escaped-duplicate (0.00s)
    --- PASS: TestRawGraphCanonicalEnvelope/json/outer-generation (0.00s)
    --- PASS: TestRawGraphCanonicalEnvelope/json/outer-sequence (0.00s)
    --- PASS: TestRawGraphCanonicalEnvelope/json/outer-hash (0.00s)
    --- PASS: TestRawGraphCanonicalEnvelope/protobuf-v1/outer-valid (0.00s)
    --- PASS: TestRawGraphCanonicalEnvelope/protobuf-v1/outer-whitespace (0.00s)
    --- PASS: TestRawGraphCanonicalEnvelope/protobuf-v1/outer-unknown (0.00s)
    --- PASS: TestRawGraphCanonicalEnvelope/protobuf-v1/outer-alias (0.00s)
    --- PASS: TestRawGraphCanonicalEnvelope/protobuf-v1/outer-duplicate (0.00s)
    --- PASS: TestRawGraphCanonicalEnvelope/protobuf-v1/outer-escaped-duplicate (0.00s)
    --- PASS: TestRawGraphCanonicalEnvelope/protobuf-v1/outer-generation (0.00s)
    --- PASS: TestRawGraphCanonicalEnvelope/protobuf-v1/outer-sequence (0.00s)
    --- PASS: TestRawGraphCanonicalEnvelope/protobuf-v1/outer-hash (0.00s)
=== RUN   TestRawGraphTerminalEnvelope
=== RUN   TestRawGraphTerminalEnvelope/json/ordinary
=== RUN   TestRawGraphTerminalEnvelope/json/opaque-result
=== RUN   TestRawGraphTerminalEnvelope/json/failed
=== RUN   TestRawGraphTerminalEnvelope/json/limit-request
=== RUN   TestRawGraphTerminalEnvelope/json/limit-entry
=== RUN   TestRawGraphTerminalEnvelope/json/unknown
=== RUN   TestRawGraphTerminalEnvelope/json/alias
=== RUN   TestRawGraphTerminalEnvelope/json/duplicate-invocation
=== RUN   TestRawGraphTerminalEnvelope/json/escaped-duplicate
=== RUN   TestRawGraphTerminalEnvelope/json/duplicate-result
=== RUN   TestRawGraphTerminalEnvelope/json/duplicate-error
=== RUN   TestRawGraphTerminalEnvelope/json/duplicate-limit-request
=== RUN   TestRawGraphTerminalEnvelope/json/duplicate-limit-entry
=== RUN   TestRawGraphTerminalEnvelope/json/limit-entry-unknown
=== RUN   TestRawGraphTerminalEnvelope/json/limit-entry-alias
=== RUN   TestRawGraphTerminalEnvelope/json/limit-entry-duplicate
=== RUN   TestRawGraphTerminalEnvelope/protobuf-v1/ordinary
=== RUN   TestRawGraphTerminalEnvelope/protobuf-v1/opaque-result
=== RUN   TestRawGraphTerminalEnvelope/protobuf-v1/failed
=== RUN   TestRawGraphTerminalEnvelope/protobuf-v1/limit-request
=== RUN   TestRawGraphTerminalEnvelope/protobuf-v1/limit-entry
=== RUN   TestRawGraphTerminalEnvelope/protobuf-v1/unknown
=== RUN   TestRawGraphTerminalEnvelope/protobuf-v1/alias
=== RUN   TestRawGraphTerminalEnvelope/protobuf-v1/duplicate-invocation
=== RUN   TestRawGraphTerminalEnvelope/protobuf-v1/escaped-duplicate
=== RUN   TestRawGraphTerminalEnvelope/protobuf-v1/duplicate-result
=== RUN   TestRawGraphTerminalEnvelope/protobuf-v1/duplicate-error
=== RUN   TestRawGraphTerminalEnvelope/protobuf-v1/duplicate-limit-request
=== RUN   TestRawGraphTerminalEnvelope/protobuf-v1/duplicate-limit-entry
=== RUN   TestRawGraphTerminalEnvelope/protobuf-v1/limit-entry-unknown
=== RUN   TestRawGraphTerminalEnvelope/protobuf-v1/limit-entry-alias
=== RUN   TestRawGraphTerminalEnvelope/protobuf-v1/limit-entry-duplicate
--- PASS: TestRawGraphTerminalEnvelope (0.12s)
    --- PASS: TestRawGraphTerminalEnvelope/json/ordinary (0.00s)
    --- PASS: TestRawGraphTerminalEnvelope/json/opaque-result (0.00s)
    --- PASS: TestRawGraphTerminalEnvelope/json/failed (0.00s)
    --- PASS: TestRawGraphTerminalEnvelope/json/limit-request (0.00s)
    --- PASS: TestRawGraphTerminalEnvelope/json/limit-entry (0.00s)
    --- PASS: TestRawGraphTerminalEnvelope/json/unknown (0.00s)
    --- PASS: TestRawGraphTerminalEnvelope/json/alias (0.00s)
    --- PASS: TestRawGraphTerminalEnvelope/json/duplicate-invocation (0.00s)
    --- PASS: TestRawGraphTerminalEnvelope/json/escaped-duplicate (0.00s)
    --- PASS: TestRawGraphTerminalEnvelope/json/duplicate-result (0.00s)
    --- PASS: TestRawGraphTerminalEnvelope/json/duplicate-error (0.00s)
    --- PASS: TestRawGraphTerminalEnvelope/json/duplicate-limit-request (0.00s)
    --- PASS: TestRawGraphTerminalEnvelope/json/duplicate-limit-entry (0.00s)
    --- PASS: TestRawGraphTerminalEnvelope/json/limit-entry-unknown (0.00s)
    --- PASS: TestRawGraphTerminalEnvelope/json/limit-entry-alias (0.00s)
    --- PASS: TestRawGraphTerminalEnvelope/json/limit-entry-duplicate (0.00s)
    --- PASS: TestRawGraphTerminalEnvelope/protobuf-v1/ordinary (0.00s)
    --- PASS: TestRawGraphTerminalEnvelope/protobuf-v1/opaque-result (0.00s)
    --- PASS: TestRawGraphTerminalEnvelope/protobuf-v1/failed (0.00s)
    --- PASS: TestRawGraphTerminalEnvelope/protobuf-v1/limit-request (0.01s)
    --- PASS: TestRawGraphTerminalEnvelope/protobuf-v1/limit-entry (0.00s)
    --- PASS: TestRawGraphTerminalEnvelope/protobuf-v1/unknown (0.00s)
    --- PASS: TestRawGraphTerminalEnvelope/protobuf-v1/alias (0.00s)
    --- PASS: TestRawGraphTerminalEnvelope/protobuf-v1/duplicate-invocation (0.00s)
    --- PASS: TestRawGraphTerminalEnvelope/protobuf-v1/escaped-duplicate (0.00s)
    --- PASS: TestRawGraphTerminalEnvelope/protobuf-v1/duplicate-result (0.00s)
    --- PASS: TestRawGraphTerminalEnvelope/protobuf-v1/duplicate-error (0.00s)
    --- PASS: TestRawGraphTerminalEnvelope/protobuf-v1/duplicate-limit-request (0.00s)
    --- PASS: TestRawGraphTerminalEnvelope/protobuf-v1/duplicate-limit-entry (0.00s)
    --- PASS: TestRawGraphTerminalEnvelope/protobuf-v1/limit-entry-unknown (0.00s)
    --- PASS: TestRawGraphTerminalEnvelope/protobuf-v1/limit-entry-alias (0.00s)
    --- PASS: TestRawGraphTerminalEnvelope/protobuf-v1/limit-entry-duplicate (0.00s)
=== RUN   TestNativeRawGraphCheckpointAudit
=== RUN   TestNativeRawGraphCheckpointAudit/R1/indexedfalse
    graph_checkpoint_native_test.go:112: RAW_CHECKPOINT_AUDIT stage=unpublished entries=4 terminals=0 R1 indexed=false
    graph_checkpoint_native_test.go:116: RAW_CHECKPOINT_AUDIT stage=published entries=4 terminals=0 R1 indexed=false
    graph_checkpoint_native_test.go:120: RAW_CHECKPOINT_AUDIT stage=archived entries=4 terminals=0 R1 indexed=false
    graph_checkpoint_native_test.go:130: RAW_CHECKPOINT_AUDIT stage=terminal entries=5 terminals=1 R1 indexed=false
=== RUN   TestNativeRawGraphCheckpointAudit/R1/indexedtrue
    graph_checkpoint_native_test.go:112: RAW_CHECKPOINT_AUDIT stage=unpublished entries=4 terminals=0 R1 indexed=true
    graph_checkpoint_native_test.go:116: RAW_CHECKPOINT_AUDIT stage=published entries=4 terminals=0 R1 indexed=true
    graph_checkpoint_native_test.go:120: RAW_CHECKPOINT_AUDIT stage=archived entries=4 terminals=0 R1 indexed=true
    graph_checkpoint_native_test.go:130: RAW_CHECKPOINT_AUDIT stage=terminal entries=5 terminals=1 R1 indexed=true
=== RUN   TestNativeRawGraphCheckpointAudit/R3/indexedfalse
    graph_checkpoint_native_test.go:112: RAW_CHECKPOINT_AUDIT stage=unpublished entries=4 terminals=0 R3 indexed=false
    graph_checkpoint_native_test.go:116: RAW_CHECKPOINT_AUDIT stage=published entries=4 terminals=0 R3 indexed=false
    graph_checkpoint_native_test.go:120: RAW_CHECKPOINT_AUDIT stage=archived entries=4 terminals=0 R3 indexed=false
    graph_checkpoint_native_test.go:130: RAW_CHECKPOINT_AUDIT stage=terminal entries=5 terminals=1 R3 indexed=false
=== RUN   TestNativeRawGraphCheckpointAudit/R3/indexedtrue
    graph_checkpoint_native_test.go:112: RAW_CHECKPOINT_AUDIT stage=unpublished entries=4 terminals=0 R3 indexed=true
    graph_checkpoint_native_test.go:116: RAW_CHECKPOINT_AUDIT stage=published entries=4 terminals=0 R3 indexed=true
    graph_checkpoint_native_test.go:120: RAW_CHECKPOINT_AUDIT stage=archived entries=4 terminals=0 R3 indexed=true
    graph_checkpoint_native_test.go:130: RAW_CHECKPOINT_AUDIT stage=terminal entries=5 terminals=1 R3 indexed=true
--- PASS: TestNativeRawGraphCheckpointAudit (17.39s)
    --- PASS: TestNativeRawGraphCheckpointAudit/R1/indexedfalse (2.66s)
    --- PASS: TestNativeRawGraphCheckpointAudit/R1/indexedtrue (3.81s)
    --- PASS: TestNativeRawGraphCheckpointAudit/R3/indexedfalse (5.44s)
    --- PASS: TestNativeRawGraphCheckpointAudit/R3/indexedtrue (5.47s)
PASS
ok  	js-wf/integrity	19.025s
