=== RUN   TestNativeGraphOwnedGrantRenewalCostAndRecovery
=== RUN   TestNativeGraphOwnedGrantRenewalCostAndRecovery/R1
    nats_owned_renewal_cost_test.go:144: NATIVE_OWNED_INPUT replicas=1 grants=1000 elapsed=5.725110187s
    nats_owned_renewal_cost_test.go:144: NATIVE_OWNED_INPUT replicas=1 grants=2000 elapsed=11.449046964s
    nats_owned_renewal_cost_test.go:144: NATIVE_OWNED_INPUT replicas=1 grants=3000 elapsed=17.093216268s
    nats_owned_renewal_cost_test.go:144: NATIVE_OWNED_INPUT replicas=1 grants=4000 elapsed=22.417484868s
    nats_owned_renewal_cost_test.go:144: NATIVE_OWNED_INPUT replicas=1 grants=5000 elapsed=28.29309367s
    nats_owned_renewal_cost_test.go:144: NATIVE_OWNED_INPUT replicas=1 grants=6000 elapsed=34.752838617s
    nats_owned_renewal_cost_test.go:144: NATIVE_OWNED_INPUT replicas=1 grants=7000 elapsed=40.459597607s
    nats_owned_renewal_cost_test.go:144: NATIVE_OWNED_INPUT replicas=1 grants=8000 elapsed=46.119509647s
    nats_owned_renewal_cost_test.go:144: NATIVE_OWNED_INPUT replicas=1 grants=9000 elapsed=51.845082993s
    nats_owned_renewal_cost_test.go:144: NATIVE_OWNED_INPUT replicas=1 grants=10000 elapsed=57.496793689s
    nats_owned_renewal_cost_test.go:144: NATIVE_OWNED_INPUT replicas=1 grants=11000 elapsed=1m3.239608182s
    nats_owned_renewal_cost_test.go:144: NATIVE_OWNED_INPUT replicas=1 grants=12000 elapsed=1m8.841209986s
    nats_owned_renewal_cost_test.go:144: NATIVE_OWNED_INPUT replicas=1 grants=13000 elapsed=1m15.118595944s
    nats_owned_renewal_cost_test.go:144: NATIVE_OWNED_INPUT replicas=1 grants=14000 elapsed=1m20.602656613s
    nats_owned_renewal_cost_test.go:144: NATIVE_OWNED_INPUT replicas=1 grants=15000 elapsed=1m26.948901564s
    nats_owned_renewal_cost_test.go:144: NATIVE_OWNED_INPUT replicas=1 grants=16000 elapsed=1m32.873801876s
    nats_owned_renewal_cost_test.go:144: NATIVE_OWNED_INPUT replicas=1 grants=17000 elapsed=1m38.771478191s
    nats_owned_renewal_cost_test.go:144: NATIVE_OWNED_INPUT replicas=1 grants=18000 elapsed=1m44.838870657s
    nats_owned_renewal_cost_test.go:144: NATIVE_OWNED_INPUT replicas=1 grants=19000 elapsed=1m50.454197722s
    nats_owned_renewal_cost_test.go:144: NATIVE_OWNED_INPUT replicas=1 grants=20000 elapsed=1m55.963692643s
    nats_owned_renewal_cost_test.go:144: NATIVE_OWNED_INPUT replicas=1 grants=21000 elapsed=2m1.576841938s
    nats_owned_renewal_cost_test.go:144: NATIVE_OWNED_INPUT replicas=1 grants=22000 elapsed=2m7.362585713s
    nats_owned_renewal_cost_test.go:144: NATIVE_OWNED_INPUT replicas=1 grants=23000 elapsed=2m13.162156888s
    nats_owned_renewal_cost_test.go:144: NATIVE_OWNED_INPUT replicas=1 grants=24000 elapsed=2m19.12244649s
    nats_owned_renewal_cost_test.go:144: NATIVE_OWNED_INPUT replicas=1 grants=25000 elapsed=2m25.377554294s
    nats_owned_renewal_cost_test.go:144: NATIVE_OWNED_INPUT replicas=1 grants=26000 elapsed=2m33.709916033s
    nats_owned_renewal_cost_test.go:144: NATIVE_OWNED_INPUT replicas=1 grants=27000 elapsed=2m39.829035176s
    nats_owned_renewal_cost_test.go:144: NATIVE_OWNED_INPUT replicas=1 grants=28000 elapsed=2m45.880987336s
    nats_owned_renewal_cost_test.go:144: NATIVE_OWNED_INPUT replicas=1 grants=29000 elapsed=2m53.018553903s
    nats_owned_renewal_cost_test.go:144: NATIVE_OWNED_INPUT replicas=1 grants=30000 elapsed=3m0.76484566s
    nats_owned_renewal_cost_test.go:144: NATIVE_OWNED_INPUT replicas=1 grants=31000 elapsed=3m8.319333065s
    nats_owned_renewal_cost_test.go:144: NATIVE_OWNED_INPUT replicas=1 grants=32000 elapsed=3m17.11498228s
    nats_owned_renewal_cost_test.go:144: NATIVE_OWNED_INPUT replicas=1 grants=33000 elapsed=3m24.852867408s
    nats_owned_renewal_cost_test.go:144: NATIVE_OWNED_INPUT replicas=1 grants=34000 elapsed=3m31.481093342s
    nats_owned_renewal_cost_test.go:144: NATIVE_OWNED_INPUT replicas=1 grants=35000 elapsed=3m37.545464797s
    nats_owned_renewal_cost_test.go:144: NATIVE_OWNED_INPUT replicas=1 grants=36000 elapsed=3m44.739470845s
    nats_owned_renewal_cost_test.go:144: NATIVE_OWNED_INPUT replicas=1 grants=37000 elapsed=3m54.129605746s
    nats_owned_renewal_cost_test.go:144: NATIVE_OWNED_INPUT replicas=1 grants=38000 elapsed=4m2.304677983s
    nats_owned_renewal_cost_test.go:144: NATIVE_OWNED_INPUT replicas=1 grants=39000 elapsed=4m9.903718167s
    nats_owned_renewal_cost_test.go:144: NATIVE_OWNED_INPUT replicas=1 grants=40000 elapsed=4m19.201012608s
    nats_owned_renewal_cost_test.go:144: NATIVE_OWNED_INPUT replicas=1 grants=41000 elapsed=4m28.120889123s
    nats_owned_renewal_cost_test.go:144: NATIVE_OWNED_INPUT replicas=1 grants=42000 elapsed=4m35.56040083s
    nats_owned_renewal_cost_test.go:144: NATIVE_OWNED_INPUT replicas=1 grants=43000 elapsed=4m43.138058177s
    nats_owned_renewal_cost_test.go:144: NATIVE_OWNED_INPUT replicas=1 grants=44000 elapsed=4m55.002365537s
    nats_owned_renewal_cost_test.go:144: NATIVE_OWNED_INPUT replicas=1 grants=45000 elapsed=5m6.135443066s
    nats_owned_renewal_cost_test.go:144: NATIVE_OWNED_INPUT replicas=1 grants=46000 elapsed=5m17.912598045s
    nats_owned_renewal_cost_test.go:144: NATIVE_OWNED_INPUT replicas=1 grants=47000 elapsed=5m27.721095172s
    nats_owned_renewal_cost_test.go:144: NATIVE_OWNED_INPUT replicas=1 grants=48000 elapsed=5m37.201080942s
    nats_owned_renewal_cost_test.go:144: NATIVE_OWNED_INPUT replicas=1 grants=49000 elapsed=5m45.358186402s
    nats_owned_renewal_cost_test.go:144: NATIVE_OWNED_INPUT replicas=1 grants=50000 elapsed=5m52.522886264s
    nats_owned_renewal_cost_test.go:144: NATIVE_OWNED_INPUT replicas=1 grants=51000 elapsed=5m59.740556377s
    nats_owned_renewal_cost_test.go:144: NATIVE_OWNED_INPUT replicas=1 grants=52000 elapsed=6m7.109545789s
    nats_owned_renewal_cost_test.go:144: NATIVE_OWNED_INPUT replicas=1 grants=53000 elapsed=6m14.454927224s
    nats_owned_renewal_cost_test.go:144: NATIVE_OWNED_INPUT replicas=1 grants=54000 elapsed=6m21.628720435s
    nats_owned_renewal_cost_test.go:144: NATIVE_OWNED_INPUT replicas=1 grants=55000 elapsed=6m28.829408921s
    nats_owned_renewal_cost_test.go:144: NATIVE_OWNED_INPUT replicas=1 grants=56000 elapsed=6m37.948315399s
    nats_owned_renewal_cost_test.go:144: NATIVE_OWNED_INPUT replicas=1 grants=57000 elapsed=6m46.023498218s
    nats_owned_renewal_cost_test.go:144: NATIVE_OWNED_INPUT replicas=1 grants=58000 elapsed=6m53.099380829s
    nats_owned_renewal_cost_test.go:144: NATIVE_OWNED_INPUT replicas=1 grants=59000 elapsed=7m0.678365006s
    nats_owned_renewal_cost_test.go:144: NATIVE_OWNED_INPUT replicas=1 grants=60000 elapsed=7m8.822525264s
    nats_owned_renewal_cost_test.go:144: NATIVE_OWNED_INPUT replicas=1 grants=61000 elapsed=7m16.42675409s
    nats_owned_renewal_cost_test.go:144: NATIVE_OWNED_INPUT replicas=1 grants=62000 elapsed=7m24.015077123s
    nats_owned_renewal_cost_test.go:144: NATIVE_OWNED_INPUT replicas=1 grants=63000 elapsed=7m31.203251466s
    nats_owned_renewal_cost_test.go:144: NATIVE_OWNED_INPUT replicas=1 grants=64000 elapsed=7m38.227631137s
    nats_owned_renewal_cost_test.go:144: NATIVE_OWNED_INPUT replicas=1 grants=65000 elapsed=7m46.30634331s
    nats_owned_renewal_cost_test.go:144: NATIVE_OWNED_INPUT replicas=1 grants=66000 elapsed=7m54.894914459s
    nats_owned_renewal_cost_test.go:144: NATIVE_OWNED_INPUT replicas=1 grants=67000 elapsed=8m2.718908225s
    nats_owned_renewal_cost_test.go:144: NATIVE_OWNED_INPUT replicas=1 grants=68000 elapsed=8m10.817712188s
    nats_owned_renewal_cost_test.go:144: NATIVE_OWNED_INPUT replicas=1 grants=69000 elapsed=8m18.673336646s
    nats_owned_renewal_cost_test.go:144: NATIVE_OWNED_INPUT replicas=1 grants=70000 elapsed=8m26.127284448s
    nats_owned_renewal_cost_test.go:144: NATIVE_OWNED_INPUT replicas=1 grants=71000 elapsed=8m33.557118614s
    nats_owned_renewal_cost_test.go:144: NATIVE_OWNED_INPUT replicas=1 grants=72000 elapsed=8m40.770993347s
    nats_owned_renewal_cost_test.go:144: NATIVE_OWNED_INPUT replicas=1 grants=73000 elapsed=8m47.935222143s
    nats_owned_renewal_cost_test.go:144: NATIVE_OWNED_INPUT replicas=1 grants=74000 elapsed=8m55.270452921s
    nats_owned_renewal_cost_test.go:144: NATIVE_OWNED_INPUT replicas=1 grants=75000 elapsed=9m1.971464442s
    nats_owned_renewal_cost_test.go:144: NATIVE_OWNED_INPUT replicas=1 grants=76000 elapsed=9m9.46625393s
    nats_owned_renewal_cost_test.go:144: NATIVE_OWNED_INPUT replicas=1 grants=77000 elapsed=9m16.605829429s
    nats_owned_renewal_cost_test.go:144: NATIVE_OWNED_INPUT replicas=1 grants=78000 elapsed=9m24.560667581s
    nats_owned_renewal_cost_test.go:144: NATIVE_OWNED_INPUT replicas=1 grants=79000 elapsed=9m31.840470845s
    nats_owned_renewal_cost_test.go:144: NATIVE_OWNED_INPUT replicas=1 grants=80000 elapsed=9m42.049531337s
    nats_owned_renewal_cost_test.go:144: NATIVE_OWNED_INPUT replicas=1 grants=81000 elapsed=9m49.461516854s
    nats_owned_renewal_cost_test.go:144: NATIVE_OWNED_INPUT replicas=1 grants=82000 elapsed=9m56.954110343s
    nats_owned_renewal_cost_test.go:144: NATIVE_OWNED_INPUT replicas=1 grants=83000 elapsed=10m4.361422566s
    nats_owned_renewal_cost_test.go:144: NATIVE_OWNED_INPUT replicas=1 grants=84000 elapsed=10m11.862816193s
    nats_owned_renewal_cost_test.go:144: NATIVE_OWNED_INPUT replicas=1 grants=85000 elapsed=10m19.368117177s
    nats_owned_renewal_cost_test.go:144: NATIVE_OWNED_INPUT replicas=1 grants=86000 elapsed=10m27.041873961s
    nats_owned_renewal_cost_test.go:144: NATIVE_OWNED_INPUT replicas=1 grants=87000 elapsed=10m34.021722449s
    nats_owned_renewal_cost_test.go:144: NATIVE_OWNED_INPUT replicas=1 grants=88000 elapsed=10m40.40879372s
    nats_owned_renewal_cost_test.go:144: NATIVE_OWNED_INPUT replicas=1 grants=89000 elapsed=10m47.522176226s
    nats_owned_renewal_cost_test.go:144: NATIVE_OWNED_INPUT replicas=1 grants=90000 elapsed=10m54.724028197s
    nats_owned_renewal_cost_test.go:144: NATIVE_OWNED_INPUT replicas=1 grants=91000 elapsed=11m1.660803155s
    nats_owned_renewal_cost_test.go:144: NATIVE_OWNED_INPUT replicas=1 grants=92000 elapsed=11m9.566866731s
    nats_owned_renewal_cost_test.go:144: NATIVE_OWNED_INPUT replicas=1 grants=93000 elapsed=11m16.733121998s
    nats_owned_renewal_cost_test.go:144: NATIVE_OWNED_INPUT replicas=1 grants=94000 elapsed=11m24.017830976s
    nats_owned_renewal_cost_test.go:144: NATIVE_OWNED_INPUT replicas=1 grants=95000 elapsed=11m31.417362806s
    nats_owned_renewal_cost_test.go:144: NATIVE_OWNED_INPUT replicas=1 grants=96000 elapsed=11m38.844805293s
    nats_owned_renewal_cost_test.go:144: NATIVE_OWNED_INPUT replicas=1 grants=97000 elapsed=11m46.429783913s
    nats_owned_renewal_cost_test.go:144: NATIVE_OWNED_INPUT replicas=1 grants=98000 elapsed=11m53.762190634s
    nats_owned_renewal_cost_test.go:144: NATIVE_OWNED_INPUT replicas=1 grants=99000 elapsed=12m1.218456314s
    nats_owned_renewal_cost_test.go:144: NATIVE_OWNED_INPUT replicas=1 grants=100000 elapsed=12m9.359416297s
    nats_owned_renewal_cost_test.go:250: NATIVE_OWNED_PROGRESS replicas=1 examined=12800 renewed=12800 elapsed=6m45.678176962s
    nats_owned_renewal_cost_test.go:250: NATIVE_OWNED_PROGRESS replicas=1 examined=25600 renewed=25600 elapsed=12m13.504153352s
    nats_owned_renewal_cost_test.go:250: NATIVE_OWNED_PROGRESS replicas=1 examined=38400 renewed=38400 elapsed=17m54.467431173s
    nats_owned_renewal_cost_test.go:250: NATIVE_OWNED_PROGRESS replicas=1 examined=51200 renewed=51200 elapsed=23m29.248711987s
    nats_owned_renewal_cost_test.go:250: NATIVE_OWNED_PROGRESS replicas=1 examined=64000 renewed=64000 elapsed=28m53.580230285s
    nats_owned_renewal_cost_test.go:250: NATIVE_OWNED_PROGRESS replicas=1 examined=76800 renewed=76800 elapsed=34m14.908184992s
    nats_owned_renewal_cost_test.go:250: NATIVE_OWNED_PROGRESS replicas=1 examined=89600 renewed=89600 elapsed=39m41.426455108s
    nats_owned_renewal_cost_test.go:279: NATIVE_OWNED_COST replicas=1 orphan_grants=100000 initial_grants=6 total_grants=100006 examined=100007 renewed=100006 partial=128 batches=782 provision_wall=12m9.359540887s recovery_renewal_wall=44m7.30873008s original_remaining=2h47m50.442220089s max_batch=6.4892298s roots=301850 blob_reads=100136 blob_writes=100006 marker_witnesses=100136 restarted=all_peers lost_ack=committed portable_input=true actual_100000_entries=false
--- PASS: TestNativeGraphOwnedGrantRenewalCostAndRecovery (3726.55s)
    --- PASS: TestNativeGraphOwnedGrantRenewalCostAndRecovery/R1 (3726.55s)
PASS
ok  	js-wf/internal/graphpublication	3727.627s
