=== RUN   TestNativeGraphReconcileTerminalProjection
=== RUN   TestNativeGraphReconcileTerminalProjection/R1
    graph_terminal_native_test.go:93: native terminal phase repair=false audit=false
    graph_terminal_native_test.go:93: native terminal phase repair=true audit=false
    graph_terminal_native_test.go:93: native terminal phase repair=true audit=false
    graph_terminal_native_test.go:93: native terminal phase repair=true audit=true
    graph_terminal_native_test.go:99: native terminal event stage=execution_retry repair=true audit=true error=terminal result changed for catalog.terminal77
    graph_terminal_native_test.go:102: native terminal NAK repair=true audit=true error=
    graph_terminal_native_test.go:99: native terminal event stage=execution_retry repair=true audit=true error=terminal result changed for catalog.terminal77
    graph_terminal_native_test.go:102: native terminal NAK repair=true audit=true error=
    graph_terminal_native_test.go:99: native terminal event stage=execution_retry repair=true audit=true error=terminal result changed for catalog.terminal77
    graph_terminal_native_test.go:102: native terminal NAK repair=true audit=true error=
    graph_terminal_native_test.go:99: native terminal event stage=execution_retry repair=true audit=true error=terminal result changed for catalog.terminal77
    graph_terminal_native_test.go:102: native terminal NAK repair=true audit=true error=
    graph_terminal_native_test.go:99: native terminal event stage=execution_retry repair=true audit=true error=terminal result changed for catalog.terminal77
    graph_terminal_native_test.go:102: native terminal NAK repair=true audit=true error=
    graph_terminal_native_test.go:197: audit failed to repair present projection <nil>
--- FAIL: TestNativeGraphReconcileTerminalProjection (5.88s)
    --- FAIL: TestNativeGraphReconcileTerminalProjection/R1 (5.88s)
FAIL
FAIL	js-wf/reconcile	5.894s
FAIL
