=== RUN   TestTerminalProjectionAuditPurgeAndMalformedBounds
--- PASS: TestTerminalProjectionAuditPurgeAndMalformedBounds (0.00s)
=== RUN   TestNativeGraphReconcileTerminalProjection
=== RUN   TestNativeGraphReconcileTerminalProjection/R1
    graph_terminal_native_test.go:93: native terminal phase repair=false audit=false
    graph_terminal_native_test.go:93: native terminal phase repair=true audit=false
    graph_terminal_native_test.go:93: native terminal phase repair=true audit=false
    graph_terminal_native_test.go:93: native terminal phase repair=true audit=true
    graph_terminal_native_test.go:93: native terminal phase repair=true audit=true
    graph_terminal_native_test.go:204: reopened fenced graph-terminal loop restored two deleted projections inside dedup window; exact terminal bytes, unchanged journal, effect one
=== RUN   TestNativeGraphReconcileTerminalProjection/R3
    graph_terminal_native_test.go:93: native terminal phase repair=false audit=false
    graph_terminal_native_test.go:93: native terminal phase repair=true audit=false
    graph_terminal_native_test.go:93: native terminal phase repair=true audit=false
    graph_terminal_native_test.go:93: native terminal phase repair=true audit=true
    graph_terminal_native_test.go:93: native terminal phase repair=true audit=true
    graph_terminal_native_test.go:204: reopened fenced graph-terminal loop restored two deleted projections inside dedup window; exact terminal bytes, unchanged journal, effect one
--- PASS: TestNativeGraphReconcileTerminalProjection (15.54s)
    --- PASS: TestNativeGraphReconcileTerminalProjection/R1 (4.20s)
    --- PASS: TestNativeGraphReconcileTerminalProjection/R3 (11.34s)
PASS
ok  	js-wf/reconcile	16.609s
