=== RUN   TestPinnedRegressionCorpus
=== RUN   TestPinnedRegressionCorpus/graph-terminal-audit-corrupt-present.json
=== RUN   TestPinnedRegressionCorpus/graph-terminal-audit-dry-run.json
=== RUN   TestPinnedRegressionCorpus/graph-terminal-audit-enqueue-drop.json
=== RUN   TestPinnedRegressionCorpus/graph-terminal-audit-enqueue-lost-ack.json
=== RUN   TestPinnedRegressionCorpus/graph-terminal-audit-failed-terminal.json
=== RUN   TestPinnedRegressionCorpus/graph-terminal-audit-lease-free-corrupt.json
=== RUN   TestPinnedRegressionCorpus/graph-terminal-audit-lookup-unknown.json
=== RUN   TestPinnedRegressionCorpus/graph-terminal-audit-present.json
=== RUN   TestPinnedRegressionCorpus/graph-terminal-audit-purge-marker.json
=== RUN   TestPinnedRegressionCorpus/graph-terminal-audit-repeat-corrupt.json
=== RUN   TestPinnedRegressionCorpus/graph-terminal-audit-retired.json
=== RUN   TestPinnedRegressionCorpus/graph-terminal-catalog-catalog_unknown.json
=== RUN   TestPinnedRegressionCorpus/graph-terminal-catalog-dry_run.json
=== RUN   TestPinnedRegressionCorpus/graph-terminal-catalog-enqueue_drop.json
=== RUN   TestPinnedRegressionCorpus/graph-terminal-catalog-enqueue_lost_ack.json
=== RUN   TestPinnedRegressionCorpus/graph-terminal-catalog-failed_terminal.json
=== RUN   TestPinnedRegressionCorpus/graph-terminal-catalog-healthy.json
=== RUN   TestPinnedRegressionCorpus/graph-terminal-catalog-lookup_unknown.json
=== RUN   TestPinnedRegressionCorpus/graph-terminal-catalog-present.json
=== RUN   TestPinnedRegressionCorpus/graph-terminal-catalog-purge_marker.json
=== RUN   TestPinnedRegressionCorpus/graph-terminal-catalog-repeat_delete.json
=== RUN   TestPinnedRegressionCorpus/graph-terminal-catalog-retired.json
=== RUN   TestPinnedRegressionCorpus/graph-terminal-catalog-watermark_unknown.json
--- PASS: TestPinnedRegressionCorpus (1.69s)
    --- PASS: TestPinnedRegressionCorpus/graph-terminal-audit-corrupt-present.json (0.08s)
    --- PASS: TestPinnedRegressionCorpus/graph-terminal-audit-dry-run.json (0.07s)
    --- PASS: TestPinnedRegressionCorpus/graph-terminal-audit-enqueue-drop.json (0.04s)
    --- PASS: TestPinnedRegressionCorpus/graph-terminal-audit-enqueue-lost-ack.json (0.08s)
    --- PASS: TestPinnedRegressionCorpus/graph-terminal-audit-failed-terminal.json (0.03s)
    --- PASS: TestPinnedRegressionCorpus/graph-terminal-audit-lease-free-corrupt.json (0.08s)
    --- PASS: TestPinnedRegressionCorpus/graph-terminal-audit-lookup-unknown.json (0.08s)
    --- PASS: TestPinnedRegressionCorpus/graph-terminal-audit-present.json (0.04s)
    --- PASS: TestPinnedRegressionCorpus/graph-terminal-audit-purge-marker.json (0.06s)
    --- PASS: TestPinnedRegressionCorpus/graph-terminal-audit-repeat-corrupt.json (0.09s)
    --- PASS: TestPinnedRegressionCorpus/graph-terminal-audit-retired.json (0.03s)
    --- PASS: TestPinnedRegressionCorpus/graph-terminal-catalog-catalog_unknown.json (0.08s)
    --- PASS: TestPinnedRegressionCorpus/graph-terminal-catalog-dry_run.json (0.08s)
    --- PASS: TestPinnedRegressionCorpus/graph-terminal-catalog-enqueue_drop.json (0.04s)
    --- PASS: TestPinnedRegressionCorpus/graph-terminal-catalog-enqueue_lost_ack.json (0.09s)
    --- PASS: TestPinnedRegressionCorpus/graph-terminal-catalog-failed_terminal.json (0.08s)
    --- PASS: TestPinnedRegressionCorpus/graph-terminal-catalog-healthy.json (0.09s)
    --- PASS: TestPinnedRegressionCorpus/graph-terminal-catalog-lookup_unknown.json (0.09s)
    --- PASS: TestPinnedRegressionCorpus/graph-terminal-catalog-present.json (0.03s)
    --- PASS: TestPinnedRegressionCorpus/graph-terminal-catalog-purge_marker.json (0.07s)
    --- PASS: TestPinnedRegressionCorpus/graph-terminal-catalog-repeat_delete.json (0.04s)
    --- PASS: TestPinnedRegressionCorpus/graph-terminal-catalog-retired.json (0.07s)
    --- PASS: TestPinnedRegressionCorpus/graph-terminal-catalog-watermark_unknown.json (0.03s)
PASS
ok  	js-wf/sim	2.704s
