=== RUN   TestMixedMatrixJournalLeaderEveryThirtySeconds
    mixed_matrix_leader_test.go:83: mixed batch=1 elapsed=5.114186801s
    mixed_matrix_leader_test.go:83: mixed batch=2 elapsed=9.13153147s
    mixed_matrix_leader_test.go:83: mixed batch=3 elapsed=13.140090207s
    mixed_matrix_leader_test.go:83: mixed batch=4 elapsed=17.1500766s
    mixed_matrix_leader_test.go:83: mixed batch=5 elapsed=21.158460482s
    mixed_matrix_leader_test.go:83: mixed batch=6 elapsed=26.366648316s
    mixed_matrix_leader_test.go:596: journal_leader fault node=2 nodes=[] worker= pid=0 active_leases=0 routes=[0 0 0] majority_seq=0 consumer= pending=0 ack_pending=0 scheduled=30s killed=30.003522546s healed=35.32505185s
    mixed_matrix_leader_test.go:83: mixed batch=7 elapsed=36.977143427s
    mixed_matrix_leader_test.go:83: mixed batch=8 elapsed=42.289280692s
    mixed_matrix_leader_test.go:83: mixed batch=9 elapsed=47.356775859s
    mixed_matrix_leader_test.go:83: mixed batch=10 elapsed=52.567768875s
    mixed_matrix_leader_test.go:620: checkpoint audit batch=10 invocation_cutoff=280 started elapsed=52.56787082s
    mixed_matrix_leader_test.go:632: checkpoint audit batch=10 complete report={Invocations:280 Journals:280 Entries:3099 Terminal:280} elapsed=52.830507492s
    mixed_matrix_leader_test.go:83: mixed batch=11 elapsed=57.64662129s
    mixed_matrix_leader_test.go:596: journal_leader fault node=1 nodes=[] worker= pid=0 active_leases=0 routes=[0 0 0] majority_seq=0 consumer= pending=0 ack_pending=0 scheduled=1m0s killed=1m0.002049705s healed=1m5.32357159s
    mixed_matrix_leader_test.go:83: mixed batch=12 elapsed=1m9.55839628s
    mixed_matrix_leader_test.go:83: mixed batch=13 elapsed=1m14.775560506s
    mixed_matrix_leader_test.go:83: mixed batch=14 elapsed=1m19.98340748s
    mixed_matrix_leader_test.go:83: mixed batch=15 elapsed=1m25.149786948s
    mixed_matrix_leader_test.go:596: journal_leader fault node=0 nodes=[] worker= pid=0 active_leases=0 routes=[0 0 0] majority_seq=0 consumer= pending=0 ack_pending=0 scheduled=1m30s killed=1m30.003858399s healed=1m33.224135179s
    mixed_matrix_leader_test.go:83: mixed batch=16 elapsed=1m37.357777421s
    mixed_matrix_leader_test.go:83: mixed batch=17 elapsed=1m46.367899721s
    mixed_matrix_leader_test.go:83: mixed batch=18 elapsed=1m51.583418808s
    mixed_matrix_leader_test.go:83: mixed batch=19 elapsed=1m56.793794925s
    mixed_matrix_leader_test.go:596: journal_leader fault node=2 nodes=[] worker= pid=0 active_leases=0 routes=[0 0 0] majority_seq=0 consumer= pending=0 ack_pending=0 scheduled=2m0s killed=2m0.002685157s healed=2m6.421004053s
    mixed_matrix_leader_test.go:83: mixed batch=20 elapsed=2m7.203359264s
    mixed_matrix_leader_test.go:620: checkpoint audit batch=20 invocation_cutoff=560 started elapsed=2m7.20344854s
    mixed_matrix_leader_test.go:632: checkpoint audit batch=20 complete report={Invocations:560 Journals:560 Entries:6195 Terminal:560} elapsed=2m7.6714423s
    mixed_matrix_leader_test.go:83: mixed batch=21 elapsed=2m12.734746361s
    mixed_matrix_leader_test.go:83: mixed batch=22 elapsed=2m17.944133263s
    mixed_matrix_leader_test.go:83: mixed batch=23 elapsed=2m23.151894972s
    mixed_matrix_leader_test.go:83: mixed batch=24 elapsed=2m28.360968238s
    mixed_matrix_leader_test.go:596: journal_leader fault node=2 nodes=[] worker= pid=0 active_leases=0 routes=[0 0 0] majority_seq=0 consumer= pending=0 ack_pending=0 scheduled=2m30s killed=2m30.011213421s healed=2m35.380823339s
    mixed_matrix_leader_test.go:83: mixed batch=25 elapsed=2m39.07339356s
    mixed_matrix_leader_test.go:83: mixed batch=26 elapsed=2m44.281805766s
    mixed_matrix_leader_test.go:83: mixed batch=27 elapsed=2m49.487985697s
    mixed_matrix_leader_test.go:83: mixed batch=28 elapsed=2m54.703888975s
    mixed_matrix_leader_test.go:83: mixed batch=29 elapsed=2m59.754720301s
    mixed_matrix_leader_test.go:596: journal_leader fault node=1 nodes=[] worker= pid=0 active_leases=0 routes=[0 0 0] majority_seq=0 consumer= pending=0 ack_pending=0 scheduled=3m0s killed=3m0.003683639s healed=3m5.375012692s
    mixed_matrix_leader_test.go:83: mixed batch=30 elapsed=3m10.663790967s
    mixed_matrix_leader_test.go:620: checkpoint audit batch=30 invocation_cutoff=840 started elapsed=3m10.663933273s
    mixed_matrix_leader_test.go:632: checkpoint audit batch=30 complete report={Invocations:840 Journals:840 Entries:9284 Terminal:840} elapsed=3m11.494365606s
    mixed_matrix_leader_test.go:83: mixed batch=31 elapsed=3m15.971041895s
    mixed_matrix_leader_test.go:83: mixed batch=32 elapsed=3m21.177981911s
    mixed_matrix_leader_test.go:83: mixed batch=33 elapsed=3m26.388035665s
    mixed_matrix_leader_test.go:596: journal_leader fault node=2 nodes=[] worker= pid=0 active_leases=0 routes=[0 0 0] majority_seq=0 consumer= pending=0 ack_pending=0 scheduled=3m30s killed=3m30.003854102s healed=3m35.378331131s
    mixed_matrix_leader_test.go:83: mixed batch=34 elapsed=3m36.995613651s
    mixed_matrix_leader_test.go:83: mixed batch=35 elapsed=3m42.202063603s
    mixed_matrix_leader_test.go:83: mixed batch=36 elapsed=3m47.41075573s
    mixed_matrix_leader_test.go:83: mixed batch=37 elapsed=3m52.618429403s
    mixed_matrix_leader_test.go:83: mixed batch=38 elapsed=3m57.826015089s
    mixed_matrix_leader_test.go:596: journal_leader fault node=2 nodes=[] worker= pid=0 active_leases=0 routes=[0 0 0] majority_seq=0 consumer= pending=0 ack_pending=0 scheduled=4m0s killed=4m0.002225473s healed=4m5.320923642s
    mixed_matrix_leader_test.go:83: mixed batch=39 elapsed=4m8.544783118s
    mixed_matrix_leader_test.go:83: mixed batch=40 elapsed=4m18.752162522s
    mixed_matrix_leader_test.go:620: checkpoint audit batch=40 invocation_cutoff=1120 started elapsed=4m18.752281633s
    mixed_matrix_leader_test.go:632: checkpoint audit batch=40 complete report={Invocations:1120 Journals:1120 Entries:12370 Terminal:1120} elapsed=4m19.631493676s
    mixed_matrix_leader_test.go:83: mixed batch=41 elapsed=4m24.064378709s
    mixed_matrix_leader_test.go:83: mixed batch=42 elapsed=4m29.279260657s
    mixed_matrix_leader_test.go:596: journal_leader fault node=0 nodes=[] worker= pid=0 active_leases=0 routes=[0 0 0] majority_seq=0 consumer= pending=0 ack_pending=0 scheduled=4m30s killed=4m30.00184418s healed=4m35.32390141s
    mixed_matrix_leader_test.go:83: mixed batch=43 elapsed=4m43.687552342s
    mixed_matrix_leader_test.go:83: mixed batch=44 elapsed=4m48.89521111s
    mixed_matrix_leader_test.go:83: mixed batch=45 elapsed=4m54.1006422s
    mixed_matrix_leader_test.go:83: mixed batch=46 elapsed=4m59.305068679s
    mixed_matrix_leader_test.go:596: journal_leader fault node=0 nodes=[] worker= pid=0 active_leases=0 routes=[0 0 0] majority_seq=0 consumer= pending=0 ack_pending=0 scheduled=5m0s killed=5m0.001904467s healed=5m7.423321297s
    mixed_matrix_leader_test.go:83: mixed batch=47 elapsed=5m12.015613158s
    mixed_matrix_leader_test.go:83: mixed batch=48 elapsed=5m16.169865484s
    mixed_matrix_leader_test.go:83: mixed batch=49 elapsed=5m21.076884366s
    mixed_matrix_leader_test.go:83: mixed batch=50 elapsed=5m24.986608383s
    mixed_matrix_leader_test.go:620: checkpoint audit batch=50 invocation_cutoff=1400 started elapsed=5m24.986728115s
    mixed_matrix_leader_test.go:632: checkpoint audit batch=50 complete report={Invocations:1400 Journals:1400 Entries:15453 Terminal:1400} elapsed=5m26.488508889s
    mixed_matrix_leader_test.go:83: mixed batch=51 elapsed=5m29.001086283s
    mixed_matrix_leader_test.go:596: journal_leader fault node=0 nodes=[] worker= pid=0 active_leases=0 routes=[0 0 0] majority_seq=0 consumer= pending=0 ack_pending=0 scheduled=5m30s killed=5m30.004859861s healed=5m37.426477917s
    mixed_matrix_leader_test.go:83: mixed batch=52 elapsed=5m39.809919683s
    mixed_matrix_leader_test.go:83: mixed batch=53 elapsed=5m45.016804407s
    mixed_matrix_leader_test.go:83: mixed batch=54 elapsed=5m50.227207623s
    mixed_matrix_leader_test.go:83: mixed batch=55 elapsed=5m55.437505034s
    mixed_matrix_leader_test.go:596: journal_leader fault node=0 nodes=[] worker= pid=0 active_leases=0 routes=[0 0 0] majority_seq=0 consumer= pending=0 ack_pending=0 scheduled=6m0s killed=6m0.002691122s healed=6m4.327013993s
    mixed_matrix_leader_test.go:83: mixed batch=56 elapsed=6m4.652409288s
    mixed_matrix_leader_test.go:83: mixed batch=57 elapsed=6m9.859324992s
    mixed_matrix_leader_test.go:83: mixed batch=58 elapsed=6m15.064366005s
    mixed_matrix_leader_test.go:83: mixed batch=59 elapsed=6m20.208886188s
    mixed_matrix_leader_test.go:83: mixed batch=60 elapsed=6m25.418358257s
    mixed_matrix_leader_test.go:620: checkpoint audit batch=60 invocation_cutoff=1680 started elapsed=6m25.418476496s
    mixed_matrix_leader_test.go:632: checkpoint audit batch=60 complete report={Invocations:1680 Journals:1680 Entries:18535 Terminal:1680} elapsed=6m26.997613437s
    mixed_matrix_leader_test.go:596: journal_leader fault node=1 nodes=[] worker= pid=0 active_leases=0 routes=[0 0 0] majority_seq=0 consumer= pending=0 ack_pending=0 scheduled=6m30s killed=6m30.004422509s healed=6m34.3288415s
    mixed_matrix_leader_test.go:83: mixed batch=61 elapsed=6m40.729026059s
    mixed_matrix_leader_test.go:83: mixed batch=62 elapsed=6m45.937665371s
    mixed_matrix_leader_test.go:83: mixed batch=63 elapsed=6m51.144894325s
    mixed_matrix_leader_test.go:83: mixed batch=64 elapsed=6m56.350929194s
    mixed_matrix_leader_test.go:596: journal_leader fault node=2 nodes=[] worker= pid=0 active_leases=0 routes=[0 0 0] majority_seq=0 consumer= pending=0 ack_pending=0 scheduled=7m0s killed=7m0.00180064s healed=7m5.372463993s
    mixed_matrix_leader_test.go:83: mixed batch=65 elapsed=7m7.858588014s
    mixed_matrix_leader_test.go:83: mixed batch=66 elapsed=7m12.938717799s
    mixed_matrix_leader_test.go:83: mixed batch=67 elapsed=7m18.153512175s
    mixed_matrix_leader_test.go:83: mixed batch=68 elapsed=7m23.366050405s
    mixed_matrix_leader_test.go:83: mixed batch=69 elapsed=7m28.574318459s
    mixed_matrix_leader_test.go:596: journal_leader fault node=1 nodes=[] worker= pid=0 active_leases=0 routes=[0 0 0] majority_seq=0 consumer= pending=0 ack_pending=0 scheduled=7m30s killed=7m30.002210615s healed=7m34.326156178s
    mixed_matrix_leader_test.go:83: mixed batch=70 elapsed=7m39.286395307s
    mixed_matrix_leader_test.go:620: checkpoint audit batch=70 invocation_cutoff=1960 started elapsed=7m39.286449339s
    mixed_matrix_leader_test.go:632: checkpoint audit batch=70 complete report={Invocations:1960 Journals:1960 Entries:21633 Terminal:1960} elapsed=7m41.136160904s
    mixed_matrix_leader_test.go:83: mixed batch=71 elapsed=7m43.297079363s
    mixed_matrix_leader_test.go:83: mixed batch=72 elapsed=7m48.617995133s
    mixed_matrix_leader_test.go:83: mixed batch=73 elapsed=7m53.926743333s
    mixed_matrix_leader_test.go:83: mixed batch=74 elapsed=7m59.137627623s
    mixed_matrix_leader_test.go:596: journal_leader fault node=2 nodes=[] worker= pid=0 active_leases=0 routes=[0 0 0] majority_seq=0 consumer= pending=0 ack_pending=0 scheduled=8m0s killed=8m0.005019803s healed=8m7.481381795s
    mixed_matrix_leader_test.go:83: mixed batch=75 elapsed=8m9.844738985s
    mixed_matrix_leader_test.go:83: mixed batch=76 elapsed=8m14.910714593s
    mixed_matrix_leader_test.go:83: mixed batch=77 elapsed=8m19.971100925s
    mixed_matrix_leader_test.go:83: mixed batch=78 elapsed=8m25.188349987s
    mixed_matrix_leader_test.go:596: journal_leader fault node=0 nodes=[] worker= pid=0 active_leases=0 routes=[0 0 0] majority_seq=0 consumer= pending=0 ack_pending=0 scheduled=8m30s killed=8m30.002014242s healed=8m37.478266894s
    mixed_matrix_leader_test.go:83: mixed batch=79 elapsed=8m37.895278187s
    mixed_matrix_leader_test.go:83: mixed batch=80 elapsed=8m47.014658431s
    mixed_matrix_leader_test.go:620: checkpoint audit batch=80 invocation_cutoff=2240 started elapsed=8m47.014760826s
    mixed_matrix_leader_test.go:632: checkpoint audit batch=80 complete report={Invocations:2240 Journals:2240 Entries:24721 Terminal:2240} elapsed=8m50.012875385s
    mixed_matrix_leader_test.go:83: mixed batch=81 elapsed=8m52.330746614s
    mixed_matrix_leader_test.go:83: mixed batch=82 elapsed=8m58.186925936s
    mixed_matrix_leader_test.go:596: journal_leader fault node=1 nodes=[] worker= pid=0 active_leases=0 routes=[0 0 0] majority_seq=0 consumer= pending=0 ack_pending=0 scheduled=9m0s killed=9m0.001871283s healed=9m5.325155306s
    mixed_matrix_leader_test.go:83: mixed batch=83 elapsed=9m9.224229469s
    mixed_matrix_leader_test.go:83: mixed batch=84 elapsed=9m14.389292695s
    mixed_matrix_leader_test.go:83: mixed batch=85 elapsed=9m19.700332807s
    mixed_matrix_leader_test.go:83: mixed batch=86 elapsed=9m25.119587137s
    mixed_matrix_leader_test.go:596: journal_leader fault node=0 nodes=[] worker= pid=0 active_leases=0 routes=[0 0 0] majority_seq=0 consumer= pending=0 ack_pending=0 scheduled=9m30s killed=9m30.002972974s healed=9m35.374735002s
    mixed_matrix_leader_test.go:83: mixed batch=87 elapsed=9m36.828733769s
    mixed_matrix_leader_test.go:83: mixed batch=88 elapsed=9m42.838648547s
    mixed_matrix_leader_test.go:83: mixed batch=89 elapsed=9m48.046308351s
    mixed_matrix_leader_test.go:83: mixed batch=90 elapsed=9m53.091648913s
    mixed_matrix_leader_test.go:620: checkpoint audit batch=90 invocation_cutoff=2520 started elapsed=9m53.091717337s
    mixed_matrix_leader_test.go:632: checkpoint audit batch=90 complete report={Invocations:2520 Journals:2520 Entries:27814 Terminal:2520} elapsed=9m54.856889541s
    mixed_matrix_leader_test.go:83: mixed batch=91 elapsed=9m58.40434039s
    mixed_matrix_leader_test.go:83: mixed batch=92 elapsed=10m3.620949957s
    mixed_matrix_leader_test.go:83: MATRIX_RETAINED row=journal_leader report={Invocations:2576 Journals:2576 Entries:28430 Terminal:2576} expected_invocations=2576
    mixed_matrix_leader_test.go:83: MATRIX_RESULT row=journal_leader seed=13 duration=10m0s release_duration=true batches=92 invocations=2576 faults=19 terminal_p99=9.018378726s
    mixed_matrix_leader_test.go:83: MATRIX_CELL type=matrixshort invocations=368 terminal_p99=1.175100616s
    mixed_matrix_leader_test.go:83: MATRIX_PROGRESS type=matrixshort enabled_events=368 progress_p99=1.171426954s progress_max=4.255441306s above_30s=0
    mixed_matrix_leader_test.go:83: MATRIX_CELL type=matrixtimer invocations=276 terminal_p99=7.796913606s
    mixed_matrix_leader_test.go:83: MATRIX_PROGRESS type=matrixtimer enabled_events=2484 progress_p99=7.065443876s progress_max=11.040936262s above_30s=0
    mixed_matrix_leader_test.go:83: MATRIX_CELL type=matrixsignal invocations=184 terminal_p99=11.414692846s
    mixed_matrix_leader_test.go:83: MATRIX_PROGRESS type=matrixsignal enabled_events=1656 progress_p99=2.518590788s progress_max=2.882294578s above_30s=0
    mixed_matrix_leader_test.go:83: MATRIX_CELL type=matrixfanout invocations=92 terminal_p99=15.052394224s
    mixed_matrix_leader_test.go:83: MATRIX_PROGRESS type=matrixfanout enabled_events=1196 progress_p99=86.59295ms progress_max=1.559567919s above_30s=0
    mixed_matrix_leader_test.go:83: MATRIX_CELL type=matrixchild invocations=552 terminal_p99=8.158129887s
    mixed_matrix_leader_test.go:83: MATRIX_PROGRESS type=matrixchild enabled_events=2760 progress_p99=88.428861ms progress_max=5.82635746s above_30s=0
    mixed_matrix_leader_test.go:83: MATRIX_CELL type=matrixgrandchild invocations=1104 terminal_p99=1.239700197s
    mixed_matrix_leader_test.go:83: MATRIX_PROGRESS type=matrixgrandchild enabled_events=1104 progress_p99=1.23687208s progress_max=5.149208316s above_30s=0
--- PASS: TestMixedMatrixJournalLeaderEveryThirtySeconds (628.86s)
PASS
ok  	js-wf/integration	628.870s
