=== RUN   TestWorkerStandaloneCommandsThroughLeaf
=== RUN   TestWorkerStandaloneCommandsThroughLeaf/static
    leaf_standalone_test.go:29: worker domain admitted node=0 domain=WFWORKER server_id=ND4WIOVD5LTBHELSG7BWAZSYDKTPNJB7U74Z5MJDHJQAFBHHMWK5W4CF
    leaf_standalone_test.go:29: worker domain admitted node=1 domain=WFWORKER server_id=NAVZLACWHAITLJ2OCB3DJHWIPDXJAEHU54IYKW7DH2IM3RIVE6WQZV2K
    leaf_standalone_test.go:29: worker domain admitted node=2 domain=WFWORKER server_id=ND2JUYCKCBJX7ATK7CJQEIMAPYPGN2Q2EKKVPLW6EEZ4EPSMXEG3DJQC
    standalone_test.go:166: worker standalone process domain="WFWORKER" pid=23032 signal=SIGTERM exit=0 exe_sha256=67efa6fa3e516e479436c98ce7d29ab608471b13d969a0c79861eb9a2db60201
    leaf_standalone_test.go:194: worker leaf wire: test=TestWorkerStandaloneCommandsThroughLeaf/static local=WFEDGE remote=WFWORKER leaf_pid=23018 connections=1 truncated=false child_bytes=202941
=== RUN   TestWorkerStandaloneCommandsThroughLeaf/kv
    leaf_standalone_test.go:29: worker domain admitted node=0 domain=WFWORKER server_id=NC77VXXMVOXGUOD56QRXZIVL57VKPDPBGZG2QWYB7H3XR4C6ATZPW5N7
    leaf_standalone_test.go:29: worker domain admitted node=1 domain=WFWORKER server_id=NCLPWR2XEUFVKQFCVULKO4IB7UP7GCVNBCTHM224JJ6FNKYYI2LS5YFE
    leaf_standalone_test.go:29: worker domain admitted node=2 domain=WFWORKER server_id=NCQOMKD4I7THRHYAYUDEM6CN442I5EDCX5JTOJ2QBLO7RKF2KYYN3FDN
    standalone_test.go:166: worker standalone process domain="WFWORKER" pid=24204 signal=SIGTERM exit=0 exe_sha256=67efa6fa3e516e479436c98ce7d29ab608471b13d969a0c79861eb9a2db60201
    leaf_standalone_test.go:194: worker leaf wire: test=TestWorkerStandaloneCommandsThroughLeaf/kv local=WFEDGE remote=WFWORKER leaf_pid=24085 connections=1 truncated=false child_bytes=190841
=== RUN   TestWorkerStandaloneCommandsThroughLeaf/auto
    leaf_standalone_test.go:29: worker domain admitted node=0 domain=WFWORKER server_id=NC7SZTHVXNTXEORTMHA6S7N765G6WTIH5D36AHECIFXBE6MPCODBSMED
    leaf_standalone_test.go:29: worker domain admitted node=1 domain=WFWORKER server_id=NCYYB4JSSJY2QBSITFORRZKKOI6BCKSBODERT47NH3VZDVD7BGBLECDR
    leaf_standalone_test.go:29: worker domain admitted node=2 domain=WFWORKER server_id=NCOHMSQ2WWMZKARDN7UNYTGHEBAGL2LJ7IH3YGGNROQIJMFHJHVSHEER
    standalone_test.go:166: worker standalone process domain="WFWORKER" pid=25410 signal=SIGTERM exit=0 exe_sha256=67efa6fa3e516e479436c98ce7d29ab608471b13d969a0c79861eb9a2db60201
    leaf_standalone_test.go:194: worker leaf wire: test=TestWorkerStandaloneCommandsThroughLeaf/auto local=WFEDGE remote=WFWORKER leaf_pid=25396 connections=1 truncated=false child_bytes=477240
--- PASS: TestWorkerStandaloneCommandsThroughLeaf (45.99s)
    --- PASS: TestWorkerStandaloneCommandsThroughLeaf/static (14.11s)
    --- PASS: TestWorkerStandaloneCommandsThroughLeaf/kv (12.11s)
    --- PASS: TestWorkerStandaloneCommandsThroughLeaf/auto (15.10s)
PASS
