CLOSED js-wf-byte-refill-corrected-20261005
CAPTURED js-wf-byte-refill-corrected-20261005 9046765
CLOSED js-wf-soak-journal-batched-24h-20261004
CAPTURED js-wf-soak-journal-batched-24h-20261004 82162113
CLOSED js-wf-tier2-retained-blockdisk-ten-minute-20261005
Traceback (most recent call last):
  File "/tmp/storage-capture-next.py", line 40, in <module>
    proof=fixture_archive.capture(root,raw,out,compresslevel=1)
          ^^^^^^^^^^^^^^^^^^^^^^^^^^^^^^^^^^^^^^^^^^^^^^^^^^^^^
  File "/home/exedev/js-wf/scripts/fixture_archive.py", line 104, in capture
    files = inventory(root)
            ^^^^^^^^^^^^^^^
  File "/home/exedev/js-wf/scripts/fixture_archive.py", line 25, in inventory
    raise ValueError("fixture contains a symlink")
ValueError: fixture contains a symlink
SKIPPED_SYMLINK js-wf-tier2-retained-blockdisk-ten-minute-20261005
CLOSED js-wf-postgres-projection-fault-streaming-50000-20261005
CAPTURED js-wf-postgres-projection-fault-streaming-50000-20261005 75285851
CLOSED js-wf-tier2-retained-workerclock-ten-minute-20261005
CAPTURED js-wf-tier2-retained-workerclock-ten-minute-20261005 149485761
CLOSED js-wf-direct-r1-r5-position-loss-recovery-20261005
CAPTURED js-wf-direct-r1-r5-position-loss-recovery-20261005 51851374
CLOSED js-wf-direct-r1-r5-independent-cleanup-20261005
CAPTURED js-wf-direct-r1-r5-independent-cleanup-20261005 51822630
CLOSED js-wf-direct-r1-r5-process-replay-diagnostic-20261005
CAPTURED js-wf-direct-r1-r5-process-replay-diagnostic-20261005 51781729
CLOSED js-wf-direct-r1-r5-process-owner-loss-20261005
CAPTURED js-wf-direct-r1-r5-process-owner-loss-20261005 50307527
CLOSED js-wf-tier3-clock-failure-37164231641-111324439563
CAPTURED js-wf-tier3-clock-failure-37164231641-111324439563 31625561
CLOSED js-wf-tier2-retained-workerclock-smoke-20261005
CAPTURED js-wf-tier2-retained-workerclock-smoke-20261005 140043910
CLOSED js-wf-bulk-consumer-ten-minute-joined-20261006
CAPTURED js-wf-bulk-consumer-ten-minute-joined-20261006 128893649
