--- FAIL: TestReplayTerminalEnvelopeBeforeHandler (0.02s)
    --- FAIL: TestReplayTerminalEnvelopeBeforeHandler/duplicate_invocation (0.00s)
        replay_terminal_envelope_test.go:42: terminal reached handler: calls=1 err=<nil>
    --- FAIL: TestReplayTerminalEnvelopeBeforeHandler/alias_invocation (0.00s)
        replay_terminal_envelope_test.go:42: terminal reached handler: calls=1 err=<nil>
    --- FAIL: TestReplayTerminalEnvelopeBeforeHandler/escaped_invocation (0.00s)
        replay_terminal_envelope_test.go:42: terminal reached handler: calls=1 err=<nil>
    --- FAIL: TestReplayTerminalEnvelopeBeforeHandler/duplicate_result (0.00s)
        replay_terminal_envelope_test.go:42: terminal reached handler: calls=1 err=<nil>
    --- FAIL: TestReplayTerminalEnvelopeBeforeHandler/alias_result (0.00s)
        replay_terminal_envelope_test.go:42: terminal reached handler: calls=1 err=<nil>
    --- FAIL: TestReplayTerminalEnvelopeBeforeHandler/duplicate_reference (0.00s)
        replay_terminal_envelope_test.go:42: terminal reached handler: calls=1 err=<nil>
    --- FAIL: TestReplayTerminalEnvelopeBeforeHandler/alias_reference (0.00s)
        replay_terminal_envelope_test.go:42: terminal reached handler: calls=1 err=<nil>
    --- FAIL: TestReplayTerminalEnvelopeBeforeHandler/duplicate_hash (0.00s)
        replay_terminal_envelope_test.go:42: terminal reached handler: calls=1 err=<nil>
    --- FAIL: TestReplayTerminalEnvelopeBeforeHandler/alias_hash (0.00s)
        replay_terminal_envelope_test.go:42: terminal reached handler: calls=1 err=<nil>
    --- FAIL: TestReplayTerminalEnvelopeBeforeHandler/duplicate_error (0.00s)
        replay_terminal_envelope_test.go:42: terminal reached handler: calls=1 err=<nil>
    --- FAIL: TestReplayTerminalEnvelopeBeforeHandler/alias_error (0.00s)
        replay_terminal_envelope_test.go:42: terminal reached handler: calls=1 err=<nil>
    --- FAIL: TestReplayTerminalEnvelopeBeforeHandler/duplicate_limit_request (0.00s)
        replay_terminal_envelope_test.go:42: terminal reached handler: calls=1 err=<nil>
    --- FAIL: TestReplayTerminalEnvelopeBeforeHandler/alias_limit_request (0.00s)
        replay_terminal_envelope_test.go:42: terminal reached handler: calls=1 err=<nil>
    --- FAIL: TestReplayTerminalEnvelopeBeforeHandler/duplicate_limit_entry (0.00s)
        replay_terminal_envelope_test.go:42: terminal reached handler: calls=1 err=<nil>
    --- FAIL: TestReplayTerminalEnvelopeBeforeHandler/alias_limit_entry (0.00s)
        replay_terminal_envelope_test.go:42: terminal reached handler: calls=1 err=<nil>
    --- FAIL: TestReplayTerminalEnvelopeBeforeHandler/unknown_field (0.01s)
        replay_terminal_envelope_test.go:42: terminal reached handler: calls=1 err=<nil>
--- FAIL: TestReplayTerminalEnvelopeTypedBoundary (0.00s)
    --- FAIL: TestReplayTerminalEnvelopeTypedBoundary/duplicate_nested_kind (0.00s)
        replay_terminal_envelope_test.go:76: decode=<nil> reject=true
    --- FAIL: TestReplayTerminalEnvelopeTypedBoundary/alias_nested_kind (0.00s)
        replay_terminal_envelope_test.go:76: decode=<nil> reject=true
    --- FAIL: TestReplayTerminalEnvelopeTypedBoundary/duplicate_nested_payload (0.00s)
        replay_terminal_envelope_test.go:76: decode=<nil> reject=true
    --- FAIL: TestReplayTerminalEnvelopeTypedBoundary/alias_nested_payload (0.00s)
        replay_terminal_envelope_test.go:76: decode=<nil> reject=true
    --- FAIL: TestReplayTerminalEnvelopeTypedBoundary/unknown_nested_field (0.00s)
        replay_terminal_envelope_test.go:76: decode=<nil> reject=true
FAIL
FAIL	js-wf/wf	0.037s
--- FAIL: TestReplayTerminalEnvelopeBeforePlugin (0.02s)
    --- FAIL: TestReplayTerminalEnvelopeBeforePlugin/format= (0.00s)
        --- FAIL: TestReplayTerminalEnvelopeBeforePlugin/format=/duplicate_invocation (0.00s)
            replay_terminal_envelope_test.go:45: terminal envelope reached plugin: open replay handler: plugin.Open("/does-not-exist.so"): realpath failed
        --- FAIL: TestReplayTerminalEnvelopeBeforePlugin/format=/alias_invocation (0.00s)
            replay_terminal_envelope_test.go:45: terminal envelope reached plugin: open replay handler: plugin.Open("/does-not-exist.so"): realpath failed
        --- FAIL: TestReplayTerminalEnvelopeBeforePlugin/format=/escaped_invocation (0.00s)
            replay_terminal_envelope_test.go:45: terminal envelope reached plugin: open replay handler: plugin.Open("/does-not-exist.so"): realpath failed
        --- FAIL: TestReplayTerminalEnvelopeBeforePlugin/format=/duplicate_result (0.00s)
            replay_terminal_envelope_test.go:45: terminal envelope reached plugin: open replay handler: plugin.Open("/does-not-exist.so"): realpath failed
        --- FAIL: TestReplayTerminalEnvelopeBeforePlugin/format=/alias_result (0.00s)
            replay_terminal_envelope_test.go:45: terminal envelope reached plugin: open replay handler: plugin.Open("/does-not-exist.so"): realpath failed
        --- FAIL: TestReplayTerminalEnvelopeBeforePlugin/format=/duplicate_reference (0.00s)
            replay_terminal_envelope_test.go:45: terminal envelope reached plugin: open replay handler: plugin.Open("/does-not-exist.so"): realpath failed
        --- FAIL: TestReplayTerminalEnvelopeBeforePlugin/format=/alias_reference (0.00s)
            replay_terminal_envelope_test.go:45: terminal envelope reached plugin: open replay handler: plugin.Open("/does-not-exist.so"): realpath failed
        --- FAIL: TestReplayTerminalEnvelopeBeforePlugin/format=/duplicate_hash (0.00s)
            replay_terminal_envelope_test.go:45: terminal envelope reached plugin: open replay handler: plugin.Open("/does-not-exist.so"): realpath failed
        --- FAIL: TestReplayTerminalEnvelopeBeforePlugin/format=/alias_hash (0.00s)
            replay_terminal_envelope_test.go:45: terminal envelope reached plugin: open replay handler: plugin.Open("/does-not-exist.so"): realpath failed
        --- FAIL: TestReplayTerminalEnvelopeBeforePlugin/format=/duplicate_error (0.00s)
            replay_terminal_envelope_test.go:45: terminal envelope reached plugin: open replay handler: plugin.Open("/does-not-exist.so"): realpath failed
        --- FAIL: TestReplayTerminalEnvelopeBeforePlugin/format=/alias_error (0.00s)
            replay_terminal_envelope_test.go:45: terminal envelope reached plugin: open replay handler: plugin.Open("/does-not-exist.so"): realpath failed
        --- FAIL: TestReplayTerminalEnvelopeBeforePlugin/format=/duplicate_limit_request (0.00s)
            replay_terminal_envelope_test.go:45: terminal envelope reached plugin: open replay handler: plugin.Open("/does-not-exist.so"): realpath failed
        --- FAIL: TestReplayTerminalEnvelopeBeforePlugin/format=/alias_limit_request (0.00s)
            replay_terminal_envelope_test.go:45: terminal envelope reached plugin: open replay handler: plugin.Open("/does-not-exist.so"): realpath failed
        --- FAIL: TestReplayTerminalEnvelopeBeforePlugin/format=/duplicate_limit_entry (0.00s)
            replay_terminal_envelope_test.go:45: terminal envelope reached plugin: open replay handler: plugin.Open("/does-not-exist.so"): realpath failed
        --- FAIL: TestReplayTerminalEnvelopeBeforePlugin/format=/alias_limit_entry (0.00s)
            replay_terminal_envelope_test.go:45: terminal envelope reached plugin: open replay handler: plugin.Open("/does-not-exist.so"): realpath failed
        --- FAIL: TestReplayTerminalEnvelopeBeforePlugin/format=/unknown_field (0.00s)
            replay_terminal_envelope_test.go:45: terminal envelope reached plugin: open replay handler: plugin.Open("/does-not-exist.so"): realpath failed
    --- FAIL: TestReplayTerminalEnvelopeBeforePlugin/format=graph-v1 (0.01s)
        --- FAIL: TestReplayTerminalEnvelopeBeforePlugin/format=graph-v1/duplicate_invocation (0.00s)
            replay_terminal_envelope_test.go:45: terminal envelope reached plugin: open replay handler: plugin.Open("/does-not-exist.so"): realpath failed
        --- FAIL: TestReplayTerminalEnvelopeBeforePlugin/format=graph-v1/alias_invocation (0.00s)
            replay_terminal_envelope_test.go:45: terminal envelope reached plugin: open replay handler: plugin.Open("/does-not-exist.so"): realpath failed
        --- FAIL: TestReplayTerminalEnvelopeBeforePlugin/format=graph-v1/escaped_invocation (0.00s)
            replay_terminal_envelope_test.go:45: terminal envelope reached plugin: open replay handler: plugin.Open("/does-not-exist.so"): realpath failed
        --- FAIL: TestReplayTerminalEnvelopeBeforePlugin/format=graph-v1/duplicate_result (0.00s)
            replay_terminal_envelope_test.go:45: terminal envelope reached plugin: open replay handler: plugin.Open("/does-not-exist.so"): realpath failed
        --- FAIL: TestReplayTerminalEnvelopeBeforePlugin/format=graph-v1/alias_result (0.00s)
            replay_terminal_envelope_test.go:45: terminal envelope reached plugin: open replay handler: plugin.Open("/does-not-exist.so"): realpath failed
        --- FAIL: TestReplayTerminalEnvelopeBeforePlugin/format=graph-v1/duplicate_reference (0.00s)
            replay_terminal_envelope_test.go:45: terminal envelope reached plugin: open replay handler: plugin.Open("/does-not-exist.so"): realpath failed
        --- FAIL: TestReplayTerminalEnvelopeBeforePlugin/format=graph-v1/alias_reference (0.00s)
            replay_terminal_envelope_test.go:45: terminal envelope reached plugin: open replay handler: plugin.Open("/does-not-exist.so"): realpath failed
        --- FAIL: TestReplayTerminalEnvelopeBeforePlugin/format=graph-v1/duplicate_hash (0.00s)
            replay_terminal_envelope_test.go:45: terminal envelope reached plugin: open replay handler: plugin.Open("/does-not-exist.so"): realpath failed
        --- FAIL: TestReplayTerminalEnvelopeBeforePlugin/format=graph-v1/alias_hash (0.00s)
            replay_terminal_envelope_test.go:45: terminal envelope reached plugin: open replay handler: plugin.Open("/does-not-exist.so"): realpath failed
        --- FAIL: TestReplayTerminalEnvelopeBeforePlugin/format=graph-v1/duplicate_error (0.00s)
            replay_terminal_envelope_test.go:45: terminal envelope reached plugin: open replay handler: plugin.Open("/does-not-exist.so"): realpath failed
        --- FAIL: TestReplayTerminalEnvelopeBeforePlugin/format=graph-v1/alias_error (0.00s)
            replay_terminal_envelope_test.go:45: terminal envelope reached plugin: open replay handler: plugin.Open("/does-not-exist.so"): realpath failed
        --- FAIL: TestReplayTerminalEnvelopeBeforePlugin/format=graph-v1/duplicate_limit_request (0.00s)
            replay_terminal_envelope_test.go:45: terminal envelope reached plugin: open replay handler: plugin.Open("/does-not-exist.so"): realpath failed
        --- FAIL: TestReplayTerminalEnvelopeBeforePlugin/format=graph-v1/alias_limit_request (0.00s)
            replay_terminal_envelope_test.go:45: terminal envelope reached plugin: open replay handler: plugin.Open("/does-not-exist.so"): realpath failed
        --- FAIL: TestReplayTerminalEnvelopeBeforePlugin/format=graph-v1/duplicate_limit_entry (0.00s)
            replay_terminal_envelope_test.go:45: terminal envelope reached plugin: open replay handler: plugin.Open("/does-not-exist.so"): realpath failed
        --- FAIL: TestReplayTerminalEnvelopeBeforePlugin/format=graph-v1/alias_limit_entry (0.00s)
            replay_terminal_envelope_test.go:45: terminal envelope reached plugin: open replay handler: plugin.Open("/does-not-exist.so"): realpath failed
        --- FAIL: TestReplayTerminalEnvelopeBeforePlugin/format=graph-v1/unknown_field (0.01s)
            replay_terminal_envelope_test.go:45: terminal envelope reached plugin: open replay handler: plugin.Open("/does-not-exist.so"): realpath failed
FAIL
FAIL	js-wf/cmd/wf	0.038s
FAIL
