{
  "accepted": true,
  "source": "ccc8f190311608e5d768041a05e30770bf2295f4",
  "git_verified_inputs": 5,
  "cases": [
    "TestNativeGraphContinuationOfflineReplay/R1-domain/archive=false",
    "TestNativeGraphContinuationOfflineReplay/R1-domain/archive=true",
    "TestNativeGraphContinuationOfflineReplay/R3-domain/archive=false",
    "TestNativeGraphContinuationOfflineReplay/R3-domain/archive=true",
    "TestNativeGraphContinuationChildOfflineReplay/R1-domain/archive=false/cached=false/failed=false",
    "TestNativeGraphContinuationChildOfflineReplay/R1-domain/archive=false/cached=false/failed=true",
    "TestNativeGraphContinuationChildOfflineReplay/R1-domain/archive=false/cached=true/failed=false",
    "TestNativeGraphContinuationChildOfflineReplay/R1-domain/archive=false/cached=true/failed=true",
    "TestNativeGraphContinuationChildOfflineReplay/R1-domain/archive=true/cached=false/failed=false",
    "TestNativeGraphContinuationChildOfflineReplay/R1-domain/archive=true/cached=false/failed=true",
    "TestNativeGraphContinuationChildOfflineReplay/R1-domain/archive=true/cached=true/failed=false",
    "TestNativeGraphContinuationChildOfflineReplay/R1-domain/archive=true/cached=true/failed=true",
    "TestNativeGraphContinuationChildOfflineReplay/R3-domain/archive=false/cached=false/failed=false",
    "TestNativeGraphContinuationChildOfflineReplay/R3-domain/archive=false/cached=false/failed=true",
    "TestNativeGraphContinuationChildOfflineReplay/R3-domain/archive=false/cached=true/failed=false",
    "TestNativeGraphContinuationChildOfflineReplay/R3-domain/archive=false/cached=true/failed=true",
    "TestNativeGraphContinuationChildOfflineReplay/R3-domain/archive=true/cached=false/failed=false",
    "TestNativeGraphContinuationChildOfflineReplay/R3-domain/archive=true/cached=false/failed=true",
    "TestNativeGraphContinuationChildOfflineReplay/R3-domain/archive=true/cached=true/failed=false",
    "TestNativeGraphContinuationChildOfflineReplay/R3-domain/archive=true/cached=true/failed=true"
  ],
  "package_elapsed": 922.202,
  "events_sha256": "bc93ae894c76b78c10fa9fef325bcfb6c2fd4eaec2fa461a02943824996aca71",
  "reviewed": "2026-10-10T09:51:44.997818+00:00",
  "scope": "Sixteen healthy pending/cached success/failure child offline replay cases, plus four state-only regressions. Public admission, import, rollout, fault/buffered-signal matrices and broader original requirements remain open."
}
