=== RUN   TestGraphCompactionVerificationRenewalPrivateProgressAndFences
=== RUN   TestGraphCompactionVerificationRenewalPrivateProgressAndFences/records
    compaction_commit_renewal_test.go:178: VERIFICATION_RENEWAL mode=records preserved_records=2 preserved_nodes=0 records=12 nodes=19 root_unchanged_after_old_expiry=true
=== RUN   TestGraphCompactionVerificationRenewalPrivateProgressAndFences/nodes
    compaction_commit_renewal_test.go:178: VERIFICATION_RENEWAL mode=nodes preserved_records=12 preserved_nodes=2 records=12 nodes=19 root_unchanged_after_old_expiry=true
=== RUN   TestGraphCompactionVerificationRenewalPrivateProgressAndFences/repeated
    compaction_commit_renewal_test.go:178: VERIFICATION_RENEWAL mode=repeated preserved_records=4 preserved_nodes=0 records=12 nodes=19 root_unchanged_after_old_expiry=true
=== RUN   TestGraphCompactionVerificationRenewalPrivateProgressAndFences/verifier-port
    compaction_commit_renewal_test.go:62: blob publication CAS conflict
=== RUN   TestGraphCompactionVerificationRenewalPrivateProgressAndFences/wrong-stage
=== RUN   TestGraphCompactionVerificationRenewalPrivateProgressAndFences/cancel
    compaction_commit_renewal_test.go:178: VERIFICATION_RENEWAL mode=cancel preserved_records=2 preserved_nodes=0 records=12 nodes=19 root_unchanged_after_old_expiry=true
=== RUN   TestGraphCompactionVerificationRenewalPrivateProgressAndFences/expired
=== RUN   TestGraphCompactionVerificationRenewalPrivateProgressAndFences/append
=== RUN   TestGraphCompactionVerificationRenewalPrivateProgressAndFences/collector
=== RUN   TestGraphCompactionVerificationRenewalPrivateProgressAndFences/collector-during
=== RUN   TestGraphCompactionVerificationRenewalPrivateProgressAndFences/drop
=== RUN   TestGraphCompactionVerificationRenewalPrivateProgressAndFences/lost
--- FAIL: TestGraphCompactionVerificationRenewalPrivateProgressAndFences (0.10s)
    --- PASS: TestGraphCompactionVerificationRenewalPrivateProgressAndFences/records (0.01s)
    --- PASS: TestGraphCompactionVerificationRenewalPrivateProgressAndFences/nodes (0.01s)
    --- PASS: TestGraphCompactionVerificationRenewalPrivateProgressAndFences/repeated (0.01s)
    --- FAIL: TestGraphCompactionVerificationRenewalPrivateProgressAndFences/verifier-port (0.00s)
    --- PASS: TestGraphCompactionVerificationRenewalPrivateProgressAndFences/wrong-stage (0.00s)
    --- PASS: TestGraphCompactionVerificationRenewalPrivateProgressAndFences/cancel (0.04s)
    --- PASS: TestGraphCompactionVerificationRenewalPrivateProgressAndFences/expired (0.00s)
    --- PASS: TestGraphCompactionVerificationRenewalPrivateProgressAndFences/append (0.00s)
    --- PASS: TestGraphCompactionVerificationRenewalPrivateProgressAndFences/collector (0.01s)
    --- PASS: TestGraphCompactionVerificationRenewalPrivateProgressAndFences/collector-during (0.01s)
    --- PASS: TestGraphCompactionVerificationRenewalPrivateProgressAndFences/drop (0.00s)
    --- PASS: TestGraphCompactionVerificationRenewalPrivateProgressAndFences/lost (0.00s)
FAIL
FAIL	js-wf/internal/graphpublication	0.108s
FAIL
