=== RUN   TestGraphCompactionVerificationRenewalPrivateProgressAndFences
=== RUN   TestGraphCompactionVerificationRenewalPrivateProgressAndFences/records
    compaction_commit_renewal_test.go:65: verification escaped freeze true <nil>
=== RUN   TestGraphCompactionVerificationRenewalPrivateProgressAndFences/nodes
    compaction_commit_renewal_test.go:65: verification escaped freeze true <nil>
=== RUN   TestGraphCompactionVerificationRenewalPrivateProgressAndFences/repeated
    compaction_commit_renewal_test.go:65: verification escaped freeze true <nil>
=== RUN   TestGraphCompactionVerificationRenewalPrivateProgressAndFences/verifier-port
    compaction_commit_renewal_test.go:65: verification escaped freeze true <nil>
=== RUN   TestGraphCompactionVerificationRenewalPrivateProgressAndFences/wrong-stage
=== RUN   TestGraphCompactionVerificationRenewalPrivateProgressAndFences/cancel
    compaction_commit_renewal_test.go:65: verification escaped freeze true <nil>
=== RUN   TestGraphCompactionVerificationRenewalPrivateProgressAndFences/expired
=== RUN   TestGraphCompactionVerificationRenewalPrivateProgressAndFences/append
    compaction_commit_renewal_test.go:65: verification escaped freeze true <nil>
=== RUN   TestGraphCompactionVerificationRenewalPrivateProgressAndFences/collector
    compaction_commit_renewal_test.go:65: verification escaped freeze true <nil>
=== RUN   TestGraphCompactionVerificationRenewalPrivateProgressAndFences/collector-during
    compaction_commit_renewal_test.go:65: verification escaped freeze true <nil>
=== RUN   TestGraphCompactionVerificationRenewalPrivateProgressAndFences/drop
    compaction_commit_renewal_test.go:65: verification escaped freeze true <nil>
=== RUN   TestGraphCompactionVerificationRenewalPrivateProgressAndFences/lost
    compaction_commit_renewal_test.go:65: verification escaped freeze true <nil>
--- FAIL: TestGraphCompactionVerificationRenewalPrivateProgressAndFences (0.08s)
    --- FAIL: TestGraphCompactionVerificationRenewalPrivateProgressAndFences/records (0.00s)
    --- FAIL: TestGraphCompactionVerificationRenewalPrivateProgressAndFences/nodes (0.01s)
    --- FAIL: TestGraphCompactionVerificationRenewalPrivateProgressAndFences/repeated (0.00s)
    --- FAIL: TestGraphCompactionVerificationRenewalPrivateProgressAndFences/verifier-port (0.00s)
    --- PASS: TestGraphCompactionVerificationRenewalPrivateProgressAndFences/wrong-stage (0.00s)
    --- FAIL: TestGraphCompactionVerificationRenewalPrivateProgressAndFences/cancel (0.01s)
    --- PASS: TestGraphCompactionVerificationRenewalPrivateProgressAndFences/expired (0.00s)
    --- FAIL: TestGraphCompactionVerificationRenewalPrivateProgressAndFences/append (0.00s)
    --- FAIL: TestGraphCompactionVerificationRenewalPrivateProgressAndFences/collector (0.00s)
    --- FAIL: TestGraphCompactionVerificationRenewalPrivateProgressAndFences/collector-during (0.00s)
    --- FAIL: TestGraphCompactionVerificationRenewalPrivateProgressAndFences/drop (0.00s)
    --- FAIL: TestGraphCompactionVerificationRenewalPrivateProgressAndFences/lost (0.00s)
FAIL
FAIL	js-wf/internal/graphpublication	0.085s
FAIL
