=== RUN   TestRawGraphEveryCheckpointHistory
=== RUN   TestRawGraphEveryCheckpointHistory/json/historical-valid
=== RUN   TestRawGraphEveryCheckpointHistory/json/historical-state
=== RUN   TestRawGraphEveryCheckpointHistory/json/historical-anchor
=== RUN   TestRawGraphEveryCheckpointHistory/json/historical-locals
=== RUN   TestRawGraphEveryCheckpointHistory/json/historical-cursor
=== RUN   TestRawGraphEveryCheckpointHistory/json/historical-timer
=== RUN   TestRawGraphEveryCheckpointHistory/json/historical-metadata
=== RUN   TestRawGraphEveryCheckpointHistory/protobuf-v1/historical-valid
=== RUN   TestRawGraphEveryCheckpointHistory/protobuf-v1/historical-state
=== RUN   TestRawGraphEveryCheckpointHistory/protobuf-v1/historical-anchor
=== RUN   TestRawGraphEveryCheckpointHistory/protobuf-v1/historical-locals
=== RUN   TestRawGraphEveryCheckpointHistory/protobuf-v1/historical-cursor
=== RUN   TestRawGraphEveryCheckpointHistory/protobuf-v1/historical-timer
=== RUN   TestRawGraphEveryCheckpointHistory/protobuf-v1/historical-metadata
--- PASS: TestRawGraphEveryCheckpointHistory (0.12s)
    --- PASS: TestRawGraphEveryCheckpointHistory/json/historical-valid (0.01s)
    --- PASS: TestRawGraphEveryCheckpointHistory/json/historical-state (0.01s)
    --- PASS: TestRawGraphEveryCheckpointHistory/json/historical-anchor (0.01s)
    --- PASS: TestRawGraphEveryCheckpointHistory/json/historical-locals (0.01s)
    --- PASS: TestRawGraphEveryCheckpointHistory/json/historical-cursor (0.01s)
    --- PASS: TestRawGraphEveryCheckpointHistory/json/historical-timer (0.01s)
    --- PASS: TestRawGraphEveryCheckpointHistory/json/historical-metadata (0.01s)
    --- PASS: TestRawGraphEveryCheckpointHistory/protobuf-v1/historical-valid (0.01s)
    --- PASS: TestRawGraphEveryCheckpointHistory/protobuf-v1/historical-state (0.01s)
    --- PASS: TestRawGraphEveryCheckpointHistory/protobuf-v1/historical-anchor (0.01s)
    --- PASS: TestRawGraphEveryCheckpointHistory/protobuf-v1/historical-locals (0.01s)
    --- PASS: TestRawGraphEveryCheckpointHistory/protobuf-v1/historical-cursor (0.01s)
    --- PASS: TestRawGraphEveryCheckpointHistory/protobuf-v1/historical-timer (0.01s)
    --- PASS: TestRawGraphEveryCheckpointHistory/protobuf-v1/historical-metadata (0.01s)
PASS
ok  	js-wf/integrity	1.141s
