********************************************************************************
WARNING: POSTGRES_HOST_AUTH_METHOD has been set to "trust". This will allow
         anyone with access to the Postgres port to access your database without
         a password, even if POSTGRES_PASSWORD is set. See PostgreSQL
         documentation about "trust":
         https://www.postgresql.org/docs/current/auth-trust.html
         In Docker's default configuration, this is effectively any other
         container on the same system.

         It is not recommended to use POSTGRES_HOST_AUTH_METHOD=trust. Replace
         it with "-e POSTGRES_PASSWORD=password" instead to set a password in
         "docker run".
********************************************************************************
The files belonging to this database system will be owned by user "postgres".
This user must also own the server process.

The database cluster will be initialized with locale "en_US.utf8".
The default database encoding has accordingly been set to "UTF8".
The default text search configuration will be set to "english".

Data page checksums are disabled.

fixing permissions on existing directory /var/lib/postgresql/data ... ok
creating subdirectories ... ok
selecting dynamic shared memory implementation ... posix
selecting default max_connections ... 100
selecting default shared_buffers ... 128MB
selecting default time zone ... UTC
creating configuration files ... ok
running bootstrap script ... ok
sh: locale: not found
2026-10-07 14:51:42.161 UTC [43] WARNING:  no usable system locales were found
performing post-bootstrap initialization ... ok
syncing data to disk ... ok


Success. You can now start the database server using:

    pg_ctl -D /var/lib/postgresql/data -l logfile start

initdb: warning: enabling "trust" authentication for local connections
initdb: hint: You can change this by editing pg_hba.conf or using the option -A, or --auth-local and --auth-host, the next time you run initdb.
waiting for server to start....2026-10-07 14:51:42.822 UTC [62] LOG:  starting PostgreSQL 16.15 on x86_64-pc-linux-musl, compiled by gcc (Alpine 15.2.0) 15.2.0, 64-bit
2026-10-07 14:51:42.824 UTC [62] LOG:  listening on Unix socket "/var/run/postgresql/.s.PGSQL.5432"
2026-10-07 14:51:42.829 UTC [65] LOG:  database system was shut down at 2026-10-07 14:51:42 UTC
2026-10-07 14:51:42.832 UTC [62] LOG:  database system is ready to accept connections
 done
server started
CREATE DATABASE


/usr/local/bin/docker-entrypoint.sh: ignoring /docker-entrypoint-initdb.d/*

waiting for server to shut down....2026-10-07 14:51:42.968 UTC [62] LOG:  received fast shutdown request
2026-10-07 14:51:42.970 UTC [62] LOG:  aborting any active transactions
2026-10-07 14:51:42.973 UTC [62] LOG:  background worker "logical replication launcher" (PID 68) exited with exit code 1
2026-10-07 14:51:42.973 UTC [63] LOG:  shutting down
2026-10-07 14:51:42.975 UTC [63] LOG:  checkpoint starting: shutdown immediate
2026-10-07 14:51:43.030 UTC [63] LOG:  checkpoint complete: wrote 926 buffers (5.7%); 0 WAL file(s) added, 0 removed, 0 recycled; write=0.023 s, sync=0.028 s, total=0.057 s; sync files=301, longest=0.006 s, average=0.001 s; distance=4283 kB, estimate=4283 kB; lsn=0/1925CD8, redo lsn=0/1925CD8
2026-10-07 14:51:43.036 UTC [62] LOG:  database system is shut down
 done
server stopped

PostgreSQL init process complete; ready for start up.

2026-10-07 14:51:43.090 UTC [1] LOG:  starting PostgreSQL 16.15 on x86_64-pc-linux-musl, compiled by gcc (Alpine 15.2.0) 15.2.0, 64-bit
2026-10-07 14:51:43.090 UTC [1] LOG:  listening on IPv4 address "0.0.0.0", port 5432
2026-10-07 14:51:43.090 UTC [1] LOG:  listening on IPv6 address "::", port 5432
2026-10-07 14:51:43.095 UTC [1] LOG:  listening on Unix socket "/var/run/postgresql/.s.PGSQL.5432"
2026-10-07 14:51:43.103 UTC [84] LOG:  database system was shut down at 2026-10-07 14:51:43 UTC
2026-10-07 14:51:43.108 UTC [1] LOG:  database system is ready to accept connections
2026-10-07 14:52:07.276 UTC [103] ERROR:  canceling statement due to user request
2026-10-07 14:52:07.276 UTC [103] STATEMENT:  CREATE INDEX IF NOT EXISTS wf_visibility_status_idx ON wf_visibility (status, type, id)
2026-10-07 14:54:02.845 UTC [113] FATAL:  terminating connection due to administrator command
2026-10-07 14:56:43.201 UTC [82] LOG:  checkpoint starting: time
