=== RUN   TestGraphStartMatchesInvocationHeaders
=== RUN   TestGraphStartMatchesInvocationHeaders/parent=false/valid
=== RUN   TestGraphStartMatchesInvocationHeaders/parent=false/transport
=== RUN   TestGraphStartMatchesInvocationHeaders/parent=false/input-ref-empty
=== RUN   TestGraphStartMatchesInvocationHeaders/parent=false/input-ref
=== RUN   TestGraphStartMatchesInvocationHeaders/parent=false/pointer
=== RUN   TestGraphStartMatchesInvocationHeaders/parent=false/nil
=== RUN   TestGraphStartMatchesInvocationHeaders/parent=false/sequence
=== RUN   TestGraphStartMatchesInvocationHeaders/parent=false/subject
=== RUN   TestGraphStartMatchesInvocationHeaders/parent=false/Wf-Parent-Type/unexpected-empty
=== RUN   TestGraphStartMatchesInvocationHeaders/parent=false/Wf-Parent-Type/unexpected-alias
=== RUN   TestGraphStartMatchesInvocationHeaders/parent=false/Wf-Parent-ID/unexpected-empty
=== RUN   TestGraphStartMatchesInvocationHeaders/parent=false/Wf-Parent-ID/unexpected-alias
=== RUN   TestGraphStartMatchesInvocationHeaders/parent=false/Wf-Parent-Inv-Seq/unexpected-empty
=== RUN   TestGraphStartMatchesInvocationHeaders/parent=false/Wf-Parent-Inv-Seq/unexpected-alias
=== RUN   TestGraphStartMatchesInvocationHeaders/parent=false/Wf-Parent-Signal/unexpected-empty
=== RUN   TestGraphStartMatchesInvocationHeaders/parent=false/Wf-Parent-Signal/unexpected-alias
=== RUN   TestGraphStartMatchesInvocationHeaders/parent=false/Wf-Graph-Start-Token/duplicate
=== RUN   TestGraphStartMatchesInvocationHeaders/parent=false/Wf-Graph-Start-Token/conflicting
=== RUN   TestGraphStartMatchesInvocationHeaders/parent=false/Wf-Graph-Start-Token/empty-list
=== RUN   TestGraphStartMatchesInvocationHeaders/parent=false/Wf-Graph-Start-Token/alias
=== RUN   TestGraphStartMatchesInvocationHeaders/parent=false/Wf-Graph-Start-Token/missing
=== RUN   TestGraphStartMatchesInvocationHeaders/parent=false/Wf-Input-SHA256/duplicate
=== RUN   TestGraphStartMatchesInvocationHeaders/parent=false/Wf-Input-SHA256/conflicting
=== RUN   TestGraphStartMatchesInvocationHeaders/parent=false/Wf-Input-SHA256/empty-list
=== RUN   TestGraphStartMatchesInvocationHeaders/parent=false/Wf-Input-SHA256/alias
=== RUN   TestGraphStartMatchesInvocationHeaders/parent=false/Wf-Input-SHA256/missing
=== RUN   TestGraphStartMatchesInvocationHeaders/parent=true/valid
=== RUN   TestGraphStartMatchesInvocationHeaders/parent=true/transport
=== RUN   TestGraphStartMatchesInvocationHeaders/parent=true/input-ref-empty
=== RUN   TestGraphStartMatchesInvocationHeaders/parent=true/input-ref
=== RUN   TestGraphStartMatchesInvocationHeaders/parent=true/pointer
=== RUN   TestGraphStartMatchesInvocationHeaders/parent=true/nil
=== RUN   TestGraphStartMatchesInvocationHeaders/parent=true/sequence
=== RUN   TestGraphStartMatchesInvocationHeaders/parent=true/subject
=== RUN   TestGraphStartMatchesInvocationHeaders/parent=true/Wf-Graph-Start-Token/duplicate
=== RUN   TestGraphStartMatchesInvocationHeaders/parent=true/Wf-Graph-Start-Token/conflicting
=== RUN   TestGraphStartMatchesInvocationHeaders/parent=true/Wf-Graph-Start-Token/empty-list
=== RUN   TestGraphStartMatchesInvocationHeaders/parent=true/Wf-Graph-Start-Token/alias
=== RUN   TestGraphStartMatchesInvocationHeaders/parent=true/Wf-Graph-Start-Token/missing
=== RUN   TestGraphStartMatchesInvocationHeaders/parent=true/Wf-Input-SHA256/duplicate
=== RUN   TestGraphStartMatchesInvocationHeaders/parent=true/Wf-Input-SHA256/conflicting
=== RUN   TestGraphStartMatchesInvocationHeaders/parent=true/Wf-Input-SHA256/empty-list
=== RUN   TestGraphStartMatchesInvocationHeaders/parent=true/Wf-Input-SHA256/alias
=== RUN   TestGraphStartMatchesInvocationHeaders/parent=true/Wf-Input-SHA256/missing
=== RUN   TestGraphStartMatchesInvocationHeaders/parent=true/Wf-Parent-Type/duplicate
=== RUN   TestGraphStartMatchesInvocationHeaders/parent=true/Wf-Parent-Type/conflicting
=== RUN   TestGraphStartMatchesInvocationHeaders/parent=true/Wf-Parent-Type/empty-list
=== RUN   TestGraphStartMatchesInvocationHeaders/parent=true/Wf-Parent-Type/alias
=== RUN   TestGraphStartMatchesInvocationHeaders/parent=true/Wf-Parent-Type/missing
=== RUN   TestGraphStartMatchesInvocationHeaders/parent=true/Wf-Parent-ID/duplicate
=== RUN   TestGraphStartMatchesInvocationHeaders/parent=true/Wf-Parent-ID/conflicting
=== RUN   TestGraphStartMatchesInvocationHeaders/parent=true/Wf-Parent-ID/empty-list
=== RUN   TestGraphStartMatchesInvocationHeaders/parent=true/Wf-Parent-ID/alias
=== RUN   TestGraphStartMatchesInvocationHeaders/parent=true/Wf-Parent-ID/missing
=== RUN   TestGraphStartMatchesInvocationHeaders/parent=true/Wf-Parent-Inv-Seq/duplicate
=== RUN   TestGraphStartMatchesInvocationHeaders/parent=true/Wf-Parent-Inv-Seq/conflicting
=== RUN   TestGraphStartMatchesInvocationHeaders/parent=true/Wf-Parent-Inv-Seq/empty-list
=== RUN   TestGraphStartMatchesInvocationHeaders/parent=true/Wf-Parent-Inv-Seq/alias
=== RUN   TestGraphStartMatchesInvocationHeaders/parent=true/Wf-Parent-Inv-Seq/missing
=== RUN   TestGraphStartMatchesInvocationHeaders/parent=true/Wf-Parent-Signal/duplicate
=== RUN   TestGraphStartMatchesInvocationHeaders/parent=true/Wf-Parent-Signal/conflicting
=== RUN   TestGraphStartMatchesInvocationHeaders/parent=true/Wf-Parent-Signal/empty-list
=== RUN   TestGraphStartMatchesInvocationHeaders/parent=true/Wf-Parent-Signal/alias
=== RUN   TestGraphStartMatchesInvocationHeaders/parent=true/Wf-Parent-Signal/missing
--- PASS: TestGraphStartMatchesInvocationHeaders (0.01s)
    --- PASS: TestGraphStartMatchesInvocationHeaders/parent=false/valid (0.00s)
    --- PASS: TestGraphStartMatchesInvocationHeaders/parent=false/transport (0.00s)
    --- PASS: TestGraphStartMatchesInvocationHeaders/parent=false/input-ref-empty (0.00s)
    --- PASS: TestGraphStartMatchesInvocationHeaders/parent=false/input-ref (0.00s)
    --- PASS: TestGraphStartMatchesInvocationHeaders/parent=false/pointer (0.00s)
    --- PASS: TestGraphStartMatchesInvocationHeaders/parent=false/nil (0.00s)
    --- PASS: TestGraphStartMatchesInvocationHeaders/parent=false/sequence (0.00s)
    --- PASS: TestGraphStartMatchesInvocationHeaders/parent=false/subject (0.00s)
    --- PASS: TestGraphStartMatchesInvocationHeaders/parent=false/Wf-Parent-Type/unexpected-empty (0.00s)
    --- PASS: TestGraphStartMatchesInvocationHeaders/parent=false/Wf-Parent-Type/unexpected-alias (0.00s)
    --- PASS: TestGraphStartMatchesInvocationHeaders/parent=false/Wf-Parent-ID/unexpected-empty (0.00s)
    --- PASS: TestGraphStartMatchesInvocationHeaders/parent=false/Wf-Parent-ID/unexpected-alias (0.00s)
    --- PASS: TestGraphStartMatchesInvocationHeaders/parent=false/Wf-Parent-Inv-Seq/unexpected-empty (0.00s)
    --- PASS: TestGraphStartMatchesInvocationHeaders/parent=false/Wf-Parent-Inv-Seq/unexpected-alias (0.00s)
    --- PASS: TestGraphStartMatchesInvocationHeaders/parent=false/Wf-Parent-Signal/unexpected-empty (0.00s)
    --- PASS: TestGraphStartMatchesInvocationHeaders/parent=false/Wf-Parent-Signal/unexpected-alias (0.00s)
    --- PASS: TestGraphStartMatchesInvocationHeaders/parent=false/Wf-Graph-Start-Token/duplicate (0.00s)
    --- PASS: TestGraphStartMatchesInvocationHeaders/parent=false/Wf-Graph-Start-Token/conflicting (0.00s)
    --- PASS: TestGraphStartMatchesInvocationHeaders/parent=false/Wf-Graph-Start-Token/empty-list (0.00s)
    --- PASS: TestGraphStartMatchesInvocationHeaders/parent=false/Wf-Graph-Start-Token/alias (0.00s)
    --- PASS: TestGraphStartMatchesInvocationHeaders/parent=false/Wf-Graph-Start-Token/missing (0.00s)
    --- PASS: TestGraphStartMatchesInvocationHeaders/parent=false/Wf-Input-SHA256/duplicate (0.00s)
    --- PASS: TestGraphStartMatchesInvocationHeaders/parent=false/Wf-Input-SHA256/conflicting (0.00s)
    --- PASS: TestGraphStartMatchesInvocationHeaders/parent=false/Wf-Input-SHA256/empty-list (0.00s)
    --- PASS: TestGraphStartMatchesInvocationHeaders/parent=false/Wf-Input-SHA256/alias (0.00s)
    --- PASS: TestGraphStartMatchesInvocationHeaders/parent=false/Wf-Input-SHA256/missing (0.00s)
    --- PASS: TestGraphStartMatchesInvocationHeaders/parent=true/valid (0.00s)
    --- PASS: TestGraphStartMatchesInvocationHeaders/parent=true/transport (0.00s)
    --- PASS: TestGraphStartMatchesInvocationHeaders/parent=true/input-ref-empty (0.00s)
    --- PASS: TestGraphStartMatchesInvocationHeaders/parent=true/input-ref (0.00s)
    --- PASS: TestGraphStartMatchesInvocationHeaders/parent=true/pointer (0.00s)
    --- PASS: TestGraphStartMatchesInvocationHeaders/parent=true/nil (0.00s)
    --- PASS: TestGraphStartMatchesInvocationHeaders/parent=true/sequence (0.00s)
    --- PASS: TestGraphStartMatchesInvocationHeaders/parent=true/subject (0.00s)
    --- PASS: TestGraphStartMatchesInvocationHeaders/parent=true/Wf-Graph-Start-Token/duplicate (0.00s)
    --- PASS: TestGraphStartMatchesInvocationHeaders/parent=true/Wf-Graph-Start-Token/conflicting (0.00s)
    --- PASS: TestGraphStartMatchesInvocationHeaders/parent=true/Wf-Graph-Start-Token/empty-list (0.00s)
    --- PASS: TestGraphStartMatchesInvocationHeaders/parent=true/Wf-Graph-Start-Token/alias (0.00s)
    --- PASS: TestGraphStartMatchesInvocationHeaders/parent=true/Wf-Graph-Start-Token/missing (0.00s)
    --- PASS: TestGraphStartMatchesInvocationHeaders/parent=true/Wf-Input-SHA256/duplicate (0.00s)
    --- PASS: TestGraphStartMatchesInvocationHeaders/parent=true/Wf-Input-SHA256/conflicting (0.00s)
    --- PASS: TestGraphStartMatchesInvocationHeaders/parent=true/Wf-Input-SHA256/empty-list (0.00s)
    --- PASS: TestGraphStartMatchesInvocationHeaders/parent=true/Wf-Input-SHA256/alias (0.00s)
    --- PASS: TestGraphStartMatchesInvocationHeaders/parent=true/Wf-Input-SHA256/missing (0.00s)
    --- PASS: TestGraphStartMatchesInvocationHeaders/parent=true/Wf-Parent-Type/duplicate (0.00s)
    --- PASS: TestGraphStartMatchesInvocationHeaders/parent=true/Wf-Parent-Type/conflicting (0.00s)
    --- PASS: TestGraphStartMatchesInvocationHeaders/parent=true/Wf-Parent-Type/empty-list (0.00s)
    --- PASS: TestGraphStartMatchesInvocationHeaders/parent=true/Wf-Parent-Type/alias (0.00s)
    --- PASS: TestGraphStartMatchesInvocationHeaders/parent=true/Wf-Parent-Type/missing (0.00s)
    --- PASS: TestGraphStartMatchesInvocationHeaders/parent=true/Wf-Parent-ID/duplicate (0.00s)
    --- PASS: TestGraphStartMatchesInvocationHeaders/parent=true/Wf-Parent-ID/conflicting (0.00s)
    --- PASS: TestGraphStartMatchesInvocationHeaders/parent=true/Wf-Parent-ID/empty-list (0.00s)
    --- PASS: TestGraphStartMatchesInvocationHeaders/parent=true/Wf-Parent-ID/alias (0.00s)
    --- PASS: TestGraphStartMatchesInvocationHeaders/parent=true/Wf-Parent-ID/missing (0.00s)
    --- PASS: TestGraphStartMatchesInvocationHeaders/parent=true/Wf-Parent-Inv-Seq/duplicate (0.00s)
    --- PASS: TestGraphStartMatchesInvocationHeaders/parent=true/Wf-Parent-Inv-Seq/conflicting (0.00s)
    --- PASS: TestGraphStartMatchesInvocationHeaders/parent=true/Wf-Parent-Inv-Seq/empty-list (0.00s)
    --- PASS: TestGraphStartMatchesInvocationHeaders/parent=true/Wf-Parent-Inv-Seq/alias (0.00s)
    --- PASS: TestGraphStartMatchesInvocationHeaders/parent=true/Wf-Parent-Inv-Seq/missing (0.00s)
    --- PASS: TestGraphStartMatchesInvocationHeaders/parent=true/Wf-Parent-Signal/duplicate (0.00s)
    --- PASS: TestGraphStartMatchesInvocationHeaders/parent=true/Wf-Parent-Signal/conflicting (0.00s)
    --- PASS: TestGraphStartMatchesInvocationHeaders/parent=true/Wf-Parent-Signal/empty-list (0.00s)
    --- PASS: TestGraphStartMatchesInvocationHeaders/parent=true/Wf-Parent-Signal/alias (0.00s)
    --- PASS: TestGraphStartMatchesInvocationHeaders/parent=true/Wf-Parent-Signal/missing (0.00s)
=== RUN   TestGraphCanonicalStartPendingBindingAndRetainedInput
--- PASS: TestGraphCanonicalStartPendingBindingAndRetainedInput (0.08s)
=== RUN   TestGraphCanonicalStartRejectsLegacyAndBounds
--- PASS: TestGraphCanonicalStartRejectsLegacyAndBounds (0.00s)
PASS
ok  	js-wf/journal	1.125s
=== RUN   TestCanonicalStartRecoveryCannotReserveReplacementAfterRetirement
--- PASS: TestCanonicalStartRecoveryCannotReserveReplacementAfterRetirement (0.04s)
=== RUN   TestCanonicalStartAwaitPendingReplacementAndMissingReadyPointer
--- PASS: TestCanonicalStartAwaitPendingReplacementAndMissingReadyPointer (0.05s)
=== RUN   TestCanonicalStartAwaitSourceCommittedBeforeBinding
--- PASS: TestCanonicalStartAwaitSourceCommittedBeforeBinding (0.00s)
=== RUN   TestCanonicalStartAwaitMissingSourceCannotProvePurge
--- PASS: TestCanonicalStartAwaitMissingSourceCannotProvePurge (0.04s)
=== RUN   TestCanonicalBoundStartRepairRequiresExactSourceAndGeneration
--- PASS: TestCanonicalBoundStartRepairRequiresExactSourceAndGeneration (0.01s)
=== RUN   TestCanonicalBoundStartRepairDoesNotDeduplicateRecovery
--- PASS: TestCanonicalBoundStartRepairDoesNotDeduplicateRecovery (0.01s)
PASS
ok  	js-wf/client	1.206s
