interop	Set up job	﻿2026-10-02T07:16:10.8022765Z Current runner version: '2.337.0'
interop	Set up job	2026-10-02T07:16:10.8048932Z ##[group]Runner Image Provisioner
interop	Set up job	2026-10-02T07:16:10.8050370Z Hosted Compute Agent
interop	Set up job	2026-10-02T07:16:10.8051096Z Version: 20260901.588
interop	Set up job	2026-10-02T07:16:10.8051835Z Commit: f88ec8081b781fac6c440065ac7ff9e710ce3d0b
interop	Set up job	2026-10-02T07:16:10.8052613Z Build Date: 2026-09-01T19:56:44Z
interop	Set up job	2026-10-02T07:16:10.8053315Z Worker ID: {04cb6997-1e6b-479a-886d-8d7096e41db1}
interop	Set up job	2026-10-02T07:16:10.8054138Z Azure Region: northcentralus
interop	Set up job	2026-10-02T07:16:10.8054817Z ##[endgroup]
interop	Set up job	2026-10-02T07:16:10.8056413Z ##[group]Operating System
interop	Set up job	2026-10-02T07:16:10.8057094Z Ubuntu
interop	Set up job	2026-10-02T07:16:10.8057651Z 24.04.5
interop	Set up job	2026-10-02T07:16:10.8058238Z LTS
interop	Set up job	2026-10-02T07:16:10.8058894Z ##[endgroup]
interop	Set up job	2026-10-02T07:16:10.8059547Z ##[group]Runner Image
interop	Set up job	2026-10-02T07:16:10.8060490Z Image: ubuntu-24.04
interop	Set up job	2026-10-02T07:16:10.8061098Z Version: 20260927.320.1
interop	Set up job	2026-10-02T07:16:10.8062271Z Included Software: https://github.com/actions/runner-images/blob/ubuntu24/20260927.320/images/ubuntu/Ubuntu2404-Readme.md
interop	Set up job	2026-10-02T07:16:10.8064157Z Image Release: https://github.com/actions/runner-images/releases/tag/ubuntu24%2F20260927.320
interop	Set up job	2026-10-02T07:16:10.8065216Z ##[endgroup]
interop	Set up job	2026-10-02T07:16:10.8066672Z ##[group]GITHUB_TOKEN Permissions
interop	Set up job	2026-10-02T07:16:10.8069009Z Contents: read
interop	Set up job	2026-10-02T07:16:10.8069650Z Metadata: read
interop	Set up job	2026-10-02T07:16:10.8070479Z ##[endgroup]
interop	Set up job	2026-10-02T07:16:10.8072623Z Secret source: Actions
interop	Set up job	2026-10-02T07:16:10.8073831Z Cache mode: write
interop	Set up job	2026-10-02T07:16:10.8074921Z Prepare workflow directory
interop	Set up job	2026-10-02T07:16:10.8553177Z Prepare all required actions
interop	Set up job	2026-10-02T07:16:10.8619516Z Getting action download info
interop	Set up job	2026-10-02T07:16:11.1101432Z Download action repository 'actions/checkout@v4' (SHA:11d5960a326750d5838078e36cf38b85af677262)
interop	Set up job	2026-10-02T07:16:11.2361281Z Download action repository 'actions/setup-go@v5' (SHA:40f1582b2485089dde7abd97c1529aa768e1baff)
interop	Set up job	2026-10-02T07:16:11.6087653Z Download action repository 'actions/upload-artifact@v4' (SHA:ea165f8d65b6e75b540449e92b4886f43607fa02)
interop	Set up job	2026-10-02T07:16:11.8165433Z Complete job name: interop
interop	Run actions/checkout@v4	﻿2026-10-02T07:16:11.8910802Z ##[group]Run actions/checkout@v4
interop	Run actions/checkout@v4	2026-10-02T07:16:11.8911770Z with:
interop	Run actions/checkout@v4	2026-10-02T07:16:11.8912219Z   repository: AntPAllen/js-wf
interop	Run actions/checkout@v4	2026-10-02T07:16:11.8916315Z   token: ***
interop	Run actions/checkout@v4	2026-10-02T07:16:11.8916753Z   ssh-strict: true
interop	Run actions/checkout@v4	2026-10-02T07:16:11.8917190Z   ssh-user: git
interop	Run actions/checkout@v4	2026-10-02T07:16:11.8917626Z   persist-credentials: true
interop	Run actions/checkout@v4	2026-10-02T07:16:11.8918108Z   clean: true
interop	Run actions/checkout@v4	2026-10-02T07:16:11.8918547Z   sparse-checkout-cone-mode: true
interop	Run actions/checkout@v4	2026-10-02T07:16:11.8919066Z   fetch-depth: 1
interop	Run actions/checkout@v4	2026-10-02T07:16:11.8919488Z   fetch-tags: false
interop	Run actions/checkout@v4	2026-10-02T07:16:11.8920174Z   show-progress: true
interop	Run actions/checkout@v4	2026-10-02T07:16:11.8920621Z   lfs: false
interop	Run actions/checkout@v4	2026-10-02T07:16:11.8921035Z   submodules: false
interop	Run actions/checkout@v4	2026-10-02T07:16:11.8921496Z   set-safe-directory: true
interop	Run actions/checkout@v4	2026-10-02T07:16:11.8921993Z   allow-unsafe-pr-checkout: false
interop	Run actions/checkout@v4	2026-10-02T07:16:11.8922691Z env:
interop	Run actions/checkout@v4	2026-10-02T07:16:11.8923100Z   GOMEMLIMIT: 512MiB
interop	Run actions/checkout@v4	2026-10-02T07:16:11.8923550Z   GOMAXPROCS: 2
interop	Run actions/checkout@v4	2026-10-02T07:16:11.8923974Z ##[endgroup]
interop	Run actions/checkout@v4	2026-10-02T07:16:11.9943045Z Syncing repository: AntPAllen/js-wf
interop	Run actions/checkout@v4	2026-10-02T07:16:11.9946117Z ##[group]Getting Git version info
interop	Run actions/checkout@v4	2026-10-02T07:16:11.9946885Z Working directory is '/home/runner/work/js-wf/js-wf'
interop	Run actions/checkout@v4	2026-10-02T07:16:11.9947899Z [command]/usr/bin/git version
interop	Run actions/checkout@v4	2026-10-02T07:16:12.0038802Z git version 2.55.0
interop	Run actions/checkout@v4	2026-10-02T07:16:12.0063354Z ##[endgroup]
interop	Run actions/checkout@v4	2026-10-02T07:16:12.0080858Z Temporarily overriding HOME='/home/runner/work/_temp/16a80cc5-eefa-4064-a8bc-f39a5e1ce82e' before making global git config changes
interop	Run actions/checkout@v4	2026-10-02T07:16:12.0083119Z Adding repository directory to the temporary git global config as a safe directory
interop	Run actions/checkout@v4	2026-10-02T07:16:12.0086390Z [command]/usr/bin/git config --global --add safe.directory /home/runner/work/js-wf/js-wf
interop	Run actions/checkout@v4	2026-10-02T07:16:12.0137265Z Deleting the contents of '/home/runner/work/js-wf/js-wf'
interop	Run actions/checkout@v4	2026-10-02T07:16:12.0141459Z ##[group]Initializing the repository
interop	Run actions/checkout@v4	2026-10-02T07:16:12.0146126Z [command]/usr/bin/git init /home/runner/work/js-wf/js-wf
interop	Run actions/checkout@v4	2026-10-02T07:16:12.0260547Z hint: Using 'master' as the name for the initial branch. This default branch name
interop	Run actions/checkout@v4	2026-10-02T07:16:12.0265906Z hint: will change to "main" in Git 3.0. To configure the initial branch name
interop	Run actions/checkout@v4	2026-10-02T07:16:12.0267634Z hint: to use in all of your new repositories, which will suppress this warning,
interop	Run actions/checkout@v4	2026-10-02T07:16:12.0268885Z hint: call:
interop	Run actions/checkout@v4	2026-10-02T07:16:12.0269612Z hint:
interop	Run actions/checkout@v4	2026-10-02T07:16:12.0270751Z hint: 	git config --global init.defaultBranch <name>
interop	Run actions/checkout@v4	2026-10-02T07:16:12.0271812Z hint:
interop	Run actions/checkout@v4	2026-10-02T07:16:12.0272789Z hint: Names commonly chosen instead of 'master' are 'main', 'trunk' and
interop	Run actions/checkout@v4	2026-10-02T07:16:12.0274394Z hint: 'development'. The just-created branch can be renamed via this command:
interop	Run actions/checkout@v4	2026-10-02T07:16:12.0276048Z hint:
interop	Run actions/checkout@v4	2026-10-02T07:16:12.0276777Z hint: 	git branch -m <name>
interop	Run actions/checkout@v4	2026-10-02T07:16:12.0277591Z hint:
interop	Run actions/checkout@v4	2026-10-02T07:16:12.0278654Z hint: Disable this message with "git config set advice.defaultBranchName false"
interop	Run actions/checkout@v4	2026-10-02T07:16:12.0280456Z Initialized empty Git repository in /home/runner/work/js-wf/js-wf/.git/
interop	Run actions/checkout@v4	2026-10-02T07:16:12.0283229Z [command]/usr/bin/git remote add origin https://github.com/AntPAllen/js-wf
interop	Run actions/checkout@v4	2026-10-02T07:16:12.0329383Z ##[endgroup]
interop	Run actions/checkout@v4	2026-10-02T07:16:12.0330743Z ##[group]Disabling automatic garbage collection
interop	Run actions/checkout@v4	2026-10-02T07:16:12.0334781Z [command]/usr/bin/git config --local gc.auto 0
interop	Run actions/checkout@v4	2026-10-02T07:16:12.0379143Z ##[endgroup]
interop	Run actions/checkout@v4	2026-10-02T07:16:12.0381489Z ##[group]Setting up auth
interop	Run actions/checkout@v4	2026-10-02T07:16:12.0383146Z [command]/usr/bin/git config --local --name-only --get-regexp core\.sshCommand
interop	Run actions/checkout@v4	2026-10-02T07:16:12.0422069Z [command]/usr/bin/git submodule foreach --recursive sh -c "git config --local --name-only --get-regexp 'core\.sshCommand' && git config --local --unset-all 'core.sshCommand' || :"
interop	Run actions/checkout@v4	2026-10-02T07:16:12.0821686Z [command]/usr/bin/git config --local --name-only --get-regexp http\.https\:\/\/github\.com\/\.extraheader
interop	Run actions/checkout@v4	2026-10-02T07:16:12.0866024Z [command]/usr/bin/git submodule foreach --recursive sh -c "git config --local --name-only --get-regexp 'http\.https\:\/\/github\.com\/\.extraheader' && git config --local --unset-all 'http.https://github.com/.extraheader' || :"
interop	Run actions/checkout@v4	2026-10-02T07:16:12.1117895Z [command]/usr/bin/git config --local --name-only --get-regexp ^includeIf\.gitdir:
interop	Run actions/checkout@v4	2026-10-02T07:16:12.1166830Z [command]/usr/bin/git submodule foreach --recursive git config --local --show-origin --name-only --get-regexp remote.origin.url
interop	Run actions/checkout@v4	2026-10-02T07:16:12.1462174Z [command]/usr/bin/git config --local http.https://github.com/.extraheader AUTHORIZATION: basic ***
interop	Run actions/checkout@v4	2026-10-02T07:16:12.1505229Z ##[endgroup]
interop	Run actions/checkout@v4	2026-10-02T07:16:12.1515224Z ##[group]Fetching the repository
interop	Run actions/checkout@v4	2026-10-02T07:16:12.1517556Z [command]/usr/bin/git -c protocol.version=2 fetch --no-tags --prune --no-recurse-submodules --depth=1 origin +d8842b6514e9929d88b25e7549ca1ffefc1d0aff:refs/remotes/origin/main
interop	Run actions/checkout@v4	2026-10-02T07:16:15.3147735Z From https://github.com/AntPAllen/js-wf
interop	Run actions/checkout@v4	2026-10-02T07:16:15.3149727Z  * [new ref]         d8842b6514e9929d88b25e7549ca1ffefc1d0aff -> origin/main
interop	Run actions/checkout@v4	2026-10-02T07:16:15.3154294Z ##[endgroup]
interop	Run actions/checkout@v4	2026-10-02T07:16:15.3156102Z ##[group]Determining the checkout info
interop	Run actions/checkout@v4	2026-10-02T07:16:15.3156964Z ##[endgroup]
interop	Run actions/checkout@v4	2026-10-02T07:16:15.3162344Z [command]/usr/bin/git sparse-checkout disable
interop	Run actions/checkout@v4	2026-10-02T07:16:15.3216215Z [command]/usr/bin/git config --local --unset-all extensions.worktreeConfig
interop	Run actions/checkout@v4	2026-10-02T07:16:15.3252798Z ##[group]Checking out the ref
interop	Run actions/checkout@v4	2026-10-02T07:16:15.3256838Z [command]/usr/bin/git checkout --progress --force -B main refs/remotes/origin/main
interop	Run actions/checkout@v4	2026-10-02T07:16:16.0141072Z Switched to a new branch 'main'
interop	Run actions/checkout@v4	2026-10-02T07:16:16.0145184Z branch 'main' set up to track 'origin/main'.
interop	Run actions/checkout@v4	2026-10-02T07:16:16.0187539Z ##[endgroup]
interop	Run actions/checkout@v4	2026-10-02T07:16:16.0239601Z [command]/usr/bin/git log -1 --format=%H
interop	Run actions/checkout@v4	2026-10-02T07:16:16.0269440Z d8842b6514e9929d88b25e7549ca1ffefc1d0aff
interop	Run actions/setup-go@v5	﻿2026-10-02T07:16:16.0529118Z ##[group]Run actions/setup-go@v5
interop	Run actions/setup-go@v5	2026-10-02T07:16:16.0529503Z with:
interop	Run actions/setup-go@v5	2026-10-02T07:16:16.0530046Z   go-version-file: go.mod
interop	Run actions/setup-go@v5	2026-10-02T07:16:16.0530343Z   check-latest: false
interop	Run actions/setup-go@v5	2026-10-02T07:16:16.0533214Z   token: ***
interop	Run actions/setup-go@v5	2026-10-02T07:16:16.0533709Z   cache: true
interop	Run actions/setup-go@v5	2026-10-02T07:16:16.0533961Z env:
interop	Run actions/setup-go@v5	2026-10-02T07:16:16.0534202Z   GOMEMLIMIT: 512MiB
interop	Run actions/setup-go@v5	2026-10-02T07:16:16.0534471Z   GOMAXPROCS: 2
interop	Run actions/setup-go@v5	2026-10-02T07:16:16.0534739Z ##[endgroup]
interop	Run actions/setup-go@v5	2026-10-02T07:16:16.1899637Z Setup go version spec 1.27.1
interop	Run actions/setup-go@v5	2026-10-02T07:16:16.1908959Z Attempting to download 1.27.1...
interop	Run actions/setup-go@v5	2026-10-02T07:16:16.2016437Z (node:2297) [DEP0040] DeprecationWarning: The `punycode` module is deprecated. Please use a userland alternative instead.
interop	Run actions/setup-go@v5	2026-10-02T07:16:16.2017267Z (Use `node --trace-deprecation ...` to show where the warning was created)
interop	Run actions/setup-go@v5	2026-10-02T07:16:16.8105280Z matching 1.27.1...
interop	Run actions/setup-go@v5	2026-10-02T07:16:16.8129237Z Acquiring 1.27.1 from https://github.com/actions/go-versions/releases/download/1.27.1-33583469715/go-1.27.1-linux-x64.tar.gz
interop	Run actions/setup-go@v5	2026-10-02T07:16:17.2237199Z Extracting Go...
interop	Run actions/setup-go@v5	2026-10-02T07:16:17.2374865Z [command]/usr/bin/tar xz --warning=no-unknown-keyword --overwrite -C /home/runner/work/_temp/21cda361-1035-44ed-a6dd-ba834efb5d55 -f /home/runner/work/_temp/15abb1cb-4bc1-4ce6-9ecd-f9bd486d5251
interop	Run actions/setup-go@v5	2026-10-02T07:16:19.0671676Z Successfully extracted go to /home/runner/work/_temp/21cda361-1035-44ed-a6dd-ba834efb5d55
interop	Run actions/setup-go@v5	2026-10-02T07:16:19.0672275Z Adding to the cache ...
interop	Run actions/setup-go@v5	2026-10-02T07:16:23.8976511Z Successfully cached go to /opt/hostedtoolcache/go/1.27.1/x64
interop	Run actions/setup-go@v5	2026-10-02T07:16:23.8980224Z Added go to the path
interop	Run actions/setup-go@v5	2026-10-02T07:16:23.8981784Z Successfully set up Go version 1.27.1
interop	Run actions/setup-go@v5	2026-10-02T07:16:23.9197127Z [command]/opt/hostedtoolcache/go/1.27.1/x64/bin/go env GOMODCACHE
interop	Run actions/setup-go@v5	2026-10-02T07:16:23.9241068Z [command]/opt/hostedtoolcache/go/1.27.1/x64/bin/go env GOCACHE
interop	Run actions/setup-go@v5	2026-10-02T07:16:23.9287960Z /home/runner/go/pkg/mod
interop	Run actions/setup-go@v5	2026-10-02T07:16:23.9308397Z /home/runner/.cache/go-build
interop	Run actions/setup-go@v5	2026-10-02T07:16:24.0433229Z Cache hit for: setup-go-Linux-x64-ubuntu24-go-1.27.1-05fc3b25fc9f8da09ce7d05c0dc054d40239ab068ad334b7c31a444aad3c64eb
interop	Run actions/setup-go@v5	2026-10-02T07:16:24.0550270Z (node:2297) [DEP0169] DeprecationWarning: `url.parse()` behavior is not standardized and prone to errors that have security implications. Use the WHATWG URL API instead. CVEs are not issued for `url.parse()` vulnerabilities.
interop	Run actions/setup-go@v5	2026-10-02T07:16:25.1715190Z Received 54525952 of 209563510 (26.0%), 51.9 MBs/sec
interop	Run actions/setup-go@v5	2026-10-02T07:16:26.1723582Z Received 134217728 of 209563510 (64.0%), 63.9 MBs/sec
interop	Run actions/setup-go@v5	2026-10-02T07:16:26.5383687Z Received 209563510 of 209563510 (100.0%), 84.4 MBs/sec
interop	Run actions/setup-go@v5	2026-10-02T07:16:26.5384438Z Cache Size: ~200 MB (209563510 B)
interop	Run actions/setup-go@v5	2026-10-02T07:16:26.5418154Z [command]/usr/bin/tar -xf /home/runner/work/_temp/3a4150d9-3ee2-4afa-a789-f7b7173f7303/cache.tzst -P -C /home/runner/work/js-wf/js-wf --use-compress-program unzstd
interop	Run actions/setup-go@v5	2026-10-02T07:16:27.7315153Z Cache restored successfully
interop	Run actions/setup-go@v5	2026-10-02T07:16:27.7421173Z Cache restored from key: setup-go-Linux-x64-ubuntu24-go-1.27.1-05fc3b25fc9f8da09ce7d05c0dc054d40239ab068ad334b7c31a444aad3c64eb
interop	Run actions/setup-go@v5	2026-10-02T07:16:27.7450714Z go version go1.27.1 linux/amd64
interop	Run actions/setup-go@v5	2026-10-02T07:16:27.7451044Z 
interop	Run actions/setup-go@v5	2026-10-02T07:16:27.7451515Z ##[group]go env
interop	Run actions/setup-go@v5	2026-10-02T07:16:27.7595118Z AR='ar'
interop	Run actions/setup-go@v5	2026-10-02T07:16:27.7595520Z CC='gcc'
interop	Run actions/setup-go@v5	2026-10-02T07:16:27.7595913Z CGO_CFLAGS='-O2 -g'
interop	Run actions/setup-go@v5	2026-10-02T07:16:27.7596311Z CGO_CPPFLAGS=''
interop	Run actions/setup-go@v5	2026-10-02T07:16:27.7596681Z CGO_CXXFLAGS='-O2 -g'
interop	Run actions/setup-go@v5	2026-10-02T07:16:27.7597067Z CGO_ENABLED='1'
interop	Run actions/setup-go@v5	2026-10-02T07:16:27.7597445Z CGO_FFLAGS='-O2 -g'
interop	Run actions/setup-go@v5	2026-10-02T07:16:27.7597822Z CGO_LDFLAGS='-O2 -g'
interop	Run actions/setup-go@v5	2026-10-02T07:16:27.7598219Z CXX='g++'
interop	Run actions/setup-go@v5	2026-10-02T07:16:27.7598551Z GCCGO='gccgo'
interop	Run actions/setup-go@v5	2026-10-02T07:16:27.7598883Z GO111MODULE=''
interop	Run actions/setup-go@v5	2026-10-02T07:16:27.7599326Z GOAMD64='v1'
interop	Run actions/setup-go@v5	2026-10-02T07:16:27.7599676Z GOARCH='amd64'
interop	Run actions/setup-go@v5	2026-10-02T07:16:27.7600136Z GOAUTH='netrc'
interop	Run actions/setup-go@v5	2026-10-02T07:16:27.7600493Z GOBIN='/home/runner/go/bin'
interop	Run actions/setup-go@v5	2026-10-02T07:16:27.7600948Z GOCACHE='/home/runner/.cache/go-build'
interop	Run actions/setup-go@v5	2026-10-02T07:16:27.7601413Z GOCACHEPROG=''
interop	Run actions/setup-go@v5	2026-10-02T07:16:27.7601746Z GODEBUG=''
interop	Run actions/setup-go@v5	2026-10-02T07:16:27.7602128Z GOENV='/home/runner/.config/go/env'
interop	Run actions/setup-go@v5	2026-10-02T07:16:27.7602986Z GOEXE=''
interop	Run actions/setup-go@v5	2026-10-02T07:16:27.7603330Z GOEXPERIMENT=''
interop	Run actions/setup-go@v5	2026-10-02T07:16:27.7603689Z GOFIPS140='off'
interop	Run actions/setup-go@v5	2026-10-02T07:16:27.7604022Z GOFLAGS=''
interop	Run actions/setup-go@v5	2026-10-02T07:16:27.7605143Z GOGCCFLAGS='-fPIC -m64 -pthread -Wl,--no-gc-sections -fmessage-length=0 -ffile-prefix-map=/tmp/go-build1694203108=/tmp/go-build -gno-record-gcc-switches'
interop	Run actions/setup-go@v5	2026-10-02T07:16:27.7606550Z GOHOSTARCH='amd64'
interop	Run actions/setup-go@v5	2026-10-02T07:16:27.7606916Z GOHOSTOS='linux'
interop	Run actions/setup-go@v5	2026-10-02T07:16:27.7607263Z GOINSECURE=''
interop	Run actions/setup-go@v5	2026-10-02T07:16:27.7607661Z GOMOD='/home/runner/work/js-wf/js-wf/go.mod'
interop	Run actions/setup-go@v5	2026-10-02T07:16:27.7608191Z GOMODCACHE='/home/runner/go/pkg/mod'
interop	Run actions/setup-go@v5	2026-10-02T07:16:27.7608648Z GONOPROXY=''
interop	Run actions/setup-go@v5	2026-10-02T07:16:27.7608973Z GONOSUMDB=''
interop	Run actions/setup-go@v5	2026-10-02T07:16:27.7609289Z GOOS='linux'
interop	Run actions/setup-go@v5	2026-10-02T07:16:27.7609634Z GOPACKAGESDRIVER=''
interop	Run actions/setup-go@v5	2026-10-02T07:16:27.7610161Z GOPATH='/home/runner/go'
interop	Run actions/setup-go@v5	2026-10-02T07:16:27.7610545Z GOPRIVATE=''
interop	Run actions/setup-go@v5	2026-10-02T07:16:27.7610978Z GOPROXY='https://proxy.golang.org,direct'
interop	Run actions/setup-go@v5	2026-10-02T07:16:27.7611536Z GOROOT='/opt/hostedtoolcache/go/1.27.1/x64'
interop	Run actions/setup-go@v5	2026-10-02T07:16:27.7612061Z GOSUMDB='sum.golang.org'
interop	Run actions/setup-go@v5	2026-10-02T07:16:27.7612514Z GOTELEMETRY='local'
interop	Run actions/setup-go@v5	2026-10-02T07:16:27.7612962Z GOTELEMETRYDIR='/home/runner/.config/go/telemetry'
interop	Run actions/setup-go@v5	2026-10-02T07:16:27.7613491Z GOTMPDIR=''
interop	Run actions/setup-go@v5	2026-10-02T07:16:27.7613826Z GOTOOLCHAIN='auto'
interop	Run actions/setup-go@v5	2026-10-02T07:16:27.7614403Z GOTOOLDIR='/opt/hostedtoolcache/go/1.27.1/x64/pkg/tool/linux_amd64'
interop	Run actions/setup-go@v5	2026-10-02T07:16:27.7615015Z GOVCS=''
interop	Run actions/setup-go@v5	2026-10-02T07:16:27.7615336Z GOVERSION='go1.27.1'
interop	Run actions/setup-go@v5	2026-10-02T07:16:27.7615678Z GOWORK=''
interop	Run actions/setup-go@v5	2026-10-02T07:16:27.7616024Z PKG_CONFIG='pkg-config'
interop	Run actions/setup-go@v5	2026-10-02T07:16:27.7616260Z 
interop	Run actions/setup-go@v5	2026-10-02T07:16:27.7616692Z ##[endgroup]
interop	Install independent protobuf compiler and Python runtime	﻿2026-10-02T07:16:27.7837871Z ##[group]Run sudo apt-get update && sudo apt-get install -y protobuf-compiler python3-protobuf
interop	Install independent protobuf compiler and Python runtime	2026-10-02T07:16:27.7838637Z ^[[36;1msudo apt-get update && sudo apt-get install -y protobuf-compiler python3-protobuf^[[0m
interop	Install independent protobuf compiler and Python runtime	2026-10-02T07:16:27.8127217Z shell: /usr/bin/bash -e {0}
interop	Install independent protobuf compiler and Python runtime	2026-10-02T07:16:27.8127683Z env:
interop	Install independent protobuf compiler and Python runtime	2026-10-02T07:16:27.8128018Z   GOMEMLIMIT: 512MiB
interop	Install independent protobuf compiler and Python runtime	2026-10-02T07:16:27.8128398Z   GOMAXPROCS: 2
interop	Install independent protobuf compiler and Python runtime	2026-10-02T07:16:27.8128745Z ##[endgroup]
interop	Install independent protobuf compiler and Python runtime	2026-10-02T07:16:27.9021198Z Get:1 file:/etc/apt/apt-mirrors.txt Mirrorlist [144 B]
interop	Install independent protobuf compiler and Python runtime	2026-10-02T07:16:27.9418931Z Hit:2 http://azure.archive.ubuntu.com/ubuntu noble InRelease
interop	Install independent protobuf compiler and Python runtime	2026-10-02T07:16:27.9431493Z Get:6 https://packages.microsoft.com/ubuntu/24.04/prod noble InRelease [3600 B]
interop	Install independent protobuf compiler and Python runtime	2026-10-02T07:16:27.9460903Z Get:3 http://azure.archive.ubuntu.com/ubuntu noble-updates InRelease [126 kB]
interop	Install independent protobuf compiler and Python runtime	2026-10-02T07:16:27.9521673Z Get:4 http://azure.archive.ubuntu.com/ubuntu noble-backports InRelease [126 kB]
interop	Install independent protobuf compiler and Python runtime	2026-10-02T07:16:27.9533534Z Get:5 http://azure.archive.ubuntu.com/ubuntu noble-security InRelease [126 kB]
interop	Install independent protobuf compiler and Python runtime	2026-10-02T07:16:28.0877830Z Get:7 https://packages.microsoft.com/ubuntu/24.04/prod noble/main arm64 Packages [458 kB]
interop	Install independent protobuf compiler and Python runtime	2026-10-02T07:16:28.1034961Z Get:8 https://packages.microsoft.com/ubuntu/24.04/prod noble/main armhf Packages [12.6 kB]
interop	Install independent protobuf compiler and Python runtime	2026-10-02T07:16:28.1091244Z Get:9 https://packages.microsoft.com/ubuntu/24.04/prod noble/main amd64 Packages [510 kB]
interop	Install independent protobuf compiler and Python runtime	2026-10-02T07:16:28.1438201Z Get:10 http://azure.archive.ubuntu.com/ubuntu noble-updates/main amd64 Packages [1364 kB]
interop	Install independent protobuf compiler and Python runtime	2026-10-02T07:16:28.1573588Z Get:11 http://azure.archive.ubuntu.com/ubuntu noble-updates/main Translation-en [304 kB]
interop	Install independent protobuf compiler and Python runtime	2026-10-02T07:16:28.1615304Z Get:12 http://azure.archive.ubuntu.com/ubuntu noble-updates/main amd64 Components [181 kB]
interop	Install independent protobuf compiler and Python runtime	2026-10-02T07:16:28.1671041Z Get:13 http://azure.archive.ubuntu.com/ubuntu noble-updates/universe amd64 Packages [1699 kB]
interop	Install independent protobuf compiler and Python runtime	2026-10-02T07:16:28.1873508Z Get:14 http://azure.archive.ubuntu.com/ubuntu noble-updates/universe Translation-en [341 kB]
interop	Install independent protobuf compiler and Python runtime	2026-10-02T07:16:28.1925565Z Get:15 http://azure.archive.ubuntu.com/ubuntu noble-updates/universe amd64 Components [388 kB]
interop	Install independent protobuf compiler and Python runtime	2026-10-02T07:16:28.1981949Z Get:16 http://azure.archive.ubuntu.com/ubuntu noble-updates/restricted amd64 Packages [1720 kB]
interop	Install independent protobuf compiler and Python runtime	2026-10-02T07:16:28.2207619Z Get:17 http://azure.archive.ubuntu.com/ubuntu noble-updates/restricted Translation-en [394 kB]
interop	Install independent protobuf compiler and Python runtime	2026-10-02T07:16:28.2223524Z Get:18 http://azure.archive.ubuntu.com/ubuntu noble-updates/multiverse amd64 Components [940 B]
interop	Install independent protobuf compiler and Python runtime	2026-10-02T07:16:28.2250832Z Get:19 http://azure.archive.ubuntu.com/ubuntu noble-backports/main amd64 Components [5760 B]
interop	Install independent protobuf compiler and Python runtime	2026-10-02T07:16:28.2689407Z Get:20 http://azure.archive.ubuntu.com/ubuntu noble-backports/universe amd64 Components [12.6 kB]
interop	Install independent protobuf compiler and Python runtime	2026-10-02T07:16:28.2941458Z Get:21 http://azure.archive.ubuntu.com/ubuntu noble-security/main amd64 Packages [1069 kB]
interop	Install independent protobuf compiler and Python runtime	2026-10-02T07:16:28.2990896Z Get:22 http://azure.archive.ubuntu.com/ubuntu noble-security/main Translation-en [221 kB]
interop	Install independent protobuf compiler and Python runtime	2026-10-02T07:16:28.3021433Z Get:23 http://azure.archive.ubuntu.com/ubuntu noble-security/main amd64 Components [46.4 kB]
interop	Install independent protobuf compiler and Python runtime	2026-10-02T07:16:28.3035772Z Get:24 http://azure.archive.ubuntu.com/ubuntu noble-security/universe amd64 Packages [1216 kB]
interop	Install independent protobuf compiler and Python runtime	2026-10-02T07:16:28.3080828Z Get:25 http://azure.archive.ubuntu.com/ubuntu noble-security/universe Translation-en [244 kB]
interop	Install independent protobuf compiler and Python runtime	2026-10-02T07:16:28.3124740Z Get:26 http://azure.archive.ubuntu.com/ubuntu noble-security/universe amd64 Components [76.3 kB]
interop	Install independent protobuf compiler and Python runtime	2026-10-02T07:16:28.3133834Z Get:27 http://azure.archive.ubuntu.com/ubuntu noble-security/restricted amd64 Packages [1566 kB]
interop	Install independent protobuf compiler and Python runtime	2026-10-02T07:16:28.3220805Z Get:28 http://azure.archive.ubuntu.com/ubuntu noble-security/restricted Translation-en [361 kB]
interop	Install independent protobuf compiler and Python runtime	2026-10-02T07:16:32.7547620Z Fetched 12.6 MB in 2s (8080 kB/s)
interop	Install independent protobuf compiler and Python runtime	2026-10-02T07:16:33.5606686Z Reading package lists...
interop	Install independent protobuf compiler and Python runtime	2026-10-02T07:16:33.5965727Z Reading package lists...
interop	Install independent protobuf compiler and Python runtime	2026-10-02T07:16:33.7815317Z Building dependency tree...
interop	Install independent protobuf compiler and Python runtime	2026-10-02T07:16:33.7823273Z Reading state information...
interop	Install independent protobuf compiler and Python runtime	2026-10-02T07:16:33.9354711Z The following additional packages will be installed:
interop	Install independent protobuf compiler and Python runtime	2026-10-02T07:16:33.9358258Z   libprotobuf-dev libprotobuf32t64 libprotoc32t64
interop	Install independent protobuf compiler and Python runtime	2026-10-02T07:16:33.9364662Z Suggested packages:
interop	Install independent protobuf compiler and Python runtime	2026-10-02T07:16:33.9365025Z   protobuf-mode-el
interop	Install independent protobuf compiler and Python runtime	2026-10-02T07:16:33.9559674Z The following NEW packages will be installed:
interop	Install independent protobuf compiler and Python runtime	2026-10-02T07:16:33.9562849Z   libprotobuf-dev libprotobuf32t64 libprotoc32t64 protobuf-compiler
interop	Install independent protobuf compiler and Python runtime	2026-10-02T07:16:33.9563639Z   python3-protobuf
interop	Install independent protobuf compiler and Python runtime	2026-10-02T07:16:33.9742624Z 0 upgraded, 5 newly installed, 0 to remove and 25 not upgraded.
interop	Install independent protobuf compiler and Python runtime	2026-10-02T07:16:33.9743576Z Need to get 3247 kB of archives.
interop	Install independent protobuf compiler and Python runtime	2026-10-02T07:16:33.9744341Z After this operation, 18.9 MB of additional disk space will be used.
interop	Install independent protobuf compiler and Python runtime	2026-10-02T07:16:33.9745116Z Get:1 file:/etc/apt/apt-mirrors.txt Mirrorlist [144 B]
interop	Install independent protobuf compiler and Python runtime	2026-10-02T07:16:34.0179522Z Get:2 http://azure.archive.ubuntu.com/ubuntu noble-updates/main amd64 libprotobuf32t64 amd64 3.21.12-8.2ubuntu0.3 [923 kB]
interop	Install independent protobuf compiler and Python runtime	2026-10-02T07:16:34.0651321Z Get:3 http://azure.archive.ubuntu.com/ubuntu noble-updates/main amd64 libprotoc32t64 amd64 3.21.12-8.2ubuntu0.3 [683 kB]
interop	Install independent protobuf compiler and Python runtime	2026-10-02T07:16:34.2934058Z Get:4 http://azure.archive.ubuntu.com/ubuntu noble-updates/universe amd64 python3-protobuf amd64 3.21.12-8.2ubuntu0.3 [200 kB]
interop	Install independent protobuf compiler and Python runtime	2026-10-02T07:16:34.3212984Z Get:5 http://azure.archive.ubuntu.com/ubuntu noble-updates/main amd64 libprotobuf-dev amd64 3.21.12-8.2ubuntu0.3 [1413 kB]
interop	Install independent protobuf compiler and Python runtime	2026-10-02T07:16:34.3661880Z Get:6 http://azure.archive.ubuntu.com/ubuntu noble-updates/universe amd64 protobuf-compiler amd64 3.21.12-8.2ubuntu0.3 [29.0 kB]
interop	Install independent protobuf compiler and Python runtime	2026-10-02T07:16:34.6421286Z Fetched 3247 kB in 0s (8056 kB/s)
interop	Install independent protobuf compiler and Python runtime	2026-10-02T07:16:34.6732490Z Selecting previously unselected package libprotobuf32t64:amd64.
interop	Install independent protobuf compiler and Python runtime	2026-10-02T07:16:34.7051839Z (Reading database ... 
interop	Install independent protobuf compiler and Python runtime	2026-10-02T07:16:34.7052316Z (Reading database ... 5%
interop	Install independent protobuf compiler and Python runtime	2026-10-02T07:16:34.7052719Z (Reading database ... 10%
interop	Install independent protobuf compiler and Python runtime	2026-10-02T07:16:34.7053094Z (Reading database ... 15%
interop	Install independent protobuf compiler and Python runtime	2026-10-02T07:16:34.7053482Z (Reading database ... 20%
interop	Install independent protobuf compiler and Python runtime	2026-10-02T07:16:34.7053773Z (Reading database ... 25%
interop	Install independent protobuf compiler and Python runtime	2026-10-02T07:16:34.7054012Z (Reading database ... 30%
interop	Install independent protobuf compiler and Python runtime	2026-10-02T07:16:34.7054271Z (Reading database ... 35%
interop	Install independent protobuf compiler and Python runtime	2026-10-02T07:16:34.7054506Z (Reading database ... 40%
interop	Install independent protobuf compiler and Python runtime	2026-10-02T07:16:34.7054754Z (Reading database ... 45%
interop	Install independent protobuf compiler and Python runtime	2026-10-02T07:16:34.7055099Z (Reading database ... 50%
interop	Install independent protobuf compiler and Python runtime	2026-10-02T07:16:34.7096060Z (Reading database ... 55%
interop	Install independent protobuf compiler and Python runtime	2026-10-02T07:16:34.8265047Z (Reading database ... 60%
interop	Install independent protobuf compiler and Python runtime	2026-10-02T07:16:35.0312680Z (Reading database ... 65%
interop	Install independent protobuf compiler and Python runtime	2026-10-02T07:16:35.2214679Z (Reading database ... 70%
interop	Install independent protobuf compiler and Python runtime	2026-10-02T07:16:35.3874338Z (Reading database ... 75%
interop	Install independent protobuf compiler and Python runtime	2026-10-02T07:16:35.5206266Z (Reading database ... 80%
interop	Install independent protobuf compiler and Python runtime	2026-10-02T07:16:35.6790090Z (Reading database ... 85%
interop	Install independent protobuf compiler and Python runtime	2026-10-02T07:16:35.8210367Z (Reading database ... 90%
interop	Install independent protobuf compiler and Python runtime	2026-10-02T07:16:35.9455592Z (Reading database ... 95%
interop	Install independent protobuf compiler and Python runtime	2026-10-02T07:16:35.9456129Z (Reading database ... 100%
interop	Install independent protobuf compiler and Python runtime	2026-10-02T07:16:35.9456536Z (Reading database ... 202296 files and directories currently installed.)
interop	Install independent protobuf compiler and Python runtime	2026-10-02T07:16:35.9499254Z Preparing to unpack .../libprotobuf32t64_3.21.12-8.2ubuntu0.3_amd64.deb ...
interop	Install independent protobuf compiler and Python runtime	2026-10-02T07:16:35.9531370Z Unpacking libprotobuf32t64:amd64 (3.21.12-8.2ubuntu0.3) ...
interop	Install independent protobuf compiler and Python runtime	2026-10-02T07:16:35.9854721Z Selecting previously unselected package libprotoc32t64:amd64.
interop	Install independent protobuf compiler and Python runtime	2026-10-02T07:16:35.9982298Z Preparing to unpack .../libprotoc32t64_3.21.12-8.2ubuntu0.3_amd64.deb ...
interop	Install independent protobuf compiler and Python runtime	2026-10-02T07:16:35.9987786Z Unpacking libprotoc32t64:amd64 (3.21.12-8.2ubuntu0.3) ...
interop	Install independent protobuf compiler and Python runtime	2026-10-02T07:16:36.0280096Z Selecting previously unselected package python3-protobuf.
interop	Install independent protobuf compiler and Python runtime	2026-10-02T07:16:36.0405147Z Preparing to unpack .../python3-protobuf_3.21.12-8.2ubuntu0.3_amd64.deb ...
interop	Install independent protobuf compiler and Python runtime	2026-10-02T07:16:36.0410892Z Unpacking python3-protobuf (3.21.12-8.2ubuntu0.3) ...
interop	Install independent protobuf compiler and Python runtime	2026-10-02T07:16:36.0696949Z Selecting previously unselected package libprotobuf-dev:amd64.
interop	Install independent protobuf compiler and Python runtime	2026-10-02T07:16:36.0822656Z Preparing to unpack .../libprotobuf-dev_3.21.12-8.2ubuntu0.3_amd64.deb ...
interop	Install independent protobuf compiler and Python runtime	2026-10-02T07:16:36.0828088Z Unpacking libprotobuf-dev:amd64 (3.21.12-8.2ubuntu0.3) ...
interop	Install independent protobuf compiler and Python runtime	2026-10-02T07:16:36.1501807Z Selecting previously unselected package protobuf-compiler.
interop	Install independent protobuf compiler and Python runtime	2026-10-02T07:16:36.1630721Z Preparing to unpack .../protobuf-compiler_3.21.12-8.2ubuntu0.3_amd64.deb ...
interop	Install independent protobuf compiler and Python runtime	2026-10-02T07:16:36.1636395Z Unpacking protobuf-compiler (3.21.12-8.2ubuntu0.3) ...
interop	Install independent protobuf compiler and Python runtime	2026-10-02T07:16:36.2058005Z Setting up libprotobuf32t64:amd64 (3.21.12-8.2ubuntu0.3) ...
interop	Install independent protobuf compiler and Python runtime	2026-10-02T07:16:36.2076834Z Setting up libprotobuf-dev:amd64 (3.21.12-8.2ubuntu0.3) ...
interop	Install independent protobuf compiler and Python runtime	2026-10-02T07:16:36.2094102Z Setting up libprotoc32t64:amd64 (3.21.12-8.2ubuntu0.3) ...
interop	Install independent protobuf compiler and Python runtime	2026-10-02T07:16:36.2113439Z Setting up python3-protobuf (3.21.12-8.2ubuntu0.3) ...
interop	Install independent protobuf compiler and Python runtime	2026-10-02T07:16:36.3925443Z Setting up protobuf-compiler (3.21.12-8.2ubuntu0.3) ...
interop	Install independent protobuf compiler and Python runtime	2026-10-02T07:16:36.3944647Z Processing triggers for man-db (2.12.0-4build2) ...
interop	Install independent protobuf compiler and Python runtime	2026-10-02T07:16:36.3965397Z Not building database; man-db/auto-update is not 'true'.
interop	Install independent protobuf compiler and Python runtime	2026-10-02T07:16:36.3976469Z Processing triggers for libc-bin (2.39-0ubuntu8.9) ...
interop	Install independent protobuf compiler and Python runtime	2026-10-02T07:16:37.0455134Z 
interop	Install independent protobuf compiler and Python runtime	2026-10-02T07:16:37.0455721Z Running kernel seems to be up-to-date.
interop	Install independent protobuf compiler and Python runtime	2026-10-02T07:16:37.0456107Z 
interop	Install independent protobuf compiler and Python runtime	2026-10-02T07:16:37.0456297Z No services need to be restarted.
interop	Install independent protobuf compiler and Python runtime	2026-10-02T07:16:37.0456623Z 
interop	Install independent protobuf compiler and Python runtime	2026-10-02T07:16:37.0456811Z No containers need to be restarted.
interop	Install independent protobuf compiler and Python runtime	2026-10-02T07:16:37.0457112Z 
interop	Install independent protobuf compiler and Python runtime	2026-10-02T07:16:37.0457324Z No user sessions are running outdated binaries.
interop	Install independent protobuf compiler and Python runtime	2026-10-02T07:16:37.0457678Z 
interop	Install independent protobuf compiler and Python runtime	2026-10-02T07:16:37.0458022Z No VM guests are running outdated hypervisor (qemu) binaries on this host.
interop	Check Go envelope and SDK recovery decisions	﻿2026-10-02T07:16:37.9772574Z ##[group]Run go run -p=1 ./scripts/protocol-vectors > "$RUNNER_TEMP/protocol-vectors.json"
interop	Check Go envelope and SDK recovery decisions	2026-10-02T07:16:37.9773236Z ^[[36;1mgo run -p=1 ./scripts/protocol-vectors > "$RUNNER_TEMP/protocol-vectors.json"^[[0m
interop	Check Go envelope and SDK recovery decisions	2026-10-02T07:16:37.9773820Z ^[[36;1mcmp protocol/testdata/vectors.json "$RUNNER_TEMP/protocol-vectors.json"^[[0m
interop	Check Go envelope and SDK recovery decisions	2026-10-02T07:16:37.9774282Z ^[[36;1mgo test -p=1 -race ./journal ./protocol/...^[[0m
interop	Check Go envelope and SDK recovery decisions	2026-10-02T07:16:37.9846590Z shell: /usr/bin/bash -e {0}
interop	Check Go envelope and SDK recovery decisions	2026-10-02T07:16:37.9846865Z env:
interop	Check Go envelope and SDK recovery decisions	2026-10-02T07:16:37.9847076Z   GOMEMLIMIT: 512MiB
interop	Check Go envelope and SDK recovery decisions	2026-10-02T07:16:37.9847303Z   GOMAXPROCS: 2
interop	Check Go envelope and SDK recovery decisions	2026-10-02T07:16:37.9847513Z ##[endgroup]
interop	Check Go envelope and SDK recovery decisions	2026-10-02T07:16:38.0070026Z go: downloading google.golang.org/protobuf v1.36.6
interop	Check Go envelope and SDK recovery decisions	2026-10-02T07:16:50.4958499Z ok  	js-wf/journal	1.024s
interop	Check Go envelope and SDK recovery decisions	2026-10-02T07:16:52.8536322Z ok  	js-wf/protocol	1.105s
interop	Check Go envelope and SDK recovery decisions	2026-10-02T07:16:52.8537010Z ?   	js-wf/protocol/v1	[no test files]
interop	Verify real protobuf worker, mixed-format compaction and CLI	﻿2026-10-02T07:16:52.8759459Z ##[group]Run set -euo pipefail
interop	Verify real protobuf worker, mixed-format compaction and CLI	2026-10-02T07:16:52.8760058Z ^[[36;1mset -euo pipefail^[[0m
interop	Verify real protobuf worker, mixed-format compaction and CLI	2026-10-02T07:16:52.8761159Z ^[[36;1mgo test -p=1 ./integration -list '^TestProtobufWorkerResumesJSONPrefixAndCompacts$' | grep -Fx 'TestProtobufWorkerResumesJSONPrefixAndCompacts'^[[0m
interop	Verify real protobuf worker, mixed-format compaction and CLI	2026-10-02T07:16:52.8762162Z ^[[36;1mgo test -p=1 ./integration -list '^TestJSONWorkerResumesProtobufStep$' | grep -Fx 'TestJSONWorkerResumesProtobufStep'^[[0m
interop	Verify real protobuf worker, mixed-format compaction and CLI	2026-10-02T07:16:52.8763217Z ^[[36;1mgo test -p=1 ./integration -list '^TestProjectionRebuildLagAndPurge$' | grep -Fx 'TestProjectionRebuildLagAndPurge'^[[0m
interop	Verify real protobuf worker, mixed-format compaction and CLI	2026-10-02T07:16:52.8764149Z ^[[36;1mgo test -p=1 ./integration -list '^TestReplicatedConfirmedAckWithHeldReply$' | grep -Fx 'TestReplicatedConfirmedAckWithHeldReply'^[[0m
interop	Verify real protobuf worker, mixed-format compaction and CLI	2026-10-02T07:16:52.8765192Z ^[[36;1mgo test -p=1 ./worker -list '^TestConfirmedDispatchAcknowledgementRespectsDeadline$' | grep -Fx 'TestConfirmedDispatchAcknowledgementRespectsDeadline'^[[0m
interop	Verify real protobuf worker, mixed-format compaction and CLI	2026-10-02T07:16:52.8766160Z ^[[36;1mgo test -p=1 ./cmd/wf-worker -list '^TestWorkerRunnerProtobufJournal$' | grep -Fx 'TestWorkerRunnerProtobufJournal'^[[0m
interop	Verify real protobuf worker, mixed-format compaction and CLI	2026-10-02T07:16:52.8767398Z ^[[36;1mgo test -p=1 -race ./integration -run '^(TestProtobufWorkerResumesJSONPrefixAndCompacts|TestJSONWorkerResumesProtobufStep|TestProjectionRebuildLagAndPurge|TestReplicatedConfirmedAckWithHeldReply)$' -count=1 -v^[[0m
interop	Verify real protobuf worker, mixed-format compaction and CLI	2026-10-02T07:16:52.8768571Z ^[[36;1mgo test -p=1 -race ./worker -run '^TestConfirmedDispatchAcknowledgementRespectsDeadline$' -count=1 -v^[[0m
interop	Verify real protobuf worker, mixed-format compaction and CLI	2026-10-02T07:16:52.8769253Z ^[[36;1mgo test -p=1 -race ./cmd/wf-worker -run '^TestWorkerRunnerProtobufJournal$' -count=1 -v^[[0m
interop	Verify real protobuf worker, mixed-format compaction and CLI	2026-10-02T07:16:52.8839451Z shell: /usr/bin/bash -e {0}
interop	Verify real protobuf worker, mixed-format compaction and CLI	2026-10-02T07:16:52.8839731Z env:
interop	Verify real protobuf worker, mixed-format compaction and CLI	2026-10-02T07:16:52.8840121Z   GOMEMLIMIT: 512MiB
interop	Verify real protobuf worker, mixed-format compaction and CLI	2026-10-02T07:16:52.8840361Z   GOMAXPROCS: 2
interop	Verify real protobuf worker, mixed-format compaction and CLI	2026-10-02T07:16:52.8840576Z ##[endgroup]
interop	Verify real protobuf worker, mixed-format compaction and CLI	2026-10-02T07:17:17.2637300Z TestProtobufWorkerResumesJSONPrefixAndCompacts
interop	Verify real protobuf worker, mixed-format compaction and CLI	2026-10-02T07:17:18.2482084Z TestJSONWorkerResumesProtobufStep
interop	Verify real protobuf worker, mixed-format compaction and CLI	2026-10-02T07:17:19.2027617Z TestProjectionRebuildLagAndPurge
interop	Verify real protobuf worker, mixed-format compaction and CLI	2026-10-02T07:17:20.1732802Z TestReplicatedConfirmedAckWithHeldReply
interop	Verify real protobuf worker, mixed-format compaction and CLI	2026-10-02T07:17:22.0018390Z TestConfirmedDispatchAcknowledgementRespectsDeadline
interop	Verify real protobuf worker, mixed-format compaction and CLI	2026-10-02T07:17:24.1213283Z TestWorkerRunnerProtobufJournal
interop	Verify real protobuf worker, mixed-format compaction and CLI	2026-10-02T07:17:37.8183592Z === RUN   TestReplicatedConfirmedAckWithHeldReply
interop	Verify real protobuf worker, mixed-format compaction and CLI	2026-10-02T07:17:40.7218425Z     confirmed_ack_contract_test.go:106: confirmed=false: held server replies, committed consumer ACK observed independently, stream drain; ambiguous DoubleAck retry confirmed
interop	Verify real protobuf worker, mixed-format compaction and CLI	2026-10-02T07:17:40.9782755Z     confirmed_ack_contract_test.go:106: confirmed=true: held server replies, committed consumer ACK observed independently, stream drain; ambiguous DoubleAck retry confirmed
interop	Verify real protobuf worker, mixed-format compaction and CLI	2026-10-02T07:17:41.0623949Z --- PASS: TestReplicatedConfirmedAckWithHeldReply (3.24s)
interop	Verify real protobuf worker, mixed-format compaction and CLI	2026-10-02T07:17:41.0628028Z === RUN   TestProtobufWorkerResumesJSONPrefixAndCompacts
interop	Verify real protobuf worker, mixed-format compaction and CLI	2026-10-02T07:17:44.1927943Z     journal_encoding_test.go:125: R3 mixed JSON/protobuf: four entries, one effect/terminal, all-peer audit, live/snapshot blob retention and compaction pass
interop	Verify real protobuf worker, mixed-format compaction and CLI	2026-10-02T07:17:44.3162919Z --- PASS: TestProtobufWorkerResumesJSONPrefixAndCompacts (3.25s)
interop	Verify real protobuf worker, mixed-format compaction and CLI	2026-10-02T07:17:44.3163753Z === RUN   TestJSONWorkerResumesProtobufStep
interop	Verify real protobuf worker, mixed-format compaction and CLI	2026-10-02T07:17:44.3164342Z === RUN   TestJSONWorkerResumesProtobufStep/completed=false
interop	Verify real protobuf worker, mixed-format compaction and CLI	2026-10-02T07:17:47.2635815Z     journal_encoding_test.go:242: protobuf-to-JSON recovery completed=false effects=2: retained prefix, higher epoch and all-peer audit pass
interop	Verify real protobuf worker, mixed-format compaction and CLI	2026-10-02T07:17:47.3862778Z === RUN   TestJSONWorkerResumesProtobufStep/completed=true
interop	Verify real protobuf worker, mixed-format compaction and CLI	2026-10-02T07:17:50.2959179Z     journal_encoding_test.go:242: protobuf-to-JSON recovery completed=true effects=1: retained prefix, higher epoch and all-peer audit pass
interop	Verify real protobuf worker, mixed-format compaction and CLI	2026-10-02T07:17:50.4239645Z --- PASS: TestJSONWorkerResumesProtobufStep (6.11s)
interop	Verify real protobuf worker, mixed-format compaction and CLI	2026-10-02T07:17:50.4240551Z     --- PASS: TestJSONWorkerResumesProtobufStep/completed=false (3.07s)
interop	Verify real protobuf worker, mixed-format compaction and CLI	2026-10-02T07:17:50.4241138Z     --- PASS: TestJSONWorkerResumesProtobufStep/completed=true (3.04s)
interop	Verify real protobuf worker, mixed-format compaction and CLI	2026-10-02T07:17:50.4253516Z === RUN   TestProjectionRebuildLagAndPurge
interop	Verify real protobuf worker, mixed-format compaction and CLI	2026-10-02T07:17:50.4254172Z === RUN   TestProjectionRebuildLagAndPurge/json
interop	Verify real protobuf worker, mixed-format compaction and CLI	2026-10-02T07:17:54.3762732Z === RUN   TestProjectionRebuildLagAndPurge/protobuf-v1
interop	Verify real protobuf worker, mixed-format compaction and CLI	2026-10-02T07:17:58.4236257Z --- PASS: TestProjectionRebuildLagAndPurge (8.00s)
interop	Verify real protobuf worker, mixed-format compaction and CLI	2026-10-02T07:17:58.4237098Z     --- PASS: TestProjectionRebuildLagAndPurge/json (3.95s)
interop	Verify real protobuf worker, mixed-format compaction and CLI	2026-10-02T07:17:58.4238292Z     --- PASS: TestProjectionRebuildLagAndPurge/protobuf-v1 (4.05s)
interop	Verify real protobuf worker, mixed-format compaction and CLI	2026-10-02T07:17:58.4238982Z PASS
interop	Verify real protobuf worker, mixed-format compaction and CLI	2026-10-02T07:17:59.4404039Z ok  	js-wf/integration	21.634s
interop	Verify real protobuf worker, mixed-format compaction and CLI	2026-10-02T07:18:01.9866018Z === RUN   TestConfirmedDispatchAcknowledgementRespectsDeadline
interop	Verify real protobuf worker, mixed-format compaction and CLI	2026-10-02T07:18:01.9866698Z === RUN   TestConfirmedDispatchAcknowledgementRespectsDeadline/success
interop	Verify real protobuf worker, mixed-format compaction and CLI	2026-10-02T07:18:01.9868333Z === RUN   TestConfirmedDispatchAcknowledgementRespectsDeadline/parent_deadline
interop	Verify real protobuf worker, mixed-format compaction and CLI	2026-10-02T07:18:02.0072926Z === RUN   TestConfirmedDispatchAcknowledgementRespectsDeadline/cancelled
interop	Verify real protobuf worker, mixed-format compaction and CLI	2026-10-02T07:18:02.0074970Z --- PASS: TestConfirmedDispatchAcknowledgementRespectsDeadline (0.02s)
interop	Verify real protobuf worker, mixed-format compaction and CLI	2026-10-02T07:18:02.0076050Z     --- PASS: TestConfirmedDispatchAcknowledgementRespectsDeadline/success (0.00s)
interop	Verify real protobuf worker, mixed-format compaction and CLI	2026-10-02T07:18:02.0077313Z     --- PASS: TestConfirmedDispatchAcknowledgementRespectsDeadline/parent_deadline (0.02s)
interop	Verify real protobuf worker, mixed-format compaction and CLI	2026-10-02T07:18:02.0078469Z     --- PASS: TestConfirmedDispatchAcknowledgementRespectsDeadline/cancelled (0.00s)
interop	Verify real protobuf worker, mixed-format compaction and CLI	2026-10-02T07:18:02.0079111Z PASS
interop	Verify real protobuf worker, mixed-format compaction and CLI	2026-10-02T07:18:03.0089338Z ok  	js-wf/worker	1.033s
interop	Verify real protobuf worker, mixed-format compaction and CLI	2026-10-02T07:18:05.4148950Z === RUN   TestWorkerRunnerProtobufJournal
interop	Verify real protobuf worker, mixed-format compaction and CLI	2026-10-02T07:18:30.7536462Z --- PASS: TestWorkerRunnerProtobufJournal (25.34s)
interop	Verify real protobuf worker, mixed-format compaction and CLI	2026-10-02T07:18:30.7538116Z PASS
interop	Verify real protobuf worker, mixed-format compaction and CLI	2026-10-02T07:18:31.7627012Z ok  	js-wf/cmd/wf-worker	26.358s
interop	Exchange exact uint64 and JSON payload bytes with Python	﻿2026-10-02T07:18:31.7853775Z ##[group]Run set -euo pipefail
interop	Exchange exact uint64 and JSON payload bytes with Python	2026-10-02T07:18:31.7854122Z ^[[36;1mset -euo pipefail^[[0m
interop	Exchange exact uint64 and JSON payload bytes with Python	2026-10-02T07:18:31.7854416Z ^[[36;1mmkdir -p protocol-evidence/generated^[[0m
interop	Exchange exact uint64 and JSON payload bytes with Python	2026-10-02T07:18:31.7854810Z ^[[36;1mprotoc --version | tee protocol-evidence/versions.log^[[0m
interop	Exchange exact uint64 and JSON payload bytes with Python	2026-10-02T07:18:31.7855451Z ^[[36;1m/usr/bin/python3 -c 'import google.protobuf; print(google.protobuf.__version__)' | tee -a protocol-evidence/versions.log^[[0m
interop	Exchange exact uint64 and JSON payload bytes with Python	2026-10-02T07:18:31.7856142Z ^[[36;1mprotoc --python_out=protocol-evidence/generated protocol/v1/journal.proto^[[0m
interop	Exchange exact uint64 and JSON payload bytes with Python	2026-10-02T07:18:31.7856931Z ^[[36;1m/usr/bin/python3 scripts/check-protocol-interop.py protocol-evidence/generated protocol-evidence/python | tee protocol-evidence/interop.log^[[0m
interop	Exchange exact uint64 and JSON payload bytes with Python	2026-10-02T07:18:31.7858016Z ^[[36;1mPROTOCOL_INTEROP_DIR="$GITHUB_WORKSPACE/protocol-evidence/python" go test -p=1 -race ./protocol -run '^TestPortableVectors$' -v | tee protocol-evidence/reverse.log^[[0m
interop	Exchange exact uint64 and JSON payload bytes with Python	2026-10-02T07:18:31.7859065Z ^[[36;1msha256sum protocol/v1/journal.proto protocol/testdata/vectors.json protocol-evidence/python/vectors.json > protocol-evidence/SHA256SUMS^[[0m
interop	Exchange exact uint64 and JSON payload bytes with Python	2026-10-02T07:18:31.7931116Z shell: /usr/bin/bash --noprofile --norc -e -o pipefail {0}
interop	Exchange exact uint64 and JSON payload bytes with Python	2026-10-02T07:18:31.7931476Z env:
interop	Exchange exact uint64 and JSON payload bytes with Python	2026-10-02T07:18:31.7931682Z   GOMEMLIMIT: 512MiB
interop	Exchange exact uint64 and JSON payload bytes with Python	2026-10-02T07:18:31.7931916Z   GOMAXPROCS: 2
interop	Exchange exact uint64 and JSON payload bytes with Python	2026-10-02T07:18:31.7932121Z ##[endgroup]
interop	Exchange exact uint64 and JSON payload bytes with Python	2026-10-02T07:18:31.8058374Z libprotoc 3.21.12
interop	Exchange exact uint64 and JSON payload bytes with Python	2026-10-02T07:18:31.8209725Z 4.21.12
interop	Exchange exact uint64 and JSON payload bytes with Python	2026-10-02T07:18:31.8638411Z PASS Go-to-Python interchange and persisted storage: 8 records; wrote 8 independent Python-to-Go records
interop	Exchange exact uint64 and JSON payload bytes with Python	2026-10-02T07:18:32.4730233Z === RUN   TestPortableVectors
interop	Exchange exact uint64 and JSON payload bytes with Python	2026-10-02T07:18:32.4738607Z === RUN   TestPortableVectors/Started
interop	Exchange exact uint64 and JSON payload bytes with Python	2026-10-02T07:18:32.4744042Z === RUN   TestPortableVectors/StepRequested
interop	Exchange exact uint64 and JSON payload bytes with Python	2026-10-02T07:18:32.4746067Z === RUN   TestPortableVectors/StepCompleted
interop	Exchange exact uint64 and JSON payload bytes with Python	2026-10-02T07:18:32.4747921Z === RUN   TestPortableVectors/Suspended
interop	Exchange exact uint64 and JSON payload bytes with Python	2026-10-02T07:18:32.4749704Z === RUN   TestPortableVectors/SignalConsumed
interop	Exchange exact uint64 and JSON payload bytes with Python	2026-10-02T07:18:32.4752317Z === RUN   TestPortableVectors/Attempt
interop	Exchange exact uint64 and JSON payload bytes with Python	2026-10-02T07:18:32.4753710Z === RUN   TestPortableVectors/Completed
interop	Exchange exact uint64 and JSON payload bytes with Python	2026-10-02T07:18:32.4755546Z === RUN   TestPortableVectors/Failed
interop	Exchange exact uint64 and JSON payload bytes with Python	2026-10-02T07:18:32.4757535Z --- PASS: TestPortableVectors (0.00s)
interop	Exchange exact uint64 and JSON payload bytes with Python	2026-10-02T07:18:32.4758012Z     --- PASS: TestPortableVectors/Started (0.00s)
interop	Exchange exact uint64 and JSON payload bytes with Python	2026-10-02T07:18:32.4758467Z     --- PASS: TestPortableVectors/StepRequested (0.00s)
interop	Exchange exact uint64 and JSON payload bytes with Python	2026-10-02T07:18:32.4759127Z     --- PASS: TestPortableVectors/StepCompleted (0.00s)
interop	Exchange exact uint64 and JSON payload bytes with Python	2026-10-02T07:18:32.4759947Z     --- PASS: TestPortableVectors/Suspended (0.00s)
interop	Exchange exact uint64 and JSON payload bytes with Python	2026-10-02T07:18:32.4760591Z     --- PASS: TestPortableVectors/SignalConsumed (0.00s)
interop	Exchange exact uint64 and JSON payload bytes with Python	2026-10-02T07:18:32.4761460Z     --- PASS: TestPortableVectors/Attempt (0.00s)
interop	Exchange exact uint64 and JSON payload bytes with Python	2026-10-02T07:18:32.4761870Z     --- PASS: TestPortableVectors/Completed (0.00s)
interop	Exchange exact uint64 and JSON payload bytes with Python	2026-10-02T07:18:32.4762257Z     --- PASS: TestPortableVectors/Failed (0.00s)
interop	Exchange exact uint64 and JSON payload bytes with Python	2026-10-02T07:18:32.4762538Z PASS
interop	Exchange exact uint64 and JSON payload bytes with Python	2026-10-02T07:18:33.4774345Z ok  	js-wf/protocol	1.013s
interop	Run actions/upload-artifact@v4	﻿2026-10-02T07:18:33.4999651Z ##[group]Run actions/upload-artifact@v4
interop	Run actions/upload-artifact@v4	2026-10-02T07:18:33.5000157Z with:
interop	Run actions/upload-artifact@v4	2026-10-02T07:18:33.5000382Z   name: journal-protocol-interop
interop	Run actions/upload-artifact@v4	2026-10-02T07:18:33.5000658Z   path: protocol-evidence/
interop	Run actions/upload-artifact@v4	2026-10-02T07:18:33.5000908Z   if-no-files-found: warn
interop	Run actions/upload-artifact@v4	2026-10-02T07:18:33.5001153Z   compression-level: 6
interop	Run actions/upload-artifact@v4	2026-10-02T07:18:33.5001379Z   overwrite: false
interop	Run actions/upload-artifact@v4	2026-10-02T07:18:33.5001605Z   include-hidden-files: false
interop	Run actions/upload-artifact@v4	2026-10-02T07:18:33.5001847Z env:
interop	Run actions/upload-artifact@v4	2026-10-02T07:18:33.5002052Z   GOMEMLIMIT: 512MiB
interop	Run actions/upload-artifact@v4	2026-10-02T07:18:33.5002277Z   GOMAXPROCS: 2
interop	Run actions/upload-artifact@v4	2026-10-02T07:18:33.5002482Z ##[endgroup]
interop	Run actions/upload-artifact@v4	2026-10-02T07:18:33.6626197Z (node:7499) [DEP0040] DeprecationWarning: The `punycode` module is deprecated. Please use a userland alternative instead.
interop	Run actions/upload-artifact@v4	2026-10-02T07:18:33.6627031Z (Use `node --trace-deprecation ...` to show where the warning was created)
interop	Run actions/upload-artifact@v4	2026-10-02T07:18:33.6718954Z With the provided path, there will be 7 files uploaded
interop	Run actions/upload-artifact@v4	2026-10-02T07:18:33.6730477Z Artifact name is valid!
interop	Run actions/upload-artifact@v4	2026-10-02T07:18:33.6731079Z Root directory input is valid!
interop	Run actions/upload-artifact@v4	2026-10-02T07:18:33.9163116Z Beginning upload of artifact content to blob storage
interop	Run actions/upload-artifact@v4	2026-10-02T07:18:33.9452663Z (node:7499) [DEP0169] DeprecationWarning: `url.parse()` behavior is not standardized and prone to errors that have security implications. Use the WHATWG URL API instead. CVEs are not issued for `url.parse()` vulnerabilities.
interop	Run actions/upload-artifact@v4	2026-10-02T07:18:34.0465820Z Uploaded bytes 4094
interop	Run actions/upload-artifact@v4	2026-10-02T07:18:34.0806308Z Finished uploading artifact content to blob storage!
interop	Run actions/upload-artifact@v4	2026-10-02T07:18:34.0807336Z SHA256 digest of uploaded artifact zip is a22becde78c7e430f1b561f8fd4a325b22bd1e6c68fa168ce170d64092453d0a
interop	Run actions/upload-artifact@v4	2026-10-02T07:18:34.0808865Z Finalizing artifact upload
interop	Run actions/upload-artifact@v4	2026-10-02T07:18:34.2854560Z Artifact journal-protocol-interop.zip successfully finalized. Artifact ID 11213674595
interop	Run actions/upload-artifact@v4	2026-10-02T07:18:34.2855939Z Artifact journal-protocol-interop has been successfully uploaded! Final size is 4094 bytes. Artifact ID is 11213674595
interop	Run actions/upload-artifact@v4	2026-10-02T07:18:34.2862483Z Artifact download URL: https://github.com/AntPAllen/js-wf/actions/runs/36977640313/artifacts/11213674595
interop	Post Run actions/setup-go@v5	﻿2026-10-02T07:18:34.3027719Z Post job cleanup.
interop	Post Run actions/setup-go@v5	2026-10-02T07:18:34.4252675Z (node:7511) [DEP0040] DeprecationWarning: The `punycode` module is deprecated. Please use a userland alternative instead.
interop	Post Run actions/setup-go@v5	2026-10-02T07:18:34.4253552Z (Use `node --trace-deprecation ...` to show where the warning was created)
interop	Post Run actions/setup-go@v5	2026-10-02T07:18:34.4337495Z [command]/opt/hostedtoolcache/go/1.27.1/x64/bin/go env GOMODCACHE
interop	Post Run actions/setup-go@v5	2026-10-02T07:18:34.4380400Z [command]/opt/hostedtoolcache/go/1.27.1/x64/bin/go env GOCACHE
interop	Post Run actions/setup-go@v5	2026-10-02T07:18:34.4418383Z /home/runner/go/pkg/mod
interop	Post Run actions/setup-go@v5	2026-10-02T07:18:34.4446254Z /home/runner/.cache/go-build
interop	Post Run actions/setup-go@v5	2026-10-02T07:18:34.4452323Z Cache hit occurred on the primary key setup-go-Linux-x64-ubuntu24-go-1.27.1-05fc3b25fc9f8da09ce7d05c0dc054d40239ab068ad334b7c31a444aad3c64eb, not saving cache.
interop	Post Run actions/checkout@v4	﻿2026-10-02T07:18:34.4635614Z Post job cleanup.
interop	Post Run actions/checkout@v4	2026-10-02T07:18:34.5561160Z [command]/usr/bin/git version
interop	Post Run actions/checkout@v4	2026-10-02T07:18:34.5610358Z git version 2.55.0
interop	Post Run actions/checkout@v4	2026-10-02T07:18:34.5654878Z Temporarily overriding HOME='/home/runner/work/_temp/459fbf80-50ca-418e-a5b0-95dc127361a5' before making global git config changes
interop	Post Run actions/checkout@v4	2026-10-02T07:18:34.5656494Z Adding repository directory to the temporary git global config as a safe directory
interop	Post Run actions/checkout@v4	2026-10-02T07:18:34.5658728Z [command]/usr/bin/git config --global --add safe.directory /home/runner/work/js-wf/js-wf
interop	Post Run actions/checkout@v4	2026-10-02T07:18:34.5707776Z [command]/usr/bin/git config --local --name-only --get-regexp core\.sshCommand
interop	Post Run actions/checkout@v4	2026-10-02T07:18:34.5766902Z [command]/usr/bin/git submodule foreach --recursive sh -c "git config --local --name-only --get-regexp 'core\.sshCommand' && git config --local --unset-all 'core.sshCommand' || :"
interop	Post Run actions/checkout@v4	2026-10-02T07:18:34.6136183Z [command]/usr/bin/git config --local --name-only --get-regexp http\.https\:\/\/github\.com\/\.extraheader
interop	Post Run actions/checkout@v4	2026-10-02T07:18:34.6185576Z http.https://github.com/.extraheader
interop	Post Run actions/checkout@v4	2026-10-02T07:18:34.6198381Z [command]/usr/bin/git config --local --unset-all http.https://github.com/.extraheader
interop	Post Run actions/checkout@v4	2026-10-02T07:18:34.6246637Z [command]/usr/bin/git submodule foreach --recursive sh -c "git config --local --name-only --get-regexp 'http\.https\:\/\/github\.com\/\.extraheader' && git config --local --unset-all 'http.https://github.com/.extraheader' || :"
interop	Post Run actions/checkout@v4	2026-10-02T07:18:34.6620176Z [command]/usr/bin/git config --local --name-only --get-regexp ^includeIf\.gitdir:
interop	Post Run actions/checkout@v4	2026-10-02T07:18:34.6676662Z [command]/usr/bin/git submodule foreach --recursive git config --local --show-origin --name-only --get-regexp remote.origin.url
interop	Complete job	﻿2026-10-02T07:18:34.7102395Z Cleaning up orphan processes
interop	Complete job	2026-10-02T07:18:34.7445307Z ##[warning]Node.js 20 is deprecated. The following actions target Node.js 20 but are being forced to run on Node.js 24: actions/checkout@v4, actions/setup-go@v5, actions/upload-artifact@v4. For more information see: https://github.blog/changelog/2025-09-19-deprecation-of-node-20-on-github-actions-runners/
