{
  "accepted": true,
  "source": "78e2a0ccac857de9c1ea994e57ed34061250f01b",
  "git_verified_inputs": 3374,
  "full_sdk_race_top_tests": 67,
  "input_binding_sdk_controls": 15,
  "input_binding_preplugin_controls": 2,
  "format_controls": 14,
  "metadata_controls": 62,
  "selected_child_controls": 10,
  "cli_format_preplugin_controls": 3,
  "native_export_cases": 6,
  "worker_export_controls": 8,
  "normal_saved_traces": 848,
  "cli_provenance_controls": 20,
  "legacy_plugin_pass": true,
  "required_negative_failures": 50,
  "input_binding_required_negative_failures": 2,
  "offline_cli_invocations": 209,
  "healthy_native_replays_each_format": 48,
  "missing_objects_each_format": 28,
  "missing_stages_each_format": 20,
  "declared_graph_mutation_rejections": 6,
  "unversioned_compatibility_controls": 6,
  "old_changed_input_accepted": true,
  "new_changed_input_rejected": true,
  "actual_supervisor_exit": 0,
  "supervisor_exit_proven": true,
  "producer_source": "ccc8f190311608e5d768041a05e30770bf2295f4",
  "reviewed": "2026-10-10T13:03:38.646000+00:00",
  "scope": "Shared SDK/CLI/export journal order, unambiguous imported journal headers, contradictory worker epoch ownership and terminal identity, envelope/input/format/metadata/child controls and retained native bundles. External authenticity, full import/fault/retention/admission/latest seeded/extended and broader original gates remain open.",
  "record_order_sdk_controls": 15,
  "record_order_preplugin_controls": 18,
  "envelope_controls": 14,
  "required_record_order_negative_failures": 31,
  "epoch_worker_sdk_controls": 8,
  "epoch_worker_preplugin_controls": 2,
  "required_epoch_worker_negative_failures": 4,
  "journal_header_controls": 15,
  "required_journal_header_negative_failures": 13,
  "events_sha256": {
    "wf-events.jsonl": "0f015b2f63d931e7aa23316378d1b2d81be9f34899dd7e12612bfbb755a7f4f8",
    "sim-events.jsonl": "0df061c902e6ea3144cf0919ca238daa798de980a93320a5de9eb284f8966b17",
    "cmd-wf-events.jsonl": "cee432b7e01c4e80c8a8b0ad5e1f6468cd61dc6b73c95ab45e58b677e8f9c52a",
    "worker-events.jsonl": "769a85aa023d46dcb153e118893bb41f9b26fb6e643bb88b4f8af7c79cdf7869"
  }
}
