{
  "scope": "Component development evidence; original whole-plan gates remain open.",
  "source_sha256": {
    "worker/worker.go": "e92760288e0c8758b7a41ab7b6b73ccbff92086ea9bf44a32b4cf809f6ee40dc",
    "worker/continuation.go": "31728e68a9d0568e086df1a74913e03b1c9c504ad8418a20ac9e66ab4d94f16d",
    "worker/continuation_maintenance.go": "733162ebb9650fb4e9076cae97e637c1f6f5f491799a000ec7922275fa907c87",
    "worker/graph_continuation_export_test.go": "c2cce0fb40c115aee5162107744c347ffb25261b156c56934b93e9ccf11415fb",
    "worker/continuation_maintenance_test.go": "6dc7298a0798fffcdf6ec07d13e71982a6ccf6c87f98278aee96778a123998a4",
    "journal/graph_compaction.go": "808f326606a71671d4a616f19f0e12b88c014af2556ef9c14c77b6920e33a789",
    "journal/graph_compaction_lifecycle.go": "6e7bc8fdc52f4945645ed8e18d61a953594e4808918f7c1cd27cc4142c5d5898",
    "journal/graph_checkpoint_publication.go": "8f851367c589736d007347022bd289fa0b8d7507eab98dc58e6e2cd1c2530cf4",
    "journal/graph_checkpoint_scan.go": "acbbda1781ba8bc2a08363cba251d0c02504fba44d6e4f7a6536805633183ddb",
    "internal/graphpublication/compaction_commit.go": "e88ad9ace3ad57dfe1e05e534031d71c424ec8d5655621c3c2211a59c8183761",
    "internal/graphpublication/compaction_stage.go": "f54b70823489a7a5e51185f14ce1a9ee0adb7d233c08be50896e5776a39ddc26",
    "sim/graph_checkpoint_compaction_test.go": "168f6f4e904623b2161a3bfa45c0803007e57ba20171c40540b1a588720cd6f9"
  },
  "maintenance_controls": 22,
  "lease_bypass_failures": 10,
  "budget_bypass_failures": 22,
  "unchanged_saved_pins": 853,
  "native_budget": 20,
  "handoff_repair_controls": 7,
  "worker_record_budget": 128,
  "worker_node_budget": 256,
  "outer_handoff_deadline_seconds": 15,
  "intent_renewal": false,
  "durable_runtime_progress": false,
  "actual100000_accepted": false
}
