=== RUN   TestEstimateBoundsAnchorUnderSkewLossAndReordering
--- PASS: TestEstimateBoundsAnchorUnderSkewLossAndReordering (0.04s)
=== RUN   TestEstimateDoesNotTrustNarrowedIntersectionAlone
--- PASS: TestEstimateDoesNotTrustNarrowedIntersectionAlone (0.00s)
=== RUN   TestEstimateRejectsDuplicateMalformedAndUnboundedSources
=== RUN   TestEstimateRejectsDuplicateMalformedAndUnboundedSources/duplicate
=== RUN   TestEstimateRejectsDuplicateMalformedAndUnboundedSources/empty_id
=== RUN   TestEstimateRejectsDuplicateMalformedAndUnboundedSources/zero_time
=== RUN   TestEstimateRejectsDuplicateMalformedAndUnboundedSources/negative_start
=== RUN   TestEstimateRejectsDuplicateMalformedAndUnboundedSources/reversed
=== RUN   TestEstimateRejectsDuplicateMalformedAndUnboundedSources/slow
=== RUN   TestEstimateRejectsDuplicateMalformedAndUnboundedSources/disagreement
--- PASS: TestEstimateRejectsDuplicateMalformedAndUnboundedSources (0.00s)
    --- PASS: TestEstimateRejectsDuplicateMalformedAndUnboundedSources/duplicate (0.00s)
    --- PASS: TestEstimateRejectsDuplicateMalformedAndUnboundedSources/empty_id (0.00s)
    --- PASS: TestEstimateRejectsDuplicateMalformedAndUnboundedSources/zero_time (0.00s)
    --- PASS: TestEstimateRejectsDuplicateMalformedAndUnboundedSources/negative_start (0.00s)
    --- PASS: TestEstimateRejectsDuplicateMalformedAndUnboundedSources/reversed (0.00s)
    --- PASS: TestEstimateRejectsDuplicateMalformedAndUnboundedSources/slow (0.00s)
    --- PASS: TestEstimateRejectsDuplicateMalformedAndUnboundedSources/disagreement (0.00s)
=== RUN   TestEstimateBoundsAnchorWithTwoSkewedServers
--- PASS: TestEstimateBoundsAnchorWithTwoSkewedServers (0.00s)
=== RUN   TestEstimateRejectsOverflowingErrorWindow
--- PASS: TestEstimateRejectsOverflowingErrorWindow (0.00s)
=== RUN   TestSamplerIndependentSourcesAndLoss
=== RUN   TestSamplerIndependentSourcesAndLoss/ahead
=== RUN   TestSamplerIndependentSourcesAndLoss/behind
=== RUN   TestSamplerIndependentSourcesAndLoss/unavailable
--- PASS: TestSamplerIndependentSourcesAndLoss (0.05s)
    --- PASS: TestSamplerIndependentSourcesAndLoss/ahead (0.00s)
    --- PASS: TestSamplerIndependentSourcesAndLoss/behind (0.00s)
    --- PASS: TestSamplerIndependentSourcesAndLoss/unavailable (0.05s)
=== RUN   TestSamplerMigrationCountsPhysicalLeaderOnce
--- PASS: TestSamplerMigrationCountsPhysicalLeaderOnce (0.00s)
=== RUN   TestReadingMonotonicAgeAndOwnership
--- PASS: TestReadingMonotonicAgeAndOwnership (0.00s)
=== RUN   TestSamplerCancellationAndConfiguration
--- PASS: TestSamplerCancellationAndConfiguration (0.00s)
=== RUN   TestStreamClockUsesTrustedResponseLeader
=== RUN   TestStreamClockUsesTrustedResponseLeader/unknown
=== RUN   TestStreamClockUsesTrustedResponseLeader/missing_cluster
=== RUN   TestStreamClockUsesTrustedResponseLeader/zero_time
=== RUN   TestStreamClockUsesTrustedResponseLeader/wrong_stream
=== RUN   TestStreamClockUsesTrustedResponseLeader/empty_leader
=== RUN   TestStreamClockUsesTrustedResponseLeader/replicated
=== RUN   TestStreamClockUsesTrustedResponseLeader/raft
=== RUN   TestStreamClockUsesTrustedResponseLeader/migrating
=== RUN   TestStreamClockUsesTrustedResponseLeader/peers
--- PASS: TestStreamClockUsesTrustedResponseLeader (0.00s)
    --- PASS: TestStreamClockUsesTrustedResponseLeader/unknown (0.00s)
    --- PASS: TestStreamClockUsesTrustedResponseLeader/missing_cluster (0.00s)
    --- PASS: TestStreamClockUsesTrustedResponseLeader/zero_time (0.00s)
    --- PASS: TestStreamClockUsesTrustedResponseLeader/wrong_stream (0.00s)
    --- PASS: TestStreamClockUsesTrustedResponseLeader/empty_leader (0.00s)
    --- PASS: TestStreamClockUsesTrustedResponseLeader/replicated (0.00s)
    --- PASS: TestStreamClockUsesTrustedResponseLeader/raft (0.00s)
    --- PASS: TestStreamClockUsesTrustedResponseLeader/migrating (0.00s)
    --- PASS: TestStreamClockUsesTrustedResponseLeader/peers (0.00s)
=== RUN   TestClockTopologyRejectsAliasesAndInvalidBounds
=== RUN   TestClockTopologyRejectsAliasesAndInvalidBounds/valid
=== RUN   TestClockTopologyRejectsAliasesAndInvalidBounds/alias_server
=== RUN   TestClockTopologyRejectsAliasesAndInvalidBounds/alias_identity
=== RUN   TestClockTopologyRejectsAliasesAndInvalidBounds/alias_tag
=== RUN   TestClockTopologyRejectsAliasesAndInvalidBounds/alias_stream
=== RUN   TestClockTopologyRejectsAliasesAndInvalidBounds/foreign_stream
=== RUN   TestClockTopologyRejectsAliasesAndInvalidBounds/invalid_stream
=== RUN   TestClockTopologyRejectsAliasesAndInvalidBounds/empty
=== RUN   TestClockTopologyRejectsAliasesAndInvalidBounds/too_few
=== RUN   TestClockTopologyRejectsAliasesAndInvalidBounds/too_many_skewed
=== RUN   TestClockTopologyRejectsAliasesAndInvalidBounds/budget
=== RUN   TestClockTopologyRejectsAliasesAndInvalidBounds/healthy
=== RUN   TestClockTopologyRejectsAliasesAndInvalidBounds/age
=== RUN   TestClockTopologyRejectsAliasesAndInvalidBounds/refresh
--- PASS: TestClockTopologyRejectsAliasesAndInvalidBounds (0.00s)
    --- PASS: TestClockTopologyRejectsAliasesAndInvalidBounds/valid (0.00s)
    --- PASS: TestClockTopologyRejectsAliasesAndInvalidBounds/alias_server (0.00s)
    --- PASS: TestClockTopologyRejectsAliasesAndInvalidBounds/alias_identity (0.00s)
    --- PASS: TestClockTopologyRejectsAliasesAndInvalidBounds/alias_tag (0.00s)
    --- PASS: TestClockTopologyRejectsAliasesAndInvalidBounds/alias_stream (0.00s)
    --- PASS: TestClockTopologyRejectsAliasesAndInvalidBounds/foreign_stream (0.00s)
    --- PASS: TestClockTopologyRejectsAliasesAndInvalidBounds/invalid_stream (0.00s)
    --- PASS: TestClockTopologyRejectsAliasesAndInvalidBounds/empty (0.00s)
    --- PASS: TestClockTopologyRejectsAliasesAndInvalidBounds/too_few (0.00s)
    --- PASS: TestClockTopologyRejectsAliasesAndInvalidBounds/too_many_skewed (0.00s)
    --- PASS: TestClockTopologyRejectsAliasesAndInvalidBounds/budget (0.00s)
    --- PASS: TestClockTopologyRejectsAliasesAndInvalidBounds/healthy (0.00s)
    --- PASS: TestClockTopologyRejectsAliasesAndInvalidBounds/age (0.00s)
    --- PASS: TestClockTopologyRejectsAliasesAndInvalidBounds/refresh (0.00s)
=== RUN   TestSharedClockCacheAdvancesAndFailsClosedOnRefresh
--- PASS: TestSharedClockCacheAdvancesAndFailsClosedOnRefresh (0.00s)
=== RUN   TestSharedClockGateWaitHonorsContext
--- PASS: TestSharedClockGateWaitHonorsContext (0.01s)
PASS
ok  	js-wf/runtimeclock	1.121s
