=== RUN   TestBatchReadRetriesNoResponderWithoutSkippingEntry
--- PASS: TestBatchReadRetriesNoResponderWithoutSkippingEntry (0.00s)
=== RUN   TestRuntimeCheckpointBindsActualAnchorAndSDKCounter
=== RUN   TestRuntimeCheckpointBindsActualAnchorAndSDKCounter/sequence
=== RUN   TestRuntimeCheckpointBindsActualAnchorAndSDKCounter/epoch
=== RUN   TestRuntimeCheckpointBindsActualAnchorAndSDKCounter/index
=== RUN   TestRuntimeCheckpointBindsActualAnchorAndSDKCounter/position
=== RUN   TestRuntimeCheckpointBindsActualAnchorAndSDKCounter/stage
=== RUN   TestRuntimeCheckpointBindsActualAnchorAndSDKCounter/object
--- PASS: TestRuntimeCheckpointBindsActualAnchorAndSDKCounter (0.00s)
    --- PASS: TestRuntimeCheckpointBindsActualAnchorAndSDKCounter/sequence (0.00s)
    --- PASS: TestRuntimeCheckpointBindsActualAnchorAndSDKCounter/epoch (0.00s)
    --- PASS: TestRuntimeCheckpointBindsActualAnchorAndSDKCounter/index (0.00s)
    --- PASS: TestRuntimeCheckpointBindsActualAnchorAndSDKCounter/position (0.00s)
    --- PASS: TestRuntimeCheckpointBindsActualAnchorAndSDKCounter/stage (0.00s)
    --- PASS: TestRuntimeCheckpointBindsActualAnchorAndSDKCounter/object (0.00s)
=== RUN   TestRuntimeSnapshotPurgeBoundAndLimit
--- PASS: TestRuntimeSnapshotPurgeBoundAndLimit (0.00s)
=== RUN   TestMetadataHandleWaitersCancelAndSeparateResources
=== RUN   TestMetadataHandleWaitersCancelAndSeparateResources/journal_waiter
=== RUN   TestMetadataHandleWaitersCancelAndSeparateResources/state_waiter
=== RUN   TestMetadataHandleWaitersCancelAndSeparateResources/snapshot_state_waiter
=== RUN   TestMetadataHandleWaitersCancelAndSeparateResources/snapshot_object_waiter
=== RUN   TestMetadataHandleWaitersCancelAndSeparateResources/journal_state_independent
=== RUN   TestMetadataHandleWaitersCancelAndSeparateResources/snapshot_state_object_independent
--- PASS: TestMetadataHandleWaitersCancelAndSeparateResources (0.00s)
    --- PASS: TestMetadataHandleWaitersCancelAndSeparateResources/journal_waiter (0.00s)
    --- PASS: TestMetadataHandleWaitersCancelAndSeparateResources/state_waiter (0.00s)
    --- PASS: TestMetadataHandleWaitersCancelAndSeparateResources/snapshot_state_waiter (0.00s)
    --- PASS: TestMetadataHandleWaitersCancelAndSeparateResources/snapshot_object_waiter (0.00s)
    --- PASS: TestMetadataHandleWaitersCancelAndSeparateResources/journal_state_independent (0.00s)
    --- PASS: TestMetadataHandleWaitersCancelAndSeparateResources/snapshot_state_object_independent (0.00s)
=== RUN   TestManifestReadsRetryButRejectMalformedData
--- PASS: TestManifestReadsRetryButRejectMalformedData (0.00s)
PASS
ok  	js-wf/journal	1.018s
