=== RUN   TestRuntimeCheckpointBindsActualAnchorAndSDKCounter
=== RUN   TestRuntimeCheckpointBindsActualAnchorAndSDKCounter/sequence
=== RUN   TestRuntimeCheckpointBindsActualAnchorAndSDKCounter/epoch
=== RUN   TestRuntimeCheckpointBindsActualAnchorAndSDKCounter/index
=== RUN   TestRuntimeCheckpointBindsActualAnchorAndSDKCounter/position
=== RUN   TestRuntimeCheckpointBindsActualAnchorAndSDKCounter/stage
=== RUN   TestRuntimeCheckpointBindsActualAnchorAndSDKCounter/object
--- PASS: TestRuntimeCheckpointBindsActualAnchorAndSDKCounter (0.00s)
    --- PASS: TestRuntimeCheckpointBindsActualAnchorAndSDKCounter/sequence (0.00s)
    --- PASS: TestRuntimeCheckpointBindsActualAnchorAndSDKCounter/epoch (0.00s)
    --- PASS: TestRuntimeCheckpointBindsActualAnchorAndSDKCounter/index (0.00s)
    --- PASS: TestRuntimeCheckpointBindsActualAnchorAndSDKCounter/position (0.00s)
    --- PASS: TestRuntimeCheckpointBindsActualAnchorAndSDKCounter/stage (0.00s)
    --- PASS: TestRuntimeCheckpointBindsActualAnchorAndSDKCounter/object (0.00s)
=== RUN   TestRuntimeSnapshotPurgeBoundAndLimit
--- PASS: TestRuntimeSnapshotPurgeBoundAndLimit (0.00s)
PASS
ok  	js-wf/journal	1.024s
testing: warning: no tests to run
PASS
ok  	js-wf/retention	1.017s [no tests to run]
=== RUN   TestSeededCheckpointSnapshotReplay
--- PASS: TestSeededCheckpointSnapshotReplay (6.57s)
PASS
ok  	js-wf/sim	7.587s
