=== RUN   TestGraphPrefixCompactionRejectsRevokedNodeGrants
=== RUN   TestGraphPrefixCompactionRejectsRevokedNodeGrants/stream=/height=0/missing
    compaction_test.go:442: revoked relocated node grant accepted {c422098059282ffa4e5b764479dee9dd88e756758e32b874379b7cf6f2c86c1d {1 c422098059282ffa4e5b764479dee9dd88e756758e32b874379b7cf6f2c86c1d/1/6e6f64652d7265766f6b652d3136-6e6f64652d7265766f6b652d3231}}
=== RUN   TestGraphPrefixCompactionRejectsRevokedNodeGrants/stream=/height=0/destination
    compaction_test.go:442: revoked relocated node grant accepted {c422098059282ffa4e5b764479dee9dd88e756758e32b874379b7cf6f2c86c1d {1 c422098059282ffa4e5b764479dee9dd88e756758e32b874379b7cf6f2c86c1d/1/6e6f64652d7265766f6b652d3136-6e6f64652d7265766f6b652d3231}}
=== RUN   TestGraphPrefixCompactionRejectsRevokedNodeGrants/stream=/height=0/location
    compaction_test.go:442: revoked relocated node grant accepted {c422098059282ffa4e5b764479dee9dd88e756758e32b874379b7cf6f2c86c1d {1 c422098059282ffa4e5b764479dee9dd88e756758e32b874379b7cf6f2c86c1d/1/6e6f64652d7265766f6b652d3136-6e6f64652d7265766f6b652d3231}}
=== RUN   TestGraphPrefixCompactionRejectsRevokedNodeGrants/stream=/height=0/closed
    compaction_test.go:442: revoked relocated node grant accepted {c422098059282ffa4e5b764479dee9dd88e756758e32b874379b7cf6f2c86c1d {1 c422098059282ffa4e5b764479dee9dd88e756758e32b874379b7cf6f2c86c1d/1/6e6f64652d7265766f6b652d3136-6e6f64652d7265766f6b652d3231}}
=== RUN   TestGraphPrefixCompactionRejectsRevokedNodeGrants/stream=/height=1/missing
    compaction_test.go:442: revoked relocated node grant accepted {d85eb1928f0ad59829291bef41e3292f3b0b827eb6e89b40d77cb74854575edf {1 d85eb1928f0ad59829291bef41e3292f3b0b827eb6e89b40d77cb74854575edf/1/6e6f64652d7265766f6b652d3136-6e6f64652d7265766f6b652d3233}}
=== RUN   TestGraphPrefixCompactionRejectsRevokedNodeGrants/stream=/height=1/destination
    compaction_test.go:442: revoked relocated node grant accepted {d85eb1928f0ad59829291bef41e3292f3b0b827eb6e89b40d77cb74854575edf {1 d85eb1928f0ad59829291bef41e3292f3b0b827eb6e89b40d77cb74854575edf/1/6e6f64652d7265766f6b652d3136-6e6f64652d7265766f6b652d3233}}
=== RUN   TestGraphPrefixCompactionRejectsRevokedNodeGrants/stream=/height=1/location
    compaction_test.go:442: revoked relocated node grant accepted {d85eb1928f0ad59829291bef41e3292f3b0b827eb6e89b40d77cb74854575edf {1 d85eb1928f0ad59829291bef41e3292f3b0b827eb6e89b40d77cb74854575edf/1/6e6f64652d7265766f6b652d3136-6e6f64652d7265766f6b652d3233}}
=== RUN   TestGraphPrefixCompactionRejectsRevokedNodeGrants/stream=/height=1/closed
    compaction_test.go:442: revoked relocated node grant accepted {d85eb1928f0ad59829291bef41e3292f3b0b827eb6e89b40d77cb74854575edf {1 d85eb1928f0ad59829291bef41e3292f3b0b827eb6e89b40d77cb74854575edf/1/6e6f64652d7265766f6b652d3136-6e6f64652d7265766f6b652d3233}}
=== RUN   TestGraphPrefixCompactionRejectsRevokedNodeGrants/stream=archive/height=0/missing
    compaction_test.go:442: revoked relocated node grant accepted {b3c8024be390d4871951658a9e317875e6d42beb336cf301e97597e01aefaeca {1 b3c8024be390d4871951658a9e317875e6d42beb336cf301e97597e01aefaeca/1/6e6f64652d7265766f6b652d3136-6e6f64652d7265766f6b652d3138}}
=== RUN   TestGraphPrefixCompactionRejectsRevokedNodeGrants/stream=archive/height=0/destination
    compaction_test.go:442: revoked relocated node grant accepted {b3c8024be390d4871951658a9e317875e6d42beb336cf301e97597e01aefaeca {1 b3c8024be390d4871951658a9e317875e6d42beb336cf301e97597e01aefaeca/1/6e6f64652d7265766f6b652d3136-6e6f64652d7265766f6b652d3138}}
=== RUN   TestGraphPrefixCompactionRejectsRevokedNodeGrants/stream=archive/height=0/location
    compaction_test.go:442: revoked relocated node grant accepted {b3c8024be390d4871951658a9e317875e6d42beb336cf301e97597e01aefaeca {1 b3c8024be390d4871951658a9e317875e6d42beb336cf301e97597e01aefaeca/1/6e6f64652d7265766f6b652d3136-6e6f64652d7265766f6b652d3138}}
=== RUN   TestGraphPrefixCompactionRejectsRevokedNodeGrants/stream=archive/height=0/closed
    compaction_test.go:442: revoked relocated node grant accepted {b3c8024be390d4871951658a9e317875e6d42beb336cf301e97597e01aefaeca {1 b3c8024be390d4871951658a9e317875e6d42beb336cf301e97597e01aefaeca/1/6e6f64652d7265766f6b652d3136-6e6f64652d7265766f6b652d3138}}
=== RUN   TestGraphPrefixCompactionRejectsRevokedNodeGrants/stream=archive/height=1/missing
    compaction_test.go:442: revoked relocated node grant accepted {d9aefe8fa119f672c32a7658e7ce412c6890747090f081e3c66f2b2c60c4ddcd {1 d9aefe8fa119f672c32a7658e7ce412c6890747090f081e3c66f2b2c60c4ddcd/1/6e6f64652d7265766f6b652d3136-6e6f64652d7265766f6b652d3230}}
=== RUN   TestGraphPrefixCompactionRejectsRevokedNodeGrants/stream=archive/height=1/destination
    compaction_test.go:442: revoked relocated node grant accepted {d9aefe8fa119f672c32a7658e7ce412c6890747090f081e3c66f2b2c60c4ddcd {1 d9aefe8fa119f672c32a7658e7ce412c6890747090f081e3c66f2b2c60c4ddcd/1/6e6f64652d7265766f6b652d3136-6e6f64652d7265766f6b652d3230}}
=== RUN   TestGraphPrefixCompactionRejectsRevokedNodeGrants/stream=archive/height=1/location
    compaction_test.go:442: revoked relocated node grant accepted {d9aefe8fa119f672c32a7658e7ce412c6890747090f081e3c66f2b2c60c4ddcd {1 d9aefe8fa119f672c32a7658e7ce412c6890747090f081e3c66f2b2c60c4ddcd/1/6e6f64652d7265766f6b652d3136-6e6f64652d7265766f6b652d3230}}
=== RUN   TestGraphPrefixCompactionRejectsRevokedNodeGrants/stream=archive/height=1/closed
    compaction_test.go:442: revoked relocated node grant accepted {d9aefe8fa119f672c32a7658e7ce412c6890747090f081e3c66f2b2c60c4ddcd {1 d9aefe8fa119f672c32a7658e7ce412c6890747090f081e3c66f2b2c60c4ddcd/1/6e6f64652d7265766f6b652d3136-6e6f64652d7265766f6b652d3230}}
--- FAIL: TestGraphPrefixCompactionRejectsRevokedNodeGrants (0.08s)
    --- FAIL: TestGraphPrefixCompactionRejectsRevokedNodeGrants/stream=/height=0/missing (0.00s)
    --- FAIL: TestGraphPrefixCompactionRejectsRevokedNodeGrants/stream=/height=0/destination (0.00s)
    --- FAIL: TestGraphPrefixCompactionRejectsRevokedNodeGrants/stream=/height=0/location (0.00s)
    --- FAIL: TestGraphPrefixCompactionRejectsRevokedNodeGrants/stream=/height=0/closed (0.00s)
    --- FAIL: TestGraphPrefixCompactionRejectsRevokedNodeGrants/stream=/height=1/missing (0.00s)
    --- FAIL: TestGraphPrefixCompactionRejectsRevokedNodeGrants/stream=/height=1/destination (0.00s)
    --- FAIL: TestGraphPrefixCompactionRejectsRevokedNodeGrants/stream=/height=1/location (0.00s)
    --- FAIL: TestGraphPrefixCompactionRejectsRevokedNodeGrants/stream=/height=1/closed (0.00s)
    --- FAIL: TestGraphPrefixCompactionRejectsRevokedNodeGrants/stream=archive/height=0/missing (0.00s)
    --- FAIL: TestGraphPrefixCompactionRejectsRevokedNodeGrants/stream=archive/height=0/destination (0.04s)
    --- FAIL: TestGraphPrefixCompactionRejectsRevokedNodeGrants/stream=archive/height=0/location (0.00s)
    --- FAIL: TestGraphPrefixCompactionRejectsRevokedNodeGrants/stream=archive/height=0/closed (0.00s)
    --- FAIL: TestGraphPrefixCompactionRejectsRevokedNodeGrants/stream=archive/height=1/missing (0.00s)
    --- FAIL: TestGraphPrefixCompactionRejectsRevokedNodeGrants/stream=archive/height=1/destination (0.00s)
    --- FAIL: TestGraphPrefixCompactionRejectsRevokedNodeGrants/stream=archive/height=1/location (0.01s)
    --- FAIL: TestGraphPrefixCompactionRejectsRevokedNodeGrants/stream=archive/height=1/closed (0.00s)
FAIL
FAIL	js-wf/internal/graphpublication	0.086s
FAIL
