=== RUN   TestNativeReaderExpiryRestartAndLostCheckpoint
=== RUN   TestNativeReaderExpiryRestartAndLostCheckpoint/R1
    graph_readers_native_test.go:134: invalid workflow identity: "graph-reader-expiry.34e1ca05f5eb8723d9ceaf11698a0050cfcbaeea6b2210c092e9d089d0d7a8f6-reconciler"
=== RUN   TestNativeReaderExpiryRestartAndLostCheckpoint/R3
    graph_readers_native_test.go:134: invalid workflow identity: "graph-reader-expiry.34e1ca05f5eb8723d9ceaf11698a0050cfcbaeea6b2210c092e9d089d0d7a8f6-reconciler"
--- FAIL: TestNativeReaderExpiryRestartAndLostCheckpoint (3.92s)
    --- FAIL: TestNativeReaderExpiryRestartAndLostCheckpoint/R1 (0.21s)
    --- FAIL: TestNativeReaderExpiryRestartAndLostCheckpoint/R3 (3.72s)
=== RUN   TestReaderExpiryNativeCheckpointBoundary
--- PASS: TestReaderExpiryNativeCheckpointBoundary (0.00s)
=== RUN   TestReaderExpiryLoopRestartAndLostSave
--- PASS: TestReaderExpiryLoopRestartAndLostSave (0.00s)
=== RUN   TestReaderExpiryLoopDoesNotSaveAfterLeaseLoss
--- PASS: TestReaderExpiryLoopDoesNotSaveAfterLeaseLoss (0.00s)
=== RUN   TestReaderExpiryLoopCheckpointsConfirmedPartialBatch
--- PASS: TestReaderExpiryLoopCheckpointsConfirmedPartialBatch (0.00s)
=== RUN   TestReaderExpiryLoopRejectsConfigurationAndCheckpoint
--- PASS: TestReaderExpiryLoopRejectsConfigurationAndCheckpoint (0.00s)
FAIL
FAIL	js-wf/reconcile	3.988s
FAIL
