=== RUN   TestSeededAuthorityReadWitnessReplay
    authority_witness_replay_test.go:247: authority witness modes=map[cancel_after:7354 cancel_before:7063 fresh_absence:7075 fresh_value:7211 lost_ack:7102 no_quorum:7165 persistent_stale:7088 replacement:7200 same_ack:7215 snapshot_error:7110 speculative_value:7076 stale_absence:7164 stale_value:7058 zero_ack:7119]; every generated trace exactly replayed; production decision helper bounds/cancel/quorum acknowledgment checks
    seed_count_test.go:32: TIER1_SEEDS test=TestSeededAuthorityReadWitnessReplay first=1 last=100000 completed=100000 requested=100000
--- PASS: TestSeededAuthorityReadWitnessReplay (5.81s)
=== RUN   TestPinnedRegressionCorpus
=== RUN   TestPinnedRegressionCorpus/authority-witness-cancel_after.json
=== RUN   TestPinnedRegressionCorpus/authority-witness-cancel_before.json
=== RUN   TestPinnedRegressionCorpus/authority-witness-fresh_absence.json
=== RUN   TestPinnedRegressionCorpus/authority-witness-fresh_value.json
=== RUN   TestPinnedRegressionCorpus/authority-witness-lost_ack.json
=== RUN   TestPinnedRegressionCorpus/authority-witness-no_quorum.json
=== RUN   TestPinnedRegressionCorpus/authority-witness-persistent_stale.json
=== RUN   TestPinnedRegressionCorpus/authority-witness-replacement.json
=== RUN   TestPinnedRegressionCorpus/authority-witness-same_ack.json
=== RUN   TestPinnedRegressionCorpus/authority-witness-snapshot_error.json
=== RUN   TestPinnedRegressionCorpus/authority-witness-speculative_value.json
=== RUN   TestPinnedRegressionCorpus/authority-witness-stale_absence.json
=== RUN   TestPinnedRegressionCorpus/authority-witness-stale_value.json
=== RUN   TestPinnedRegressionCorpus/authority-witness-zero_ack.json
--- PASS: TestPinnedRegressionCorpus (0.02s)
    --- PASS: TestPinnedRegressionCorpus/authority-witness-cancel_after.json (0.00s)
    --- PASS: TestPinnedRegressionCorpus/authority-witness-cancel_before.json (0.00s)
    --- PASS: TestPinnedRegressionCorpus/authority-witness-fresh_absence.json (0.00s)
    --- PASS: TestPinnedRegressionCorpus/authority-witness-fresh_value.json (0.00s)
    --- PASS: TestPinnedRegressionCorpus/authority-witness-lost_ack.json (0.00s)
    --- PASS: TestPinnedRegressionCorpus/authority-witness-no_quorum.json (0.00s)
    --- PASS: TestPinnedRegressionCorpus/authority-witness-persistent_stale.json (0.00s)
    --- PASS: TestPinnedRegressionCorpus/authority-witness-replacement.json (0.00s)
    --- PASS: TestPinnedRegressionCorpus/authority-witness-same_ack.json (0.00s)
    --- PASS: TestPinnedRegressionCorpus/authority-witness-snapshot_error.json (0.00s)
    --- PASS: TestPinnedRegressionCorpus/authority-witness-speculative_value.json (0.00s)
    --- PASS: TestPinnedRegressionCorpus/authority-witness-stale_absence.json (0.00s)
    --- PASS: TestPinnedRegressionCorpus/authority-witness-stale_value.json (0.00s)
    --- PASS: TestPinnedRegressionCorpus/authority-witness-zero_ack.json (0.00s)
PASS
TIER1_COVERAGE model_version=3 seeds_per_workload=100000 generated_schedules=100000 scheduler_choices=300000 choices_per_second=51466.3 transport_events=576632 virtual_ms_max=0 virtual_buckets_zero=100000 under_1s=0 under_1m=0 at_least_1m=0 elapsed=5.829053202s
