=== RUN   TestGraphRepairScopedCheckpointBoundary
=== RUN   TestGraphRepairScopedCheckpointBoundary/start
=== RUN   TestGraphRepairScopedCheckpointBoundary/graph-start
=== RUN   TestGraphRepairScopedCheckpointBoundary/graph-signal
=== RUN   TestGraphRepairScopedCheckpointBoundary/graph-terminal
=== RUN   TestGraphRepairScopedCheckpointBoundary/graph-terminal-audit
=== RUN   TestGraphRepairScopedCheckpointBoundary/graph-continuation
=== RUN   TestGraphRepairScopedCheckpointBoundary/signal
=== RUN   TestGraphRepairScopedCheckpointBoundary/timer
=== RUN   TestGraphRepairScopedCheckpointBoundary/fallback-timer
=== RUN   TestGraphRepairScopedCheckpointBoundary/suspended
--- PASS: TestGraphRepairScopedCheckpointBoundary (0.00s)
    --- PASS: TestGraphRepairScopedCheckpointBoundary/start (0.00s)
    --- PASS: TestGraphRepairScopedCheckpointBoundary/graph-start (0.00s)
    --- PASS: TestGraphRepairScopedCheckpointBoundary/graph-signal (0.00s)
    --- PASS: TestGraphRepairScopedCheckpointBoundary/graph-terminal (0.00s)
    --- PASS: TestGraphRepairScopedCheckpointBoundary/graph-terminal-audit (0.00s)
    --- PASS: TestGraphRepairScopedCheckpointBoundary/graph-continuation (0.00s)
    --- PASS: TestGraphRepairScopedCheckpointBoundary/signal (0.00s)
    --- PASS: TestGraphRepairScopedCheckpointBoundary/timer (0.00s)
    --- PASS: TestGraphRepairScopedCheckpointBoundary/fallback-timer (0.00s)
    --- PASS: TestGraphRepairScopedCheckpointBoundary/suspended (0.00s)
=== RUN   TestNativeGraphRepairNamespaceIsolation
=== RUN   TestNativeGraphRepairNamespaceIsolation/R1
=== RUN   TestNativeGraphRepairNamespaceIsolation/R3
--- PASS: TestNativeGraphRepairNamespaceIsolation (2.59s)
    --- PASS: TestNativeGraphRepairNamespaceIsolation/R1 (0.13s)
    --- PASS: TestNativeGraphRepairNamespaceIsolation/R3 (2.46s)
PASS
ok  	js-wf/reconcile	3.665s
