SKIPPED_SYMLINK js-wf-tier2-retained-blockdisk-ten-minute-20261005
CLOSED js-wf-million-subject-purge-20261002
CAPTURED js-wf-million-subject-purge-20261002 49682779
CLOSED js-wf-million-candidate-24h-20261005
CAPTURED js-wf-million-candidate-24h-20261005 91538044
CLOSED js-wf-million-subject-purge-actual-20261002
CAPTURED js-wf-million-subject-purge-actual-20261002 34905323
CLOSED js-wf-operator-standalone-commands-20261006
CAPTURED js-wf-operator-standalone-commands-20261006 66375743
CLOSED js-wf-tier2-retained-worker-smoke-20261005
CAPTURED js-wf-tier2-retained-worker-smoke-20261005 75400813
CLOSED js-wf-tier2-retained-upgrade-smoke-20261005
CAPTURED js-wf-tier2-retained-upgrade-smoke-20261005 76206716
CLOSED js-wf-continuation-production-37037256768
CAPTURED js-wf-continuation-production-37037256768 23014298
CLOSED js-wf-partition-seed6-offline-exploration-20261006
CAPTURED js-wf-partition-seed6-offline-exploration-20261006 74726440
CLOSED js-wf-byte-native-20261005
CAPTURED js-wf-byte-native-20261005 1174053
CLOSED js-wf-cached-latency-journal-10m-20261006
CAPTURED js-wf-cached-latency-journal-10m-20261006 39847694
CLOSED js-wf-tier3-clock131-143-37164231641
CAPTURED js-wf-tier3-clock131-143-37164231641 1163705773
CLOSED js-wf-r5-retained-profile-20261005
CAPTURED js-wf-r5-retained-profile-20261005 93146270
CLOSED js-wf-journal-normal-2g-10m-20261004
CAPTURED js-wf-journal-normal-2g-10m-20261004 37954751
CLOSED js-wf-continuous-byte-journal-24h-20261005
CAPTURED js-wf-continuous-byte-journal-24h-20261005 89141366
CLOSED js-wf-audit-streaming-state-watch-faults-native-20261004
CAPTURED js-wf-audit-streaming-state-watch-faults-native-20261004 34336262
CLOSED js-wf-bulk-state-cut-joined-20261006
CAPTURED js-wf-bulk-state-cut-joined-20261006 84748931
SKIPPED_SYMLINK js-wf-tier2-retained-blockdisk-smoke-20261005
CLOSED js-wf-bulk-state-cut-diagnostic-20261006
CAPTURED js-wf-bulk-state-cut-diagnostic-20261006 84333170
CLOSED js-wf-journal-seed28-failure-36891850893
CAPTURED js-wf-journal-seed28-failure-36891850893 15685082
CLOSED js-wf-clock170-182-restoration-check
CAPTURED js-wf-clock170-182-restoration-check 1071197303
CLOSED js-wf-clock183-195-restoration-check
CAPTURED js-wf-clock183-195-restoration-check 1071198680
CLOSED js-wf-clock157-169-restoration-check
CAPTURED js-wf-clock157-169-restoration-check 1071198615
CLOSED js-wf-clock144-156-restoration-check
CAPTURED js-wf-clock144-156-restoration-check 1071198691
CLOSED js-wf-protobuf-json-worker-10m-20261005
CAPTURED js-wf-protobuf-json-worker-10m-20261005 75685670
CLOSED js-wf-clock196-200-restoration-check
CAPTURED js-wf-clock196-200-restoration-check 411991058
CLOSED js-wf-callback-audit-native-fault-controls-20261005
CAPTURED js-wf-callback-audit-native-fault-controls-20261005 5804813
CLOSED js-wf-compact-metadata-native-fault-controls-20261005
CAPTURED js-wf-compact-metadata-native-fault-controls-20261005 5694124
CLOSED js-wf-partition-terminal-leader-seed1-20261005
CAPTURED js-wf-partition-terminal-leader-seed1-20261005 38721870
CLOSED js-wf-journal-streaming-explicit-routes-race-2g-10m-20261004
CAPTURED js-wf-journal-streaming-explicit-routes-race-2g-10m-20261004 34257102
CLOSED js-wf-bulk-latency-cohort-whole-state-20261006
CAPTURED js-wf-bulk-latency-cohort-whole-state-20261006 43366555
CLOSED js-wf-direct-callback-audit-native-fault-controls-20261005
CAPTURED js-wf-direct-callback-audit-native-fault-controls-20261005 4485052
CLOSED js-wf-cached-latency-cohort-20261006
CAPTURED js-wf-cached-latency-cohort-20261006 43303700
CLOSED js-wf-clock-seed6-success-37170797762
CAPTURED js-wf-clock-seed6-success-37170797762 121043548
CLOSED js-wf-bulk-latency-cohort-owner-restart-v2-20261006
CAPTURED js-wf-bulk-latency-cohort-owner-restart-v2-20261006 43112506
CLOSED js-wf-native-million-scheduler-candidate-24h-20261004
CAPTURED js-wf-native-million-scheduler-candidate-24h-20261004 60621806
CLOSED js-wf-concurrent-state-87920-leader-loss-copied-20261005
CAPTURED js-wf-concurrent-state-87920-leader-loss-copied-20261005 86827151
CLOSED js-wf-failed-3140-concurrent-state-copied-comparison-20261005
CAPTURED js-wf-failed-3140-concurrent-state-copied-comparison-20261005 86826280
CLOSED js-wf-failed-soak-copied-cohort-20261005
CAPTURED js-wf-failed-soak-copied-cohort-20261005 86785527
CLOSED js-wf-state-watch-mapped-client-copied-20261005
CAPTURED js-wf-state-watch-mapped-client-copied-20261005 86781742
CLOSED js-wf-state-watch-leader-loss-copied-20261005
CAPTURED js-wf-state-watch-leader-loss-copied-20261005 86776280
CLOSED js-wf-state-snapshot-copied-20261005
CAPTURED js-wf-state-snapshot-copied-20261005 86765090
CLOSED js-wf-r5-retained-profile-restored-20261005
CAPTURED js-wf-r5-retained-profile-restored-20261005 86472187
CLOSED js-wf-provision-failure-native-20261005
CAPTURED js-wf-provision-failure-native-20261005 86426892
CLOSED js-wf-r5-byte-profile-20261005
CAPTURED js-wf-r5-byte-profile-20261005 86572204
CLOSED js-wf-r5-continuous-interrupted-20261005
CAPTURED js-wf-r5-continuous-interrupted-20261005 86548605
CLOSED js-wf-r5-byte-interrupted-20261005
CAPTURED js-wf-r5-byte-interrupted-20261005 86550463
CLOSED js-wf-r5-traced-cohort-20261005
CAPTURED js-wf-r5-traced-cohort-20261005 86450254
CLOSED js-wf-short-bulk-resumption-20261005
CAPTURED js-wf-short-bulk-resumption-20261005 86429013
CLOSED js-wf-r5-large-resumption-20261005
CAPTURED js-wf-r5-large-resumption-20261005 86400446
CLOSED js-wf-r5-retained-profile-bounded-20261005
CAPTURED js-wf-r5-retained-profile-bounded-20261005 86479222
CLOSED js-wf-tier3-consumer-10m-225f04a
CAPTURED js-wf-tier3-consumer-10m-225f04a 34657350
CLOSED js-wf-tier3-journal-10m-20261001
CAPTURED js-wf-tier3-journal-10m-20261001 34829237
CLOSED js-wf-held-metadata-rollout-10m-launch-proof-20261005
CAPTURED js-wf-held-metadata-rollout-10m-launch-proof-20261005 74219319
CLOSED js-wf-watch-observed-journal-24h-launch-proof-20261005
CAPTURED js-wf-watch-observed-journal-24h-launch-proof-20261005 74216859
CLOSED js-wf-protobuf-json-10m-launch-proof-20261005
CAPTURED js-wf-protobuf-json-10m-launch-proof-20261005 74167096
CLOSED js-wf-auto-journal-seed1-parent-stack-launch-assembly-20261005
CAPTURED js-wf-auto-journal-seed1-parent-stack-launch-assembly-20261005 74127776
CLOSED js-wf-continuous-soak-launch-proof-20261005
CAPTURED js-wf-continuous-soak-launch-proof-20261005 74129519
CLOSED js-wf-byte-soak-launch-publication-20261005
CAPTURED js-wf-byte-soak-launch-publication-20261005 74078194
CLOSED js-wf-journal-streaming-state-race-2g-10m-20261004
CAPTURED js-wf-journal-streaming-state-race-2g-10m-20261004 33106604
CLOSED js-wf-local-partition200-20261006
CAPTURED js-wf-local-partition200-20261006 412016411
CLOSED js-wf-graceful-upgrade-qualified-20261003
CAPTURED js-wf-graceful-upgrade-qualified-20261003 82807441
CLOSED js-wf-sustained-ten-minute-ci-37021348438
CAPTURED js-wf-sustained-ten-minute-ci-37021348438 15345489
CLOSED js-wf-lease-partition-component-raft-debug-20261006
CAPTURED js-wf-lease-partition-component-raft-debug-20261006 49494765
CLOSED js-wf-lease-raft-offline-restored-20261006
CAPTURED js-wf-lease-raft-offline-restored-20261006 49494756
CLOSED js-wf-tier2-retained-journal-smoke-20261005
CAPTURED js-wf-tier2-retained-journal-smoke-20261005 48462770
CLOSED js-wf-local-soak-producer-smoke-20261003
CAPTURED js-wf-local-soak-producer-smoke-20261003 72183393
CLOSED js-wf-protobuf-json-worker-smoke-20261005
CAPTURED js-wf-protobuf-json-worker-smoke-20261005 66462818
CLOSED js-wf-million-direct-filestore-actual-20261002
CAPTURED js-wf-million-direct-filestore-actual-20261002 20218223
CLOSED js-wf-hosted-partition-seed3-download-20261005
CAPTURED js-wf-hosted-partition-seed3-download-20261005 34304570
CLOSED js-wf-lease-partition-component-fresh-repeat-20261006
CAPTURED js-wf-lease-partition-component-fresh-repeat-20261006 48445083
CLOSED js-wf-lease-partition-component-fresh-20261006
CAPTURED js-wf-lease-partition-component-fresh-20261006 48426824
CLOSED js-wf-batch-candidate-replicated-20261004
CAPTURED js-wf-batch-candidate-replicated-20261004 51250382
CLOSED js-wf-chunked-journal-24h-20261006
CAPTURED js-wf-chunked-journal-24h-20261006 26651806
CLOSED js-wf-lease-partition-component-no-markers-20261006
CAPTURED js-wf-lease-partition-component-no-markers-20261006 47508018
CLOSED js-wf-lease-partition-component-no-expiry-20261006
CAPTURED js-wf-lease-partition-component-no-expiry-20261006 47614352
CLOSED js-wf-lease-partition-component-admitted-20261006
CAPTURED js-wf-lease-partition-component-admitted-20261006 47611017
CLOSED js-wf-audit-batch4096-native-20261004
CAPTURED js-wf-audit-batch4096-native-20261004 25310104
CLOSED js-wf-upgrade-api-trace-seed41-37197193507
CAPTURED js-wf-upgrade-api-trace-seed41-37197193507 95453829
CLOSED js-wf-watch-observed-journal-24h-20261005
CAPTURED js-wf-watch-observed-journal-24h-20261005 26806597
CLOSED js-wf-audit-consumer-replication-native-20261004
CAPTURED js-wf-audit-consumer-replication-native-20261004 25448930
CLOSED js-wf-audit-streaming-large-fault-race-native-20261004
CAPTURED js-wf-audit-streaming-large-fault-race-native-20261004 25238774
CLOSED js-wf-lease-partition-component-ready-20261006
CAPTURED js-wf-lease-partition-component-ready-20261006 46541128
CLOSED js-wf-lease-partition-component-20261006
CAPTURED js-wf-lease-partition-component-20261006 46539350
CLOSED js-wf-audit-phase-profile-normal-native-20261004
CAPTURED js-wf-audit-phase-profile-normal-native-20261004 24957594
CLOSED js-wf-scheduler-server-native-candidate-20261004
CAPTURED js-wf-scheduler-server-native-candidate-20261004 48166269
CLOSED js-wf-audit-phase-profile-native-20261004
CAPTURED js-wf-audit-phase-profile-native-20261004 25045818
CLOSED js-wf-rolling-upgrade40-52-failure-37164231641
CAPTURED js-wf-rolling-upgrade40-52-failure-37164231641 83723625
CLOSED js-wf-rolling-upgrade14-26-failure-37164231641
CAPTURED js-wf-rolling-upgrade14-26-failure-37164231641 83691363
CLOSED js-wf-mixed-seed65-a1995cc-artifacts
CAPTURED js-wf-mixed-seed65-a1995cc-artifacts 12194066
CLOSED js-wf-byte-native-faults-20261005
CAPTURED js-wf-byte-native-faults-20261005 18054849
CLOSED js-wf-direct-callback-audit-native-controls-20261005
CAPTURED js-wf-direct-callback-audit-native-controls-20261005 2343032
CLOSED js-wf-callback-audit-native-controls-20261005
CAPTURED js-wf-callback-audit-native-controls-20261005 2320760
CLOSED js-wf-phase3-rebalance-available-20261004
CAPTURED js-wf-phase3-rebalance-available-20261004 28304692
CLOSED js-wf-cached-latency-journal-10m-proof-20261006
CAPTURED js-wf-cached-latency-journal-10m-proof-20261006 44458516
CLOSED js-wf-parallel-latency-journal-10m-proof-20261006
CAPTURED js-wf-parallel-latency-journal-10m-proof-20261006 44367969
CLOSED js-wf-chunked-journal-10m-proof-20261006
CAPTURED js-wf-chunked-journal-10m-proof-20261006 44327962
CLOSED js-wf-batch-candidate-faults-20261004
CAPTURED js-wf-batch-candidate-faults-20261004 42327995
CLOSED js-wf-phase3-full-cohort-20261004
CAPTURED js-wf-phase3-full-cohort-20261004 27756987
