=== RUN   TestGraphCompactionStoredCheckpointCASAndRecovery
=== RUN   TestGraphCompactionStoredCheckpointCASAndRecovery/json/healthy
    graph_compaction_storage_test.go:278: STORED_COMPACTION mode=healthy verify_batches=10 renewal_batches=0 revision=1 readers=0
=== RUN   TestGraphCompactionStoredCheckpointCASAndRecovery/json/missing
=== RUN   TestGraphCompactionStoredCheckpointCASAndRecovery/json/create-drop
=== RUN   TestGraphCompactionStoredCheckpointCASAndRecovery/json/create-lost
=== RUN   TestGraphCompactionStoredCheckpointCASAndRecovery/json/update-drop
    graph_compaction_storage_test.go:278: STORED_COMPACTION mode=update-drop verify_batches=10 renewal_batches=0 revision=1 readers=0
=== RUN   TestGraphCompactionStoredCheckpointCASAndRecovery/json/update-lost
    graph_compaction_storage_test.go:278: STORED_COMPACTION mode=update-lost verify_batches=10 renewal_batches=0 revision=2 readers=0
=== RUN   TestGraphCompactionStoredCheckpointCASAndRecovery/json/delete-drop
=== RUN   TestGraphCompactionStoredCheckpointCASAndRecovery/json/delete-lost
=== RUN   TestGraphCompactionStoredCheckpointCASAndRecovery/json/stale-writer
    graph_compaction_storage_test.go:278: STORED_COMPACTION mode=stale-writer verify_batches=10 renewal_batches=0 revision=2 readers=0
=== RUN   TestGraphCompactionStoredCheckpointCASAndRecovery/json/stale-read
    graph_compaction_storage_test.go:278: STORED_COMPACTION mode=stale-read verify_batches=10 renewal_batches=0 revision=2 readers=0
=== RUN   TestGraphCompactionStoredCheckpointCASAndRecovery/json/read-lost
=== RUN   TestGraphCompactionStoredCheckpointCASAndRecovery/json/corrupt
=== RUN   TestGraphCompactionStoredCheckpointCASAndRecovery/json/expired
    graph_compaction_storage_test.go:222: unsafe input resumed &{0xc000281800 <nil> <nil> 0xc0004ac600 <nil> <nil> [] <nil>  flow scan {1 next 11 10 3 10 step-result-13ffca2542e3c95f31d068b49078c71376fc91ff4b1157afb1c36a7b4dc118f5 13ffca2542e3c95f31d068b49078c71376fc91ff4b1157afb1c36a7b4dc118f5} 12 stage true true <nil> <nil>} 1 <nil>
=== RUN   TestGraphCompactionStoredCheckpointCASAndRecovery/json/source-change
=== RUN   TestGraphCompactionStoredCheckpointCASAndRecovery/json/pending-renewal
    graph_compaction_storage_test.go:278: STORED_COMPACTION mode=pending-renewal verify_batches=10 renewal_batches=11 revision=2 readers=0
=== RUN   TestGraphCompactionStoredCheckpointCASAndRecovery/json/cancel
=== RUN   TestGraphCompactionStoredCheckpointCASAndRecovery/protobuf-v1/healthy
    graph_compaction_storage_test.go:278: STORED_COMPACTION mode=healthy verify_batches=10 renewal_batches=0 revision=1 readers=0
=== RUN   TestGraphCompactionStoredCheckpointCASAndRecovery/protobuf-v1/missing
=== RUN   TestGraphCompactionStoredCheckpointCASAndRecovery/protobuf-v1/create-drop
=== RUN   TestGraphCompactionStoredCheckpointCASAndRecovery/protobuf-v1/create-lost
=== RUN   TestGraphCompactionStoredCheckpointCASAndRecovery/protobuf-v1/update-drop
    graph_compaction_storage_test.go:278: STORED_COMPACTION mode=update-drop verify_batches=10 renewal_batches=0 revision=1 readers=0
=== RUN   TestGraphCompactionStoredCheckpointCASAndRecovery/protobuf-v1/update-lost
    graph_compaction_storage_test.go:278: STORED_COMPACTION mode=update-lost verify_batches=10 renewal_batches=0 revision=2 readers=0
=== RUN   TestGraphCompactionStoredCheckpointCASAndRecovery/protobuf-v1/delete-drop
=== RUN   TestGraphCompactionStoredCheckpointCASAndRecovery/protobuf-v1/delete-lost
=== RUN   TestGraphCompactionStoredCheckpointCASAndRecovery/protobuf-v1/stale-writer
    graph_compaction_storage_test.go:278: STORED_COMPACTION mode=stale-writer verify_batches=10 renewal_batches=0 revision=2 readers=0
=== RUN   TestGraphCompactionStoredCheckpointCASAndRecovery/protobuf-v1/stale-read
    graph_compaction_storage_test.go:278: STORED_COMPACTION mode=stale-read verify_batches=10 renewal_batches=0 revision=2 readers=0
=== RUN   TestGraphCompactionStoredCheckpointCASAndRecovery/protobuf-v1/read-lost
=== RUN   TestGraphCompactionStoredCheckpointCASAndRecovery/protobuf-v1/corrupt
=== RUN   TestGraphCompactionStoredCheckpointCASAndRecovery/protobuf-v1/expired
    graph_compaction_storage_test.go:222: unsafe input resumed &{0xc00003b5c0 <nil> <nil> 0xc000003600 <nil> <nil> [] <nil>  flow scan {1 next 11 10 3 10 step-result-13ffca2542e3c95f31d068b49078c71376fc91ff4b1157afb1c36a7b4dc118f5 13ffca2542e3c95f31d068b49078c71376fc91ff4b1157afb1c36a7b4dc118f5} 12 stage true true <nil> <nil>} 1 <nil>
=== RUN   TestGraphCompactionStoredCheckpointCASAndRecovery/protobuf-v1/source-change
=== RUN   TestGraphCompactionStoredCheckpointCASAndRecovery/protobuf-v1/pending-renewal
    graph_compaction_storage_test.go:278: STORED_COMPACTION mode=pending-renewal verify_batches=10 renewal_batches=11 revision=2 readers=0
=== RUN   TestGraphCompactionStoredCheckpointCASAndRecovery/protobuf-v1/cancel
--- FAIL: TestGraphCompactionStoredCheckpointCASAndRecovery (5.06s)
    --- PASS: TestGraphCompactionStoredCheckpointCASAndRecovery/json/healthy (0.22s)
    --- PASS: TestGraphCompactionStoredCheckpointCASAndRecovery/json/missing (0.12s)
    --- PASS: TestGraphCompactionStoredCheckpointCASAndRecovery/json/create-drop (0.16s)
    --- PASS: TestGraphCompactionStoredCheckpointCASAndRecovery/json/create-lost (0.12s)
    --- PASS: TestGraphCompactionStoredCheckpointCASAndRecovery/json/update-drop (0.22s)
    --- PASS: TestGraphCompactionStoredCheckpointCASAndRecovery/json/update-lost (0.25s)
    --- PASS: TestGraphCompactionStoredCheckpointCASAndRecovery/json/delete-drop (0.13s)
    --- PASS: TestGraphCompactionStoredCheckpointCASAndRecovery/json/delete-lost (0.15s)
    --- PASS: TestGraphCompactionStoredCheckpointCASAndRecovery/json/stale-writer (0.20s)
    --- PASS: TestGraphCompactionStoredCheckpointCASAndRecovery/json/stale-read (0.22s)
    --- PASS: TestGraphCompactionStoredCheckpointCASAndRecovery/json/read-lost (0.12s)
    --- PASS: TestGraphCompactionStoredCheckpointCASAndRecovery/json/corrupt (0.14s)
    --- FAIL: TestGraphCompactionStoredCheckpointCASAndRecovery/json/expired (0.10s)
    --- PASS: TestGraphCompactionStoredCheckpointCASAndRecovery/json/source-change (0.13s)
    --- PASS: TestGraphCompactionStoredCheckpointCASAndRecovery/json/pending-renewal (0.21s)
    --- PASS: TestGraphCompactionStoredCheckpointCASAndRecovery/json/cancel (0.10s)
    --- PASS: TestGraphCompactionStoredCheckpointCASAndRecovery/protobuf-v1/healthy (0.19s)
    --- PASS: TestGraphCompactionStoredCheckpointCASAndRecovery/protobuf-v1/missing (0.13s)
    --- PASS: TestGraphCompactionStoredCheckpointCASAndRecovery/protobuf-v1/create-drop (0.12s)
    --- PASS: TestGraphCompactionStoredCheckpointCASAndRecovery/protobuf-v1/create-lost (0.10s)
    --- PASS: TestGraphCompactionStoredCheckpointCASAndRecovery/protobuf-v1/update-drop (0.17s)
    --- PASS: TestGraphCompactionStoredCheckpointCASAndRecovery/protobuf-v1/update-lost (0.21s)
    --- PASS: TestGraphCompactionStoredCheckpointCASAndRecovery/protobuf-v1/delete-drop (0.11s)
    --- PASS: TestGraphCompactionStoredCheckpointCASAndRecovery/protobuf-v1/delete-lost (0.11s)
    --- PASS: TestGraphCompactionStoredCheckpointCASAndRecovery/protobuf-v1/stale-writer (0.24s)
    --- PASS: TestGraphCompactionStoredCheckpointCASAndRecovery/protobuf-v1/stale-read (0.24s)
    --- PASS: TestGraphCompactionStoredCheckpointCASAndRecovery/protobuf-v1/read-lost (0.15s)
    --- PASS: TestGraphCompactionStoredCheckpointCASAndRecovery/protobuf-v1/corrupt (0.13s)
    --- FAIL: TestGraphCompactionStoredCheckpointCASAndRecovery/protobuf-v1/expired (0.10s)
    --- PASS: TestGraphCompactionStoredCheckpointCASAndRecovery/protobuf-v1/source-change (0.12s)
    --- PASS: TestGraphCompactionStoredCheckpointCASAndRecovery/protobuf-v1/pending-renewal (0.22s)
    --- PASS: TestGraphCompactionStoredCheckpointCASAndRecovery/protobuf-v1/cancel (0.11s)
FAIL
FAIL	js-wf/journal	5.095s
FAIL
