=== RUN   TestGraphCompactionStoredCheckpointCASAndRecovery
=== RUN   TestGraphCompactionStoredCheckpointCASAndRecovery/json/create-drop
    graph_compaction_storage_test.go:97: unknown create retried 0 journal append outcome unknown: compaction descriptor mutation: simulated transport lost 2
=== RUN   TestGraphCompactionStoredCheckpointCASAndRecovery/json/create-lost
    graph_compaction_storage_test.go:97: unknown create retried 0 journal append outcome unknown: compaction descriptor mutation: simulated transport lost 2
=== RUN   TestGraphCompactionStoredCheckpointCASAndRecovery/json/update-drop
    graph_compaction_storage_test.go:145: unknown update retried 0 journal append outcome unknown: compaction descriptor mutation: simulated transport lost 5
=== RUN   TestGraphCompactionStoredCheckpointCASAndRecovery/json/update-lost
    graph_compaction_storage_test.go:145: unknown update retried 0 journal append outcome unknown: compaction descriptor mutation: simulated transport lost 5
=== RUN   TestGraphCompactionStoredCheckpointCASAndRecovery/protobuf-v1/create-drop
    graph_compaction_storage_test.go:97: unknown create retried 0 journal append outcome unknown: compaction descriptor mutation: simulated transport lost 2
=== RUN   TestGraphCompactionStoredCheckpointCASAndRecovery/protobuf-v1/create-lost
    graph_compaction_storage_test.go:97: unknown create retried 0 journal append outcome unknown: compaction descriptor mutation: simulated transport lost 2
=== RUN   TestGraphCompactionStoredCheckpointCASAndRecovery/protobuf-v1/update-drop
    graph_compaction_storage_test.go:145: unknown update retried 0 journal append outcome unknown: compaction descriptor mutation: simulated transport lost 5
=== RUN   TestGraphCompactionStoredCheckpointCASAndRecovery/protobuf-v1/update-lost
    graph_compaction_storage_test.go:145: unknown update retried 0 journal append outcome unknown: compaction descriptor mutation: simulated transport lost 5
--- FAIL: TestGraphCompactionStoredCheckpointCASAndRecovery (1.10s)
    --- FAIL: TestGraphCompactionStoredCheckpointCASAndRecovery/json/create-drop (0.13s)
    --- FAIL: TestGraphCompactionStoredCheckpointCASAndRecovery/json/create-lost (0.12s)
    --- FAIL: TestGraphCompactionStoredCheckpointCASAndRecovery/json/update-drop (0.16s)
    --- FAIL: TestGraphCompactionStoredCheckpointCASAndRecovery/json/update-lost (0.15s)
    --- FAIL: TestGraphCompactionStoredCheckpointCASAndRecovery/protobuf-v1/create-drop (0.16s)
    --- FAIL: TestGraphCompactionStoredCheckpointCASAndRecovery/protobuf-v1/create-lost (0.10s)
    --- FAIL: TestGraphCompactionStoredCheckpointCASAndRecovery/protobuf-v1/update-drop (0.13s)
    --- FAIL: TestGraphCompactionStoredCheckpointCASAndRecovery/protobuf-v1/update-lost (0.15s)
FAIL
FAIL	js-wf/journal	1.155s
FAIL
