=== RUN   TestGraphContinuationMaintenanceLeaseAndCancellation
=== RUN   TestGraphContinuationMaintenanceLeaseAndCancellation/json/normal
    continuation_maintenance_test.go:213: WORKER_MAINTENANCE mode=normal pointer_batches=6 confirm_batches=1 stage_batches=6 verify_batches=10 renew_batches=0 readers=0 initial_calls=1 stage_calls=1 retained_from=9
=== RUN   TestGraphContinuationMaintenanceLeaseAndCancellation/json/owner-loss-pointer
    continuation_maintenance_test.go:213: WORKER_MAINTENANCE mode=owner-loss-pointer pointer_batches=1 confirm_batches=0 stage_batches=0 verify_batches=0 renew_batches=0 readers=0 initial_calls=1 stage_calls=0 retained_from=0
=== RUN   TestGraphContinuationMaintenanceLeaseAndCancellation/json/owner-loss-confirm
    continuation_maintenance_test.go:213: WORKER_MAINTENANCE mode=owner-loss-confirm pointer_batches=6 confirm_batches=1 stage_batches=0 verify_batches=0 renew_batches=0 readers=0 initial_calls=1 stage_calls=0 retained_from=0
=== RUN   TestGraphContinuationMaintenanceLeaseAndCancellation/json/owner-loss-stage
    continuation_maintenance_test.go:213: WORKER_MAINTENANCE mode=owner-loss-stage pointer_batches=6 confirm_batches=1 stage_batches=1 verify_batches=0 renew_batches=0 readers=0 initial_calls=1 stage_calls=0 retained_from=0
=== RUN   TestGraphContinuationMaintenanceLeaseAndCancellation/json/owner-loss-verify
    continuation_maintenance_test.go:213: WORKER_MAINTENANCE mode=owner-loss-verify pointer_batches=6 confirm_batches=1 stage_batches=6 verify_batches=1 renew_batches=0 readers=0 initial_calls=1 stage_calls=0 retained_from=0
=== RUN   TestGraphContinuationMaintenanceLeaseAndCancellation/json/owner-loss-nodes
    continuation_maintenance_test.go:213: WORKER_MAINTENANCE mode=owner-loss-nodes pointer_batches=6 confirm_batches=1 stage_batches=6 verify_batches=6 renew_batches=0 readers=0 initial_calls=1 stage_calls=0 retained_from=0
=== RUN   TestGraphContinuationMaintenanceLeaseAndCancellation/json/cancel-pointer
    continuation_maintenance_test.go:213: WORKER_MAINTENANCE mode=cancel-pointer pointer_batches=1 confirm_batches=0 stage_batches=0 verify_batches=0 renew_batches=0 readers=0 initial_calls=1 stage_calls=0 retained_from=0
=== RUN   TestGraphContinuationMaintenanceLeaseAndCancellation/json/cancel-confirm
    continuation_maintenance_test.go:213: WORKER_MAINTENANCE mode=cancel-confirm pointer_batches=6 confirm_batches=1 stage_batches=0 verify_batches=0 renew_batches=0 readers=0 initial_calls=1 stage_calls=0 retained_from=0
=== RUN   TestGraphContinuationMaintenanceLeaseAndCancellation/json/cancel-stage
    continuation_maintenance_test.go:213: WORKER_MAINTENANCE mode=cancel-stage pointer_batches=6 confirm_batches=1 stage_batches=1 verify_batches=0 renew_batches=0 readers=0 initial_calls=1 stage_calls=0 retained_from=0
=== RUN   TestGraphContinuationMaintenanceLeaseAndCancellation/json/cancel-verify
    continuation_maintenance_test.go:213: WORKER_MAINTENANCE mode=cancel-verify pointer_batches=6 confirm_batches=1 stage_batches=6 verify_batches=1 renew_batches=0 readers=0 initial_calls=1 stage_calls=0 retained_from=0
=== RUN   TestGraphContinuationMaintenanceLeaseAndCancellation/json/cancel-nodes
    continuation_maintenance_test.go:213: WORKER_MAINTENANCE mode=cancel-nodes pointer_batches=6 confirm_batches=1 stage_batches=6 verify_batches=6 renew_batches=0 readers=0 initial_calls=1 stage_calls=0 retained_from=0
=== RUN   TestGraphContinuationMaintenanceLeaseAndCancellation/json/renew-stage
    continuation_maintenance_test.go:213: WORKER_MAINTENANCE mode=renew-stage pointer_batches=6 confirm_batches=1 stage_batches=6 verify_batches=10 renew_batches=12 readers=0 initial_calls=1 stage_calls=1 retained_from=9
=== RUN   TestGraphContinuationMaintenanceLeaseAndCancellation/json/renew-verify
    continuation_maintenance_test.go:213: WORKER_MAINTENANCE mode=renew-verify pointer_batches=6 confirm_batches=1 stage_batches=6 verify_batches=10 renew_batches=19 readers=0 initial_calls=1 stage_calls=1 retained_from=9
=== RUN   TestGraphContinuationMaintenanceLeaseAndCancellation/json/renew-nodes
    continuation_maintenance_test.go:213: WORKER_MAINTENANCE mode=renew-nodes pointer_batches=6 confirm_batches=1 stage_batches=6 verify_batches=10 renew_batches=19 readers=0 initial_calls=1 stage_calls=1 retained_from=9
=== RUN   TestGraphContinuationMaintenanceLeaseAndCancellation/json/owner-loss-renew
    continuation_maintenance_test.go:213: WORKER_MAINTENANCE mode=owner-loss-renew pointer_batches=6 confirm_batches=1 stage_batches=1 verify_batches=0 renew_batches=1 readers=0 initial_calls=1 stage_calls=0 retained_from=0
=== RUN   TestGraphContinuationMaintenanceLeaseAndCancellation/json/cancel-renew
    continuation_maintenance_test.go:213: WORKER_MAINTENANCE mode=cancel-renew pointer_batches=6 confirm_batches=1 stage_batches=1 verify_batches=0 renew_batches=1 readers=0 initial_calls=1 stage_calls=0 retained_from=0
=== RUN   TestGraphContinuationMaintenanceLeaseAndCancellation/protobuf-v1/normal
    continuation_maintenance_test.go:213: WORKER_MAINTENANCE mode=normal pointer_batches=6 confirm_batches=1 stage_batches=6 verify_batches=10 renew_batches=0 readers=0 initial_calls=1 stage_calls=1 retained_from=9
=== RUN   TestGraphContinuationMaintenanceLeaseAndCancellation/protobuf-v1/owner-loss-pointer
    continuation_maintenance_test.go:213: WORKER_MAINTENANCE mode=owner-loss-pointer pointer_batches=1 confirm_batches=0 stage_batches=0 verify_batches=0 renew_batches=0 readers=0 initial_calls=1 stage_calls=0 retained_from=0
=== RUN   TestGraphContinuationMaintenanceLeaseAndCancellation/protobuf-v1/owner-loss-confirm
    continuation_maintenance_test.go:213: WORKER_MAINTENANCE mode=owner-loss-confirm pointer_batches=6 confirm_batches=1 stage_batches=0 verify_batches=0 renew_batches=0 readers=0 initial_calls=1 stage_calls=0 retained_from=0
=== RUN   TestGraphContinuationMaintenanceLeaseAndCancellation/protobuf-v1/owner-loss-stage
    continuation_maintenance_test.go:213: WORKER_MAINTENANCE mode=owner-loss-stage pointer_batches=6 confirm_batches=1 stage_batches=1 verify_batches=0 renew_batches=0 readers=0 initial_calls=1 stage_calls=0 retained_from=0
=== RUN   TestGraphContinuationMaintenanceLeaseAndCancellation/protobuf-v1/owner-loss-verify
    continuation_maintenance_test.go:213: WORKER_MAINTENANCE mode=owner-loss-verify pointer_batches=6 confirm_batches=1 stage_batches=6 verify_batches=1 renew_batches=0 readers=0 initial_calls=1 stage_calls=0 retained_from=0
=== RUN   TestGraphContinuationMaintenanceLeaseAndCancellation/protobuf-v1/owner-loss-nodes
    continuation_maintenance_test.go:213: WORKER_MAINTENANCE mode=owner-loss-nodes pointer_batches=6 confirm_batches=1 stage_batches=6 verify_batches=6 renew_batches=0 readers=0 initial_calls=1 stage_calls=0 retained_from=0
=== RUN   TestGraphContinuationMaintenanceLeaseAndCancellation/protobuf-v1/cancel-pointer
    continuation_maintenance_test.go:213: WORKER_MAINTENANCE mode=cancel-pointer pointer_batches=1 confirm_batches=0 stage_batches=0 verify_batches=0 renew_batches=0 readers=0 initial_calls=1 stage_calls=0 retained_from=0
=== RUN   TestGraphContinuationMaintenanceLeaseAndCancellation/protobuf-v1/cancel-confirm
    continuation_maintenance_test.go:213: WORKER_MAINTENANCE mode=cancel-confirm pointer_batches=6 confirm_batches=1 stage_batches=0 verify_batches=0 renew_batches=0 readers=0 initial_calls=1 stage_calls=0 retained_from=0
=== RUN   TestGraphContinuationMaintenanceLeaseAndCancellation/protobuf-v1/cancel-stage
    continuation_maintenance_test.go:213: WORKER_MAINTENANCE mode=cancel-stage pointer_batches=6 confirm_batches=1 stage_batches=1 verify_batches=0 renew_batches=0 readers=0 initial_calls=1 stage_calls=0 retained_from=0
=== RUN   TestGraphContinuationMaintenanceLeaseAndCancellation/protobuf-v1/cancel-verify
    continuation_maintenance_test.go:213: WORKER_MAINTENANCE mode=cancel-verify pointer_batches=6 confirm_batches=1 stage_batches=6 verify_batches=1 renew_batches=0 readers=0 initial_calls=1 stage_calls=0 retained_from=0
=== RUN   TestGraphContinuationMaintenanceLeaseAndCancellation/protobuf-v1/cancel-nodes
    continuation_maintenance_test.go:213: WORKER_MAINTENANCE mode=cancel-nodes pointer_batches=6 confirm_batches=1 stage_batches=6 verify_batches=6 renew_batches=0 readers=0 initial_calls=1 stage_calls=0 retained_from=0
=== RUN   TestGraphContinuationMaintenanceLeaseAndCancellation/protobuf-v1/renew-stage
    continuation_maintenance_test.go:213: WORKER_MAINTENANCE mode=renew-stage pointer_batches=6 confirm_batches=1 stage_batches=6 verify_batches=10 renew_batches=12 readers=0 initial_calls=1 stage_calls=1 retained_from=9
=== RUN   TestGraphContinuationMaintenanceLeaseAndCancellation/protobuf-v1/renew-verify
    continuation_maintenance_test.go:213: WORKER_MAINTENANCE mode=renew-verify pointer_batches=6 confirm_batches=1 stage_batches=6 verify_batches=10 renew_batches=19 readers=0 initial_calls=1 stage_calls=1 retained_from=9
=== RUN   TestGraphContinuationMaintenanceLeaseAndCancellation/protobuf-v1/renew-nodes
    continuation_maintenance_test.go:213: WORKER_MAINTENANCE mode=renew-nodes pointer_batches=6 confirm_batches=1 stage_batches=6 verify_batches=10 renew_batches=19 readers=0 initial_calls=1 stage_calls=1 retained_from=9
=== RUN   TestGraphContinuationMaintenanceLeaseAndCancellation/protobuf-v1/owner-loss-renew
    continuation_maintenance_test.go:213: WORKER_MAINTENANCE mode=owner-loss-renew pointer_batches=6 confirm_batches=1 stage_batches=1 verify_batches=0 renew_batches=1 readers=0 initial_calls=1 stage_calls=0 retained_from=0
=== RUN   TestGraphContinuationMaintenanceLeaseAndCancellation/protobuf-v1/cancel-renew
    continuation_maintenance_test.go:213: WORKER_MAINTENANCE mode=cancel-renew pointer_batches=6 confirm_batches=1 stage_batches=1 verify_batches=0 renew_batches=1 readers=0 initial_calls=1 stage_calls=0 retained_from=0
--- PASS: TestGraphContinuationMaintenanceLeaseAndCancellation (9.04s)
    --- PASS: TestGraphContinuationMaintenanceLeaseAndCancellation/json/normal (0.35s)
    --- PASS: TestGraphContinuationMaintenanceLeaseAndCancellation/json/owner-loss-pointer (0.17s)
    --- PASS: TestGraphContinuationMaintenanceLeaseAndCancellation/json/owner-loss-confirm (0.22s)
    --- PASS: TestGraphContinuationMaintenanceLeaseAndCancellation/json/owner-loss-stage (0.20s)
    --- PASS: TestGraphContinuationMaintenanceLeaseAndCancellation/json/owner-loss-verify (0.28s)
    --- PASS: TestGraphContinuationMaintenanceLeaseAndCancellation/json/owner-loss-nodes (0.31s)
    --- PASS: TestGraphContinuationMaintenanceLeaseAndCancellation/json/cancel-pointer (0.18s)
    --- PASS: TestGraphContinuationMaintenanceLeaseAndCancellation/json/cancel-confirm (0.26s)
    --- PASS: TestGraphContinuationMaintenanceLeaseAndCancellation/json/cancel-stage (0.25s)
    --- PASS: TestGraphContinuationMaintenanceLeaseAndCancellation/json/cancel-verify (0.26s)
    --- PASS: TestGraphContinuationMaintenanceLeaseAndCancellation/json/cancel-nodes (0.25s)
    --- PASS: TestGraphContinuationMaintenanceLeaseAndCancellation/json/renew-stage (0.43s)
    --- PASS: TestGraphContinuationMaintenanceLeaseAndCancellation/json/renew-verify (0.45s)
    --- PASS: TestGraphContinuationMaintenanceLeaseAndCancellation/json/renew-nodes (0.44s)
    --- PASS: TestGraphContinuationMaintenanceLeaseAndCancellation/json/owner-loss-renew (0.16s)
    --- PASS: TestGraphContinuationMaintenanceLeaseAndCancellation/json/cancel-renew (0.18s)
    --- PASS: TestGraphContinuationMaintenanceLeaseAndCancellation/protobuf-v1/normal (0.30s)
    --- PASS: TestGraphContinuationMaintenanceLeaseAndCancellation/protobuf-v1/owner-loss-pointer (0.14s)
    --- PASS: TestGraphContinuationMaintenanceLeaseAndCancellation/protobuf-v1/owner-loss-confirm (0.20s)
    --- PASS: TestGraphContinuationMaintenanceLeaseAndCancellation/protobuf-v1/owner-loss-stage (0.21s)
    --- PASS: TestGraphContinuationMaintenanceLeaseAndCancellation/protobuf-v1/owner-loss-verify (0.24s)
    --- PASS: TestGraphContinuationMaintenanceLeaseAndCancellation/protobuf-v1/owner-loss-nodes (0.25s)
    --- PASS: TestGraphContinuationMaintenanceLeaseAndCancellation/protobuf-v1/cancel-pointer (0.13s)
    --- PASS: TestGraphContinuationMaintenanceLeaseAndCancellation/protobuf-v1/cancel-confirm (0.20s)
    --- PASS: TestGraphContinuationMaintenanceLeaseAndCancellation/protobuf-v1/cancel-stage (0.17s)
    --- PASS: TestGraphContinuationMaintenanceLeaseAndCancellation/protobuf-v1/cancel-verify (0.26s)
    --- PASS: TestGraphContinuationMaintenanceLeaseAndCancellation/protobuf-v1/cancel-nodes (0.29s)
    --- PASS: TestGraphContinuationMaintenanceLeaseAndCancellation/protobuf-v1/renew-stage (0.51s)
    --- PASS: TestGraphContinuationMaintenanceLeaseAndCancellation/protobuf-v1/renew-verify (0.60s)
    --- PASS: TestGraphContinuationMaintenanceLeaseAndCancellation/protobuf-v1/renew-nodes (0.60s)
    --- PASS: TestGraphContinuationMaintenanceLeaseAndCancellation/protobuf-v1/owner-loss-renew (0.22s)
    --- PASS: TestGraphContinuationMaintenanceLeaseAndCancellation/protobuf-v1/cancel-renew (0.30s)
=== RUN   TestGraphContinuationRepairsArchiveBeforeStage
=== RUN   TestGraphContinuationRepairsArchiveBeforeStage/archive=false/healthy
=== RUN   TestGraphContinuationRepairsArchiveBeforeStage/archive=false/pointer-cut
=== RUN   TestGraphContinuationRepairsArchiveBeforeStage/archive=false/suspension-cut
=== RUN   TestGraphContinuationRepairsArchiveBeforeStage/archive=true/healthy
=== RUN   TestGraphContinuationRepairsArchiveBeforeStage/archive=true/pointer-cut
=== RUN   TestGraphContinuationRepairsArchiveBeforeStage/archive=true/suspension-cut
=== RUN   TestGraphContinuationRepairsArchiveBeforeStage/archive=true/archive-cut
    graph_continuation_recovery_test.go:183: HANDOFF_RECOVERY original_receipts_physically_reclaimed=19 before_stage=true
--- PASS: TestGraphContinuationRepairsArchiveBeforeStage (2.45s)
    --- PASS: TestGraphContinuationRepairsArchiveBeforeStage/archive=false/healthy (0.20s)
    --- PASS: TestGraphContinuationRepairsArchiveBeforeStage/archive=false/pointer-cut (0.29s)
    --- PASS: TestGraphContinuationRepairsArchiveBeforeStage/archive=false/suspension-cut (0.30s)
    --- PASS: TestGraphContinuationRepairsArchiveBeforeStage/archive=true/healthy (0.32s)
    --- PASS: TestGraphContinuationRepairsArchiveBeforeStage/archive=true/pointer-cut (0.38s)
    --- PASS: TestGraphContinuationRepairsArchiveBeforeStage/archive=true/suspension-cut (0.33s)
    --- PASS: TestGraphContinuationRepairsArchiveBeforeStage/archive=true/archive-cut (0.64s)
PASS
ok  	js-wf/worker	12.537s
