=== RUN   TestGraphContinuationMaintenanceLeaseAndCancellation
=== RUN   TestGraphContinuationMaintenanceLeaseAndCancellation/json/normal
    continuation_maintenance_test.go:213: WORKER_MAINTENANCE mode=normal pointer_batches=6 confirm_batches=1 stage_batches=6 verify_batches=10 renew_batches=0 readers=0 initial_calls=1 stage_calls=1 retained_from=9
=== RUN   TestGraphContinuationMaintenanceLeaseAndCancellation/json/owner-loss-pointer
    continuation_maintenance_test.go:213: WORKER_MAINTENANCE mode=owner-loss-pointer pointer_batches=1 confirm_batches=0 stage_batches=0 verify_batches=0 renew_batches=0 readers=0 initial_calls=1 stage_calls=0 retained_from=0
=== RUN   TestGraphContinuationMaintenanceLeaseAndCancellation/json/owner-loss-confirm
    continuation_maintenance_test.go:213: WORKER_MAINTENANCE mode=owner-loss-confirm pointer_batches=6 confirm_batches=1 stage_batches=0 verify_batches=0 renew_batches=0 readers=0 initial_calls=1 stage_calls=0 retained_from=0
=== RUN   TestGraphContinuationMaintenanceLeaseAndCancellation/json/owner-loss-stage
    continuation_maintenance_test.go:213: WORKER_MAINTENANCE mode=owner-loss-stage pointer_batches=6 confirm_batches=1 stage_batches=1 verify_batches=0 renew_batches=0 readers=0 initial_calls=1 stage_calls=0 retained_from=0
=== RUN   TestGraphContinuationMaintenanceLeaseAndCancellation/json/owner-loss-verify
    continuation_maintenance_test.go:213: WORKER_MAINTENANCE mode=owner-loss-verify pointer_batches=6 confirm_batches=1 stage_batches=6 verify_batches=1 renew_batches=0 readers=0 initial_calls=1 stage_calls=0 retained_from=0
=== RUN   TestGraphContinuationMaintenanceLeaseAndCancellation/json/owner-loss-nodes
    continuation_maintenance_test.go:213: WORKER_MAINTENANCE mode=owner-loss-nodes pointer_batches=6 confirm_batches=1 stage_batches=6 verify_batches=6 renew_batches=0 readers=0 initial_calls=1 stage_calls=0 retained_from=0
=== RUN   TestGraphContinuationMaintenanceLeaseAndCancellation/json/cancel-pointer
    continuation_maintenance_test.go:213: WORKER_MAINTENANCE mode=cancel-pointer pointer_batches=1 confirm_batches=0 stage_batches=0 verify_batches=0 renew_batches=0 readers=0 initial_calls=1 stage_calls=0 retained_from=0
=== RUN   TestGraphContinuationMaintenanceLeaseAndCancellation/json/cancel-confirm
    continuation_maintenance_test.go:213: WORKER_MAINTENANCE mode=cancel-confirm pointer_batches=6 confirm_batches=1 stage_batches=0 verify_batches=0 renew_batches=0 readers=0 initial_calls=1 stage_calls=0 retained_from=0
=== RUN   TestGraphContinuationMaintenanceLeaseAndCancellation/json/cancel-stage
    continuation_maintenance_test.go:213: WORKER_MAINTENANCE mode=cancel-stage pointer_batches=6 confirm_batches=1 stage_batches=1 verify_batches=0 renew_batches=0 readers=0 initial_calls=1 stage_calls=0 retained_from=0
=== RUN   TestGraphContinuationMaintenanceLeaseAndCancellation/json/cancel-verify
    continuation_maintenance_test.go:213: WORKER_MAINTENANCE mode=cancel-verify pointer_batches=6 confirm_batches=1 stage_batches=6 verify_batches=1 renew_batches=0 readers=0 initial_calls=1 stage_calls=0 retained_from=0
=== RUN   TestGraphContinuationMaintenanceLeaseAndCancellation/json/cancel-nodes
    continuation_maintenance_test.go:213: WORKER_MAINTENANCE mode=cancel-nodes pointer_batches=6 confirm_batches=1 stage_batches=6 verify_batches=6 renew_batches=0 readers=0 initial_calls=1 stage_calls=0 retained_from=0
=== RUN   TestGraphContinuationMaintenanceLeaseAndCancellation/json/renew-stage
    continuation_maintenance_test.go:159: renewal was not exercised across original expiry true false 0
=== RUN   TestGraphContinuationMaintenanceLeaseAndCancellation/json/renew-verify
    continuation_maintenance_test.go:159: renewal was not exercised across original expiry true false 0
=== RUN   TestGraphContinuationMaintenanceLeaseAndCancellation/json/renew-nodes
    continuation_maintenance_test.go:159: renewal was not exercised across original expiry true false 0
=== RUN   TestGraphContinuationMaintenanceLeaseAndCancellation/json/owner-loss-renew
    continuation_maintenance_test.go:155: lost/canceled maintenance continued false <nil> 0
=== RUN   TestGraphContinuationMaintenanceLeaseAndCancellation/json/cancel-renew
    continuation_maintenance_test.go:155: lost/canceled maintenance continued false <nil> 0
=== RUN   TestGraphContinuationMaintenanceLeaseAndCancellation/protobuf-v1/normal
    continuation_maintenance_test.go:213: WORKER_MAINTENANCE mode=normal pointer_batches=6 confirm_batches=1 stage_batches=6 verify_batches=10 renew_batches=0 readers=0 initial_calls=1 stage_calls=1 retained_from=9
=== RUN   TestGraphContinuationMaintenanceLeaseAndCancellation/protobuf-v1/owner-loss-pointer
    continuation_maintenance_test.go:213: WORKER_MAINTENANCE mode=owner-loss-pointer pointer_batches=1 confirm_batches=0 stage_batches=0 verify_batches=0 renew_batches=0 readers=0 initial_calls=1 stage_calls=0 retained_from=0
=== RUN   TestGraphContinuationMaintenanceLeaseAndCancellation/protobuf-v1/owner-loss-confirm
    continuation_maintenance_test.go:213: WORKER_MAINTENANCE mode=owner-loss-confirm pointer_batches=6 confirm_batches=1 stage_batches=0 verify_batches=0 renew_batches=0 readers=0 initial_calls=1 stage_calls=0 retained_from=0
=== RUN   TestGraphContinuationMaintenanceLeaseAndCancellation/protobuf-v1/owner-loss-stage
    continuation_maintenance_test.go:213: WORKER_MAINTENANCE mode=owner-loss-stage pointer_batches=6 confirm_batches=1 stage_batches=1 verify_batches=0 renew_batches=0 readers=0 initial_calls=1 stage_calls=0 retained_from=0
=== RUN   TestGraphContinuationMaintenanceLeaseAndCancellation/protobuf-v1/owner-loss-verify
    continuation_maintenance_test.go:213: WORKER_MAINTENANCE mode=owner-loss-verify pointer_batches=6 confirm_batches=1 stage_batches=6 verify_batches=1 renew_batches=0 readers=0 initial_calls=1 stage_calls=0 retained_from=0
=== RUN   TestGraphContinuationMaintenanceLeaseAndCancellation/protobuf-v1/owner-loss-nodes
    continuation_maintenance_test.go:213: WORKER_MAINTENANCE mode=owner-loss-nodes pointer_batches=6 confirm_batches=1 stage_batches=6 verify_batches=6 renew_batches=0 readers=0 initial_calls=1 stage_calls=0 retained_from=0
=== RUN   TestGraphContinuationMaintenanceLeaseAndCancellation/protobuf-v1/cancel-pointer
    continuation_maintenance_test.go:213: WORKER_MAINTENANCE mode=cancel-pointer pointer_batches=1 confirm_batches=0 stage_batches=0 verify_batches=0 renew_batches=0 readers=0 initial_calls=1 stage_calls=0 retained_from=0
=== RUN   TestGraphContinuationMaintenanceLeaseAndCancellation/protobuf-v1/cancel-confirm
    continuation_maintenance_test.go:213: WORKER_MAINTENANCE mode=cancel-confirm pointer_batches=6 confirm_batches=1 stage_batches=0 verify_batches=0 renew_batches=0 readers=0 initial_calls=1 stage_calls=0 retained_from=0
=== RUN   TestGraphContinuationMaintenanceLeaseAndCancellation/protobuf-v1/cancel-stage
    continuation_maintenance_test.go:213: WORKER_MAINTENANCE mode=cancel-stage pointer_batches=6 confirm_batches=1 stage_batches=1 verify_batches=0 renew_batches=0 readers=0 initial_calls=1 stage_calls=0 retained_from=0
=== RUN   TestGraphContinuationMaintenanceLeaseAndCancellation/protobuf-v1/cancel-verify
    continuation_maintenance_test.go:213: WORKER_MAINTENANCE mode=cancel-verify pointer_batches=6 confirm_batches=1 stage_batches=6 verify_batches=1 renew_batches=0 readers=0 initial_calls=1 stage_calls=0 retained_from=0
=== RUN   TestGraphContinuationMaintenanceLeaseAndCancellation/protobuf-v1/cancel-nodes
    continuation_maintenance_test.go:213: WORKER_MAINTENANCE mode=cancel-nodes pointer_batches=6 confirm_batches=1 stage_batches=6 verify_batches=6 renew_batches=0 readers=0 initial_calls=1 stage_calls=0 retained_from=0
=== RUN   TestGraphContinuationMaintenanceLeaseAndCancellation/protobuf-v1/renew-stage
    continuation_maintenance_test.go:159: renewal was not exercised across original expiry true false 0
=== RUN   TestGraphContinuationMaintenanceLeaseAndCancellation/protobuf-v1/renew-verify
    continuation_maintenance_test.go:159: renewal was not exercised across original expiry true false 0
=== RUN   TestGraphContinuationMaintenanceLeaseAndCancellation/protobuf-v1/renew-nodes
    continuation_maintenance_test.go:159: renewal was not exercised across original expiry true false 0
=== RUN   TestGraphContinuationMaintenanceLeaseAndCancellation/protobuf-v1/owner-loss-renew
    continuation_maintenance_test.go:155: lost/canceled maintenance continued false <nil> 0
=== RUN   TestGraphContinuationMaintenanceLeaseAndCancellation/protobuf-v1/cancel-renew
    continuation_maintenance_test.go:155: lost/canceled maintenance continued false <nil> 0
--- FAIL: TestGraphContinuationMaintenanceLeaseAndCancellation (8.56s)
    --- PASS: TestGraphContinuationMaintenanceLeaseAndCancellation/json/normal (0.30s)
    --- PASS: TestGraphContinuationMaintenanceLeaseAndCancellation/json/owner-loss-pointer (0.11s)
    --- PASS: TestGraphContinuationMaintenanceLeaseAndCancellation/json/owner-loss-confirm (0.16s)
    --- PASS: TestGraphContinuationMaintenanceLeaseAndCancellation/json/owner-loss-stage (0.18s)
    --- PASS: TestGraphContinuationMaintenanceLeaseAndCancellation/json/owner-loss-verify (0.28s)
    --- PASS: TestGraphContinuationMaintenanceLeaseAndCancellation/json/owner-loss-nodes (0.27s)
    --- PASS: TestGraphContinuationMaintenanceLeaseAndCancellation/json/cancel-pointer (0.17s)
    --- PASS: TestGraphContinuationMaintenanceLeaseAndCancellation/json/cancel-confirm (0.19s)
    --- PASS: TestGraphContinuationMaintenanceLeaseAndCancellation/json/cancel-stage (0.25s)
    --- PASS: TestGraphContinuationMaintenanceLeaseAndCancellation/json/cancel-verify (0.26s)
    --- PASS: TestGraphContinuationMaintenanceLeaseAndCancellation/json/cancel-nodes (0.29s)
    --- FAIL: TestGraphContinuationMaintenanceLeaseAndCancellation/json/renew-stage (0.32s)
    --- FAIL: TestGraphContinuationMaintenanceLeaseAndCancellation/json/renew-verify (0.40s)
    --- FAIL: TestGraphContinuationMaintenanceLeaseAndCancellation/json/renew-nodes (0.34s)
    --- FAIL: TestGraphContinuationMaintenanceLeaseAndCancellation/json/owner-loss-renew (0.30s)
    --- FAIL: TestGraphContinuationMaintenanceLeaseAndCancellation/json/cancel-renew (0.32s)
    --- PASS: TestGraphContinuationMaintenanceLeaseAndCancellation/protobuf-v1/normal (0.40s)
    --- PASS: TestGraphContinuationMaintenanceLeaseAndCancellation/protobuf-v1/owner-loss-pointer (0.14s)
    --- PASS: TestGraphContinuationMaintenanceLeaseAndCancellation/protobuf-v1/owner-loss-confirm (0.19s)
    --- PASS: TestGraphContinuationMaintenanceLeaseAndCancellation/protobuf-v1/owner-loss-stage (0.20s)
    --- PASS: TestGraphContinuationMaintenanceLeaseAndCancellation/protobuf-v1/owner-loss-verify (0.39s)
    --- PASS: TestGraphContinuationMaintenanceLeaseAndCancellation/protobuf-v1/owner-loss-nodes (0.29s)
    --- PASS: TestGraphContinuationMaintenanceLeaseAndCancellation/protobuf-v1/cancel-pointer (0.16s)
    --- PASS: TestGraphContinuationMaintenanceLeaseAndCancellation/protobuf-v1/cancel-confirm (0.21s)
    --- PASS: TestGraphContinuationMaintenanceLeaseAndCancellation/protobuf-v1/cancel-stage (0.24s)
    --- PASS: TestGraphContinuationMaintenanceLeaseAndCancellation/protobuf-v1/cancel-verify (0.29s)
    --- PASS: TestGraphContinuationMaintenanceLeaseAndCancellation/protobuf-v1/cancel-nodes (0.30s)
    --- FAIL: TestGraphContinuationMaintenanceLeaseAndCancellation/protobuf-v1/renew-stage (0.30s)
    --- FAIL: TestGraphContinuationMaintenanceLeaseAndCancellation/protobuf-v1/renew-verify (0.32s)
    --- FAIL: TestGraphContinuationMaintenanceLeaseAndCancellation/protobuf-v1/renew-nodes (0.32s)
    --- FAIL: TestGraphContinuationMaintenanceLeaseAndCancellation/protobuf-v1/owner-loss-renew (0.32s)
    --- FAIL: TestGraphContinuationMaintenanceLeaseAndCancellation/protobuf-v1/cancel-renew (0.33s)
FAIL
FAIL	js-wf/worker	8.588s
FAIL
