=== RUN   TestNativeGraphObjectGetFreshCombinedCensus
=== RUN   TestNativeGraphObjectGetFreshCombinedCensus/R1
=== RUN   TestNativeGraphObjectGetFreshCombinedCensus/R1/healthy
=== RUN   TestNativeGraphObjectGetFreshCombinedCensus/R1/no_rollup
=== RUN   TestNativeGraphObjectGetFreshCombinedCensus/R1/allow_direct
=== RUN   TestNativeGraphObjectGetFreshCombinedCensus/R1/sealed
=== RUN   TestNativeGraphObjectGetFreshCombinedCensus/R1/wrong_format
=== RUN   TestNativeGraphObjectGetFreshCombinedCensus/R1/foreign_subject
=== RUN   TestNativeGraphObjectGetFreshCombinedCensus/R1/missing_chunks
=== RUN   TestNativeGraphObjectGetFreshCombinedCensus/R1/unknown_info
=== RUN   TestNativeGraphObjectGetFreshCombinedCensus/R3
=== RUN   TestNativeGraphObjectGetFreshCombinedCensus/R3/healthy
=== RUN   TestNativeGraphObjectGetFreshCombinedCensus/R3/no_rollup
=== RUN   TestNativeGraphObjectGetFreshCombinedCensus/R3/allow_direct
=== RUN   TestNativeGraphObjectGetFreshCombinedCensus/R3/sealed
=== RUN   TestNativeGraphObjectGetFreshCombinedCensus/R3/wrong_format
=== RUN   TestNativeGraphObjectGetFreshCombinedCensus/R3/foreign_subject
=== RUN   TestNativeGraphObjectGetFreshCombinedCensus/R3/missing_chunks
=== RUN   TestNativeGraphObjectGetFreshCombinedCensus/R3/unknown_info
--- PASS: TestNativeGraphObjectGetFreshCombinedCensus (1.61s)
    --- PASS: TestNativeGraphObjectGetFreshCombinedCensus/R1 (0.38s)
        --- PASS: TestNativeGraphObjectGetFreshCombinedCensus/R1/healthy (0.07s)
        --- PASS: TestNativeGraphObjectGetFreshCombinedCensus/R1/no_rollup (0.03s)
        --- PASS: TestNativeGraphObjectGetFreshCombinedCensus/R1/allow_direct (0.02s)
        --- PASS: TestNativeGraphObjectGetFreshCombinedCensus/R1/sealed (0.03s)
        --- PASS: TestNativeGraphObjectGetFreshCombinedCensus/R1/wrong_format (0.04s)
        --- PASS: TestNativeGraphObjectGetFreshCombinedCensus/R1/foreign_subject (0.03s)
        --- PASS: TestNativeGraphObjectGetFreshCombinedCensus/R1/missing_chunks (0.03s)
        --- PASS: TestNativeGraphObjectGetFreshCombinedCensus/R1/unknown_info (0.02s)
    --- PASS: TestNativeGraphObjectGetFreshCombinedCensus/R3 (1.23s)
        --- PASS: TestNativeGraphObjectGetFreshCombinedCensus/R3/healthy (0.09s)
        --- PASS: TestNativeGraphObjectGetFreshCombinedCensus/R3/no_rollup (0.03s)
        --- PASS: TestNativeGraphObjectGetFreshCombinedCensus/R3/allow_direct (0.04s)
        --- PASS: TestNativeGraphObjectGetFreshCombinedCensus/R3/sealed (0.03s)
        --- PASS: TestNativeGraphObjectGetFreshCombinedCensus/R3/wrong_format (0.05s)
        --- PASS: TestNativeGraphObjectGetFreshCombinedCensus/R3/foreign_subject (0.04s)
        --- PASS: TestNativeGraphObjectGetFreshCombinedCensus/R3/missing_chunks (0.04s)
        --- PASS: TestNativeGraphObjectGetFreshCombinedCensus/R3/unknown_info (0.05s)
=== RUN   TestNativeGraphObjectAppendReuseAndRetirement
=== RUN   TestNativeGraphObjectAppendReuseAndRetirement/R1
=== RUN   TestNativeGraphObjectAppendReuseAndRetirement/R3
--- PASS: TestNativeGraphObjectAppendReuseAndRetirement (22.88s)
    --- PASS: TestNativeGraphObjectAppendReuseAndRetirement/R1 (9.74s)
    --- PASS: TestNativeGraphObjectAppendReuseAndRetirement/R3 (13.13s)
=== RUN   TestNativeGraphObjectReservationsLostRepliesAndLateCompletion
=== RUN   TestNativeGraphObjectReservationsLostRepliesAndLateCompletion/R1/lost_reservation
=== RUN   TestNativeGraphObjectReservationsLostRepliesAndLateCompletion/R1/lost_chunk
=== RUN   TestNativeGraphObjectReservationsLostRepliesAndLateCompletion/R1/lost_completion
=== RUN   TestNativeGraphObjectReservationsLostRepliesAndLateCompletion/R1/collector_before_completion
=== RUN   TestNativeGraphObjectReservationsLostRepliesAndLateCompletion/R3/lost_reservation
=== RUN   TestNativeGraphObjectReservationsLostRepliesAndLateCompletion/R3/lost_chunk
=== RUN   TestNativeGraphObjectReservationsLostRepliesAndLateCompletion/R3/lost_completion
=== RUN   TestNativeGraphObjectReservationsLostRepliesAndLateCompletion/R3/collector_before_completion
--- PASS: TestNativeGraphObjectReservationsLostRepliesAndLateCompletion (4.03s)
    --- PASS: TestNativeGraphObjectReservationsLostRepliesAndLateCompletion/R1/lost_reservation (0.11s)
    --- PASS: TestNativeGraphObjectReservationsLostRepliesAndLateCompletion/R1/lost_chunk (0.12s)
    --- PASS: TestNativeGraphObjectReservationsLostRepliesAndLateCompletion/R1/lost_completion (0.12s)
    --- PASS: TestNativeGraphObjectReservationsLostRepliesAndLateCompletion/R1/collector_before_completion (0.13s)
    --- PASS: TestNativeGraphObjectReservationsLostRepliesAndLateCompletion/R3/lost_reservation (1.03s)
    --- PASS: TestNativeGraphObjectReservationsLostRepliesAndLateCompletion/R3/lost_chunk (0.67s)
    --- PASS: TestNativeGraphObjectReservationsLostRepliesAndLateCompletion/R3/lost_completion (0.96s)
    --- PASS: TestNativeGraphObjectReservationsLostRepliesAndLateCompletion/R3/collector_before_completion (0.90s)
=== RUN   TestNativeGraphObjectCancellationBoundsAndUnknownChunks
--- PASS: TestNativeGraphObjectCancellationBoundsAndUnknownChunks (0.06s)
=== RUN   TestNativeGraphObjectPublishCollectOrderAndDelayedDelete
=== RUN   TestNativeGraphObjectPublishCollectOrderAndDelayedDelete/R1
=== RUN   TestNativeGraphObjectPublishCollectOrderAndDelayedDelete/R3
--- PASS: TestNativeGraphObjectPublishCollectOrderAndDelayedDelete (1.22s)
    --- PASS: TestNativeGraphObjectPublishCollectOrderAndDelayedDelete/R1 (0.34s)
    --- PASS: TestNativeGraphObjectPublishCollectOrderAndDelayedDelete/R3 (0.88s)
=== RUN   TestNativeGraphObjectReadUncertaintyAndFormatIsolation
    nats_objects_test.go:442: chunk cancellation elapsed 16.685µs
--- PASS: TestNativeGraphObjectReadUncertaintyAndFormatIsolation (0.06s)
=== RUN   TestNativeGraphObjectOpeningBoundsReadOnlyAdmission
=== RUN   TestNativeGraphObjectOpeningBoundsReadOnlyAdmission/stream0
=== RUN   TestNativeGraphObjectOpeningBoundsReadOnlyAdmission/stream1
=== RUN   TestNativeGraphObjectOpeningBoundsReadOnlyAdmission/stream2
=== RUN   TestNativeGraphObjectOpeningBoundsReadOnlyAdmission/stream3
=== RUN   TestNativeGraphObjectOpeningBoundsReadOnlyAdmission/validate0
=== RUN   TestNativeGraphObjectOpeningBoundsReadOnlyAdmission/validate1
=== RUN   TestNativeGraphObjectOpeningBoundsReadOnlyAdmission/validate2
=== RUN   TestNativeGraphObjectOpeningBoundsReadOnlyAdmission/validate3
=== RUN   TestNativeGraphObjectOpeningBoundsReadOnlyAdmission/reader0
=== RUN   TestNativeGraphObjectOpeningBoundsReadOnlyAdmission/reader1
=== RUN   TestNativeGraphObjectOpeningBoundsReadOnlyAdmission/reader2
=== RUN   TestNativeGraphObjectOpeningBoundsReadOnlyAdmission/reader3
--- PASS: TestNativeGraphObjectOpeningBoundsReadOnlyAdmission (0.00s)
    --- PASS: TestNativeGraphObjectOpeningBoundsReadOnlyAdmission/stream0 (0.00s)
    --- PASS: TestNativeGraphObjectOpeningBoundsReadOnlyAdmission/stream1 (0.00s)
    --- PASS: TestNativeGraphObjectOpeningBoundsReadOnlyAdmission/stream2 (0.00s)
    --- PASS: TestNativeGraphObjectOpeningBoundsReadOnlyAdmission/stream3 (0.00s)
    --- PASS: TestNativeGraphObjectOpeningBoundsReadOnlyAdmission/validate0 (0.00s)
    --- PASS: TestNativeGraphObjectOpeningBoundsReadOnlyAdmission/validate1 (0.00s)
    --- PASS: TestNativeGraphObjectOpeningBoundsReadOnlyAdmission/validate2 (0.00s)
    --- PASS: TestNativeGraphObjectOpeningBoundsReadOnlyAdmission/validate3 (0.00s)
    --- PASS: TestNativeGraphObjectOpeningBoundsReadOnlyAdmission/reader0 (0.00s)
    --- PASS: TestNativeGraphObjectOpeningBoundsReadOnlyAdmission/reader1 (0.00s)
    --- PASS: TestNativeGraphObjectOpeningBoundsReadOnlyAdmission/reader2 (0.00s)
    --- PASS: TestNativeGraphObjectOpeningBoundsReadOnlyAdmission/reader3 (0.00s)
PASS
ok  	js-wf/internal/graphpublication	30.919s
