=== RUN   TestNativeGraphObjectGetFreshCombinedCensus
=== RUN   TestNativeGraphObjectGetFreshCombinedCensus/R1
=== RUN   TestNativeGraphObjectGetFreshCombinedCensus/R1/healthy
=== RUN   TestNativeGraphObjectGetFreshCombinedCensus/R1/no_rollup
=== RUN   TestNativeGraphObjectGetFreshCombinedCensus/R1/allow_direct
=== RUN   TestNativeGraphObjectGetFreshCombinedCensus/R1/sealed
=== RUN   TestNativeGraphObjectGetFreshCombinedCensus/R1/wrong_format
=== RUN   TestNativeGraphObjectGetFreshCombinedCensus/R1/foreign_subject
=== RUN   TestNativeGraphObjectGetFreshCombinedCensus/R1/missing_chunks
=== RUN   TestNativeGraphObjectGetFreshCombinedCensus/R1/unknown_info
=== RUN   TestNativeGraphObjectGetFreshCombinedCensus/R3
=== RUN   TestNativeGraphObjectGetFreshCombinedCensus/R3/healthy
=== RUN   TestNativeGraphObjectGetFreshCombinedCensus/R3/no_rollup
=== RUN   TestNativeGraphObjectGetFreshCombinedCensus/R3/allow_direct
=== RUN   TestNativeGraphObjectGetFreshCombinedCensus/R3/sealed
=== RUN   TestNativeGraphObjectGetFreshCombinedCensus/R3/wrong_format
=== RUN   TestNativeGraphObjectGetFreshCombinedCensus/R3/foreign_subject
=== RUN   TestNativeGraphObjectGetFreshCombinedCensus/R3/missing_chunks
=== RUN   TestNativeGraphObjectGetFreshCombinedCensus/R3/unknown_info
--- PASS: TestNativeGraphObjectGetFreshCombinedCensus (1.31s)
    --- PASS: TestNativeGraphObjectGetFreshCombinedCensus/R1 (0.37s)
        --- PASS: TestNativeGraphObjectGetFreshCombinedCensus/R1/healthy (0.06s)
        --- PASS: TestNativeGraphObjectGetFreshCombinedCensus/R1/no_rollup (0.04s)
        --- PASS: TestNativeGraphObjectGetFreshCombinedCensus/R1/allow_direct (0.03s)
        --- PASS: TestNativeGraphObjectGetFreshCombinedCensus/R1/sealed (0.04s)
        --- PASS: TestNativeGraphObjectGetFreshCombinedCensus/R1/wrong_format (0.03s)
        --- PASS: TestNativeGraphObjectGetFreshCombinedCensus/R1/foreign_subject (0.03s)
        --- PASS: TestNativeGraphObjectGetFreshCombinedCensus/R1/missing_chunks (0.03s)
        --- PASS: TestNativeGraphObjectGetFreshCombinedCensus/R1/unknown_info (0.04s)
    --- PASS: TestNativeGraphObjectGetFreshCombinedCensus/R3 (0.95s)
        --- PASS: TestNativeGraphObjectGetFreshCombinedCensus/R3/healthy (0.07s)
        --- PASS: TestNativeGraphObjectGetFreshCombinedCensus/R3/no_rollup (0.03s)
        --- PASS: TestNativeGraphObjectGetFreshCombinedCensus/R3/allow_direct (0.03s)
        --- PASS: TestNativeGraphObjectGetFreshCombinedCensus/R3/sealed (0.03s)
        --- PASS: TestNativeGraphObjectGetFreshCombinedCensus/R3/wrong_format (0.03s)
        --- PASS: TestNativeGraphObjectGetFreshCombinedCensus/R3/foreign_subject (0.03s)
        --- PASS: TestNativeGraphObjectGetFreshCombinedCensus/R3/missing_chunks (0.03s)
        --- PASS: TestNativeGraphObjectGetFreshCombinedCensus/R3/unknown_info (0.03s)
=== RUN   TestNativeGraphObjectCancellationBoundsAndUnknownChunks
--- PASS: TestNativeGraphObjectCancellationBoundsAndUnknownChunks (0.07s)
=== RUN   TestNativeGraphObjectReadUncertaintyAndFormatIsolation
    nats_objects_test.go:442: chunk cancellation elapsed 18.358µs
--- PASS: TestNativeGraphObjectReadUncertaintyAndFormatIsolation (0.07s)
PASS
ok  	js-wf/internal/graphpublication	2.471s
