[1] 2026/10/01 18:01:19.356603 [INF] Starting nats-server
[1] 2026/10/01 18:01:19.356646 [INF]   Version:  2.15.0
[1] 2026/10/01 18:01:19.356648 [INF]   Git:      [not set]
[1] 2026/10/01 18:01:19.356650 [INF]   Cluster:  js-wf-route-5711-1790877407297718127
[1] 2026/10/01 18:01:19.356652 [INF]   Name:     js-wf-route-5711-1790877407297718127-n3
[1] 2026/10/01 18:01:19.356654 [INF]   Node:     MBhZ8EOM
[1] 2026/10/01 18:01:19.356655 [INF]   ID:       NAZB7TM3UMWI46HG6X6WPNOTYZ37OY5YLR2CQDLN7AHIVNVZEXRX6J7C
[1] 2026/10/01 18:01:19.356663 [INF] Using configuration file: /etc/nats.conf (sha256:2b3c0cdf1bae0dc828987430072bec52f1eee9114880f8779b1ec8bfa212027e)
[1] 2026/10/01 18:01:19.357449 [INF] Starting http monitor on 0.0.0.0:8222
[1] 2026/10/01 18:01:19.357672 [INF] Starting JetStream
[1] 2026/10/01 18:01:19.357870 [INF]     _ ___ _____ ___ _____ ___ ___   _   __  __
[1] 2026/10/01 18:01:19.357928 [INF]  _ | | __|_   _/ __|_   _| _ \ __| /_\ |  \/  |
[1] 2026/10/01 18:01:19.357949 [INF] | || | _|  | | \__ \ | | |   / _| / _ \| |\/| |
[1] 2026/10/01 18:01:19.357953 [INF]  \__/|___| |_| |___/ |_| |_|_\___/_/ \_\_|  |_|
[1] 2026/10/01 18:01:19.357956 [INF] 
[1] 2026/10/01 18:01:19.357958 [INF]          https://docs.nats.io/jetstream
[1] 2026/10/01 18:01:19.357959 [INF] 
[1] 2026/10/01 18:01:19.357961 [INF] ---------------- JETSTREAM ----------------
[1] 2026/10/01 18:01:19.357963 [INF]   Strict:          true
[1] 2026/10/01 18:01:19.357968 [INF]   Max Memory:      11.71 GB
[1] 2026/10/01 18:01:19.357971 [INF]   Max Storage:     62.95 GB
[1] 2026/10/01 18:01:19.357973 [INF]   Store Directory: "/data/jetstream"
[1] 2026/10/01 18:01:19.357976 [INF]   API Level:       5
[1] 2026/10/01 18:01:19.357978 [INF] -------------------------------------------
[1] 2026/10/01 18:01:19.358603 [INF]   Starting restore for stream '$G > KV_WF_VIEW'
[1] 2026/10/01 18:01:19.358824 [INF]   Starting restore for stream '$G > WF_JRN'
[1] 2026/10/01 18:01:19.358936 [INF]   Starting restore for stream '$G > WF_PURGE'
[1] 2026/10/01 18:01:19.359237 [INF]   Restored 0 messages for stream '$G > KV_WF_VIEW' in 1ms
[1] 2026/10/01 18:01:19.358605 [INF]   Starting restore for stream '$G > OBJ_WF_BLOB'
[1] 2026/10/01 18:01:19.359710 [WRN] Filestore [WF_JRN] Stream state outdated, last block has additional entries, will rebuild
[1] 2026/10/01 18:01:19.359725 [WRN] Filestore [WF_JRN] Recovering stream state from index errored: prior state file
[1] 2026/10/01 18:01:19.359863 [INF]   Restored 0 messages for stream '$G > OBJ_WF_BLOB' in 0s
[1] 2026/10/01 18:01:19.360761 [INF]   Starting restore for stream '$G > WF_RUN'
[1] 2026/10/01 18:01:19.361040 [INF]   Starting restore for stream '$G > KV_WF_LEASE'
[1] 2026/10/01 18:01:19.361052 [WRN] Filestore [WF_RUN] Stream state detected prior state, could not locate msg block 2
[1] 2026/10/01 18:01:19.361063 [WRN] Filestore [WF_RUN] Recovering stream state from index errored: prior state file
[1] 2026/10/01 18:01:19.359340 [INF]   Restored 0 messages for stream '$G > WF_PURGE' in 0s
[1] 2026/10/01 18:01:19.362894 [INF]   Starting restore for stream '$G > KV_WF_ASSIGN'
[1] 2026/10/01 18:01:19.363198 [INF]   Restored 0 messages for stream '$G > KV_WF_ASSIGN' in 0s
[1] 2026/10/01 18:01:19.363290 [INF]   Starting restore for stream '$G > WF_INV'
[1] 2026/10/01 18:01:19.363707 [INF]   Starting restore for stream '$G > KV_WF_STATE'
[1] 2026/10/01 18:01:19.364528 [WRN] Filestore [WF_INV] Stream state outdated, last block has additional entries, will rebuild
[1] 2026/10/01 18:01:19.364537 [WRN] Filestore [WF_INV] Recovering stream state from index errored: prior state file
[1] 2026/10/01 18:01:19.364747 [WRN] Filestore [KV_WF_LEASE] Stream state outdated, last block has additional entries, will rebuild
[1] 2026/10/01 18:01:19.364873 [WRN] Filestore [KV_WF_LEASE] Recovering stream state from index errored: prior state file
[1] 2026/10/01 18:01:19.364919 [INF]   Starting restore for stream '$G > WF_SIG'
[1] 2026/10/01 18:01:19.365809 [WRN] Filestore [WF_SIG] Stream state outdated, last block has additional entries, will rebuild
[1] 2026/10/01 18:01:19.365880 [WRN] Filestore [WF_SIG] Recovering stream state from index errored: prior state file
[1] 2026/10/01 18:01:19.367446 [INF]   Restored 1,064 messages for stream '$G > WF_INV' in 4ms
[1] 2026/10/01 18:01:19.367711 [WRN] Filestore [KV_WF_LEASE] TTL state is outdated; attempting to recover using linear scan (seq 22254 to 24729)
[1] 2026/10/01 18:01:19.364802 [WRN] Filestore [KV_WF_STATE] Stream state outdated, last block has additional entries, will rebuild
[1] 2026/10/01 18:01:19.370224 [WRN] Filestore [WF_RUN] Message scheduling state is outdated; attempting to recover using linear scan (seq 3316 to 4195)
[1] 2026/10/01 18:01:19.370279 [WRN] Filestore [KV_WF_STATE] Recovering stream state from index errored: prior state file
[1] 2026/10/01 18:01:19.373214 [INF]   Restored 128 messages for stream '$G > KV_WF_LEASE' in 12ms
[1] 2026/10/01 18:01:19.374068 [INF]   Restored 27 messages for stream '$G > WF_RUN' in 13ms
[1] 2026/10/01 18:01:19.374918 [INF]   Restored 1,292 messages for stream '$G > WF_SIG' in 10ms
[1] 2026/10/01 18:01:19.380038 [INF]   Restored 11,697 messages for stream '$G > WF_JRN' in 21ms
[1] 2026/10/01 18:01:19.380120 [INF]   Recovering 64 consumers for stream - '$G > WF_RUN'
[1] 2026/10/01 18:01:19.381456 [INF]   Restored 1,066 messages for stream '$G > KV_WF_STATE' in 18ms
[1] 2026/10/01 18:01:19.398038 [INF] Starting JetStream cluster
[1] 2026/10/01 18:01:19.398135 [INF] Creating JetStream metadata controller
[1] 2026/10/01 18:01:19.398364 [WRN] Filestore [_meta_] Stream state outdated, last block has additional entries, will rebuild
[1] 2026/10/01 18:01:19.398411 [WRN] Filestore [_meta_] Recovering stream state from index errored: prior state file
[1] 2026/10/01 18:01:19.398676 [INF] JetStream cluster recovering state
[1] 2026/10/01 18:01:19.405521 [INF] Took 47.772478ms to start JetStream
[1] 2026/10/01 18:01:19.405781 [INF] Listening for client connections on 0.0.0.0:4222
[1] 2026/10/01 18:01:19.406562 [INF] Server is ready
[1] 2026/10/01 18:01:19.406622 [INF] Cluster name is js-wf-route-5711-1790877407297718127
[1] 2026/10/01 18:01:19.406688 [INF] Listening for route connections on 0.0.0.0:6222
[1] 2026/10/01 18:01:19.408303 [INF] 172.19.0.2:6222 - rid:167 - Route connection created
[1] 2026/10/01 18:01:19.408919 [INF] 172.19.0.2:6222 - rid:166 - Route connection created
[1] 2026/10/01 18:01:19.410924 [INF] 172.19.0.3:44110 - rid:168 - Route connection created
[1] 2026/10/01 18:01:19.411105 [INF] 172.19.0.3:44100 - rid:169 - Route connection created
[1] 2026/10/01 18:01:19.412885 [INF] 172.19.0.4:40156 - rid:170 - Route connection created
[1] 2026/10/01 18:01:19.413129 [INF] 172.19.0.4:40154 - rid:171 - Route connection created
[1] 2026/10/01 18:01:19.413165 [INF] 172.19.0.2:6222 - rid:172 - Route connection created
[1] 2026/10/01 18:01:19.413656 [INF] 172.19.0.6:41582 - rid:173 - Route connection created
[1] 2026/10/01 18:01:19.413773 [INF] 172.19.0.6:41592 - rid:174 - Route connection created
[1] 2026/10/01 18:01:19.413924 [INF] 172.19.0.6:41580 - rid:175 - Route connection created
[1] 2026/10/01 18:01:19.414216 [INF] 172.19.0.4:40172 - rid:176 - Route connection created
[1] 2026/10/01 18:01:19.414799 [INF] 172.19.0.6:41580 - rid:175 - Router connection closed: Client Closed
[1] 2026/10/01 18:01:19.415230 [INF] 172.19.0.4:40172 - rid:176 - Router connection closed: Client Closed
[1] 2026/10/01 18:01:19.415696 [INF] 172.19.0.6:41594 - rid:177 - Route connection created
[1] 2026/10/01 18:01:19.415990 [INF] 172.19.0.3:44116 - rid:178 - Route connection created
[1] 2026/10/01 18:01:19.416491 [INF] 172.19.0.4:40196 - rid:179 - Route connection created
[1] 2026/10/01 18:01:19.416812 [INF] 172.19.0.4:40180 - rid:180 - Route connection created
[1] 2026/10/01 18:01:19.417205 [INF] 172.19.0.6:41590 - rid:181 - Route connection created
[1] 2026/10/01 18:01:19.418129 [INF] 172.19.0.4:40206 - rid:182 - Route connection created
[1] 2026/10/01 18:01:19.418846 [INF] 172.19.0.2:6222 - rid:183 - Route connection created
[1] 2026/10/01 18:01:19.418831 [INF] 172.19.0.3:44120 - rid:184 - Route connection created
[1] 2026/10/01 18:01:19.419163 [INF] 172.19.0.6:41596 - rid:185 - Route connection created
[1] 2026/10/01 18:01:19.419517 [INF] 172.19.0.6:41596 - rid:185 - Router connection closed: Client Closed
[1] 2026/10/01 18:01:19.419597 [INF] 172.19.0.4:40206 - rid:182 - Router connection closed: Client Closed
[1] 2026/10/01 18:01:19.505616 [WRN] Waiting for routing to be established...
[1] 2026/10/01 18:01:19.509624 [WRN] Filestore [S-R5F-zI23LGkZ] Stream state outdated, last block has additional entries, will rebuild
[1] 2026/10/01 18:01:19.509631 [WRN] Filestore [S-R5F-zI23LGkZ] Recovering stream state from index errored: prior state file
[1] 2026/10/01 18:01:19.512482 [WRN] Filestore [S-R5F-Er10bdc5] Stream state outdated, last block has additional entries, will rebuild
[1] 2026/10/01 18:01:19.512546 [WRN] Filestore [S-R5F-Er10bdc5] Recovering stream state from index errored: prior state file
[1] 2026/10/01 18:01:19.520175 [WRN] Filestore [S-R5F-tZ70dPDC] Stream state outdated, last block has additional entries, will rebuild
[1] 2026/10/01 18:01:19.520190 [WRN] Filestore [S-R5F-tZ70dPDC] Recovering stream state from index errored: prior state file
[1] 2026/10/01 18:01:19.523632 [WRN] Filestore [S-R5F-tSASUNKW] Stream state outdated, last block has additional entries, will rebuild
[1] 2026/10/01 18:01:19.523644 [WRN] Filestore [S-R5F-tSASUNKW] Recovering stream state from index errored: prior state file
[1] 2026/10/01 18:01:19.530446 [WRN] Filestore [S-R5F-vKhHBZtB] Stream state outdated, last block has additional entries, will rebuild
[1] 2026/10/01 18:01:19.530451 [WRN] Filestore [S-R5F-vKhHBZtB] Recovering stream state from index errored: prior state file
[1] 2026/10/01 18:01:19.532656 [WRN] Filestore [S-R5F-Wv2ksWf3] Stream state outdated, last block has additional entries, will rebuild
[1] 2026/10/01 18:01:19.532704 [WRN] Filestore [S-R5F-Wv2ksWf3] Recovering stream state from index errored: prior state file
[1] 2026/10/01 18:01:19.537967 [WRN] Filestore [S-R5F-M02aQjFE] Stream state outdated, last block has additional entries, will rebuild
[1] 2026/10/01 18:01:19.537976 [WRN] Filestore [S-R5F-M02aQjFE] Recovering stream state from index errored: prior state file
[1] 2026/10/01 18:01:19.551889 [WRN] Filestore [C-R5F-75kqPf8n] Stream state outdated, last block has additional entries, will rebuild
[1] 2026/10/01 18:01:19.551907 [WRN] Filestore [C-R5F-75kqPf8n] Recovering stream state from index errored: prior state file
[1] 2026/10/01 18:01:19.554810 [WRN] Filestore [C-R5F-5GV5evWB] Stream state outdated, last block has additional entries, will rebuild
[1] 2026/10/01 18:01:19.554823 [WRN] Filestore [C-R5F-5GV5evWB] Recovering stream state from index errored: prior state file
[1] 2026/10/01 18:01:19.557386 [WRN] Filestore [C-R5F-sWRAt99H] Stream state outdated, last block has additional entries, will rebuild
[1] 2026/10/01 18:01:19.557395 [WRN] Filestore [C-R5F-sWRAt99H] Recovering stream state from index errored: prior state file
[1] 2026/10/01 18:01:19.558969 [WRN] Filestore [C-R5F-GI3uf4m0] Stream state outdated, last block has additional entries, will rebuild
[1] 2026/10/01 18:01:19.558984 [WRN] Filestore [C-R5F-GI3uf4m0] Recovering stream state from index errored: prior state file
[1] 2026/10/01 18:01:19.560793 [WRN] Filestore [C-R5F-JO4V7rrg] Stream state outdated, last block has additional entries, will rebuild
[1] 2026/10/01 18:01:19.560802 [WRN] Filestore [C-R5F-JO4V7rrg] Recovering stream state from index errored: prior state file
[1] 2026/10/01 18:01:19.563973 [WRN] Filestore [C-R5F-Twnk1XyT] Stream state outdated, last block has additional entries, will rebuild
[1] 2026/10/01 18:01:19.563987 [WRN] Filestore [C-R5F-Twnk1XyT] Recovering stream state from index errored: prior state file
[1] 2026/10/01 18:01:19.565792 [WRN] Filestore [C-R5F-H33o884J] Stream state outdated, last block has additional entries, will rebuild
[1] 2026/10/01 18:01:19.565804 [WRN] Filestore [C-R5F-H33o884J] Recovering stream state from index errored: prior state file
[1] 2026/10/01 18:01:19.567642 [WRN] Filestore [C-R5F-tbzNvYbq] Stream state outdated, last block has additional entries, will rebuild
[1] 2026/10/01 18:01:19.567653 [WRN] Filestore [C-R5F-tbzNvYbq] Recovering stream state from index errored: prior state file
[1] 2026/10/01 18:01:19.571838 [WRN] Filestore [C-R5F-iPk5M4lR] Stream state outdated, last block has additional entries, will rebuild
[1] 2026/10/01 18:01:19.571856 [WRN] Filestore [C-R5F-iPk5M4lR] Recovering stream state from index errored: prior state file
[1] 2026/10/01 18:01:19.573548 [WRN] Filestore [C-R5F-NrQMZIf3] Stream state outdated, last block has additional entries, will rebuild
[1] 2026/10/01 18:01:19.573560 [WRN] Filestore [C-R5F-NrQMZIf3] Recovering stream state from index errored: prior state file
[1] 2026/10/01 18:01:19.575312 [WRN] Filestore [C-R5F-16DaPzeO] Stream state outdated, last block has additional entries, will rebuild
[1] 2026/10/01 18:01:19.575321 [WRN] Filestore [C-R5F-16DaPzeO] Recovering stream state from index errored: prior state file
[1] 2026/10/01 18:01:19.577977 [WRN] Filestore [C-R5F-LaimQDR2] Stream state outdated, last block has additional entries, will rebuild
[1] 2026/10/01 18:01:19.577988 [WRN] Filestore [C-R5F-LaimQDR2] Recovering stream state from index errored: prior state file
[1] 2026/10/01 18:01:19.579983 [WRN] Filestore [C-R5F-U94Db7yS] Stream state outdated, last block has additional entries, will rebuild
[1] 2026/10/01 18:01:19.579993 [WRN] Filestore [C-R5F-U94Db7yS] Recovering stream state from index errored: prior state file
[1] 2026/10/01 18:01:19.582458 [WRN] Filestore [C-R5F-yEhR63zn] Stream state outdated, last block has additional entries, will rebuild
[1] 2026/10/01 18:01:19.582472 [WRN] Filestore [C-R5F-yEhR63zn] Recovering stream state from index errored: prior state file
[1] 2026/10/01 18:01:19.584423 [WRN] Filestore [C-R5F-v16oZjZ6] Stream state outdated, last block has additional entries, will rebuild
[1] 2026/10/01 18:01:19.584436 [WRN] Filestore [C-R5F-v16oZjZ6] Recovering stream state from index errored: prior state file
[1] 2026/10/01 18:01:19.586841 [WRN] Filestore [C-R5F-HCWdccB6] Stream state outdated, last block has additional entries, will rebuild
[1] 2026/10/01 18:01:19.586849 [WRN] Filestore [C-R5F-HCWdccB6] Recovering stream state from index errored: prior state file
[1] 2026/10/01 18:01:19.589425 [WRN] Filestore [C-R5F-Z0v4Zqey] Stream state outdated, last block has additional entries, will rebuild
[1] 2026/10/01 18:01:19.589439 [WRN] Filestore [C-R5F-Z0v4Zqey] Recovering stream state from index errored: prior state file
[1] 2026/10/01 18:01:19.591388 [WRN] Filestore [C-R5F-jG4CHI1N] Stream state outdated, last block has additional entries, will rebuild
[1] 2026/10/01 18:01:19.591402 [WRN] Filestore [C-R5F-jG4CHI1N] Recovering stream state from index errored: prior state file
[1] 2026/10/01 18:01:19.593222 [WRN] Filestore [C-R5F-jto50gbb] Stream state outdated, last block has additional entries, will rebuild
[1] 2026/10/01 18:01:19.593234 [WRN] Filestore [C-R5F-jto50gbb] Recovering stream state from index errored: prior state file
[1] 2026/10/01 18:01:19.595069 [WRN] Filestore [C-R5F-EAQWswOP] Stream state outdated, last block has additional entries, will rebuild
[1] 2026/10/01 18:01:19.595105 [WRN] Filestore [C-R5F-EAQWswOP] Recovering stream state from index errored: prior state file
[1] 2026/10/01 18:01:19.596829 [WRN] Filestore [C-R5F-oJz2At3n] Stream state outdated, last block has additional entries, will rebuild
[1] 2026/10/01 18:01:19.596838 [WRN] Filestore [C-R5F-oJz2At3n] Recovering stream state from index errored: prior state file
[1] 2026/10/01 18:01:19.599170 [WRN] Filestore [C-R5F-ZdoZkrgq] Stream state outdated, last block has additional entries, will rebuild
[1] 2026/10/01 18:01:19.599179 [WRN] Filestore [C-R5F-ZdoZkrgq] Recovering stream state from index errored: prior state file
[1] 2026/10/01 18:01:19.601667 [WRN] Filestore [C-R5F-VBWJAOez] Stream state outdated, last block has additional entries, will rebuild
[1] 2026/10/01 18:01:19.601677 [WRN] Filestore [C-R5F-VBWJAOez] Recovering stream state from index errored: prior state file
[1] 2026/10/01 18:01:19.603735 [WRN] Filestore [C-R5F-SfEsz4Vs] Stream state outdated, last block has additional entries, will rebuild
[1] 2026/10/01 18:01:19.603745 [WRN] Filestore [C-R5F-SfEsz4Vs] Recovering stream state from index errored: prior state file
[1] 2026/10/01 18:01:19.605702 [WRN] Filestore [C-R5F-7L3aBObf] Stream state outdated, last block has additional entries, will rebuild
[1] 2026/10/01 18:01:19.605713 [WRN] Filestore [C-R5F-7L3aBObf] Recovering stream state from index errored: prior state file
[1] 2026/10/01 18:01:19.607639 [WRN] Filestore [C-R5F-CykAEXzg] Stream state outdated, last block has additional entries, will rebuild
[1] 2026/10/01 18:01:19.607653 [WRN] Filestore [C-R5F-CykAEXzg] Recovering stream state from index errored: prior state file
[1] 2026/10/01 18:01:19.609946 [WRN] Filestore [C-R5F-5n40OEdH] Stream state outdated, last block has additional entries, will rebuild
[1] 2026/10/01 18:01:19.609959 [WRN] Filestore [C-R5F-5n40OEdH] Recovering stream state from index errored: prior state file
[1] 2026/10/01 18:01:19.611919 [WRN] Filestore [C-R5F-wkdwmdwR] Stream state outdated, last block has additional entries, will rebuild
[1] 2026/10/01 18:01:19.611931 [WRN] Filestore [C-R5F-wkdwmdwR] Recovering stream state from index errored: prior state file
[1] 2026/10/01 18:01:19.613691 [WRN] Filestore [C-R5F-OM1l1mgE] Stream state outdated, last block has additional entries, will rebuild
[1] 2026/10/01 18:01:19.613705 [WRN] Filestore [C-R5F-OM1l1mgE] Recovering stream state from index errored: prior state file
[1] 2026/10/01 18:01:19.615650 [WRN] Filestore [C-R5F-tfq8ie60] Stream state outdated, last block has additional entries, will rebuild
[1] 2026/10/01 18:01:19.615662 [WRN] Filestore [C-R5F-tfq8ie60] Recovering stream state from index errored: prior state file
[1] 2026/10/01 18:01:19.617472 [WRN] Filestore [C-R5F-jbfYQSnj] Stream state outdated, last block has additional entries, will rebuild
[1] 2026/10/01 18:01:19.617485 [WRN] Filestore [C-R5F-jbfYQSnj] Recovering stream state from index errored: prior state file
[1] 2026/10/01 18:01:19.620600 [WRN] Filestore [C-R5F-eamQmLoi] Stream state outdated, last block has additional entries, will rebuild
[1] 2026/10/01 18:01:19.620615 [WRN] Filestore [C-R5F-eamQmLoi] Recovering stream state from index errored: prior state file
[1] 2026/10/01 18:01:19.622425 [WRN] Filestore [C-R5F-i3OgLAvb] Stream state outdated, last block has additional entries, will rebuild
[1] 2026/10/01 18:01:19.622436 [WRN] Filestore [C-R5F-i3OgLAvb] Recovering stream state from index errored: prior state file
[1] 2026/10/01 18:01:19.624282 [WRN] Filestore [C-R5F-Zr9TNJpN] Stream state outdated, last block has additional entries, will rebuild
[1] 2026/10/01 18:01:19.624288 [WRN] Filestore [C-R5F-Zr9TNJpN] Recovering stream state from index errored: prior state file
[1] 2026/10/01 18:01:19.626618 [WRN] Filestore [C-R5F-lEODcgrW] Stream state outdated, last block has additional entries, will rebuild
[1] 2026/10/01 18:01:19.626625 [WRN] Filestore [C-R5F-lEODcgrW] Recovering stream state from index errored: prior state file
[1] 2026/10/01 18:01:19.628327 [WRN] Filestore [C-R5F-jV6uJMa2] Stream state outdated, last block has additional entries, will rebuild
[1] 2026/10/01 18:01:19.628341 [WRN] Filestore [C-R5F-jV6uJMa2] Recovering stream state from index errored: prior state file
[1] 2026/10/01 18:01:19.629906 [WRN] Filestore [C-R5F-CrBGiH7L] Stream state outdated, last block has additional entries, will rebuild
[1] 2026/10/01 18:01:19.629919 [WRN] Filestore [C-R5F-CrBGiH7L] Recovering stream state from index errored: prior state file
[1] 2026/10/01 18:01:19.631779 [WRN] Filestore [C-R5F-XwbT5Brc] Stream state outdated, last block has additional entries, will rebuild
[1] 2026/10/01 18:01:19.631790 [WRN] Filestore [C-R5F-XwbT5Brc] Recovering stream state from index errored: prior state file
[1] 2026/10/01 18:01:19.636974 [WRN] Filestore [C-R5F-kIuM5qsD] Stream state outdated, last block has additional entries, will rebuild
[1] 2026/10/01 18:01:19.636983 [WRN] Filestore [C-R5F-kIuM5qsD] Recovering stream state from index errored: prior state file
[1] 2026/10/01 18:01:19.639343 [WRN] Filestore [C-R5F-SMqDIUrq] Stream state outdated, last block has additional entries, will rebuild
[1] 2026/10/01 18:01:19.639357 [WRN] Filestore [C-R5F-SMqDIUrq] Recovering stream state from index errored: prior state file
[1] 2026/10/01 18:01:19.641241 [WRN] Filestore [C-R5F-LrsZ8HgW] Stream state outdated, last block has additional entries, will rebuild
[1] 2026/10/01 18:01:19.641250 [WRN] Filestore [C-R5F-LrsZ8HgW] Recovering stream state from index errored: prior state file
[1] 2026/10/01 18:01:19.645303 [WRN] Filestore [C-R5F-04vvoIx4] Stream state outdated, last block has additional entries, will rebuild
[1] 2026/10/01 18:01:19.645319 [WRN] Filestore [C-R5F-04vvoIx4] Recovering stream state from index errored: prior state file
[1] 2026/10/01 18:01:19.647053 [WRN] Filestore [C-R5F-qarr69r6] Stream state outdated, last block has additional entries, will rebuild
[1] 2026/10/01 18:01:19.647067 [WRN] Filestore [C-R5F-qarr69r6] Recovering stream state from index errored: prior state file
[1] 2026/10/01 18:01:19.649439 [WRN] Filestore [C-R5F-y6bQTS6D] Stream state outdated, last block has additional entries, will rebuild
[1] 2026/10/01 18:01:19.649451 [WRN] Filestore [C-R5F-y6bQTS6D] Recovering stream state from index errored: prior state file
[1] 2026/10/01 18:01:19.651457 [WRN] Filestore [C-R5F-0VYRn9kg] Stream state outdated, last block has additional entries, will rebuild
[1] 2026/10/01 18:01:19.651469 [WRN] Filestore [C-R5F-0VYRn9kg] Recovering stream state from index errored: prior state file
[1] 2026/10/01 18:01:19.653376 [WRN] Filestore [C-R5F-tYx5MtYH] Stream state outdated, last block has additional entries, will rebuild
[1] 2026/10/01 18:01:19.653391 [WRN] Filestore [C-R5F-tYx5MtYH] Recovering stream state from index errored: prior state file
[1] 2026/10/01 18:01:19.655718 [WRN] Filestore [C-R5F-VNQxGdgj] Stream state outdated, last block has additional entries, will rebuild
[1] 2026/10/01 18:01:19.655729 [WRN] Filestore [C-R5F-VNQxGdgj] Recovering stream state from index errored: prior state file
[1] 2026/10/01 18:01:19.657581 [WRN] Filestore [C-R5F-z584QUYL] Stream state outdated, last block has additional entries, will rebuild
[1] 2026/10/01 18:01:19.657597 [WRN] Filestore [C-R5F-z584QUYL] Recovering stream state from index errored: prior state file
[1] 2026/10/01 18:01:19.660301 [WRN] Filestore [C-R5F-MxT5aBYn] Stream state outdated, last block has additional entries, will rebuild
[1] 2026/10/01 18:01:19.660313 [WRN] Filestore [C-R5F-MxT5aBYn] Recovering stream state from index errored: prior state file
[1] 2026/10/01 18:01:19.662586 [WRN] Filestore [C-R5F-DnY0X6ic] Stream state outdated, last block has additional entries, will rebuild
[1] 2026/10/01 18:01:19.662602 [WRN] Filestore [C-R5F-DnY0X6ic] Recovering stream state from index errored: prior state file
[1] 2026/10/01 18:01:19.664441 [WRN] Filestore [C-R5F-aiM7oy5C] Stream state outdated, last block has additional entries, will rebuild
[1] 2026/10/01 18:01:19.664456 [WRN] Filestore [C-R5F-aiM7oy5C] Recovering stream state from index errored: prior state file
[1] 2026/10/01 18:01:19.667570 [WRN] Filestore [C-R5F-7NHdrRU9] Stream state outdated, last block has additional entries, will rebuild
[1] 2026/10/01 18:01:19.667585 [WRN] Filestore [C-R5F-7NHdrRU9] Recovering stream state from index errored: prior state file
[1] 2026/10/01 18:01:19.669337 [WRN] Filestore [C-R5F-q9aTFtDr] Stream state outdated, last block has additional entries, will rebuild
[1] 2026/10/01 18:01:19.669349 [WRN] Filestore [C-R5F-q9aTFtDr] Recovering stream state from index errored: prior state file
[1] 2026/10/01 18:01:19.672739 [WRN] Filestore [C-R5F-D3u5WBs7] Stream state outdated, last block has additional entries, will rebuild
[1] 2026/10/01 18:01:19.672751 [WRN] Filestore [C-R5F-D3u5WBs7] Recovering stream state from index errored: prior state file
[1] 2026/10/01 18:01:19.675625 [WRN] Filestore [C-R5F-KLe3Ao6i] Stream state outdated, last block has additional entries, will rebuild
[1] 2026/10/01 18:01:19.675671 [WRN] Filestore [C-R5F-KLe3Ao6i] Recovering stream state from index errored: prior state file
[1] 2026/10/01 18:01:19.677639 [WRN] Filestore [C-R5F-KxEitvJ9] Stream state outdated, last block has additional entries, will rebuild
[1] 2026/10/01 18:01:19.677651 [WRN] Filestore [C-R5F-KxEitvJ9] Recovering stream state from index errored: prior state file
[1] 2026/10/01 18:01:19.679987 [WRN] Filestore [C-R5F-72BbRETi] Stream state outdated, last block has additional entries, will rebuild
[1] 2026/10/01 18:01:19.679999 [WRN] Filestore [C-R5F-72BbRETi] Recovering stream state from index errored: prior state file
[1] 2026/10/01 18:01:19.682190 [WRN] Filestore [C-R5F-4l1APpSq] Stream state outdated, last block has additional entries, will rebuild
[1] 2026/10/01 18:01:19.682201 [WRN] Filestore [C-R5F-4l1APpSq] Recovering stream state from index errored: prior state file
[1] 2026/10/01 18:01:19.683944 [WRN] Filestore [C-R5F-o7m5DDAU] Stream state outdated, last block has additional entries, will rebuild
[1] 2026/10/01 18:01:19.683955 [WRN] Filestore [C-R5F-o7m5DDAU] Recovering stream state from index errored: prior state file
[1] 2026/10/01 18:01:19.686304 [WRN] Filestore [C-R5F-Ocpa1OPF] Stream state outdated, last block has additional entries, will rebuild
[1] 2026/10/01 18:01:19.686316 [WRN] Filestore [C-R5F-Ocpa1OPF] Recovering stream state from index errored: prior state file
[1] 2026/10/01 18:01:19.688229 [WRN] Filestore [C-R5F-z88nCVZx] Stream state outdated, last block has additional entries, will rebuild
[1] 2026/10/01 18:01:19.688241 [WRN] Filestore [C-R5F-z88nCVZx] Recovering stream state from index errored: prior state file
[1] 2026/10/01 18:01:19.690685 [WRN] Filestore [C-R5F-IrQLg0IS] Stream state outdated, last block has additional entries, will rebuild
[1] 2026/10/01 18:01:19.690697 [WRN] Filestore [C-R5F-IrQLg0IS] Recovering stream state from index errored: prior state file
[1] 2026/10/01 18:01:19.692614 [WRN] Filestore [C-R5F-f3X5ouJo] Stream state outdated, last block has additional entries, will rebuild
[1] 2026/10/01 18:01:19.692629 [WRN] Filestore [C-R5F-f3X5ouJo] Recovering stream state from index errored: prior state file
[1] 2026/10/01 18:01:19.695443 [WRN] Filestore [C-R5F-6cxM1TjJ] Stream state outdated, last block has additional entries, will rebuild
[1] 2026/10/01 18:01:19.695457 [WRN] Filestore [C-R5F-6cxM1TjJ] Recovering stream state from index errored: prior state file
[1] 2026/10/01 18:01:19.697124 [WRN] Metalayer blocking snapshot starting
[1] 2026/10/01 18:01:19.698306 [WRN] Metalayer blocking snapshot took 0.001s (streams: 10, consumers: 64, compacted: 16.44 KB)
[1] 2026/10/01 18:01:19.698346 [WRN] JetStream has not established contact with a meta leader
[1] 2026/10/01 18:01:22.705560 [INF] JetStream cluster new metadata leader: js-wf-route-5711-1790877407297718127-n1/js-wf-route-5711-1790877407297718127
[1] 2026/10/01 18:01:24.906819 [WRN] JetStream cluster consumer '$G > WF_RUN > WF_P_27' has NO quorum, stalled.
[1] 2026/10/01 18:01:48.877411 [INF] 172.19.0.4:40156 - rid:170 - Router connection closed: Client Closed - Remote: js-wf-route-5711-1790877407297718127-n2
[1] 2026/10/01 18:01:48.878823 [INF] 172.19.0.4:40196 - rid:179 - Router connection closed: Client Closed - Remote: js-wf-route-5711-1790877407297718127-n2
[1] 2026/10/01 18:01:48.879155 [INF] 172.19.0.4:40180 - rid:180 - Router connection closed: Client Closed - Remote: js-wf-route-5711-1790877407297718127-n2
[1] 2026/10/01 18:01:48.879483 [INF] 172.19.0.4:40154 - rid:171 - Router connection closed: Client Closed - Remote: js-wf-route-5711-1790877407297718127-n2
[1] 2026/10/01 18:01:49.429730 [INF] 172.19.0.4:6222 - rid:261 - Route connection created
[1] 2026/10/01 18:01:49.430835 [INF] 172.19.0.4:6222 - rid:262 - Route connection created
[1] 2026/10/01 18:01:49.432864 [INF] 172.19.0.4:6222 - rid:263 - Route connection created
[1] 2026/10/01 18:01:49.434373 [INF] 172.19.0.4:6222 - rid:264 - Route connection created
[1] 2026/10/01 18:01:49.435870 [INF] 172.19.0.4:6222 - rid:265 - Route connection created
[1] 2026/10/01 18:01:49.439011 [INF] 172.19.0.4:6222 - rid:265 - Router connection closed: Duplicate Route - Remote: js-wf-route-5711-1790877407297718127-n2
[1] 2026/10/01 18:01:52.654158 [WRN] JetStream cluster consumer '$G > WF_RUN > WF_P_43' has NO quorum, stalled.
[1] 2026/10/01 18:01:52.803345 [INF] JetStream cluster new stream leader for '$G > WF_JRN'
[1] 2026/10/01 18:01:52.831455 [WRN] JetStream cluster consumer '$G > WF_RUN > WF_P_61' has NO quorum, stalled.
[1] 2026/10/01 18:01:52.987047 [WRN] JetStream cluster stream '$G > WF_SIG' has NO quorum, stalled
[1] 2026/10/01 18:01:53.016588 [INF] JetStream cluster new consumer leader for '$G > WF_RUN > WF_P_31'
[1] 2026/10/01 18:01:53.237667 [INF] JetStream cluster new consumer leader for '$G > WF_RUN > WF_P_27'
[1] 2026/10/01 18:01:53.342098 [INF] JetStream cluster new consumer leader for '$G > WF_RUN > WF_P_00'
[1] 2026/10/01 18:01:53.417374 [WRN] JetStream cluster consumer '$G > WF_RUN > WF_P_08' has NO quorum, stalled.
[1] 2026/10/01 18:01:53.458644 [WRN] JetStream cluster consumer '$G > WF_RUN > WF_P_16' has NO quorum, stalled.
[1] 2026/10/01 18:01:53.826396 [INF] JetStream cluster new consumer leader for '$G > WF_RUN > WF_P_02'
[1] 2026/10/01 18:01:53.863065 [WRN] JetStream cluster consumer '$G > WF_RUN > WF_P_25' has NO quorum, stalled.
[1] 2026/10/01 18:01:53.904630 [WRN] JetStream cluster consumer '$G > WF_RUN > WF_P_07' has NO quorum, stalled.
[1] 2026/10/01 18:01:54.024007 [WRN] JetStream cluster consumer '$G > WF_RUN > WF_P_37' has NO quorum, stalled.
[1] 2026/10/01 18:01:55.403912 [WRN] JetStream cluster consumer '$G > WF_RUN > WF_P_28' has NO quorum, stalled.