[1] 2026/10/01 18:03:19.433921 [INF] Starting nats-server
[1] 2026/10/01 18:03:19.433982 [INF]   Version:  2.15.0
[1] 2026/10/01 18:03:19.433986 [INF]   Git:      [not set]
[1] 2026/10/01 18:03:19.433988 [INF]   Cluster:  js-wf-route-5711-1790877407297718127
[1] 2026/10/01 18:03:19.433992 [INF]   Name:     js-wf-route-5711-1790877407297718127-n2
[1] 2026/10/01 18:03:19.434000 [INF]   Node:     pQyp03mc
[1] 2026/10/01 18:03:19.434002 [INF]   ID:       NCZPFCXRJBZT66XDZ5LFZPTYQED6WSXN2HKAQSBYP3QZGFKTLW66B7FY
[1] 2026/10/01 18:03:19.434024 [INF] Using configuration file: /etc/nats.conf (sha256:2b3c0cdf1bae0dc828987430072bec52f1eee9114880f8779b1ec8bfa212027e)
[1] 2026/10/01 18:03:19.434523 [INF] Starting http monitor on 0.0.0.0:8222
[1] 2026/10/01 18:03:19.434773 [INF] Starting JetStream
[1] 2026/10/01 18:03:19.434911 [INF]     _ ___ _____ ___ _____ ___ ___   _   __  __
[1] 2026/10/01 18:03:19.434924 [INF]  _ | | __|_   _/ __|_   _| _ \ __| /_\ |  \/  |
[1] 2026/10/01 18:03:19.434927 [INF] | || | _|  | | \__ \ | | |   / _| / _ \| |\/| |
[1] 2026/10/01 18:03:19.434929 [INF]  \__/|___| |_| |___/ |_| |_|_\___/_/ \_\_|  |_|
[1] 2026/10/01 18:03:19.434931 [INF] 
[1] 2026/10/01 18:03:19.434934 [INF]          https://docs.nats.io/jetstream
[1] 2026/10/01 18:03:19.434936 [INF] 
[1] 2026/10/01 18:03:19.434938 [INF] ---------------- JETSTREAM ----------------
[1] 2026/10/01 18:03:19.434940 [INF]   Strict:          true
[1] 2026/10/01 18:03:19.434945 [INF]   Max Memory:      11.71 GB
[1] 2026/10/01 18:03:19.434948 [INF]   Max Storage:     62.94 GB
[1] 2026/10/01 18:03:19.434950 [INF]   Store Directory: "/data/jetstream"
[1] 2026/10/01 18:03:19.434952 [INF]   API Level:       5
[1] 2026/10/01 18:03:19.434954 [INF] -------------------------------------------
[1] 2026/10/01 18:03:19.435856 [INF]   Starting restore for stream '$G > OBJ_WF_BLOB'
[1] 2026/10/01 18:03:19.435991 [INF]   Starting restore for stream '$G > WF_JRN'
[1] 2026/10/01 18:03:19.436105 [INF]   Starting restore for stream '$G > WF_PURGE'
[1] 2026/10/01 18:03:19.436314 [INF]   Restored 0 messages for stream '$G > OBJ_WF_BLOB' in 0s
[1] 2026/10/01 18:03:19.436781 [INF]   Starting restore for stream '$G > WF_INV'
[1] 2026/10/01 18:03:19.437199 [INF]   Starting restore for stream '$G > KV_WF_LEASE'
[1] 2026/10/01 18:03:19.437442 [INF]   Starting restore for stream '$G > KV_WF_ASSIGN'
[1] 2026/10/01 18:03:19.438694 [INF]   Starting restore for stream '$G > WF_RUN'
[1] 2026/10/01 18:03:19.438915 [INF]   Starting restore for stream '$G > KV_WF_STATE'
[1] 2026/10/01 18:03:19.438959 [INF]   Starting restore for stream '$G > KV_WF_VIEW'
[1] 2026/10/01 18:03:19.438982 [INF]   Restored 0 messages for stream '$G > WF_PURGE' in 3ms
[1] 2026/10/01 18:03:19.439338 [INF]   Starting restore for stream '$G > WF_SIG'
[1] 2026/10/01 18:03:19.439671 [WRN] Filestore [WF_RUN] Stream state detected prior state, could not locate msg block 2
[1] 2026/10/01 18:03:19.439677 [WRN] Filestore [WF_RUN] Recovering stream state from index errored: prior state file
[1] 2026/10/01 18:03:19.441292 [WRN] Filestore [WF_RUN] Message scheduling state is outdated; attempting to recover using linear scan (seq 5076 to 5969)
[1] 2026/10/01 18:03:19.444344 [INF]   Restored 35 messages for stream '$G > WF_RUN' in 6ms
[1] 2026/10/01 18:03:19.444599 [INF]   Recovering 64 consumers for stream - '$G > WF_RUN'
[1] 2026/10/01 18:03:19.445370 [INF]   Restored 0 messages for stream '$G > KV_WF_ASSIGN' in 8ms
[1] 2026/10/01 18:03:19.445472 [INF]   Restored 1,836 messages for stream '$G > WF_SIG' in 6ms
[1] 2026/10/01 18:03:19.451702 [INF]   Restored 0 messages for stream '$G > KV_WF_VIEW' in 13ms
[1] 2026/10/01 18:03:19.453425 [INF]   Restored 1,522 messages for stream '$G > WF_INV' in 17ms
[1] 2026/10/01 18:03:19.458180 [INF]   Restored 1,515 messages for stream '$G > KV_WF_STATE' in 19ms
[1] 2026/10/01 18:03:19.465220 [WRN] Filestore [KV_WF_LEASE] TTL state is outdated; attempting to recover using linear scan (seq 55 to 31549)
[1] 2026/10/01 18:03:19.482334 [INF]   Restored 16,642 messages for stream '$G > WF_JRN' in 46ms
[1] 2026/10/01 18:03:19.495598 [INF]   Restored 1,094 messages for stream '$G > KV_WF_LEASE' in 58ms
[1] 2026/10/01 18:03:19.495668 [INF] Starting JetStream cluster
[1] 2026/10/01 18:03:19.495678 [INF] Creating JetStream metadata controller
[1] 2026/10/01 18:03:19.495891 [WRN] Filestore [_meta_] Stream state outdated, last block has additional entries, will rebuild
[1] 2026/10/01 18:03:19.495930 [WRN] Filestore [_meta_] Recovering stream state from index errored: prior state file
[1] 2026/10/01 18:03:19.496185 [INF] JetStream cluster recovering state
[1] 2026/10/01 18:03:19.498444 [INF] Took 63.662293ms to start JetStream
[1] 2026/10/01 18:03:19.498626 [INF] Listening for client connections on 0.0.0.0:4222
[1] 2026/10/01 18:03:19.499004 [INF] Server is ready
[1] 2026/10/01 18:03:19.499095 [INF] Cluster name is js-wf-route-5711-1790877407297718127
[1] 2026/10/01 18:03:19.499312 [INF] Listening for route connections on 0.0.0.0:6222
[1] 2026/10/01 18:03:19.500698 [INF] 172.19.0.2:6222 - rid:166 - Route connection created
[1] 2026/10/01 18:03:19.501295 [INF] 172.19.0.2:6222 - rid:167 - Route connection created
[1] 2026/10/01 18:03:19.503207 [INF] 172.19.0.6:59198 - rid:168 - Route connection created
[1] 2026/10/01 18:03:19.503348 [INF] 172.19.0.6:59194 - rid:170 - Route connection created
[1] 2026/10/01 18:03:19.503578 [INF] 172.19.0.5:60580 - rid:171 - Route connection created
[1] 2026/10/01 18:03:19.503687 [INF] 172.19.0.5:60576 - rid:172 - Route connection created
[1] 2026/10/01 18:03:19.503706 [INF] 172.19.0.2:6222 - rid:173 - Route connection created
[1] 2026/10/01 18:03:19.503797 [INF] 172.19.0.3:37766 - rid:174 - Route connection created
[1] 2026/10/01 18:03:19.503948 [INF] 172.19.0.3:37768 - rid:169 - Route connection created
[1] 2026/10/01 18:03:19.504456 [INF] 172.19.0.6:59200 - rid:175 - Route connection created
[1] 2026/10/01 18:03:19.505870 [INF] 172.19.0.3:37778 - rid:176 - Route connection created
[1] 2026/10/01 18:03:19.506377 [INF] 172.19.0.5:60588 - rid:177 - Route connection created
[1] 2026/10/01 18:03:19.506864 [INF] 172.19.0.5:60600 - rid:178 - Route connection created
[1] 2026/10/01 18:03:19.506929 [INF] 172.19.0.6:59202 - rid:179 - Route connection created
[1] 2026/10/01 18:03:19.506999 [INF] 172.19.0.5:60598 - rid:180 - Route connection created
[1] 2026/10/01 18:03:19.507210 [INF] 172.19.0.3:37784 - rid:181 - Route connection created
[1] 2026/10/01 18:03:19.507603 [INF] 172.19.0.5:60598 - rid:180 - Router connection closed: Client Closed
[1] 2026/10/01 18:03:19.508892 [INF] 172.19.0.2:6222 - rid:182 - Route connection created
[1] 2026/10/01 18:03:19.599454 [WRN] Waiting for routing to be established...
[1] 2026/10/01 18:03:19.625375 [WRN] Filestore [S-R5F-M02aQjFE] Stream state outdated, last block has additional entries, will rebuild
[1] 2026/10/01 18:03:19.625451 [WRN] Filestore [S-R5F-M02aQjFE] Recovering stream state from index errored: prior state file
[1] 2026/10/01 18:03:19.688688 [WRN] Filestore [C-R5F-CykAEXzg] Stream state outdated, last block has additional entries, will rebuild
[1] 2026/10/01 18:03:19.688707 [WRN] Filestore [C-R5F-CykAEXzg] Recovering stream state from index errored: prior state file
[1] 2026/10/01 18:03:19.690521 [WRN] Filestore [C-R5F-v16oZjZ6] Stream state outdated, last block has additional entries, will rebuild
[1] 2026/10/01 18:03:19.690529 [WRN] Filestore [C-R5F-v16oZjZ6] Recovering stream state from index errored: prior state file
[1] 2026/10/01 18:03:19.692310 [WRN] Filestore [C-R5F-D3u5WBs7] Stream state outdated, last block has additional entries, will rebuild
[1] 2026/10/01 18:03:19.692320 [WRN] Filestore [C-R5F-D3u5WBs7] Recovering stream state from index errored: prior state file
[1] 2026/10/01 18:03:19.694251 [WRN] Filestore [C-R5F-lEODcgrW] Stream state outdated, last block has additional entries, will rebuild
[1] 2026/10/01 18:03:19.694266 [WRN] Filestore [C-R5F-lEODcgrW] Recovering stream state from index errored: prior state file
[1] 2026/10/01 18:03:19.696546 [WRN] Filestore [C-R5F-z584QUYL] Stream state outdated, last block has additional entries, will rebuild
[1] 2026/10/01 18:03:19.696596 [WRN] Filestore [C-R5F-z584QUYL] Recovering stream state from index errored: prior state file
[1] 2026/10/01 18:03:19.698350 [WRN] Filestore [C-R5F-eamQmLoi] Stream state outdated, last block has additional entries, will rebuild
[1] 2026/10/01 18:03:19.698363 [WRN] Filestore [C-R5F-eamQmLoi] Recovering stream state from index errored: prior state file
[1] 2026/10/01 18:03:19.699804 [WRN] Filestore [C-R5F-tfq8ie60] Stream state outdated, last block has additional entries, will rebuild
[1] 2026/10/01 18:03:19.699816 [WRN] Filestore [C-R5F-tfq8ie60] Recovering stream state from index errored: prior state file
[1] 2026/10/01 18:03:19.701411 [WRN] Filestore [C-R5F-NrQMZIf3] Stream state outdated, last block has additional entries, will rebuild
[1] 2026/10/01 18:03:19.701423 [WRN] Filestore [C-R5F-NrQMZIf3] Recovering stream state from index errored: prior state file
[1] 2026/10/01 18:03:19.702830 [WRN] Filestore [C-R5F-4l1APpSq] Stream state outdated, last block has additional entries, will rebuild
[1] 2026/10/01 18:03:19.702878 [WRN] Filestore [C-R5F-4l1APpSq] Recovering stream state from index errored: prior state file
[1] 2026/10/01 18:03:19.704565 [WRN] Filestore [C-R5F-5GV5evWB] Stream state outdated, last block has additional entries, will rebuild
[1] 2026/10/01 18:03:19.704575 [WRN] Filestore [C-R5F-5GV5evWB] Recovering stream state from index errored: prior state file
[1] 2026/10/01 18:03:19.706687 [WRN] Filestore [C-R5F-H33o884J] Stream state outdated, last block has additional entries, will rebuild
[1] 2026/10/01 18:03:19.706696 [WRN] Filestore [C-R5F-H33o884J] Recovering stream state from index errored: prior state file
[1] 2026/10/01 18:03:19.708565 [WRN] Filestore [C-R5F-jG4CHI1N] Stream state outdated, last block has additional entries, will rebuild
[1] 2026/10/01 18:03:19.708577 [WRN] Filestore [C-R5F-jG4CHI1N] Recovering stream state from index errored: prior state file
[1] 2026/10/01 18:03:19.710412 [WRN] Filestore [C-R5F-Ocpa1OPF] Stream state outdated, last block has additional entries, will rebuild
[1] 2026/10/01 18:03:19.710423 [WRN] Filestore [C-R5F-Ocpa1OPF] Recovering stream state from index errored: prior state file
[1] 2026/10/01 18:03:19.711966 [WRN] Filestore [C-R5F-KxEitvJ9] Stream state outdated, last block has additional entries, will rebuild
[1] 2026/10/01 18:03:19.711980 [WRN] Filestore [C-R5F-KxEitvJ9] Recovering stream state from index errored: prior state file
[1] 2026/10/01 18:03:19.713997 [WRN] Filestore [C-R5F-VBWJAOez] Stream state outdated, last block has additional entries, will rebuild
[1] 2026/10/01 18:03:19.714008 [WRN] Filestore [C-R5F-VBWJAOez] Recovering stream state from index errored: prior state file
[1] 2026/10/01 18:03:19.716186 [WRN] Filestore [C-R5F-y6bQTS6D] Stream state outdated, last block has additional entries, will rebuild
[1] 2026/10/01 18:03:19.716197 [WRN] Filestore [C-R5F-y6bQTS6D] Recovering stream state from index errored: prior state file
[1] 2026/10/01 18:03:19.717609 [WRN] Filestore [C-R5F-5n40OEdH] Stream state outdated, last block has additional entries, will rebuild
[1] 2026/10/01 18:03:19.717619 [WRN] Filestore [C-R5F-5n40OEdH] Recovering stream state from index errored: prior state file
[1] 2026/10/01 18:03:19.719019 [WRN] Filestore [C-R5F-LaimQDR2] Stream state outdated, last block has additional entries, will rebuild
[1] 2026/10/01 18:03:19.719030 [WRN] Filestore [C-R5F-LaimQDR2] Recovering stream state from index errored: prior state file
[1] 2026/10/01 18:03:19.721794 [WRN] Filestore [C-R5F-jbfYQSnj] Stream state outdated, last block has additional entries, will rebuild
[1] 2026/10/01 18:03:19.721804 [WRN] Filestore [C-R5F-jbfYQSnj] Recovering stream state from index errored: prior state file
[1] 2026/10/01 18:03:19.723396 [WRN] Filestore [C-R5F-CrBGiH7L] Stream state outdated, last block has additional entries, will rebuild
[1] 2026/10/01 18:03:19.723405 [WRN] Filestore [C-R5F-CrBGiH7L] Recovering stream state from index errored: prior state file
[1] 2026/10/01 18:03:19.725250 [WRN] Filestore [C-R5F-JO4V7rrg] Stream state outdated, last block has additional entries, will rebuild
[1] 2026/10/01 18:03:19.725296 [WRN] Filestore [C-R5F-JO4V7rrg] Recovering stream state from index errored: prior state file
[1] 2026/10/01 18:03:19.727966 [WRN] Filestore [C-R5F-ZdoZkrgq] Stream state outdated, last block has additional entries, will rebuild
[1] 2026/10/01 18:03:19.727979 [WRN] Filestore [C-R5F-ZdoZkrgq] Recovering stream state from index errored: prior state file
[1] 2026/10/01 18:03:19.730360 [WRN] Filestore [C-R5F-7NHdrRU9] Stream state outdated, last block has additional entries, will rebuild
[1] 2026/10/01 18:03:19.730374 [WRN] Filestore [C-R5F-7NHdrRU9] Recovering stream state from index errored: prior state file
[1] 2026/10/01 18:03:19.732019 [WRN] Filestore [C-R5F-jto50gbb] Stream state outdated, last block has additional entries, will rebuild
[1] 2026/10/01 18:03:19.732161 [WRN] Filestore [C-R5F-jto50gbb] Recovering stream state from index errored: prior state file
[1] 2026/10/01 18:03:19.735121 [WRN] Filestore [C-R5F-EAQWswOP] Stream state outdated, last block has additional entries, will rebuild
[1] 2026/10/01 18:03:19.735131 [WRN] Filestore [C-R5F-EAQWswOP] Recovering stream state from index errored: prior state file
[1] 2026/10/01 18:03:19.736884 [WRN] Filestore [C-R5F-OM1l1mgE] Stream state outdated, last block has additional entries, will rebuild
[1] 2026/10/01 18:03:19.736896 [WRN] Filestore [C-R5F-OM1l1mgE] Recovering stream state from index errored: prior state file
[1] 2026/10/01 18:03:19.738479 [WRN] Filestore [C-R5F-Zr9TNJpN] Stream state outdated, last block has additional entries, will rebuild
[1] 2026/10/01 18:03:19.738519 [WRN] Filestore [C-R5F-Zr9TNJpN] Recovering stream state from index errored: prior state file
[1] 2026/10/01 18:03:19.740718 [WRN] Filestore [C-R5F-04vvoIx4] Stream state outdated, last block has additional entries, will rebuild
[1] 2026/10/01 18:03:19.740763 [WRN] Filestore [C-R5F-04vvoIx4] Recovering stream state from index errored: prior state file
[1] 2026/10/01 18:03:19.743135 [WRN] Filestore [C-R5F-tYx5MtYH] Stream state outdated, last block has additional entries, will rebuild
[1] 2026/10/01 18:03:19.743147 [WRN] Filestore [C-R5F-tYx5MtYH] Recovering stream state from index errored: prior state file
[1] 2026/10/01 18:03:19.744988 [WRN] Filestore [C-R5F-DnY0X6ic] Stream state outdated, last block has additional entries, will rebuild
[1] 2026/10/01 18:03:19.745000 [WRN] Filestore [C-R5F-DnY0X6ic] Recovering stream state from index errored: prior state file
[1] 2026/10/01 18:03:19.746478 [WRN] Filestore [C-R5F-yEhR63zn] Stream state outdated, last block has additional entries, will rebuild
[1] 2026/10/01 18:03:19.746491 [WRN] Filestore [C-R5F-yEhR63zn] Recovering stream state from index errored: prior state file
[1] 2026/10/01 18:03:19.747958 [WRN] Filestore [C-R5F-IrQLg0IS] Stream state outdated, last block has additional entries, will rebuild
[1] 2026/10/01 18:03:19.747971 [WRN] Filestore [C-R5F-IrQLg0IS] Recovering stream state from index errored: prior state file
[1] 2026/10/01 18:03:19.750270 [WRN] Filestore [C-R5F-tbzNvYbq] Stream state outdated, last block has additional entries, will rebuild
[1] 2026/10/01 18:03:19.750281 [WRN] Filestore [C-R5F-tbzNvYbq] Recovering stream state from index errored: prior state file
[1] 2026/10/01 18:03:19.752567 [WRN] Filestore [C-R5F-kIuM5qsD] Stream state outdated, last block has additional entries, will rebuild
[1] 2026/10/01 18:03:19.752629 [WRN] Filestore [C-R5F-kIuM5qsD] Recovering stream state from index errored: prior state file
[1] 2026/10/01 18:03:19.754274 [WRN] Filestore [C-R5F-Twnk1XyT] Stream state outdated, last block has additional entries, will rebuild
[1] 2026/10/01 18:03:19.754288 [WRN] Filestore [C-R5F-Twnk1XyT] Recovering stream state from index errored: prior state file
[1] 2026/10/01 18:03:19.756003 [WRN] Filestore [C-R5F-0VYRn9kg] Stream state outdated, last block has additional entries, will rebuild
[1] 2026/10/01 18:03:19.756014 [WRN] Filestore [C-R5F-0VYRn9kg] Recovering stream state from index errored: prior state file
[1] 2026/10/01 18:03:19.757947 [WRN] Filestore [C-R5F-iPk5M4lR] Stream state outdated, last block has additional entries, will rebuild
[1] 2026/10/01 18:03:19.757962 [WRN] Filestore [C-R5F-iPk5M4lR] Recovering stream state from index errored: prior state file
[1] 2026/10/01 18:03:19.759633 [WRN] Filestore [C-R5F-Z0v4Zqey] Stream state outdated, last block has additional entries, will rebuild
[1] 2026/10/01 18:03:19.759647 [WRN] Filestore [C-R5F-Z0v4Zqey] Recovering stream state from index errored: prior state file
[1] 2026/10/01 18:03:19.761517 [WRN] Filestore [C-R5F-z88nCVZx] Stream state outdated, last block has additional entries, will rebuild
[1] 2026/10/01 18:03:19.761530 [WRN] Filestore [C-R5F-z88nCVZx] Recovering stream state from index errored: prior state file
[1] 2026/10/01 18:03:19.763021 [WRN] Filestore [C-R5F-SfEsz4Vs] Stream state outdated, last block has additional entries, will rebuild
[1] 2026/10/01 18:03:19.763033 [WRN] Filestore [C-R5F-SfEsz4Vs] Recovering stream state from index errored: prior state file
[1] 2026/10/01 18:03:19.764646 [WRN] Filestore [C-R5F-o7m5DDAU] Stream state outdated, last block has additional entries, will rebuild
[1] 2026/10/01 18:03:19.764658 [WRN] Filestore [C-R5F-o7m5DDAU] Recovering stream state from index errored: prior state file
[1] 2026/10/01 18:03:19.766515 [WRN] Filestore [C-R5F-6cxM1TjJ] Stream state outdated, last block has additional entries, will rebuild
[1] 2026/10/01 18:03:19.766561 [WRN] Filestore [C-R5F-6cxM1TjJ] Recovering stream state from index errored: prior state file
[1] 2026/10/01 18:03:19.768288 [WRN] Filestore [C-R5F-sWRAt99H] Stream state outdated, last block has additional entries, will rebuild
[1] 2026/10/01 18:03:19.768302 [WRN] Filestore [C-R5F-sWRAt99H] Recovering stream state from index errored: prior state file
[1] 2026/10/01 18:03:19.769813 [WRN] Filestore [C-R5F-MxT5aBYn] Stream state outdated, last block has additional entries, will rebuild
[1] 2026/10/01 18:03:19.769826 [WRN] Filestore [C-R5F-MxT5aBYn] Recovering stream state from index errored: prior state file
[1] 2026/10/01 18:03:19.771382 [WRN] Filestore [C-R5F-aiM7oy5C] Stream state outdated, last block has additional entries, will rebuild
[1] 2026/10/01 18:03:19.771395 [WRN] Filestore [C-R5F-aiM7oy5C] Recovering stream state from index errored: prior state file
[1] 2026/10/01 18:03:19.772939 [WRN] Filestore [C-R5F-i3OgLAvb] Stream state outdated, last block has additional entries, will rebuild
[1] 2026/10/01 18:03:19.772953 [WRN] Filestore [C-R5F-i3OgLAvb] Recovering stream state from index errored: prior state file
[1] 2026/10/01 18:03:19.775128 [WRN] Filestore [C-R5F-75kqPf8n] Stream state outdated, last block has additional entries, will rebuild
[1] 2026/10/01 18:03:19.775142 [WRN] Filestore [C-R5F-75kqPf8n] Recovering stream state from index errored: prior state file
[1] 2026/10/01 18:03:19.776707 [WRN] Filestore [C-R5F-XwbT5Brc] Stream state outdated, last block has additional entries, will rebuild
[1] 2026/10/01 18:03:19.776721 [WRN] Filestore [C-R5F-XwbT5Brc] Recovering stream state from index errored: prior state file
[1] 2026/10/01 18:03:19.778275 [WRN] Filestore [C-R5F-GI3uf4m0] Stream state outdated, last block has additional entries, will rebuild
[1] 2026/10/01 18:03:19.778283 [WRN] Filestore [C-R5F-GI3uf4m0] Recovering stream state from index errored: prior state file
[1] 2026/10/01 18:03:19.782491 [WRN] Filestore [C-R5F-VNQxGdgj] Stream state outdated, last block has additional entries, will rebuild
[1] 2026/10/01 18:03:19.782501 [WRN] Filestore [C-R5F-VNQxGdgj] Recovering stream state from index errored: prior state file
[1] 2026/10/01 18:03:19.784287 [WRN] Filestore [C-R5F-SMqDIUrq] Stream state outdated, last block has additional entries, will rebuild
[1] 2026/10/01 18:03:19.784297 [WRN] Filestore [C-R5F-SMqDIUrq] Recovering stream state from index errored: prior state file
[1] 2026/10/01 18:03:19.786777 [WRN] Filestore [C-R5F-jV6uJMa2] Stream state outdated, last block has additional entries, will rebuild
[1] 2026/10/01 18:03:19.786788 [WRN] Filestore [C-R5F-jV6uJMa2] Recovering stream state from index errored: prior state file
[1] 2026/10/01 18:03:19.788421 [WRN] Filestore [C-R5F-HCWdccB6] Stream state outdated, last block has additional entries, will rebuild
[1] 2026/10/01 18:03:19.788432 [WRN] Filestore [C-R5F-HCWdccB6] Recovering stream state from index errored: prior state file
[1] 2026/10/01 18:03:19.789789 [WRN] Filestore [C-R5F-oJz2At3n] Stream state outdated, last block has additional entries, will rebuild
[1] 2026/10/01 18:03:19.789800 [WRN] Filestore [C-R5F-oJz2At3n] Recovering stream state from index errored: prior state file
[1] 2026/10/01 18:03:19.791468 [WRN] Filestore [C-R5F-U94Db7yS] Stream state outdated, last block has additional entries, will rebuild
[1] 2026/10/01 18:03:19.791490 [WRN] Filestore [C-R5F-U94Db7yS] Recovering stream state from index errored: prior state file
[1] 2026/10/01 18:03:19.794905 [WRN] Filestore [C-R5F-KLe3Ao6i] Stream state outdated, last block has additional entries, will rebuild
[1] 2026/10/01 18:03:19.794917 [WRN] Filestore [C-R5F-KLe3Ao6i] Recovering stream state from index errored: prior state file
[1] 2026/10/01 18:03:19.796629 [WRN] Filestore [C-R5F-qarr69r6] Stream state outdated, last block has additional entries, will rebuild
[1] 2026/10/01 18:03:19.796671 [WRN] Filestore [C-R5F-qarr69r6] Recovering stream state from index errored: prior state file
[1] 2026/10/01 18:03:19.798209 [WRN] Filestore [C-R5F-q9aTFtDr] Stream state outdated, last block has additional entries, will rebuild
[1] 2026/10/01 18:03:19.798219 [WRN] Filestore [C-R5F-q9aTFtDr] Recovering stream state from index errored: prior state file
[1] 2026/10/01 18:03:19.799708 [WRN] Filestore [C-R5F-wkdwmdwR] Stream state outdated, last block has additional entries, will rebuild
[1] 2026/10/01 18:03:19.799722 [WRN] Filestore [C-R5F-wkdwmdwR] Recovering stream state from index errored: prior state file
[1] 2026/10/01 18:03:19.802914 [WRN] Filestore [C-R5F-LrsZ8HgW] Stream state outdated, last block has additional entries, will rebuild
[1] 2026/10/01 18:03:19.802925 [WRN] Filestore [C-R5F-LrsZ8HgW] Recovering stream state from index errored: prior state file
[1] 2026/10/01 18:03:19.805151 [WRN] Filestore [C-R5F-72BbRETi] Stream state outdated, last block has additional entries, will rebuild
[1] 2026/10/01 18:03:19.805517 [WRN] Filestore [C-R5F-72BbRETi] Recovering stream state from index errored: prior state file
[1] 2026/10/01 18:03:19.807950 [WRN] Filestore [C-R5F-7L3aBObf] Stream state outdated, last block has additional entries, will rebuild
[1] 2026/10/01 18:03:19.807982 [WRN] Filestore [C-R5F-7L3aBObf] Recovering stream state from index errored: prior state file
[1] 2026/10/01 18:03:19.810615 [WRN] Filestore [C-R5F-f3X5ouJo] Stream state outdated, last block has additional entries, will rebuild
[1] 2026/10/01 18:03:19.810629 [WRN] Filestore [C-R5F-f3X5ouJo] Recovering stream state from index errored: prior state file
[1] 2026/10/01 18:03:19.812939 [WRN] Metalayer blocking snapshot starting
[1] 2026/10/01 18:03:19.814296 [WRN] Metalayer blocking snapshot took 0.001s (streams: 10, consumers: 64, compacted: 64.10 KB)
[1] 2026/10/01 18:03:19.814341 [WRN] JetStream has not established contact with a meta leader
[1] 2026/10/01 18:03:20.170313 [INF] JetStream cluster new metadata leader: js-wf-route-5711-1790877407297718127-n1/js-wf-route-5711-1790877407297718127
[1] 2026/10/01 18:03:48.871968 [INF] 172.19.0.5:60600 - rid:178 - Router connection closed: Client Closed - Remote: js-wf-route-5711-1790877407297718127-n3
[1] 2026/10/01 18:03:48.872500 [INF] 172.19.0.5:60580 - rid:171 - Router connection closed: Client Closed - Remote: js-wf-route-5711-1790877407297718127-n3
[1] 2026/10/01 18:03:48.872562 [INF] 172.19.0.5:60588 - rid:177 - Router connection closed: Client Closed - Remote: js-wf-route-5711-1790877407297718127-n3
[1] 2026/10/01 18:03:48.872495 [INF] 172.19.0.5:60576 - rid:172 - Router connection closed: Client Closed - Remote: js-wf-route-5711-1790877407297718127-n3
[1] 2026/10/01 18:03:49.503044 [INF] 172.19.0.5:6222 - rid:258 - Route connection created
[1] 2026/10/01 18:03:49.504252 [INF] 172.19.0.5:6222 - rid:259 - Route connection created
[1] 2026/10/01 18:03:49.506919 [INF] 172.19.0.5:6222 - rid:260 - Route connection created
[1] 2026/10/01 18:03:49.508077 [INF] 172.19.0.5:6222 - rid:261 - Route connection created
[1] 2026/10/01 18:03:52.620816 [WRN] JetStream cluster consumer '$G > WF_RUN > WF_P_32' has NO quorum, stalled.
[1] 2026/10/01 18:03:52.720821 [WRN] JetStream cluster consumer '$G > WF_RUN > WF_P_02' has NO quorum, stalled.
[1] 2026/10/01 18:03:52.808588 [WRN] JetStream cluster consumer '$G > WF_RUN > WF_P_36' has NO quorum, stalled.
[1] 2026/10/01 18:03:52.934865 [WRN] JetStream cluster stream '$G > KV_WF_LEASE' has NO quorum, stalled
[1] 2026/10/01 18:03:52.948674 [INF] JetStream cluster new consumer leader for '$G > WF_RUN > WF_P_63'
[1] 2026/10/01 18:03:53.386412 [INF] JetStream cluster new stream leader for '$G > WF_JRN'