[1] 2026/10/01 18:06:49.426328 [INF] Starting nats-server
[1] 2026/10/01 18:06:49.426384 [INF]   Version:  2.15.0
[1] 2026/10/01 18:06:49.426387 [INF]   Git:      [not set]
[1] 2026/10/01 18:06:49.426389 [INF]   Cluster:  js-wf-route-5711-1790877407297718127
[1] 2026/10/01 18:06:49.426391 [INF]   Name:     js-wf-route-5711-1790877407297718127-n3
[1] 2026/10/01 18:06:49.426395 [INF]   Node:     MBhZ8EOM
[1] 2026/10/01 18:06:49.426398 [INF]   ID:       NC3PFRVNGMN3WJ3R76WRB7Y5KZWIVXUP2PBIG6T2E3VTUJTKX5FJWTKT
[1] 2026/10/01 18:06:49.426416 [INF] Using configuration file: /etc/nats.conf (sha256:2b3c0cdf1bae0dc828987430072bec52f1eee9114880f8779b1ec8bfa212027e)
[1] 2026/10/01 18:06:49.426954 [INF] Starting http monitor on 0.0.0.0:8222
[1] 2026/10/01 18:06:49.427145 [INF] Starting JetStream
[1] 2026/10/01 18:06:49.427401 [INF]     _ ___ _____ ___ _____ ___ ___   _   __  __
[1] 2026/10/01 18:06:49.427411 [INF]  _ | | __|_   _/ __|_   _| _ \ __| /_\ |  \/  |
[1] 2026/10/01 18:06:49.427414 [INF] | || | _|  | | \__ \ | | |   / _| / _ \| |\/| |
[1] 2026/10/01 18:06:49.427416 [INF]  \__/|___| |_| |___/ |_| |_|_\___/_/ \_\_|  |_|
[1] 2026/10/01 18:06:49.427418 [INF] 
[1] 2026/10/01 18:06:49.427421 [INF]          https://docs.nats.io/jetstream
[1] 2026/10/01 18:06:49.427423 [INF] 
[1] 2026/10/01 18:06:49.427425 [INF] ---------------- JETSTREAM ----------------
[1] 2026/10/01 18:06:49.427427 [INF]   Strict:          true
[1] 2026/10/01 18:06:49.427432 [INF]   Max Memory:      11.71 GB
[1] 2026/10/01 18:06:49.427436 [INF]   Max Storage:     62.93 GB
[1] 2026/10/01 18:06:49.427438 [INF]   Store Directory: "/data/jetstream"
[1] 2026/10/01 18:06:49.427440 [INF]   API Level:       5
[1] 2026/10/01 18:06:49.427443 [INF] -------------------------------------------
[1] 2026/10/01 18:06:49.428039 [INF]   Starting restore for stream '$G > WF_JRN'
[1] 2026/10/01 18:06:49.428143 [INF]   Starting restore for stream '$G > WF_RUN'
[1] 2026/10/01 18:06:49.428170 [INF]   Starting restore for stream '$G > KV_WF_LEASE'
[1] 2026/10/01 18:06:49.428361 [WRN] Filestore [WF_RUN] Stream state detected prior state, could not locate msg block 8
[1] 2026/10/01 18:06:49.428366 [WRN] Filestore [WF_RUN] Recovering stream state from index errored: prior state file
[1] 2026/10/01 18:06:49.428858 [WRN] Filestore [WF_RUN] Message scheduling state is outdated; attempting to recover using linear scan (seq 8826 to 9036)
[1] 2026/10/01 18:06:49.428977 [WRN] Filestore [KV_WF_LEASE] Stream state outdated, last block has additional entries, will rebuild
[1] 2026/10/01 18:06:49.428983 [WRN] Filestore [KV_WF_LEASE] Recovering stream state from index errored: prior state file
[1] 2026/10/01 18:06:49.429238 [INF]   Starting restore for stream '$G > WF_SIG'
[1] 2026/10/01 18:06:49.429354 [INF]   Restored 31 messages for stream '$G > WF_RUN' in 1ms
[1] 2026/10/01 18:06:49.429452 [INF]   Recovering 64 consumers for stream - '$G > WF_RUN'
[1] 2026/10/01 18:06:49.430340 [INF]   Starting restore for stream '$G > KV_WF_STATE'
[1] 2026/10/01 18:06:49.430776 [INF]   Starting restore for stream '$G > WF_INV'
[1] 2026/10/01 18:06:49.431120 [INF]   Starting restore for stream '$G > WF_PURGE'
[1] 2026/10/01 18:06:49.431550 [INF]   Starting restore for stream '$G > OBJ_WF_BLOB'
[1] 2026/10/01 18:06:49.431947 [INF]   Restored 0 messages for stream '$G > WF_PURGE' in 1ms
[1] 2026/10/01 18:06:49.432007 [INF]   Restored 0 messages for stream '$G > OBJ_WF_BLOB' in 0s
[1] 2026/10/01 18:06:49.433091 [WRN] Filestore [WF_JRN] Stream state outdated, last block has additional entries, will rebuild
[1] 2026/10/01 18:06:49.433199 [WRN] Filestore [WF_JRN] Recovering stream state from index errored: prior state file
[1] 2026/10/01 18:06:49.433912 [INF]   Starting restore for stream '$G > KV_WF_VIEW'
[1] 2026/10/01 18:06:49.433208 [INF]   Starting restore for stream '$G > KV_WF_ASSIGN'
[1] 2026/10/01 18:06:49.438007 [WRN] Filestore [KV_WF_STATE] Stream state outdated, last block has additional entries, will rebuild
[1] 2026/10/01 18:06:49.438019 [WRN] Filestore [KV_WF_STATE] Recovering stream state from index errored: prior state file
[1] 2026/10/01 18:06:49.438666 [WRN] Filestore [WF_INV] Stream state outdated, last block has additional entries, will rebuild
[1] 2026/10/01 18:06:49.438812 [WRN] Filestore [WF_INV] Recovering stream state from index errored: prior state file
[1] 2026/10/01 18:06:49.447158 [WRN] Filestore [WF_SIG] Stream state outdated, last block has additional entries, will rebuild
[1] 2026/10/01 18:06:49.447230 [WRN] Filestore [WF_SIG] Recovering stream state from index errored: prior state file
[1] 2026/10/01 18:06:49.447494 [WRN] Filestore [KV_WF_LEASE] TTL state is outdated; attempting to recover using linear scan (seq 50088 to 54729)
[1] 2026/10/01 18:06:49.451973 [INF]   Restored 2,296 messages for stream '$G > WF_INV' in 21ms
[1] 2026/10/01 18:06:49.452465 [INF]   Restored 0 messages for stream '$G > KV_WF_ASSIGN' in 18ms
[1] 2026/10/01 18:06:49.464338 [INF]   Restored 0 messages for stream '$G > KV_WF_VIEW' in 30ms
[1] 2026/10/01 18:06:49.468786 [INF]   Restored 2,788 messages for stream '$G > WF_SIG' in 40ms
[1] 2026/10/01 18:06:49.472584 [INF]   Restored 2,295 messages for stream '$G > KV_WF_STATE' in 42ms
[1] 2026/10/01 18:06:49.493435 [INF]   Restored 25,254 messages for stream '$G > WF_JRN' in 65ms
[1] 2026/10/01 18:06:49.502275 [INF]   Restored 726 messages for stream '$G > KV_WF_LEASE' in 74ms
[1] 2026/10/01 18:06:49.502561 [INF] Starting JetStream cluster
[1] 2026/10/01 18:06:49.502625 [INF] Creating JetStream metadata controller
[1] 2026/10/01 18:06:49.502914 [WRN] Filestore [_meta_] Stream state outdated, last block has additional entries, will rebuild
[1] 2026/10/01 18:06:49.502973 [WRN] Filestore [_meta_] Recovering stream state from index errored: prior state file
[1] 2026/10/01 18:06:49.503374 [INF] JetStream cluster recovering state
[1] 2026/10/01 18:06:49.505377 [INF] Took 78.221555ms to start JetStream
[1] 2026/10/01 18:06:49.505508 [INF] Listening for client connections on 0.0.0.0:4222
[1] 2026/10/01 18:06:49.505977 [INF] Server is ready
[1] 2026/10/01 18:06:49.506145 [INF] Cluster name is js-wf-route-5711-1790877407297718127
[1] 2026/10/01 18:06:49.506301 [INF] Listening for route connections on 0.0.0.0:6222
[1] 2026/10/01 18:06:49.508852 [INF] 172.19.0.2:6222 - rid:166 - Route connection created
[1] 2026/10/01 18:06:49.509149 [INF] 172.19.0.2:6222 - rid:167 - Route connection created
[1] 2026/10/01 18:06:49.510433 [INF] 172.19.0.6:34484 - rid:168 - Route connection created
[1] 2026/10/01 18:06:49.510730 [INF] 172.19.0.4:54302 - rid:169 - Route connection created
[1] 2026/10/01 18:06:49.510794 [INF] 172.19.0.4:54298 - rid:170 - Route connection created
[1] 2026/10/01 18:06:49.510938 [INF] 172.19.0.3:35292 - rid:171 - Route connection created
[1] 2026/10/01 18:06:49.511455 [INF] 172.19.0.3:35280 - rid:172 - Route connection created
[1] 2026/10/01 18:06:49.511675 [INF] 172.19.0.6:34500 - rid:173 - Route connection created
[1] 2026/10/01 18:06:49.512042 [INF] 172.19.0.2:6222 - rid:174 - Route connection created
[1] 2026/10/01 18:06:49.513130 [INF] 172.19.0.3:35294 - rid:175 - Route connection created
[1] 2026/10/01 18:06:49.513567 [INF] 172.19.0.6:34514 - rid:176 - Route connection created
[1] 2026/10/01 18:06:49.513689 [INF] 172.19.0.4:54312 - rid:177 - Route connection created
[1] 2026/10/01 18:06:49.514195 [INF] 172.19.0.3:35304 - rid:178 - Route connection created
[1] 2026/10/01 18:06:49.514690 [INF] 172.19.0.4:54320 - rid:179 - Route connection created
[1] 2026/10/01 18:06:49.515006 [INF] 172.19.0.6:34518 - rid:180 - Route connection created
[1] 2026/10/01 18:06:49.515810 [INF] 172.19.0.2:6222 - rid:181 - Route connection created
[1] 2026/10/01 18:06:49.605428 [WRN] Waiting for routing to be established...
[1] 2026/10/01 18:06:49.606227 [WRN] Filestore [S-R5F-Er10bdc5] Stream state outdated, last block has additional entries, will rebuild
[1] 2026/10/01 18:06:49.606372 [WRN] Filestore [S-R5F-Er10bdc5] Recovering stream state from index errored: prior state file
[1] 2026/10/01 18:06:49.610698 [WRN] Filestore [S-R5F-fCUXPHfP] Stream state outdated, last block has additional entries, will rebuild
[1] 2026/10/01 18:06:49.610713 [WRN] Filestore [S-R5F-fCUXPHfP] Recovering stream state from index errored: prior state file
[1] 2026/10/01 18:06:49.612283 [WRN] Filestore [S-R5F-M02aQjFE] Stream state outdated, last block has additional entries, will rebuild
[1] 2026/10/01 18:06:49.612294 [WRN] Filestore [S-R5F-M02aQjFE] Recovering stream state from index errored: prior state file
[1] 2026/10/01 18:06:49.629887 [WRN] Filestore [S-R5F-zI23LGkZ] Stream state outdated, last block has additional entries, will rebuild
[1] 2026/10/01 18:06:49.629904 [WRN] Filestore [S-R5F-zI23LGkZ] Recovering stream state from index errored: prior state file
[1] 2026/10/01 18:06:49.631559 [WRN] Filestore [S-R5F-Wv2ksWf3] Stream state outdated, last block has additional entries, will rebuild
[1] 2026/10/01 18:06:49.631671 [WRN] Filestore [S-R5F-Wv2ksWf3] Recovering stream state from index errored: prior state file
[1] 2026/10/01 18:06:49.633666 [WRN] Filestore [S-R5F-vKhHBZtB] Stream state outdated, last block has additional entries, will rebuild
[1] 2026/10/01 18:06:49.633677 [WRN] Filestore [S-R5F-vKhHBZtB] Recovering stream state from index errored: prior state file
[1] 2026/10/01 18:06:49.635728 [WRN] Filestore [S-R5F-tZ70dPDC] Stream state outdated, last block has additional entries, will rebuild
[1] 2026/10/01 18:06:49.635744 [WRN] Filestore [S-R5F-tZ70dPDC] Recovering stream state from index errored: prior state file
[1] 2026/10/01 18:06:49.637377 [WRN] Filestore [C-R5F-yEhR63zn] Stream state outdated, last block has additional entries, will rebuild
[1] 2026/10/01 18:06:49.637388 [WRN] Filestore [C-R5F-yEhR63zn] Recovering stream state from index errored: prior state file
[1] 2026/10/01 18:06:49.638886 [WRN] Filestore [C-R5F-tbzNvYbq] Stream state outdated, last block has additional entries, will rebuild
[1] 2026/10/01 18:06:49.638899 [WRN] Filestore [C-R5F-tbzNvYbq] Recovering stream state from index errored: prior state file
[1] 2026/10/01 18:06:49.640523 [WRN] Filestore [C-R5F-HCWdccB6] Stream state outdated, last block has additional entries, will rebuild
[1] 2026/10/01 18:06:49.640537 [WRN] Filestore [C-R5F-HCWdccB6] Recovering stream state from index errored: prior state file
[1] 2026/10/01 18:06:49.641919 [WRN] Filestore [C-R5F-jV6uJMa2] Stream state outdated, last block has additional entries, will rebuild
[1] 2026/10/01 18:06:49.641968 [WRN] Filestore [C-R5F-jV6uJMa2] Recovering stream state from index errored: prior state file
[1] 2026/10/01 18:06:49.643610 [WRN] Filestore [C-R5F-LrsZ8HgW] Stream state outdated, last block has additional entries, will rebuild
[1] 2026/10/01 18:06:49.643624 [WRN] Filestore [C-R5F-LrsZ8HgW] Recovering stream state from index errored: prior state file
[1] 2026/10/01 18:06:49.645233 [WRN] Filestore [C-R5F-5GV5evWB] Stream state outdated, last block has additional entries, will rebuild
[1] 2026/10/01 18:06:49.645247 [WRN] Filestore [C-R5F-5GV5evWB] Recovering stream state from index errored: prior state file
[1] 2026/10/01 18:06:49.646719 [WRN] Filestore [C-R5F-VNQxGdgj] Stream state outdated, last block has additional entries, will rebuild
[1] 2026/10/01 18:06:49.646734 [WRN] Filestore [C-R5F-VNQxGdgj] Recovering stream state from index errored: prior state file
[1] 2026/10/01 18:06:49.648406 [WRN] Filestore [C-R5F-iPk5M4lR] Stream state outdated, last block has additional entries, will rebuild
[1] 2026/10/01 18:06:49.648416 [WRN] Filestore [C-R5F-iPk5M4lR] Recovering stream state from index errored: prior state file
[1] 2026/10/01 18:06:49.650177 [WRN] Filestore [C-R5F-VBWJAOez] Stream state outdated, last block has additional entries, will rebuild
[1] 2026/10/01 18:06:49.650191 [WRN] Filestore [C-R5F-VBWJAOez] Recovering stream state from index errored: prior state file
[1] 2026/10/01 18:06:49.651707 [WRN] Filestore [C-R5F-MxT5aBYn] Stream state outdated, last block has additional entries, will rebuild
[1] 2026/10/01 18:06:49.651721 [WRN] Filestore [C-R5F-MxT5aBYn] Recovering stream state from index errored: prior state file
[1] 2026/10/01 18:06:49.653884 [WRN] Filestore [C-R5F-OM1l1mgE] Stream state outdated, last block has additional entries, will rebuild
[1] 2026/10/01 18:06:49.653896 [WRN] Filestore [C-R5F-OM1l1mgE] Recovering stream state from index errored: prior state file
[1] 2026/10/01 18:06:49.655463 [WRN] Filestore [C-R5F-SfEsz4Vs] Stream state outdated, last block has additional entries, will rebuild
[1] 2026/10/01 18:06:49.655473 [WRN] Filestore [C-R5F-SfEsz4Vs] Recovering stream state from index errored: prior state file
[1] 2026/10/01 18:06:49.656929 [WRN] Filestore [C-R5F-D3u5WBs7] Stream state outdated, last block has additional entries, will rebuild
[1] 2026/10/01 18:06:49.656939 [WRN] Filestore [C-R5F-D3u5WBs7] Recovering stream state from index errored: prior state file
[1] 2026/10/01 18:06:49.658492 [WRN] Filestore [C-R5F-jto50gbb] Stream state outdated, last block has additional entries, will rebuild
[1] 2026/10/01 18:06:49.658503 [WRN] Filestore [C-R5F-jto50gbb] Recovering stream state from index errored: prior state file
[1] 2026/10/01 18:06:49.659997 [WRN] Filestore [C-R5F-y6bQTS6D] Stream state outdated, last block has additional entries, will rebuild
[1] 2026/10/01 18:06:49.660011 [WRN] Filestore [C-R5F-y6bQTS6D] Recovering stream state from index errored: prior state file
[1] 2026/10/01 18:06:49.661715 [WRN] Filestore [C-R5F-U94Db7yS] Stream state outdated, last block has additional entries, will rebuild
[1] 2026/10/01 18:06:49.661727 [WRN] Filestore [C-R5F-U94Db7yS] Recovering stream state from index errored: prior state file
[1] 2026/10/01 18:06:49.663638 [WRN] Filestore [C-R5F-oJz2At3n] Stream state outdated, last block has additional entries, will rebuild
[1] 2026/10/01 18:06:49.663652 [WRN] Filestore [C-R5F-oJz2At3n] Recovering stream state from index errored: prior state file
[1] 2026/10/01 18:06:49.664993 [WRN] Filestore [C-R5F-7L3aBObf] Stream state outdated, last block has additional entries, will rebuild
[1] 2026/10/01 18:06:49.665007 [WRN] Filestore [C-R5F-7L3aBObf] Recovering stream state from index errored: prior state file
[1] 2026/10/01 18:06:49.666408 [WRN] Filestore [C-R5F-NrQMZIf3] Stream state outdated, last block has additional entries, will rebuild
[1] 2026/10/01 18:06:49.666420 [WRN] Filestore [C-R5F-NrQMZIf3] Recovering stream state from index errored: prior state file
[1] 2026/10/01 18:06:49.668632 [WRN] Filestore [C-R5F-f3X5ouJo] Stream state outdated, last block has additional entries, will rebuild
[1] 2026/10/01 18:06:49.668643 [WRN] Filestore [C-R5F-f3X5ouJo] Recovering stream state from index errored: prior state file
[1] 2026/10/01 18:06:49.670297 [WRN] Filestore [C-R5F-Ocpa1OPF] Stream state outdated, last block has additional entries, will rebuild
[1] 2026/10/01 18:06:49.670305 [WRN] Filestore [C-R5F-Ocpa1OPF] Recovering stream state from index errored: prior state file
[1] 2026/10/01 18:06:49.672600 [WRN] Filestore [C-R5F-DnY0X6ic] Stream state outdated, last block has additional entries, will rebuild
[1] 2026/10/01 18:06:49.672609 [WRN] Filestore [C-R5F-DnY0X6ic] Recovering stream state from index errored: prior state file
[1] 2026/10/01 18:06:49.674523 [WRN] Filestore [C-R5F-16DaPzeO] Stream state outdated, last block has additional entries, will rebuild
[1] 2026/10/01 18:06:49.674539 [WRN] Filestore [C-R5F-16DaPzeO] Recovering stream state from index errored: prior state file
[1] 2026/10/01 18:06:49.676175 [WRN] Filestore [C-R5F-q9aTFtDr] Stream state outdated, last block has additional entries, will rebuild
[1] 2026/10/01 18:06:49.676190 [WRN] Filestore [C-R5F-q9aTFtDr] Recovering stream state from index errored: prior state file
[1] 2026/10/01 18:06:49.677927 [WRN] Filestore [C-R5F-kIuM5qsD] Stream state outdated, last block has additional entries, will rebuild
[1] 2026/10/01 18:06:49.677942 [WRN] Filestore [C-R5F-kIuM5qsD] Recovering stream state from index errored: prior state file
[1] 2026/10/01 18:06:49.679523 [WRN] Filestore [C-R5F-v16oZjZ6] Stream state outdated, last block has additional entries, will rebuild
[1] 2026/10/01 18:06:49.679534 [WRN] Filestore [C-R5F-v16oZjZ6] Recovering stream state from index errored: prior state file
[1] 2026/10/01 18:06:49.681269 [WRN] Filestore [C-R5F-z88nCVZx] Stream state outdated, last block has additional entries, will rebuild
[1] 2026/10/01 18:06:49.681283 [WRN] Filestore [C-R5F-z88nCVZx] Recovering stream state from index errored: prior state file
[1] 2026/10/01 18:06:49.683083 [WRN] Filestore [C-R5F-JO4V7rrg] Stream state outdated, last block has additional entries, will rebuild
[1] 2026/10/01 18:06:49.683097 [WRN] Filestore [C-R5F-JO4V7rrg] Recovering stream state from index errored: prior state file
[1] 2026/10/01 18:06:49.685462 [WRN] Filestore [C-R5F-LaimQDR2] Stream state outdated, last block has additional entries, will rebuild
[1] 2026/10/01 18:06:49.685478 [WRN] Filestore [C-R5F-LaimQDR2] Recovering stream state from index errored: prior state file
[1] 2026/10/01 18:06:49.687203 [WRN] Filestore [C-R5F-Z0v4Zqey] Stream state outdated, last block has additional entries, will rebuild
[1] 2026/10/01 18:06:49.687212 [WRN] Filestore [C-R5F-Z0v4Zqey] Recovering stream state from index errored: prior state file
[1] 2026/10/01 18:06:49.688686 [WRN] Filestore [C-R5F-tYx5MtYH] Stream state outdated, last block has additional entries, will rebuild
[1] 2026/10/01 18:06:49.688696 [WRN] Filestore [C-R5F-tYx5MtYH] Recovering stream state from index errored: prior state file
[1] 2026/10/01 18:06:49.690322 [WRN] Filestore [C-R5F-o7m5DDAU] Stream state outdated, last block has additional entries, will rebuild
[1] 2026/10/01 18:06:49.690332 [WRN] Filestore [C-R5F-o7m5DDAU] Recovering stream state from index errored: prior state file
[1] 2026/10/01 18:06:49.691961 [WRN] Filestore [C-R5F-4l1APpSq] Stream state outdated, last block has additional entries, will rebuild
[1] 2026/10/01 18:06:49.691968 [WRN] Filestore [C-R5F-4l1APpSq] Recovering stream state from index errored: prior state file
[1] 2026/10/01 18:06:49.693763 [WRN] Filestore [C-R5F-sWRAt99H] Stream state outdated, last block has additional entries, will rebuild
[1] 2026/10/01 18:06:49.693773 [WRN] Filestore [C-R5F-sWRAt99H] Recovering stream state from index errored: prior state file
[1] 2026/10/01 18:06:49.695446 [WRN] Filestore [C-R5F-z584QUYL] Stream state outdated, last block has additional entries, will rebuild
[1] 2026/10/01 18:06:49.695457 [WRN] Filestore [C-R5F-z584QUYL] Recovering stream state from index errored: prior state file
[1] 2026/10/01 18:06:49.696872 [WRN] Filestore [C-R5F-CykAEXzg] Stream state outdated, last block has additional entries, will rebuild
[1] 2026/10/01 18:06:49.696885 [WRN] Filestore [C-R5F-CykAEXzg] Recovering stream state from index errored: prior state file
[1] 2026/10/01 18:06:49.699969 [WRN] Filestore [C-R5F-KLe3Ao6i] Stream state outdated, last block has additional entries, will rebuild
[1] 2026/10/01 18:06:49.699984 [WRN] Filestore [C-R5F-KLe3Ao6i] Recovering stream state from index errored: prior state file
[1] 2026/10/01 18:06:49.701402 [WRN] Filestore [C-R5F-XwbT5Brc] Stream state outdated, last block has additional entries, will rebuild
[1] 2026/10/01 18:06:49.701415 [WRN] Filestore [C-R5F-XwbT5Brc] Recovering stream state from index errored: prior state file
[1] 2026/10/01 18:06:49.702998 [WRN] Filestore [C-R5F-IrQLg0IS] Stream state outdated, last block has additional entries, will rebuild
[1] 2026/10/01 18:06:49.703008 [WRN] Filestore [C-R5F-IrQLg0IS] Recovering stream state from index errored: prior state file
[1] 2026/10/01 18:06:49.704392 [WRN] Filestore [C-R5F-ZdoZkrgq] Stream state outdated, last block has additional entries, will rebuild
[1] 2026/10/01 18:06:49.704407 [WRN] Filestore [C-R5F-ZdoZkrgq] Recovering stream state from index errored: prior state file
[1] 2026/10/01 18:06:49.705912 [WRN] Filestore [C-R5F-qarr69r6] Stream state outdated, last block has additional entries, will rebuild
[1] 2026/10/01 18:06:49.705926 [WRN] Filestore [C-R5F-qarr69r6] Recovering stream state from index errored: prior state file
[1] 2026/10/01 18:06:49.707511 [WRN] Filestore [C-R5F-5n40OEdH] Stream state outdated, last block has additional entries, will rebuild
[1] 2026/10/01 18:06:49.707539 [WRN] Filestore [C-R5F-5n40OEdH] Recovering stream state from index errored: prior state file
[1] 2026/10/01 18:06:49.709216 [WRN] Filestore [C-R5F-i3OgLAvb] Stream state outdated, last block has additional entries, will rebuild
[1] 2026/10/01 18:06:49.709230 [WRN] Filestore [C-R5F-i3OgLAvb] Recovering stream state from index errored: prior state file
[1] 2026/10/01 18:06:49.710824 [WRN] Filestore [C-R5F-H33o884J] Stream state outdated, last block has additional entries, will rebuild
[1] 2026/10/01 18:06:49.710836 [WRN] Filestore [C-R5F-H33o884J] Recovering stream state from index errored: prior state file
[1] 2026/10/01 18:06:49.712622 [WRN] Filestore [C-R5F-7NHdrRU9] Stream state outdated, last block has additional entries, will rebuild
[1] 2026/10/01 18:06:49.712663 [WRN] Filestore [C-R5F-7NHdrRU9] Recovering stream state from index errored: prior state file
[1] 2026/10/01 18:06:49.716153 [WRN] Filestore [C-R5F-eamQmLoi] Stream state outdated, last block has additional entries, will rebuild
[1] 2026/10/01 18:06:49.716165 [WRN] Filestore [C-R5F-eamQmLoi] Recovering stream state from index errored: prior state file
[1] 2026/10/01 18:06:49.717793 [WRN] Filestore [C-R5F-SMqDIUrq] Stream state outdated, last block has additional entries, will rebuild
[1] 2026/10/01 18:06:49.717804 [WRN] Filestore [C-R5F-SMqDIUrq] Recovering stream state from index errored: prior state file
[1] 2026/10/01 18:06:49.719302 [WRN] Filestore [C-R5F-tfq8ie60] Stream state outdated, last block has additional entries, will rebuild
[1] 2026/10/01 18:06:49.719311 [WRN] Filestore [C-R5F-tfq8ie60] Recovering stream state from index errored: prior state file
[1] 2026/10/01 18:06:49.720920 [WRN] Filestore [C-R5F-72BbRETi] Stream state outdated, last block has additional entries, will rebuild
[1] 2026/10/01 18:06:49.720933 [WRN] Filestore [C-R5F-72BbRETi] Recovering stream state from index errored: prior state file
[1] 2026/10/01 18:06:49.722388 [WRN] Filestore [C-R5F-6cxM1TjJ] Stream state outdated, last block has additional entries, will rebuild
[1] 2026/10/01 18:06:49.722400 [WRN] Filestore [C-R5F-6cxM1TjJ] Recovering stream state from index errored: prior state file
[1] 2026/10/01 18:06:49.724704 [WRN] Filestore [C-R5F-Zr9TNJpN] Stream state outdated, last block has additional entries, will rebuild
[1] 2026/10/01 18:06:49.724717 [WRN] Filestore [C-R5F-Zr9TNJpN] Recovering stream state from index errored: prior state file
[1] 2026/10/01 18:06:49.726768 [WRN] Filestore [C-R5F-04vvoIx4] Stream state outdated, last block has additional entries, will rebuild
[1] 2026/10/01 18:06:49.726782 [WRN] Filestore [C-R5F-04vvoIx4] Recovering stream state from index errored: prior state file
[1] 2026/10/01 18:06:49.728198 [WRN] Filestore [C-R5F-jbfYQSnj] Stream state outdated, last block has additional entries, will rebuild
[1] 2026/10/01 18:06:49.728210 [WRN] Filestore [C-R5F-jbfYQSnj] Recovering stream state from index errored: prior state file
[1] 2026/10/01 18:06:49.729626 [WRN] Filestore [C-R5F-wkdwmdwR] Stream state outdated, last block has additional entries, will rebuild
[1] 2026/10/01 18:06:49.729640 [WRN] Filestore [C-R5F-wkdwmdwR] Recovering stream state from index errored: prior state file
[1] 2026/10/01 18:06:49.736246 [WRN] Filestore [C-R5F-75kqPf8n] Stream state outdated, last block has additional entries, will rebuild
[1] 2026/10/01 18:06:49.736259 [WRN] Filestore [C-R5F-75kqPf8n] Recovering stream state from index errored: prior state file
[1] 2026/10/01 18:06:49.737827 [WRN] Filestore [C-R5F-lEODcgrW] Stream state outdated, last block has additional entries, will rebuild
[1] 2026/10/01 18:06:49.737841 [WRN] Filestore [C-R5F-lEODcgrW] Recovering stream state from index errored: prior state file
[1] 2026/10/01 18:06:49.739262 [WRN] Filestore [C-R5F-0VYRn9kg] Stream state outdated, last block has additional entries, will rebuild
[1] 2026/10/01 18:06:49.739276 [WRN] Filestore [C-R5F-0VYRn9kg] Recovering stream state from index errored: prior state file
[1] 2026/10/01 18:06:49.740794 [WRN] Filestore [C-R5F-Twnk1XyT] Stream state outdated, last block has additional entries, will rebuild
[1] 2026/10/01 18:06:49.740806 [WRN] Filestore [C-R5F-Twnk1XyT] Recovering stream state from index errored: prior state file
[1] 2026/10/01 18:06:49.742297 [WRN] Filestore [C-R5F-EAQWswOP] Stream state outdated, last block has additional entries, will rebuild
[1] 2026/10/01 18:06:49.742311 [WRN] Filestore [C-R5F-EAQWswOP] Recovering stream state from index errored: prior state file
[1] 2026/10/01 18:06:49.743777 [WRN] Filestore [C-R5F-GI3uf4m0] Stream state outdated, last block has additional entries, will rebuild
[1] 2026/10/01 18:06:49.743792 [WRN] Filestore [C-R5F-GI3uf4m0] Recovering stream state from index errored: prior state file
[1] 2026/10/01 18:06:49.745338 [WRN] Filestore [C-R5F-KxEitvJ9] Stream state outdated, last block has additional entries, will rebuild
[1] 2026/10/01 18:06:49.745349 [WRN] Filestore [C-R5F-KxEitvJ9] Recovering stream state from index errored: prior state file
[1] 2026/10/01 18:06:49.747380 [WRN] Filestore [C-R5F-aiM7oy5C] Stream state outdated, last block has additional entries, will rebuild
[1] 2026/10/01 18:06:49.747434 [WRN] Filestore [C-R5F-aiM7oy5C] Recovering stream state from index errored: prior state file
[1] 2026/10/01 18:06:49.749180 [WRN] Filestore [C-R5F-CrBGiH7L] Stream state outdated, last block has additional entries, will rebuild
[1] 2026/10/01 18:06:49.749192 [WRN] Filestore [C-R5F-CrBGiH7L] Recovering stream state from index errored: prior state file
[1] 2026/10/01 18:06:49.750736 [WRN] Filestore [C-R5F-jG4CHI1N] Stream state outdated, last block has additional entries, will rebuild
[1] 2026/10/01 18:06:49.750745 [WRN] Filestore [C-R5F-jG4CHI1N] Recovering stream state from index errored: prior state file
[1] 2026/10/01 18:06:49.752267 [WRN] Metalayer blocking snapshot starting
[1] 2026/10/01 18:06:49.753583 [WRN] Metalayer blocking snapshot took 0.001s (streams: 10, consumers: 64, compacted: 89.68 KB)
[1] 2026/10/01 18:06:49.753627 [WRN] JetStream has not established contact with a meta leader
[1] 2026/10/01 18:06:50.279205 [INF] JetStream cluster new metadata leader: js-wf-route-5711-1790877407297718127-n1/js-wf-route-5711-1790877407297718127
[1] 2026/10/01 18:06:56.194983 [WRN] JetStream cluster consumer '$G > WF_RUN > WF_P_44' has NO quorum, stalled.