[1] 2026/10/01 18:05:49.430399 [INF] Starting nats-server
[1] 2026/10/01 18:05:49.430454 [INF]   Version:  2.15.0
[1] 2026/10/01 18:05:49.430458 [INF]   Git:      [not set]
[1] 2026/10/01 18:05:49.430460 [INF]   Cluster:  js-wf-route-5711-1790877407297718127
[1] 2026/10/01 18:05:49.430464 [INF]   Name:     js-wf-route-5711-1790877407297718127-n1
[1] 2026/10/01 18:05:49.430468 [INF]   Node:     RNlNQwfD
[1] 2026/10/01 18:05:49.430470 [INF]   ID:       NBKR2EH5ZE437I5F23MH2AS3XBDVEIQEAJORQLPKZ6CXTLRPEJB2JQG6
[1] 2026/10/01 18:05:49.430481 [INF] Using configuration file: /etc/nats.conf (sha256:2b3c0cdf1bae0dc828987430072bec52f1eee9114880f8779b1ec8bfa212027e)
[1] 2026/10/01 18:05:49.431019 [INF] Starting http monitor on 0.0.0.0:8222
[1] 2026/10/01 18:05:49.431229 [INF] Starting JetStream
[1] 2026/10/01 18:05:49.431457 [INF]     _ ___ _____ ___ _____ ___ ___   _   __  __
[1] 2026/10/01 18:05:49.431514 [INF]  _ | | __|_   _/ __|_   _| _ \ __| /_\ |  \/  |
[1] 2026/10/01 18:05:49.431553 [INF] | || | _|  | | \__ \ | | |   / _| / _ \| |\/| |
[1] 2026/10/01 18:05:49.431586 [INF]  \__/|___| |_| |___/ |_| |_|_\___/_/ \_\_|  |_|
[1] 2026/10/01 18:05:49.431608 [INF] 
[1] 2026/10/01 18:05:49.431613 [INF]          https://docs.nats.io/jetstream
[1] 2026/10/01 18:05:49.431615 [INF] 
[1] 2026/10/01 18:05:49.431617 [INF] ---------------- JETSTREAM ----------------
[1] 2026/10/01 18:05:49.431619 [INF]   Strict:          true
[1] 2026/10/01 18:05:49.431624 [INF]   Max Memory:      11.71 GB
[1] 2026/10/01 18:05:49.431628 [INF]   Max Storage:     62.93 GB
[1] 2026/10/01 18:05:49.431630 [INF]   Store Directory: "/data/jetstream"
[1] 2026/10/01 18:05:49.431632 [INF]   API Level:       5
[1] 2026/10/01 18:05:49.431634 [INF] -------------------------------------------
[1] 2026/10/01 18:05:49.432183 [INF]   Starting restore for stream '$G > WF_SIG'
[1] 2026/10/01 18:05:49.432188 [INF]   Starting restore for stream '$G > KV_WF_LEASE'
[1] 2026/10/01 18:05:49.432629 [WRN] Filestore [KV_WF_LEASE] Stream state detected prior state, could not locate msg block 2
[1] 2026/10/01 18:05:49.432634 [WRN] Filestore [KV_WF_LEASE] Recovering stream state from index errored: prior state file
[1] 2026/10/01 18:05:49.433249 [INF]   Starting restore for stream '$G > WF_PURGE'
[1] 2026/10/01 18:05:49.433263 [INF]   Starting restore for stream '$G > KV_WF_STATE'
[1] 2026/10/01 18:05:49.433907 [INF]   Starting restore for stream '$G > WF_RUN'
[1] 2026/10/01 18:05:49.434232 [WRN] Filestore [WF_SIG] Stream state outdated, last block has additional entries, will rebuild
[1] 2026/10/01 18:05:49.434322 [WRN] Filestore [WF_SIG] Recovering stream state from index errored: prior state file
[1] 2026/10/01 18:05:49.434280 [WRN] Filestore [WF_RUN] Stream state detected prior state, could not locate msg block 5
[1] 2026/10/01 18:05:49.434434 [WRN] Filestore [WF_RUN] Recovering stream state from index errored: prior state file
[1] 2026/10/01 18:05:49.435131 [INF]   Starting restore for stream '$G > WF_INV'
[1] 2026/10/01 18:05:49.435468 [INF]   Restored 0 messages for stream '$G > WF_PURGE' in 2ms
[1] 2026/10/01 18:05:49.437340 [WRN] Filestore [WF_RUN] Message scheduling state is outdated; attempting to recover using linear scan (seq 7726 to 8251)
[1] 2026/10/01 18:05:49.437578 [INF]   Starting restore for stream '$G > OBJ_WF_BLOB'
[1] 2026/10/01 18:05:49.438186 [WRN] Filestore [WF_INV] Stream state outdated, last block has additional entries, will rebuild
[1] 2026/10/01 18:05:49.438440 [INF]   Starting restore for stream '$G > KV_WF_VIEW'
[1] 2026/10/01 18:05:49.438559 [INF]   Starting restore for stream '$G > KV_WF_ASSIGN'
[1] 2026/10/01 18:05:49.438975 [INF]   Starting restore for stream '$G > WF_JRN'
[1] 2026/10/01 18:05:49.441191 [WRN] Filestore [KV_WF_STATE] Stream state outdated, last block has additional entries, will rebuild
[1] 2026/10/01 18:05:49.441206 [WRN] Filestore [KV_WF_STATE] Recovering stream state from index errored: prior state file
[1] 2026/10/01 18:05:49.442352 [INF]   Restored 0 messages for stream '$G > KV_WF_VIEW' in 2ms
[1] 2026/10/01 18:05:49.442790 [WRN] Filestore [WF_INV] Recovering stream state from index errored: prior state file
[1] 2026/10/01 18:05:49.443481 [WRN] Filestore [WF_JRN] Stream state outdated, last block has additional entries, will rebuild
[1] 2026/10/01 18:05:49.443492 [WRN] Filestore [WF_JRN] Recovering stream state from index errored: prior state file
[1] 2026/10/01 18:05:49.447194 [INF]   Restored 0 messages for stream '$G > OBJ_WF_BLOB' in 5ms
[1] 2026/10/01 18:05:49.451417 [INF]   Restored 2,550 messages for stream '$G > WF_SIG' in 19ms
[1] 2026/10/01 18:05:49.451462 [INF]   Restored 30 messages for stream '$G > WF_RUN' in 17ms
[1] 2026/10/01 18:05:49.451497 [INF]   Restored 0 messages for stream '$G > KV_WF_ASSIGN' in 11ms
[1] 2026/10/01 18:05:49.451598 [INF]   Recovering 64 consumers for stream - '$G > WF_RUN'
[1] 2026/10/01 18:05:49.452421 [WRN] Filestore [KV_WF_LEASE] TTL state is outdated; attempting to recover using linear scan (seq 47457 to 50054)
[1] 2026/10/01 18:05:49.456037 [INF]   Restored 2,100 messages for stream '$G > WF_INV' in 21ms
[1] 2026/10/01 18:05:49.461897 [INF]   Restored 2,099 messages for stream '$G > KV_WF_STATE' in 28ms
[1] 2026/10/01 18:05:49.465459 [INF]   Restored 137 messages for stream '$G > KV_WF_LEASE' in 33ms
[1] 2026/10/01 18:05:49.492547 [INF]   Restored 23,068 messages for stream '$G > WF_JRN' in 52ms
[1] 2026/10/01 18:05:49.492857 [INF] Starting JetStream cluster
[1] 2026/10/01 18:05:49.492994 [INF] Creating JetStream metadata controller
[1] 2026/10/01 18:05:49.493267 [WRN] Filestore [_meta_] Stream state outdated, last block has additional entries, will rebuild
[1] 2026/10/01 18:05:49.493273 [WRN] Filestore [_meta_] Recovering stream state from index errored: prior state file
[1] 2026/10/01 18:05:49.493698 [INF] JetStream cluster recovering state
[1] 2026/10/01 18:05:49.496143 [INF] Took 64.849398ms to start JetStream
[1] 2026/10/01 18:05:49.496215 [INF] Listening for client connections on 0.0.0.0:4222
[1] 2026/10/01 18:05:49.497332 [INF] Server is ready
[1] 2026/10/01 18:05:49.497524 [INF] Cluster name is js-wf-route-5711-1790877407297718127
[1] 2026/10/01 18:05:49.497716 [INF] Listening for route connections on 0.0.0.0:6222
[1] 2026/10/01 18:05:49.499398 [INF] 172.19.0.2:6222 - rid:166 - Route connection created
[1] 2026/10/01 18:05:49.499924 [INF] 172.19.0.2:6222 - rid:167 - Route connection created
[1] 2026/10/01 18:05:49.502272 [INF] 172.19.0.5:50422 - rid:168 - Route connection created
[1] 2026/10/01 18:05:49.502609 [INF] 172.19.0.4:48714 - rid:169 - Route connection created
[1] 2026/10/01 18:05:49.502769 [INF] 172.19.0.5:50408 - rid:170 - Route connection created
[1] 2026/10/01 18:05:49.502866 [INF] 172.19.0.4:48722 - rid:171 - Route connection created
[1] 2026/10/01 18:05:49.502950 [INF] 172.19.0.6:58116 - rid:172 - Route connection created
[1] 2026/10/01 18:05:49.503033 [INF] 172.19.0.6:58122 - rid:173 - Route connection created
[1] 2026/10/01 18:05:49.504747 [INF] 172.19.0.4:48726 - rid:174 - Route connection created
[1] 2026/10/01 18:05:49.506234 [INF] 172.19.0.5:50436 - rid:175 - Route connection created
[1] 2026/10/01 18:05:49.506734 [INF] 172.19.0.6:58124 - rid:176 - Route connection created
[1] 2026/10/01 18:05:49.507278 [INF] 172.19.0.2:6222 - rid:177 - Route connection created
[1] 2026/10/01 18:05:49.508090 [INF] 172.19.0.4:48730 - rid:178 - Route connection created
[1] 2026/10/01 18:05:49.508411 [INF] 172.19.0.5:50448 - rid:179 - Route connection created
[1] 2026/10/01 18:05:49.508725 [INF] 172.19.0.6:58132 - rid:180 - Route connection created
[1] 2026/10/01 18:05:49.509861 [INF] 172.19.0.2:6222 - rid:181 - Route connection created
[1] 2026/10/01 18:05:49.597680 [WRN] Waiting for routing to be established...
[1] 2026/10/01 18:05:49.602641 [WRN] Filestore [S-R5F-Er10bdc5] Stream state outdated, last block has additional entries, will rebuild
[1] 2026/10/01 18:05:49.602652 [WRN] Filestore [S-R5F-Er10bdc5] Recovering stream state from index errored: prior state file
[1] 2026/10/01 18:05:49.611663 [WRN] Filestore [S-R5F-tZ70dPDC] Stream state outdated, last block has additional entries, will rebuild
[1] 2026/10/01 18:05:49.611792 [WRN] Filestore [S-R5F-tZ70dPDC] Recovering stream state from index errored: prior state file
[1] 2026/10/01 18:05:49.613974 [WRN] Filestore [S-R5F-M02aQjFE] Stream state outdated, last block has additional entries, will rebuild
[1] 2026/10/01 18:05:49.614115 [WRN] Filestore [S-R5F-M02aQjFE] Recovering stream state from index errored: prior state file
[1] 2026/10/01 18:05:49.630003 [WRN] Filestore [S-R5F-zI23LGkZ] Stream state outdated, last block has additional entries, will rebuild
[1] 2026/10/01 18:05:49.630020 [WRN] Filestore [S-R5F-zI23LGkZ] Recovering stream state from index errored: prior state file
[1] 2026/10/01 18:05:49.633137 [WRN] Filestore [S-R5F-vKhHBZtB] Stream state outdated, last block has additional entries, will rebuild
[1] 2026/10/01 18:05:49.633150 [WRN] Filestore [S-R5F-vKhHBZtB] Recovering stream state from index errored: prior state file
[1] 2026/10/01 18:05:49.636967 [WRN] Filestore [S-R5F-Wv2ksWf3] Stream state outdated, last block has additional entries, will rebuild
[1] 2026/10/01 18:05:49.636977 [WRN] Filestore [S-R5F-Wv2ksWf3] Recovering stream state from index errored: prior state file
[1] 2026/10/01 18:05:49.642550 [WRN] Filestore [C-R5F-z584QUYL] Stream state outdated, last block has additional entries, will rebuild
[1] 2026/10/01 18:05:49.642566 [WRN] Filestore [C-R5F-z584QUYL] Recovering stream state from index errored: prior state file
[1] 2026/10/01 18:05:49.644285 [WRN] Filestore [C-R5F-Z0v4Zqey] Stream state outdated, last block has additional entries, will rebuild
[1] 2026/10/01 18:05:49.644298 [WRN] Filestore [C-R5F-Z0v4Zqey] Recovering stream state from index errored: prior state file
[1] 2026/10/01 18:05:49.645819 [WRN] Filestore [C-R5F-o7m5DDAU] Stream state outdated, last block has additional entries, will rebuild
[1] 2026/10/01 18:05:49.645829 [WRN] Filestore [C-R5F-o7m5DDAU] Recovering stream state from index errored: prior state file
[1] 2026/10/01 18:05:49.647433 [WRN] Filestore [C-R5F-D3u5WBs7] Stream state outdated, last block has additional entries, will rebuild
[1] 2026/10/01 18:05:49.647447 [WRN] Filestore [C-R5F-D3u5WBs7] Recovering stream state from index errored: prior state file
[1] 2026/10/01 18:05:49.649223 [WRN] Filestore [C-R5F-kIuM5qsD] Stream state outdated, last block has additional entries, will rebuild
[1] 2026/10/01 18:05:49.649239 [WRN] Filestore [C-R5F-kIuM5qsD] Recovering stream state from index errored: prior state file
[1] 2026/10/01 18:05:49.651236 [WRN] Filestore [C-R5F-f3X5ouJo] Stream state outdated, last block has additional entries, will rebuild
[1] 2026/10/01 18:05:49.651250 [WRN] Filestore [C-R5F-f3X5ouJo] Recovering stream state from index errored: prior state file
[1] 2026/10/01 18:05:49.652720 [WRN] Filestore [C-R5F-oJz2At3n] Stream state outdated, last block has additional entries, will rebuild
[1] 2026/10/01 18:05:49.652735 [WRN] Filestore [C-R5F-oJz2At3n] Recovering stream state from index errored: prior state file
[1] 2026/10/01 18:05:49.654720 [WRN] Filestore [C-R5F-jG4CHI1N] Stream state outdated, last block has additional entries, will rebuild
[1] 2026/10/01 18:05:49.654732 [WRN] Filestore [C-R5F-jG4CHI1N] Recovering stream state from index errored: prior state file
[1] 2026/10/01 18:05:49.656626 [WRN] Filestore [C-R5F-XwbT5Brc] Stream state outdated, last block has additional entries, will rebuild
[1] 2026/10/01 18:05:49.656639 [WRN] Filestore [C-R5F-XwbT5Brc] Recovering stream state from index errored: prior state file
[1] 2026/10/01 18:05:49.658165 [WRN] Filestore [C-R5F-KxEitvJ9] Stream state outdated, last block has additional entries, will rebuild
[1] 2026/10/01 18:05:49.658184 [WRN] Filestore [C-R5F-KxEitvJ9] Recovering stream state from index errored: prior state file
[1] 2026/10/01 18:05:49.659781 [WRN] Filestore [C-R5F-i3OgLAvb] Stream state outdated, last block has additional entries, will rebuild
[1] 2026/10/01 18:05:49.659793 [WRN] Filestore [C-R5F-i3OgLAvb] Recovering stream state from index errored: prior state file
[1] 2026/10/01 18:05:49.661853 [WRN] Filestore [C-R5F-LrsZ8HgW] Stream state outdated, last block has additional entries, will rebuild
[1] 2026/10/01 18:05:49.661862 [WRN] Filestore [C-R5F-LrsZ8HgW] Recovering stream state from index errored: prior state file
[1] 2026/10/01 18:05:49.665768 [WRN] Filestore [C-R5F-04vvoIx4] Stream state outdated, last block has additional entries, will rebuild
[1] 2026/10/01 18:05:49.665779 [WRN] Filestore [C-R5F-04vvoIx4] Recovering stream state from index errored: prior state file
[1] 2026/10/01 18:05:49.670025 [WRN] Filestore [C-R5F-eamQmLoi] Stream state outdated, last block has additional entries, will rebuild
[1] 2026/10/01 18:05:49.670038 [WRN] Filestore [C-R5F-eamQmLoi] Recovering stream state from index errored: prior state file
[1] 2026/10/01 18:05:49.672430 [WRN] Filestore [C-R5F-72BbRETi] Stream state outdated, last block has additional entries, will rebuild
[1] 2026/10/01 18:05:49.672448 [WRN] Filestore [C-R5F-72BbRETi] Recovering stream state from index errored: prior state file
[1] 2026/10/01 18:05:49.674680 [WRN] Filestore [C-R5F-DnY0X6ic] Stream state outdated, last block has additional entries, will rebuild
[1] 2026/10/01 18:05:49.674699 [WRN] Filestore [C-R5F-DnY0X6ic] Recovering stream state from index errored: prior state file
[1] 2026/10/01 18:05:49.676559 [WRN] Filestore [C-R5F-SfEsz4Vs] Stream state outdated, last block has additional entries, will rebuild
[1] 2026/10/01 18:05:49.676598 [WRN] Filestore [C-R5F-SfEsz4Vs] Recovering stream state from index errored: prior state file
[1] 2026/10/01 18:05:49.678408 [WRN] Filestore [C-R5F-7NHdrRU9] Stream state outdated, last block has additional entries, will rebuild
[1] 2026/10/01 18:05:49.678422 [WRN] Filestore [C-R5F-7NHdrRU9] Recovering stream state from index errored: prior state file
[1] 2026/10/01 18:05:49.680401 [WRN] Filestore [C-R5F-tfq8ie60] Stream state outdated, last block has additional entries, will rebuild
[1] 2026/10/01 18:05:49.680415 [WRN] Filestore [C-R5F-tfq8ie60] Recovering stream state from index errored: prior state file
[1] 2026/10/01 18:05:49.682524 [WRN] Filestore [C-R5F-jV6uJMa2] Stream state outdated, last block has additional entries, will rebuild
[1] 2026/10/01 18:05:49.682538 [WRN] Filestore [C-R5F-jV6uJMa2] Recovering stream state from index errored: prior state file
[1] 2026/10/01 18:05:49.684374 [WRN] Filestore [C-R5F-y6bQTS6D] Stream state outdated, last block has additional entries, will rebuild
[1] 2026/10/01 18:05:49.684386 [WRN] Filestore [C-R5F-y6bQTS6D] Recovering stream state from index errored: prior state file
[1] 2026/10/01 18:05:49.686848 [WRN] Filestore [C-R5F-Twnk1XyT] Stream state outdated, last block has additional entries, will rebuild
[1] 2026/10/01 18:05:49.686862 [WRN] Filestore [C-R5F-Twnk1XyT] Recovering stream state from index errored: prior state file
[1] 2026/10/01 18:05:49.689122 [WRN] Filestore [C-R5F-lEODcgrW] Stream state outdated, last block has additional entries, will rebuild
[1] 2026/10/01 18:05:49.689135 [WRN] Filestore [C-R5F-lEODcgrW] Recovering stream state from index errored: prior state file
[1] 2026/10/01 18:05:49.691135 [WRN] Filestore [C-R5F-H33o884J] Stream state outdated, last block has additional entries, will rebuild
[1] 2026/10/01 18:05:49.691149 [WRN] Filestore [C-R5F-H33o884J] Recovering stream state from index errored: prior state file
[1] 2026/10/01 18:05:49.693061 [WRN] Filestore [C-R5F-jbfYQSnj] Stream state outdated, last block has additional entries, will rebuild
[1] 2026/10/01 18:05:49.693094 [WRN] Filestore [C-R5F-jbfYQSnj] Recovering stream state from index errored: prior state file
[1] 2026/10/01 18:05:49.695296 [WRN] Filestore [C-R5F-v16oZjZ6] Stream state outdated, last block has additional entries, will rebuild
[1] 2026/10/01 18:05:49.695309 [WRN] Filestore [C-R5F-v16oZjZ6] Recovering stream state from index errored: prior state file
[1] 2026/10/01 18:05:49.696930 [WRN] Filestore [C-R5F-aiM7oy5C] Stream state outdated, last block has additional entries, will rebuild
[1] 2026/10/01 18:05:49.696944 [WRN] Filestore [C-R5F-aiM7oy5C] Recovering stream state from index errored: prior state file
[1] 2026/10/01 18:05:49.699181 [WRN] Filestore [C-R5F-VBWJAOez] Stream state outdated, last block has additional entries, will rebuild
[1] 2026/10/01 18:05:49.699193 [WRN] Filestore [C-R5F-VBWJAOez] Recovering stream state from index errored: prior state file
[1] 2026/10/01 18:05:49.701056 [WRN] Filestore [C-R5F-75kqPf8n] Stream state outdated, last block has additional entries, will rebuild
[1] 2026/10/01 18:05:49.701091 [WRN] Filestore [C-R5F-75kqPf8n] Recovering stream state from index errored: prior state file
[1] 2026/10/01 18:05:49.704942 [WRN] Filestore [C-R5F-CrBGiH7L] Stream state outdated, last block has additional entries, will rebuild
[1] 2026/10/01 18:05:49.704955 [WRN] Filestore [C-R5F-CrBGiH7L] Recovering stream state from index errored: prior state file
[1] 2026/10/01 18:05:49.706864 [WRN] Filestore [C-R5F-5n40OEdH] Stream state outdated, last block has additional entries, will rebuild
[1] 2026/10/01 18:05:49.706875 [WRN] Filestore [C-R5F-5n40OEdH] Recovering stream state from index errored: prior state file
[1] 2026/10/01 18:05:49.708800 [WRN] Filestore [C-R5F-jto50gbb] Stream state outdated, last block has additional entries, will rebuild
[1] 2026/10/01 18:05:49.708812 [WRN] Filestore [C-R5F-jto50gbb] Recovering stream state from index errored: prior state file
[1] 2026/10/01 18:05:49.710512 [WRN] Filestore [C-R5F-IrQLg0IS] Stream state outdated, last block has additional entries, will rebuild
[1] 2026/10/01 18:05:49.710526 [WRN] Filestore [C-R5F-IrQLg0IS] Recovering stream state from index errored: prior state file
[1] 2026/10/01 18:05:49.711955 [WRN] Filestore [C-R5F-yEhR63zn] Stream state outdated, last block has additional entries, will rebuild
[1] 2026/10/01 18:05:49.711970 [WRN] Filestore [C-R5F-yEhR63zn] Recovering stream state from index errored: prior state file
[1] 2026/10/01 18:05:49.713799 [WRN] Filestore [C-R5F-qarr69r6] Stream state outdated, last block has additional entries, will rebuild
[1] 2026/10/01 18:05:49.713812 [WRN] Filestore [C-R5F-qarr69r6] Recovering stream state from index errored: prior state file
[1] 2026/10/01 18:05:49.715750 [WRN] Filestore [C-R5F-SMqDIUrq] Stream state outdated, last block has additional entries, will rebuild
[1] 2026/10/01 18:05:49.715766 [WRN] Filestore [C-R5F-SMqDIUrq] Recovering stream state from index errored: prior state file
[1] 2026/10/01 18:05:49.717996 [WRN] Filestore [C-R5F-iPk5M4lR] Stream state outdated, last block has additional entries, will rebuild
[1] 2026/10/01 18:05:49.718045 [WRN] Filestore [C-R5F-iPk5M4lR] Recovering stream state from index errored: prior state file
[1] 2026/10/01 18:05:49.720284 [WRN] Filestore [C-R5F-6cxM1TjJ] Stream state outdated, last block has additional entries, will rebuild
[1] 2026/10/01 18:05:49.720293 [WRN] Filestore [C-R5F-6cxM1TjJ] Recovering stream state from index errored: prior state file
[1] 2026/10/01 18:05:49.722850 [WRN] Filestore [C-R5F-sWRAt99H] Stream state outdated, last block has additional entries, will rebuild
[1] 2026/10/01 18:05:49.722862 [WRN] Filestore [C-R5F-sWRAt99H] Recovering stream state from index errored: prior state file
[1] 2026/10/01 18:05:49.726473 [WRN] Filestore [C-R5F-z88nCVZx] Stream state outdated, last block has additional entries, will rebuild
[1] 2026/10/01 18:05:49.726487 [WRN] Filestore [C-R5F-z88nCVZx] Recovering stream state from index errored: prior state file
[1] 2026/10/01 18:05:49.728367 [WRN] Filestore [C-R5F-NrQMZIf3] Stream state outdated, last block has additional entries, will rebuild
[1] 2026/10/01 18:05:49.728383 [WRN] Filestore [C-R5F-NrQMZIf3] Recovering stream state from index errored: prior state file
[1] 2026/10/01 18:05:49.730302 [WRN] Filestore [C-R5F-Ocpa1OPF] Stream state outdated, last block has additional entries, will rebuild
[1] 2026/10/01 18:05:49.730313 [WRN] Filestore [C-R5F-Ocpa1OPF] Recovering stream state from index errored: prior state file
[1] 2026/10/01 18:05:49.732256 [WRN] Filestore [C-R5F-MxT5aBYn] Stream state outdated, last block has additional entries, will rebuild
[1] 2026/10/01 18:05:49.732269 [WRN] Filestore [C-R5F-MxT5aBYn] Recovering stream state from index errored: prior state file
[1] 2026/10/01 18:05:49.734249 [WRN] Filestore [C-R5F-CykAEXzg] Stream state outdated, last block has additional entries, will rebuild
[1] 2026/10/01 18:05:49.734262 [WRN] Filestore [C-R5F-CykAEXzg] Recovering stream state from index errored: prior state file
[1] 2026/10/01 18:05:49.736172 [WRN] Filestore [C-R5F-Zr9TNJpN] Stream state outdated, last block has additional entries, will rebuild
[1] 2026/10/01 18:05:49.736181 [WRN] Filestore [C-R5F-Zr9TNJpN] Recovering stream state from index errored: prior state file
[1] 2026/10/01 18:05:49.737880 [WRN] Filestore [C-R5F-JO4V7rrg] Stream state outdated, last block has additional entries, will rebuild
[1] 2026/10/01 18:05:49.737893 [WRN] Filestore [C-R5F-JO4V7rrg] Recovering stream state from index errored: prior state file
[1] 2026/10/01 18:05:49.739927 [WRN] Filestore [C-R5F-EAQWswOP] Stream state outdated, last block has additional entries, will rebuild
[1] 2026/10/01 18:05:49.739940 [WRN] Filestore [C-R5F-EAQWswOP] Recovering stream state from index errored: prior state file
[1] 2026/10/01 18:05:49.741825 [WRN] Filestore [C-R5F-tYx5MtYH] Stream state outdated, last block has additional entries, will rebuild
[1] 2026/10/01 18:05:49.741838 [WRN] Filestore [C-R5F-tYx5MtYH] Recovering stream state from index errored: prior state file
[1] 2026/10/01 18:05:49.743639 [WRN] Filestore [C-R5F-U94Db7yS] Stream state outdated, last block has additional entries, will rebuild
[1] 2026/10/01 18:05:49.743650 [WRN] Filestore [C-R5F-U94Db7yS] Recovering stream state from index errored: prior state file
[1] 2026/10/01 18:05:49.745035 [WRN] Filestore [C-R5F-KLe3Ao6i] Stream state outdated, last block has additional entries, will rebuild
[1] 2026/10/01 18:05:49.745050 [WRN] Filestore [C-R5F-KLe3Ao6i] Recovering stream state from index errored: prior state file
[1] 2026/10/01 18:05:49.746830 [WRN] Filestore [C-R5F-16DaPzeO] Stream state outdated, last block has additional entries, will rebuild
[1] 2026/10/01 18:05:49.746845 [WRN] Filestore [C-R5F-16DaPzeO] Recovering stream state from index errored: prior state file
[1] 2026/10/01 18:05:49.748491 [WRN] Filestore [C-R5F-VNQxGdgj] Stream state outdated, last block has additional entries, will rebuild
[1] 2026/10/01 18:05:49.748504 [WRN] Filestore [C-R5F-VNQxGdgj] Recovering stream state from index errored: prior state file
[1] 2026/10/01 18:05:49.750385 [WRN] Filestore [C-R5F-q9aTFtDr] Stream state outdated, last block has additional entries, will rebuild
[1] 2026/10/01 18:05:49.750432 [WRN] Filestore [C-R5F-q9aTFtDr] Recovering stream state from index errored: prior state file
[1] 2026/10/01 18:05:49.752142 [WRN] Filestore [C-R5F-4l1APpSq] Stream state outdated, last block has additional entries, will rebuild
[1] 2026/10/01 18:05:49.752152 [WRN] Filestore [C-R5F-4l1APpSq] Recovering stream state from index errored: prior state file
[1] 2026/10/01 18:05:49.754326 [WRN] Filestore [C-R5F-LaimQDR2] Stream state outdated, last block has additional entries, will rebuild
[1] 2026/10/01 18:05:49.754335 [WRN] Filestore [C-R5F-LaimQDR2] Recovering stream state from index errored: prior state file
[1] 2026/10/01 18:05:49.756861 [WRN] Filestore [C-R5F-OM1l1mgE] Stream state outdated, last block has additional entries, will rebuild
[1] 2026/10/01 18:05:49.756870 [WRN] Filestore [C-R5F-OM1l1mgE] Recovering stream state from index errored: prior state file
[1] 2026/10/01 18:05:49.760469 [WRN] Filestore [C-R5F-5GV5evWB] Stream state outdated, last block has additional entries, will rebuild
[1] 2026/10/01 18:05:49.760480 [WRN] Filestore [C-R5F-5GV5evWB] Recovering stream state from index errored: prior state file
[1] 2026/10/01 18:05:49.762489 [WRN] Filestore [C-R5F-GI3uf4m0] Stream state outdated, last block has additional entries, will rebuild
[1] 2026/10/01 18:05:49.762502 [WRN] Filestore [C-R5F-GI3uf4m0] Recovering stream state from index errored: prior state file
[1] 2026/10/01 18:05:49.763854 [WRN] Filestore [C-R5F-wkdwmdwR] Stream state outdated, last block has additional entries, will rebuild
[1] 2026/10/01 18:05:49.763865 [WRN] Filestore [C-R5F-wkdwmdwR] Recovering stream state from index errored: prior state file
[1] 2026/10/01 18:05:49.766826 [WRN] Filestore [C-R5F-HCWdccB6] Stream state outdated, last block has additional entries, will rebuild
[1] 2026/10/01 18:05:49.766834 [WRN] Filestore [C-R5F-HCWdccB6] Recovering stream state from index errored: prior state file
[1] 2026/10/01 18:05:49.768500 [WRN] Filestore [C-R5F-tbzNvYbq] Stream state outdated, last block has additional entries, will rebuild
[1] 2026/10/01 18:05:49.768514 [WRN] Filestore [C-R5F-tbzNvYbq] Recovering stream state from index errored: prior state file
[1] 2026/10/01 18:05:49.770505 [WRN] Filestore [C-R5F-ZdoZkrgq] Stream state outdated, last block has additional entries, will rebuild
[1] 2026/10/01 18:05:49.770515 [WRN] Filestore [C-R5F-ZdoZkrgq] Recovering stream state from index errored: prior state file
[1] 2026/10/01 18:05:49.772222 [WRN] Filestore [C-R5F-0VYRn9kg] Stream state outdated, last block has additional entries, will rebuild
[1] 2026/10/01 18:05:49.772237 [WRN] Filestore [C-R5F-0VYRn9kg] Recovering stream state from index errored: prior state file
[1] 2026/10/01 18:05:49.773653 [WRN] Filestore [C-R5F-7L3aBObf] Stream state outdated, last block has additional entries, will rebuild
[1] 2026/10/01 18:05:49.773664 [WRN] Filestore [C-R5F-7L3aBObf] Recovering stream state from index errored: prior state file
[1] 2026/10/01 18:05:49.775465 [WRN] Metalayer blocking snapshot starting
[1] 2026/10/01 18:05:49.776757 [WRN] Metalayer blocking snapshot took 0.001s (streams: 10, consumers: 64, compacted: 73.80 KB)
[1] 2026/10/01 18:05:49.776797 [WRN] JetStream has not established contact with a meta leader
[1] 2026/10/01 18:05:49.889981 [INF] 172.19.0.2:40790 - rid:257 - Route connection created
[1] 2026/10/01 18:05:49.890309 [INF] 172.19.0.2:40790 - rid:257 - Router connection closed: Client Closed
[1] 2026/10/01 18:05:49.943708 [INF] 172.19.0.2:40798 - rid:258 - Route connection created
[1] 2026/10/01 18:05:49.944005 [INF] 172.19.0.2:40798 - rid:258 - Router connection closed: Client Closed
[1] 2026/10/01 18:05:49.945479 [INF] 172.19.0.2:40808 - rid:259 - Route connection created
[1] 2026/10/01 18:05:49.945723 [INF] 172.19.0.2:40808 - rid:259 - Router connection closed: Client Closed
[1] 2026/10/01 18:05:49.959408 [INF] 172.19.0.2:40820 - rid:260 - Route connection created
[1] 2026/10/01 18:05:49.959639 [INF] 172.19.0.2:40820 - rid:260 - Router connection closed: Client Closed
[1] 2026/10/01 18:05:52.718740 [INF] JetStream cluster new metadata leader: js-wf-route-5711-1790877407297718127-n0/js-wf-route-5711-1790877407297718127
[1] 2026/10/01 18:05:54.603052 [INF] JetStream cluster new consumer leader for '$G > WF_RUN > WF_P_58'
[1] 2026/10/01 18:05:54.721446 [WRN] JetStream cluster stream '$G > WF_RUN' has NO quorum, stalled
[1] 2026/10/01 18:05:54.908523 [WRN] JetStream cluster consumer '$G > WF_RUN > WF_P_19' has NO quorum, stalled.
[1] 2026/10/01 18:05:55.621540 [INF] JetStream cluster new consumer leader for '$G > WF_RUN > WF_P_47'
[1] 2026/10/01 18:05:56.496511 [WRN] JetStream cluster consumer '$G > WF_RUN > WF_P_26' has NO quorum, stalled.
[1] 2026/10/01 18:06:18.865187 [INF] 172.19.0.2:6222 - rid:181 - Router connection closed: Client Closed - Remote: js-wf-route-5711-1790877407297718127-n0
[1] 2026/10/01 18:06:18.865416 [INF] 172.19.0.2:6222 - rid:167 - Router connection closed: Client Closed - Remote: js-wf-route-5711-1790877407297718127-n0
[1] 2026/10/01 18:06:18.865438 [INF] 172.19.0.2:6222 - rid:177 - Router connection closed: Client Closed - Remote: js-wf-route-5711-1790877407297718127-n0
[1] 2026/10/01 18:06:18.865753 [INF] 172.19.0.2:6222 - rid:166 - Router connection closed: Client Closed - Remote: js-wf-route-5711-1790877407297718127-n0
[1] 2026/10/01 18:06:19.471216 [INF] 172.19.0.2:43768 - rid:261 - Route connection created
[1] 2026/10/01 18:06:19.472833 [INF] 172.19.0.2:43776 - rid:262 - Route connection created
[1] 2026/10/01 18:06:19.475280 [INF] 172.19.0.2:43786 - rid:263 - Route connection created
[1] 2026/10/01 18:06:19.477206 [INF] 172.19.0.2:43792 - rid:264 - Route connection created
[1] 2026/10/01 18:06:19.909228 [INF] 172.19.0.2:6222 - rid:265 - Route connection created
[1] 2026/10/01 18:06:19.909450 [INF] 172.19.0.2:6222 - rid:265 - Router connection closed: Duplicate Route - Remote: js-wf-route-5711-1790877407297718127-n0
[1] 2026/10/01 18:06:19.941369 [INF] 172.19.0.2:6222 - rid:266 - Route connection created
[1] 2026/10/01 18:06:19.941742 [INF] 172.19.0.2:6222 - rid:266 - Router connection closed: Duplicate Route - Remote: js-wf-route-5711-1790877407297718127-n0
[1] 2026/10/01 18:06:19.942468 [INF] 172.19.0.2:6222 - rid:267 - Router connection closed: Duplicate Route - Remote: js-wf-route-5711-1790877407297718127-n0
[1] 2026/10/01 18:06:19.942547 [INF] 172.19.0.2:6222 - rid:267 - Route connection created
[1] 2026/10/01 18:06:19.966326 [INF] 172.19.0.2:6222 - rid:268 - Route connection created
[1] 2026/10/01 18:06:19.966724 [INF] 172.19.0.2:6222 - rid:268 - Router connection closed: Duplicate Route - Remote: js-wf-route-5711-1790877407297718127-n0
[1] 2026/10/01 18:06:22.306899 [WRN] JetStream cluster stream '$G > KV_WF_ASSIGN' has NO quorum, stalled
[1] 2026/10/01 18:06:22.654646 [INF] JetStream cluster new consumer leader for '$G > WF_RUN > WF_P_31'
[1] 2026/10/01 18:06:22.664757 [INF] JetStream cluster new consumer leader for '$G > WF_RUN > WF_P_16'
[1] 2026/10/01 18:06:22.884818 [WRN] JetStream cluster consumer '$G > WF_RUN > WF_P_37' has NO quorum, stalled.
[1] 2026/10/01 18:06:22.890352 [WRN] JetStream cluster consumer '$G > WF_RUN > WF_P_26' has NO quorum, stalled.
[1] 2026/10/01 18:06:22.897751 [WRN] JetStream cluster stream '$G > WF_JRN' has NO quorum, stalled
[1] 2026/10/01 18:06:23.017348 [INF] JetStream cluster new consumer leader for '$G > WF_RUN > WF_P_35'
[1] 2026/10/01 18:06:23.053607 [WRN] JetStream cluster consumer '$G > WF_RUN > WF_P_36' has NO quorum, stalled.
[1] 2026/10/01 18:06:23.095901 [WRN] JetStream cluster consumer '$G > WF_RUN > WF_P_46' has NO quorum, stalled.
[1] 2026/10/01 18:06:23.976912 [INF] JetStream cluster new stream leader for '$G > KV_WF_VIEW'
[1] 2026/10/01 18:06:24.277681 [INF] Self is new JetStream cluster metadata leader
[1] 2026/10/01 18:06:24.945006 [WRN] JetStream cluster stream '$G > WF_RUN' has NO quorum, stalled
[1] 2026/10/01 18:06:48.865635 [INF] 172.19.0.5:50448 - rid:179 - Router connection closed: Client Closed - Remote: js-wf-route-5711-1790877407297718127-n3
[1] 2026/10/01 18:06:48.866020 [INF] 172.19.0.5:50422 - rid:168 - Router connection closed: Client Closed - Remote: js-wf-route-5711-1790877407297718127-n3
[1] 2026/10/01 18:06:48.866137 [INF] 172.19.0.5:50408 - rid:170 - Router connection closed: Client Closed - Remote: js-wf-route-5711-1790877407297718127-n3
[1] 2026/10/01 18:06:48.866148 [INF] 172.19.0.5:50436 - rid:175 - Router connection closed: Client Closed - Remote: js-wf-route-5711-1790877407297718127-n3
[1] 2026/10/01 18:06:49.509889 [INF] 172.19.0.5:6222 - rid:269 - Route connection created
[1] 2026/10/01 18:06:49.511325 [INF] 172.19.0.5:6222 - rid:270 - Route connection created
[1] 2026/10/01 18:06:49.512630 [INF] 172.19.0.5:6222 - rid:271 - Route connection created
[1] 2026/10/01 18:06:49.514954 [INF] 172.19.0.5:6222 - rid:272 - Route connection created
[1] 2026/10/01 18:06:52.520784 [WRN] JetStream cluster consumer '$G > WF_RUN > WF_P_36' has NO quorum, stalled.
[1] 2026/10/01 18:06:52.670123 [INF] JetStream cluster new stream leader for '$G > KV_WF_ASSIGN'
[1] 2026/10/01 18:06:52.766001 [WRN] JetStream cluster stream '$G > WF_JRN' has NO quorum, stalled
[1] 2026/10/01 18:06:52.938640 [WRN] JetStream cluster consumer '$G > WF_RUN > WF_P_63' has NO quorum, stalled.
[1] 2026/10/01 18:06:52.958376 [WRN] JetStream cluster consumer '$G > WF_RUN > WF_P_24' has NO quorum, stalled.
[1] 2026/10/01 18:06:53.004181 [INF] JetStream cluster new stream leader for '$G > WF_RUN'
[1] 2026/10/01 18:06:53.022672 [WRN] JetStream cluster consumer '$G > WF_RUN > WF_P_34' has NO quorum, stalled.
[1] 2026/10/01 18:06:53.736448 [INF] JetStream cluster new consumer leader for '$G > WF_RUN > WF_P_56'
[1] 2026/10/01 18:06:53.814014 [WRN] JetStream cluster consumer '$G > WF_RUN > WF_P_46' has NO quorum, stalled.
[1] 2026/10/01 18:06:54.081060 [WRN] JetStream cluster stream '$G > KV_WF_STATE' has NO quorum, stalled
[1] 2026/10/01 18:06:54.471150 [WRN] JetStream cluster consumer '$G > WF_RUN > WF_P_26' has NO quorum, stalled.
[1] 2026/10/01 18:06:56.195065 [INF] JetStream cluster new consumer leader for '$G > WF_RUN > WF_P_44'