=== RUN   TestContinuationProductionJournalLimitBoundary
    continuation_limit_test.go:95: continuation padding: durable_steps=5000/49992
    continuation_limit_test.go:95: continuation padding: durable_steps=10000/49992
    continuation_limit_test.go:95: continuation padding: durable_steps=15000/49992
    continuation_limit_test.go:95: continuation padding: durable_steps=20000/49992
    continuation_limit_test.go:95: continuation padding: durable_steps=25000/49992
    continuation_limit_test.go:95: continuation padding: durable_steps=30000/49992
    continuation_limit_test.go:95: continuation padding: durable_steps=35000/49992
    continuation_limit_test.go:95: continuation padding: durable_steps=40000/49992
    continuation_limit_test.go:95: continuation padding: durable_steps=45000/49992
    continuation_limit_test.go:95: continuation padding: durable_steps=25000/49992
    continuation_limit_test.go:95: continuation padding: durable_steps=30000/49992
    continuation_limit_test.go:95: continuation padding: durable_steps=35000/49992
    continuation_limit_test.go:95: continuation padding: durable_steps=40000/49992
    continuation_limit_test.go:95: continuation padding: durable_steps=45000/49992
    continuation_limit_test.go:95: continuation padding: durable_steps=5000/49992
    continuation_limit_test.go:95: continuation padding: durable_steps=10000/49992
    continuation_limit_test.go:95: continuation padding: durable_steps=15000/49992
    continuation_limit_test.go:95: continuation padding: durable_steps=20000/49992
    continuation_limit_test.go:95: continuation padding: durable_steps=25000/49992
    continuation_limit_test.go:95: continuation padding: durable_steps=30000/49992
    continuation_limit_test.go:95: continuation padding: durable_steps=35000/49992
    continuation_limit_test.go:95: continuation padding: durable_steps=40000/49992
    continuation_limit_test.go:95: continuation padding: durable_steps=45000/49992
    continuation_limit_test.go:95: continuation padding: durable_steps=5000/49992
    continuation_limit_test.go:95: continuation padding: durable_steps=10000/49992
    continuation_limit_test.go:95: continuation padding: durable_steps=15000/49992
    continuation_limit_test.go:95: continuation padding: durable_steps=20000/49992
    continuation_limit_test.go:95: continuation padding: durable_steps=25000/49992
    continuation_limit_test.go:95: continuation padding: durable_steps=30000/49992
    continuation_limit_test.go:95: continuation padding: durable_steps=35000/49992
    continuation_limit_test.go:95: continuation padding: durable_steps=40000/49992
    continuation_limit_test.go:95: continuation padding: durable_steps=45000/49992
    continuation_limit_test.go:48: continuation global limit: budget=100000 logical_entries=100000 anchor=99993 sdk_offset=99992 effects=0 archive_reads=0 frame_reads=1 offline_steps=99995 continuations=2 initial_before=1 middle_before=2
--- PASS: TestContinuationProductionJournalLimitBoundary (67.83s)
PASS
ok  	js-wf/worker	67.861s
