=== RUN   TestNativeGraphContinuationGlobalLimitAndTerminalSlot
=== RUN   TestNativeGraphContinuationGlobalLimitAndTerminalSlot/R1/archive=true
    graph_continuation_limit_test.go:95: GRAPH_LIMIT_DURABLE storage=file whole_handoff=delivery_context request_bounds_unchanged=true
    graph_continuation_limit_test.go:99: GRAPH_LIMIT_CONFIG owner_index=false compaction_ttl=0s default_append_ttl=true
    graph_continuation_limit_test.go:160: GRAPH_LIMIT_PADDING completed=1 requested=2 budget=20
    graph_continuation_limit_test.go:152: GRAPH_LIMIT_PORT_PROFILE from=0 to=1 wall_ns=488531264 operations={"CASBlob":{"calls":12,"errors":0,"total_ns":72797387},"CASRoot":{"calls":4,"errors":0,"total_ns":31389256},"Get":{"calls":12,"errors":0,"total_ns":142406016},"Put":{"calls":6,"errors":0,"total_ns":44279694},"ReadBlob":{"calls":18,"errors":0,"total_ns":68165713},"ReadRoot":{"calls":12,"errors":0,"total_ns":99937928}}
    graph_continuation_limit_test.go:208: CONTINUATION_PHASE operation=continuation_checkpoint_verify_batch index=7 duration=286.503489ms error=""
    graph_continuation_limit_test.go:208: CONTINUATION_PHASE operation=continuation_checkpoint_publish index=6 duration=307.5987ms error=""
    graph_continuation_limit_test.go:208: CONTINUATION_PHASE operation=continuation_archive_delivery_release index=6 duration=50.715458ms error=""
    graph_continuation_limit_test.go:208: CONTINUATION_PHASE operation=continuation_archive_confirm_batch index=6 duration=94.604508ms error=""
    graph_continuation_limit_test.go:208: CONTINUATION_PHASE operation=continuation_archive_checkpoint_save index=6 duration=5.019865ms error=""
    graph_continuation_limit_test.go:208: CONTINUATION_PHASE operation=continuation_archive_stage_batch index=6 duration=914.699854ms error=""
    graph_continuation_limit_test.go:208: CONTINUATION_PHASE operation=continuation_archive_checkpoint_save index=6 duration=1.558928ms error=""
    graph_continuation_limit_test.go:208: CONTINUATION_PHASE operation=continuation_archive_verify_batch index=6 duration=561.230694ms error=""
    graph_continuation_limit_test.go:208: CONTINUATION_PHASE operation=continuation_archive_checkpoint_delete index=6 duration=637.559µs error=""
    graph_continuation_limit_test.go:208: CONTINUATION_PHASE operation=continuation_archive index=6 duration=1.705869968s error=""
    graph_continuation_limit_test.go:208: CONTINUATION_PHASE operation=continuation_publish index=0 duration=2.390560486s error=""
    graph_continuation_limit_test.go:160: GRAPH_LIMIT_PADDING completed=2 requested=2 budget=20
    graph_continuation_limit_test.go:152: GRAPH_LIMIT_PORT_PROFILE from=1 to=2 wall_ns=488280824 operations={"CASBlob":{"calls":10,"errors":0,"total_ns":71230937},"CASRoot":{"calls":4,"errors":0,"total_ns":66022836},"Get":{"calls":9,"errors":0,"total_ns":36650023},"Put":{"calls":5,"errors":0,"total_ns":105194773},"ReadBlob":{"calls":15,"errors":0,"total_ns":61485524},"ReadRoot":{"calls":12,"errors":0,"total_ns":121700802}}
    graph_continuation_limit_test.go:208: CONTINUATION_PHASE operation=continuation_checkpoint_verify_batch index=14 duration=362.815165ms error=""
    graph_continuation_limit_test.go:208: CONTINUATION_PHASE operation=continuation_checkpoint_publish index=13 duration=513.558898ms error=""
    graph_continuation_limit_test.go:208: CONTINUATION_PHASE operation=continuation_archive_delivery_release index=13 duration=47.513535ms error=""
    graph_continuation_limit_test.go:208: CONTINUATION_PHASE operation=continuation_archive_confirm_batch index=13 duration=82.729172ms error=""
    graph_continuation_limit_test.go:208: CONTINUATION_PHASE operation=continuation_archive_checkpoint_save index=13 duration=2.299563ms error=""
    graph_continuation_limit_test.go:208: CONTINUATION_PHASE operation=continuation_archive_stage_batch index=13 duration=1.291950946s error=""
    graph_continuation_limit_test.go:208: CONTINUATION_PHASE operation=continuation_archive_checkpoint_save index=13 duration=1.68548ms error=""
    graph_continuation_limit_test.go:208: CONTINUATION_PHASE operation=continuation_archive_verify_batch index=13 duration=705.022821ms error=""
    graph_continuation_limit_test.go:208: CONTINUATION_PHASE operation=continuation_archive_checkpoint_delete index=13 duration=319.655µs error=""
    graph_continuation_limit_test.go:208: CONTINUATION_PHASE operation=continuation_archive index=13 duration=2.209183826s error=""
    graph_continuation_limit_test.go:208: CONTINUATION_PHASE operation=continuation_publish index=0 duration=3.018959448s error=""
    graph_continuation_limit_test.go:378: GRAPH_CONTINUATION_LIMIT budget=20 entries=20 archive=true checkpoints=2 effects=0 rejected_request=must_not_run terminal_slot=19 prefix_stage_calls=1/1 production_cap=false padding_operations=2
--- PASS: TestNativeGraphContinuationGlobalLimitAndTerminalSlot (16.27s)
    --- PASS: TestNativeGraphContinuationGlobalLimitAndTerminalSlot/R1/archive=true (16.27s)
PASS
ok  	js-wf/worker	17.300s
