=== RUN   TestReplayCompletionEnvelopeBeforeHandler
=== RUN   TestReplayCompletionEnvelopeBeforeHandler/hash
=== RUN   TestReplayCompletionEnvelopeBeforeHandler/selected
=== RUN   TestReplayCompletionEnvelopeBeforeHandler/unknown
=== RUN   TestReplayCompletionEnvelopeBeforeHandler/metadata_null
=== RUN   TestReplayCompletionEnvelopeBeforeHandler/missing
=== RUN   TestReplayCompletionEnvelopeBeforeHandler/result_alias
=== RUN   TestReplayCompletionEnvelopeBeforeHandler/reference
=== RUN   TestReplayCompletionEnvelopeBeforeHandler/signal
=== RUN   TestReplayCompletionEnvelopeBeforeHandler/case
=== RUN   TestReplayCompletionEnvelopeBeforeHandler/metadata_reference
=== RUN   TestReplayCompletionEnvelopeBeforeHandler/error
=== RUN   TestReplayCompletionEnvelopeBeforeHandler/cancelled
=== RUN   TestReplayCompletionEnvelopeBeforeHandler/metadata_hash
=== RUN   TestReplayCompletionEnvelopeBeforeHandler/metadata_object
=== RUN   TestReplayCompletionEnvelopeBeforeHandler/result
=== RUN   TestReplayCompletionEnvelopeBeforeHandler/error_kind
=== RUN   TestReplayCompletionEnvelopeBeforeHandler/null
=== RUN   TestReplayCompletionEnvelopeBeforeHandler/escaped_result
--- PASS: TestReplayCompletionEnvelopeBeforeHandler (0.02s)
    --- PASS: TestReplayCompletionEnvelopeBeforeHandler/hash (0.00s)
    --- PASS: TestReplayCompletionEnvelopeBeforeHandler/selected (0.00s)
    --- PASS: TestReplayCompletionEnvelopeBeforeHandler/unknown (0.00s)
    --- PASS: TestReplayCompletionEnvelopeBeforeHandler/metadata_null (0.00s)
    --- PASS: TestReplayCompletionEnvelopeBeforeHandler/missing (0.00s)
    --- PASS: TestReplayCompletionEnvelopeBeforeHandler/result_alias (0.00s)
    --- PASS: TestReplayCompletionEnvelopeBeforeHandler/reference (0.00s)
    --- PASS: TestReplayCompletionEnvelopeBeforeHandler/signal (0.00s)
    --- PASS: TestReplayCompletionEnvelopeBeforeHandler/case (0.00s)
    --- PASS: TestReplayCompletionEnvelopeBeforeHandler/metadata_reference (0.00s)
    --- PASS: TestReplayCompletionEnvelopeBeforeHandler/error (0.00s)
    --- PASS: TestReplayCompletionEnvelopeBeforeHandler/cancelled (0.00s)
    --- PASS: TestReplayCompletionEnvelopeBeforeHandler/metadata_hash (0.00s)
    --- PASS: TestReplayCompletionEnvelopeBeforeHandler/metadata_object (0.00s)
    --- PASS: TestReplayCompletionEnvelopeBeforeHandler/result (0.00s)
    --- PASS: TestReplayCompletionEnvelopeBeforeHandler/error_kind (0.00s)
    --- PASS: TestReplayCompletionEnvelopeBeforeHandler/null (0.00s)
    --- PASS: TestReplayCompletionEnvelopeBeforeHandler/escaped_result (0.00s)
=== RUN   TestCompletionEnvelopeKeepsUserResultOpaque
--- PASS: TestCompletionEnvelopeKeepsUserResultOpaque (0.00s)
PASS
ok  	js-wf/wf	1.035s
