=== RUN   TestReplayCompletionEnvelopeBeforeHandler
=== RUN   TestReplayCompletionEnvelopeBeforeHandler/result
    replay_completion_envelope_test.go:49: completion reached handler: calls=1 err=workflow step differs from recorded journal: 2 unplayed entries
=== RUN   TestReplayCompletionEnvelopeBeforeHandler/hash
    replay_completion_envelope_test.go:49: completion reached handler: calls=1 err=workflow step differs from recorded journal: 2 unplayed entries
=== RUN   TestReplayCompletionEnvelopeBeforeHandler/error_kind
    replay_completion_envelope_test.go:49: completion reached handler: calls=1 err=workflow step differs from recorded journal: 2 unplayed entries
=== RUN   TestReplayCompletionEnvelopeBeforeHandler/metadata_null
=== RUN   TestReplayCompletionEnvelopeBeforeHandler/missing
=== RUN   TestReplayCompletionEnvelopeBeforeHandler/reference
    replay_completion_envelope_test.go:49: completion reached handler: calls=1 err=workflow step differs from recorded journal: 2 unplayed entries
=== RUN   TestReplayCompletionEnvelopeBeforeHandler/error
    replay_completion_envelope_test.go:49: completion reached handler: calls=1 err=workflow step differs from recorded journal: 2 unplayed entries
=== RUN   TestReplayCompletionEnvelopeBeforeHandler/cancelled
    replay_completion_envelope_test.go:49: completion reached handler: calls=1 err=workflow step differs from recorded journal: 2 unplayed entries
=== RUN   TestReplayCompletionEnvelopeBeforeHandler/metadata_object
=== RUN   TestReplayCompletionEnvelopeBeforeHandler/result_alias
    replay_completion_envelope_test.go:49: completion reached handler: calls=1 err=workflow step differs from recorded journal: 2 unplayed entries
=== RUN   TestReplayCompletionEnvelopeBeforeHandler/escaped_result
    replay_completion_envelope_test.go:49: completion reached handler: calls=1 err=workflow step differs from recorded journal: 2 unplayed entries
=== RUN   TestReplayCompletionEnvelopeBeforeHandler/metadata_reference
=== RUN   TestReplayCompletionEnvelopeBeforeHandler/metadata_hash
=== RUN   TestReplayCompletionEnvelopeBeforeHandler/null
=== RUN   TestReplayCompletionEnvelopeBeforeHandler/signal
    replay_completion_envelope_test.go:49: completion reached handler: calls=1 err=workflow step differs from recorded journal: 2 unplayed entries
=== RUN   TestReplayCompletionEnvelopeBeforeHandler/selected
    replay_completion_envelope_test.go:49: completion reached handler: calls=1 err=workflow step differs from recorded journal: 2 unplayed entries
=== RUN   TestReplayCompletionEnvelopeBeforeHandler/case
    replay_completion_envelope_test.go:49: completion reached handler: calls=1 err=workflow step differs from recorded journal: 2 unplayed entries
=== RUN   TestReplayCompletionEnvelopeBeforeHandler/unknown
    replay_completion_envelope_test.go:49: completion reached handler: calls=1 err=workflow step differs from recorded journal: 2 unplayed entries
--- FAIL: TestReplayCompletionEnvelopeBeforeHandler (0.00s)
    --- FAIL: TestReplayCompletionEnvelopeBeforeHandler/result (0.00s)
    --- FAIL: TestReplayCompletionEnvelopeBeforeHandler/hash (0.00s)
    --- FAIL: TestReplayCompletionEnvelopeBeforeHandler/error_kind (0.00s)
    --- PASS: TestReplayCompletionEnvelopeBeforeHandler/metadata_null (0.00s)
    --- PASS: TestReplayCompletionEnvelopeBeforeHandler/missing (0.00s)
    --- FAIL: TestReplayCompletionEnvelopeBeforeHandler/reference (0.00s)
    --- FAIL: TestReplayCompletionEnvelopeBeforeHandler/error (0.00s)
    --- FAIL: TestReplayCompletionEnvelopeBeforeHandler/cancelled (0.00s)
    --- PASS: TestReplayCompletionEnvelopeBeforeHandler/metadata_object (0.00s)
    --- FAIL: TestReplayCompletionEnvelopeBeforeHandler/result_alias (0.00s)
    --- FAIL: TestReplayCompletionEnvelopeBeforeHandler/escaped_result (0.00s)
    --- PASS: TestReplayCompletionEnvelopeBeforeHandler/metadata_reference (0.00s)
    --- PASS: TestReplayCompletionEnvelopeBeforeHandler/metadata_hash (0.00s)
    --- PASS: TestReplayCompletionEnvelopeBeforeHandler/null (0.00s)
    --- FAIL: TestReplayCompletionEnvelopeBeforeHandler/signal (0.00s)
    --- FAIL: TestReplayCompletionEnvelopeBeforeHandler/selected (0.00s)
    --- FAIL: TestReplayCompletionEnvelopeBeforeHandler/case (0.00s)
    --- FAIL: TestReplayCompletionEnvelopeBeforeHandler/unknown (0.00s)
FAIL
FAIL	js-wf/wf	0.051s
=== RUN   TestReplayCompletionEnvelopeBeforePlugin
=== RUN   TestReplayCompletionEnvelopeBeforePlugin/result
    replay_completion_envelope_test.go:37: legacy completion envelope reached plugin: open replay handler: plugin.Open("/does-not-exist.so"): realpath failed
=== RUN   TestReplayCompletionEnvelopeBeforePlugin/reference
    replay_completion_envelope_test.go:37: legacy completion envelope reached plugin: open replay handler: plugin.Open("/does-not-exist.so"): realpath failed
=== RUN   TestReplayCompletionEnvelopeBeforePlugin/hash
    replay_completion_envelope_test.go:37: legacy completion envelope reached plugin: open replay handler: plugin.Open("/does-not-exist.so"): realpath failed
=== RUN   TestReplayCompletionEnvelopeBeforePlugin/error
    replay_completion_envelope_test.go:37: legacy completion envelope reached plugin: open replay handler: plugin.Open("/does-not-exist.so"): realpath failed
=== RUN   TestReplayCompletionEnvelopeBeforePlugin/signal
    replay_completion_envelope_test.go:37: legacy completion envelope reached plugin: open replay handler: plugin.Open("/does-not-exist.so"): realpath failed
=== RUN   TestReplayCompletionEnvelopeBeforePlugin/selected
    replay_completion_envelope_test.go:37: legacy completion envelope reached plugin: open replay handler: plugin.Open("/does-not-exist.so"): realpath failed
=== RUN   TestReplayCompletionEnvelopeBeforePlugin/case
    replay_completion_envelope_test.go:37: legacy completion envelope reached plugin: open replay handler: plugin.Open("/does-not-exist.so"): realpath failed
=== RUN   TestReplayCompletionEnvelopeBeforePlugin/cancelled
    replay_completion_envelope_test.go:37: legacy completion envelope reached plugin: open replay handler: plugin.Open("/does-not-exist.so"): realpath failed
=== RUN   TestReplayCompletionEnvelopeBeforePlugin/unknown
    replay_completion_envelope_test.go:37: legacy completion envelope reached plugin: open replay handler: plugin.Open("/does-not-exist.so"): realpath failed
--- FAIL: TestReplayCompletionEnvelopeBeforePlugin (0.00s)
    --- FAIL: TestReplayCompletionEnvelopeBeforePlugin/result (0.00s)
    --- FAIL: TestReplayCompletionEnvelopeBeforePlugin/reference (0.00s)
    --- FAIL: TestReplayCompletionEnvelopeBeforePlugin/hash (0.00s)
    --- FAIL: TestReplayCompletionEnvelopeBeforePlugin/error (0.00s)
    --- FAIL: TestReplayCompletionEnvelopeBeforePlugin/signal (0.00s)
    --- FAIL: TestReplayCompletionEnvelopeBeforePlugin/selected (0.00s)
    --- FAIL: TestReplayCompletionEnvelopeBeforePlugin/case (0.00s)
    --- FAIL: TestReplayCompletionEnvelopeBeforePlugin/cancelled (0.00s)
    --- FAIL: TestReplayCompletionEnvelopeBeforePlugin/unknown (0.00s)
FAIL
FAIL	js-wf/cmd/wf	0.014s
FAIL
