=== RUN   TestMatrixPendingClockTimerAdmissionRejectsStaleAndUnprovenWaits
=== RUN   TestMatrixPendingClockTimerAdmissionRejectsStaleAndUnprovenWaits/-1m0s/valid
=== RUN   TestMatrixPendingClockTimerAdmissionRejectsStaleAndUnprovenWaits/-1m0s/short_for_docker
=== RUN   TestMatrixPendingClockTimerAdmissionRejectsStaleAndUnprovenWaits/-1m0s/long_for_docker
=== RUN   TestMatrixPendingClockTimerAdmissionRejectsStaleAndUnprovenWaits/-1m0s/late
=== RUN   TestMatrixPendingClockTimerAdmissionRejectsStaleAndUnprovenWaits/-1m0s/completed
=== RUN   TestMatrixPendingClockTimerAdmissionRejectsStaleAndUnprovenWaits/-1m0s/wrong_wait
=== RUN   TestMatrixPendingClockTimerAdmissionRejectsStaleAndUnprovenWaits/-1m0s/wrong_owner
=== RUN   TestMatrixPendingClockTimerAdmissionRejectsStaleAndUnprovenWaits/-1m0s/unknown_clock
=== RUN   TestMatrixPendingClockTimerAdmissionRejectsStaleAndUnprovenWaits/-1m0s/unshifted_clock
=== RUN   TestMatrixPendingClockTimerAdmissionRejectsStaleAndUnprovenWaits/-1m0s/ambiguous
=== RUN   TestMatrixPendingClockTimerAdmissionRejectsStaleAndUnprovenWaits/-1m0s/receipt_not_observed
=== RUN   TestMatrixPendingClockTimerAdmissionRejectsStaleAndUnprovenWaits/1m0s/valid
=== RUN   TestMatrixPendingClockTimerAdmissionRejectsStaleAndUnprovenWaits/1m0s/short_for_docker
=== RUN   TestMatrixPendingClockTimerAdmissionRejectsStaleAndUnprovenWaits/1m0s/long_for_docker
=== RUN   TestMatrixPendingClockTimerAdmissionRejectsStaleAndUnprovenWaits/1m0s/late
=== RUN   TestMatrixPendingClockTimerAdmissionRejectsStaleAndUnprovenWaits/1m0s/completed
=== RUN   TestMatrixPendingClockTimerAdmissionRejectsStaleAndUnprovenWaits/1m0s/wrong_wait
=== RUN   TestMatrixPendingClockTimerAdmissionRejectsStaleAndUnprovenWaits/1m0s/wrong_owner
=== RUN   TestMatrixPendingClockTimerAdmissionRejectsStaleAndUnprovenWaits/1m0s/unknown_clock
=== RUN   TestMatrixPendingClockTimerAdmissionRejectsStaleAndUnprovenWaits/1m0s/unshifted_clock
=== RUN   TestMatrixPendingClockTimerAdmissionRejectsStaleAndUnprovenWaits/1m0s/ambiguous
=== RUN   TestMatrixPendingClockTimerAdmissionRejectsStaleAndUnprovenWaits/1m0s/receipt_not_observed
--- PASS: TestMatrixPendingClockTimerAdmissionRejectsStaleAndUnprovenWaits (0.00s)
    --- PASS: TestMatrixPendingClockTimerAdmissionRejectsStaleAndUnprovenWaits/-1m0s/valid (0.00s)
    --- PASS: TestMatrixPendingClockTimerAdmissionRejectsStaleAndUnprovenWaits/-1m0s/short_for_docker (0.00s)
    --- PASS: TestMatrixPendingClockTimerAdmissionRejectsStaleAndUnprovenWaits/-1m0s/long_for_docker (0.00s)
    --- PASS: TestMatrixPendingClockTimerAdmissionRejectsStaleAndUnprovenWaits/-1m0s/late (0.00s)
    --- PASS: TestMatrixPendingClockTimerAdmissionRejectsStaleAndUnprovenWaits/-1m0s/completed (0.00s)
    --- PASS: TestMatrixPendingClockTimerAdmissionRejectsStaleAndUnprovenWaits/-1m0s/wrong_wait (0.00s)
    --- PASS: TestMatrixPendingClockTimerAdmissionRejectsStaleAndUnprovenWaits/-1m0s/wrong_owner (0.00s)
    --- PASS: TestMatrixPendingClockTimerAdmissionRejectsStaleAndUnprovenWaits/-1m0s/unknown_clock (0.00s)
    --- PASS: TestMatrixPendingClockTimerAdmissionRejectsStaleAndUnprovenWaits/-1m0s/unshifted_clock (0.00s)
    --- PASS: TestMatrixPendingClockTimerAdmissionRejectsStaleAndUnprovenWaits/-1m0s/ambiguous (0.00s)
    --- PASS: TestMatrixPendingClockTimerAdmissionRejectsStaleAndUnprovenWaits/-1m0s/receipt_not_observed (0.00s)
    --- PASS: TestMatrixPendingClockTimerAdmissionRejectsStaleAndUnprovenWaits/1m0s/valid (0.00s)
    --- PASS: TestMatrixPendingClockTimerAdmissionRejectsStaleAndUnprovenWaits/1m0s/short_for_docker (0.00s)
    --- PASS: TestMatrixPendingClockTimerAdmissionRejectsStaleAndUnprovenWaits/1m0s/long_for_docker (0.00s)
    --- PASS: TestMatrixPendingClockTimerAdmissionRejectsStaleAndUnprovenWaits/1m0s/late (0.00s)
    --- PASS: TestMatrixPendingClockTimerAdmissionRejectsStaleAndUnprovenWaits/1m0s/completed (0.00s)
    --- PASS: TestMatrixPendingClockTimerAdmissionRejectsStaleAndUnprovenWaits/1m0s/wrong_wait (0.00s)
    --- PASS: TestMatrixPendingClockTimerAdmissionRejectsStaleAndUnprovenWaits/1m0s/wrong_owner (0.00s)
    --- PASS: TestMatrixPendingClockTimerAdmissionRejectsStaleAndUnprovenWaits/1m0s/unknown_clock (0.00s)
    --- PASS: TestMatrixPendingClockTimerAdmissionRejectsStaleAndUnprovenWaits/1m0s/unshifted_clock (0.00s)
    --- PASS: TestMatrixPendingClockTimerAdmissionRejectsStaleAndUnprovenWaits/1m0s/ambiguous (0.00s)
    --- PASS: TestMatrixPendingClockTimerAdmissionRejectsStaleAndUnprovenWaits/1m0s/receipt_not_observed (0.00s)
=== RUN   TestMatrixClockTimerRefreshRejectsAdvancedOrLateTail
=== RUN   TestMatrixClockTimerRefreshRejectsAdvancedOrLateTail/valid
=== RUN   TestMatrixClockTimerRefreshRejectsAdvancedOrLateTail/advanced_sequence
=== RUN   TestMatrixClockTimerRefreshRejectsAdvancedOrLateTail/changed_entry
=== RUN   TestMatrixClockTimerRefreshRejectsAdvancedOrLateTail/late
=== RUN   TestMatrixClockTimerRefreshRejectsAdvancedOrLateTail/corrupt
=== RUN   TestMatrixClockTimerRefreshRejectsAdvancedOrLateTail/transport_error
--- PASS: TestMatrixClockTimerRefreshRejectsAdvancedOrLateTail (0.00s)
    --- PASS: TestMatrixClockTimerRefreshRejectsAdvancedOrLateTail/valid (0.00s)
    --- PASS: TestMatrixClockTimerRefreshRejectsAdvancedOrLateTail/advanced_sequence (0.00s)
    --- PASS: TestMatrixClockTimerRefreshRejectsAdvancedOrLateTail/changed_entry (0.00s)
    --- PASS: TestMatrixClockTimerRefreshRejectsAdvancedOrLateTail/late (0.00s)
    --- PASS: TestMatrixClockTimerRefreshRejectsAdvancedOrLateTail/corrupt (0.00s)
    --- PASS: TestMatrixClockTimerRefreshRejectsAdvancedOrLateTail/transport_error (0.00s)
=== RUN   TestMatrixCanonicalTimerAdmissionRequiresShiftedAcknowledgedHint
=== RUN   TestMatrixCanonicalTimerAdmissionRequiresShiftedAcknowledgedHint/-1m0s/valid
=== RUN   TestMatrixCanonicalTimerAdmissionRequiresShiftedAcknowledgedHint/-1m0s/missing_hint
=== RUN   TestMatrixCanonicalTimerAdmissionRequiresShiftedAcknowledgedHint/-1m0s/wrong_domain
=== RUN   TestMatrixCanonicalTimerAdmissionRequiresShiftedAcknowledgedHint/-1m0s/wrong_bounds
=== RUN   TestMatrixCanonicalTimerAdmissionRequiresShiftedAcknowledgedHint/-1m0s/wrong_deadline
=== RUN   TestMatrixCanonicalTimerAdmissionRequiresShiftedAcknowledgedHint/-1m0s/unshifted_hint
=== RUN   TestMatrixCanonicalTimerAdmissionRequiresShiftedAcknowledgedHint/-1m0s/wrong_translation
=== RUN   TestMatrixCanonicalTimerAdmissionRequiresShiftedAcknowledgedHint/-1m0s/duplicate_ack
=== RUN   TestMatrixCanonicalTimerAdmissionRequiresShiftedAcknowledgedHint/-1m0s/unknown_ack
=== RUN   TestMatrixCanonicalTimerAdmissionRequiresShiftedAcknowledgedHint/-1m0s/ambiguous_hint
=== RUN   TestMatrixCanonicalTimerAdmissionRequiresShiftedAcknowledgedHint/-1m0s/ambiguous_origin
=== RUN   TestMatrixCanonicalTimerAdmissionRequiresShiftedAcknowledgedHint/-1m0s/late_hint
=== RUN   TestMatrixCanonicalTimerAdmissionRequiresShiftedAcknowledgedHint/-1m0s/wrong_owner
=== RUN   TestMatrixCanonicalTimerAdmissionRequiresShiftedAcknowledgedHint/1m0s/valid
=== RUN   TestMatrixCanonicalTimerAdmissionRequiresShiftedAcknowledgedHint/1m0s/missing_hint
=== RUN   TestMatrixCanonicalTimerAdmissionRequiresShiftedAcknowledgedHint/1m0s/wrong_domain
=== RUN   TestMatrixCanonicalTimerAdmissionRequiresShiftedAcknowledgedHint/1m0s/wrong_bounds
=== RUN   TestMatrixCanonicalTimerAdmissionRequiresShiftedAcknowledgedHint/1m0s/wrong_deadline
=== RUN   TestMatrixCanonicalTimerAdmissionRequiresShiftedAcknowledgedHint/1m0s/unshifted_hint
=== RUN   TestMatrixCanonicalTimerAdmissionRequiresShiftedAcknowledgedHint/1m0s/wrong_translation
=== RUN   TestMatrixCanonicalTimerAdmissionRequiresShiftedAcknowledgedHint/1m0s/duplicate_ack
=== RUN   TestMatrixCanonicalTimerAdmissionRequiresShiftedAcknowledgedHint/1m0s/unknown_ack
=== RUN   TestMatrixCanonicalTimerAdmissionRequiresShiftedAcknowledgedHint/1m0s/ambiguous_hint
=== RUN   TestMatrixCanonicalTimerAdmissionRequiresShiftedAcknowledgedHint/1m0s/ambiguous_origin
=== RUN   TestMatrixCanonicalTimerAdmissionRequiresShiftedAcknowledgedHint/1m0s/late_hint
=== RUN   TestMatrixCanonicalTimerAdmissionRequiresShiftedAcknowledgedHint/1m0s/wrong_owner
--- PASS: TestMatrixCanonicalTimerAdmissionRequiresShiftedAcknowledgedHint (0.01s)
    --- PASS: TestMatrixCanonicalTimerAdmissionRequiresShiftedAcknowledgedHint/-1m0s/valid (0.00s)
    --- PASS: TestMatrixCanonicalTimerAdmissionRequiresShiftedAcknowledgedHint/-1m0s/missing_hint (0.00s)
    --- PASS: TestMatrixCanonicalTimerAdmissionRequiresShiftedAcknowledgedHint/-1m0s/wrong_domain (0.00s)
    --- PASS: TestMatrixCanonicalTimerAdmissionRequiresShiftedAcknowledgedHint/-1m0s/wrong_bounds (0.00s)
    --- PASS: TestMatrixCanonicalTimerAdmissionRequiresShiftedAcknowledgedHint/-1m0s/wrong_deadline (0.00s)
    --- PASS: TestMatrixCanonicalTimerAdmissionRequiresShiftedAcknowledgedHint/-1m0s/unshifted_hint (0.00s)
    --- PASS: TestMatrixCanonicalTimerAdmissionRequiresShiftedAcknowledgedHint/-1m0s/wrong_translation (0.00s)
    --- PASS: TestMatrixCanonicalTimerAdmissionRequiresShiftedAcknowledgedHint/-1m0s/duplicate_ack (0.00s)
    --- PASS: TestMatrixCanonicalTimerAdmissionRequiresShiftedAcknowledgedHint/-1m0s/unknown_ack (0.00s)
    --- PASS: TestMatrixCanonicalTimerAdmissionRequiresShiftedAcknowledgedHint/-1m0s/ambiguous_hint (0.00s)
    --- PASS: TestMatrixCanonicalTimerAdmissionRequiresShiftedAcknowledgedHint/-1m0s/ambiguous_origin (0.00s)
    --- PASS: TestMatrixCanonicalTimerAdmissionRequiresShiftedAcknowledgedHint/-1m0s/late_hint (0.00s)
    --- PASS: TestMatrixCanonicalTimerAdmissionRequiresShiftedAcknowledgedHint/-1m0s/wrong_owner (0.00s)
    --- PASS: TestMatrixCanonicalTimerAdmissionRequiresShiftedAcknowledgedHint/1m0s/valid (0.00s)
    --- PASS: TestMatrixCanonicalTimerAdmissionRequiresShiftedAcknowledgedHint/1m0s/missing_hint (0.00s)
    --- PASS: TestMatrixCanonicalTimerAdmissionRequiresShiftedAcknowledgedHint/1m0s/wrong_domain (0.00s)
    --- PASS: TestMatrixCanonicalTimerAdmissionRequiresShiftedAcknowledgedHint/1m0s/wrong_bounds (0.00s)
    --- PASS: TestMatrixCanonicalTimerAdmissionRequiresShiftedAcknowledgedHint/1m0s/wrong_deadline (0.00s)
    --- PASS: TestMatrixCanonicalTimerAdmissionRequiresShiftedAcknowledgedHint/1m0s/unshifted_hint (0.00s)
    --- PASS: TestMatrixCanonicalTimerAdmissionRequiresShiftedAcknowledgedHint/1m0s/wrong_translation (0.00s)
    --- PASS: TestMatrixCanonicalTimerAdmissionRequiresShiftedAcknowledgedHint/1m0s/duplicate_ack (0.00s)
    --- PASS: TestMatrixCanonicalTimerAdmissionRequiresShiftedAcknowledgedHint/1m0s/unknown_ack (0.00s)
    --- PASS: TestMatrixCanonicalTimerAdmissionRequiresShiftedAcknowledgedHint/1m0s/ambiguous_hint (0.00s)
    --- PASS: TestMatrixCanonicalTimerAdmissionRequiresShiftedAcknowledgedHint/1m0s/ambiguous_origin (0.00s)
    --- PASS: TestMatrixCanonicalTimerAdmissionRequiresShiftedAcknowledgedHint/1m0s/late_hint (0.00s)
    --- PASS: TestMatrixCanonicalTimerAdmissionRequiresShiftedAcknowledgedHint/1m0s/wrong_owner (0.00s)
=== RUN   TestMatrixClockAdmissionAfterHealthyFirstHint
--- PASS: TestMatrixClockAdmissionAfterHealthyFirstHint (0.35s)
PASS
ok  	js-wf/integration	1.380s
