=== RUN   TestNativeGraphContinuationTimerHistory
=== RUN   TestNativeGraphContinuationTimerHistory/R1/archive=false
    graph_continuation_sdk_test.go:225: SDK_DIAGNOSTIC_STORE test=TestNativeGraphContinuationTimerHistory/R1/archive=false root=/home/exedev/js-wf-selection-priority-native-audit-20261011/native-2936215919
    graph_continuation_sdk_test.go:590: SDK_PHASE name=execute_begin_next elapsed=66.605508ms remaining=29.933394352s sdk_requests=167
    graph_sdk_lease_trace_test.go:22: SDK_LEASE_CREATE key=test.sdkcontinue revision=1 value={"worker":"sdkcontinue","epoch":0} elapsed=228.858µs error=%!q(<nil>)
    graph_sdk_lease_trace_test.go:32: SDK_LEASE_UPDATE key=test.sdkcontinue expected=1 revision=2 value={"worker":"sdkcontinue","epoch":1} elapsed=175.146µs error=%!q(<nil>)
    graph_sdk_lease_trace_test.go:32: SDK_LEASE_UPDATE key=test.sdkcontinue expected=2 revision=3 value={"worker":"sdkcontinue","epoch":1} elapsed=65.149µs error=%!q(<nil>)
    graph_sdk_lease_trace_test.go:32: SDK_LEASE_UPDATE key=test.sdkcontinue expected=3 revision=4 value={"worker":"sdkcontinue","epoch":1} elapsed=257.642µs error=%!q(<nil>)
    graph_sdk_lease_trace_test.go:32: SDK_LEASE_UPDATE key=test.sdkcontinue expected=4 revision=5 value={"worker":"sdkcontinue","epoch":1} elapsed=85.149µs error=%!q(<nil>)
    graph_sdk_lease_trace_test.go:32: SDK_LEASE_UPDATE key=test.sdkcontinue expected=5 revision=6 value={"worker":"sdkcontinue","epoch":1} elapsed=144.349µs error=%!q(<nil>)
    graph_sdk_lease_trace_test.go:32: SDK_LEASE_UPDATE key=test.sdkcontinue expected=6 revision=7 value={"worker":"sdkcontinue","epoch":1} elapsed=66.882µs error=%!q(<nil>)
    graph_sdk_lease_trace_test.go:32: SDK_LEASE_UPDATE key=test.sdkcontinue expected=7 revision=8 value={"worker":"sdkcontinue","epoch":1} elapsed=83.427µs error=%!q(<nil>)
    graph_sdk_lease_trace_test.go:32: SDK_LEASE_UPDATE key=test.sdkcontinue expected=8 revision=9 value={"worker":"sdkcontinue","epoch":1} elapsed=66.091µs error=%!q(<nil>)
    graph_sdk_lease_trace_test.go:32: SDK_LEASE_UPDATE key=test.sdkcontinue expected=9 revision=10 value={"worker":"sdkcontinue","epoch":1} elapsed=58.699µs error=%!q(<nil>)
    graph_sdk_lease_trace_test.go:32: SDK_LEASE_UPDATE key=test.sdkcontinue expected=10 revision=11 value={"worker":"sdkcontinue","epoch":1} elapsed=57.657µs error=%!q(<nil>)
    graph_sdk_lease_trace_test.go:32: SDK_LEASE_UPDATE key=test.sdkcontinue expected=11 revision=12 value={"worker":"sdkcontinue","epoch":1} elapsed=75.645µs error=%!q(<nil>)
    graph_sdk_lease_trace_test.go:32: SDK_LEASE_UPDATE key=test.sdkcontinue expected=12 revision=13 value={"worker":"sdkcontinue","epoch":1} elapsed=53.562µs error=%!q(<nil>)
    graph_sdk_lease_trace_test.go:32: SDK_LEASE_UPDATE key=test.sdkcontinue expected=13 revision=14 value={"worker":"sdkcontinue","epoch":1} elapsed=52.249µs error=%!q(<nil>)
    graph_sdk_lease_trace_test.go:32: SDK_LEASE_UPDATE key=test.sdkcontinue expected=14 revision=15 value={"worker":"sdkcontinue","epoch":1} elapsed=72.36µs error=%!q(<nil>)
    graph_sdk_lease_trace_test.go:32: SDK_LEASE_UPDATE key=test.sdkcontinue expected=15 revision=16 value={"worker":"sdkcontinue","epoch":1} elapsed=46.821µs error=%!q(<nil>)
    graph_sdk_lease_trace_test.go:32: SDK_LEASE_UPDATE key=test.sdkcontinue expected=16 revision=17 value={"worker":"sdkcontinue","epoch":1} elapsed=48.143µs error=%!q(<nil>)
    graph_sdk_lease_trace_test.go:32: SDK_LEASE_UPDATE key=test.sdkcontinue expected=17 revision=18 value={"worker":"sdkcontinue","epoch":1} elapsed=68.043µs error=%!q(<nil>)
    graph_sdk_lease_trace_test.go:32: SDK_LEASE_UPDATE key=test.sdkcontinue expected=18 revision=19 value={"worker":"sdkcontinue","epoch":1} elapsed=208.036µs error=%!q(<nil>)
    graph_sdk_lease_trace_test.go:32: SDK_LEASE_UPDATE key=test.sdkcontinue expected=19 revision=20 value={"worker":"sdkcontinue","epoch":1} elapsed=57.257µs error=%!q(<nil>)
    graph_sdk_lease_trace_test.go:32: SDK_LEASE_UPDATE key=test.sdkcontinue expected=20 revision=21 value={"worker":"sdkcontinue","epoch":1} elapsed=116.838µs error=%!q(<nil>)
    graph_sdk_lease_trace_test.go:32: SDK_LEASE_UPDATE key=test.sdkcontinue expected=21 revision=22 value={"worker":"sdkcontinue","epoch":1} elapsed=102.046µs error=%!q(<nil>)
    graph_sdk_lease_trace_test.go:32: SDK_LEASE_UPDATE key=test.sdkcontinue expected=22 revision=23 value={"worker":"sdkcontinue","epoch":1} elapsed=107.594µs error=%!q(<nil>)
    graph_continuation_sdk_test.go:592: SDK_PHASE name=execute_end_next elapsed=472.137127ms remaining=29.527862803s sdk_requests=2142
    graph_continuation_sdk_test.go:622: SDK_TIMER_HISTORY stage=next cancelled=[4] archive=false
    graph_continuation_sdk_test.go:783: SDK_PHASE name=boundary_scan_end_next elapsed=495.537282ms remaining=29.504462648s sdk_requests=2271
    graph_continuation_sdk_test.go:590: SDK_PHASE name=execute_begin_finish elapsed=495.56203ms remaining=29.50443792s sdk_requests=2271
    graph_sdk_lease_trace_test.go:22: SDK_LEASE_CREATE key=test.sdkcontinue revision=25 value={"worker":"sdkcontinue","epoch":0} elapsed=167.976µs error=%!q(<nil>)
    graph_sdk_lease_trace_test.go:32: SDK_LEASE_UPDATE key=test.sdkcontinue expected=25 revision=26 value={"worker":"sdkcontinue","epoch":25} elapsed=26.931µs error=%!q(<nil>)
    graph_sdk_lease_trace_test.go:32: SDK_LEASE_UPDATE key=test.sdkcontinue expected=26 revision=27 value={"worker":"sdkcontinue","epoch":25} elapsed=234.006µs error=%!q(<nil>)
    graph_sdk_lease_trace_test.go:32: SDK_LEASE_UPDATE key=test.sdkcontinue expected=27 revision=28 value={"worker":"sdkcontinue","epoch":25} elapsed=97.899µs error=%!q(<nil>)
    graph_sdk_lease_trace_test.go:32: SDK_LEASE_UPDATE key=test.sdkcontinue expected=28 revision=29 value={"worker":"sdkcontinue","epoch":25} elapsed=36.405µs error=%!q(<nil>)
    graph_sdk_lease_trace_test.go:32: SDK_LEASE_UPDATE key=test.sdkcontinue expected=29 revision=30 value={"worker":"sdkcontinue","epoch":25} elapsed=50.797µs error=%!q(<nil>)
    graph_sdk_lease_trace_test.go:32: SDK_LEASE_UPDATE key=test.sdkcontinue expected=30 revision=31 value={"worker":"sdkcontinue","epoch":25} elapsed=104.498µs error=%!q(<nil>)
    graph_sdk_lease_trace_test.go:32: SDK_LEASE_UPDATE key=test.sdkcontinue expected=31 revision=32 value={"worker":"sdkcontinue","epoch":25} elapsed=83.066µs error=%!q(<nil>)
    graph_sdk_lease_trace_test.go:32: SDK_LEASE_UPDATE key=test.sdkcontinue expected=32 revision=33 value={"worker":"sdkcontinue","epoch":25} elapsed=50.907µs error=%!q(<nil>)
    graph_sdk_lease_trace_test.go:32: SDK_LEASE_UPDATE key=test.sdkcontinue expected=33 revision=34 value={"worker":"sdkcontinue","epoch":25} elapsed=110.248µs error=%!q(<nil>)
    graph_sdk_lease_trace_test.go:32: SDK_LEASE_UPDATE key=test.sdkcontinue expected=34 revision=35 value={"worker":"sdkcontinue","epoch":25} elapsed=93.031µs error=%!q(<nil>)
    graph_sdk_lease_trace_test.go:32: SDK_LEASE_UPDATE key=test.sdkcontinue expected=35 revision=36 value={"worker":"sdkcontinue","epoch":25} elapsed=47.923µs error=%!q(<nil>)
    graph_sdk_lease_trace_test.go:32: SDK_LEASE_UPDATE key=test.sdkcontinue expected=36 revision=37 value={"worker":"sdkcontinue","epoch":25} elapsed=65.61µs error=%!q(<nil>)
    graph_sdk_lease_trace_test.go:32: SDK_LEASE_UPDATE key=test.sdkcontinue expected=37 revision=38 value={"worker":"sdkcontinue","epoch":25} elapsed=78.359µs error=%!q(<nil>)
    graph_sdk_lease_trace_test.go:32: SDK_LEASE_UPDATE key=test.sdkcontinue expected=38 revision=39 value={"worker":"sdkcontinue","epoch":25} elapsed=139.281µs error=%!q(<nil>)
    graph_sdk_lease_trace_test.go:32: SDK_LEASE_UPDATE key=test.sdkcontinue expected=39 revision=40 value={"worker":"sdkcontinue","epoch":25} elapsed=72.781µs error=%!q(<nil>)
    graph_sdk_lease_trace_test.go:32: SDK_LEASE_UPDATE key=test.sdkcontinue expected=40 revision=41 value={"worker":"sdkcontinue","epoch":25} elapsed=77.648µs error=%!q(<nil>)
    graph_sdk_lease_trace_test.go:32: SDK_LEASE_UPDATE key=test.sdkcontinue expected=41 revision=42 value={"worker":"sdkcontinue","epoch":25} elapsed=57.117µs error=%!q(<nil>)
    graph_sdk_lease_trace_test.go:32: SDK_LEASE_UPDATE key=test.sdkcontinue expected=42 revision=43 value={"worker":"sdkcontinue","epoch":25} elapsed=122.477µs error=%!q(<nil>)
    graph_sdk_lease_trace_test.go:32: SDK_LEASE_UPDATE key=test.sdkcontinue expected=43 revision=44 value={"worker":"sdkcontinue","epoch":25} elapsed=218.041µs error=%!q(<nil>)
    graph_sdk_lease_trace_test.go:32: SDK_LEASE_UPDATE key=test.sdkcontinue expected=44 revision=45 value={"worker":"sdkcontinue","epoch":25} elapsed=71.839µs error=%!q(<nil>)
    graph_sdk_lease_trace_test.go:32: SDK_LEASE_UPDATE key=test.sdkcontinue expected=45 revision=46 value={"worker":"sdkcontinue","epoch":25} elapsed=53.682µs error=%!q(<nil>)
    graph_sdk_lease_trace_test.go:32: SDK_LEASE_UPDATE key=test.sdkcontinue expected=46 revision=47 value={"worker":"sdkcontinue","epoch":25} elapsed=60.572µs error=%!q(<nil>)
    graph_sdk_lease_trace_test.go:32: SDK_LEASE_UPDATE key=test.sdkcontinue expected=47 revision=48 value={"worker":"sdkcontinue","epoch":25} elapsed=57.427µs error=%!q(<nil>)
    graph_sdk_lease_trace_test.go:32: SDK_LEASE_UPDATE key=test.sdkcontinue expected=48 revision=49 value={"worker":"sdkcontinue","epoch":25} elapsed=75.014µs error=%!q(<nil>)
    graph_sdk_lease_trace_test.go:32: SDK_LEASE_UPDATE key=test.sdkcontinue expected=49 revision=50 value={"worker":"sdkcontinue","epoch":25} elapsed=80.773µs error=%!q(<nil>)
    graph_sdk_lease_trace_test.go:32: SDK_LEASE_UPDATE key=test.sdkcontinue expected=50 revision=51 value={"worker":"sdkcontinue","epoch":25} elapsed=82.345µs error=%!q(<nil>)
    graph_sdk_lease_trace_test.go:32: SDK_LEASE_UPDATE key=test.sdkcontinue expected=51 revision=52 value={"worker":"sdkcontinue","epoch":25} elapsed=73.161µs error=%!q(<nil>)
    graph_sdk_lease_trace_test.go:32: SDK_LEASE_UPDATE key=test.sdkcontinue expected=52 revision=53 value={"worker":"sdkcontinue","epoch":25} elapsed=78.199µs error=%!q(<nil>)
    graph_continuation_sdk_test.go:592: SDK_PHASE name=execute_end_finish elapsed=975.328198ms remaining=29.024671742s sdk_requests=5059
    graph_continuation_sdk_test.go:622: SDK_TIMER_HISTORY stage=finish cancelled=[4,14] archive=false
    graph_continuation_sdk_test.go:783: SDK_PHASE name=boundary_scan_end_finish elapsed=994.362626ms remaining=29.005637284s sdk_requests=5157
    graph_sdk_lease_trace_test.go:22: SDK_LEASE_CREATE key=test.sdkcontinue revision=55 value={"worker":"sdkcontinue","epoch":0} elapsed=281.668µs error=%!q(<nil>)
    graph_sdk_lease_trace_test.go:32: SDK_LEASE_UPDATE key=test.sdkcontinue expected=55 revision=56 value={"worker":"sdkcontinue","epoch":55} elapsed=93.312µs error=%!q(<nil>)
    graph_sdk_lease_trace_test.go:32: SDK_LEASE_UPDATE key=test.sdkcontinue expected=56 revision=57 value={"worker":"sdkcontinue","epoch":55} elapsed=78.83µs error=%!q(<nil>)
    graph_sdk_lease_trace_test.go:32: SDK_LEASE_UPDATE key=test.sdkcontinue expected=57 revision=58 value={"worker":"sdkcontinue","epoch":55} elapsed=125.05µs error=%!q(<nil>)
    graph_sdk_lease_trace_test.go:32: SDK_LEASE_UPDATE key=test.sdkcontinue expected=58 revision=59 value={"worker":"sdkcontinue","epoch":55} elapsed=58.129µs error=%!q(<nil>)
    graph_sdk_lease_trace_test.go:32: SDK_LEASE_UPDATE key=test.sdkcontinue expected=59 revision=60 value={"worker":"sdkcontinue","epoch":55} elapsed=49.936µs error=%!q(<nil>)
    graph_sdk_lease_trace_test.go:32: SDK_LEASE_UPDATE key=test.sdkcontinue expected=60 revision=61 value={"worker":"sdkcontinue","epoch":55} elapsed=71.248µs error=%!q(<nil>)
    graph_sdk_lease_trace_test.go:22: SDK_LEASE_CREATE key=test.sdkcontinue revision=63 value={"worker":"sdkcontinue","epoch":0} elapsed=176.769µs error=%!q(<nil>)
    graph_sdk_lease_trace_test.go:32: SDK_LEASE_UPDATE key=test.sdkcontinue expected=63 revision=64 value={"worker":"sdkcontinue","epoch":63} elapsed=113.172µs error=%!q(<nil>)
    graph_continuation_sdk_test.go:1179: RAW_SDK_CHECKPOINT_AUDIT journals=1 entries=40 terminals=1 pending=0 retired_projection_only=0
    graph_continuation_sdk_test.go:1180: RAW_SDK_CHECKPOINT_HISTORY checkpoints=2
    graph_continuation_sdk_test.go:1182: SDK initial/next/finish=map[finish:1 initial:1 next:1] effects=2 records=40 result=43
    graph_continuation_sdk_test.go:1186: SDK_PHASE name=finished elapsed=1.427259698s remaining=28.572740242s sdk_requests=8416
=== RUN   TestNativeGraphContinuationTimerHistory/R1/archive=true
    graph_continuation_sdk_test.go:225: SDK_DIAGNOSTIC_STORE test=TestNativeGraphContinuationTimerHistory/R1/archive=true root=/home/exedev/js-wf-selection-priority-native-audit-20261011/native-3054376952
    graph_continuation_sdk_test.go:590: SDK_PHASE name=execute_begin_next elapsed=35.594093ms remaining=59.964405827s sdk_requests=167
    graph_sdk_lease_trace_test.go:22: SDK_LEASE_CREATE key=test.sdkcontinue revision=1 value={"worker":"sdkcontinue","epoch":0} elapsed=115.235µs error=%!q(<nil>)
    graph_sdk_lease_trace_test.go:32: SDK_LEASE_UPDATE key=test.sdkcontinue expected=1 revision=2 value={"worker":"sdkcontinue","epoch":1} elapsed=32.489µs error=%!q(<nil>)
    graph_sdk_lease_trace_test.go:32: SDK_LEASE_UPDATE key=test.sdkcontinue expected=2 revision=3 value={"worker":"sdkcontinue","epoch":1} elapsed=40.431µs error=%!q(<nil>)
    graph_sdk_lease_trace_test.go:32: SDK_LEASE_UPDATE key=test.sdkcontinue expected=3 revision=4 value={"worker":"sdkcontinue","epoch":1} elapsed=114.004µs error=%!q(<nil>)
    graph_sdk_lease_trace_test.go:32: SDK_LEASE_UPDATE key=test.sdkcontinue expected=4 revision=5 value={"worker":"sdkcontinue","epoch":1} elapsed=203.669µs error=%!q(<nil>)
    graph_sdk_lease_trace_test.go:32: SDK_LEASE_UPDATE key=test.sdkcontinue expected=5 revision=6 value={"worker":"sdkcontinue","epoch":1} elapsed=62.775µs error=%!q(<nil>)
    graph_sdk_lease_trace_test.go:32: SDK_LEASE_UPDATE key=test.sdkcontinue expected=6 revision=7 value={"worker":"sdkcontinue","epoch":1} elapsed=87.303µs error=%!q(<nil>)
    graph_sdk_lease_trace_test.go:32: SDK_LEASE_UPDATE key=test.sdkcontinue expected=7 revision=8 value={"worker":"sdkcontinue","epoch":1} elapsed=107.072µs error=%!q(<nil>)
    graph_sdk_lease_trace_test.go:32: SDK_LEASE_UPDATE key=test.sdkcontinue expected=8 revision=9 value={"worker":"sdkcontinue","epoch":1} elapsed=59.621µs error=%!q(<nil>)
    graph_sdk_lease_trace_test.go:32: SDK_LEASE_UPDATE key=test.sdkcontinue expected=9 revision=10 value={"worker":"sdkcontinue","epoch":1} elapsed=54.273µs error=%!q(<nil>)
    graph_sdk_lease_trace_test.go:32: SDK_LEASE_UPDATE key=test.sdkcontinue expected=10 revision=11 value={"worker":"sdkcontinue","epoch":1} elapsed=53.551µs error=%!q(<nil>)
    graph_sdk_lease_trace_test.go:32: SDK_LEASE_UPDATE key=test.sdkcontinue expected=11 revision=12 value={"worker":"sdkcontinue","epoch":1} elapsed=27.071µs error=%!q(<nil>)
    graph_sdk_lease_trace_test.go:32: SDK_LEASE_UPDATE key=test.sdkcontinue expected=12 revision=13 value={"worker":"sdkcontinue","epoch":1} elapsed=126.302µs error=%!q(<nil>)
    graph_sdk_lease_trace_test.go:32: SDK_LEASE_UPDATE key=test.sdkcontinue expected=13 revision=14 value={"worker":"sdkcontinue","epoch":1} elapsed=137.879µs error=%!q(<nil>)
    graph_sdk_lease_trace_test.go:32: SDK_LEASE_UPDATE key=test.sdkcontinue expected=14 revision=15 value={"worker":"sdkcontinue","epoch":1} elapsed=76.215µs error=%!q(<nil>)
    graph_sdk_lease_trace_test.go:32: SDK_LEASE_UPDATE key=test.sdkcontinue expected=15 revision=16 value={"worker":"sdkcontinue","epoch":1} elapsed=64.248µs error=%!q(<nil>)
    graph_sdk_lease_trace_test.go:32: SDK_LEASE_UPDATE key=test.sdkcontinue expected=16 revision=17 value={"worker":"sdkcontinue","epoch":1} elapsed=47.663µs error=%!q(<nil>)
    graph_sdk_lease_trace_test.go:32: SDK_LEASE_UPDATE key=test.sdkcontinue expected=17 revision=18 value={"worker":"sdkcontinue","epoch":1} elapsed=87.373µs error=%!q(<nil>)
    graph_sdk_lease_trace_test.go:32: SDK_LEASE_UPDATE key=test.sdkcontinue expected=18 revision=19 value={"worker":"sdkcontinue","epoch":1} elapsed=63.386µs error=%!q(<nil>)
    graph_sdk_lease_trace_test.go:32: SDK_LEASE_UPDATE key=test.sdkcontinue expected=19 revision=20 value={"worker":"sdkcontinue","epoch":1} elapsed=100.783µs error=%!q(<nil>)
    graph_sdk_lease_trace_test.go:32: SDK_LEASE_UPDATE key=test.sdkcontinue expected=20 revision=21 value={"worker":"sdkcontinue","epoch":1} elapsed=84.048µs error=%!q(<nil>)
    graph_sdk_lease_trace_test.go:32: SDK_LEASE_UPDATE key=test.sdkcontinue expected=21 revision=22 value={"worker":"sdkcontinue","epoch":1} elapsed=130.158µs error=%!q(<nil>)
    graph_sdk_lease_trace_test.go:32: SDK_LEASE_UPDATE key=test.sdkcontinue expected=22 revision=23 value={"worker":"sdkcontinue","epoch":1} elapsed=49.635µs error=%!q(<nil>)
    graph_sdk_lease_trace_test.go:32: SDK_LEASE_UPDATE key=test.sdkcontinue expected=23 revision=24 value={"worker":"sdkcontinue","epoch":1} elapsed=65.129µs error=%!q(<nil>)
    graph_sdk_lease_trace_test.go:32: SDK_LEASE_UPDATE key=test.sdkcontinue expected=24 revision=25 value={"worker":"sdkcontinue","epoch":1} elapsed=73.361µs error=%!q(<nil>)
    graph_sdk_lease_trace_test.go:32: SDK_LEASE_UPDATE key=test.sdkcontinue expected=25 revision=26 value={"worker":"sdkcontinue","epoch":1} elapsed=77.507µs error=%!q(<nil>)
    graph_sdk_lease_trace_test.go:32: SDK_LEASE_UPDATE key=test.sdkcontinue expected=26 revision=27 value={"worker":"sdkcontinue","epoch":1} elapsed=52.069µs error=%!q(<nil>)
    graph_continuation_sdk_test.go:592: SDK_PHASE name=execute_end_next elapsed=646.75198ms remaining=59.35324796s sdk_requests=3920
    graph_continuation_sdk_test.go:622: SDK_TIMER_HISTORY stage=next cancelled=[4] archive=true
    graph_continuation_sdk_test.go:710: SDK_PHASE name=parent_sweep_end_next elapsed=960.438007ms remaining=59.039561943s sdk_requests=5729
    graph_continuation_sdk_test.go:766: ARCHIVE_COLLECTION stage=next original_entry_receipts_removed=16 live_records=3 logical_records=16
    graph_continuation_sdk_test.go:770: SDK_PHASE name=parent_audit_end_next elapsed=1.028138159s remaining=58.971861761s sdk_requests=6019
    graph_continuation_sdk_test.go:783: SDK_PHASE name=boundary_scan_end_next elapsed=1.031437094s remaining=58.968562845s sdk_requests=6037
    graph_continuation_sdk_test.go:590: SDK_PHASE name=execute_begin_finish elapsed=1.031466489s remaining=58.968533461s sdk_requests=6037
    graph_sdk_lease_trace_test.go:22: SDK_LEASE_CREATE key=test.sdkcontinue revision=29 value={"worker":"sdkcontinue","epoch":0} elapsed=278.203µs error=%!q(<nil>)
    graph_sdk_lease_trace_test.go:32: SDK_LEASE_UPDATE key=test.sdkcontinue expected=29 revision=30 value={"worker":"sdkcontinue","epoch":29} elapsed=152.322µs error=%!q(<nil>)
    graph_sdk_lease_trace_test.go:32: SDK_LEASE_UPDATE key=test.sdkcontinue expected=30 revision=31 value={"worker":"sdkcontinue","epoch":29} elapsed=187.274µs error=%!q(<nil>)
    graph_sdk_lease_trace_test.go:32: SDK_LEASE_UPDATE key=test.sdkcontinue expected=31 revision=32 value={"worker":"sdkcontinue","epoch":29} elapsed=72.821µs error=%!q(<nil>)
    graph_sdk_lease_trace_test.go:32: SDK_LEASE_UPDATE key=test.sdkcontinue expected=32 revision=33 value={"worker":"sdkcontinue","epoch":29} elapsed=118.25µs error=%!q(<nil>)
    graph_sdk_lease_trace_test.go:32: SDK_LEASE_UPDATE key=test.sdkcontinue expected=33 revision=34 value={"worker":"sdkcontinue","epoch":29} elapsed=98.68µs error=%!q(<nil>)
    graph_sdk_lease_trace_test.go:32: SDK_LEASE_UPDATE key=test.sdkcontinue expected=34 revision=35 value={"worker":"sdkcontinue","epoch":29} elapsed=55.835µs error=%!q(<nil>)
    graph_sdk_lease_trace_test.go:32: SDK_LEASE_UPDATE key=test.sdkcontinue expected=35 revision=36 value={"worker":"sdkcontinue","epoch":29} elapsed=78.259µs error=%!q(<nil>)
    graph_sdk_lease_trace_test.go:32: SDK_LEASE_UPDATE key=test.sdkcontinue expected=36 revision=37 value={"worker":"sdkcontinue","epoch":29} elapsed=71.018µs error=%!q(<nil>)
    graph_sdk_lease_trace_test.go:32: SDK_LEASE_UPDATE key=test.sdkcontinue expected=37 revision=38 value={"worker":"sdkcontinue","epoch":29} elapsed=130.719µs error=%!q(<nil>)
    graph_sdk_lease_trace_test.go:32: SDK_LEASE_UPDATE key=test.sdkcontinue expected=38 revision=39 value={"worker":"sdkcontinue","epoch":29} elapsed=88.394µs error=%!q(<nil>)
    graph_sdk_lease_trace_test.go:32: SDK_LEASE_UPDATE key=test.sdkcontinue expected=39 revision=40 value={"worker":"sdkcontinue","epoch":29} elapsed=63.717µs error=%!q(<nil>)
    graph_sdk_lease_trace_test.go:32: SDK_LEASE_UPDATE key=test.sdkcontinue expected=40 revision=41 value={"worker":"sdkcontinue","epoch":29} elapsed=51.368µs error=%!q(<nil>)
    graph_sdk_lease_trace_test.go:32: SDK_LEASE_UPDATE key=test.sdkcontinue expected=41 revision=42 value={"worker":"sdkcontinue","epoch":29} elapsed=97.108µs error=%!q(<nil>)
    graph_sdk_lease_trace_test.go:32: SDK_LEASE_UPDATE key=test.sdkcontinue expected=42 revision=43 value={"worker":"sdkcontinue","epoch":29} elapsed=57.037µs error=%!q(<nil>)
    graph_sdk_lease_trace_test.go:32: SDK_LEASE_UPDATE key=test.sdkcontinue expected=43 revision=44 value={"worker":"sdkcontinue","epoch":29} elapsed=67.563µs error=%!q(<nil>)
    graph_sdk_lease_trace_test.go:32: SDK_LEASE_UPDATE key=test.sdkcontinue expected=44 revision=45 value={"worker":"sdkcontinue","epoch":29} elapsed=91.489µs error=%!q(<nil>)
    graph_sdk_lease_trace_test.go:32: SDK_LEASE_UPDATE key=test.sdkcontinue expected=45 revision=46 value={"worker":"sdkcontinue","epoch":29} elapsed=59.089µs error=%!q(<nil>)
    graph_sdk_lease_trace_test.go:32: SDK_LEASE_UPDATE key=test.sdkcontinue expected=46 revision=47 value={"worker":"sdkcontinue","epoch":29} elapsed=76.066µs error=%!q(<nil>)
    graph_sdk_lease_trace_test.go:32: SDK_LEASE_UPDATE key=test.sdkcontinue expected=47 revision=48 value={"worker":"sdkcontinue","epoch":29} elapsed=222.779µs error=%!q(<nil>)
    graph_sdk_lease_trace_test.go:32: SDK_LEASE_UPDATE key=test.sdkcontinue expected=48 revision=49 value={"worker":"sdkcontinue","epoch":29} elapsed=109.897µs error=%!q(<nil>)
    graph_sdk_lease_trace_test.go:32: SDK_LEASE_UPDATE key=test.sdkcontinue expected=49 revision=50 value={"worker":"sdkcontinue","epoch":29} elapsed=55.134µs error=%!q(<nil>)
    graph_sdk_lease_trace_test.go:32: SDK_LEASE_UPDATE key=test.sdkcontinue expected=50 revision=51 value={"worker":"sdkcontinue","epoch":29} elapsed=209.679µs error=%!q(<nil>)
    graph_sdk_lease_trace_test.go:32: SDK_LEASE_UPDATE key=test.sdkcontinue expected=51 revision=52 value={"worker":"sdkcontinue","epoch":29} elapsed=79.2µs error=%!q(<nil>)
    graph_sdk_lease_trace_test.go:32: SDK_LEASE_UPDATE key=test.sdkcontinue expected=52 revision=53 value={"worker":"sdkcontinue","epoch":29} elapsed=55.454µs error=%!q(<nil>)
    graph_sdk_lease_trace_test.go:32: SDK_LEASE_UPDATE key=test.sdkcontinue expected=53 revision=54 value={"worker":"sdkcontinue","epoch":29} elapsed=250.18µs error=%!q(<nil>)
    graph_sdk_lease_trace_test.go:32: SDK_LEASE_UPDATE key=test.sdkcontinue expected=54 revision=55 value={"worker":"sdkcontinue","epoch":29} elapsed=82.716µs error=%!q(<nil>)
    graph_sdk_lease_trace_test.go:32: SDK_LEASE_UPDATE key=test.sdkcontinue expected=55 revision=56 value={"worker":"sdkcontinue","epoch":29} elapsed=81.364µs error=%!q(<nil>)
    graph_sdk_lease_trace_test.go:32: SDK_LEASE_UPDATE key=test.sdkcontinue expected=56 revision=57 value={"worker":"sdkcontinue","epoch":29} elapsed=159.482µs error=%!q(<nil>)
    graph_sdk_lease_trace_test.go:32: SDK_LEASE_UPDATE key=test.sdkcontinue expected=57 revision=58 value={"worker":"sdkcontinue","epoch":29} elapsed=153.142µs error=%!q(<nil>)
    graph_sdk_lease_trace_test.go:32: SDK_LEASE_UPDATE key=test.sdkcontinue expected=58 revision=59 value={"worker":"sdkcontinue","epoch":29} elapsed=104.629µs error=%!q(<nil>)
    graph_sdk_lease_trace_test.go:32: SDK_LEASE_UPDATE key=test.sdkcontinue expected=59 revision=60 value={"worker":"sdkcontinue","epoch":29} elapsed=80.502µs error=%!q(<nil>)
    graph_continuation_sdk_test.go:592: SDK_PHASE name=execute_end_finish elapsed=2.045496732s remaining=57.954503218s sdk_requests=11864
    graph_continuation_sdk_test.go:622: SDK_TIMER_HISTORY stage=finish cancelled=[4,14] archive=true
    graph_continuation_sdk_test.go:710: SDK_PHASE name=parent_sweep_end_finish elapsed=2.837725022s remaining=57.162274887s sdk_requests=16274
    graph_continuation_sdk_test.go:766: ARCHIVE_COLLECTION stage=finish original_entry_receipts_removed=25 live_records=3 logical_records=37
    graph_continuation_sdk_test.go:770: SDK_PHASE name=parent_audit_end_finish elapsed=2.946765894s remaining=57.053234016s sdk_requests=16837
    graph_continuation_sdk_test.go:783: SDK_PHASE name=boundary_scan_end_finish elapsed=2.949421651s remaining=57.050578298s sdk_requests=16854
    graph_sdk_lease_trace_test.go:22: SDK_LEASE_CREATE key=test.sdkcontinue revision=62 value={"worker":"sdkcontinue","epoch":0} elapsed=275.94µs error=%!q(<nil>)
    graph_sdk_lease_trace_test.go:32: SDK_LEASE_UPDATE key=test.sdkcontinue expected=62 revision=63 value={"worker":"sdkcontinue","epoch":62} elapsed=67.232µs error=%!q(<nil>)
    graph_sdk_lease_trace_test.go:32: SDK_LEASE_UPDATE key=test.sdkcontinue expected=63 revision=64 value={"worker":"sdkcontinue","epoch":62} elapsed=194.135µs error=%!q(<nil>)
    graph_sdk_lease_trace_test.go:32: SDK_LEASE_UPDATE key=test.sdkcontinue expected=64 revision=65 value={"worker":"sdkcontinue","epoch":62} elapsed=125.491µs error=%!q(<nil>)
    graph_sdk_lease_trace_test.go:32: SDK_LEASE_UPDATE key=test.sdkcontinue expected=65 revision=66 value={"worker":"sdkcontinue","epoch":62} elapsed=83.276µs error=%!q(<nil>)
    graph_sdk_lease_trace_test.go:32: SDK_LEASE_UPDATE key=test.sdkcontinue expected=66 revision=67 value={"worker":"sdkcontinue","epoch":62} elapsed=70.387µs error=%!q(<nil>)
    graph_sdk_lease_trace_test.go:22: SDK_LEASE_CREATE key=test.sdkcontinue revision=69 value={"worker":"sdkcontinue","epoch":0} elapsed=197.029µs error=%!q(<nil>)
    graph_sdk_lease_trace_test.go:32: SDK_LEASE_UPDATE key=test.sdkcontinue expected=69 revision=70 value={"worker":"sdkcontinue","epoch":69} elapsed=43.707µs error=%!q(<nil>)
    graph_continuation_sdk_test.go:1179: RAW_SDK_CHECKPOINT_AUDIT journals=1 entries=40 terminals=1 pending=0 retired_projection_only=0
    graph_continuation_sdk_test.go:1180: RAW_SDK_CHECKPOINT_HISTORY checkpoints=2
    graph_continuation_sdk_test.go:1182: SDK initial/next/finish=map[finish:1 initial:1 next:1] effects=2 records=40 result=43
    graph_continuation_sdk_test.go:1186: SDK_PHASE name=finished elapsed=3.391353428s remaining=56.608646482s sdk_requests=19710
=== RUN   TestNativeGraphContinuationTimerHistory/R3Domain/archive=false
    graph_continuation_sdk_test.go:225: SDK_DIAGNOSTIC_STORE test=TestNativeGraphContinuationTimerHistory/R3Domain/archive=false root=/home/exedev/js-wf-selection-priority-native-audit-20261011/native-3433247512
    graph_continuation_sdk_test.go:590: SDK_PHASE name=execute_begin_next elapsed=1.532393279s remaining=28.467606581s sdk_requests=167
    graph_sdk_lease_trace_test.go:22: SDK_LEASE_CREATE key=test.sdkcontinue revision=1 value={"worker":"sdkcontinue","epoch":0} elapsed=970.525µs error=%!q(<nil>)
    graph_sdk_lease_trace_test.go:32: SDK_LEASE_UPDATE key=test.sdkcontinue expected=1 revision=2 value={"worker":"sdkcontinue","epoch":1} elapsed=157.829µs error=%!q(<nil>)
    graph_sdk_lease_trace_test.go:32: SDK_LEASE_UPDATE key=test.sdkcontinue expected=2 revision=3 value={"worker":"sdkcontinue","epoch":1} elapsed=458.868µs error=%!q(<nil>)
    graph_sdk_lease_trace_test.go:32: SDK_LEASE_UPDATE key=test.sdkcontinue expected=3 revision=4 value={"worker":"sdkcontinue","epoch":1} elapsed=410.855µs error=%!q(<nil>)
    graph_sdk_lease_trace_test.go:32: SDK_LEASE_UPDATE key=test.sdkcontinue expected=4 revision=5 value={"worker":"sdkcontinue","epoch":1} elapsed=228.537µs error=%!q(<nil>)
    graph_sdk_lease_trace_test.go:32: SDK_LEASE_UPDATE key=test.sdkcontinue expected=5 revision=6 value={"worker":"sdkcontinue","epoch":1} elapsed=229.9µs error=%!q(<nil>)
    graph_sdk_lease_trace_test.go:32: SDK_LEASE_UPDATE key=test.sdkcontinue expected=6 revision=7 value={"worker":"sdkcontinue","epoch":1} elapsed=303.321µs error=%!q(<nil>)
    graph_sdk_lease_trace_test.go:32: SDK_LEASE_UPDATE key=test.sdkcontinue expected=7 revision=8 value={"worker":"sdkcontinue","epoch":1} elapsed=536.135µs error=%!q(<nil>)
    graph_sdk_lease_trace_test.go:32: SDK_LEASE_UPDATE key=test.sdkcontinue expected=8 revision=9 value={"worker":"sdkcontinue","epoch":1} elapsed=284.363µs error=%!q(<nil>)
    graph_sdk_lease_trace_test.go:32: SDK_LEASE_UPDATE key=test.sdkcontinue expected=9 revision=10 value={"worker":"sdkcontinue","epoch":1} elapsed=586.272µs error=%!q(<nil>)
    graph_sdk_lease_trace_test.go:32: SDK_LEASE_UPDATE key=test.sdkcontinue expected=10 revision=11 value={"worker":"sdkcontinue","epoch":1} elapsed=228.638µs error=%!q(<nil>)
    graph_sdk_lease_trace_test.go:32: SDK_LEASE_UPDATE key=test.sdkcontinue expected=11 revision=12 value={"worker":"sdkcontinue","epoch":1} elapsed=222.929µs error=%!q(<nil>)
    graph_sdk_lease_trace_test.go:32: SDK_LEASE_UPDATE key=test.sdkcontinue expected=12 revision=13 value={"worker":"sdkcontinue","epoch":1} elapsed=346.677µs error=%!q(<nil>)
    graph_sdk_lease_trace_test.go:32: SDK_LEASE_UPDATE key=test.sdkcontinue expected=13 revision=14 value={"worker":"sdkcontinue","epoch":1} elapsed=1.302761ms error=%!q(<nil>)
    graph_sdk_lease_trace_test.go:32: SDK_LEASE_UPDATE key=test.sdkcontinue expected=14 revision=15 value={"worker":"sdkcontinue","epoch":1} elapsed=387.539µs error=%!q(<nil>)
    graph_sdk_lease_trace_test.go:32: SDK_LEASE_UPDATE key=test.sdkcontinue expected=15 revision=16 value={"worker":"sdkcontinue","epoch":1} elapsed=252.644µs error=%!q(<nil>)
    graph_sdk_lease_trace_test.go:32: SDK_LEASE_UPDATE key=test.sdkcontinue expected=16 revision=17 value={"worker":"sdkcontinue","epoch":1} elapsed=654.996µs error=%!q(<nil>)
    graph_sdk_lease_trace_test.go:32: SDK_LEASE_UPDATE key=test.sdkcontinue expected=17 revision=18 value={"worker":"sdkcontinue","epoch":1} elapsed=387.399µs error=%!q(<nil>)
    graph_sdk_lease_trace_test.go:32: SDK_LEASE_UPDATE key=test.sdkcontinue expected=18 revision=19 value={"worker":"sdkcontinue","epoch":1} elapsed=244.041µs error=%!q(<nil>)
    graph_sdk_lease_trace_test.go:32: SDK_LEASE_UPDATE key=test.sdkcontinue expected=19 revision=20 value={"worker":"sdkcontinue","epoch":1} elapsed=1.954351ms error=%!q(<nil>)
    graph_sdk_lease_trace_test.go:32: SDK_LEASE_UPDATE key=test.sdkcontinue expected=20 revision=21 value={"worker":"sdkcontinue","epoch":1} elapsed=433.539µs error=%!q(<nil>)
    graph_sdk_lease_trace_test.go:32: SDK_LEASE_UPDATE key=test.sdkcontinue expected=21 revision=22 value={"worker":"sdkcontinue","epoch":1} elapsed=213.725µs error=%!q(<nil>)
    graph_sdk_lease_trace_test.go:32: SDK_LEASE_UPDATE key=test.sdkcontinue expected=22 revision=23 value={"worker":"sdkcontinue","epoch":1} elapsed=219.053µs error=%!q(<nil>)
    graph_sdk_lease_trace_test.go:32: SDK_LEASE_UPDATE key=test.sdkcontinue expected=23 revision=24 value={"worker":"sdkcontinue","epoch":1} elapsed=325.484µs error=%!q(<nil>)
    graph_continuation_sdk_test.go:592: SDK_PHASE name=execute_end_next elapsed=2.287976267s remaining=27.712023633s sdk_requests=2211
    graph_continuation_sdk_test.go:622: SDK_TIMER_HISTORY stage=next cancelled=[4] archive=false
    graph_continuation_sdk_test.go:783: SDK_PHASE name=boundary_scan_end_next elapsed=2.335972805s remaining=27.664027095s sdk_requests=2340
    graph_continuation_sdk_test.go:590: SDK_PHASE name=execute_begin_finish elapsed=2.336011984s remaining=27.663987976s sdk_requests=2340
    graph_sdk_lease_trace_test.go:22: SDK_LEASE_CREATE key=test.sdkcontinue revision=26 value={"worker":"sdkcontinue","epoch":0} elapsed=708.827µs error=%!q(<nil>)
    graph_sdk_lease_trace_test.go:32: SDK_LEASE_UPDATE key=test.sdkcontinue expected=26 revision=27 value={"worker":"sdkcontinue","epoch":26} elapsed=233.074µs error=%!q(<nil>)
    graph_sdk_lease_trace_test.go:32: SDK_LEASE_UPDATE key=test.sdkcontinue expected=27 revision=28 value={"worker":"sdkcontinue","epoch":26} elapsed=627.164µs error=%!q(<nil>)
    graph_sdk_lease_trace_test.go:32: SDK_LEASE_UPDATE key=test.sdkcontinue expected=28 revision=29 value={"worker":"sdkcontinue","epoch":26} elapsed=468.912µs error=%!q(<nil>)
    graph_sdk_lease_trace_test.go:32: SDK_LEASE_UPDATE key=test.sdkcontinue expected=29 revision=30 value={"worker":"sdkcontinue","epoch":26} elapsed=440.159µs error=%!q(<nil>)
    graph_sdk_lease_trace_test.go:32: SDK_LEASE_UPDATE key=test.sdkcontinue expected=30 revision=31 value={"worker":"sdkcontinue","epoch":26} elapsed=429.974µs error=%!q(<nil>)
    graph_sdk_lease_trace_test.go:32: SDK_LEASE_UPDATE key=test.sdkcontinue expected=31 revision=32 value={"worker":"sdkcontinue","epoch":26} elapsed=232.023µs error=%!q(<nil>)
    graph_sdk_lease_trace_test.go:32: SDK_LEASE_UPDATE key=test.sdkcontinue expected=32 revision=33 value={"worker":"sdkcontinue","epoch":26} elapsed=286.045µs error=%!q(<nil>)
    graph_sdk_lease_trace_test.go:32: SDK_LEASE_UPDATE key=test.sdkcontinue expected=33 revision=34 value={"worker":"sdkcontinue","epoch":26} elapsed=275.108µs error=%!q(<nil>)
    graph_sdk_lease_trace_test.go:32: SDK_LEASE_UPDATE key=test.sdkcontinue expected=34 revision=35 value={"worker":"sdkcontinue","epoch":26} elapsed=356.722µs error=%!q(<nil>)
    graph_sdk_lease_trace_test.go:32: SDK_LEASE_UPDATE key=test.sdkcontinue expected=35 revision=36 value={"worker":"sdkcontinue","epoch":26} elapsed=298.664µs error=%!q(<nil>)
    graph_sdk_lease_trace_test.go:32: SDK_LEASE_UPDATE key=test.sdkcontinue expected=36 revision=37 value={"worker":"sdkcontinue","epoch":26} elapsed=479.389µs error=%!q(<nil>)
    graph_sdk_lease_trace_test.go:32: SDK_LEASE_UPDATE key=test.sdkcontinue expected=37 revision=38 value={"worker":"sdkcontinue","epoch":26} elapsed=554.784µs error=%!q(<nil>)
    graph_sdk_lease_trace_test.go:32: SDK_LEASE_UPDATE key=test.sdkcontinue expected=38 revision=39 value={"worker":"sdkcontinue","epoch":26} elapsed=312.055µs error=%!q(<nil>)
    graph_sdk_lease_trace_test.go:32: SDK_LEASE_UPDATE key=test.sdkcontinue expected=39 revision=40 value={"worker":"sdkcontinue","epoch":26} elapsed=307.688µs error=%!q(<nil>)
    graph_sdk_lease_trace_test.go:32: SDK_LEASE_UPDATE key=test.sdkcontinue expected=40 revision=41 value={"worker":"sdkcontinue","epoch":26} elapsed=273.326µs error=%!q(<nil>)
    graph_sdk_lease_trace_test.go:32: SDK_LEASE_UPDATE key=test.sdkcontinue expected=41 revision=42 value={"worker":"sdkcontinue","epoch":26} elapsed=213.995µs error=%!q(<nil>)
    graph_sdk_lease_trace_test.go:32: SDK_LEASE_UPDATE key=test.sdkcontinue expected=42 revision=43 value={"worker":"sdkcontinue","epoch":26} elapsed=248.608µs error=%!q(<nil>)
    graph_sdk_lease_trace_test.go:32: SDK_LEASE_UPDATE key=test.sdkcontinue expected=43 revision=44 value={"worker":"sdkcontinue","epoch":26} elapsed=286.735µs error=%!q(<nil>)
    graph_sdk_lease_trace_test.go:32: SDK_LEASE_UPDATE key=test.sdkcontinue expected=44 revision=45 value={"worker":"sdkcontinue","epoch":26} elapsed=463.185µs error=%!q(<nil>)
    graph_sdk_lease_trace_test.go:32: SDK_LEASE_UPDATE key=test.sdkcontinue expected=45 revision=46 value={"worker":"sdkcontinue","epoch":26} elapsed=309.21µs error=%!q(<nil>)
    graph_sdk_lease_trace_test.go:32: SDK_LEASE_UPDATE key=test.sdkcontinue expected=46 revision=47 value={"worker":"sdkcontinue","epoch":26} elapsed=419.959µs error=%!q(<nil>)
    graph_sdk_lease_trace_test.go:32: SDK_LEASE_UPDATE key=test.sdkcontinue expected=47 revision=48 value={"worker":"sdkcontinue","epoch":26} elapsed=285.985µs error=%!q(<nil>)
    graph_sdk_lease_trace_test.go:32: SDK_LEASE_UPDATE key=test.sdkcontinue expected=48 revision=49 value={"worker":"sdkcontinue","epoch":26} elapsed=279.726µs error=%!q(<nil>)
    graph_sdk_lease_trace_test.go:32: SDK_LEASE_UPDATE key=test.sdkcontinue expected=49 revision=50 value={"worker":"sdkcontinue","epoch":26} elapsed=300.627µs error=%!q(<nil>)
    graph_sdk_lease_trace_test.go:32: SDK_LEASE_UPDATE key=test.sdkcontinue expected=50 revision=51 value={"worker":"sdkcontinue","epoch":26} elapsed=520.161µs error=%!q(<nil>)
    graph_sdk_lease_trace_test.go:32: SDK_LEASE_UPDATE key=test.sdkcontinue expected=51 revision=52 value={"worker":"sdkcontinue","epoch":26} elapsed=414.79µs error=%!q(<nil>)
    graph_sdk_lease_trace_test.go:32: SDK_LEASE_UPDATE key=test.sdkcontinue expected=52 revision=53 value={"worker":"sdkcontinue","epoch":26} elapsed=329.321µs error=%!q(<nil>)
    graph_sdk_lease_trace_test.go:32: SDK_LEASE_UPDATE key=test.sdkcontinue expected=53 revision=54 value={"worker":"sdkcontinue","epoch":26} elapsed=282.65µs error=%!q(<nil>)
    graph_continuation_sdk_test.go:592: SDK_PHASE name=execute_end_finish elapsed=3.448920522s remaining=26.551079418s sdk_requests=5128
    graph_continuation_sdk_test.go:622: SDK_TIMER_HISTORY stage=finish cancelled=[4,14] archive=false
    graph_continuation_sdk_test.go:783: SDK_PHASE name=boundary_scan_end_finish elapsed=3.501992075s remaining=26.498007825s sdk_requests=5226
    graph_sdk_lease_trace_test.go:22: SDK_LEASE_CREATE key=test.sdkcontinue revision=56 value={"worker":"sdkcontinue","epoch":0} elapsed=514.222µs error=%!q(<nil>)
    graph_sdk_lease_trace_test.go:32: SDK_LEASE_UPDATE key=test.sdkcontinue expected=56 revision=57 value={"worker":"sdkcontinue","epoch":56} elapsed=133.232µs error=%!q(<nil>)
    graph_sdk_lease_trace_test.go:32: SDK_LEASE_UPDATE key=test.sdkcontinue expected=57 revision=58 value={"worker":"sdkcontinue","epoch":56} elapsed=469.203µs error=%!q(<nil>)
    graph_sdk_lease_trace_test.go:32: SDK_LEASE_UPDATE key=test.sdkcontinue expected=58 revision=59 value={"worker":"sdkcontinue","epoch":56} elapsed=2.119893ms error=%!q(<nil>)
    graph_sdk_lease_trace_test.go:32: SDK_LEASE_UPDATE key=test.sdkcontinue expected=59 revision=60 value={"worker":"sdkcontinue","epoch":56} elapsed=584.138µs error=%!q(<nil>)
    graph_sdk_lease_trace_test.go:32: SDK_LEASE_UPDATE key=test.sdkcontinue expected=60 revision=61 value={"worker":"sdkcontinue","epoch":56} elapsed=276.931µs error=%!q(<nil>)
    graph_sdk_lease_trace_test.go:22: SDK_LEASE_CREATE key=test.sdkcontinue revision=63 value={"worker":"sdkcontinue","epoch":0} elapsed=611.21µs error=%!q(<nil>)
    graph_sdk_lease_trace_test.go:32: SDK_LEASE_UPDATE key=test.sdkcontinue expected=63 revision=64 value={"worker":"sdkcontinue","epoch":63} elapsed=251.422µs error=%!q(<nil>)
    graph_continuation_sdk_test.go:1179: RAW_SDK_CHECKPOINT_AUDIT journals=1 entries=40 terminals=1 pending=0 retired_projection_only=0
    graph_continuation_sdk_test.go:1180: RAW_SDK_CHECKPOINT_HISTORY checkpoints=2
    graph_continuation_sdk_test.go:1182: SDK initial/next/finish=map[finish:1 initial:1 next:1] effects=2 records=40 result=43
    graph_continuation_sdk_test.go:1186: SDK_PHASE name=finished elapsed=4.324740169s remaining=25.675259711s sdk_requests=8562
=== RUN   TestNativeGraphContinuationTimerHistory/R3Domain/archive=true
    graph_continuation_sdk_test.go:225: SDK_DIAGNOSTIC_STORE test=TestNativeGraphContinuationTimerHistory/R3Domain/archive=true root=/home/exedev/js-wf-selection-priority-native-audit-20261011/native-770756030
    graph_continuation_sdk_test.go:590: SDK_PHASE name=execute_begin_next elapsed=2.649442068s remaining=57.350557872s sdk_requests=167
    graph_sdk_lease_trace_test.go:22: SDK_LEASE_CREATE key=test.sdkcontinue revision=1 value={"worker":"sdkcontinue","epoch":0} elapsed=499.93µs error=%!q(<nil>)
    graph_sdk_lease_trace_test.go:32: SDK_LEASE_UPDATE key=test.sdkcontinue expected=1 revision=2 value={"worker":"sdkcontinue","epoch":1} elapsed=194.827µs error=%!q(<nil>)
    graph_sdk_lease_trace_test.go:32: SDK_LEASE_UPDATE key=test.sdkcontinue expected=2 revision=3 value={"worker":"sdkcontinue","epoch":1} elapsed=223.82µs error=%!q(<nil>)
    graph_sdk_lease_trace_test.go:32: SDK_LEASE_UPDATE key=test.sdkcontinue expected=3 revision=4 value={"worker":"sdkcontinue","epoch":1} elapsed=953.89µs error=%!q(<nil>)
    graph_sdk_lease_trace_test.go:32: SDK_LEASE_UPDATE key=test.sdkcontinue expected=4 revision=5 value={"worker":"sdkcontinue","epoch":1} elapsed=392.747µs error=%!q(<nil>)
    graph_sdk_lease_trace_test.go:32: SDK_LEASE_UPDATE key=test.sdkcontinue expected=5 revision=6 value={"worker":"sdkcontinue","epoch":1} elapsed=449.123µs error=%!q(<nil>)
    graph_sdk_lease_trace_test.go:32: SDK_LEASE_UPDATE key=test.sdkcontinue expected=6 revision=7 value={"worker":"sdkcontinue","epoch":1} elapsed=281.748µs error=%!q(<nil>)
    graph_sdk_lease_trace_test.go:32: SDK_LEASE_UPDATE key=test.sdkcontinue expected=7 revision=8 value={"worker":"sdkcontinue","epoch":1} elapsed=251.943µs error=%!q(<nil>)
    graph_sdk_lease_trace_test.go:32: SDK_LEASE_UPDATE key=test.sdkcontinue expected=8 revision=9 value={"worker":"sdkcontinue","epoch":1} elapsed=292.175µs error=%!q(<nil>)
    graph_sdk_lease_trace_test.go:32: SDK_LEASE_UPDATE key=test.sdkcontinue expected=9 revision=10 value={"worker":"sdkcontinue","epoch":1} elapsed=235.798µs error=%!q(<nil>)
    graph_sdk_lease_trace_test.go:32: SDK_LEASE_UPDATE key=test.sdkcontinue expected=10 revision=11 value={"worker":"sdkcontinue","epoch":1} elapsed=311.984µs error=%!q(<nil>)
    graph_sdk_lease_trace_test.go:32: SDK_LEASE_UPDATE key=test.sdkcontinue expected=11 revision=12 value={"worker":"sdkcontinue","epoch":1} elapsed=328.55µs error=%!q(<nil>)
    graph_sdk_lease_trace_test.go:32: SDK_LEASE_UPDATE key=test.sdkcontinue expected=12 revision=13 value={"worker":"sdkcontinue","epoch":1} elapsed=290.021µs error=%!q(<nil>)
    graph_sdk_lease_trace_test.go:32: SDK_LEASE_UPDATE key=test.sdkcontinue expected=13 revision=14 value={"worker":"sdkcontinue","epoch":1} elapsed=477.576µs error=%!q(<nil>)
    graph_sdk_lease_trace_test.go:32: SDK_LEASE_UPDATE key=test.sdkcontinue expected=14 revision=15 value={"worker":"sdkcontinue","epoch":1} elapsed=266.405µs error=%!q(<nil>)
    graph_sdk_lease_trace_test.go:32: SDK_LEASE_UPDATE key=test.sdkcontinue expected=15 revision=16 value={"worker":"sdkcontinue","epoch":1} elapsed=247.195µs error=%!q(<nil>)
    graph_sdk_lease_trace_test.go:32: SDK_LEASE_UPDATE key=test.sdkcontinue expected=16 revision=17 value={"worker":"sdkcontinue","epoch":1} elapsed=241.187µs error=%!q(<nil>)
    graph_sdk_lease_trace_test.go:32: SDK_LEASE_UPDATE key=test.sdkcontinue expected=17 revision=18 value={"worker":"sdkcontinue","epoch":1} elapsed=221.347µs error=%!q(<nil>)
    graph_sdk_lease_trace_test.go:32: SDK_LEASE_UPDATE key=test.sdkcontinue expected=18 revision=19 value={"worker":"sdkcontinue","epoch":1} elapsed=302.28µs error=%!q(<nil>)
    graph_sdk_lease_trace_test.go:32: SDK_LEASE_UPDATE key=test.sdkcontinue expected=19 revision=20 value={"worker":"sdkcontinue","epoch":1} elapsed=304.213µs error=%!q(<nil>)
    graph_sdk_lease_trace_test.go:32: SDK_LEASE_UPDATE key=test.sdkcontinue expected=20 revision=21 value={"worker":"sdkcontinue","epoch":1} elapsed=422.672µs error=%!q(<nil>)
    graph_sdk_lease_trace_test.go:32: SDK_LEASE_UPDATE key=test.sdkcontinue expected=21 revision=22 value={"worker":"sdkcontinue","epoch":1} elapsed=341.249µs error=%!q(<nil>)
    graph_sdk_lease_trace_test.go:32: SDK_LEASE_UPDATE key=test.sdkcontinue expected=22 revision=23 value={"worker":"sdkcontinue","epoch":1} elapsed=530.807µs error=%!q(<nil>)
    graph_sdk_lease_trace_test.go:32: SDK_LEASE_UPDATE key=test.sdkcontinue expected=23 revision=24 value={"worker":"sdkcontinue","epoch":1} elapsed=918.837µs error=%!q(<nil>)
    graph_sdk_lease_trace_test.go:32: SDK_LEASE_UPDATE key=test.sdkcontinue expected=24 revision=25 value={"worker":"sdkcontinue","epoch":1} elapsed=440.339µs error=%!q(<nil>)
    graph_sdk_lease_trace_test.go:32: SDK_LEASE_UPDATE key=test.sdkcontinue expected=25 revision=26 value={"worker":"sdkcontinue","epoch":1} elapsed=406.558µs error=%!q(<nil>)
    graph_sdk_lease_trace_test.go:32: SDK_LEASE_UPDATE key=test.sdkcontinue expected=26 revision=27 value={"worker":"sdkcontinue","epoch":1} elapsed=288.95µs error=%!q(<nil>)
    graph_continuation_sdk_test.go:592: SDK_PHASE name=execute_end_next elapsed=3.847392393s remaining=56.152607517s sdk_requests=3920
    graph_continuation_sdk_test.go:622: SDK_TIMER_HISTORY stage=next cancelled=[4] archive=true
    graph_continuation_sdk_test.go:710: SDK_PHASE name=parent_sweep_end_next elapsed=4.459362767s remaining=55.540637183s sdk_requests=5729
    graph_continuation_sdk_test.go:766: ARCHIVE_COLLECTION stage=next original_entry_receipts_removed=16 live_records=3 logical_records=16
    graph_continuation_sdk_test.go:770: SDK_PHASE name=parent_audit_end_next elapsed=4.577893704s remaining=55.422106205s sdk_requests=6019
    graph_continuation_sdk_test.go:783: SDK_PHASE name=boundary_scan_end_next elapsed=4.582738099s remaining=55.417261821s sdk_requests=6037
    graph_continuation_sdk_test.go:590: SDK_PHASE name=execute_begin_finish elapsed=4.582769737s remaining=55.417230213s sdk_requests=6037
    graph_sdk_lease_trace_test.go:22: SDK_LEASE_CREATE key=test.sdkcontinue revision=29 value={"worker":"sdkcontinue","epoch":0} elapsed=391.035µs error=%!q(<nil>)
    graph_sdk_lease_trace_test.go:32: SDK_LEASE_UPDATE key=test.sdkcontinue expected=29 revision=30 value={"worker":"sdkcontinue","epoch":29} elapsed=136.377µs error=%!q(<nil>)
    graph_sdk_lease_trace_test.go:32: SDK_LEASE_UPDATE key=test.sdkcontinue expected=30 revision=31 value={"worker":"sdkcontinue","epoch":29} elapsed=300.197µs error=%!q(<nil>)
    graph_sdk_lease_trace_test.go:32: SDK_LEASE_UPDATE key=test.sdkcontinue expected=31 revision=32 value={"worker":"sdkcontinue","epoch":29} elapsed=373.247µs error=%!q(<nil>)
    graph_sdk_lease_trace_test.go:32: SDK_LEASE_UPDATE key=test.sdkcontinue expected=32 revision=33 value={"worker":"sdkcontinue","epoch":29} elapsed=429.914µs error=%!q(<nil>)
    graph_sdk_lease_trace_test.go:32: SDK_LEASE_UPDATE key=test.sdkcontinue expected=33 revision=34 value={"worker":"sdkcontinue","epoch":29} elapsed=491.137µs error=%!q(<nil>)
    graph_sdk_lease_trace_test.go:32: SDK_LEASE_UPDATE key=test.sdkcontinue expected=34 revision=35 value={"worker":"sdkcontinue","epoch":29} elapsed=319.746µs error=%!q(<nil>)
    graph_sdk_lease_trace_test.go:32: SDK_LEASE_UPDATE key=test.sdkcontinue expected=35 revision=36 value={"worker":"sdkcontinue","epoch":29} elapsed=300.207µs error=%!q(<nil>)
    graph_sdk_lease_trace_test.go:32: SDK_LEASE_UPDATE key=test.sdkcontinue expected=36 revision=37 value={"worker":"sdkcontinue","epoch":29} elapsed=457.706µs error=%!q(<nil>)
    graph_sdk_lease_trace_test.go:32: SDK_LEASE_UPDATE key=test.sdkcontinue expected=37 revision=38 value={"worker":"sdkcontinue","epoch":29} elapsed=409.933µs error=%!q(<nil>)
    graph_sdk_lease_trace_test.go:32: SDK_LEASE_UPDATE key=test.sdkcontinue expected=38 revision=39 value={"worker":"sdkcontinue","epoch":29} elapsed=414.991µs error=%!q(<nil>)
    graph_sdk_lease_trace_test.go:32: SDK_LEASE_UPDATE key=test.sdkcontinue expected=39 revision=40 value={"worker":"sdkcontinue","epoch":29} elapsed=461.451µs error=%!q(<nil>)
    graph_sdk_lease_trace_test.go:32: SDK_LEASE_UPDATE key=test.sdkcontinue expected=40 revision=41 value={"worker":"sdkcontinue","epoch":29} elapsed=279.154µs error=%!q(<nil>)
    graph_sdk_lease_trace_test.go:32: SDK_LEASE_UPDATE key=test.sdkcontinue expected=41 revision=42 value={"worker":"sdkcontinue","epoch":29} elapsed=210.42µs error=%!q(<nil>)
    graph_sdk_lease_trace_test.go:32: SDK_LEASE_UPDATE key=test.sdkcontinue expected=42 revision=43 value={"worker":"sdkcontinue","epoch":29} elapsed=553.031µs error=%!q(<nil>)
    graph_sdk_lease_trace_test.go:32: SDK_LEASE_UPDATE key=test.sdkcontinue expected=43 revision=44 value={"worker":"sdkcontinue","epoch":29} elapsed=508.292µs error=%!q(<nil>)
    graph_sdk_lease_trace_test.go:32: SDK_LEASE_UPDATE key=test.sdkcontinue expected=44 revision=45 value={"worker":"sdkcontinue","epoch":29} elapsed=305.144µs error=%!q(<nil>)
    graph_sdk_lease_trace_test.go:32: SDK_LEASE_UPDATE key=test.sdkcontinue expected=45 revision=46 value={"worker":"sdkcontinue","epoch":29} elapsed=4.224883ms error=%!q(<nil>)
    graph_sdk_lease_trace_test.go:32: SDK_LEASE_UPDATE key=test.sdkcontinue expected=46 revision=47 value={"worker":"sdkcontinue","epoch":29} elapsed=437.365µs error=%!q(<nil>)
    graph_sdk_lease_trace_test.go:32: SDK_LEASE_UPDATE key=test.sdkcontinue expected=47 revision=48 value={"worker":"sdkcontinue","epoch":29} elapsed=270.592µs error=%!q(<nil>)
    graph_sdk_lease_trace_test.go:32: SDK_LEASE_UPDATE key=test.sdkcontinue expected=48 revision=49 value={"worker":"sdkcontinue","epoch":29} elapsed=351.925µs error=%!q(<nil>)
    graph_sdk_lease_trace_test.go:32: SDK_LEASE_UPDATE key=test.sdkcontinue expected=49 revision=50 value={"worker":"sdkcontinue","epoch":29} elapsed=341.429µs error=%!q(<nil>)
    graph_sdk_lease_trace_test.go:32: SDK_LEASE_UPDATE key=test.sdkcontinue expected=50 revision=51 value={"worker":"sdkcontinue","epoch":29} elapsed=311.233µs error=%!q(<nil>)
    graph_sdk_lease_trace_test.go:32: SDK_LEASE_UPDATE key=test.sdkcontinue expected=51 revision=52 value={"worker":"sdkcontinue","epoch":29} elapsed=381.941µs error=%!q(<nil>)
    graph_sdk_lease_trace_test.go:32: SDK_LEASE_UPDATE key=test.sdkcontinue expected=52 revision=53 value={"worker":"sdkcontinue","epoch":29} elapsed=312.535µs error=%!q(<nil>)
    graph_sdk_lease_trace_test.go:32: SDK_LEASE_UPDATE key=test.sdkcontinue expected=53 revision=54 value={"worker":"sdkcontinue","epoch":29} elapsed=481.632µs error=%!q(<nil>)
    graph_sdk_lease_trace_test.go:32: SDK_LEASE_UPDATE key=test.sdkcontinue expected=54 revision=55 value={"worker":"sdkcontinue","epoch":29} elapsed=441.531µs error=%!q(<nil>)
    graph_sdk_lease_trace_test.go:32: SDK_LEASE_UPDATE key=test.sdkcontinue expected=55 revision=56 value={"worker":"sdkcontinue","epoch":29} elapsed=333.176µs error=%!q(<nil>)
    graph_sdk_lease_trace_test.go:32: SDK_LEASE_UPDATE key=test.sdkcontinue expected=56 revision=57 value={"worker":"sdkcontinue","epoch":29} elapsed=316.381µs error=%!q(<nil>)
    graph_sdk_lease_trace_test.go:32: SDK_LEASE_UPDATE key=test.sdkcontinue expected=57 revision=58 value={"worker":"sdkcontinue","epoch":29} elapsed=480.25µs error=%!q(<nil>)
    graph_sdk_lease_trace_test.go:32: SDK_LEASE_UPDATE key=test.sdkcontinue expected=58 revision=59 value={"worker":"sdkcontinue","epoch":29} elapsed=421.041µs error=%!q(<nil>)
    graph_continuation_sdk_test.go:592: SDK_PHASE name=execute_end_finish elapsed=6.805686629s remaining=53.194313311s sdk_requests=11858
    graph_continuation_sdk_test.go:622: SDK_TIMER_HISTORY stage=finish cancelled=[4,14] archive=true
    graph_continuation_sdk_test.go:710: SDK_PHASE name=parent_sweep_end_finish elapsed=8.366421252s remaining=51.633578627s sdk_requests=16268
    graph_continuation_sdk_test.go:766: ARCHIVE_COLLECTION stage=finish original_entry_receipts_removed=25 live_records=3 logical_records=37
    graph_continuation_sdk_test.go:770: SDK_PHASE name=parent_audit_end_finish elapsed=8.552405747s remaining=51.447594163s sdk_requests=16831
    graph_continuation_sdk_test.go:783: SDK_PHASE name=boundary_scan_end_finish elapsed=8.562445019s remaining=51.437554891s sdk_requests=16848
    graph_sdk_lease_trace_test.go:22: SDK_LEASE_CREATE key=test.sdkcontinue revision=61 value={"worker":"sdkcontinue","epoch":0} elapsed=575.995µs error=%!q(<nil>)
    graph_sdk_lease_trace_test.go:32: SDK_LEASE_UPDATE key=test.sdkcontinue expected=61 revision=62 value={"worker":"sdkcontinue","epoch":61} elapsed=218.843µs error=%!q(<nil>)
    graph_sdk_lease_trace_test.go:32: SDK_LEASE_UPDATE key=test.sdkcontinue expected=62 revision=63 value={"worker":"sdkcontinue","epoch":61} elapsed=309.431µs error=%!q(<nil>)
    graph_sdk_lease_trace_test.go:32: SDK_LEASE_UPDATE key=test.sdkcontinue expected=63 revision=64 value={"worker":"sdkcontinue","epoch":61} elapsed=323.492µs error=%!q(<nil>)
    graph_sdk_lease_trace_test.go:32: SDK_LEASE_UPDATE key=test.sdkcontinue expected=64 revision=65 value={"worker":"sdkcontinue","epoch":61} elapsed=326.497µs error=%!q(<nil>)
    graph_sdk_lease_trace_test.go:32: SDK_LEASE_UPDATE key=test.sdkcontinue expected=65 revision=66 value={"worker":"sdkcontinue","epoch":61} elapsed=212.643µs error=%!q(<nil>)
    graph_sdk_lease_trace_test.go:22: SDK_LEASE_CREATE key=test.sdkcontinue revision=68 value={"worker":"sdkcontinue","epoch":0} elapsed=346.717µs error=%!q(<nil>)
    graph_sdk_lease_trace_test.go:32: SDK_LEASE_UPDATE key=test.sdkcontinue expected=68 revision=69 value={"worker":"sdkcontinue","epoch":68} elapsed=160.494µs error=%!q(<nil>)
    graph_continuation_sdk_test.go:1179: RAW_SDK_CHECKPOINT_AUDIT journals=1 entries=40 terminals=1 pending=0 retired_projection_only=0
    graph_continuation_sdk_test.go:1180: RAW_SDK_CHECKPOINT_HISTORY checkpoints=2
    graph_continuation_sdk_test.go:1182: SDK initial/next/finish=map[finish:1 initial:1 next:1] effects=2 records=40 result=43
    graph_continuation_sdk_test.go:1186: SDK_PHASE name=finished elapsed=9.414669315s remaining=50.585330595s sdk_requests=19686
--- PASS: TestNativeGraphContinuationTimerHistory (18.96s)
    --- PASS: TestNativeGraphContinuationTimerHistory/R1/archive=false (1.46s)
    --- PASS: TestNativeGraphContinuationTimerHistory/R1/archive=true (3.42s)
    --- PASS: TestNativeGraphContinuationTimerHistory/R3Domain/archive=false (4.50s)
    --- PASS: TestNativeGraphContinuationTimerHistory/R3Domain/archive=true (9.57s)
PASS
ok  	js-wf/worker	18.971s
