=== RUN   TestRawGraphCheckpointPromiseHistory
=== RUN   TestRawGraphCheckpointPromiseHistory/signal-inline
=== RUN   TestRawGraphCheckpointPromiseHistory/signal-external
=== RUN   TestRawGraphCheckpointPromiseHistory/explicit-inline
=== RUN   TestRawGraphCheckpointPromiseHistory/explicit-external
=== RUN   TestRawGraphCheckpointPromiseHistory/ambiguous-cache-omitted
=== RUN   TestRawGraphCheckpointPromiseHistory/cached-select-reuse
=== RUN   TestRawGraphCheckpointPromiseHistory/compacted-outcome
=== RUN   TestRawGraphCheckpointPromiseHistory/multiple-ambiguous-candidates
=== RUN   TestRawGraphCheckpointPromiseHistory/multiple-ambiguous-later
=== RUN   TestRawGraphCheckpointPromiseHistory/outcome-changed
=== RUN   TestRawGraphCheckpointPromiseHistory/name-changed
=== RUN   TestRawGraphCheckpointPromiseHistory/no-selection
=== RUN   TestRawGraphCheckpointPromiseHistory/child-declaration
=== RUN   TestRawGraphCheckpointPromiseHistory/child-generation
=== RUN   TestRawGraphCheckpointPromiseHistory/source-unowned
=== RUN   TestRawGraphCheckpointPromiseHistory/source-wrong-bytes
=== RUN   TestRawGraphCheckpointPromiseHistory/source-missing
=== RUN   TestRawGraphCheckpointPromiseHistory/external-unowned
=== RUN   TestRawGraphCheckpointPromiseHistory/explicit-cache-omitted
=== RUN   TestRawGraphCheckpointPromiseHistory/case-index-missing
=== RUN   TestRawGraphCheckpointPromiseHistory/cached-without-history
=== RUN   TestRawGraphCheckpointPromiseHistory/explicit-cache-reconsumed
=== RUN   TestRawGraphCheckpointPromiseHistory/arrival-missing
--- PASS: TestRawGraphCheckpointPromiseHistory (0.01s)
    --- PASS: TestRawGraphCheckpointPromiseHistory/signal-inline (0.00s)
    --- PASS: TestRawGraphCheckpointPromiseHistory/signal-external (0.00s)
    --- PASS: TestRawGraphCheckpointPromiseHistory/explicit-inline (0.00s)
    --- PASS: TestRawGraphCheckpointPromiseHistory/explicit-external (0.00s)
    --- PASS: TestRawGraphCheckpointPromiseHistory/ambiguous-cache-omitted (0.00s)
    --- PASS: TestRawGraphCheckpointPromiseHistory/cached-select-reuse (0.00s)
    --- PASS: TestRawGraphCheckpointPromiseHistory/compacted-outcome (0.00s)
    --- PASS: TestRawGraphCheckpointPromiseHistory/multiple-ambiguous-candidates (0.00s)
    --- PASS: TestRawGraphCheckpointPromiseHistory/multiple-ambiguous-later (0.00s)
    --- PASS: TestRawGraphCheckpointPromiseHistory/outcome-changed (0.00s)
    --- PASS: TestRawGraphCheckpointPromiseHistory/name-changed (0.00s)
    --- PASS: TestRawGraphCheckpointPromiseHistory/no-selection (0.00s)
    --- PASS: TestRawGraphCheckpointPromiseHistory/child-declaration (0.00s)
    --- PASS: TestRawGraphCheckpointPromiseHistory/child-generation (0.00s)
    --- PASS: TestRawGraphCheckpointPromiseHistory/source-unowned (0.00s)
    --- PASS: TestRawGraphCheckpointPromiseHistory/source-wrong-bytes (0.00s)
    --- PASS: TestRawGraphCheckpointPromiseHistory/source-missing (0.00s)
    --- PASS: TestRawGraphCheckpointPromiseHistory/external-unowned (0.00s)
    --- PASS: TestRawGraphCheckpointPromiseHistory/explicit-cache-omitted (0.00s)
    --- PASS: TestRawGraphCheckpointPromiseHistory/case-index-missing (0.00s)
    --- PASS: TestRawGraphCheckpointPromiseHistory/cached-without-history (0.00s)
    --- PASS: TestRawGraphCheckpointPromiseHistory/explicit-cache-reconsumed (0.00s)
    --- PASS: TestRawGraphCheckpointPromiseHistory/arrival-missing (0.00s)
=== RUN   TestRawGraphCheckpointSDKSignalHistory
=== RUN   TestRawGraphCheckpointSDKSignalHistory/signal
=== RUN   TestRawGraphCheckpointSDKSignalHistory/call
=== RUN   TestRawGraphCheckpointSDKSignalHistory/timer_signal_select
=== RUN   TestRawGraphCheckpointSDKSignalHistory/select_many
=== RUN   TestRawGraphCheckpointSDKSignalHistory/timer-branch
=== RUN   TestRawGraphCheckpointSDKSignalHistory/many-timer-branch
=== RUN   TestRawGraphCheckpointSDKSignalHistory/cached-promise
=== RUN   TestRawGraphCheckpointSDKSignalHistory/different-name-order
=== RUN   TestRawGraphCheckpointSDKSignalHistory/cursor-advanced
=== RUN   TestRawGraphCheckpointSDKSignalHistory/cursor-regressed
=== RUN   TestRawGraphCheckpointSDKSignalHistory/consumed-omitted
=== RUN   TestRawGraphCheckpointSDKSignalHistory/consumed-fabricated
=== RUN   TestRawGraphCheckpointSDKSignalHistory/consumed-duplicate
=== RUN   TestRawGraphCheckpointSDKSignalHistory/pending-omitted
=== RUN   TestRawGraphCheckpointSDKSignalHistory/pending-extra
=== RUN   TestRawGraphCheckpointSDKSignalHistory/pending-used
=== RUN   TestRawGraphCheckpointSDKSignalHistory/pending-name
=== RUN   TestRawGraphCheckpointSDKSignalHistory/pending-inline-bytes
=== RUN   TestRawGraphCheckpointSDKSignalHistory/pending-owned-bytes
=== RUN   TestRawGraphCheckpointSDKSignalHistory/pending-duplicate
=== RUN   TestRawGraphCheckpointSDKSignalHistory/pending-not-arrived
=== RUN   TestRawGraphCheckpointSDKSignalHistory/selection-missing
=== RUN   TestRawGraphCheckpointSDKSignalHistory/selection-name
=== RUN   TestRawGraphCheckpointSDKSignalHistory/selection-reused
=== RUN   TestRawGraphCheckpointSDKSignalHistory/selection-skips-oldest
=== RUN   TestRawGraphCheckpointSDKSignalHistory/timer-branch-invalid
=== RUN   TestRawGraphCheckpointSDKSignalHistory/timer-with-signal
=== RUN   TestRawGraphCheckpointSDKSignalHistory/case-index-missing
=== RUN   TestRawGraphCheckpointSDKSignalHistory/case-index-invalid
=== RUN   TestRawGraphCheckpointSDKSignalHistory/case-kind-invalid
=== RUN   TestRawGraphCheckpointSDKSignalHistory/many-timer-with-signal
--- PASS: TestRawGraphCheckpointSDKSignalHistory (0.01s)
    --- PASS: TestRawGraphCheckpointSDKSignalHistory/signal (0.00s)
    --- PASS: TestRawGraphCheckpointSDKSignalHistory/call (0.00s)
    --- PASS: TestRawGraphCheckpointSDKSignalHistory/timer_signal_select (0.00s)
    --- PASS: TestRawGraphCheckpointSDKSignalHistory/select_many (0.00s)
    --- PASS: TestRawGraphCheckpointSDKSignalHistory/timer-branch (0.00s)
    --- PASS: TestRawGraphCheckpointSDKSignalHistory/many-timer-branch (0.00s)
    --- PASS: TestRawGraphCheckpointSDKSignalHistory/cached-promise (0.00s)
    --- PASS: TestRawGraphCheckpointSDKSignalHistory/different-name-order (0.00s)
    --- PASS: TestRawGraphCheckpointSDKSignalHistory/cursor-advanced (0.00s)
    --- PASS: TestRawGraphCheckpointSDKSignalHistory/cursor-regressed (0.00s)
    --- PASS: TestRawGraphCheckpointSDKSignalHistory/consumed-omitted (0.00s)
    --- PASS: TestRawGraphCheckpointSDKSignalHistory/consumed-fabricated (0.00s)
    --- PASS: TestRawGraphCheckpointSDKSignalHistory/consumed-duplicate (0.00s)
    --- PASS: TestRawGraphCheckpointSDKSignalHistory/pending-omitted (0.00s)
    --- PASS: TestRawGraphCheckpointSDKSignalHistory/pending-extra (0.00s)
    --- PASS: TestRawGraphCheckpointSDKSignalHistory/pending-used (0.00s)
    --- PASS: TestRawGraphCheckpointSDKSignalHistory/pending-name (0.00s)
    --- PASS: TestRawGraphCheckpointSDKSignalHistory/pending-inline-bytes (0.00s)
    --- PASS: TestRawGraphCheckpointSDKSignalHistory/pending-owned-bytes (0.00s)
    --- PASS: TestRawGraphCheckpointSDKSignalHistory/pending-duplicate (0.00s)
    --- PASS: TestRawGraphCheckpointSDKSignalHistory/pending-not-arrived (0.00s)
    --- PASS: TestRawGraphCheckpointSDKSignalHistory/selection-missing (0.00s)
    --- PASS: TestRawGraphCheckpointSDKSignalHistory/selection-name (0.00s)
    --- PASS: TestRawGraphCheckpointSDKSignalHistory/selection-reused (0.00s)
    --- PASS: TestRawGraphCheckpointSDKSignalHistory/selection-skips-oldest (0.00s)
    --- PASS: TestRawGraphCheckpointSDKSignalHistory/timer-branch-invalid (0.00s)
    --- PASS: TestRawGraphCheckpointSDKSignalHistory/timer-with-signal (0.00s)
    --- PASS: TestRawGraphCheckpointSDKSignalHistory/case-index-missing (0.00s)
    --- PASS: TestRawGraphCheckpointSDKSignalHistory/case-index-invalid (0.00s)
    --- PASS: TestRawGraphCheckpointSDKSignalHistory/case-kind-invalid (0.00s)
    --- PASS: TestRawGraphCheckpointSDKSignalHistory/many-timer-with-signal (0.00s)
=== RUN   TestRawGraphCheckpointSDKTimerHistory
=== RUN   TestRawGraphCheckpointSDKTimerHistory/absolute-position-and-deadline
=== RUN   TestRawGraphCheckpointSDKTimerHistory/cancel
=== RUN   TestRawGraphCheckpointSDKTimerHistory/await
=== RUN   TestRawGraphCheckpointSDKTimerHistory/timer-select
=== RUN   TestRawGraphCheckpointSDKTimerHistory/many-select
=== RUN   TestRawGraphCheckpointSDKTimerHistory/signal-then-cancel
=== RUN   TestRawGraphCheckpointSDKTimerHistory/carried-cancel
=== RUN   TestRawGraphCheckpointSDKTimerHistory/empty
=== RUN   TestRawGraphCheckpointSDKTimerHistory/missing-creation
=== RUN   TestRawGraphCheckpointSDKTimerHistory/wrong-name
=== RUN   TestRawGraphCheckpointSDKTimerHistory/wrong-deadline
=== RUN   TestRawGraphCheckpointSDKTimerHistory/wrong-domain
=== RUN   TestRawGraphCheckpointSDKTimerHistory/unconfirmed-cancel
=== RUN   TestRawGraphCheckpointSDKTimerHistory/cancel-after-fire
=== RUN   TestRawGraphCheckpointSDKTimerHistory/await-after-cancel
=== RUN   TestRawGraphCheckpointSDKTimerHistory/duplicate-cancel
=== RUN   TestRawGraphCheckpointSDKTimerHistory/live-checkpoint
=== RUN   TestRawGraphCheckpointSDKTimerHistory/omitted-cancel
=== RUN   TestRawGraphCheckpointSDKTimerHistory/fabricated-cancel
=== RUN   TestRawGraphCheckpointSDKTimerHistory/duplicate-cancel-id
=== RUN   TestRawGraphCheckpointSDKTimerHistory/bad-select-index
=== RUN   TestRawGraphCheckpointSDKTimerHistory/unselected-dead-timer
--- PASS: TestRawGraphCheckpointSDKTimerHistory (0.00s)
    --- PASS: TestRawGraphCheckpointSDKTimerHistory/absolute-position-and-deadline (0.00s)
    --- PASS: TestRawGraphCheckpointSDKTimerHistory/cancel (0.00s)
    --- PASS: TestRawGraphCheckpointSDKTimerHistory/await (0.00s)
    --- PASS: TestRawGraphCheckpointSDKTimerHistory/timer-select (0.00s)
    --- PASS: TestRawGraphCheckpointSDKTimerHistory/many-select (0.00s)
    --- PASS: TestRawGraphCheckpointSDKTimerHistory/signal-then-cancel (0.00s)
    --- PASS: TestRawGraphCheckpointSDKTimerHistory/carried-cancel (0.00s)
    --- PASS: TestRawGraphCheckpointSDKTimerHistory/empty (0.00s)
    --- PASS: TestRawGraphCheckpointSDKTimerHistory/missing-creation (0.00s)
    --- PASS: TestRawGraphCheckpointSDKTimerHistory/wrong-name (0.00s)
    --- PASS: TestRawGraphCheckpointSDKTimerHistory/wrong-deadline (0.00s)
    --- PASS: TestRawGraphCheckpointSDKTimerHistory/wrong-domain (0.00s)
    --- PASS: TestRawGraphCheckpointSDKTimerHistory/unconfirmed-cancel (0.00s)
    --- PASS: TestRawGraphCheckpointSDKTimerHistory/cancel-after-fire (0.00s)
    --- PASS: TestRawGraphCheckpointSDKTimerHistory/await-after-cancel (0.00s)
    --- PASS: TestRawGraphCheckpointSDKTimerHistory/duplicate-cancel (0.00s)
    --- PASS: TestRawGraphCheckpointSDKTimerHistory/live-checkpoint (0.00s)
    --- PASS: TestRawGraphCheckpointSDKTimerHistory/omitted-cancel (0.00s)
    --- PASS: TestRawGraphCheckpointSDKTimerHistory/fabricated-cancel (0.00s)
    --- PASS: TestRawGraphCheckpointSDKTimerHistory/duplicate-cancel-id (0.00s)
    --- PASS: TestRawGraphCheckpointSDKTimerHistory/bad-select-index (0.00s)
    --- PASS: TestRawGraphCheckpointSDKTimerHistory/unselected-dead-timer (0.00s)
=== RUN   TestRawGraphRejectedLimitBoundary
=== RUN   TestRawGraphRejectedLimitBoundary/json/request
=== RUN   TestRawGraphRejectedLimitBoundary/json/attempt
=== RUN   TestRawGraphRejectedLimitBoundary/json/signal
=== RUN   TestRawGraphRejectedLimitBoundary/json/suspension
=== RUN   TestRawGraphRejectedLimitBoundary/json/overlap
=== RUN   TestRawGraphRejectedLimitBoundary/json/completed
=== RUN   TestRawGraphRejectedLimitBoundary/json/both
=== RUN   TestRawGraphRejectedLimitBoundary/json/request-null
=== RUN   TestRawGraphRejectedLimitBoundary/json/request-empty
=== RUN   TestRawGraphRejectedLimitBoundary/json/request-unknown
=== RUN   TestRawGraphRejectedLimitBoundary/json/request-duplicate
=== RUN   TestRawGraphRejectedLimitBoundary/json/entry-kind
=== RUN   TestRawGraphRejectedLimitBoundary/json/entry-null
=== RUN   TestRawGraphRejectedLimitBoundary/json/attempt-gap
=== RUN   TestRawGraphRejectedLimitBoundary/json/attempt-empty-error
=== RUN   TestRawGraphRejectedLimitBoundary/json/attempt-alias
=== RUN   TestRawGraphRejectedLimitBoundary/json/attempt-duplicate
=== RUN   TestRawGraphRejectedLimitBoundary/json/signal-zero
=== RUN   TestRawGraphRejectedLimitBoundary/json/signal-name
=== RUN   TestRawGraphRejectedLimitBoundary/json/signal-alias
=== RUN   TestRawGraphRejectedLimitBoundary/json/suspension-unresolved
=== RUN   TestRawGraphRejectedLimitBoundary/json/suspension-empty
=== RUN   TestRawGraphRejectedLimitBoundary/json/suspension-unknown
=== RUN   TestRawGraphRejectedLimitBoundary/json/wrong-error
=== RUN   TestRawGraphRejectedLimitBoundary/protobuf-v1/request
=== RUN   TestRawGraphRejectedLimitBoundary/protobuf-v1/attempt
=== RUN   TestRawGraphRejectedLimitBoundary/protobuf-v1/signal
=== RUN   TestRawGraphRejectedLimitBoundary/protobuf-v1/suspension
=== RUN   TestRawGraphRejectedLimitBoundary/protobuf-v1/overlap
=== RUN   TestRawGraphRejectedLimitBoundary/protobuf-v1/completed
=== RUN   TestRawGraphRejectedLimitBoundary/protobuf-v1/both
=== RUN   TestRawGraphRejectedLimitBoundary/protobuf-v1/request-null
=== RUN   TestRawGraphRejectedLimitBoundary/protobuf-v1/request-empty
=== RUN   TestRawGraphRejectedLimitBoundary/protobuf-v1/request-unknown
=== RUN   TestRawGraphRejectedLimitBoundary/protobuf-v1/request-duplicate
=== RUN   TestRawGraphRejectedLimitBoundary/protobuf-v1/entry-kind
=== RUN   TestRawGraphRejectedLimitBoundary/protobuf-v1/entry-null
=== RUN   TestRawGraphRejectedLimitBoundary/protobuf-v1/attempt-gap
=== RUN   TestRawGraphRejectedLimitBoundary/protobuf-v1/attempt-empty-error
=== RUN   TestRawGraphRejectedLimitBoundary/protobuf-v1/attempt-alias
=== RUN   TestRawGraphRejectedLimitBoundary/protobuf-v1/attempt-duplicate
=== RUN   TestRawGraphRejectedLimitBoundary/protobuf-v1/signal-zero
=== RUN   TestRawGraphRejectedLimitBoundary/protobuf-v1/signal-name
=== RUN   TestRawGraphRejectedLimitBoundary/protobuf-v1/signal-alias
=== RUN   TestRawGraphRejectedLimitBoundary/protobuf-v1/suspension-unresolved
=== RUN   TestRawGraphRejectedLimitBoundary/protobuf-v1/suspension-empty
=== RUN   TestRawGraphRejectedLimitBoundary/protobuf-v1/suspension-unknown
=== RUN   TestRawGraphRejectedLimitBoundary/protobuf-v1/wrong-error
--- PASS: TestRawGraphRejectedLimitBoundary (0.19s)
    --- PASS: TestRawGraphRejectedLimitBoundary/json/request (0.01s)
    --- PASS: TestRawGraphRejectedLimitBoundary/json/attempt (0.00s)
    --- PASS: TestRawGraphRejectedLimitBoundary/json/signal (0.00s)
    --- PASS: TestRawGraphRejectedLimitBoundary/json/suspension (0.00s)
    --- PASS: TestRawGraphRejectedLimitBoundary/json/overlap (0.00s)
    --- PASS: TestRawGraphRejectedLimitBoundary/json/completed (0.00s)
    --- PASS: TestRawGraphRejectedLimitBoundary/json/both (0.00s)
    --- PASS: TestRawGraphRejectedLimitBoundary/json/request-null (0.00s)
    --- PASS: TestRawGraphRejectedLimitBoundary/json/request-empty (0.00s)
    --- PASS: TestRawGraphRejectedLimitBoundary/json/request-unknown (0.01s)
    --- PASS: TestRawGraphRejectedLimitBoundary/json/request-duplicate (0.00s)
    --- PASS: TestRawGraphRejectedLimitBoundary/json/entry-kind (0.01s)
    --- PASS: TestRawGraphRejectedLimitBoundary/json/entry-null (0.00s)
    --- PASS: TestRawGraphRejectedLimitBoundary/json/attempt-gap (0.00s)
    --- PASS: TestRawGraphRejectedLimitBoundary/json/attempt-empty-error (0.00s)
    --- PASS: TestRawGraphRejectedLimitBoundary/json/attempt-alias (0.00s)
    --- PASS: TestRawGraphRejectedLimitBoundary/json/attempt-duplicate (0.00s)
    --- PASS: TestRawGraphRejectedLimitBoundary/json/signal-zero (0.00s)
    --- PASS: TestRawGraphRejectedLimitBoundary/json/signal-name (0.00s)
    --- PASS: TestRawGraphRejectedLimitBoundary/json/signal-alias (0.00s)
    --- PASS: TestRawGraphRejectedLimitBoundary/json/suspension-unresolved (0.00s)
    --- PASS: TestRawGraphRejectedLimitBoundary/json/suspension-empty (0.00s)
    --- PASS: TestRawGraphRejectedLimitBoundary/json/suspension-unknown (0.00s)
    --- PASS: TestRawGraphRejectedLimitBoundary/json/wrong-error (0.00s)
    --- PASS: TestRawGraphRejectedLimitBoundary/protobuf-v1/request (0.00s)
    --- PASS: TestRawGraphRejectedLimitBoundary/protobuf-v1/attempt (0.00s)
    --- PASS: TestRawGraphRejectedLimitBoundary/protobuf-v1/signal (0.00s)
    --- PASS: TestRawGraphRejectedLimitBoundary/protobuf-v1/suspension (0.00s)
    --- PASS: TestRawGraphRejectedLimitBoundary/protobuf-v1/overlap (0.01s)
    --- PASS: TestRawGraphRejectedLimitBoundary/protobuf-v1/completed (0.01s)
    --- PASS: TestRawGraphRejectedLimitBoundary/protobuf-v1/both (0.00s)
    --- PASS: TestRawGraphRejectedLimitBoundary/protobuf-v1/request-null (0.00s)
    --- PASS: TestRawGraphRejectedLimitBoundary/protobuf-v1/request-empty (0.00s)
    --- PASS: TestRawGraphRejectedLimitBoundary/protobuf-v1/request-unknown (0.00s)
    --- PASS: TestRawGraphRejectedLimitBoundary/protobuf-v1/request-duplicate (0.00s)
    --- PASS: TestRawGraphRejectedLimitBoundary/protobuf-v1/entry-kind (0.00s)
    --- PASS: TestRawGraphRejectedLimitBoundary/protobuf-v1/entry-null (0.00s)
    --- PASS: TestRawGraphRejectedLimitBoundary/protobuf-v1/attempt-gap (0.00s)
    --- PASS: TestRawGraphRejectedLimitBoundary/protobuf-v1/attempt-empty-error (0.00s)
    --- PASS: TestRawGraphRejectedLimitBoundary/protobuf-v1/attempt-alias (0.00s)
    --- PASS: TestRawGraphRejectedLimitBoundary/protobuf-v1/attempt-duplicate (0.00s)
    --- PASS: TestRawGraphRejectedLimitBoundary/protobuf-v1/signal-zero (0.00s)
    --- PASS: TestRawGraphRejectedLimitBoundary/protobuf-v1/signal-name (0.01s)
    --- PASS: TestRawGraphRejectedLimitBoundary/protobuf-v1/signal-alias (0.00s)
    --- PASS: TestRawGraphRejectedLimitBoundary/protobuf-v1/suspension-unresolved (0.00s)
    --- PASS: TestRawGraphRejectedLimitBoundary/protobuf-v1/suspension-empty (0.00s)
    --- PASS: TestRawGraphRejectedLimitBoundary/protobuf-v1/suspension-unknown (0.00s)
    --- PASS: TestRawGraphRejectedLimitBoundary/protobuf-v1/wrong-error (0.00s)
=== RUN   TestRawGraphSelectionPriority
=== RUN   TestRawGraphSelectionPriority/json/first
=== RUN   TestRawGraphSelectionPriority/json/reordered
=== RUN   TestRawGraphSelectionPriority/json/earlier-absent
=== RUN   TestRawGraphSelectionPriority/json/skipped-ready
=== RUN   TestRawGraphSelectionPriority/json/invalid-unselected-kind
=== RUN   TestRawGraphSelectionPriority/json/invalid-unselected-name
=== RUN   TestRawGraphSelectionPriority/protobuf-v1/first
=== RUN   TestRawGraphSelectionPriority/protobuf-v1/reordered
=== RUN   TestRawGraphSelectionPriority/protobuf-v1/earlier-absent
=== RUN   TestRawGraphSelectionPriority/protobuf-v1/skipped-ready
=== RUN   TestRawGraphSelectionPriority/protobuf-v1/invalid-unselected-kind
=== RUN   TestRawGraphSelectionPriority/protobuf-v1/invalid-unselected-name
--- PASS: TestRawGraphSelectionPriority (0.06s)
    --- PASS: TestRawGraphSelectionPriority/json/first (0.01s)
    --- PASS: TestRawGraphSelectionPriority/json/reordered (0.01s)
    --- PASS: TestRawGraphSelectionPriority/json/earlier-absent (0.01s)
    --- PASS: TestRawGraphSelectionPriority/json/skipped-ready (0.00s)
    --- PASS: TestRawGraphSelectionPriority/json/invalid-unselected-kind (0.00s)
    --- PASS: TestRawGraphSelectionPriority/json/invalid-unselected-name (0.01s)
    --- PASS: TestRawGraphSelectionPriority/protobuf-v1/first (0.01s)
    --- PASS: TestRawGraphSelectionPriority/protobuf-v1/reordered (0.01s)
    --- PASS: TestRawGraphSelectionPriority/protobuf-v1/earlier-absent (0.00s)
    --- PASS: TestRawGraphSelectionPriority/protobuf-v1/skipped-ready (0.00s)
    --- PASS: TestRawGraphSelectionPriority/protobuf-v1/invalid-unselected-kind (0.00s)
    --- PASS: TestRawGraphSelectionPriority/protobuf-v1/invalid-unselected-name (0.00s)
=== RUN   TestRawGraphSelectionReadiness
=== RUN   TestRawGraphSelectionReadiness/signal-first
=== RUN   TestRawGraphSelectionReadiness/signal-skipped
=== RUN   TestRawGraphSelectionReadiness/signal-used
=== RUN   TestRawGraphSelectionReadiness/promise-buffered-skipped
=== RUN   TestRawGraphSelectionReadiness/promise-cached-skipped
=== RUN   TestRawGraphSelectionReadiness/promise-ambiguous
=== RUN   TestRawGraphSelectionReadiness/timer-zero-skipped
=== RUN   TestRawGraphSelectionReadiness/timer-positive-unknown
=== RUN   TestRawGraphSelectionReadiness/timer-cancelled
=== RUN   TestRawGraphSelectionReadiness/timer-fired
=== RUN   TestRawGraphSelectionReadiness/timer-signal-buffered
=== RUN   TestRawGraphSelectionReadiness/timer-signal-used
=== RUN   TestRawGraphSelectionReadiness/timer-signal-absent
=== RUN   TestRawGraphSelectionReadiness/timer-before-signal
=== RUN   TestRawGraphSelectionReadiness/invalid-child
--- PASS: TestRawGraphSelectionReadiness (0.00s)
    --- PASS: TestRawGraphSelectionReadiness/signal-first (0.00s)
    --- PASS: TestRawGraphSelectionReadiness/signal-skipped (0.00s)
    --- PASS: TestRawGraphSelectionReadiness/signal-used (0.00s)
    --- PASS: TestRawGraphSelectionReadiness/promise-buffered-skipped (0.00s)
    --- PASS: TestRawGraphSelectionReadiness/promise-cached-skipped (0.00s)
    --- PASS: TestRawGraphSelectionReadiness/promise-ambiguous (0.00s)
    --- PASS: TestRawGraphSelectionReadiness/timer-zero-skipped (0.00s)
    --- PASS: TestRawGraphSelectionReadiness/timer-positive-unknown (0.00s)
    --- PASS: TestRawGraphSelectionReadiness/timer-cancelled (0.00s)
    --- PASS: TestRawGraphSelectionReadiness/timer-fired (0.00s)
    --- PASS: TestRawGraphSelectionReadiness/timer-signal-buffered (0.00s)
    --- PASS: TestRawGraphSelectionReadiness/timer-signal-used (0.00s)
    --- PASS: TestRawGraphSelectionReadiness/timer-signal-absent (0.00s)
    --- PASS: TestRawGraphSelectionReadiness/timer-before-signal (0.00s)
    --- PASS: TestRawGraphSelectionReadiness/invalid-child (0.00s)
=== RUN   TestNativeRawGraphCheckpointAudit
=== RUN   TestNativeRawGraphCheckpointAudit/R1/indexedfalse
    graph_checkpoint_native_test.go:112: RAW_CHECKPOINT_AUDIT stage=unpublished entries=4 terminals=0 R1 indexed=false
    graph_checkpoint_native_test.go:116: RAW_CHECKPOINT_AUDIT stage=published entries=4 terminals=0 R1 indexed=false
    graph_checkpoint_native_test.go:120: RAW_CHECKPOINT_AUDIT stage=archived entries=4 terminals=0 R1 indexed=false
    graph_checkpoint_native_test.go:130: RAW_CHECKPOINT_AUDIT stage=terminal entries=5 terminals=1 R1 indexed=false
=== RUN   TestNativeRawGraphCheckpointAudit/R1/indexedtrue
    graph_checkpoint_native_test.go:112: RAW_CHECKPOINT_AUDIT stage=unpublished entries=4 terminals=0 R1 indexed=true
    graph_checkpoint_native_test.go:116: RAW_CHECKPOINT_AUDIT stage=published entries=4 terminals=0 R1 indexed=true
    graph_checkpoint_native_test.go:120: RAW_CHECKPOINT_AUDIT stage=archived entries=4 terminals=0 R1 indexed=true
    graph_checkpoint_native_test.go:130: RAW_CHECKPOINT_AUDIT stage=terminal entries=5 terminals=1 R1 indexed=true
=== RUN   TestNativeRawGraphCheckpointAudit/R3/indexedfalse
    graph_checkpoint_native_test.go:112: RAW_CHECKPOINT_AUDIT stage=unpublished entries=4 terminals=0 R3 indexed=false
    graph_checkpoint_native_test.go:116: RAW_CHECKPOINT_AUDIT stage=published entries=4 terminals=0 R3 indexed=false
    graph_checkpoint_native_test.go:120: RAW_CHECKPOINT_AUDIT stage=archived entries=4 terminals=0 R3 indexed=false
    graph_checkpoint_native_test.go:130: RAW_CHECKPOINT_AUDIT stage=terminal entries=5 terminals=1 R3 indexed=false
=== RUN   TestNativeRawGraphCheckpointAudit/R3/indexedtrue
    graph_checkpoint_native_test.go:112: RAW_CHECKPOINT_AUDIT stage=unpublished entries=4 terminals=0 R3 indexed=true
    graph_checkpoint_native_test.go:116: RAW_CHECKPOINT_AUDIT stage=published entries=4 terminals=0 R3 indexed=true
    graph_checkpoint_native_test.go:120: RAW_CHECKPOINT_AUDIT stage=archived entries=4 terminals=0 R3 indexed=true
    graph_checkpoint_native_test.go:130: RAW_CHECKPOINT_AUDIT stage=terminal entries=5 terminals=1 R3 indexed=true
--- PASS: TestNativeRawGraphCheckpointAudit (15.79s)
    --- PASS: TestNativeRawGraphCheckpointAudit/R1/indexedfalse (2.38s)
    --- PASS: TestNativeRawGraphCheckpointAudit/R1/indexedtrue (2.52s)
    --- PASS: TestNativeRawGraphCheckpointAudit/R3/indexedfalse (5.28s)
    --- PASS: TestNativeRawGraphCheckpointAudit/R3/indexedtrue (5.60s)
PASS
ok  	js-wf/integrity	17.092s
