=== RUN   TestPortableVectors
=== RUN   TestPortableVectors/Started
=== RUN   TestPortableVectors/StepRequested
=== RUN   TestPortableVectors/StepCompleted
=== RUN   TestPortableVectors/Suspended
=== RUN   TestPortableVectors/SignalConsumed
=== RUN   TestPortableVectors/Attempt
=== RUN   TestPortableVectors/Completed
=== RUN   TestPortableVectors/Failed
--- PASS: TestPortableVectors (0.00s)
    --- PASS: TestPortableVectors/Started (0.00s)
    --- PASS: TestPortableVectors/StepRequested (0.00s)
    --- PASS: TestPortableVectors/StepCompleted (0.00s)
    --- PASS: TestPortableVectors/Suspended (0.00s)
    --- PASS: TestPortableVectors/SignalConsumed (0.00s)
    --- PASS: TestPortableVectors/Attempt (0.00s)
    --- PASS: TestPortableVectors/Completed (0.00s)
    --- PASS: TestPortableVectors/Failed (0.00s)
PASS
ok  	js-wf/protocol	(cached)
