=== RUN   TestMixedMatrixServerPartitionEveryThirtySeconds
    mixed_matrix_leader_test.go:150: experimental partition server binary=/tmp/js-wf-corrected-partition200-20261008/campaign/seed-002/partition-server.bin
    mixed_matrix_leader_test.go:150: retained matrix process stores=/tmp/js-wf-corrected-partition200-20261008/campaign/seed-002/originals/TestMixedMatrixServerPartitionEveryThirtySeconds
    mixed_matrix_leader_test.go:150: mixed batch=1 elapsed=8.229247906s
    mixed_matrix_leader_test.go:150: mixed batch=2 elapsed=12.143560667s
    mixed_matrix_leader_test.go:150: mixed batch=3 elapsed=17.166024064s
    mixed_matrix_leader_test.go:150: mixed batch=4 elapsed=21.184086482s
    mixed_matrix_leader_test.go:150: mixed batch=5 elapsed=25.101457899s
    mixed_matrix_leader_test.go:664: server_partition fault node=2 nodes=[] worker= pid=0 active_leases=0 routes=[4 4 0] majority_seq=1 consumer= pending=0 ack_pending=0 scheduled=30s killed=30.000927625s healed=48.945194251s
    mixed_matrix_leader_test.go:150: mixed batch=6 elapsed=55.72075116s
    mixed_matrix_leader_test.go:150: mixed batch=7 elapsed=1m8.139436401s
    mixed_matrix_leader_test.go:664: server_partition fault node=2 nodes=[] worker= pid=0 active_leases=0 routes=[4 4 0] majority_seq=2 consumer= pending=0 ack_pending=0 scheduled=1m0s killed=1m0.000750396s healed=1m17.561633841s
    mixed_matrix_leader_test.go:150: mixed batch=8 elapsed=1m24.850134476s
    mixed_matrix_leader_test.go:150: mixed batch=9 elapsed=1m30.266741682s
    mixed_matrix_leader_test.go:150: mixed batch=10 elapsed=1m35.58496013s
    mixed_matrix_leader_test.go:688: checkpoint audit batch=10 invocation_cutoff=280 started elapsed=1m35.585060753s
    mixed_matrix_leader_test.go:700: checkpoint audit batch=10 complete report={Invocations:280 Journals:280 Entries:3096 Terminal:280} elapsed=1m36.058476348s
    mixed_matrix_leader_test.go:150: mixed batch=11 elapsed=1m39.504514857s
    mixed_matrix_leader_test.go:664: server_partition fault node=2 nodes=[] worker= pid=0 active_leases=0 routes=[4 4 0] majority_seq=3 consumer= pending=0 ack_pending=0 scheduled=1m30s killed=1m30.001158551s healed=1m50.143413509s
    mixed_matrix_leader_test.go:150: mixed batch=12 elapsed=1m55.926180006s
    mixed_matrix_leader_test.go:150: mixed batch=13 elapsed=1m59.938003591s
    mixed_matrix_leader_test.go:150: mixed batch=14 elapsed=2m3.950225767s
    mixed_matrix_leader_test.go:150: mixed batch=15 elapsed=2m7.955519219s
    mixed_matrix_leader_test.go:664: server_partition fault node=2 nodes=[] worker= pid=0 active_leases=0 routes=[4 4 0] majority_seq=4 consumer= pending=0 ack_pending=0 scheduled=2m0s killed=2m0.000011891s healed=2m19.585578448s
    mixed_matrix_leader_test.go:150: mixed batch=16 elapsed=2m25.166225207s
    mixed_matrix_leader_test.go:150: mixed batch=17 elapsed=2m29.1815654s
    mixed_matrix_leader_test.go:150: mixed batch=18 elapsed=2m34.490645322s
    mixed_matrix_leader_test.go:150: mixed batch=19 elapsed=2m39.571351612s
    mixed_matrix_leader_test.go:664: server_partition fault node=2 nodes=[] worker= pid=0 active_leases=0 routes=[4 4 0] majority_seq=5 consumer= pending=0 ack_pending=0 scheduled=2m30s killed=2m30.000947647s healed=2m47.965911656s
    mixed_matrix_leader_test.go:150: mixed batch=20 elapsed=2m56.283460051s
    mixed_matrix_leader_test.go:688: checkpoint audit batch=20 invocation_cutoff=560 started elapsed=2m56.283753587s
    mixed_matrix_leader_test.go:700: checkpoint audit batch=20 complete report={Invocations:560 Journals:560 Entries:6179 Terminal:560} elapsed=2m57.175345227s
    mixed_matrix_leader_test.go:150: mixed batch=21 elapsed=3m5.103151709s
    mixed_matrix_leader_test.go:664: server_partition fault node=2 nodes=[] worker= pid=0 active_leases=0 routes=[4 4 0] majority_seq=6 consumer= pending=0 ack_pending=0 scheduled=3m0s killed=3m0.001042747s healed=3m18.58760931s
    mixed_matrix_leader_test.go:150: mixed batch=22 elapsed=3m23.46913071s
    mixed_matrix_leader_test.go:150: mixed batch=23 elapsed=3m28.571166929s
    mixed_matrix_leader_test.go:150: mixed batch=24 elapsed=3m34.186302305s
    mixed_matrix_leader_test.go:150: mixed batch=25 elapsed=3m38.109784299s
    mixed_matrix_leader_test.go:664: server_partition fault node=2 nodes=[] worker= pid=0 active_leases=0 routes=[4 4 0] majority_seq=7 consumer= pending=0 ack_pending=0 scheduled=3m30s killed=3m30.000541567s healed=3m48.391533602s
    mixed_matrix_leader_test.go:150: mixed batch=26 elapsed=3m54.827510346s
    mixed_matrix_leader_test.go:150: mixed batch=27 elapsed=3m58.844537988s
    mixed_matrix_leader_test.go:150: mixed batch=28 elapsed=4m3.948712072s
    mixed_matrix_leader_test.go:150: mixed batch=29 elapsed=4m9.589331988s
    mixed_matrix_leader_test.go:664: server_partition fault node=2 nodes=[] worker= pid=0 active_leases=0 routes=[4 4 0] majority_seq=8 consumer= pending=0 ack_pending=0 scheduled=4m0s killed=4m0.000808403s healed=4m18.554918204s
    mixed_matrix_leader_test.go:150: mixed batch=30 elapsed=4m23.20895084s
    mixed_matrix_leader_test.go:688: checkpoint audit batch=30 invocation_cutoff=840 started elapsed=4m23.209228031s
    mixed_matrix_leader_test.go:700: checkpoint audit batch=30 complete report={Invocations:840 Journals:840 Entries:9266 Terminal:840} elapsed=4m24.369417328s
    mixed_matrix_leader_test.go:150: mixed batch=31 elapsed=4m28.376535011s
    mixed_matrix_leader_test.go:150: mixed batch=32 elapsed=4m33.687994679s
    mixed_matrix_leader_test.go:150: mixed batch=33 elapsed=4m39.100977431s
    mixed_matrix_leader_test.go:664: server_partition fault node=2 nodes=[] worker= pid=0 active_leases=0 routes=[4 4 0] majority_seq=9 consumer= pending=0 ack_pending=0 scheduled=4m30s killed=4m30.001048236s healed=4m48.451933502s
    mixed_matrix_leader_test.go:150: mixed batch=34 elapsed=4m55.811219946s
    mixed_matrix_leader_test.go:150: mixed batch=35 elapsed=5m1.130318634s
    mixed_matrix_leader_test.go:150: mixed batch=36 elapsed=5m6.441646088s
    mixed_matrix_leader_test.go:664: server_partition fault node=2 nodes=[] worker= pid=0 active_leases=0 routes=[4 4 0] majority_seq=10 consumer= pending=0 ack_pending=0 scheduled=5m0s killed=5m0.000249754s healed=5m17.844867323s
    mixed_matrix_leader_test.go:150: mixed batch=37 elapsed=5m23.456515394s
    mixed_matrix_leader_test.go:150: mixed batch=38 elapsed=5m28.868486284s
    mixed_matrix_leader_test.go:150: mixed batch=39 elapsed=5m34.178268351s
    mixed_matrix_leader_test.go:150: mixed batch=40 elapsed=5m39.490674055s
    mixed_matrix_leader_test.go:688: checkpoint audit batch=40 invocation_cutoff=1120 started elapsed=5m39.490831374s
    mixed_matrix_leader_test.go:700: checkpoint audit batch=40 complete report={Invocations:1120 Journals:1120 Entries:12357 Terminal:1120} elapsed=5m50.672445719s
    mixed_matrix_leader_test.go:664: server_partition fault node=2 nodes=[] worker= pid=0 active_leases=0 routes=[4 4 0] majority_seq=11 consumer= pending=0 ack_pending=0 scheduled=5m30s killed=5m30.000096896s healed=5m50.733053476s
    mixed_matrix_leader_test.go:150: mixed batch=41 elapsed=5m56.417162989s
    mixed_matrix_leader_test.go:150: mixed batch=42 elapsed=6m1.733895488s
    mixed_matrix_leader_test.go:150: mixed batch=43 elapsed=6m5.644506407s
    mixed_matrix_leader_test.go:664: server_partition fault node=2 nodes=[] worker= pid=0 active_leases=0 routes=[4 4 0] majority_seq=12 consumer= pending=0 ack_pending=0 scheduled=6m0s killed=6m0.0002014s healed=6m18.178703148s
    mixed_matrix_leader_test.go:150: mixed batch=44 elapsed=6m18.75312599s
    mixed_matrix_leader_test.go:150: mixed batch=45 elapsed=6m28.178640463s
    mixed_matrix_leader_test.go:150: mixed batch=46 elapsed=6m33.313839374s
    mixed_matrix_leader_test.go:150: mixed batch=47 elapsed=6m37.228451775s
    mixed_matrix_leader_test.go:664: server_partition fault node=2 nodes=[] worker= pid=0 active_leases=0 routes=[4 4 0] majority_seq=13 consumer= pending=0 ack_pending=0 scheduled=6m30s killed=6m30.000719103s healed=6m49.578052891s
    mixed_matrix_leader_test.go:150: mixed batch=48 elapsed=6m53.840116669s
    mixed_matrix_leader_test.go:150: mixed batch=49 elapsed=6m57.858559673s
    mixed_matrix_leader_test.go:150: mixed batch=50 elapsed=7m1.873896254s
    mixed_matrix_leader_test.go:688: checkpoint audit batch=50 invocation_cutoff=1400 started elapsed=7m1.874018229s
    mixed_matrix_leader_test.go:700: checkpoint audit batch=50 complete report={Invocations:1400 Journals:1400 Entries:15448 Terminal:1400} elapsed=7m3.464485454s
    mixed_matrix_leader_test.go:150: mixed batch=51 elapsed=7m5.891314704s
    mixed_matrix_leader_test.go:150: mixed batch=52 elapsed=7m9.899009389s
    mixed_matrix_leader_test.go:664: server_partition fault node=2 nodes=[] worker= pid=0 active_leases=0 routes=[4 4 0] majority_seq=14 consumer= pending=0 ack_pending=0 scheduled=7m0s killed=7m0.000420255s healed=7m18.274576139s
    mixed_matrix_leader_test.go:150: mixed batch=53 elapsed=7m27.40953249s
    mixed_matrix_leader_test.go:150: mixed batch=54 elapsed=7m32.722218275s
    mixed_matrix_leader_test.go:150: mixed batch=55 elapsed=7m38.031746738s
    mixed_matrix_leader_test.go:664: server_partition fault node=2 nodes=[] worker= pid=0 active_leases=0 routes=[4 4 0] majority_seq=15 consumer= pending=0 ack_pending=0 scheduled=7m30s killed=7m30.000830619s healed=7m48.046670449s
    mixed_matrix_leader_test.go:150: mixed batch=56 elapsed=7m55.541763162s
    mixed_matrix_leader_test.go:150: mixed batch=57 elapsed=8m0.846257869s
    mixed_matrix_leader_test.go:150: mixed batch=58 elapsed=8m6.026821485s
    mixed_matrix_leader_test.go:664: server_partition fault node=2 nodes=[] worker= pid=0 active_leases=0 routes=[4 4 0] majority_seq=16 consumer= pending=0 ack_pending=0 scheduled=8m0s killed=8m0.000736083s healed=8m19.234141174s
    mixed_matrix_leader_test.go:150: mixed batch=59 elapsed=8m22.542438796s
    mixed_matrix_leader_test.go:150: mixed batch=60 elapsed=8m27.858689444s
    mixed_matrix_leader_test.go:688: checkpoint audit batch=60 invocation_cutoff=1680 started elapsed=8m27.858921917s
    mixed_matrix_leader_test.go:700: checkpoint audit batch=60 complete report={Invocations:1680 Journals:1680 Entries:18536 Terminal:1680} elapsed=8m29.773869715s
    mixed_matrix_leader_test.go:150: mixed batch=61 elapsed=8m33.274633115s
    mixed_matrix_leader_test.go:150: mixed batch=62 elapsed=8m38.59434669s
    mixed_matrix_leader_test.go:664: server_partition fault node=2 nodes=[] worker= pid=0 active_leases=0 routes=[4 4 0] majority_seq=17 consumer= pending=0 ack_pending=0 scheduled=8m30s killed=8m30.000819206s healed=8m48.462038395s
    mixed_matrix_leader_test.go:150: mixed batch=63 elapsed=8m56.009345258s
    mixed_matrix_leader_test.go:150: mixed batch=64 elapsed=9m1.144205152s
    mixed_matrix_leader_test.go:150: mixed batch=65 elapsed=9m6.271751583s
    mixed_matrix_leader_test.go:664: server_partition fault node=2 nodes=[] worker= pid=0 active_leases=0 routes=[4 4 0] majority_seq=18 consumer= pending=0 ack_pending=0 scheduled=9m0s killed=9m0.000866511s healed=9m18.296038101s
    mixed_matrix_leader_test.go:150: mixed batch=66 elapsed=9m23.184995362s
    mixed_matrix_leader_test.go:150: mixed batch=67 elapsed=9m28.312871386s
    mixed_matrix_leader_test.go:150: mixed batch=68 elapsed=9m33.467060089s
    mixed_matrix_leader_test.go:150: mixed batch=69 elapsed=9m38.779150548s
    mixed_matrix_leader_test.go:664: server_partition fault node=2 nodes=[] worker= pid=0 active_leases=0 routes=[4 4 0] majority_seq=19 consumer= pending=0 ack_pending=0 scheduled=9m30s killed=9m30.000556242s healed=9m47.801192145s
    mixed_matrix_leader_test.go:150: mixed batch=70 elapsed=9m55.491091749s
    mixed_matrix_leader_test.go:688: checkpoint audit batch=70 invocation_cutoff=1960 started elapsed=9m55.491236619s
    mixed_matrix_leader_test.go:700: checkpoint audit batch=70 complete report={Invocations:1960 Journals:1960 Entries:21632 Terminal:1960} elapsed=9m58.333912561s
    mixed_matrix_leader_test.go:150: mixed batch=71 elapsed=10m1.110656023s
    mixed_matrix_leader_test.go:150: MATRIX_TERMINAL_COHORT cutoff=1988 expected_invocations=1988 visited_invocations=1988
    mixed_matrix_leader_test.go:150: MATRIX_RETAINED row=server_partition report={Invocations:1988 Journals:1988 Entries:21941 Terminal:1988} expected_invocations=1988
    mixed_matrix_leader_test.go:150: MATRIX_RESULT row=server_partition seed=2 duration=10m0s release_duration=true batches=71 invocations=1988 faults=19 terminal_p99=12.953283053s
    mixed_matrix_leader_test.go:150: MATRIX_CELL type=matrixshort invocations=284 terminal_p99=4.139450901s
    mixed_matrix_leader_test.go:150: MATRIX_PROGRESS type=matrixshort enabled_events=284 progress_p99=4.129859964s progress_max=8.12618593s above_30s=0
    mixed_matrix_leader_test.go:150: MATRIX_CELL type=matrixtimer invocations=213 terminal_p99=13.276990291s
    mixed_matrix_leader_test.go:150: MATRIX_PROGRESS type=matrixtimer enabled_events=1917 progress_p99=13.250572952s progress_max=13.910081422s above_30s=0
    mixed_matrix_leader_test.go:150: MATRIX_CELL type=matrixsignal invocations=142 terminal_p99=16.179789588s
    mixed_matrix_leader_test.go:150: MATRIX_PROGRESS type=matrixsignal enabled_events=1278 progress_p99=323.726376ms progress_max=1.284259975s above_30s=0
    mixed_matrix_leader_test.go:150: MATRIX_CELL type=matrixfanout invocations=71 terminal_p99=30.188460653s
    mixed_matrix_leader_test.go:150: matrixfanout terminal p99=30.188460653s, want <30s
    mixed_matrix_leader_test.go:150: MATRIX_PROGRESS type=matrixfanout enabled_events=923 progress_p99=100.025183ms progress_max=3.073197213s above_30s=0
    mixed_matrix_leader_test.go:150: MATRIX_CELL type=matrixchild invocations=426 terminal_p99=5.058274501s
    mixed_matrix_leader_test.go:150: MATRIX_PROGRESS type=matrixchild enabled_events=2130 progress_p99=119.930751ms progress_max=13.007714342s above_30s=0
    mixed_matrix_leader_test.go:150: MATRIX_CELL type=matrixgrandchild invocations=852 terminal_p99=420.260566ms
    mixed_matrix_leader_test.go:150: MATRIX_PROGRESS type=matrixgrandchild enabled_events=852 progress_p99=344.049768ms progress_max=13.015808376s above_30s=0
    mixed_matrix_leader_test.go:290: server 0 log tail:
        C-R3F-YETMYA8u] Detected another leader with higher term, will stepdown
        [2818217] 2026/10/08 01:44:43.390161 [WRN] RAFT [0m6vARoZ - S-R3F-x6S26Tms] Detected another leader with higher term, will stepdown
        [2818217] 2026/10/08 01:44:46.355567 [INF] JetStream cluster new consumer leader for '$G > WF_RUN > WF_P_09'
        [2818217] 2026/10/08 01:44:46.851854 [INF] JetStream cluster new consumer leader for '$G > WF_RUN > WF_P_32'
        [2818217] 2026/10/08 01:44:46.876049 [INF] JetStream cluster new consumer leader for '$G > WF_RUN > WF_P_03'
        [2818217] 2026/10/08 01:44:47.047922 [INF] JetStream cluster new consumer leader for '$G > WF_RUN > WF_P_51'
        [2818217] 2026/10/08 01:44:47.056145 [INF] JetStream cluster new consumer leader for '$G > WF_RUN > WF_P_06'
        [2818217] 2026/10/08 01:44:47.140023 [INF] JetStream cluster new consumer leader for '$G > WF_RUN > WF_P_27'
        [2818217] 2026/10/08 01:44:47.402155 [INF] JetStream cluster new consumer leader for '$G > WF_RUN > WF_P_02'
        [2818217] 2026/10/08 01:44:47.482720 [INF] JetStream cluster new consumer leader for '$G > WF_RUN > WF_P_22'
        [2818217] 2026/10/08 01:44:47.551722 [INF] JetStream cluster new consumer leader for '$G > WF_RUN > WF_P_40'
        [2818217] 2026/10/08 01:44:47.655807 [INF] JetStream cluster new consumer leader for '$G > WF_RUN > WF_P_53'
        [2818217] 2026/10/08 01:44:47.709798 [INF] JetStream cluster new consumer leader for '$G > WF_RUN > WF_P_08'
        [2818217] 2026/10/08 01:44:47.793044 [INF] JetStream cluster new consumer leader for '$G > WF_RUN > WF_P_05'
        [2818217] 2026/10/08 01:44:47.903154 [INF] JetStream cluster new consumer leader for '$G > WF_RUN > WF_P_20'
        [2818217] 2026/10/08 01:44:47.909228 [INF] JetStream cluster new consumer leader for '$G > WF_RUN > WF_P_12'
        [2818217] 2026/10/08 01:44:48.067554 [INF] JetStream cluster new consumer leader for '$G > WF_RUN > WF_P_21'
        [2818217] 2026/10/08 01:44:48.102565 [INF] JetStream cluster new consumer leader for '$G > WF_RUN > WF_P_59'
        [2818217] 2026/10/08 01:44:48.110721 [INF] JetStream cluster new consumer leader for '$G > WF_RUN > WF_P_57'
        [2818217] 2026/10/08 01:44:48.188477 [INF] JetStream cluster new consumer leader for '$G > WF_RUN > WF_P_29'
        [2818217] 2026/10/08 01:44:48.221110 [INF] JetStream cluster new consumer leader for '$G > WF_RUN > WF_P_01'
        [2818217] 2026/10/08 01:44:48.268376 [INF] JetStream cluster new consumer leader for '$G > WF_RUN > WF_P_07'
        [2818217] 2026/10/08 01:44:48.389248 [INF] JetStream cluster new consumer leader for '$G > WF_RUN > WF_P_54'
        [2818217] 2026/10/08 01:44:48.427570 [INF] JetStream cluster new consumer leader for '$G > WF_RUN > WF_P_55'
        [2818217] 2026/10/08 01:44:48.428715 [INF] JetStream cluster new consumer leader for '$G > WF_RUN > WF_P_43'
        [2818217] 2026/10/08 01:44:48.504918 [INF] JetStream cluster new consumer leader for '$G > WF_RUN > WF_P_28'
        [2818217] 2026/10/08 01:44:48.595562 [INF] Self is new JetStream cluster metadata leader
        [2818217] 2026/10/08 01:44:48.654993 [INF] JetStream cluster new consumer leader for '$G > WF_RUN > WF_P_60'
        [2818217] 2026/10/08 01:44:48.679055 [INF] JetStream cluster new consumer leader for '$G > WF_RUN > WF_P_26'
        [2818217] 2026/10/08 01:44:48.745624 [INF] JetStream cluster new consumer leader for '$G > WF_RUN > WF_P_23'
        [2818217] 2026/10/08 01:44:48.810960 [INF] JetStream cluster new consumer leader for '$G > WF_RUN > WF_P_38'
        [2818217] 2026/10/08 01:44:48.826489 [INF] JetStream cluster new stream leader for '$G > WF_INV'
        [2818217] 2026/10/08 01:44:49.050347 [INF] JetStream cluster new consumer leader for '$G > WF_RUN > WF_P_04'
        [2818217] 2026/10/08 01:44:49.123926 [INF] JetStream cluster new consumer leader for '$G > WF_RUN > WF_P_16'
        [2818217] 2026/10/08 01:44:49.226134 [INF] JetStream cluster new consumer leader for '$G > WF_RUN > WF_P_15'
        [2818217] 2026/10/08 01:44:49.513189 [INF] JetStream cluster new consumer leader for '$G > WF_RUN > WF_P_11'
        [2818217] 2026/10/08 01:44:49.989287 [INF] JetStream cluster new consumer leader for '$G > WF_RUN > WF_P_33'
        [2818217] 2026/10/08 01:44:51.176473 [INF] JetStream cluster new consumer leader for '$G > WF_RUN > WF_P_62'
    mixed_matrix_leader_test.go:290: server 1 log tail:
        10/08 01:44:43.005255 [WRN] RAFT [St9I6EVH - C-R3F-4Dyph8ZP] Detected another leader with higher term, will stepdown
        [2818218] 2026/10/08 01:44:43.032977 [WRN] RAFT [St9I6EVH - C-R3F-tuUeAVaZ] Detected another leader with higher term, will stepdown
        [2818218] 2026/10/08 01:44:43.032977 [WRN] RAFT [St9I6EVH - C-R3F-CdMYsT0x] Detected another leader with higher term, will stepdown
        [2818218] 2026/10/08 01:44:43.034382 [WRN] RAFT [St9I6EVH - C-R3F-e3OE8DvI] Detected another leader with higher term, will stepdown
        [2818218] 2026/10/08 01:44:43.036406 [WRN] RAFT [St9I6EVH - C-R3F-9IRXGl82] Detected another leader with higher term, will stepdown
        [2818218] 2026/10/08 01:44:43.051811 [WRN] RAFT [St9I6EVH - C-R3F-t6Cw5Bf0] Detected another leader with higher term, will stepdown
        [2818218] 2026/10/08 01:44:43.383918 [INF] JetStream cluster new consumer leader for '$G > WF_RUN > WF_P_44'
        [2818218] 2026/10/08 01:44:46.774212 [INF] JetStream cluster new consumer leader for '$G > WF_RUN > WF_P_42'
        [2818218] 2026/10/08 01:44:46.814631 [INF] JetStream cluster new stream leader for '$G > WF_SIG'
        [2818218] 2026/10/08 01:44:46.855666 [INF] JetStream cluster new stream leader for '$G > MATRIX_ROUTE_PROBE'
        [2818218] 2026/10/08 01:44:46.961352 [INF] JetStream cluster new consumer leader for '$G > WF_RUN > WF_P_63'
        [2818218] 2026/10/08 01:44:47.117213 [INF] JetStream cluster new consumer leader for '$G > WF_RUN > WF_P_13'
        [2818218] 2026/10/08 01:44:47.257832 [INF] JetStream cluster new consumer leader for '$G > WF_RUN > WF_P_58'
        [2818218] 2026/10/08 01:44:47.399924 [INF] JetStream cluster new consumer leader for '$G > WF_RUN > WF_P_45'
        [2818218] 2026/10/08 01:44:47.427019 [INF] JetStream cluster new consumer leader for '$G > WF_RUN > WF_P_46'
        [2818218] 2026/10/08 01:44:47.605484 [INF] JetStream cluster new consumer leader for '$G > WF_RUN > WF_P_37'
        [2818218] 2026/10/08 01:44:47.733538 [INF] JetStream cluster new stream leader for '$G > KV_WF_STATE'
        [2818218] 2026/10/08 01:44:47.860704 [INF] JetStream cluster new consumer leader for '$G > WF_RUN > WF_P_56'
        [2818218] 2026/10/08 01:44:47.938502 [INF] JetStream cluster new consumer leader for '$G > WF_RUN > WF_P_18'
        [2818218] 2026/10/08 01:44:47.972991 [INF] JetStream cluster new consumer leader for '$G > WF_RUN > WF_P_14'
        [2818218] 2026/10/08 01:44:47.978383 [INF] JetStream cluster new consumer leader for '$G > WF_RUN > WF_P_31'
        [2818218] 2026/10/08 01:44:48.091540 [INF] JetStream cluster new stream leader for '$G > KV_WF_LEASE'
        [2818218] 2026/10/08 01:44:48.100747 [INF] JetStream cluster new stream leader for '$G > WF_RUN'
        [2818218] 2026/10/08 01:44:48.147527 [INF] JetStream cluster new consumer leader for '$G > WF_RUN > WF_P_47'
        [2818218] 2026/10/08 01:44:48.311355 [INF] JetStream cluster new consumer leader for '$G > WF_RUN > WF_P_52'
        [2818218] 2026/10/08 01:44:48.323269 [INF] JetStream cluster new consumer leader for '$G > WF_RUN > WF_P_49'
        [2818218] 2026/10/08 01:44:48.508692 [INF] JetStream cluster new stream leader for '$G > OBJ_WF_BLOB'
        [2818218] 2026/10/08 01:44:48.595284 [INF] JetStream cluster new metadata leader: wf-process-0/wf-process
        [2818218] 2026/10/08 01:44:48.615049 [INF] JetStream cluster new consumer leader for '$G > WF_RUN > WF_P_17'
        [2818218] 2026/10/08 01:44:48.821084 [INF] JetStream cluster new consumer leader for '$G > WF_RUN > WF_P_48'
        [2818218] 2026/10/08 01:44:48.830931 [INF] JetStream cluster new stream leader for '$G > WF_JRN'
        [2818218] 2026/10/08 01:44:48.968071 [INF] JetStream cluster new consumer leader for '$G > WF_RUN > WF_P_10'
        [2818218] 2026/10/08 01:44:49.441770 [INF] JetStream cluster new consumer leader for '$G > WF_RUN > WF_P_30'
        [2818218] 2026/10/08 01:44:49.631219 [INF] JetStream cluster new consumer leader for '$G > WF_RUN > WF_P_41'
        [2818218] 2026/10/08 01:44:49.860384 [INF] JetStream cluster new consumer leader for '$G > WF_RUN > WF_P_24'
        [2818218] 2026/10/08 01:44:50.226201 [INF] JetStream cluster new consumer leader for '$G > WF_RUN > WF_P_00'
        [2818218] 2026/10/08 01:44:50.270941 [INF] JetStream cluster new consumer leader for '$G > WF_RUN > WF_P_19'
    mixed_matrix_leader_test.go:290: server 2 log tail:
        2818219] 2026/10/08 01:44:42.424945 [INF] 127.0.0.1:45431 - rid:1841 - Route connection created
        [2818219] 2026/10/08 01:44:42.451074 [WRN] JetStream cluster consumer '$G > WF_RUN > WF_P_35' has NO quorum, stalled.
        [2818219] 2026/10/08 01:44:42.490384 [WRN] JetStream cluster consumer '$G > WF_RUN > WF_P_25' has NO quorum, stalled.
        [2818219] 2026/10/08 01:44:42.509099 [WRN] JetStream cluster consumer '$G > WF_RUN > WF_P_61' has NO quorum, stalled.
        [2818219] 2026/10/08 01:44:42.529732 [INF] 127.0.0.1:45431 - rid:1842 - Route connection created
        [2818219] 2026/10/08 01:44:42.530756 [INF] 127.0.0.1:45431 - rid:1843 - Route connection created
        [2818219] 2026/10/08 01:44:42.531421 [INF] 127.0.0.1:45431 - rid:1844 - Route connection created
        [2818219] 2026/10/08 01:44:42.534314 [WRN] JetStream cluster consumer '$G > WF_RUN > WF_P_50' has NO quorum, stalled.
        [2818219] 2026/10/08 01:44:42.574257 [INF] 127.0.0.1:45431 - rid:1845 - Route connection created
        [2818219] 2026/10/08 01:44:42.575625 [INF] 127.0.0.1:45431 - rid:1845 - Router connection closed: Duplicate Route - Remote: wf-process-0
        [2818219] 2026/10/08 01:44:42.587051 [WRN] RAFT [0WED9nmv - S-R3F-doBw4pFX] Detected another leader with higher term, will stepdown
        [2818219] 2026/10/08 01:44:42.611219 [INF] 127.0.0.1:45431 - rid:1846 - Route connection created
        [2818219] 2026/10/08 01:44:42.611727 [INF] 127.0.0.1:45431 - rid:1846 - Router connection closed: Duplicate Route - Remote: wf-process-0
        [2818219] 2026/10/08 01:44:42.777729 [WRN] JetStream cluster consumer '$G > WF_RUN > WF_P_34' has NO quorum, stalled.
        [2818219] 2026/10/08 01:44:42.853124 [WRN] JetStream cluster consumer '$G > WF_RUN > WF_P_44' has NO quorum, stalled.
        [2818219] 2026/10/08 01:44:46.571877 [WRN] JetStream cluster consumer '$G > WF_RUN > WF_P_06' has NO quorum, stalled.
        [2818219] 2026/10/08 01:44:46.813530 [WRN] JetStream cluster stream '$G > KV_WF_VIEW' has NO quorum, stalled
        [2818219] 2026/10/08 01:44:46.824427 [INF] JetStream cluster new stream leader for '$G > KV_WF_VIEW'
        [2818219] 2026/10/08 01:44:46.902376 [WRN] JetStream cluster consumer '$G > WF_RUN > WF_P_22' has NO quorum, stalled.
        [2818219] 2026/10/08 01:44:47.133172 [WRN] JetStream cluster consumer '$G > WF_RUN > WF_P_45' has NO quorum, stalled.
        [2818219] 2026/10/08 01:44:47.622510 [WRN] JetStream cluster consumer '$G > WF_RUN > WF_P_14' has NO quorum, stalled.
        [2818219] 2026/10/08 01:44:47.699442 [WRN] JetStream cluster stream '$G > WF_RUN' has NO quorum, stalled
        [2818219] 2026/10/08 01:44:47.915137 [WRN] JetStream cluster consumer '$G > WF_RUN > WF_P_57' has NO quorum, stalled.
        [2818219] 2026/10/08 01:44:47.928101 [WRN] JetStream cluster consumer '$G > WF_RUN > WF_P_55' has NO quorum, stalled.
        [2818219] 2026/10/08 01:44:47.995425 [WRN] JetStream cluster consumer '$G > WF_RUN > WF_P_43' has NO quorum, stalled.
        [2818219] 2026/10/08 01:44:48.048091 [WRN] JetStream cluster consumer '$G > WF_RUN > WF_P_54' has NO quorum, stalled.
        [2818219] 2026/10/08 01:44:48.224273 [WRN] JetStream cluster stream '$G > WF_JRN' has NO quorum, stalled
        [2818219] 2026/10/08 01:44:48.225412 [WRN] JetStream cluster consumer '$G > WF_RUN > WF_P_26' has NO quorum, stalled.
        [2818219] 2026/10/08 01:44:48.231572 [WRN] JetStream cluster stream '$G > WF_INV' has NO quorum, stalled
        [2818219] 2026/10/08 01:44:48.239507 [WRN] JetStream cluster consumer '$G > WF_RUN > WF_P_23' has NO quorum, stalled.
        [2818219] 2026/10/08 01:44:48.383698 [WRN] JetStream cluster consumer '$G > WF_RUN > WF_P_60' has NO quorum, stalled.
        [2818219] 2026/10/08 01:44:48.594758 [INF] JetStream cluster new metadata leader: wf-process-0/wf-process
        [2818219] 2026/10/08 01:44:48.697063 [WRN] JetStream cluster consumer '$G > WF_RUN > WF_P_10' has NO quorum, stalled.
        [2818219] 2026/10/08 01:44:48.975387 [WRN] JetStream cluster consumer '$G > WF_RUN > WF_P_15' has NO quorum, stalled.
        [2818219] 2026/10/08 01:44:49.475272 [WRN] JetStream cluster consumer '$G > WF_RUN > WF_P_24' has NO quorum, stalled.
        [2818219] 2026/10/08 01:44:49.886726 [WRN] JetStream cluster consumer '$G > WF_RUN > WF_P_19' has NO quorum, stalled.
--- FAIL: TestMixedMatrixServerPartitionEveryThirtySeconds (634.30s)
FAIL
