=== RUN   TestNRGTruncateWALRevertsUncommittedRemovePeer
=== RUN   TestNRGTruncateWALRevertsUncommittedRemovePeer/Leader
=== RUN   TestNRGTruncateWALRevertsUncommittedRemovePeer/Follower
=== RUN   TestNRGTruncateWALRevertsUncommittedRemovePeer/Restart
--- PASS: TestNRGTruncateWALRevertsUncommittedRemovePeer (0.90s)
    --- PASS: TestNRGTruncateWALRevertsUncommittedRemovePeer/Leader (0.31s)
    --- PASS: TestNRGTruncateWALRevertsUncommittedRemovePeer/Follower (0.30s)
    --- PASS: TestNRGTruncateWALRevertsUncommittedRemovePeer/Restart (0.29s)
=== RUN   TestNRGEvictPeers
=== RUN   TestNRGEvictPeers/Guards
=== RUN   TestNRGEvictPeers/RefusesWhenQuorumPossible
=== RUN   TestNRGEvictPeers/RefusesForUncommittedRemovePeer
=== RUN   TestNRGEvictPeers/RevertsUncommittedRemovePeer
=== RUN   TestNRGEvictPeers/RevertsUncommittedSelfRemoval
=== RUN   TestNRGEvictPeers/RevertsUncommittedAddPeer
=== RUN   TestNRGEvictPeers/RevertedAddPeerCommitsAsNoopWhenLeader
--- PASS: TestNRGEvictPeers (8.16s)
    --- PASS: TestNRGEvictPeers/Guards (2.14s)
    --- PASS: TestNRGEvictPeers/RefusesWhenQuorumPossible (2.70s)
    --- PASS: TestNRGEvictPeers/RefusesForUncommittedRemovePeer (0.29s)
    --- PASS: TestNRGEvictPeers/RevertsUncommittedRemovePeer (0.30s)
    --- PASS: TestNRGEvictPeers/RevertsUncommittedSelfRemoval (0.32s)
    --- PASS: TestNRGEvictPeers/RevertsUncommittedAddPeer (0.31s)
    --- PASS: TestNRGEvictPeers/RevertedAddPeerCommitsAsNoopWhenLeader (2.10s)
=== RUN   TestNRGCheckpointInstallSnapshotAbortDuringWrite
=== RUN   TestNRGCheckpointInstallSnapshotAbortDuringWrite/RemoveOrphan
=== RUN   TestNRGCheckpointInstallSnapshotAbortDuringWrite/KeepAdoptedSnapshot
--- PASS: TestNRGCheckpointInstallSnapshotAbortDuringWrite (0.84s)
    --- PASS: TestNRGCheckpointInstallSnapshotAbortDuringWrite/RemoveOrphan (0.41s)
    --- PASS: TestNRGCheckpointInstallSnapshotAbortDuringWrite/KeepAdoptedSnapshot (0.44s)
PASS
