=== RUN   TestNRGTruncateWALRevertsUncommittedRemovePeer
=== RUN   TestNRGTruncateWALRevertsUncommittedRemovePeer/Leader
=== RUN   TestNRGTruncateWALRevertsUncommittedRemovePeer/Follower
=== RUN   TestNRGTruncateWALRevertsUncommittedRemovePeer/Restart
--- PASS: TestNRGTruncateWALRevertsUncommittedRemovePeer (1.05s)
    --- PASS: TestNRGTruncateWALRevertsUncommittedRemovePeer/Leader (0.35s)
    --- PASS: TestNRGTruncateWALRevertsUncommittedRemovePeer/Follower (0.38s)
    --- PASS: TestNRGTruncateWALRevertsUncommittedRemovePeer/Restart (0.32s)
=== RUN   TestNRGEvictPeers
=== RUN   TestNRGEvictPeers/Guards
=== RUN   TestNRGEvictPeers/RefusesWhenQuorumPossible
=== RUN   TestNRGEvictPeers/RefusesForUncommittedRemovePeer
=== RUN   TestNRGEvictPeers/RevertsUncommittedRemovePeer
=== RUN   TestNRGEvictPeers/RevertsUncommittedSelfRemoval
=== RUN   TestNRGEvictPeers/RevertsUncommittedAddPeer
=== RUN   TestNRGEvictPeers/RevertedAddPeerCommitsAsNoopWhenLeader
--- PASS: TestNRGEvictPeers (2.38s)
    --- PASS: TestNRGEvictPeers/Guards (0.30s)
    --- PASS: TestNRGEvictPeers/RefusesWhenQuorumPossible (0.34s)
    --- PASS: TestNRGEvictPeers/RefusesForUncommittedRemovePeer (0.38s)
    --- PASS: TestNRGEvictPeers/RevertsUncommittedRemovePeer (0.37s)
    --- PASS: TestNRGEvictPeers/RevertsUncommittedSelfRemoval (0.33s)
    --- PASS: TestNRGEvictPeers/RevertsUncommittedAddPeer (0.35s)
    --- PASS: TestNRGEvictPeers/RevertedAddPeerCommitsAsNoopWhenLeader (0.32s)
=== RUN   TestNRGCheckpointInstallSnapshotAbortDuringWrite
=== RUN   TestNRGCheckpointInstallSnapshotAbortDuringWrite/RemoveOrphan
=== RUN   TestNRGCheckpointInstallSnapshotAbortDuringWrite/KeepAdoptedSnapshot
--- PASS: TestNRGCheckpointInstallSnapshotAbortDuringWrite (0.88s)
    --- PASS: TestNRGCheckpointInstallSnapshotAbortDuringWrite/RemoveOrphan (0.48s)
    --- PASS: TestNRGCheckpointInstallSnapshotAbortDuringWrite/KeepAdoptedSnapshot (0.39s)
PASS
