Oct 06 11:03:24 jetstream-wf systemd[351]: Started js-wf-offload-watch-observed-media-20261006.service - /usr/bin/python3 /tmp/js-wf-offload-watch-observed-media-20261006.py.
Oct 06 11:03:24 jetstream-wf python3[3303983]: fatal: path 'docs/scale/watch-observed-journal-24h-2026-10-05/complete-offload-proof-2026-10-06/s3-readback.json' does not exist in '46e27f88bf9b47d9f4b2bfc9a442c8fbaded9ff0'
Oct 06 11:03:24 jetstream-wf python3[3303975]: Traceback (most recent call last):
Oct 06 11:03:24 jetstream-wf python3[3303975]:   File "/tmp/js-wf-offload-watch-observed-media-20261006.py", line 37, in <module>
Oct 06 11:03:24 jetstream-wf python3[3303975]:     meta=json.loads(meta_bytes);manifest=json.loads(inventory_bytes);receipt=json.loads(blob('s3-readback.json'))
Oct 06 11:03:24 jetstream-wf python3[3303975]:                                                                                         ^^^^^^^^^^^^^^^^^^^^^^^^
Oct 06 11:03:24 jetstream-wf python3[3303975]:   File "/tmp/js-wf-offload-watch-observed-media-20261006.py", line 35, in <lambda>
Oct 06 11:03:24 jetstream-wf python3[3303975]:     blob=lambda name:subprocess.check_output(['git','cat-file','blob',head+':'+canonical+'/'+name],cwd=repo)
Oct 06 11:03:24 jetstream-wf python3[3303975]:                      ^^^^^^^^^^^^^^^^^^^^^^^^^^^^^^^^^^^^^^^^^^^^^^^^^^^^^^^^^^^^^^^^^^^^^^^^^^^^^^^^^^^^^^^
Oct 06 11:03:24 jetstream-wf python3[3303975]:   File "/usr/lib/python3.12/subprocess.py", line 466, in check_output
Oct 06 11:03:24 jetstream-wf python3[3303975]:     return run(*popenargs, stdout=PIPE, timeout=timeout, check=True,
Oct 06 11:03:24 jetstream-wf python3[3303975]:            ^^^^^^^^^^^^^^^^^^^^^^^^^^^^^^^^^^^^^^^^^^^^^^^^^^^^^^^^^
Oct 06 11:03:24 jetstream-wf python3[3303975]:   File "/usr/lib/python3.12/subprocess.py", line 571, in run
Oct 06 11:03:24 jetstream-wf python3[3303975]:     raise CalledProcessError(retcode, process.args,
Oct 06 11:03:24 jetstream-wf python3[3303975]: subprocess.CalledProcessError: Command '['git', 'cat-file', 'blob', '46e27f88bf9b47d9f4b2bfc9a442c8fbaded9ff0:docs/scale/watch-observed-journal-24h-2026-10-05/complete-offload-proof-2026-10-06/s3-readback.json']' returned non-zero exit status 128.
Oct 06 11:03:24 jetstream-wf systemd[351]: js-wf-offload-watch-observed-media-20261006.service: Main process exited, code=exited, status=1/FAILURE
Oct 06 11:03:24 jetstream-wf systemd[351]: js-wf-offload-watch-observed-media-20261006.service: Failed with result 'exit-code'.
Oct 06 11:03:44 jetstream-wf systemd[351]: Started js-wf-offload-watch-observed-media-20261006.service - /usr/bin/python3 /tmp/js-wf-offload-watch-observed-media-20261006.py.
Oct 06 11:03:48 jetstream-wf sudo[3304105]:   exedev : PWD=/home/exedev ; USER=root ; COMMAND=/usr/sbin/losetup --list --json
Oct 06 11:03:48 jetstream-wf sudo[3304105]: pam_unix(sudo:session): session opened for user root(uid=0) by exedev(uid=1000)
Oct 06 11:03:48 jetstream-wf sudo[3304105]: pam_unix(sudo:session): session closed for user root
Oct 06 11:03:48 jetstream-wf python3[3304085]: COMPLETE_CURRENT_CENSUS_AND_CLOSURE_VERIFIED 9065
Oct 06 11:03:56 jetstream-wf python3[3304085]: FULL_REMOTE_COMPRESSED_BODY_AND_ALL_MEMBERS_VERIFIED {'bytes': 382450967, 'sha256': '64652b18c62963eeb25453bf07b6a1290f83804b6d0d5374dc4c85aed17cb29d'}
Oct 06 11:03:59 jetstream-wf sudo[3304128]:   exedev : PWD=/home/exedev ; USER=root ; COMMAND=/usr/sbin/losetup --list --json
Oct 06 11:03:59 jetstream-wf sudo[3304128]: pam_unix(sudo:session): session opened for user root(uid=0) by exedev(uid=1000)
Oct 06 11:03:59 jetstream-wf sudo[3304128]: pam_unix(sudo:session): session closed for user root
Oct 06 11:04:00 jetstream-wf python3[3304085]: OFFLOADED 1981448192 FREE 3981299712
Oct 06 11:04:00 jetstream-wf python3[3304085]: RAW_DUPLICATE_REMOVED 382459904 FREE 4363726848
Oct 06 11:04:00 jetstream-wf systemd[351]: js-wf-offload-watch-observed-media-20261006.service: Consumed 14.782s CPU time.
