=== RUN   TestGraphContinuationRepairsArchiveBeforeStage
=== RUN   TestGraphContinuationRepairsArchiveBeforeStage/archive=false/healthy
=== RUN   TestGraphContinuationRepairsArchiveBeforeStage/archive=false/pointer-cut
    graph_continuation_recovery_test.go:149: stage entered before handoff repair 1 <nil>
=== RUN   TestGraphContinuationRepairsArchiveBeforeStage/archive=false/suspension-cut
    graph_continuation_recovery_test.go:149: stage entered before handoff repair 1 <nil>
=== RUN   TestGraphContinuationRepairsArchiveBeforeStage/archive=true/healthy
=== RUN   TestGraphContinuationRepairsArchiveBeforeStage/archive=true/pointer-cut
    graph_continuation_recovery_test.go:149: stage entered before handoff repair 1 <nil>
=== RUN   TestGraphContinuationRepairsArchiveBeforeStage/archive=true/suspension-cut
    graph_continuation_recovery_test.go:149: stage entered before handoff repair 1 <nil>
=== RUN   TestGraphContinuationRepairsArchiveBeforeStage/archive=true/archive-cut
    graph_continuation_recovery_test.go:149: stage entered before handoff repair 1 <nil>
--- FAIL: TestGraphContinuationRepairsArchiveBeforeStage (0.13s)
    --- PASS: TestGraphContinuationRepairsArchiveBeforeStage/archive=false/healthy (0.02s)
    --- FAIL: TestGraphContinuationRepairsArchiveBeforeStage/archive=false/pointer-cut (0.01s)
    --- FAIL: TestGraphContinuationRepairsArchiveBeforeStage/archive=false/suspension-cut (0.01s)
    --- PASS: TestGraphContinuationRepairsArchiveBeforeStage/archive=true/healthy (0.06s)
    --- FAIL: TestGraphContinuationRepairsArchiveBeforeStage/archive=true/pointer-cut (0.01s)
    --- FAIL: TestGraphContinuationRepairsArchiveBeforeStage/archive=true/suspension-cut (0.01s)
    --- FAIL: TestGraphContinuationRepairsArchiveBeforeStage/archive=true/archive-cut (0.02s)
FAIL
FAIL	js-wf/worker	0.138s
FAIL
