=== RUN   TestMixedMatrixServerPartitionEveryThirtySeconds
    mixed_matrix_leader_test.go:150: experimental partition server binary=/tmp/js-wf-candidate-partition200-v2-20261007/campaign/seed-001/partition-server.bin
    mixed_matrix_leader_test.go:150: retained matrix process stores=/tmp/js-wf-candidate-partition200-v2-20261007/campaign/seed-001/originals/TestMixedMatrixServerPartitionEveryThirtySeconds
    mixed_matrix_leader_test.go:150: mixed batch=1 elapsed=5.924325758s
    mixed_matrix_leader_test.go:150: mixed batch=2 elapsed=9.858651639s
    mixed_matrix_leader_test.go:150: mixed batch=3 elapsed=13.799784053s
    mixed_matrix_leader_test.go:150: mixed batch=4 elapsed=17.913533038s
    mixed_matrix_leader_test.go:150: mixed batch=5 elapsed=23.641215742s
    mixed_matrix_leader_test.go:150: mixed batch=6 elapsed=28.886051648s
    mixed_matrix_leader_test.go:664: server_partition fault node=2 nodes=[] worker= pid=0 active_leases=0 routes=[4 4 0] majority_seq=1 consumer= pending=0 ack_pending=0 scheduled=30s killed=30.000874859s healed=47.824528673s
    mixed_matrix_leader_test.go:150: mixed batch=7 elapsed=54.711742754s
    mixed_matrix_leader_test.go:150: mixed batch=8 elapsed=1m0.7582248s
    mixed_matrix_leader_test.go:150: mixed batch=9 elapsed=1m6.466336913s
    mixed_matrix_leader_test.go:664: server_partition fault node=2 nodes=[] worker= pid=0 active_leases=0 routes=[4 4 0] majority_seq=2 consumer= pending=0 ack_pending=0 scheduled=1m0s killed=1m0.000968945s healed=1m17.330995891s
    mixed_matrix_leader_test.go:150: mixed batch=10 elapsed=1m29.194693494s
    mixed_matrix_leader_test.go:688: checkpoint audit batch=10 invocation_cutoff=280 started elapsed=1m29.194746745s
    mixed_matrix_leader_test.go:700: checkpoint audit batch=10 complete report={Invocations:280 Journals:280 Entries:3082 Terminal:280} elapsed=1m30.095133485s
    mixed_matrix_leader_test.go:150: mixed batch=11 elapsed=1m35.041687375s
    mixed_matrix_leader_test.go:664: server_partition fault node=2 nodes=[] worker= pid=0 active_leases=0 routes=[4 4 0] majority_seq=3 consumer= pending=0 ack_pending=0 scheduled=1m30s killed=1m30.001068322s healed=1m47.779950033s
    mixed_matrix_leader_test.go:150: mixed batch=12 elapsed=1m48.660395554s
    mixed_matrix_leader_test.go:150: mixed batch=13 elapsed=1m56.406255946s
    mixed_matrix_leader_test.go:150: mixed batch=14 elapsed=2m2.043550146s
    mixed_matrix_leader_test.go:150: mixed batch=15 elapsed=2m7.67209998s
    mixed_matrix_leader_test.go:664: server_partition fault node=2 nodes=[] worker= pid=0 active_leases=0 routes=[4 4 0] majority_seq=4 consumer= pending=0 ack_pending=0 scheduled=2m0s killed=2m0.000207676s healed=2m21.919435111s
    mixed_matrix_leader_test.go:150: mixed batch=16 elapsed=2m24.20499338s
    mixed_matrix_leader_test.go:150: mixed batch=17 elapsed=2m30.036326735s
    mixed_matrix_leader_test.go:150: mixed batch=18 elapsed=2m35.563442709s
    mixed_matrix_leader_test.go:664: server_partition fault node=2 nodes=[] worker= pid=0 active_leases=0 routes=[4 4 0] majority_seq=5 consumer= pending=0 ack_pending=0 scheduled=2m30s killed=2m30.000537609s healed=2m48.922615478s
    mixed_matrix_leader_test.go:150: mixed batch=19 elapsed=2m49.482464296s
    mixed_matrix_leader_test.go:150: mixed batch=20 elapsed=2m55.519464897s
    mixed_matrix_leader_test.go:688: checkpoint audit batch=20 invocation_cutoff=560 started elapsed=2m55.519531127s
    mixed_matrix_leader_test.go:700: checkpoint audit batch=20 complete report={Invocations:560 Journals:560 Entries:6174 Terminal:560} elapsed=2m57.55238643s
    mixed_matrix_leader_test.go:150: mixed batch=21 elapsed=3m1.539414385s
    mixed_matrix_leader_test.go:150: mixed batch=22 elapsed=3m7.264005693s
    mixed_matrix_leader_test.go:664: server_partition fault node=2 nodes=[] worker= pid=0 active_leases=0 routes=[4 4 0] majority_seq=6 consumer= pending=0 ack_pending=0 scheduled=3m0s killed=3m0.001064158s healed=3m18.999199093s
    mixed_matrix_leader_test.go:150: mixed batch=23 elapsed=3m24.219073153s
    mixed_matrix_leader_test.go:150: mixed batch=24 elapsed=3m28.280969523s
    mixed_matrix_leader_test.go:150: mixed batch=25 elapsed=3m32.223012077s
    mixed_matrix_leader_test.go:150: mixed batch=26 elapsed=3m36.345814343s
    mixed_matrix_leader_test.go:664: server_partition fault node=2 nodes=[] worker= pid=0 active_leases=0 routes=[4 4 0] majority_seq=7 consumer= pending=0 ack_pending=0 scheduled=3m30s killed=3m30.000036769s healed=3m48.942341582s
    mixed_matrix_leader_test.go:150: mixed batch=27 elapsed=3m53.479793622s
    mixed_matrix_leader_test.go:150: mixed batch=28 elapsed=3m58.307712621s
    mixed_matrix_leader_test.go:150: mixed batch=29 elapsed=4m2.332071613s
    mixed_matrix_leader_test.go:150: mixed batch=30 elapsed=4m6.345993603s
    mixed_matrix_leader_test.go:688: checkpoint audit batch=30 invocation_cutoff=840 started elapsed=4m6.346059393s
    mixed_matrix_leader_test.go:700: checkpoint audit batch=30 complete report={Invocations:840 Journals:840 Entries:9261 Terminal:840} elapsed=4m9.786137087s
    mixed_matrix_leader_test.go:664: server_partition fault node=2 nodes=[] worker= pid=0 active_leases=0 routes=[4 4 0] majority_seq=8 consumer= pending=0 ack_pending=0 scheduled=4m0s killed=4m0.002843335s healed=4m19.71088221s
    mixed_matrix_leader_test.go:150: mixed batch=31 elapsed=4m20.071517183s
    mixed_matrix_leader_test.go:150: mixed batch=32 elapsed=4m25.219993245s
    mixed_matrix_leader_test.go:150: mixed batch=33 elapsed=4m29.242858308s
    mixed_matrix_leader_test.go:150: mixed batch=34 elapsed=4m33.259968146s
    mixed_matrix_leader_test.go:150: mixed batch=35 elapsed=4m37.291827603s
    mixed_matrix_leader_test.go:664: server_partition fault node=2 nodes=[] worker= pid=0 active_leases=0 routes=[4 4 0] majority_seq=9 consumer= pending=0 ack_pending=0 scheduled=4m30s killed=4m30.001206169s healed=4m47.153203247s
    mixed_matrix_leader_test.go:150: mixed batch=36 elapsed=4m54.118386662s
    mixed_matrix_leader_test.go:150: mixed batch=37 elapsed=4m59.732511155s
    mixed_matrix_leader_test.go:150: mixed batch=38 elapsed=5m4.917585326s
    mixed_matrix_leader_test.go:664: server_partition fault node=2 nodes=[] worker= pid=0 active_leases=0 routes=[4 4 0] majority_seq=10 consumer= pending=0 ack_pending=0 scheduled=5m0s killed=5m0.001095896s healed=5m17.857118255s
    mixed_matrix_leader_test.go:150: mixed batch=39 elapsed=5m23.631476316s
    mixed_matrix_leader_test.go:150: mixed batch=40 elapsed=5m29.759921744s
    mixed_matrix_leader_test.go:688: checkpoint audit batch=40 invocation_cutoff=1120 started elapsed=5m29.759988916s
    mixed_matrix_leader_test.go:700: checkpoint audit batch=40 complete report={Invocations:1120 Journals:1120 Entries:12348 Terminal:1120} elapsed=5m33.742324382s
    mixed_matrix_leader_test.go:150: mixed batch=41 elapsed=5m35.910871742s
    mixed_matrix_leader_test.go:664: server_partition fault node=2 nodes=[] worker= pid=0 active_leases=0 routes=[4 4 0] majority_seq=11 consumer= pending=0 ack_pending=0 scheduled=5m30s killed=5m30.000099519s healed=5m47.926322436s
    mixed_matrix_leader_test.go:150: mixed batch=42 elapsed=5m53.826212473s
    mixed_matrix_leader_test.go:150: mixed batch=43 elapsed=5m59.439492637s
    mixed_matrix_leader_test.go:150: mixed batch=44 elapsed=6m4.968013121s
    mixed_matrix_leader_test.go:664: server_partition fault node=2 nodes=[] worker= pid=0 active_leases=0 routes=[4 4 0] majority_seq=12 consumer= pending=0 ack_pending=0 scheduled=6m0s killed=6m0.000964422s healed=6m19.174614065s
    mixed_matrix_leader_test.go:150: mixed batch=45 elapsed=6m19.899643952s
    mixed_matrix_leader_test.go:150: mixed batch=46 elapsed=6m25.131375505s
    mixed_matrix_leader_test.go:150: mixed batch=47 elapsed=6m30.365121758s
    mixed_matrix_leader_test.go:150: mixed batch=48 elapsed=6m35.558954223s
    mixed_matrix_leader_test.go:664: server_partition fault node=2 nodes=[] worker= pid=0 active_leases=0 routes=[4 4 0] majority_seq=13 consumer= pending=0 ack_pending=0 scheduled=6m30s killed=6m30.000232788s healed=6m49.196672546s
    mixed_matrix_leader_test.go:150: mixed batch=49 elapsed=6m53.317846006s
    mixed_matrix_leader_test.go:150: mixed batch=50 elapsed=6m58.47970945s
    mixed_matrix_leader_test.go:688: checkpoint audit batch=50 invocation_cutoff=1400 started elapsed=6m58.479850975s
    mixed_matrix_leader_test.go:700: checkpoint audit batch=50 complete report={Invocations:1400 Journals:1400 Entries:15455 Terminal:1400} elapsed=7m1.251872233s
    mixed_matrix_leader_test.go:150: mixed batch=51 elapsed=7m4.005685992s
    mixed_matrix_leader_test.go:150: mixed batch=52 elapsed=7m9.532830552s
    mixed_matrix_leader_test.go:664: server_partition fault node=2 nodes=[] worker= pid=0 active_leases=0 routes=[4 4 0] majority_seq=14 consumer= pending=0 ack_pending=0 scheduled=7m0s killed=7m0.000286863s healed=7m17.365666405s
    mixed_matrix_leader_test.go:150: mixed batch=53 elapsed=7m25.977057084s
    mixed_matrix_leader_test.go:150: mixed batch=54 elapsed=7m31.602250957s
    mixed_matrix_leader_test.go:150: mixed batch=55 elapsed=7m37.219292315s
    mixed_matrix_leader_test.go:664: server_partition fault node=2 nodes=[] worker= pid=0 active_leases=0 routes=[4 4 0] majority_seq=15 consumer= pending=0 ack_pending=0 scheduled=7m30s killed=7m30.000040845s healed=7m48.808684081s
    mixed_matrix_leader_test.go:150: mixed batch=56 elapsed=7m54.237694968s
    mixed_matrix_leader_test.go:150: mixed batch=57 elapsed=7m59.407669067s
    mixed_matrix_leader_test.go:664: server_partition fault node=2 nodes=[] worker= pid=0 active_leases=0 routes=[4 4 0] majority_seq=16 consumer= pending=0 ack_pending=0 scheduled=8m0s killed=8m0.000216494s healed=8m19.130727967s
    mixed_matrix_leader_test.go:150: mixed batch=58 elapsed=8m19.65955349s
    mixed_matrix_leader_test.go:150: mixed batch=59 elapsed=8m26.176256861s
    mixed_matrix_leader_test.go:150: mixed batch=60 elapsed=8m36.82460463s
    mixed_matrix_leader_test.go:688: checkpoint audit batch=60 invocation_cutoff=1680 started elapsed=8m36.825018338s
    mixed_matrix_leader_test.go:664: server_partition fault node=2 nodes=[] worker= pid=0 active_leases=0 routes=[4 4 0] majority_seq=17 consumer= pending=0 ack_pending=0 scheduled=8m30s killed=8m30.000459481s healed=8m49.259177932s
    mixed_matrix_leader_test.go:700: checkpoint audit batch=60 complete report={Invocations:1680 Journals:1680 Entries:18557 Terminal:1680} elapsed=8m49.96748283s
    mixed_matrix_leader_test.go:150: mixed batch=61 elapsed=8m55.260752205s
    mixed_matrix_leader_test.go:150: mixed batch=62 elapsed=9m0.785807375s
    mixed_matrix_leader_test.go:150: mixed batch=63 elapsed=9m6.412067933s
    mixed_matrix_leader_test.go:664: server_partition fault node=2 nodes=[] worker= pid=0 active_leases=0 routes=[4 4 0] majority_seq=18 consumer= pending=0 ack_pending=0 scheduled=9m0s killed=9m0.000991635s healed=9m19.658355049s
    mixed_matrix_leader_test.go:150: mixed batch=64 elapsed=9m20.430307654s
    mixed_matrix_leader_test.go:150: mixed batch=65 elapsed=9m26.360640086s
    mixed_matrix_leader_test.go:150: mixed batch=66 elapsed=9m32.186623916s
    mixed_matrix_leader_test.go:150: mixed batch=67 elapsed=9m37.70287225s
    mixed_matrix_leader_test.go:664: server_partition fault node=2 nodes=[] worker= pid=0 active_leases=0 routes=[4 4 0] majority_seq=19 consumer= pending=0 ack_pending=0 scheduled=9m30s killed=9m30.001140012s healed=9m47.57681889s
    mixed_matrix_leader_test.go:150: mixed batch=68 elapsed=9m54.719248169s
    mixed_matrix_leader_test.go:150: mixed batch=69 elapsed=10m0.436514342s
    mixed_matrix_leader_test.go:150: MATRIX_RETAINED row=server_partition report={Invocations:1932 Journals:1932 Entries:21342 Terminal:1932} expected_invocations=1932
    mixed_matrix_leader_test.go:150: MATRIX_RESULT row=server_partition seed=1 duration=10m0s release_duration=true batches=69 invocations=1932 faults=19 terminal_p99=13.282264213s
    mixed_matrix_leader_test.go:150: MATRIX_CELL type=matrixshort invocations=276 terminal_p99=5.15888131s
    mixed_matrix_leader_test.go:150: MATRIX_PROGRESS type=matrixshort enabled_events=276 progress_p99=5.132964278s progress_max=5.627527908s above_30s=0
    mixed_matrix_leader_test.go:150: MATRIX_CELL type=matrixtimer invocations=207 terminal_p99=13.081188775s
    mixed_matrix_leader_test.go:150: MATRIX_PROGRESS type=matrixtimer enabled_events=1863 progress_p99=13.074855849s progress_max=22.30720661s above_30s=0
    mixed_matrix_leader_test.go:150: MATRIX_CELL type=matrixsignal invocations=138 terminal_p99=18.778298182s
    mixed_matrix_leader_test.go:150: MATRIX_PROGRESS type=matrixsignal enabled_events=1242 progress_p99=1.700066738s progress_max=3.372321309s above_30s=0
    mixed_matrix_leader_test.go:150: MATRIX_CELL type=matrixfanout invocations=69 terminal_p99=18.196614284s
    mixed_matrix_leader_test.go:150: MATRIX_PROGRESS type=matrixfanout enabled_events=897 progress_p99=286.29577ms progress_max=6.563710524s above_30s=0
    mixed_matrix_leader_test.go:150: MATRIX_CELL type=matrixchild invocations=414 terminal_p99=13.372221069s
    mixed_matrix_leader_test.go:150: MATRIX_PROGRESS type=matrixchild enabled_events=2070 progress_p99=292.985815ms progress_max=4.587800574s above_30s=0
    mixed_matrix_leader_test.go:150: MATRIX_CELL type=matrixgrandchild invocations=828 terminal_p99=1.071711525s
    mixed_matrix_leader_test.go:150: MATRIX_PROGRESS type=matrixgrandchild enabled_events=828 progress_p99=972.844922ms progress_max=5.296866029s above_30s=0
--- PASS: TestMixedMatrixServerPartitionEveryThirtySeconds (665.72s)
PASS
