=== RUN   TestReplayRequestEnvelopeBeforePlugin
=== RUN   TestReplayRequestEnvelopeBeforePlugin/kind
=== RUN   TestReplayRequestEnvelopeBeforePlugin/name
=== RUN   TestReplayRequestEnvelopeBeforePlugin/hash
=== RUN   TestReplayRequestEnvelopeBeforePlugin/timer
=== RUN   TestReplayRequestEnvelopeBeforePlugin/child
=== RUN   TestReplayRequestEnvelopeBeforePlugin/cases
=== RUN   TestReplayRequestEnvelopeBeforePlugin/nested
=== RUN   TestReplayRequestEnvelopeBeforePlugin/unknown
--- PASS: TestReplayRequestEnvelopeBeforePlugin (0.00s)
    --- PASS: TestReplayRequestEnvelopeBeforePlugin/kind (0.00s)
    --- PASS: TestReplayRequestEnvelopeBeforePlugin/name (0.00s)
    --- PASS: TestReplayRequestEnvelopeBeforePlugin/hash (0.00s)
    --- PASS: TestReplayRequestEnvelopeBeforePlugin/timer (0.00s)
    --- PASS: TestReplayRequestEnvelopeBeforePlugin/child (0.00s)
    --- PASS: TestReplayRequestEnvelopeBeforePlugin/cases (0.00s)
    --- PASS: TestReplayRequestEnvelopeBeforePlugin/nested (0.00s)
    --- PASS: TestReplayRequestEnvelopeBeforePlugin/unknown (0.00s)
PASS
ok  	js-wf/cmd/wf	1.067s
