=== RUN   TestRequestEnvelopeKeepsHashedUserInputOpaque
--- PASS: TestRequestEnvelopeKeepsHashedUserInputOpaque (0.00s)
=== RUN   TestReplayRequestEnvelopeBeforeHandler
=== RUN   TestReplayRequestEnvelopeBeforeHandler/alias_name
=== RUN   TestReplayRequestEnvelopeBeforeHandler/duplicate_kind
=== RUN   TestReplayRequestEnvelopeBeforeHandler/escaped_kind
=== RUN   TestReplayRequestEnvelopeBeforeHandler/duplicate_hash
=== RUN   TestReplayRequestEnvelopeBeforeHandler/duplicate_child
=== RUN   TestReplayRequestEnvelopeBeforeHandler/alias_timer
=== RUN   TestReplayRequestEnvelopeBeforeHandler/duplicate_cases
=== RUN   TestReplayRequestEnvelopeBeforeHandler/nested_case
=== RUN   TestReplayRequestEnvelopeBeforeHandler/alias_kind
=== RUN   TestReplayRequestEnvelopeBeforeHandler/duplicate_name
=== RUN   TestReplayRequestEnvelopeBeforeHandler/unknown_field
=== RUN   TestReplayRequestEnvelopeBeforeHandler/nested_alias
=== RUN   TestReplayRequestEnvelopeBeforeHandler/null
=== RUN   TestReplayRequestEnvelopeBeforeHandler/alias_hash
=== RUN   TestReplayRequestEnvelopeBeforeHandler/missing
--- PASS: TestReplayRequestEnvelopeBeforeHandler (0.02s)
    --- PASS: TestReplayRequestEnvelopeBeforeHandler/alias_name (0.00s)
    --- PASS: TestReplayRequestEnvelopeBeforeHandler/duplicate_kind (0.00s)
    --- PASS: TestReplayRequestEnvelopeBeforeHandler/escaped_kind (0.00s)
    --- PASS: TestReplayRequestEnvelopeBeforeHandler/duplicate_hash (0.00s)
    --- PASS: TestReplayRequestEnvelopeBeforeHandler/duplicate_child (0.00s)
    --- PASS: TestReplayRequestEnvelopeBeforeHandler/alias_timer (0.00s)
    --- PASS: TestReplayRequestEnvelopeBeforeHandler/duplicate_cases (0.00s)
    --- PASS: TestReplayRequestEnvelopeBeforeHandler/nested_case (0.00s)
    --- PASS: TestReplayRequestEnvelopeBeforeHandler/alias_kind (0.00s)
    --- PASS: TestReplayRequestEnvelopeBeforeHandler/duplicate_name (0.00s)
    --- PASS: TestReplayRequestEnvelopeBeforeHandler/unknown_field (0.00s)
    --- PASS: TestReplayRequestEnvelopeBeforeHandler/nested_alias (0.00s)
    --- PASS: TestReplayRequestEnvelopeBeforeHandler/null (0.00s)
    --- PASS: TestReplayRequestEnvelopeBeforeHandler/alias_hash (0.00s)
    --- PASS: TestReplayRequestEnvelopeBeforeHandler/missing (0.00s)
PASS
ok  	js-wf/wf	1.035s
