=== RUN   TestProcessClusterCombinedFourFaultsRecover
    process_cluster_test.go:308: FAULT_SEED=1 FAULT_SCHEDULE=/tmp/TestProcessClusterCombinedFourFaultsRecover4143859154/001/combined-faults.json
--- PASS: TestProcessClusterCombinedFourFaultsRecover (3.03s)
=== RUN   TestAwaitProcessStreamLeader
=== RUN   TestAwaitProcessStreamLeader/initial_election
=== RUN   TestAwaitProcessStreamLeader/invalid_leader
=== RUN   TestAwaitProcessStreamLeader/election_deadline
--- PASS: TestAwaitProcessStreamLeader (0.10s)
    --- PASS: TestAwaitProcessStreamLeader/initial_election (0.05s)
    --- PASS: TestAwaitProcessStreamLeader/invalid_leader (0.00s)
    --- PASS: TestAwaitProcessStreamLeader/election_deadline (0.05s)
=== RUN   TestProcessClusterCombinedFourFaultsRecover
    process_cluster_test.go:308: FAULT_SEED=1 FAULT_SCHEDULE=/tmp/TestProcessClusterCombinedFourFaultsRecover1882367661/001/combined-faults.json
--- PASS: TestProcessClusterCombinedFourFaultsRecover (3.17s)
=== RUN   TestAwaitProcessStreamLeader
=== RUN   TestAwaitProcessStreamLeader/initial_election
=== RUN   TestAwaitProcessStreamLeader/invalid_leader
=== RUN   TestAwaitProcessStreamLeader/election_deadline
--- PASS: TestAwaitProcessStreamLeader (0.10s)
    --- PASS: TestAwaitProcessStreamLeader/initial_election (0.05s)
    --- PASS: TestAwaitProcessStreamLeader/invalid_leader (0.00s)
    --- PASS: TestAwaitProcessStreamLeader/election_deadline (0.05s)
=== RUN   TestProcessClusterCombinedFourFaultsRecover
    process_cluster_test.go:308: FAULT_SEED=1 FAULT_SCHEDULE=/tmp/TestProcessClusterCombinedFourFaultsRecover3980356178/001/combined-faults.json
--- PASS: TestProcessClusterCombinedFourFaultsRecover (3.49s)
=== RUN   TestAwaitProcessStreamLeader
=== RUN   TestAwaitProcessStreamLeader/initial_election
=== RUN   TestAwaitProcessStreamLeader/invalid_leader
=== RUN   TestAwaitProcessStreamLeader/election_deadline
--- PASS: TestAwaitProcessStreamLeader (0.10s)
    --- PASS: TestAwaitProcessStreamLeader/initial_election (0.05s)
    --- PASS: TestAwaitProcessStreamLeader/invalid_leader (0.00s)
    --- PASS: TestAwaitProcessStreamLeader/election_deadline (0.05s)
PASS
ok  	js-wf/testcluster	10.011s
