=== RUN   TestGraphOwnedPayloadSeededReuseAndCompleteReclamation
=== RUN   TestGraphOwnedPayloadSeededReuseAndCompleteReclamation/1
=== RUN   TestGraphOwnedPayloadSeededReuseAndCompleteReclamation/2
=== RUN   TestGraphOwnedPayloadSeededReuseAndCompleteReclamation/3
=== RUN   TestGraphOwnedPayloadSeededReuseAndCompleteReclamation/4
=== RUN   TestGraphOwnedPayloadSeededReuseAndCompleteReclamation/5
=== RUN   TestGraphOwnedPayloadSeededReuseAndCompleteReclamation/6
=== RUN   TestGraphOwnedPayloadSeededReuseAndCompleteReclamation/7
=== RUN   TestGraphOwnedPayloadSeededReuseAndCompleteReclamation/8
=== RUN   TestGraphOwnedPayloadSeededReuseAndCompleteReclamation/9
=== RUN   TestGraphOwnedPayloadSeededReuseAndCompleteReclamation/10
=== RUN   TestGraphOwnedPayloadSeededReuseAndCompleteReclamation/11
=== RUN   TestGraphOwnedPayloadSeededReuseAndCompleteReclamation/12
=== RUN   TestGraphOwnedPayloadSeededReuseAndCompleteReclamation/13
=== RUN   TestGraphOwnedPayloadSeededReuseAndCompleteReclamation/14
=== RUN   TestGraphOwnedPayloadSeededReuseAndCompleteReclamation/15
=== RUN   TestGraphOwnedPayloadSeededReuseAndCompleteReclamation/16
=== RUN   TestGraphOwnedPayloadSeededReuseAndCompleteReclamation/17
=== RUN   TestGraphOwnedPayloadSeededReuseAndCompleteReclamation/18
=== RUN   TestGraphOwnedPayloadSeededReuseAndCompleteReclamation/19
=== RUN   TestGraphOwnedPayloadSeededReuseAndCompleteReclamation/20
=== RUN   TestGraphOwnedPayloadSeededReuseAndCompleteReclamation/21
=== RUN   TestGraphOwnedPayloadSeededReuseAndCompleteReclamation/22
=== RUN   TestGraphOwnedPayloadSeededReuseAndCompleteReclamation/23
=== RUN   TestGraphOwnedPayloadSeededReuseAndCompleteReclamation/24
=== RUN   TestGraphOwnedPayloadSeededReuseAndCompleteReclamation/25
=== RUN   TestGraphOwnedPayloadSeededReuseAndCompleteReclamation/26
=== RUN   TestGraphOwnedPayloadSeededReuseAndCompleteReclamation/27
=== RUN   TestGraphOwnedPayloadSeededReuseAndCompleteReclamation/28
=== RUN   TestGraphOwnedPayloadSeededReuseAndCompleteReclamation/29
=== RUN   TestGraphOwnedPayloadSeededReuseAndCompleteReclamation/30
=== RUN   TestGraphOwnedPayloadSeededReuseAndCompleteReclamation/31
=== RUN   TestGraphOwnedPayloadSeededReuseAndCompleteReclamation/32
=== NAME  TestGraphOwnedPayloadSeededReuseAndCompleteReclamation
    owned_test.go:108: GRAPH_OWNED_PAYLOAD_REUSE seeds=32 reused_records=1024 original_payload_objects_per_seed=1 origin_grant_unchanged=true complete_retirements=32
--- PASS: TestGraphOwnedPayloadSeededReuseAndCompleteReclamation (29.33s)
    --- PASS: TestGraphOwnedPayloadSeededReuseAndCompleteReclamation/1 (0.92s)
    --- PASS: TestGraphOwnedPayloadSeededReuseAndCompleteReclamation/2 (0.93s)
    --- PASS: TestGraphOwnedPayloadSeededReuseAndCompleteReclamation/3 (0.91s)
    --- PASS: TestGraphOwnedPayloadSeededReuseAndCompleteReclamation/4 (0.93s)
    --- PASS: TestGraphOwnedPayloadSeededReuseAndCompleteReclamation/5 (0.90s)
    --- PASS: TestGraphOwnedPayloadSeededReuseAndCompleteReclamation/6 (0.86s)
    --- PASS: TestGraphOwnedPayloadSeededReuseAndCompleteReclamation/7 (0.91s)
    --- PASS: TestGraphOwnedPayloadSeededReuseAndCompleteReclamation/8 (0.86s)
    --- PASS: TestGraphOwnedPayloadSeededReuseAndCompleteReclamation/9 (0.88s)
    --- PASS: TestGraphOwnedPayloadSeededReuseAndCompleteReclamation/10 (0.97s)
    --- PASS: TestGraphOwnedPayloadSeededReuseAndCompleteReclamation/11 (0.93s)
    --- PASS: TestGraphOwnedPayloadSeededReuseAndCompleteReclamation/12 (0.92s)
    --- PASS: TestGraphOwnedPayloadSeededReuseAndCompleteReclamation/13 (0.90s)
    --- PASS: TestGraphOwnedPayloadSeededReuseAndCompleteReclamation/14 (0.86s)
    --- PASS: TestGraphOwnedPayloadSeededReuseAndCompleteReclamation/15 (0.95s)
    --- PASS: TestGraphOwnedPayloadSeededReuseAndCompleteReclamation/16 (0.92s)
    --- PASS: TestGraphOwnedPayloadSeededReuseAndCompleteReclamation/17 (0.91s)
    --- PASS: TestGraphOwnedPayloadSeededReuseAndCompleteReclamation/18 (0.95s)
    --- PASS: TestGraphOwnedPayloadSeededReuseAndCompleteReclamation/19 (0.94s)
    --- PASS: TestGraphOwnedPayloadSeededReuseAndCompleteReclamation/20 (0.89s)
    --- PASS: TestGraphOwnedPayloadSeededReuseAndCompleteReclamation/21 (0.91s)
    --- PASS: TestGraphOwnedPayloadSeededReuseAndCompleteReclamation/22 (0.90s)
    --- PASS: TestGraphOwnedPayloadSeededReuseAndCompleteReclamation/23 (0.86s)
    --- PASS: TestGraphOwnedPayloadSeededReuseAndCompleteReclamation/24 (0.88s)
    --- PASS: TestGraphOwnedPayloadSeededReuseAndCompleteReclamation/25 (0.89s)
    --- PASS: TestGraphOwnedPayloadSeededReuseAndCompleteReclamation/26 (0.86s)
    --- PASS: TestGraphOwnedPayloadSeededReuseAndCompleteReclamation/27 (1.00s)
    --- PASS: TestGraphOwnedPayloadSeededReuseAndCompleteReclamation/28 (0.96s)
    --- PASS: TestGraphOwnedPayloadSeededReuseAndCompleteReclamation/29 (0.92s)
    --- PASS: TestGraphOwnedPayloadSeededReuseAndCompleteReclamation/30 (0.93s)
    --- PASS: TestGraphOwnedPayloadSeededReuseAndCompleteReclamation/31 (1.04s)
    --- PASS: TestGraphOwnedPayloadSeededReuseAndCompleteReclamation/32 (0.94s)
=== RUN   TestGraphOwnedLargePayloadNotRecopied
--- PASS: TestGraphOwnedLargePayloadNotRecopied (0.09s)
=== RUN   TestGraphOwnedPayloadRejectsUnownedStaleAndAmbiguousReferences
=== RUN   TestGraphOwnedPayloadRejectsUnownedStaleAndAmbiguousReferences/wrong_index
=== RUN   TestGraphOwnedPayloadRejectsUnownedStaleAndAmbiguousReferences/wrong_upload
=== RUN   TestGraphOwnedPayloadRejectsUnownedStaleAndAmbiguousReferences/wrong_generation
=== RUN   TestGraphOwnedPayloadRejectsUnownedStaleAndAmbiguousReferences/foreign_destination
=== RUN   TestGraphOwnedPayloadRejectsUnownedStaleAndAmbiguousReferences/foreign_grant
=== RUN   TestGraphOwnedPayloadRejectsUnownedStaleAndAmbiguousReferences/closed_origin
=== RUN   TestGraphOwnedPayloadRejectsUnownedStaleAndAmbiguousReferences/future_origin_head
=== RUN   TestGraphOwnedPayloadRejectsUnownedStaleAndAmbiguousReferences/stale_head
=== RUN   TestGraphOwnedPayloadRejectsUnownedStaleAndAmbiguousReferences/ambiguous
--- PASS: TestGraphOwnedPayloadRejectsUnownedStaleAndAmbiguousReferences (0.02s)
    --- PASS: TestGraphOwnedPayloadRejectsUnownedStaleAndAmbiguousReferences/wrong_index (0.00s)
    --- PASS: TestGraphOwnedPayloadRejectsUnownedStaleAndAmbiguousReferences/wrong_upload (0.00s)
    --- PASS: TestGraphOwnedPayloadRejectsUnownedStaleAndAmbiguousReferences/wrong_generation (0.00s)
    --- PASS: TestGraphOwnedPayloadRejectsUnownedStaleAndAmbiguousReferences/foreign_destination (0.00s)
    --- PASS: TestGraphOwnedPayloadRejectsUnownedStaleAndAmbiguousReferences/foreign_grant (0.00s)
    --- PASS: TestGraphOwnedPayloadRejectsUnownedStaleAndAmbiguousReferences/closed_origin (0.00s)
    --- PASS: TestGraphOwnedPayloadRejectsUnownedStaleAndAmbiguousReferences/future_origin_head (0.00s)
    --- PASS: TestGraphOwnedPayloadRejectsUnownedStaleAndAmbiguousReferences/stale_head (0.00s)
    --- PASS: TestGraphOwnedPayloadRejectsUnownedStaleAndAmbiguousReferences/ambiguous (0.00s)
=== RUN   TestGraphOwnedPayloadRetirementAndCollectorFence
=== RUN   TestGraphOwnedPayloadRetirementAndCollectorFence/retired
=== RUN   TestGraphOwnedPayloadRetirementAndCollectorFence/collector_wins
=== RUN   TestGraphOwnedPayloadRetirementAndCollectorFence/commit_wins
--- PASS: TestGraphOwnedPayloadRetirementAndCollectorFence (0.01s)
    --- PASS: TestGraphOwnedPayloadRetirementAndCollectorFence/retired (0.00s)
    --- PASS: TestGraphOwnedPayloadRetirementAndCollectorFence/collector_wins (0.00s)
    --- PASS: TestGraphOwnedPayloadRetirementAndCollectorFence/commit_wins (0.00s)
=== RUN   TestGraphOwnedPayloadUncertainReadsAndCallerMutation
--- PASS: TestGraphOwnedPayloadUncertainReadsAndCallerMutation (0.00s)
=== RUN   TestGraphPublicationSeededAppendsSweepAndRetirement
=== RUN   TestGraphPublicationSeededAppendsSweepAndRetirement/1
=== RUN   TestGraphPublicationSeededAppendsSweepAndRetirement/2
=== RUN   TestGraphPublicationSeededAppendsSweepAndRetirement/3
=== RUN   TestGraphPublicationSeededAppendsSweepAndRetirement/4
=== RUN   TestGraphPublicationSeededAppendsSweepAndRetirement/5
=== RUN   TestGraphPublicationSeededAppendsSweepAndRetirement/6
=== RUN   TestGraphPublicationSeededAppendsSweepAndRetirement/7
=== RUN   TestGraphPublicationSeededAppendsSweepAndRetirement/8
=== RUN   TestGraphPublicationSeededAppendsSweepAndRetirement/9
=== RUN   TestGraphPublicationSeededAppendsSweepAndRetirement/10
=== RUN   TestGraphPublicationSeededAppendsSweepAndRetirement/11
=== RUN   TestGraphPublicationSeededAppendsSweepAndRetirement/12
=== RUN   TestGraphPublicationSeededAppendsSweepAndRetirement/13
=== RUN   TestGraphPublicationSeededAppendsSweepAndRetirement/14
=== RUN   TestGraphPublicationSeededAppendsSweepAndRetirement/15
=== RUN   TestGraphPublicationSeededAppendsSweepAndRetirement/16
=== RUN   TestGraphPublicationSeededAppendsSweepAndRetirement/17
=== RUN   TestGraphPublicationSeededAppendsSweepAndRetirement/18
=== RUN   TestGraphPublicationSeededAppendsSweepAndRetirement/19
=== RUN   TestGraphPublicationSeededAppendsSweepAndRetirement/20
=== RUN   TestGraphPublicationSeededAppendsSweepAndRetirement/21
=== RUN   TestGraphPublicationSeededAppendsSweepAndRetirement/22
=== RUN   TestGraphPublicationSeededAppendsSweepAndRetirement/23
=== RUN   TestGraphPublicationSeededAppendsSweepAndRetirement/24
=== RUN   TestGraphPublicationSeededAppendsSweepAndRetirement/25
=== RUN   TestGraphPublicationSeededAppendsSweepAndRetirement/26
=== RUN   TestGraphPublicationSeededAppendsSweepAndRetirement/27
=== RUN   TestGraphPublicationSeededAppendsSweepAndRetirement/28
=== RUN   TestGraphPublicationSeededAppendsSweepAndRetirement/29
=== RUN   TestGraphPublicationSeededAppendsSweepAndRetirement/30
=== RUN   TestGraphPublicationSeededAppendsSweepAndRetirement/31
=== RUN   TestGraphPublicationSeededAppendsSweepAndRetirement/32
=== NAME  TestGraphPublicationSeededAppendsSweepAndRetirement
    protocol_test.go:326: GRAPH_PUBLICATION_SEEDED seeds=32 committed_records=1024 complete_retirements=32 live_census_before_after_sweeps=true
--- PASS: TestGraphPublicationSeededAppendsSweepAndRetirement (16.65s)
    --- PASS: TestGraphPublicationSeededAppendsSweepAndRetirement/1 (0.52s)
    --- PASS: TestGraphPublicationSeededAppendsSweepAndRetirement/2 (0.64s)
    --- PASS: TestGraphPublicationSeededAppendsSweepAndRetirement/3 (0.58s)
    --- PASS: TestGraphPublicationSeededAppendsSweepAndRetirement/4 (0.49s)
    --- PASS: TestGraphPublicationSeededAppendsSweepAndRetirement/5 (0.41s)
    --- PASS: TestGraphPublicationSeededAppendsSweepAndRetirement/6 (0.53s)
    --- PASS: TestGraphPublicationSeededAppendsSweepAndRetirement/7 (0.58s)
    --- PASS: TestGraphPublicationSeededAppendsSweepAndRetirement/8 (0.48s)
    --- PASS: TestGraphPublicationSeededAppendsSweepAndRetirement/9 (0.37s)
    --- PASS: TestGraphPublicationSeededAppendsSweepAndRetirement/10 (0.55s)
    --- PASS: TestGraphPublicationSeededAppendsSweepAndRetirement/11 (0.50s)
    --- PASS: TestGraphPublicationSeededAppendsSweepAndRetirement/12 (0.53s)
    --- PASS: TestGraphPublicationSeededAppendsSweepAndRetirement/13 (0.54s)
    --- PASS: TestGraphPublicationSeededAppendsSweepAndRetirement/14 (0.59s)
    --- PASS: TestGraphPublicationSeededAppendsSweepAndRetirement/15 (0.45s)
    --- PASS: TestGraphPublicationSeededAppendsSweepAndRetirement/16 (0.61s)
    --- PASS: TestGraphPublicationSeededAppendsSweepAndRetirement/17 (0.67s)
    --- PASS: TestGraphPublicationSeededAppendsSweepAndRetirement/18 (0.43s)
    --- PASS: TestGraphPublicationSeededAppendsSweepAndRetirement/19 (0.56s)
    --- PASS: TestGraphPublicationSeededAppendsSweepAndRetirement/20 (0.32s)
    --- PASS: TestGraphPublicationSeededAppendsSweepAndRetirement/21 (0.49s)
    --- PASS: TestGraphPublicationSeededAppendsSweepAndRetirement/22 (0.60s)
    --- PASS: TestGraphPublicationSeededAppendsSweepAndRetirement/23 (0.69s)
    --- PASS: TestGraphPublicationSeededAppendsSweepAndRetirement/24 (0.53s)
    --- PASS: TestGraphPublicationSeededAppendsSweepAndRetirement/25 (0.47s)
    --- PASS: TestGraphPublicationSeededAppendsSweepAndRetirement/26 (0.45s)
    --- PASS: TestGraphPublicationSeededAppendsSweepAndRetirement/27 (0.48s)
    --- PASS: TestGraphPublicationSeededAppendsSweepAndRetirement/28 (0.47s)
    --- PASS: TestGraphPublicationSeededAppendsSweepAndRetirement/29 (0.56s)
    --- PASS: TestGraphPublicationSeededAppendsSweepAndRetirement/30 (0.51s)
    --- PASS: TestGraphPublicationSeededAppendsSweepAndRetirement/31 (0.58s)
    --- PASS: TestGraphPublicationSeededAppendsSweepAndRetirement/32 (0.45s)
=== RUN   TestGraphPublicationCollectorAndCommitInterleavings
=== RUN   TestGraphPublicationCollectorAndCommitInterleavings/commit
=== RUN   TestGraphPublicationCollectorAndCommitInterleavings/collector
--- PASS: TestGraphPublicationCollectorAndCommitInterleavings (0.01s)
    --- PASS: TestGraphPublicationCollectorAndCommitInterleavings/commit (0.00s)
    --- PASS: TestGraphPublicationCollectorAndCommitInterleavings/collector (0.01s)
=== RUN   TestGraphPublicationUnknownRepliesNeverAdoptUploads
=== RUN   TestGraphPublicationUnknownRepliesNeverAdoptUploads/put_lost
=== RUN   TestGraphPublicationUnknownRepliesNeverAdoptUploads/ready_lost
=== RUN   TestGraphPublicationUnknownRepliesNeverAdoptUploads/root_lost
=== RUN   TestGraphPublicationUnknownRepliesNeverAdoptUploads/root_lost_replaced
--- PASS: TestGraphPublicationUnknownRepliesNeverAdoptUploads (0.00s)
    --- PASS: TestGraphPublicationUnknownRepliesNeverAdoptUploads/put_lost (0.00s)
    --- PASS: TestGraphPublicationUnknownRepliesNeverAdoptUploads/ready_lost (0.00s)
    --- PASS: TestGraphPublicationUnknownRepliesNeverAdoptUploads/root_lost (0.00s)
    --- PASS: TestGraphPublicationUnknownRepliesNeverAdoptUploads/root_lost_replaced (0.00s)
=== RUN   TestGraphPublicationForeignDestinationAndRevokedGrants
--- PASS: TestGraphPublicationForeignDestinationAndRevokedGrants (0.00s)
=== RUN   TestGraphPublicationUncertainCensusFailsClosed
=== RUN   TestGraphPublicationUncertainCensusFailsClosed/root_read
=== RUN   TestGraphPublicationUncertainCensusFailsClosed/blob_read
=== RUN   TestGraphPublicationUncertainCensusFailsClosed/missing_ancestor
=== RUN   TestGraphPublicationUncertainCensusFailsClosed/schema
=== RUN   TestGraphPublicationUncertainCensusFailsClosed/unknown_object
--- PASS: TestGraphPublicationUncertainCensusFailsClosed (0.05s)
    --- PASS: TestGraphPublicationUncertainCensusFailsClosed/root_read (0.01s)
    --- PASS: TestGraphPublicationUncertainCensusFailsClosed/blob_read (0.01s)
    --- PASS: TestGraphPublicationUncertainCensusFailsClosed/missing_ancestor (0.01s)
    --- PASS: TestGraphPublicationUncertainCensusFailsClosed/schema (0.01s)
    --- PASS: TestGraphPublicationUncertainCensusFailsClosed/unknown_object (0.02s)
=== RUN   TestGraphPublicationDelayedDeleteCannotTouchNewGeneration
--- PASS: TestGraphPublicationDelayedDeleteCannotTouchNewGeneration (0.00s)
=== RUN   TestGraphPublicationContextAndCopies
--- PASS: TestGraphPublicationContextAndCopies (0.00s)
=== RUN   TestGraphPublicationMetadataBoundAndPermanentScopedGenerations
    protocol_test.go:605: GRAPH_PUBLICATION_BOUNDS records=128 max_authority_bytes=400 max_grants_per_scope=1 late_generation=2 retained_closed=true
--- PASS: TestGraphPublicationMetadataBoundAndPermanentScopedGenerations (0.27s)
=== RUN   TestGraphPublicationRejectsForeignPhysicalOwner
--- PASS: TestGraphPublicationRejectsForeignPhysicalOwner (0.00s)
=== RUN   TestGraphPublicationInvalidAcknowledgmentsAndInputBounds
--- PASS: TestGraphPublicationInvalidAcknowledgmentsAndInputBounds (0.00s)
PASS
ok  	js-wf/internal/graphpublication	47.467s
