=== RUN   TestRawGraphCheckpointSDKSignalHistory
=== RUN   TestRawGraphCheckpointSDKSignalHistory/signal
=== RUN   TestRawGraphCheckpointSDKSignalHistory/call
=== RUN   TestRawGraphCheckpointSDKSignalHistory/timer_signal_select
=== RUN   TestRawGraphCheckpointSDKSignalHistory/select_many
=== RUN   TestRawGraphCheckpointSDKSignalHistory/timer-branch
=== RUN   TestRawGraphCheckpointSDKSignalHistory/many-timer-branch
=== RUN   TestRawGraphCheckpointSDKSignalHistory/cached-promise
=== RUN   TestRawGraphCheckpointSDKSignalHistory/different-name-order
=== RUN   TestRawGraphCheckpointSDKSignalHistory/cursor-advanced
=== RUN   TestRawGraphCheckpointSDKSignalHistory/cursor-regressed
=== RUN   TestRawGraphCheckpointSDKSignalHistory/consumed-omitted
=== RUN   TestRawGraphCheckpointSDKSignalHistory/consumed-fabricated
=== RUN   TestRawGraphCheckpointSDKSignalHistory/consumed-duplicate
=== RUN   TestRawGraphCheckpointSDKSignalHistory/pending-omitted
=== RUN   TestRawGraphCheckpointSDKSignalHistory/pending-extra
=== RUN   TestRawGraphCheckpointSDKSignalHistory/pending-used
=== RUN   TestRawGraphCheckpointSDKSignalHistory/pending-name
=== RUN   TestRawGraphCheckpointSDKSignalHistory/pending-inline-bytes
=== RUN   TestRawGraphCheckpointSDKSignalHistory/pending-owned-bytes
=== RUN   TestRawGraphCheckpointSDKSignalHistory/pending-duplicate
=== RUN   TestRawGraphCheckpointSDKSignalHistory/pending-not-arrived
=== RUN   TestRawGraphCheckpointSDKSignalHistory/selection-missing
=== RUN   TestRawGraphCheckpointSDKSignalHistory/selection-name
=== RUN   TestRawGraphCheckpointSDKSignalHistory/selection-reused
=== RUN   TestRawGraphCheckpointSDKSignalHistory/selection-skips-oldest
=== RUN   TestRawGraphCheckpointSDKSignalHistory/timer-branch-invalid
=== RUN   TestRawGraphCheckpointSDKSignalHistory/timer-with-signal
=== RUN   TestRawGraphCheckpointSDKSignalHistory/case-index-missing
=== RUN   TestRawGraphCheckpointSDKSignalHistory/case-index-invalid
=== RUN   TestRawGraphCheckpointSDKSignalHistory/case-kind-invalid
=== RUN   TestRawGraphCheckpointSDKSignalHistory/many-timer-with-signal
--- PASS: TestRawGraphCheckpointSDKSignalHistory (0.01s)
    --- PASS: TestRawGraphCheckpointSDKSignalHistory/signal (0.00s)
    --- PASS: TestRawGraphCheckpointSDKSignalHistory/call (0.00s)
    --- PASS: TestRawGraphCheckpointSDKSignalHistory/timer_signal_select (0.00s)
    --- PASS: TestRawGraphCheckpointSDKSignalHistory/select_many (0.00s)
    --- PASS: TestRawGraphCheckpointSDKSignalHistory/timer-branch (0.00s)
    --- PASS: TestRawGraphCheckpointSDKSignalHistory/many-timer-branch (0.00s)
    --- PASS: TestRawGraphCheckpointSDKSignalHistory/cached-promise (0.00s)
    --- PASS: TestRawGraphCheckpointSDKSignalHistory/different-name-order (0.00s)
    --- PASS: TestRawGraphCheckpointSDKSignalHistory/cursor-advanced (0.00s)
    --- PASS: TestRawGraphCheckpointSDKSignalHistory/cursor-regressed (0.00s)
    --- PASS: TestRawGraphCheckpointSDKSignalHistory/consumed-omitted (0.00s)
    --- PASS: TestRawGraphCheckpointSDKSignalHistory/consumed-fabricated (0.00s)
    --- PASS: TestRawGraphCheckpointSDKSignalHistory/consumed-duplicate (0.00s)
    --- PASS: TestRawGraphCheckpointSDKSignalHistory/pending-omitted (0.00s)
    --- PASS: TestRawGraphCheckpointSDKSignalHistory/pending-extra (0.00s)
    --- PASS: TestRawGraphCheckpointSDKSignalHistory/pending-used (0.00s)
    --- PASS: TestRawGraphCheckpointSDKSignalHistory/pending-name (0.00s)
    --- PASS: TestRawGraphCheckpointSDKSignalHistory/pending-inline-bytes (0.00s)
    --- PASS: TestRawGraphCheckpointSDKSignalHistory/pending-owned-bytes (0.00s)
    --- PASS: TestRawGraphCheckpointSDKSignalHistory/pending-duplicate (0.00s)
    --- PASS: TestRawGraphCheckpointSDKSignalHistory/pending-not-arrived (0.00s)
    --- PASS: TestRawGraphCheckpointSDKSignalHistory/selection-missing (0.00s)
    --- PASS: TestRawGraphCheckpointSDKSignalHistory/selection-name (0.00s)
    --- PASS: TestRawGraphCheckpointSDKSignalHistory/selection-reused (0.00s)
    --- PASS: TestRawGraphCheckpointSDKSignalHistory/selection-skips-oldest (0.00s)
    --- PASS: TestRawGraphCheckpointSDKSignalHistory/timer-branch-invalid (0.00s)
    --- PASS: TestRawGraphCheckpointSDKSignalHistory/timer-with-signal (0.00s)
    --- PASS: TestRawGraphCheckpointSDKSignalHistory/case-index-missing (0.00s)
    --- PASS: TestRawGraphCheckpointSDKSignalHistory/case-index-invalid (0.00s)
    --- PASS: TestRawGraphCheckpointSDKSignalHistory/case-kind-invalid (0.00s)
    --- PASS: TestRawGraphCheckpointSDKSignalHistory/many-timer-with-signal (0.00s)
PASS
ok  	js-wf/integrity	1.025s
