VERIFY_REMOTE js-wf-raft-snapshot-reservation-controls-20261007
REMOVED js-wf-raft-snapshot-reservation-controls-20261007 514637824
VERIFY_REMOTE js-wf-postgres-domain-standalone-50000-20261007
REMOVED js-wf-postgres-domain-standalone-50000-20261007 513368064
VERIFY_REMOTE js-wf-partition-seed6-candidate-20261006
REMOVED js-wf-partition-seed6-candidate-20261006 311865344
VERIFY_REMOTE js-wf-raft-contiguous-controls-20261006
REMOVED js-wf-raft-contiguous-controls-20261006 307761152
VERIFY_REMOTE js-wf-lease-partition-component-contiguous-20261006
REMOVED js-wf-lease-partition-component-contiguous-20261006 305725440
VERIFY_REMOTE js-wf-lease-raft-offline-bound-20261006
REMOVED js-wf-lease-raft-offline-bound-20261006 243478528
VERIFY_REMOTE js-wf-raft-safety170-synchronized-20261007
REMOVED js-wf-raft-safety170-synchronized-20261007 242044928
VERIFY_REMOTE js-wf-raft-safety170-synchronized-durable-20261007
REMOVED js-wf-raft-safety170-synchronized-durable-20261007 241643520
VERIFY_REMOTE js-wf-raft-safety170-peer-locked-20261007
REMOVED js-wf-raft-safety170-peer-locked-20261007 241389568
VERIFY_REMOTE js-wf-raft-safety170-contiguous-admitted-20261007
REMOVED js-wf-raft-safety170-contiguous-admitted-20261007 241225728
VERIFY_REMOTE js-wf-raft-safety170-20261006
REMOVED js-wf-raft-safety170-20261006 240672768
VERIFY_REMOTE js-wf-raft-synchronized-setup-controls-20261007
REMOVED js-wf-raft-synchronized-setup-controls-20261007 239861760
VERIFY_REMOTE js-wf-raft-peer-locking-controls-20261007
REMOVED js-wf-raft-peer-locking-controls-20261007 239357952
VERIFY_REMOTE js-wf-raft-callback-regression-20261006
REMOVED js-wf-raft-callback-regression-20261006 238628864
VERIFY_REMOTE js-wf-lease-partition-component-candidate-20261006
REMOVED js-wf-lease-partition-component-candidate-20261006 221208576
VERIFY_REMOTE js-wf-leaf-domain-retirement-20261007
REMOVED js-wf-leaf-domain-retirement-20261007 116215808
FINISHED 4987031552 free 82844483584
