=== RUN   TestOperatorStandaloneCommandsThroughLeaf
    main_test.go:166: operator domain admitted node=0 domain=WFOPS server_id=NA3PIGHSNCLK2C3NIOAIPXJDLIJBQVNNI2LR2ZBJWDKSCIL7POL4AT22
    main_test.go:166: operator domain admitted node=1 domain=WFOPS server_id=NCJ2UID47L7ERPX4CHFSVTDQB3WAN5LJ562U5H7YVO3C4G55EWNMLPHI
    main_test.go:166: operator domain admitted node=2 domain=WFOPS server_id=NCEYZB4VFMOHLA7FNGYF2GHOHF7IVUEZSLQEONIT6KU62TOYJZJHATSX
    main_test.go:189: operator child wire: pid=498464 offline=false connections=1 truncated=false client_bytes=296 server_bytes=967
    main_test.go:189: operator standalone process domain="WFOPS" pid=498464 exit=1
    main_test.go:189: operator child wire: pid=498495 offline=false connections=1 truncated=false client_bytes=9516 server_bytes=8615
    main_test.go:189: operator standalone process domain="WFOPS" pid=498495 exit=0
    main_test.go:189: operator child wire: pid=498561 offline=false connections=1 truncated=false client_bytes=404 server_bytes=2380
    main_test.go:189: operator standalone process domain="WFOPS" pid=498561 exit=0
    main_test.go:189: operator child wire: pid=498664 offline=false connections=1 truncated=false client_bytes=444 server_bytes=2240
    main_test.go:189: operator standalone process domain="WFOPS" pid=498664 exit=0
    main_test.go:189: operator child wire: pid=498774 offline=false connections=1 truncated=false client_bytes=444 server_bytes=2306
    main_test.go:189: operator standalone process domain="WFOPS" pid=498774 exit=1
    main_test.go:189: operator child wire: pid=498779 offline=false connections=1 truncated=false client_bytes=3770 server_bytes=14781
    main_test.go:189: operator standalone process domain="WFOPS" pid=498779 exit=0
    main_test.go:189: operator child wire: pid=498884 offline=false connections=1 truncated=false client_bytes=1550 server_bytes=7506
    main_test.go:189: operator standalone process domain="WFOPS" pid=498884 exit=0
    main_test.go:189: operator child wire: pid=498952 offline=false connections=1 truncated=false client_bytes=912 server_bytes=6833
    main_test.go:189: operator standalone process domain="WFOPS" pid=498952 exit=0
    main_test.go:189: operator child wire: pid=499064 offline=false connections=1 truncated=false client_bytes=1394 server_bytes=9937
    main_test.go:189: operator standalone process domain="WFOPS" pid=499064 exit=0
    main_test.go:189: operator child wire: pid=499155 offline=false connections=1 truncated=false client_bytes=1741 server_bytes=10084
    main_test.go:189: operator standalone process domain="WFOPS" pid=499155 exit=0
    main_test.go:189: operator child wire: pid=499232 offline=false connections=1 truncated=false client_bytes=1741 server_bytes=10085
    main_test.go:189: operator standalone process domain="WFOPS" pid=499232 exit=0
    main_test.go:189: operator child wire: pid=499818 offline=false connections=1 truncated=false client_bytes=1420 server_bytes=7416
    main_test.go:189: operator standalone process domain="WFOPS" pid=499818 exit=0
    main_test.go:189: operator child wire: pid=499913 offline=false connections=1 truncated=false client_bytes=1420 server_bytes=7423
    main_test.go:189: operator standalone process domain="WFOPS" pid=499913 exit=1
    main_test.go:189: operator child wire: pid=499926 offline=false connections=1 truncated=false client_bytes=1420 server_bytes=7418
    main_test.go:189: operator standalone process domain="WFOPS" pid=499926 exit=1
    main_test.go:189: operator child wire: pid=499974 offline=false connections=1 truncated=false client_bytes=3147 server_bytes=1857307
    main_test.go:189: operator standalone process domain="WFOPS" pid=499974 exit=0
    main_test.go:189: operator child wire: pid=500084 offline=false connections=1 truncated=false client_bytes=3147 server_bytes=1857310
    main_test.go:189: operator standalone process domain="WFOPS" pid=500084 exit=0
    main_test.go:189: operator child wire: pid=500247 offline=true connections=0 truncated=false client_bytes=0 server_bytes=0
    main_test.go:189: operator standalone process domain="WFOPS" pid=500247 exit=0
    main_test.go:189: operator child wire: pid=500410 offline=true connections=0 truncated=false client_bytes=0 server_bytes=0
    main_test.go:189: operator standalone process domain="WFOPS" pid=500410 exit=1
    main_test.go:189: operator child wire: pid=500416 offline=false connections=1 truncated=false client_bytes=1011 server_bytes=4136
    main_test.go:189: operator standalone process domain="WFOPS" pid=500416 exit=0
    main_test.go:189: operator child wire: pid=500576 offline=false connections=1 truncated=false client_bytes=4453 server_bytes=13709
    main_test.go:189: operator standalone process domain="WFOPS" pid=500576 exit=0
    main_test.go:189: operator child wire: pid=500874 offline=false connections=1 truncated=false client_bytes=7474 server_bytes=28829
    main_test.go:189: operator standalone process domain="WFOPS" pid=500874 exit=0
    main_test.go:189: operator child wire: pid=500935 offline=false connections=1 truncated=false client_bytes=1585 server_bytes=8545
    main_test.go:189: operator standalone process domain="WFOPS" pid=500935 exit=0
    main_test.go:189: operator child wire: pid=501050 offline=false connections=1 truncated=false client_bytes=1634 server_bytes=6433
    main_test.go:189: operator standalone process domain="WFOPS" pid=501050 exit=0
    leaf_standalone_test.go:172: operator leaf: test=TestOperatorStandaloneCommandsThroughLeaf local=WFEDGE remote=WFOPS leaf_pid=498424 local_streams=0
    standalone_test.go:225: operator standalone commands domain="WFOPS" processes=23 exe_sha256=85b8073382bbfde47529eb74110ecd62f17b2e009aa2bbae7c7af72e19ae6a4d
--- PASS: TestOperatorStandaloneCommandsThroughLeaf (37.81s)
PASS
