=== RUN   TestGraphPublicationSeededAppendsSweepAndRetirement
=== RUN   TestGraphPublicationSeededAppendsSweepAndRetirement/1
=== RUN   TestGraphPublicationSeededAppendsSweepAndRetirement/2
=== RUN   TestGraphPublicationSeededAppendsSweepAndRetirement/3
=== RUN   TestGraphPublicationSeededAppendsSweepAndRetirement/4
=== RUN   TestGraphPublicationSeededAppendsSweepAndRetirement/5
=== RUN   TestGraphPublicationSeededAppendsSweepAndRetirement/6
=== RUN   TestGraphPublicationSeededAppendsSweepAndRetirement/7
=== RUN   TestGraphPublicationSeededAppendsSweepAndRetirement/8
=== RUN   TestGraphPublicationSeededAppendsSweepAndRetirement/9
=== RUN   TestGraphPublicationSeededAppendsSweepAndRetirement/10
=== RUN   TestGraphPublicationSeededAppendsSweepAndRetirement/11
=== RUN   TestGraphPublicationSeededAppendsSweepAndRetirement/12
=== RUN   TestGraphPublicationSeededAppendsSweepAndRetirement/13
=== RUN   TestGraphPublicationSeededAppendsSweepAndRetirement/14
=== RUN   TestGraphPublicationSeededAppendsSweepAndRetirement/15
=== RUN   TestGraphPublicationSeededAppendsSweepAndRetirement/16
=== RUN   TestGraphPublicationSeededAppendsSweepAndRetirement/17
=== RUN   TestGraphPublicationSeededAppendsSweepAndRetirement/18
=== RUN   TestGraphPublicationSeededAppendsSweepAndRetirement/19
=== RUN   TestGraphPublicationSeededAppendsSweepAndRetirement/20
=== RUN   TestGraphPublicationSeededAppendsSweepAndRetirement/21
=== RUN   TestGraphPublicationSeededAppendsSweepAndRetirement/22
=== RUN   TestGraphPublicationSeededAppendsSweepAndRetirement/23
=== RUN   TestGraphPublicationSeededAppendsSweepAndRetirement/24
=== RUN   TestGraphPublicationSeededAppendsSweepAndRetirement/25
=== RUN   TestGraphPublicationSeededAppendsSweepAndRetirement/26
=== RUN   TestGraphPublicationSeededAppendsSweepAndRetirement/27
=== RUN   TestGraphPublicationSeededAppendsSweepAndRetirement/28
=== RUN   TestGraphPublicationSeededAppendsSweepAndRetirement/29
=== RUN   TestGraphPublicationSeededAppendsSweepAndRetirement/30
=== RUN   TestGraphPublicationSeededAppendsSweepAndRetirement/31
=== RUN   TestGraphPublicationSeededAppendsSweepAndRetirement/32
=== NAME  TestGraphPublicationSeededAppendsSweepAndRetirement
    protocol_test.go:326: GRAPH_PUBLICATION_SEEDED seeds=32 committed_records=1024 complete_retirements=32 live_census_before_after_sweeps=true
--- PASS: TestGraphPublicationSeededAppendsSweepAndRetirement (0.97s)
    --- PASS: TestGraphPublicationSeededAppendsSweepAndRetirement/1 (0.03s)
    --- PASS: TestGraphPublicationSeededAppendsSweepAndRetirement/2 (0.04s)
    --- PASS: TestGraphPublicationSeededAppendsSweepAndRetirement/3 (0.04s)
    --- PASS: TestGraphPublicationSeededAppendsSweepAndRetirement/4 (0.03s)
    --- PASS: TestGraphPublicationSeededAppendsSweepAndRetirement/5 (0.02s)
    --- PASS: TestGraphPublicationSeededAppendsSweepAndRetirement/6 (0.03s)
    --- PASS: TestGraphPublicationSeededAppendsSweepAndRetirement/7 (0.02s)
    --- PASS: TestGraphPublicationSeededAppendsSweepAndRetirement/8 (0.02s)
    --- PASS: TestGraphPublicationSeededAppendsSweepAndRetirement/9 (0.02s)
    --- PASS: TestGraphPublicationSeededAppendsSweepAndRetirement/10 (0.03s)
    --- PASS: TestGraphPublicationSeededAppendsSweepAndRetirement/11 (0.03s)
    --- PASS: TestGraphPublicationSeededAppendsSweepAndRetirement/12 (0.03s)
    --- PASS: TestGraphPublicationSeededAppendsSweepAndRetirement/13 (0.03s)
    --- PASS: TestGraphPublicationSeededAppendsSweepAndRetirement/14 (0.03s)
    --- PASS: TestGraphPublicationSeededAppendsSweepAndRetirement/15 (0.02s)
    --- PASS: TestGraphPublicationSeededAppendsSweepAndRetirement/16 (0.03s)
    --- PASS: TestGraphPublicationSeededAppendsSweepAndRetirement/17 (0.06s)
    --- PASS: TestGraphPublicationSeededAppendsSweepAndRetirement/18 (0.03s)
    --- PASS: TestGraphPublicationSeededAppendsSweepAndRetirement/19 (0.04s)
    --- PASS: TestGraphPublicationSeededAppendsSweepAndRetirement/20 (0.02s)
    --- PASS: TestGraphPublicationSeededAppendsSweepAndRetirement/21 (0.03s)
    --- PASS: TestGraphPublicationSeededAppendsSweepAndRetirement/22 (0.03s)
    --- PASS: TestGraphPublicationSeededAppendsSweepAndRetirement/23 (0.03s)
    --- PASS: TestGraphPublicationSeededAppendsSweepAndRetirement/24 (0.04s)
    --- PASS: TestGraphPublicationSeededAppendsSweepAndRetirement/25 (0.02s)
    --- PASS: TestGraphPublicationSeededAppendsSweepAndRetirement/26 (0.03s)
    --- PASS: TestGraphPublicationSeededAppendsSweepAndRetirement/27 (0.02s)
    --- PASS: TestGraphPublicationSeededAppendsSweepAndRetirement/28 (0.03s)
    --- PASS: TestGraphPublicationSeededAppendsSweepAndRetirement/29 (0.04s)
    --- PASS: TestGraphPublicationSeededAppendsSweepAndRetirement/30 (0.03s)
    --- PASS: TestGraphPublicationSeededAppendsSweepAndRetirement/31 (0.03s)
    --- PASS: TestGraphPublicationSeededAppendsSweepAndRetirement/32 (0.03s)
=== RUN   TestGraphPublicationCollectorAndCommitInterleavings
=== RUN   TestGraphPublicationCollectorAndCommitInterleavings/commit
=== RUN   TestGraphPublicationCollectorAndCommitInterleavings/collector
--- PASS: TestGraphPublicationCollectorAndCommitInterleavings (0.00s)
    --- PASS: TestGraphPublicationCollectorAndCommitInterleavings/commit (0.00s)
    --- PASS: TestGraphPublicationCollectorAndCommitInterleavings/collector (0.00s)
=== RUN   TestGraphPublicationUnknownRepliesNeverAdoptUploads
=== RUN   TestGraphPublicationUnknownRepliesNeverAdoptUploads/put_lost
=== RUN   TestGraphPublicationUnknownRepliesNeverAdoptUploads/ready_lost
=== RUN   TestGraphPublicationUnknownRepliesNeverAdoptUploads/root_lost
=== RUN   TestGraphPublicationUnknownRepliesNeverAdoptUploads/root_lost_replaced
--- PASS: TestGraphPublicationUnknownRepliesNeverAdoptUploads (0.00s)
    --- PASS: TestGraphPublicationUnknownRepliesNeverAdoptUploads/put_lost (0.00s)
    --- PASS: TestGraphPublicationUnknownRepliesNeverAdoptUploads/ready_lost (0.00s)
    --- PASS: TestGraphPublicationUnknownRepliesNeverAdoptUploads/root_lost (0.00s)
    --- PASS: TestGraphPublicationUnknownRepliesNeverAdoptUploads/root_lost_replaced (0.00s)
=== RUN   TestGraphPublicationForeignDestinationAndRevokedGrants
--- PASS: TestGraphPublicationForeignDestinationAndRevokedGrants (0.00s)
=== RUN   TestGraphPublicationUncertainCensusFailsClosed
=== RUN   TestGraphPublicationUncertainCensusFailsClosed/root_read
=== RUN   TestGraphPublicationUncertainCensusFailsClosed/blob_read
=== RUN   TestGraphPublicationUncertainCensusFailsClosed/missing_ancestor
=== RUN   TestGraphPublicationUncertainCensusFailsClosed/schema
=== RUN   TestGraphPublicationUncertainCensusFailsClosed/unknown_object
--- PASS: TestGraphPublicationUncertainCensusFailsClosed (0.00s)
    --- PASS: TestGraphPublicationUncertainCensusFailsClosed/root_read (0.00s)
    --- PASS: TestGraphPublicationUncertainCensusFailsClosed/blob_read (0.00s)
    --- PASS: TestGraphPublicationUncertainCensusFailsClosed/missing_ancestor (0.00s)
    --- PASS: TestGraphPublicationUncertainCensusFailsClosed/schema (0.00s)
    --- PASS: TestGraphPublicationUncertainCensusFailsClosed/unknown_object (0.00s)
=== RUN   TestGraphPublicationDelayedDeleteCannotTouchNewGeneration
--- PASS: TestGraphPublicationDelayedDeleteCannotTouchNewGeneration (0.00s)
=== RUN   TestGraphPublicationContextAndCopies
--- PASS: TestGraphPublicationContextAndCopies (0.00s)
PASS
ok  	js-wf/internal/graphpublication	0.977s
