=== RUN   TestMixedMatrixServerPartitionEveryThirtySeconds
    mixed_matrix_leader_test.go:150: experimental partition server binary=/tmp/js-wf-corrected-partition200-20261008/campaign/seed-001/partition-server.bin
    mixed_matrix_leader_test.go:150: retained matrix process stores=/tmp/js-wf-corrected-partition200-20261008/campaign/seed-001/originals/TestMixedMatrixServerPartitionEveryThirtySeconds
    mixed_matrix_leader_test.go:150: mixed batch=1 elapsed=4.924769864s
    mixed_matrix_leader_test.go:150: mixed batch=2 elapsed=8.938320463s
    mixed_matrix_leader_test.go:150: mixed batch=3 elapsed=12.949359267s
    mixed_matrix_leader_test.go:150: mixed batch=4 elapsed=16.960534452s
    mixed_matrix_leader_test.go:150: mixed batch=5 elapsed=20.973425358s
    mixed_matrix_leader_test.go:150: mixed batch=6 elapsed=24.986141523s
    mixed_matrix_leader_test.go:150: mixed batch=7 elapsed=36.997473308s
    mixed_matrix_leader_test.go:664: server_partition fault node=2 nodes=[] worker= pid=0 active_leases=0 routes=[4 4 0] majority_seq=1 consumer= pending=0 ack_pending=0 scheduled=30s killed=30.000055906s healed=47.087913916s
    mixed_matrix_leader_test.go:150: mixed batch=8 elapsed=54.314469036s
    mixed_matrix_leader_test.go:150: mixed batch=9 elapsed=59.435762329s
    mixed_matrix_leader_test.go:150: mixed batch=10 elapsed=1m4.569741526s
    mixed_matrix_leader_test.go:688: checkpoint audit batch=10 invocation_cutoff=280 started elapsed=1m4.569803961s
    mixed_matrix_leader_test.go:700: checkpoint audit batch=10 complete report={Invocations:280 Journals:280 Entries:3088 Terminal:280} elapsed=1m4.986180641s
    mixed_matrix_leader_test.go:150: mixed batch=11 elapsed=1m9.670637742s
    mixed_matrix_leader_test.go:664: server_partition fault node=2 nodes=[] worker= pid=0 active_leases=0 routes=[4 4 0] majority_seq=2 consumer= pending=0 ack_pending=0 scheduled=1m0s killed=1m0.000983144s healed=1m19.580847383s
    mixed_matrix_leader_test.go:150: mixed batch=12 elapsed=1m26.283994123s
    mixed_matrix_leader_test.go:150: mixed batch=13 elapsed=1m35.099398504s
    mixed_matrix_leader_test.go:664: server_partition fault node=2 nodes=[] worker= pid=0 active_leases=0 routes=[4 4 0] majority_seq=3 consumer= pending=0 ack_pending=0 scheduled=1m30s killed=1m30.001999072s healed=1m48.237693004s
    mixed_matrix_leader_test.go:150: mixed batch=14 elapsed=1m48.511329988s
    mixed_matrix_leader_test.go:150: mixed batch=15 elapsed=1m54.230857176s
    mixed_matrix_leader_test.go:150: mixed batch=16 elapsed=1m58.208894751s
    mixed_matrix_leader_test.go:150: mixed batch=17 elapsed=2m2.118534124s
    mixed_matrix_leader_test.go:150: mixed batch=18 elapsed=2m6.128249432s
    mixed_matrix_leader_test.go:664: server_partition fault node=2 nodes=[] worker= pid=0 active_leases=0 routes=[4 4 0] majority_seq=4 consumer= pending=0 ack_pending=0 scheduled=2m0s killed=2m0.000031922s healed=2m17.08400282s
    mixed_matrix_leader_test.go:150: mixed batch=19 elapsed=2m17.744589123s
    mixed_matrix_leader_test.go:150: mixed batch=20 elapsed=2m23.76644742s
    mixed_matrix_leader_test.go:688: checkpoint audit batch=20 invocation_cutoff=560 started elapsed=2m23.766468301s
    mixed_matrix_leader_test.go:700: checkpoint audit batch=20 complete report={Invocations:560 Journals:560 Entries:6184 Terminal:560} elapsed=2m24.555173179s
    mixed_matrix_leader_test.go:150: mixed batch=21 elapsed=2m29.28324971s
    mixed_matrix_leader_test.go:150: mixed batch=22 elapsed=2m34.596343823s
    mixed_matrix_leader_test.go:150: mixed batch=23 elapsed=2m39.912885585s
    mixed_matrix_leader_test.go:664: server_partition fault node=2 nodes=[] worker= pid=0 active_leases=0 routes=[4 4 0] majority_seq=5 consumer= pending=0 ack_pending=0 scheduled=2m30s killed=2m30.00032481s healed=2m48.012077495s
    mixed_matrix_leader_test.go:150: mixed batch=24 elapsed=2m58.229758561s
    mixed_matrix_leader_test.go:150: mixed batch=25 elapsed=3m2.14750679s
    mixed_matrix_leader_test.go:150: mixed batch=26 elapsed=3m7.463675344s
    mixed_matrix_leader_test.go:664: server_partition fault node=2 nodes=[] worker= pid=0 active_leases=0 routes=[4 4 0] majority_seq=6 consumer= pending=0 ack_pending=0 scheduled=3m0s killed=3m0.000768101s healed=3m18.094385602s
    mixed_matrix_leader_test.go:150: mixed batch=27 elapsed=3m24.373139667s
    mixed_matrix_leader_test.go:150: mixed batch=28 elapsed=3m29.892584175s
    mixed_matrix_leader_test.go:150: mixed batch=29 elapsed=3m33.810179135s
    mixed_matrix_leader_test.go:150: mixed batch=30 elapsed=3m39.025703294s
    mixed_matrix_leader_test.go:688: checkpoint audit batch=30 invocation_cutoff=840 started elapsed=3m39.025845881s
    mixed_matrix_leader_test.go:664: server_partition fault node=2 nodes=[] worker= pid=0 active_leases=0 routes=[4 4 0] majority_seq=7 consumer= pending=0 ack_pending=0 scheduled=3m30s killed=3m30.00004274s healed=3m49.305627897s
    mixed_matrix_leader_test.go:700: checkpoint audit batch=30 complete report={Invocations:840 Journals:840 Entries:9278 Terminal:840} elapsed=3m50.089725725s
    mixed_matrix_leader_test.go:150: mixed batch=31 elapsed=3m55.748169434s
    mixed_matrix_leader_test.go:150: mixed batch=32 elapsed=4m1.159540026s
    mixed_matrix_leader_test.go:150: mixed batch=33 elapsed=4m6.470396097s
    mixed_matrix_leader_test.go:664: server_partition fault node=2 nodes=[] worker= pid=0 active_leases=0 routes=[4 4 0] majority_seq=8 consumer= pending=0 ack_pending=0 scheduled=4m0s killed=4m0.000387645s healed=4m18.495742148s
    mixed_matrix_leader_test.go:150: mixed batch=34 elapsed=4m23.080790807s
    mixed_matrix_leader_test.go:150: mixed batch=35 elapsed=4m28.394710579s
    mixed_matrix_leader_test.go:150: mixed batch=36 elapsed=4m33.815345689s
    mixed_matrix_leader_test.go:150: mixed batch=37 elapsed=4m39.438924134s
    mixed_matrix_leader_test.go:664: server_partition fault node=2 nodes=[] worker= pid=0 active_leases=0 routes=[4 4 0] majority_seq=9 consumer= pending=0 ack_pending=0 scheduled=4m30s killed=4m30.000089215s healed=4m48.71511428s
    mixed_matrix_leader_test.go:150: mixed batch=38 elapsed=4m56.370855458s
    mixed_matrix_leader_test.go:150: mixed batch=39 elapsed=5m1.889543535s
    mixed_matrix_leader_test.go:150: mixed batch=40 elapsed=5m7.507506561s
    mixed_matrix_leader_test.go:688: checkpoint audit batch=40 invocation_cutoff=1120 started elapsed=5m7.507551879s
    mixed_matrix_leader_test.go:700: checkpoint audit batch=40 complete report={Invocations:1120 Journals:1120 Entries:12379 Terminal:1120} elapsed=5m9.395678844s
    mixed_matrix_leader_test.go:664: server_partition fault node=2 nodes=[] worker= pid=0 active_leases=0 routes=[4 4 0] majority_seq=10 consumer= pending=0 ack_pending=0 scheduled=5m0s killed=5m0.000983335s healed=5m17.607563767s
    mixed_matrix_leader_test.go:150: mixed batch=41 elapsed=5m24.430681658s
    mixed_matrix_leader_test.go:150: mixed batch=42 elapsed=5m29.943908504s
    mixed_matrix_leader_test.go:150: mixed batch=43 elapsed=5m33.867275492s
    mixed_matrix_leader_test.go:150: mixed batch=44 elapsed=5m39.382991861s
    mixed_matrix_leader_test.go:664: server_partition fault node=2 nodes=[] worker= pid=0 active_leases=0 routes=[4 4 0] majority_seq=11 consumer= pending=0 ack_pending=0 scheduled=5m30s killed=5m30.000115513s healed=5m49.75812632s
    mixed_matrix_leader_test.go:150: mixed batch=45 elapsed=5m56.100962685s
    mixed_matrix_leader_test.go:150: mixed batch=46 elapsed=6m1.411719981s
    mixed_matrix_leader_test.go:150: mixed batch=47 elapsed=6m6.821265203s
    mixed_matrix_leader_test.go:664: server_partition fault node=2 nodes=[] worker= pid=0 active_leases=0 routes=[4 4 0] majority_seq=12 consumer= pending=0 ack_pending=0 scheduled=6m0s killed=6m0.000048111s healed=6m18.526259478s
    mixed_matrix_leader_test.go:150: mixed batch=48 elapsed=6m25.131419662s
    mixed_matrix_leader_test.go:150: mixed batch=49 elapsed=6m30.548150877s
    mixed_matrix_leader_test.go:664: server_partition fault node=2 nodes=[] worker= pid=0 active_leases=0 routes=[4 4 0] majority_seq=13 consumer= pending=0 ack_pending=0 scheduled=6m30s killed=6m30.000149106s healed=6m48.833704538s
    mixed_matrix_leader_test.go:150: mixed batch=50 elapsed=6m48.962968103s
    mixed_matrix_leader_test.go:688: checkpoint audit batch=50 invocation_cutoff=1400 started elapsed=6m48.963127906s
    mixed_matrix_leader_test.go:700: checkpoint audit batch=50 complete report={Invocations:1400 Journals:1400 Entries:15477 Terminal:1400} elapsed=6m51.247688828s
    mixed_matrix_leader_test.go:150: mixed batch=51 elapsed=6m58.085925485s
    mixed_matrix_leader_test.go:150: mixed batch=52 elapsed=7m2.106748987s
    mixed_matrix_leader_test.go:150: mixed batch=53 elapsed=7m7.168475031s
    mixed_matrix_leader_test.go:664: server_partition fault node=2 nodes=[] worker= pid=0 active_leases=0 routes=[4 4 0] majority_seq=14 consumer= pending=0 ack_pending=0 scheduled=7m0s killed=7m0.000084861s healed=7m17.189053132s
    mixed_matrix_leader_test.go:150: mixed batch=54 elapsed=7m27.985336686s
    mixed_matrix_leader_test.go:150: mixed batch=55 elapsed=7m33.600855724s
    mixed_matrix_leader_test.go:150: mixed batch=56 elapsed=7m39.130212063s
    mixed_matrix_leader_test.go:664: server_partition fault node=2 nodes=[] worker= pid=0 active_leases=0 routes=[4 4 0] majority_seq=15 consumer= pending=0 ack_pending=0 scheduled=7m30s killed=7m30.000703823s healed=7m49.150114889s
    mixed_matrix_leader_test.go:150: mixed batch=57 elapsed=7m55.950253962s
    mixed_matrix_leader_test.go:150: mixed batch=58 elapsed=8m1.470671517s
    mixed_matrix_leader_test.go:150: mixed batch=59 elapsed=8m6.636545784s
    mixed_matrix_leader_test.go:664: server_partition fault node=2 nodes=[] worker= pid=0 active_leases=0 routes=[4 4 0] majority_seq=16 consumer= pending=0 ack_pending=0 scheduled=8m0s killed=8m0.000585238s healed=8m19.936170528s
    mixed_matrix_leader_test.go:664: server_partition fault node=2 nodes=[] worker= pid=0 active_leases=0 routes=[4 4 0] majority_seq=17 consumer= pending=0 ack_pending=0 scheduled=8m30s killed=8m30.000143045s healed=8m48.112356156s
    mixed_matrix_leader_test.go:664: server_partition fault node=2 nodes=[] worker= pid=0 active_leases=0 routes=[4 4 0] majority_seq=18 consumer= pending=0 ack_pending=0 scheduled=9m0s killed=9m0.000477583s healed=9m17.32313178s
    mixed_matrix_leader_test.go:664: server_partition fault node=2 nodes=[] worker= pid=0 active_leases=0 routes=[4 4 0] majority_seq=19 consumer= pending=0 ack_pending=0 scheduled=9m30s killed=9m30.000450353s healed=9m47.239734696s
    mixed_matrix_leader_test.go:150: mixed batch=60 elapsed=10m36.255796214s
    mixed_matrix_leader_test.go:688: checkpoint audit batch=60 invocation_cutoff=1680 started elapsed=10m36.255834112s
    mixed_matrix_leader_test.go:700: checkpoint audit batch=60 complete report={Invocations:1680 Journals:1680 Entries:18573 Terminal:1680} elapsed=10m38.232201839s
    mixed_matrix_leader_test.go:150: MATRIX_TERMINAL_COHORT cutoff=1680 expected_invocations=1680 visited_invocations=1680
    mixed_matrix_leader_test.go:150: MATRIX_RETAINED row=server_partition report={Invocations:1680 Journals:1680 Entries:18573 Terminal:1680} expected_invocations=1680
    mixed_matrix_leader_test.go:150: MATRIX_RESULT row=server_partition seed=1 duration=10m0s release_duration=true batches=60 invocations=1680 faults=19 terminal_p99=13.07986937s
    mixed_matrix_leader_test.go:150: MATRIX_CELL type=matrixshort invocations=240 terminal_p99=612.022945ms
    mixed_matrix_leader_test.go:150: MATRIX_PROGRESS type=matrixshort enabled_events=240 progress_p99=582.362253ms progress_max=4.951186724s above_30s=0
    mixed_matrix_leader_test.go:150: MATRIX_CELL type=matrixtimer invocations=180 terminal_p99=13.265279882s
    mixed_matrix_leader_test.go:150: MATRIX_PROGRESS type=matrixtimer enabled_events=1620 progress_p99=13.23286249s progress_max=17.389779572s above_30s=0
    mixed_matrix_leader_test.go:150: MATRIX_CELL type=matrixsignal invocations=120 terminal_p99=15.2214717s
    mixed_matrix_leader_test.go:150: MATRIX_PROGRESS type=matrixsignal enabled_events=1080 progress_p99=4.951974472s progress_max=9.734447745s above_30s=0
    mixed_matrix_leader_test.go:150: MATRIX_CELL type=matrixfanout invocations=60 terminal_p99=16.142948503s
    mixed_matrix_leader_test.go:150: MATRIX_PROGRESS type=matrixfanout enabled_events=780 progress_p99=177.43071ms progress_max=7.739675747s above_30s=0
    mixed_matrix_leader_test.go:150: MATRIX_CELL type=matrixchild invocations=360 terminal_p99=13.005556012s
    mixed_matrix_leader_test.go:150: MATRIX_PROGRESS type=matrixchild enabled_events=1800 progress_p99=134.428346ms progress_max=13.04203689s above_30s=0
    mixed_matrix_leader_test.go:150: MATRIX_CELL type=matrixgrandchild invocations=720 terminal_p99=5.444637082s
    mixed_matrix_leader_test.go:150: MATRIX_PROGRESS type=matrixgrandchild enabled_events=720 progress_p99=5.355567493s progress_max=13.033180853s above_30s=0
--- PASS: TestMixedMatrixServerPartitionEveryThirtySeconds (670.24s)
PASS
