=== RUN   TestNativeAuthorityHeadAndGenerationPersistence
=== RUN   TestNativeAuthorityHeadAndGenerationPersistence/R1
    nats_authority_test.go:95: native authority late wire: subject=wf.blob.authority.root.089001a35679a33ef3db0ca350db9b9a2f0136e0e327577b04b3b98127470961 held=333 forwarded=333 stale CAS rejected
    nats_authority_test.go:187: native authority: root head=3 generation=2 retired old CAS rejected; purge/delete denied; same-store restart retained fences
=== RUN   TestNativeAuthorityHeadAndGenerationPersistence/R3
    nats_authority_test.go:95: native authority late wire: subject=wf.blob.authority.root.089001a35679a33ef3db0ca350db9b9a2f0136e0e327577b04b3b98127470961 held=333 forwarded=333 stale CAS rejected
    nats_authority_test.go:187: native authority: root head=3 generation=2 retired old CAS rejected; purge/delete denied; same-store restart retained fences
--- PASS: TestNativeAuthorityHeadAndGenerationPersistence (0.93s)
    --- PASS: TestNativeAuthorityHeadAndGenerationPersistence/R1 (0.18s)
    --- PASS: TestNativeAuthorityHeadAndGenerationPersistence/R3 (0.75s)
=== RUN   TestNativeAuthorityRejectsUnsafeStream
=== RUN   TestNativeAuthorityRejectsUnsafeStream/age
=== RUN   TestNativeAuthorityRejectsUnsafeStream/message_limit
=== RUN   TestNativeAuthorityRejectsUnsafeStream/byte_limit
=== RUN   TestNativeAuthorityRejectsUnsafeStream/direct
=== RUN   TestNativeAuthorityRejectsUnsafeStream/allow_purge
=== RUN   TestNativeAuthorityRejectsUnsafeStream/allow_delete
=== RUN   TestNativeAuthorityRejectsUnsafeStream/memory
=== RUN   TestNativeAuthorityRejectsUnsafeStream/history
=== RUN   TestNativeAuthorityRejectsUnsafeStream/ttl
--- PASS: TestNativeAuthorityRejectsUnsafeStream (0.08s)
    --- PASS: TestNativeAuthorityRejectsUnsafeStream/age (0.00s)
    --- PASS: TestNativeAuthorityRejectsUnsafeStream/message_limit (0.00s)
    --- PASS: TestNativeAuthorityRejectsUnsafeStream/byte_limit (0.00s)
    --- PASS: TestNativeAuthorityRejectsUnsafeStream/direct (0.00s)
    --- PASS: TestNativeAuthorityRejectsUnsafeStream/allow_purge (0.00s)
    --- PASS: TestNativeAuthorityRejectsUnsafeStream/allow_delete (0.00s)
    --- PASS: TestNativeAuthorityRejectsUnsafeStream/memory (0.00s)
    --- PASS: TestNativeAuthorityRejectsUnsafeStream/history (0.00s)
    --- PASS: TestNativeAuthorityRejectsUnsafeStream/ttl (0.00s)
=== RUN   TestNativeObjectPublicationLifecycle
=== RUN   TestNativeObjectPublicationLifecycle/R1
    nats_objects_test.go:177: native object lifecycle: R1 payload=390000 standard reads verified; shared protection and two retirements; chunks=0 tombstones=2
=== RUN   TestNativeObjectPublicationLifecycle/R3
    nats_objects_test.go:177: native object lifecycle: R3 payload=390000 standard reads verified; shared protection and two retirements; chunks=0 tombstones=2
--- PASS: TestNativeObjectPublicationLifecycle (1.55s)
    --- PASS: TestNativeObjectPublicationLifecycle/R1 (0.30s)
    --- PASS: TestNativeObjectPublicationLifecycle/R3 (1.25s)
=== RUN   TestNativePartialUploadPublicationFence
=== RUN   TestNativePartialUploadPublicationFence/R1/resume
    nats_objects_test.go:301: native partial upload: R1 mode=resume chunks=3 metadata held; reclaimed then old metadata rejected/canceled; generation2 readable; final chunks=0
=== RUN   TestNativePartialUploadPublicationFence/R1/crash
    nats_objects_test.go:301: native partial upload: R1 mode=crash chunks=3 metadata held; reclaimed then old metadata rejected/canceled; generation2 readable; final chunks=0
=== RUN   TestNativePartialUploadPublicationFence/R3/resume
    nats_objects_test.go:301: native partial upload: R3 mode=resume chunks=3 metadata held; reclaimed then old metadata rejected/canceled; generation2 readable; final chunks=0
=== RUN   TestNativePartialUploadPublicationFence/R3/crash
    nats_objects_test.go:301: native partial upload: R3 mode=crash chunks=3 metadata held; reclaimed then old metadata rejected/canceled; generation2 readable; final chunks=0
--- PASS: TestNativePartialUploadPublicationFence (2.46s)
    --- PASS: TestNativePartialUploadPublicationFence/R1/resume (0.22s)
    --- PASS: TestNativePartialUploadPublicationFence/R1/crash (0.21s)
    --- PASS: TestNativePartialUploadPublicationFence/R3/resume (1.00s)
    --- PASS: TestNativePartialUploadPublicationFence/R3/crash (1.03s)
=== RUN   TestNativeUnknownChunksBlockCollection
--- PASS: TestNativeUnknownChunksBlockCollection (0.12s)
=== RUN   TestNativeLateChunkAfterGenerationClosed
=== RUN   TestNativeLateChunkAfterGenerationClosed/R1
    nats_objects_test.go:460: native late chunks: R1 first chunk held before arrival; generation1 closed, generation2 committed; old uploader revoked, orphan reclaimed, fresh reference readable
=== RUN   TestNativeLateChunkAfterGenerationClosed/R3
    nats_objects_test.go:460: native late chunks: R3 first chunk held before arrival; generation1 closed, generation2 committed; old uploader revoked, orphan reclaimed, fresh reference readable
--- PASS: TestNativeLateChunkAfterGenerationClosed (1.22s)
    --- PASS: TestNativeLateChunkAfterGenerationClosed/R1 (0.28s)
    --- PASS: TestNativeLateChunkAfterGenerationClosed/R3 (0.94s)
=== RUN   TestNativeCommittedMetadataReplyLost
=== RUN   TestNativeCommittedMetadataReplyLost/R1
    nats_objects_test.go:536: native metadata reply loss: R1 committed metadata and standard bytes independently read; response buffered, caller canceled; no ready adoption/root publication; orphan reclaimed
=== RUN   TestNativeCommittedMetadataReplyLost/R3
    nats_objects_test.go:536: native metadata reply loss: R3 committed metadata and standard bytes independently read; response buffered, caller canceled; no ready adoption/root publication; orphan reclaimed
--- PASS: TestNativeCommittedMetadataReplyLost (1.11s)
    --- PASS: TestNativeCommittedMetadataReplyLost/R1 (0.20s)
    --- PASS: TestNativeCommittedMetadataReplyLost/R3 (0.91s)
=== RUN   TestNativeObjectSameStoreColdRestart
=== RUN   TestNativeObjectSameStoreColdRestart/R1
    nats_objects_test.go:631: native object cold restart: R1 all peers shut down/joined/replaced on same stores; live bytes and attempt tombstones retained, stale metadata rejected; chunks=0
=== RUN   TestNativeObjectSameStoreColdRestart/R3
    nats_objects_test.go:631: native object cold restart: R3 all peers shut down/joined/replaced on same stores; live bytes and attempt tombstones retained, stale metadata rejected; chunks=0
--- PASS: TestNativeObjectSameStoreColdRestart (8.96s)
    --- PASS: TestNativeObjectSameStoreColdRestart/R1 (0.32s)
    --- PASS: TestNativeObjectSameStoreColdRestart/R3 (8.65s)
=== RUN   TestNativeObjectUnsafeConfiguration
=== RUN   TestNativeObjectUnsafeConfiguration/age
=== RUN   TestNativeObjectUnsafeConfiguration/messages
=== RUN   TestNativeObjectUnsafeConfiguration/bytes
=== RUN   TestNativeObjectUnsafeConfiguration/chunks_per_subject
=== RUN   TestNativeObjectUnsafeConfiguration/direct
=== RUN   TestNativeObjectUnsafeConfiguration/memory
=== RUN   TestNativeObjectUnsafeConfiguration/ttl
=== RUN   TestNativeObjectUnsafeConfiguration/no_rollup
=== RUN   TestNativeObjectUnsafeConfiguration/purge_denied
=== RUN   TestNativeObjectUnsafeConfiguration/delete_allowed
=== RUN   TestNativeObjectUnsafeConfiguration/wrong_format
=== RUN   TestNativeObjectUnsafeConfiguration/async_persist
=== RUN   TestNativeObjectUnsafeConfiguration/atomic
=== RUN   TestNativeObjectUnsafeConfiguration/schedules
--- PASS: TestNativeObjectUnsafeConfiguration (0.12s)
    --- PASS: TestNativeObjectUnsafeConfiguration/age (0.00s)
    --- PASS: TestNativeObjectUnsafeConfiguration/messages (0.01s)
    --- PASS: TestNativeObjectUnsafeConfiguration/bytes (0.01s)
    --- PASS: TestNativeObjectUnsafeConfiguration/chunks_per_subject (0.00s)
    --- PASS: TestNativeObjectUnsafeConfiguration/direct (0.00s)
    --- PASS: TestNativeObjectUnsafeConfiguration/memory (0.00s)
    --- PASS: TestNativeObjectUnsafeConfiguration/ttl (0.00s)
    --- PASS: TestNativeObjectUnsafeConfiguration/no_rollup (0.00s)
    --- PASS: TestNativeObjectUnsafeConfiguration/purge_denied (0.00s)
    --- PASS: TestNativeObjectUnsafeConfiguration/delete_allowed (0.00s)
    --- PASS: TestNativeObjectUnsafeConfiguration/wrong_format (0.01s)
    --- PASS: TestNativeObjectUnsafeConfiguration/async_persist (0.01s)
    --- PASS: TestNativeObjectUnsafeConfiguration/atomic (0.00s)
    --- PASS: TestNativeObjectUnsafeConfiguration/schedules (0.00s)
=== RUN   TestNativeAuthorityOpeningBoundedReadRetries
=== RUN   TestNativeAuthorityOpeningBoundedReadRetries/0
=== RUN   TestNativeAuthorityOpeningBoundedReadRetries/1
=== RUN   TestNativeAuthorityOpeningBoundedReadRetries/2
=== RUN   TestNativeAuthorityOpeningBoundedReadRetries/3
--- PASS: TestNativeAuthorityOpeningBoundedReadRetries (0.00s)
    --- PASS: TestNativeAuthorityOpeningBoundedReadRetries/0 (0.00s)
    --- PASS: TestNativeAuthorityOpeningBoundedReadRetries/1 (0.00s)
    --- PASS: TestNativeAuthorityOpeningBoundedReadRetries/2 (0.00s)
    --- PASS: TestNativeAuthorityOpeningBoundedReadRetries/3 (0.00s)
=== RUN   TestNativeAuthorityOpeningHonorsParentAndMissingStream
--- PASS: TestNativeAuthorityOpeningHonorsParentAndMissingStream (0.00s)
=== RUN   TestNativeBlobProcessChild
--- PASS: TestNativeBlobProcessChild (0.00s)
=== RUN   TestNativeBlobUploaderAndCollectorSIGKILL
=== RUN   TestNativeBlobUploaderAndCollectorSIGKILL/R1/upload-metadata
    nats_process_kill_linux_test.go:334: native process SIGKILL: R1 mode=upload-metadata child=2750307 signal=9 joined/absent; held packet cancelled with zero forwarded bytes; generation2 readable; final chunks=0
=== RUN   TestNativeBlobUploaderAndCollectorSIGKILL/R1/upload-root
    nats_process_kill_linux_test.go:334: native process SIGKILL: R1 mode=upload-root child=2750312 signal=9 joined/absent; held packet cancelled with zero forwarded bytes; generation2 readable; final chunks=0
=== RUN   TestNativeBlobUploaderAndCollectorSIGKILL/R1/collect-purge
    nats_process_kill_linux_test.go:334: native process SIGKILL: R1 mode=collect-purge child=2750317 signal=9 joined/absent; held packet cancelled with zero forwarded bytes; generation2 readable; final chunks=0
=== RUN   TestNativeBlobUploaderAndCollectorSIGKILL/R3/upload-metadata
    nats_process_kill_linux_test.go:334: native process SIGKILL: R3 mode=upload-metadata child=2750322 signal=9 joined/absent; held packet cancelled with zero forwarded bytes; generation2 readable; final chunks=0
=== RUN   TestNativeBlobUploaderAndCollectorSIGKILL/R3/upload-root
    nats_process_kill_linux_test.go:334: native process SIGKILL: R3 mode=upload-root child=2750327 signal=9 joined/absent; held packet cancelled with zero forwarded bytes; generation2 readable; final chunks=0
=== RUN   TestNativeBlobUploaderAndCollectorSIGKILL/R3/collect-purge
    nats_process_kill_linux_test.go:334: native process SIGKILL: R3 mode=collect-purge child=2750332 signal=9 joined/absent; held packet cancelled with zero forwarded bytes; generation2 readable; final chunks=0
--- PASS: TestNativeBlobUploaderAndCollectorSIGKILL (4.43s)
    --- PASS: TestNativeBlobUploaderAndCollectorSIGKILL/R1/upload-metadata (0.44s)
    --- PASS: TestNativeBlobUploaderAndCollectorSIGKILL/R1/upload-root (0.48s)
    --- PASS: TestNativeBlobUploaderAndCollectorSIGKILL/R1/collect-purge (0.37s)
    --- PASS: TestNativeBlobUploaderAndCollectorSIGKILL/R3/upload-metadata (1.16s)
    --- PASS: TestNativeBlobUploaderAndCollectorSIGKILL/R3/upload-root (1.00s)
    --- PASS: TestNativeBlobUploaderAndCollectorSIGKILL/R3/collect-purge (0.99s)
=== RUN   TestNativeAuthorityReadWitness
=== RUN   TestNativeAuthorityReadWitness/R1
    nats_read_witness_test.go:202: native authority witness: R1 stale/absent/speculative replies rejected by actual conditional CAS; logical heads preserved; lost acknowledgment fails closed
=== RUN   TestNativeAuthorityReadWitness/R3
    nats_read_witness_test.go:202: native authority witness: R3 stale/absent/speculative replies rejected by actual conditional CAS; logical heads preserved; lost acknowledgment fails closed
--- PASS: TestNativeAuthorityReadWitness (1.07s)
    --- PASS: TestNativeAuthorityReadWitness/R1 (0.12s)
    --- PASS: TestNativeAuthorityReadWitness/R3 (0.95s)
=== RUN   TestNativeAuthorityWitnessRacesCommittedReplacement
=== RUN   TestNativeAuthorityWitnessRacesCommittedReplacement/R1
=== RUN   TestNativeAuthorityWitnessRacesCommittedReplacement/R3
--- PASS: TestNativeAuthorityWitnessRacesCommittedReplacement (0.61s)
    --- PASS: TestNativeAuthorityWitnessRacesCommittedReplacement/R1 (0.06s)
    --- PASS: TestNativeAuthorityWitnessRacesCommittedReplacement/R3 (0.54s)
=== RUN   TestNativeAuthorityReadRequiresQuorum
--- PASS: TestNativeAuthorityReadRequiresQuorum (8.55s)
PASS
ok  	js-wf/internal/blobpublication	32.260s
=== RUN   TestCheckpointReadAbsentOrdinaryAndMalformedMetadata
=== RUN   TestCheckpointReadAbsentOrdinaryAndMalformedMetadata/absent
=== RUN   TestCheckpointReadAbsentOrdinaryAndMalformedMetadata/ordinary
=== RUN   TestCheckpointReadAbsentOrdinaryAndMalformedMetadata/unknown-version
=== RUN   TestCheckpointReadAbsentOrdinaryAndMalformedMetadata/missing-runtime
=== RUN   TestCheckpointReadAbsentOrdinaryAndMalformedMetadata/malformed
--- PASS: TestCheckpointReadAbsentOrdinaryAndMalformedMetadata (0.00s)
    --- PASS: TestCheckpointReadAbsentOrdinaryAndMalformedMetadata/absent (0.00s)
    --- PASS: TestCheckpointReadAbsentOrdinaryAndMalformedMetadata/ordinary (0.00s)
    --- PASS: TestCheckpointReadAbsentOrdinaryAndMalformedMetadata/unknown-version (0.00s)
    --- PASS: TestCheckpointReadAbsentOrdinaryAndMalformedMetadata/missing-runtime (0.00s)
    --- PASS: TestCheckpointReadAbsentOrdinaryAndMalformedMetadata/malformed (0.00s)
=== RUN   TestCheckpointReadInvalidIdentityAndCancellationBeforeTransport
--- PASS: TestCheckpointReadInvalidIdentityAndCancellationBeforeTransport (0.00s)
=== RUN   TestRuntimeCheckpointBindsActualAnchorAndSDKCounter
=== RUN   TestRuntimeCheckpointBindsActualAnchorAndSDKCounter/sequence
=== RUN   TestRuntimeCheckpointBindsActualAnchorAndSDKCounter/epoch
=== RUN   TestRuntimeCheckpointBindsActualAnchorAndSDKCounter/index
=== RUN   TestRuntimeCheckpointBindsActualAnchorAndSDKCounter/position
=== RUN   TestRuntimeCheckpointBindsActualAnchorAndSDKCounter/stage
=== RUN   TestRuntimeCheckpointBindsActualAnchorAndSDKCounter/object
--- PASS: TestRuntimeCheckpointBindsActualAnchorAndSDKCounter (0.00s)
    --- PASS: TestRuntimeCheckpointBindsActualAnchorAndSDKCounter/sequence (0.00s)
    --- PASS: TestRuntimeCheckpointBindsActualAnchorAndSDKCounter/epoch (0.00s)
    --- PASS: TestRuntimeCheckpointBindsActualAnchorAndSDKCounter/index (0.00s)
    --- PASS: TestRuntimeCheckpointBindsActualAnchorAndSDKCounter/position (0.00s)
    --- PASS: TestRuntimeCheckpointBindsActualAnchorAndSDKCounter/stage (0.00s)
    --- PASS: TestRuntimeCheckpointBindsActualAnchorAndSDKCounter/object (0.00s)
=== RUN   TestRuntimeSnapshotPurgeBoundAndLimit
--- PASS: TestRuntimeSnapshotPurgeBoundAndLimit (0.00s)
=== RUN   TestNativeSnapshotRetainedGraph
=== RUN   TestNativeSnapshotRetainedGraph/R1
=== RUN   TestNativeSnapshotRetainedGraph/R3
--- PASS: TestNativeSnapshotRetainedGraph (3.66s)
    --- PASS: TestNativeSnapshotRetainedGraph/R1 (0.59s)
    --- PASS: TestNativeSnapshotRetainedGraph/R3 (3.07s)
=== RUN   TestNativeCheckpointSnapshotPromiseGraph
=== RUN   TestNativeCheckpointSnapshotPromiseGraph/R1
=== RUN   TestNativeCheckpointSnapshotPromiseGraph/R3
--- PASS: TestNativeCheckpointSnapshotPromiseGraph (3.32s)
    --- PASS: TestNativeCheckpointSnapshotPromiseGraph/R1 (0.58s)
    --- PASS: TestNativeCheckpointSnapshotPromiseGraph/R3 (2.73s)
=== RUN   TestSnapshotSupersededRetriesWholeRead
--- PASS: TestSnapshotSupersededRetriesWholeRead (0.00s)
=== RUN   TestNativeSnapshotPublicationFencedWhilePaused
=== RUN   TestNativeSnapshotPublicationFencedWhilePaused/R1
=== RUN   TestNativeSnapshotPublicationFencedWhilePaused/R3
--- PASS: TestNativeSnapshotPublicationFencedWhilePaused (2.67s)
    --- PASS: TestNativeSnapshotPublicationFencedWhilePaused/R1 (0.35s)
    --- PASS: TestNativeSnapshotPublicationFencedWhilePaused/R3 (2.31s)
=== RUN   TestNativeSnapshotWholeReadRetriesReplacement
--- PASS: TestNativeSnapshotWholeReadRetriesReplacement (0.29s)
=== RUN   TestNativeSnapshotImportLegacy
=== RUN   TestNativeSnapshotImportLegacy/R1
=== RUN   TestNativeSnapshotImportLegacy/R3
--- PASS: TestNativeSnapshotImportLegacy (2.63s)
    --- PASS: TestNativeSnapshotImportLegacy/R1 (0.23s)
    --- PASS: TestNativeSnapshotImportLegacy/R3 (2.39s)
=== RUN   TestNativeSnapshotMissingDependencyDoesNotPublish
--- PASS: TestNativeSnapshotMissingDependencyDoesNotPublish (0.23s)
=== RUN   TestNativeSnapshotMissingCanonicalBytesFailClosed
--- PASS: TestNativeSnapshotMissingCanonicalBytesFailClosed (2.19s)
=== RUN   TestNativeSnapshotArchivedCheckpointPromise
--- PASS: TestNativeSnapshotArchivedCheckpointPromise (0.45s)
=== RUN   TestNativeCheckpointImportRejectsWrongLiveAnchor
--- PASS: TestNativeCheckpointImportRejectsWrongLiveAnchor (0.32s)
=== RUN   TestSnapshotObjectDeadlinePreservesObservedCause
=== RUN   TestSnapshotObjectDeadlinePreservesObservedCause/first_lookup
=== RUN   TestSnapshotObjectDeadlinePreservesObservedCause/prior_missing_object
--- PASS: TestSnapshotObjectDeadlinePreservesObservedCause (4.00s)
    --- PASS: TestSnapshotObjectDeadlinePreservesObservedCause/first_lookup (2.00s)
    --- PASS: TestSnapshotObjectDeadlinePreservesObservedCause/prior_missing_object (2.00s)
PASS
ok  	js-wf/journal	20.798s
=== RUN   TestClientProxyFirstAPIBarrier
=== RUN   TestClientProxyFirstAPIBarrier/release
=== RUN   TestClientProxyFirstAPIBarrier/close
=== RUN   TestClientProxyFirstAPIBarrier/block
=== RUN   TestClientProxyFirstAPIBarrier/upstream_eof
--- PASS: TestClientProxyFirstAPIBarrier (0.10s)
    --- PASS: TestClientProxyFirstAPIBarrier/release (0.03s)
    --- PASS: TestClientProxyFirstAPIBarrier/close (0.02s)
    --- PASS: TestClientProxyFirstAPIBarrier/block (0.02s)
    --- PASS: TestClientProxyFirstAPIBarrier/upstream_eof (0.02s)
=== RUN   TestPublicationExemptionOnlyExaminesHeaders
=== RUN   TestPublicationExemptionOnlyExaminesHeaders/actual-header
=== RUN   TestPublicationExemptionOnlyExaminesHeaders/payload-only
=== RUN   TestPublicationExemptionOnlyExaminesHeaders/plain-pub-payload
=== RUN   TestPublicationExemptionOnlyExaminesHeaders/wrong-value
--- PASS: TestPublicationExemptionOnlyExaminesHeaders (0.00s)
    --- PASS: TestPublicationExemptionOnlyExaminesHeaders/actual-header (0.00s)
    --- PASS: TestPublicationExemptionOnlyExaminesHeaders/payload-only (0.00s)
    --- PASS: TestPublicationExemptionOnlyExaminesHeaders/plain-pub-payload (0.00s)
    --- PASS: TestPublicationExemptionOnlyExaminesHeaders/wrong-value (0.00s)
=== RUN   TestDockerKillObservationNative
    docker_kill_observation_test.go:127: set WF_DOCKER_EXIT_IMAGE to a local nats-server image
--- SKIP: TestDockerKillObservationNative (0.00s)
=== RUN   TestDockerKillObservationNativeDelayedReply
    docker_kill_observation_test.go:173: set WF_DOCKER_EXIT_IMAGE to a local nats-server image
--- SKIP: TestDockerKillObservationNativeDelayedReply (0.00s)
PASS
ok  	js-wf/testcluster	1.124s
