=== RUN   TestReaderExpiryCLIAdmission
--- PASS: TestReaderExpiryCLIAdmission (0.00s)
=== RUN   TestWorkerRunnerCanonicalGraphReaderExpiry
=== RUN   TestWorkerRunnerCanonicalGraphReaderExpiry/R1
    graph_test.go:198: blob publication CAS conflict
    graph_test.go:146: terminal worker repair evidence (read error <nil>):
        {"version":1,"worker_id":"graph-cli","pid":25815,"process_started_at":"2026-10-09T21:45:49.581077353Z","sequence":1,"kind":"repair","event":{"at":"2026-10-09T21:45:51.067581542Z","kind":"graph-start","type":"worker-smoke","id":"reserved","reason":"pending_start","source_sequence":107,"invocation_sequence":3,"outcome":"acknowledged"}}
        {"version":1,"worker_id":"graph-cli","pid":25815,"process_started_at":"2026-10-09T21:45:49.581077353Z","sequence":2,"kind":"repair","event":{"at":"2026-10-09T21:45:51.361669885Z","kind":"graph-start","type":"worker-timer","id":"reserved","reason":"bound_without_history","source_sequence":220,"invocation_sequence":2,"outcome":"acknowledged"}}
        {"version":1,"worker_id":"graph-cli","pid":25815,"process_started_at":"2026-10-09T21:45:49.581077353Z","sequence":3,"kind":"repair","event":{"at":"2026-10-09T21:45:51.737449237Z","kind":"graph-start","type":"worker-timer","id":"reserved","reason":"bound_without_history","source_sequence":245,"invocation_sequence":2,"outcome":"acknowledged"}}
        {"version":1,"worker_id":"graph-cli","pid":25815,"process_started_at":"2026-10-09T21:45:49.581077353Z","sequence":4,"kind":"repair","event":{"at":"2026-10-09T21:45:52.060866426Z","kind":"graph-start","type":"worker-timer","id":"reserved","reason":"bound_without_history","source_sequence":281,"invocation_sequence":2,"outcome":"acknowledged"}}
        {"version":1,"worker_id":"graph-cli","pid":25815,"process_started_at":"2026-10-09T21:45:49.581077353Z","sequence":5,"kind":"repair","event":{"at":"2026-10-09T21:45:52.654068861Z","kind":"graph-start","type":"worker-graph-signal","id":"reserved","reason":"bound_without_history","source_sequence":314,"invocation_sequence":1,"outcome":"acknowledged"}}
        {"version":1,"worker_id":"graph-cli","pid":25815,"process_started_at":"2026-10-09T21:45:49.581077353Z","sequence":6,"kind":"repair","event":{"at":"2026-10-09T21:45:53.277949333Z","kind":"graph-start","type":"worker-graph-signal","id":"reserved","reason":"bound_without_history","source_sequence":364,"invocation_sequence":1,"outcome":"acknowledged"}}
        {"version":1,"worker_id":"graph-cli","pid":25815,"process_started_at":"2026-10-09T21:45:49.581077353Z","sequence":7,"kind":"repair","event":{"at":"2026-10-09T21:45:53.871904203Z","kind":"graph-signal","type":"worker-graph-signal","id":"reserved","reason":"reserved_signal","source_sequence":72,"invocation_sequence":1,"outcome":"acknowledged"}}
        {"version":1,"worker_id":"graph-cli","pid":25815,"process_started_at":"2026-10-09T21:45:49.581077353Z","sequence":8,"kind":"repair","event":{"at":"2026-10-09T21:45:54.339699764Z","kind":"graph-start","type":"worker-graph-signal","id":"reserved","reason":"bound_without_history","source_sequence":435,"invocation_sequence":1,"outcome":"acknowledged"}}
        {"version":1,"worker_id":"graph-cli","pid":25815,"process_started_at":"2026-10-09T21:45:49.581077353Z","sequence":9,"kind":"repair","event":{"at":"2026-10-09T21:45:55.649295128Z","kind":"graph-signal","type":"worker-graph-signal","id":"reserved","reason":"bound_signal_without_consumption","source_sequence":477,"invocation_sequence":1,"outcome":"acknowledged"}}
        {"version":1,"worker_id":"graph-cli","pid":25815,"process_started_at":"2026-10-09T21:45:49.581077353Z","sequence":10,"kind":"repair","event":{"at":"2026-10-09T21:45:58.686598456Z","kind":"graph-signal","type":"worker-graph-signal","id":"reserved","reason":"bound_signal_without_consumption","source_sequence":687,"invocation_sequence":1,"outcome":"uncertain","error":"journal compare-and-swap lost"}}
        {"version":1,"worker_id":"graph-cli","pid":25815,"process_started_at":"2026-10-09T21:45:49.581077353Z","sequence":11,"kind":"repair","event":{"at":"2026-10-09T21:46:00.670554183Z","kind":"graph-signal","type":"worker-graph-signal","id":"reserved","reason":"bound_signal_without_consumption","source_sequence":781,"invocation_sequence":1,"outcome":"uncertain","error":"journal compare-and-swap lost"}}
        {"version":1,"worker_id":"graph-cli","pid":25815,"process_started_at":"2026-10-09T21:45:49.581077353Z","sequence":12,"kind":"repair","event":{"at":"2026-10-09T21:46:06.474110475Z","kind":"graph-terminal","type":"worker-timer","id":"reserved","reason":"terminal_without_projection","source_sequence":1255,"invocation_sequence":2,"outcome":"acknowledged"}}
=== RUN   TestWorkerRunnerCanonicalGraphReaderExpiry/R3Domain
    graph_test.go:88: worker domain admitted node=0 domain=WFGRAPH server_id=NBOIXY5XJ66ZR22LXCV4XJX2RD6MLOAACK6BNFDUCPX2OMGNEECVRLAF
    graph_test.go:88: worker domain admitted node=1 domain=WFGRAPH server_id=NDXN762VSSEAQ55TES7QZ5IY74TFHGWRNQD6PFPN6NUGFSAXH2EG7VNX
    graph_test.go:88: worker domain admitted node=2 domain=WFGRAPH server_id=NAJPGQJML2MGW6H7FFMCFV6JOBQMUVLFHSZXRDZVYHYXZGIQ4L3GFQBS
    graph_test.go:198: CLI reader expiry removed expired pin, preserved live pin/application/graph/objects and persisted scoped version-2 checkpoint
    domain_test.go:79: worker real domain=WFGRAPH domain_api_requests=22153 wrong_prefix_requests=0
    graph_test.go:328: canonical CLI reserved Start/Signal recovery, native timer completion, two terminal restorations, unchanged journal, no legacy journal writes; replicas=3 domain=WFGRAPH
--- FAIL: TestWorkerRunnerCanonicalGraphReaderExpiry (114.79s)
    --- FAIL: TestWorkerRunnerCanonicalGraphReaderExpiry/R1 (21.56s)
    --- PASS: TestWorkerRunnerCanonicalGraphReaderExpiry/R3Domain (84.74s)
FAIL
FAIL	js-wf/cmd/wf-worker	114.920s
FAIL
