=== RUN   TestRawGraphJournalGenerationsOutcomesAndArchive
=== RUN   TestRawGraphJournalGenerationsOutcomesAndArchive/json/archivefalse
=== RUN   TestRawGraphJournalGenerationsOutcomesAndArchive/json/archivetrue
=== RUN   TestRawGraphJournalGenerationsOutcomesAndArchive/protobuf-v1/archivefalse
=== RUN   TestRawGraphJournalGenerationsOutcomesAndArchive/protobuf-v1/archivetrue
=== RUN   TestRawGraphJournalGenerationsOutcomesAndArchive/envelope-generation
=== RUN   TestRawGraphJournalGenerationsOutcomesAndArchive/entry-edge-missing
=== RUN   TestRawGraphJournalGenerationsOutcomesAndArchive/index-gap
=== RUN   TestRawGraphJournalGenerationsOutcomesAndArchive/epoch-decrease
=== RUN   TestRawGraphJournalGenerationsOutcomesAndArchive/epoch-two-workers
=== RUN   TestRawGraphJournalGenerationsOutcomesAndArchive/completion-without-request
=== RUN   TestRawGraphJournalGenerationsOutcomesAndArchive/overlapping-requests
=== RUN   TestRawGraphJournalGenerationsOutcomesAndArchive/entry-after-terminal
=== RUN   TestRawGraphJournalGenerationsOutcomesAndArchive/terminal-generation
=== RUN   TestRawGraphJournalGenerationsOutcomesAndArchive/result-unowned
=== RUN   TestRawGraphJournalGenerationsOutcomesAndArchive/source-sequence
=== RUN   TestRawGraphJournalGenerationsOutcomesAndArchive/source-missing
=== RUN   TestRawGraphJournalGenerationsOutcomesAndArchive/projection-differs
=== RUN   TestRawGraphJournalGenerationsOutcomesAndArchive/projection-missing
=== RUN   TestRawGraphJournalGenerationsOutcomesAndArchive/input-source-token
=== RUN   TestRawGraphJournalGenerationsOutcomesAndArchive/archive-count
--- PASS: TestRawGraphJournalGenerationsOutcomesAndArchive (0.04s)
    --- PASS: TestRawGraphJournalGenerationsOutcomesAndArchive/json/archivefalse (0.00s)
    --- PASS: TestRawGraphJournalGenerationsOutcomesAndArchive/json/archivetrue (0.00s)
    --- PASS: TestRawGraphJournalGenerationsOutcomesAndArchive/protobuf-v1/archivefalse (0.00s)
    --- PASS: TestRawGraphJournalGenerationsOutcomesAndArchive/protobuf-v1/archivetrue (0.00s)
    --- PASS: TestRawGraphJournalGenerationsOutcomesAndArchive/envelope-generation (0.00s)
    --- PASS: TestRawGraphJournalGenerationsOutcomesAndArchive/entry-edge-missing (0.00s)
    --- PASS: TestRawGraphJournalGenerationsOutcomesAndArchive/index-gap (0.00s)
    --- PASS: TestRawGraphJournalGenerationsOutcomesAndArchive/epoch-decrease (0.00s)
    --- PASS: TestRawGraphJournalGenerationsOutcomesAndArchive/epoch-two-workers (0.00s)
    --- PASS: TestRawGraphJournalGenerationsOutcomesAndArchive/completion-without-request (0.00s)
    --- PASS: TestRawGraphJournalGenerationsOutcomesAndArchive/overlapping-requests (0.00s)
    --- PASS: TestRawGraphJournalGenerationsOutcomesAndArchive/entry-after-terminal (0.00s)
    --- PASS: TestRawGraphJournalGenerationsOutcomesAndArchive/terminal-generation (0.00s)
    --- PASS: TestRawGraphJournalGenerationsOutcomesAndArchive/result-unowned (0.00s)
    --- PASS: TestRawGraphJournalGenerationsOutcomesAndArchive/source-sequence (0.00s)
    --- PASS: TestRawGraphJournalGenerationsOutcomesAndArchive/source-missing (0.00s)
    --- PASS: TestRawGraphJournalGenerationsOutcomesAndArchive/projection-differs (0.00s)
    --- PASS: TestRawGraphJournalGenerationsOutcomesAndArchive/projection-missing (0.00s)
    --- PASS: TestRawGraphJournalGenerationsOutcomesAndArchive/input-source-token (0.00s)
    --- PASS: TestRawGraphJournalGenerationsOutcomesAndArchive/archive-count (0.00s)
=== RUN   TestRawGraphCheckpointPointerAndFrameBindings
=== RUN   TestRawGraphCheckpointPointerAndFrameBindings/pointer-generation
=== RUN   TestRawGraphCheckpointPointerAndFrameBindings/pointer-sequence
=== RUN   TestRawGraphCheckpointPointerAndFrameBindings/pointer-request
=== RUN   TestRawGraphCheckpointPointerAndFrameBindings/pointer-position
=== RUN   TestRawGraphCheckpointPointerAndFrameBindings/pointer-object
=== RUN   TestRawGraphCheckpointPointerAndFrameBindings/completion-result
=== RUN   TestRawGraphCheckpointPointerAndFrameBindings/request-kind
=== RUN   TestRawGraphCheckpointPointerAndFrameBindings/frame-unowned
=== RUN   TestRawGraphCheckpointPointerAndFrameBindings/frame-generation
=== RUN   TestRawGraphCheckpointPointerAndFrameBindings/frame-anchor
=== RUN   TestRawGraphCheckpointPointerAndFrameBindings/frame-stage
=== RUN   TestRawGraphCheckpointPointerAndFrameBindings/frame-position
=== RUN   TestRawGraphCheckpointPointerAndFrameBindings/frame-version
=== RUN   TestRawGraphCheckpointPointerAndFrameBindings/frame-locals
--- PASS: TestRawGraphCheckpointPointerAndFrameBindings (0.08s)
    --- PASS: TestRawGraphCheckpointPointerAndFrameBindings/pointer-generation (0.01s)
    --- PASS: TestRawGraphCheckpointPointerAndFrameBindings/pointer-sequence (0.00s)
    --- PASS: TestRawGraphCheckpointPointerAndFrameBindings/pointer-request (0.01s)
    --- PASS: TestRawGraphCheckpointPointerAndFrameBindings/pointer-position (0.00s)
    --- PASS: TestRawGraphCheckpointPointerAndFrameBindings/pointer-object (0.00s)
    --- PASS: TestRawGraphCheckpointPointerAndFrameBindings/completion-result (0.00s)
    --- PASS: TestRawGraphCheckpointPointerAndFrameBindings/request-kind (0.00s)
    --- PASS: TestRawGraphCheckpointPointerAndFrameBindings/frame-unowned (0.00s)
    --- PASS: TestRawGraphCheckpointPointerAndFrameBindings/frame-generation (0.00s)
    --- PASS: TestRawGraphCheckpointPointerAndFrameBindings/frame-anchor (0.00s)
    --- PASS: TestRawGraphCheckpointPointerAndFrameBindings/frame-stage (0.00s)
    --- PASS: TestRawGraphCheckpointPointerAndFrameBindings/frame-position (0.01s)
    --- PASS: TestRawGraphCheckpointPointerAndFrameBindings/frame-version (0.01s)
    --- PASS: TestRawGraphCheckpointPointerAndFrameBindings/frame-locals (0.01s)
=== RUN   TestRawGraphCheckpointMaterializedState
=== RUN   TestRawGraphCheckpointMaterializedState/json/valid
=== RUN   TestRawGraphCheckpointMaterializedState/protobuf-v1/valid
=== RUN   TestRawGraphCheckpointMaterializedState/state-name
=== RUN   TestRawGraphCheckpointMaterializedState/promise-name
=== RUN   TestRawGraphCheckpointMaterializedState/promise-nonobject
=== RUN   TestRawGraphCheckpointMaterializedState/promise-unknown-field
=== RUN   TestRawGraphCheckpointMaterializedState/promise-hash-no-ref
=== RUN   TestRawGraphCheckpointMaterializedState/promise-ref-bad-hash
=== RUN   TestRawGraphCheckpointMaterializedState/promise-inline-and-ref
=== RUN   TestRawGraphCheckpointMaterializedState/consumed-zero
=== RUN   TestRawGraphCheckpointMaterializedState/consumed-duplicate
=== RUN   TestRawGraphCheckpointMaterializedState/consumed-unsorted
=== RUN   TestRawGraphCheckpointMaterializedState/pending-zero
=== RUN   TestRawGraphCheckpointMaterializedState/pending-beyond-cursor
=== RUN   TestRawGraphCheckpointMaterializedState/pending-consumed
=== RUN   TestRawGraphCheckpointMaterializedState/pending-name
=== RUN   TestRawGraphCheckpointMaterializedState/pending-duplicate
=== RUN   TestRawGraphCheckpointMaterializedState/timer-odd
=== RUN   TestRawGraphCheckpointMaterializedState/timer-beyond-position
=== RUN   TestRawGraphCheckpointMaterializedState/timer-duplicate
=== RUN   TestRawGraphCheckpointMaterializedState/panic-prefix-mismatch
--- PASS: TestRawGraphCheckpointMaterializedState (0.09s)
    --- PASS: TestRawGraphCheckpointMaterializedState/json/valid (0.01s)
    --- PASS: TestRawGraphCheckpointMaterializedState/protobuf-v1/valid (0.00s)
    --- PASS: TestRawGraphCheckpointMaterializedState/state-name (0.01s)
    --- PASS: TestRawGraphCheckpointMaterializedState/promise-name (0.00s)
    --- PASS: TestRawGraphCheckpointMaterializedState/promise-nonobject (0.00s)
    --- PASS: TestRawGraphCheckpointMaterializedState/promise-unknown-field (0.01s)
    --- PASS: TestRawGraphCheckpointMaterializedState/promise-hash-no-ref (0.01s)
    --- PASS: TestRawGraphCheckpointMaterializedState/promise-ref-bad-hash (0.01s)
    --- PASS: TestRawGraphCheckpointMaterializedState/promise-inline-and-ref (0.01s)
    --- PASS: TestRawGraphCheckpointMaterializedState/consumed-zero (0.01s)
    --- PASS: TestRawGraphCheckpointMaterializedState/consumed-duplicate (0.00s)
    --- PASS: TestRawGraphCheckpointMaterializedState/consumed-unsorted (0.00s)
    --- PASS: TestRawGraphCheckpointMaterializedState/pending-zero (0.00s)
    --- PASS: TestRawGraphCheckpointMaterializedState/pending-beyond-cursor (0.00s)
    --- PASS: TestRawGraphCheckpointMaterializedState/pending-consumed (0.00s)
    --- PASS: TestRawGraphCheckpointMaterializedState/pending-name (0.00s)
    --- PASS: TestRawGraphCheckpointMaterializedState/pending-duplicate (0.00s)
    --- PASS: TestRawGraphCheckpointMaterializedState/timer-odd (0.00s)
    --- PASS: TestRawGraphCheckpointMaterializedState/timer-beyond-position (0.00s)
    --- PASS: TestRawGraphCheckpointMaterializedState/timer-duplicate (0.00s)
    --- PASS: TestRawGraphCheckpointMaterializedState/panic-prefix-mismatch (0.01s)
=== RUN   TestNativeRawGraphReferenceAuditQuiescentReaders
=== RUN   TestNativeRawGraphReferenceAuditQuiescentReaders/R1/indexedfalse
    graph_native_references_test.go:113: raw audit R1 indexed=false records=4 nodes=6 authority_last=38 unchanged
    graph_native_references_test.go:117: raw audit R1 indexed=false records=2 nodes=3 authority_last=40 unchanged
    graph_native_references_test.go:130: raw audit R1 indexed=false records=2 nodes=3 authority_last=41 unchanged
=== RUN   TestNativeRawGraphReferenceAuditQuiescentReaders/R1/indexedtrue
    graph_native_references_test.go:113: raw audit R1 indexed=true records=4 nodes=6 authority_last=48 unchanged
    graph_native_references_test.go:117: raw audit R1 indexed=true records=2 nodes=3 authority_last=50 unchanged
    graph_native_references_test.go:130: raw audit R1 indexed=true records=2 nodes=3 authority_last=51 unchanged
=== RUN   TestNativeRawGraphReferenceAuditQuiescentReaders/R3/indexedfalse
    graph_native_references_test.go:113: raw audit R3 indexed=false records=4 nodes=6 authority_last=38 unchanged
    graph_native_references_test.go:117: raw audit R3 indexed=false records=2 nodes=3 authority_last=40 unchanged
    graph_native_references_test.go:130: raw audit R3 indexed=false records=2 nodes=3 authority_last=41 unchanged
=== RUN   TestNativeRawGraphReferenceAuditQuiescentReaders/R3/indexedtrue
    graph_native_references_test.go:113: raw audit R3 indexed=true records=4 nodes=6 authority_last=48 unchanged
    graph_native_references_test.go:117: raw audit R3 indexed=true records=2 nodes=3 authority_last=50 unchanged
    graph_native_references_test.go:130: raw audit R3 indexed=true records=2 nodes=3 authority_last=51 unchanged
--- PASS: TestNativeRawGraphReferenceAuditQuiescentReaders (3.58s)
    --- PASS: TestNativeRawGraphReferenceAuditQuiescentReaders/R1/indexedfalse (0.46s)
    --- PASS: TestNativeRawGraphReferenceAuditQuiescentReaders/R1/indexedtrue (0.52s)
    --- PASS: TestNativeRawGraphReferenceAuditQuiescentReaders/R3/indexedfalse (1.19s)
    --- PASS: TestNativeRawGraphReferenceAuditQuiescentReaders/R3/indexedtrue (1.40s)
=== RUN   TestRawGraphReferencesAndIndependentCorruptionControls
=== RUN   TestRawGraphReferencesAndIndependentCorruptionControls/missing-object
=== RUN   TestRawGraphReferencesAndIndependentCorruptionControls/changed-bytes
=== RUN   TestRawGraphReferencesAndIndependentCorruptionControls/closed-ready-grant
=== RUN   TestRawGraphReferencesAndIndependentCorruptionControls/wrong-generation
=== RUN   TestRawGraphReferencesAndIndependentCorruptionControls/wrong-destination
=== RUN   TestRawGraphReferencesAndIndependentCorruptionControls/future-grant
=== RUN   TestRawGraphReferencesAndIndependentCorruptionControls/wrong-coordinate
=== RUN   TestRawGraphReferencesAndIndependentCorruptionControls/lost-payload-origin
=== RUN   TestRawGraphReferencesAndIndependentCorruptionControls/duplicate-reader
=== RUN   TestRawGraphReferencesAndIndependentCorruptionControls/wrong-count
=== RUN   TestRawGraphReferencesAndIndependentCorruptionControls/duplicate-stream
--- PASS: TestRawGraphReferencesAndIndependentCorruptionControls (0.01s)
    --- PASS: TestRawGraphReferencesAndIndependentCorruptionControls/missing-object (0.00s)
    --- PASS: TestRawGraphReferencesAndIndependentCorruptionControls/changed-bytes (0.00s)
    --- PASS: TestRawGraphReferencesAndIndependentCorruptionControls/closed-ready-grant (0.00s)
    --- PASS: TestRawGraphReferencesAndIndependentCorruptionControls/wrong-generation (0.00s)
    --- PASS: TestRawGraphReferencesAndIndependentCorruptionControls/wrong-destination (0.00s)
    --- PASS: TestRawGraphReferencesAndIndependentCorruptionControls/future-grant (0.00s)
    --- PASS: TestRawGraphReferencesAndIndependentCorruptionControls/wrong-coordinate (0.00s)
    --- PASS: TestRawGraphReferencesAndIndependentCorruptionControls/lost-payload-origin (0.00s)
    --- PASS: TestRawGraphReferencesAndIndependentCorruptionControls/duplicate-reader (0.00s)
    --- PASS: TestRawGraphReferencesAndIndependentCorruptionControls/wrong-count (0.00s)
    --- PASS: TestRawGraphReferencesAndIndependentCorruptionControls/duplicate-stream (0.00s)
=== RUN   TestNativeRawGraphCheckpointAudit
=== RUN   TestNativeRawGraphCheckpointAudit/R1/indexedfalse
    graph_checkpoint_native_test.go:111: RAW_CHECKPOINT_AUDIT stage=unpublished entries=4 terminals=0 R1 indexed=false
    graph_checkpoint_native_test.go:115: RAW_CHECKPOINT_AUDIT stage=published entries=4 terminals=0 R1 indexed=false
    graph_checkpoint_native_test.go:119: RAW_CHECKPOINT_AUDIT stage=archived entries=4 terminals=0 R1 indexed=false
    graph_checkpoint_native_test.go:129: RAW_CHECKPOINT_AUDIT stage=terminal entries=5 terminals=1 R1 indexed=false
=== RUN   TestNativeRawGraphCheckpointAudit/R1/indexedtrue
    graph_checkpoint_native_test.go:111: RAW_CHECKPOINT_AUDIT stage=unpublished entries=4 terminals=0 R1 indexed=true
    graph_checkpoint_native_test.go:115: RAW_CHECKPOINT_AUDIT stage=published entries=4 terminals=0 R1 indexed=true
    graph_checkpoint_native_test.go:119: RAW_CHECKPOINT_AUDIT stage=archived entries=4 terminals=0 R1 indexed=true
    graph_checkpoint_native_test.go:129: RAW_CHECKPOINT_AUDIT stage=terminal entries=5 terminals=1 R1 indexed=true
=== RUN   TestNativeRawGraphCheckpointAudit/R3/indexedfalse
    graph_checkpoint_native_test.go:111: RAW_CHECKPOINT_AUDIT stage=unpublished entries=4 terminals=0 R3 indexed=false
    graph_checkpoint_native_test.go:115: RAW_CHECKPOINT_AUDIT stage=published entries=4 terminals=0 R3 indexed=false
    graph_checkpoint_native_test.go:119: RAW_CHECKPOINT_AUDIT stage=archived entries=4 terminals=0 R3 indexed=false
    graph_checkpoint_native_test.go:129: RAW_CHECKPOINT_AUDIT stage=terminal entries=5 terminals=1 R3 indexed=false
=== RUN   TestNativeRawGraphCheckpointAudit/R3/indexedtrue
    graph_checkpoint_native_test.go:111: RAW_CHECKPOINT_AUDIT stage=unpublished entries=4 terminals=0 R3 indexed=true
    graph_checkpoint_native_test.go:115: RAW_CHECKPOINT_AUDIT stage=published entries=4 terminals=0 R3 indexed=true
    graph_checkpoint_native_test.go:119: RAW_CHECKPOINT_AUDIT stage=archived entries=4 terminals=0 R3 indexed=true
    graph_checkpoint_native_test.go:129: RAW_CHECKPOINT_AUDIT stage=terminal entries=5 terminals=1 R3 indexed=true
--- PASS: TestNativeRawGraphCheckpointAudit (16.64s)
    --- PASS: TestNativeRawGraphCheckpointAudit/R1/indexedfalse (2.32s)
    --- PASS: TestNativeRawGraphCheckpointAudit/R1/indexedtrue (2.47s)
    --- PASS: TestNativeRawGraphCheckpointAudit/R3/indexedfalse (5.62s)
    --- PASS: TestNativeRawGraphCheckpointAudit/R3/indexedtrue (6.24s)
PASS
