=== RUN   TestOperatorStandaloneCommandsThroughLeaf
    main_test.go:166: operator domain admitted node=0 domain=WFOPS server_id=NBOB27YQTG7GUSW2HFPMWPT62CI3EP4JDWUJ2UD4EEHDKDT7AKZL3CT7
    main_test.go:166: operator domain admitted node=1 domain=WFOPS server_id=NB6XLXOCDCJ5LJFMAQQGH6IFMUWYOVAY2IT6XCK6FF43FCSY6CRY7LG7
    main_test.go:166: operator domain admitted node=2 domain=WFOPS server_id=ND65R4F3LANIB7PPPLRPGSET23J3WDY5NTODED7SSOGQZFJBZTXPTN5L
    main_test.go:189: operator child wire: pid=570135 offline=false connections=1 truncated=false client_bytes=296 server_bytes=967
    main_test.go:189: operator standalone process domain="WFOPS" pid=570135 exit=1
    main_test.go:189: operator child wire: pid=570140 offline=false connections=1 truncated=false client_bytes=9516 server_bytes=8616
    main_test.go:189: operator standalone process domain="WFOPS" pid=570140 exit=0
    main_test.go:189: operator child wire: pid=570247 offline=false connections=1 truncated=false client_bytes=404 server_bytes=2385
    main_test.go:189: operator standalone process domain="WFOPS" pid=570247 exit=0
    main_test.go:189: operator child wire: pid=570313 offline=false connections=1 truncated=false client_bytes=444 server_bytes=2243
    main_test.go:189: operator standalone process domain="WFOPS" pid=570313 exit=0
    main_test.go:189: operator child wire: pid=570413 offline=false connections=1 truncated=false client_bytes=444 server_bytes=2307
    main_test.go:189: operator standalone process domain="WFOPS" pid=570413 exit=1
    main_test.go:189: operator child wire: pid=570418 offline=false connections=1 truncated=false client_bytes=3770 server_bytes=14775
    main_test.go:189: operator standalone process domain="WFOPS" pid=570418 exit=0
    main_test.go:189: operator child wire: pid=570528 offline=false connections=1 truncated=false client_bytes=1550 server_bytes=7510
    main_test.go:189: operator standalone process domain="WFOPS" pid=570528 exit=0
    main_test.go:189: operator child wire: pid=570639 offline=false connections=1 truncated=false client_bytes=912 server_bytes=6829
    main_test.go:189: operator standalone process domain="WFOPS" pid=570639 exit=0
    main_test.go:189: operator child wire: pid=570733 offline=false connections=1 truncated=false client_bytes=1394 server_bytes=9934
    main_test.go:189: operator standalone process domain="WFOPS" pid=570733 exit=0
    main_test.go:189: operator child wire: pid=570808 offline=false connections=1 truncated=false client_bytes=1741 server_bytes=10082
    main_test.go:189: operator standalone process domain="WFOPS" pid=570808 exit=0
    main_test.go:189: operator child wire: pid=570900 offline=false connections=1 truncated=false client_bytes=1741 server_bytes=10082
    main_test.go:189: operator standalone process domain="WFOPS" pid=570900 exit=0
    main_test.go:189: operator child wire: pid=571237 offline=false connections=1 truncated=false client_bytes=1420 server_bytes=7423
    main_test.go:189: operator standalone process domain="WFOPS" pid=571237 exit=0
    main_test.go:189: operator child wire: pid=571322 offline=false connections=1 truncated=false client_bytes=1420 server_bytes=7425
    main_test.go:189: operator standalone process domain="WFOPS" pid=571322 exit=1
    main_test.go:189: operator child wire: pid=571328 offline=false connections=1 truncated=false client_bytes=1420 server_bytes=7425
    main_test.go:189: operator standalone process domain="WFOPS" pid=571328 exit=1
    main_test.go:189: operator child wire: pid=571386 offline=false connections=1 truncated=false client_bytes=3147 server_bytes=1857311
    main_test.go:189: operator standalone process domain="WFOPS" pid=571386 exit=0
    main_test.go:189: operator child wire: pid=571494 offline=false connections=1 truncated=false client_bytes=3147 server_bytes=1857311
    main_test.go:189: operator standalone process domain="WFOPS" pid=571494 exit=0
    main_test.go:189: operator child wire: pid=571660 offline=true connections=0 truncated=false client_bytes=0 server_bytes=0
    main_test.go:189: operator standalone process domain="WFOPS" pid=571660 exit=0
    main_test.go:189: operator child wire: pid=571771 offline=true connections=0 truncated=false client_bytes=0 server_bytes=0
    main_test.go:189: operator standalone process domain="WFOPS" pid=571771 exit=1
    main_test.go:189: operator child wire: pid=571831 offline=false connections=1 truncated=false client_bytes=1011 server_bytes=4137
    main_test.go:189: operator standalone process domain="WFOPS" pid=571831 exit=0
    main_test.go:189: operator child wire: pid=571890 offline=false connections=1 truncated=false client_bytes=4452 server_bytes=13699
    main_test.go:189: operator standalone process domain="WFOPS" pid=571890 exit=0
    main_test.go:189: operator child wire: pid=572001 offline=false connections=1 truncated=false client_bytes=7477 server_bytes=28849
    main_test.go:189: operator standalone process domain="WFOPS" pid=572001 exit=0
    main_test.go:189: operator child wire: pid=572112 offline=false connections=1 truncated=false client_bytes=1585 server_bytes=8544
    main_test.go:189: operator standalone process domain="WFOPS" pid=572112 exit=0
    main_test.go:189: operator child wire: pid=572185 offline=false connections=1 truncated=false client_bytes=1634 server_bytes=6435
    main_test.go:189: operator standalone process domain="WFOPS" pid=572185 exit=0
    leaf_standalone_test.go:172: operator leaf: test=TestOperatorStandaloneCommandsThroughLeaf local=WFEDGE remote=WFOPS leaf_pid=570120 local_streams=0
    standalone_test.go:225: operator standalone commands domain="WFOPS" processes=23 exe_sha256=a3d09a86ef4bdce371d91be4d3c120dbeae1f06dc25e2926c6d271f946b514fe
--- PASS: TestOperatorStandaloneCommandsThroughLeaf (34.12s)
PASS
