=== RUN   TestMixedMatrixServerPartitionEveryThirtySeconds
    mixed_matrix_leader_test.go:150: experimental partition server binary=/tmp/js-wf-partition-seed6-contiguous-20261006/partition-server.bin
    mixed_matrix_leader_test.go:150: retained matrix process stores=/tmp/js-wf-partition-seed6-contiguous-20261006/originals/TestMixedMatrixServerPartitionEveryThirtySeconds
    mixed_matrix_leader_test.go:150: mixed batch=1 elapsed=5.916807845s
    mixed_matrix_leader_test.go:150: mixed batch=2 elapsed=10.205363058s
    mixed_matrix_leader_test.go:150: mixed batch=3 elapsed=14.120685647s
    mixed_matrix_leader_test.go:150: mixed batch=4 elapsed=18.134723105s
    mixed_matrix_leader_test.go:150: mixed batch=5 elapsed=22.145355639s
    mixed_matrix_leader_test.go:150: mixed batch=6 elapsed=26.157842226s
    mixed_matrix_leader_test.go:150: mixed batch=7 elapsed=34.176789752s
    mixed_matrix_leader_test.go:664: server_partition fault node=2 nodes=[] worker= pid=0 active_leases=0 routes=[4 4 0] majority_seq=1 consumer= pending=0 ack_pending=0 scheduled=30s killed=30.000222159s healed=45.729812628s
    mixed_matrix_leader_test.go:150: mixed batch=8 elapsed=53.19240888s
    mixed_matrix_leader_test.go:150: mixed batch=9 elapsed=58.289540839s
    mixed_matrix_leader_test.go:150: mixed batch=10 elapsed=1m3.806310459s
    mixed_matrix_leader_test.go:688: checkpoint audit batch=10 invocation_cutoff=280 started elapsed=1m3.806441418s
    mixed_matrix_leader_test.go:700: checkpoint audit batch=10 complete report={Invocations:280 Journals:280 Entries:3088 Terminal:280} elapsed=1m4.864963357s
    mixed_matrix_leader_test.go:150: mixed batch=11 elapsed=1m9.831054645s
    mixed_matrix_leader_test.go:664: server_partition fault node=2 nodes=[] worker= pid=0 active_leases=0 routes=[4 4 0] majority_seq=2 consumer= pending=0 ack_pending=0 scheduled=1m0s killed=1m0.000739483s healed=1m17.552998873s
    mixed_matrix_leader_test.go:150: mixed batch=12 elapsed=1m26.355625039s
    mixed_matrix_leader_test.go:150: mixed batch=13 elapsed=1m30.363543611s
    mixed_matrix_leader_test.go:150: mixed batch=14 elapsed=1m34.373689399s
    mixed_matrix_leader_test.go:150: mixed batch=15 elapsed=1m38.903282667s
    mixed_matrix_leader_test.go:664: server_partition fault node=2 nodes=[] worker= pid=0 active_leases=0 routes=[4 4 0] majority_seq=3 consumer= pending=0 ack_pending=0 scheduled=1m30s killed=1m30.000048308s healed=1m48.0548659s
    mixed_matrix_leader_test.go:150: mixed batch=16 elapsed=1m59.955185661s
    mixed_matrix_leader_test.go:150: mixed batch=17 elapsed=2m6.212557471s
    mixed_matrix_leader_test.go:664: server_partition fault node=2 nodes=[] worker= pid=0 active_leases=0 routes=[4 4 0] majority_seq=4 consumer= pending=0 ack_pending=0 scheduled=2m0s killed=2m0.000037773s healed=2m18.742292936s
    mixed_matrix_leader_test.go:150: mixed batch=18 elapsed=2m25.868136851s
    mixed_matrix_leader_test.go:150: mixed batch=19 elapsed=2m35.096822192s
    mixed_matrix_leader_test.go:664: server_partition fault node=2 nodes=[] worker= pid=0 active_leases=0 routes=[4 4 0] majority_seq=5 consumer= pending=0 ack_pending=0 scheduled=2m30s killed=2m30.001191281s healed=2m48.626120249s
    mixed_matrix_leader_test.go:150: mixed batch=20 elapsed=2m53.757685619s
    mixed_matrix_leader_test.go:688: checkpoint audit batch=20 invocation_cutoff=560 started elapsed=2m53.757834105s
    mixed_matrix_leader_test.go:700: checkpoint audit batch=20 complete report={Invocations:560 Journals:560 Entries:6175 Terminal:560} elapsed=2m55.234169031s
    mixed_matrix_leader_test.go:150: mixed batch=21 elapsed=2m59.669015651s
    mixed_matrix_leader_test.go:150: mixed batch=22 elapsed=3m6.290683047s
    mixed_matrix_leader_test.go:664: server_partition fault node=2 nodes=[] worker= pid=0 active_leases=0 routes=[4 4 0] majority_seq=6 consumer= pending=0 ack_pending=0 scheduled=3m0s killed=3m0.000891049s healed=3m17.412681239s
    mixed_matrix_leader_test.go:150: mixed batch=23 elapsed=3m28.086124637s
    mixed_matrix_leader_test.go:150: mixed batch=24 elapsed=3m33.186939084s
    mixed_matrix_leader_test.go:150: mixed batch=25 elapsed=3m38.794535245s
    mixed_matrix_leader_test.go:664: server_partition fault node=2 nodes=[] worker= pid=0 active_leases=0 routes=[4 4 0] majority_seq=7 consumer= pending=0 ack_pending=0 scheduled=3m30s killed=3m30.000176002s healed=3m48.852377339s
    mixed_matrix_leader_test.go:150: mixed batch=26 elapsed=3m57.220157859s
    mixed_matrix_leader_test.go:150: mixed batch=27 elapsed=4m2.834425704s
    mixed_matrix_leader_test.go:150: mixed batch=28 elapsed=4m9.619871864s
    mixed_matrix_leader_test.go:664: server_partition fault node=2 nodes=[] worker= pid=0 active_leases=0 routes=[4 4 0] majority_seq=8 consumer= pending=0 ack_pending=0 scheduled=4m0s killed=4m0.000081325s healed=4m19.185211363s
    mixed_matrix_leader_test.go:150: mixed batch=29 elapsed=4m31.189665694s
    mixed_matrix_leader_test.go:150: mixed batch=30 elapsed=4m37.028521087s
    mixed_matrix_leader_test.go:688: checkpoint audit batch=30 invocation_cutoff=840 started elapsed=4m37.028644935s
    mixed_matrix_leader_test.go:664: server_partition fault node=2 nodes=[] worker= pid=0 active_leases=0 routes=[4 4 0] majority_seq=9 consumer= pending=0 ack_pending=0 scheduled=4m30s killed=4m30.000153429s healed=4m51.754158128s
    mixed_matrix_leader_test.go:700: checkpoint audit batch=30 complete report={Invocations:840 Journals:840 Entries:9262 Terminal:840} elapsed=4m51.958327746s
    mixed_matrix_leader_test.go:150: mixed batch=31 elapsed=4m59.08942235s
    mixed_matrix_leader_test.go:150: mixed batch=32 elapsed=5m5.104078197s
    mixed_matrix_leader_test.go:664: server_partition fault node=2 nodes=[] worker= pid=0 active_leases=0 routes=[4 4 0] majority_seq=10 consumer= pending=0 ack_pending=0 scheduled=5m0s killed=5m0.000778634s healed=5m16.922961657s
    mixed_matrix_leader_test.go:150: mixed batch=33 elapsed=5m23.591438213s
    mixed_matrix_leader_test.go:150: mixed batch=34 elapsed=5m28.806498288s
    mixed_matrix_leader_test.go:150: mixed batch=35 elapsed=5m35.883063063s
    mixed_matrix_leader_test.go:664: server_partition fault node=2 nodes=[] worker= pid=0 active_leases=0 routes=[4 4 0] majority_seq=11 consumer= pending=0 ack_pending=0 scheduled=5m30s killed=5m30.000173153s healed=5m48.01509689s
    mixed_matrix_leader_test.go:150: mixed batch=36 elapsed=5m55.25755774s
    mixed_matrix_leader_test.go:150: mixed batch=37 elapsed=6m0.4458183s
    mixed_matrix_leader_test.go:150: mixed batch=38 elapsed=6m6.411294262s
    mixed_matrix_leader_test.go:664: server_partition fault node=2 nodes=[] worker= pid=0 active_leases=0 routes=[4 4 0] majority_seq=12 consumer= pending=0 ack_pending=0 scheduled=6m0s killed=6m0.000754462s healed=6m18.564745714s
    mixed_matrix_leader_test.go:150: mixed batch=39 elapsed=6m25.020323364s
    mixed_matrix_leader_test.go:150: mixed batch=40 elapsed=6m29.049442856s
    mixed_matrix_leader_test.go:688: checkpoint audit batch=40 invocation_cutoff=1120 started elapsed=6m29.049567766s
    mixed_matrix_leader_test.go:700: checkpoint audit batch=40 complete report={Invocations:1120 Journals:1120 Entries:12349 Terminal:1120} elapsed=6m31.633759197s
    mixed_matrix_leader_test.go:150: mixed batch=41 elapsed=6m33.066499988s
    mixed_matrix_leader_test.go:150: mixed batch=42 elapsed=6m39.811551399s
    mixed_matrix_leader_test.go:664: server_partition fault node=2 nodes=[] worker= pid=0 active_leases=0 routes=[4 4 0] majority_seq=13 consumer= pending=0 ack_pending=0 scheduled=6m30s killed=6m30.000015312s healed=6m47.496065855s
    mixed_matrix_leader_test.go:150: mixed batch=43 elapsed=7m0.984958153s
    mixed_matrix_leader_test.go:664: server_partition fault node=2 nodes=[] worker= pid=0 active_leases=0 routes=[4 4 0] majority_seq=14 consumer= pending=0 ack_pending=0 scheduled=7m0s killed=7m0.000858534s healed=7m18.17380497s
    mixed_matrix_leader_test.go:150: mixed batch=44 elapsed=7m23.756122336s
    mixed_matrix_leader_test.go:150: mixed batch=45 elapsed=7m28.911249364s
    mixed_matrix_leader_test.go:150: mixed batch=46 elapsed=7m34.321283222s
    mixed_matrix_leader_test.go:664: server_partition fault node=2 nodes=[] worker= pid=0 active_leases=0 routes=[4 4 0] majority_seq=15 consumer= pending=0 ack_pending=0 scheduled=7m30s killed=7m30.000273527s healed=7m48.812515082s
    mixed_matrix_leader_test.go:150: mixed batch=47 elapsed=7m52.437335316s
    mixed_matrix_leader_test.go:150: mixed batch=48 elapsed=7m57.619977124s
    mixed_matrix_leader_test.go:150: mixed batch=49 elapsed=8m3.136137303s
    mixed_matrix_leader_test.go:664: server_partition fault node=2 nodes=[] worker= pid=0 active_leases=0 routes=[4 4 0] majority_seq=16 consumer= pending=0 ack_pending=0 scheduled=8m0s killed=8m0.000773173s healed=8m17.457967616s
    mixed_matrix_leader_test.go:150: mixed batch=50 elapsed=8m23.126426606s
    mixed_matrix_leader_test.go:688: checkpoint audit batch=50 invocation_cutoff=1400 started elapsed=8m23.126446817s
    mixed_matrix_leader_test.go:700: checkpoint audit batch=50 complete report={Invocations:1400 Journals:1400 Entries:15433 Terminal:1400} elapsed=8m25.59298249s
    mixed_matrix_leader_test.go:150: mixed batch=51 elapsed=8m28.746052288s
    mixed_matrix_leader_test.go:150: mixed batch=52 elapsed=8m35.158961482s
    mixed_matrix_leader_test.go:664: server_partition fault node=2 nodes=[] worker= pid=0 active_leases=0 routes=[4 4 0] majority_seq=17 consumer= pending=0 ack_pending=0 scheduled=8m30s killed=8m30.000126265s healed=8m47.52931826s
    mixed_matrix_leader_test.go:150: mixed batch=53 elapsed=8m49.229259977s
    mixed_matrix_leader_test.go:150: mixed batch=54 elapsed=8m54.652460342s
    mixed_matrix_leader_test.go:150: mixed batch=55 elapsed=9m0.377926405s
    mixed_matrix_leader_test.go:150: mixed batch=56 elapsed=9m5.748587859s
    mixed_matrix_leader_test.go:664: server_partition fault node=2 nodes=[] worker= pid=0 active_leases=0 routes=[4 4 0] majority_seq=18 consumer= pending=0 ack_pending=0 scheduled=9m0s killed=9m0.00033908s healed=9m18.284578546s
    mixed_matrix_leader_test.go:150: mixed batch=57 elapsed=9m25.1956727s
    mixed_matrix_leader_test.go:150: mixed batch=58 elapsed=9m31.216659592s
    mixed_matrix_leader_test.go:150: mixed batch=59 elapsed=9m39.254023753s
    mixed_matrix_leader_test.go:664: server_partition fault node=2 nodes=[] worker= pid=0 active_leases=0 routes=[4 4 0] majority_seq=19 consumer= pending=0 ack_pending=0 scheduled=9m30s killed=9m30.00035852s healed=9m48.142855098s
    mixed_matrix_leader_test.go:150: mixed batch=60 elapsed=10m0.617147602s
    mixed_matrix_leader_test.go:688: checkpoint audit batch=60 invocation_cutoff=1680 started elapsed=10m0.617191379s
    mixed_matrix_leader_test.go:700: checkpoint audit batch=60 complete report={Invocations:1680 Journals:1680 Entries:18532 Terminal:1680} elapsed=10m3.400287461s
    mixed_matrix_leader_test.go:150: MATRIX_RETAINED row=server_partition report={Invocations:1680 Journals:1680 Entries:18532 Terminal:1680} expected_invocations=1680
    mixed_matrix_leader_test.go:150: MATRIX_RESULT row=server_partition seed=6 duration=10m0s release_duration=true batches=60 invocations=1680 faults=19 terminal_p99=15.347547622s
    mixed_matrix_leader_test.go:150: MATRIX_CELL type=matrixshort invocations=240 terminal_p99=17.276910837s
    mixed_matrix_leader_test.go:150: MATRIX_PROGRESS type=matrixshort enabled_events=240 progress_p99=17.246616727s progress_max=17.298083369s above_30s=0
    mixed_matrix_leader_test.go:150: MATRIX_CELL type=matrixtimer invocations=180 terminal_p99=4.318135626s
    mixed_matrix_leader_test.go:150: MATRIX_PROGRESS type=matrixtimer enabled_events=1620 progress_p99=13.068349478s progress_max=17.765531581s above_30s=0
    mixed_matrix_leader_test.go:150: MATRIX_CELL type=matrixsignal invocations=120 terminal_p99=18.410161747s
    mixed_matrix_leader_test.go:150: MATRIX_PROGRESS type=matrixsignal enabled_events=1080 progress_p99=8.100723856s progress_max=17.243730439s above_30s=0
    mixed_matrix_leader_test.go:150: MATRIX_CELL type=matrixfanout invocations=60 terminal_p99=17.236778866s
    mixed_matrix_leader_test.go:150: MATRIX_PROGRESS type=matrixfanout enabled_events=780 progress_p99=12.48896308s progress_max=17.185529821s above_30s=0
    mixed_matrix_leader_test.go:150: MATRIX_CELL type=matrixchild invocations=360 terminal_p99=13.272991454s
    mixed_matrix_leader_test.go:150: MATRIX_PROGRESS type=matrixchild enabled_events=1800 progress_p99=12.511495282s progress_max=17.368434199s above_30s=0
    mixed_matrix_leader_test.go:150: MATRIX_CELL type=matrixgrandchild invocations=720 terminal_p99=3.808407044s
    mixed_matrix_leader_test.go:150: MATRIX_PROGRESS type=matrixgrandchild enabled_events=720 progress_p99=2.353165691s progress_max=12.138197755s above_30s=0
--- PASS: TestMixedMatrixServerPartitionEveryThirtySeconds (632.55s)
PASS
