=== RUN   TestRawGraphRetiredSourceProjectionScope
=== RUN   TestRawGraphRetiredSourceProjectionScope/valid
    graph_retired_projection_test.go:45: {{1 0 0 0 0 0} 1 0 0 0 0 1 1} invalid graph authority
=== RUN   TestRawGraphRetiredSourceProjectionScope/purging-source
=== RUN   TestRawGraphRetiredSourceProjectionScope/source-generation
=== RUN   TestRawGraphRetiredSourceProjectionScope/projection-missing
=== RUN   TestRawGraphRetiredSourceProjectionScope/projection-generation
=== RUN   TestRawGraphRetiredSourceProjectionScope/projection-kind
=== RUN   TestRawGraphRetiredSourceProjectionScope/nonterminal
=== RUN   TestRawGraphRetiredSourceProjectionScope/live-forest
--- FAIL: TestRawGraphRetiredSourceProjectionScope (0.01s)
    --- FAIL: TestRawGraphRetiredSourceProjectionScope/valid (0.00s)
    --- PASS: TestRawGraphRetiredSourceProjectionScope/purging-source (0.00s)
    --- PASS: TestRawGraphRetiredSourceProjectionScope/source-generation (0.00s)
    --- PASS: TestRawGraphRetiredSourceProjectionScope/projection-missing (0.00s)
    --- PASS: TestRawGraphRetiredSourceProjectionScope/projection-generation (0.00s)
    --- PASS: TestRawGraphRetiredSourceProjectionScope/projection-kind (0.00s)
    --- PASS: TestRawGraphRetiredSourceProjectionScope/nonterminal (0.00s)
    --- PASS: TestRawGraphRetiredSourceProjectionScope/live-forest (0.00s)
FAIL
FAIL	js-wf/integrity	0.034s
FAIL
