=== RUN   TestNativeGraphContinuationSDKFlow
=== RUN   TestNativeGraphContinuationSDKFlow/R1
    graph_continuation_sdk_test.go:482: SDK_PHASE name=execute_begin_next elapsed=376.647074ms remaining=29.623352565s sdk_requests=166
    graph_continuation_sdk_test.go:484: SDK_PHASE name=execute_end_next elapsed=2.299350115s remaining=27.700649604s sdk_requests=1290
    graph_continuation_sdk_test.go:648: SDK_PHASE name=boundary_scan_end_next elapsed=2.336644264s remaining=27.663355296s sdk_requests=1311
    graph_continuation_sdk_test.go:482: SDK_PHASE name=execute_begin_finish elapsed=2.336821873s remaining=27.663177776s sdk_requests=1311
    graph_continuation_sdk_test.go:484: SDK_PHASE name=execute_end_finish elapsed=4.833217345s remaining=25.166782164s sdk_requests=2762
    graph_continuation_sdk_test.go:648: SDK_PHASE name=boundary_scan_end_finish elapsed=4.862333552s remaining=25.137666118s sdk_requests=2782
    graph_continuation_sdk_test.go:971: RAW_SDK_CHECKPOINT_AUDIT journals=1 entries=20 terminals=1 pending=0 retired_projection_only=0
    graph_continuation_sdk_test.go:973: SDK initial/next/finish=map[finish:1 initial:1 next:1] effects=2 records=20 result=43
    graph_continuation_sdk_test.go:977: SDK_PHASE name=finished elapsed=7.411731133s remaining=22.588268536s sdk_requests=5079
=== RUN   TestNativeGraphContinuationSDKFlow/R3Domain
    graph_continuation_sdk_test.go:482: SDK_PHASE name=execute_begin_next elapsed=1.935491529s remaining=28.06450805s sdk_requests=166
    graph_continuation_sdk_test.go:484: SDK_PHASE name=execute_end_next elapsed=4.971292475s remaining=25.028707105s sdk_requests=1290
    graph_continuation_sdk_test.go:648: SDK_PHASE name=boundary_scan_end_next elapsed=5.043806271s remaining=24.956193278s sdk_requests=1311
    graph_continuation_sdk_test.go:482: SDK_PHASE name=execute_begin_finish elapsed=5.043916769s remaining=24.956082931s sdk_requests=1311
    graph_continuation_sdk_test.go:484: SDK_PHASE name=execute_end_finish elapsed=8.730537493s remaining=21.269462247s sdk_requests=2771
    graph_continuation_sdk_test.go:648: SDK_PHASE name=boundary_scan_end_finish elapsed=8.782217994s remaining=21.217781676s sdk_requests=2791
    graph_continuation_sdk_test.go:971: RAW_SDK_CHECKPOINT_AUDIT journals=1 entries=20 terminals=1 pending=0 retired_projection_only=0
    graph_continuation_sdk_test.go:973: SDK initial/next/finish=map[finish:1 initial:1 next:1] effects=2 records=20 result=43
    graph_continuation_sdk_test.go:977: SDK_PHASE name=finished elapsed=12.385043488s remaining=17.614956142s sdk_requests=5090
--- PASS: TestNativeGraphContinuationSDKFlow (20.12s)
    --- PASS: TestNativeGraphContinuationSDKFlow/R1 (7.46s)
    --- PASS: TestNativeGraphContinuationSDKFlow/R3Domain (12.66s)
=== RUN   TestNativeGraphContinuationChildPromise
=== RUN   TestNativeGraphContinuationChildPromise/R1
    graph_continuation_sdk_test.go:482: SDK_PHASE name=execute_begin_next elapsed=228.373683ms remaining=59.771625947s sdk_requests=166
    graph_continuation_sdk_test.go:484: SDK_PHASE name=execute_end_next elapsed=2.595423803s remaining=57.404575887s sdk_requests=1610
    graph_continuation_sdk_test.go:648: SDK_PHASE name=boundary_scan_end_next elapsed=2.639821812s remaining=57.360177787s sdk_requests=1638
    graph_continuation_sdk_test.go:652: SDK_PHASE name=child_execute_end elapsed=3.794250867s remaining=56.205748673s sdk_requests=2191
    graph_continuation_sdk_test.go:482: SDK_PHASE name=execute_begin_finish elapsed=3.79431202s remaining=56.20568778s sdk_requests=2191
    graph_continuation_sdk_test.go:484: SDK_PHASE name=execute_end_finish elapsed=7.798976723s remaining=52.201022886s sdk_requests=4139
    graph_continuation_sdk_test.go:542: SDK_PHASE name=child_retire_end elapsed=7.827297351s remaining=52.172702268s sdk_requests=4154
    graph_continuation_sdk_test.go:648: SDK_PHASE name=boundary_scan_end_finish elapsed=7.868504023s remaining=52.131495416s sdk_requests=4178
    graph_continuation_sdk_test.go:971: RAW_SDK_CHECKPOINT_AUDIT journals=1 entries=25 terminals=1 pending=0 retired_projection_only=1
    graph_continuation_sdk_test.go:973: SDK initial/next/finish=map[finish:1 initial:1 next:1] effects=2 records=25 result=43
    graph_continuation_sdk_test.go:977: SDK_PHASE name=finished elapsed=11.140552846s remaining=48.859446753s sdk_requests=6858
=== RUN   TestNativeGraphContinuationChildPromise/R3Domain
    graph_continuation_sdk_test.go:482: SDK_PHASE name=execute_begin_next elapsed=2.002133567s remaining=57.997865972s sdk_requests=166
    graph_continuation_sdk_test.go:484: SDK_PHASE name=execute_end_next elapsed=5.597953905s remaining=54.402045794s sdk_requests=1610
    graph_continuation_sdk_test.go:648: SDK_PHASE name=boundary_scan_end_next elapsed=5.667412731s remaining=54.332586738s sdk_requests=1638
    graph_continuation_sdk_test.go:652: SDK_PHASE name=child_execute_end elapsed=7.291368089s remaining=52.708631571s sdk_requests=2182
    graph_continuation_sdk_test.go:482: SDK_PHASE name=execute_begin_finish elapsed=7.291460309s remaining=52.708539361s sdk_requests=2182
    graph_continuation_sdk_test.go:484: SDK_PHASE name=execute_end_finish elapsed=13.513094637s remaining=46.486905112s sdk_requests=4133
    graph_continuation_sdk_test.go:542: SDK_PHASE name=child_retire_end elapsed=13.566258502s remaining=46.433740967s sdk_requests=4148
    graph_continuation_sdk_test.go:648: SDK_PHASE name=boundary_scan_end_finish elapsed=13.62513249s remaining=46.374867119s sdk_requests=4172
    graph_continuation_sdk_test.go:971: RAW_SDK_CHECKPOINT_AUDIT journals=1 entries=25 terminals=1 pending=0 retired_projection_only=1
    graph_continuation_sdk_test.go:973: SDK initial/next/finish=map[finish:1 initial:1 next:1] effects=2 records=25 result=43
    graph_continuation_sdk_test.go:977: SDK_PHASE name=finished elapsed=18.666281207s remaining=41.333718482s sdk_requests=6864
--- PASS: TestNativeGraphContinuationChildPromise (30.13s)
    --- PASS: TestNativeGraphContinuationChildPromise/R1 (11.18s)
    --- PASS: TestNativeGraphContinuationChildPromise/R3Domain (18.95s)
=== RUN   TestNativeGraphContinuationBufferedChildPromise
=== RUN   TestNativeGraphContinuationBufferedChildPromise/R1
    graph_continuation_sdk_test.go:482: SDK_PHASE name=execute_begin_next elapsed=226.978866ms remaining=59.773020634s sdk_requests=166
    graph_continuation_sdk_test.go:484: SDK_PHASE name=execute_end_next elapsed=2.51006992s remaining=57.48992987s sdk_requests=1619
    graph_continuation_sdk_test.go:648: SDK_PHASE name=boundary_scan_end_next elapsed=2.556376949s remaining=57.44362263s sdk_requests=1647
    graph_continuation_sdk_test.go:652: SDK_PHASE name=child_execute_end elapsed=3.657452408s remaining=56.342547181s sdk_requests=2200
    graph_continuation_sdk_test.go:482: SDK_PHASE name=execute_begin_finish elapsed=3.657641536s remaining=56.342358064s sdk_requests=2200
    graph_continuation_sdk_test.go:484: SDK_PHASE name=execute_end_finish elapsed=7.119530831s remaining=52.880468889s sdk_requests=3965
    graph_continuation_sdk_test.go:542: SDK_PHASE name=child_retire_end elapsed=7.147164135s remaining=52.852835574s sdk_requests=3980
    graph_continuation_sdk_test.go:648: SDK_PHASE name=boundary_scan_end_finish elapsed=7.185578867s remaining=52.814420713s sdk_requests=4004
    graph_continuation_sdk_test.go:971: RAW_SDK_CHECKPOINT_AUDIT journals=1 entries=25 terminals=1 pending=0 retired_projection_only=1
    graph_continuation_sdk_test.go:973: SDK initial/next/finish=map[finish:1 initial:1 next:1] effects=2 records=25 result=43
    graph_continuation_sdk_test.go:977: SDK_PHASE name=finished elapsed=11.266080242s remaining=48.733919257s sdk_requests=7056
=== RUN   TestNativeGraphContinuationBufferedChildPromise/R3Domain
    graph_continuation_sdk_test.go:482: SDK_PHASE name=execute_begin_next elapsed=1.779628199s remaining=58.22037135s sdk_requests=166
    graph_continuation_sdk_test.go:484: SDK_PHASE name=execute_end_next elapsed=5.521729958s remaining=54.478269521s sdk_requests=1610
    graph_continuation_sdk_test.go:648: SDK_PHASE name=boundary_scan_end_next elapsed=5.604587487s remaining=54.395412062s sdk_requests=1638
    graph_continuation_sdk_test.go:652: SDK_PHASE name=child_execute_end elapsed=7.38546729s remaining=52.61453239s sdk_requests=2177
    graph_continuation_sdk_test.go:482: SDK_PHASE name=execute_begin_finish elapsed=7.385580402s remaining=52.614419328s sdk_requests=2177
    graph_continuation_sdk_test.go:484: SDK_PHASE name=execute_end_finish elapsed=12.461832716s remaining=47.538166903s sdk_requests=3942
    graph_continuation_sdk_test.go:542: SDK_PHASE name=child_retire_end elapsed=12.50201357s remaining=47.49798606s sdk_requests=3957
    graph_continuation_sdk_test.go:648: SDK_PHASE name=boundary_scan_end_finish elapsed=12.568883114s remaining=47.431116466s sdk_requests=3981
    graph_continuation_sdk_test.go:971: RAW_SDK_CHECKPOINT_AUDIT journals=1 entries=25 terminals=1 pending=0 retired_projection_only=1
    graph_continuation_sdk_test.go:973: SDK initial/next/finish=map[finish:1 initial:1 next:1] effects=2 records=25 result=43
    graph_continuation_sdk_test.go:977: SDK_PHASE name=finished elapsed=20.820772163s remaining=39.179227476s sdk_requests=7023
--- PASS: TestNativeGraphContinuationBufferedChildPromise (32.45s)
    --- PASS: TestNativeGraphContinuationBufferedChildPromise/R1 (11.30s)
    --- PASS: TestNativeGraphContinuationBufferedChildPromise/R3Domain (21.15s)
PASS
ok  	js-wf/worker	83.780s
=== RUN   TestRawGraphJournalGenerationsOutcomesAndArchive
=== RUN   TestRawGraphJournalGenerationsOutcomesAndArchive/json/archivefalse
=== RUN   TestRawGraphJournalGenerationsOutcomesAndArchive/json/archivetrue
=== RUN   TestRawGraphJournalGenerationsOutcomesAndArchive/protobuf-v1/archivefalse
=== RUN   TestRawGraphJournalGenerationsOutcomesAndArchive/protobuf-v1/archivetrue
=== RUN   TestRawGraphJournalGenerationsOutcomesAndArchive/envelope-generation
=== RUN   TestRawGraphJournalGenerationsOutcomesAndArchive/entry-edge-missing
=== RUN   TestRawGraphJournalGenerationsOutcomesAndArchive/index-gap
=== RUN   TestRawGraphJournalGenerationsOutcomesAndArchive/epoch-decrease
=== RUN   TestRawGraphJournalGenerationsOutcomesAndArchive/epoch-two-workers
=== RUN   TestRawGraphJournalGenerationsOutcomesAndArchive/completion-without-request
=== RUN   TestRawGraphJournalGenerationsOutcomesAndArchive/overlapping-requests
=== RUN   TestRawGraphJournalGenerationsOutcomesAndArchive/entry-after-terminal
=== RUN   TestRawGraphJournalGenerationsOutcomesAndArchive/terminal-generation
=== RUN   TestRawGraphJournalGenerationsOutcomesAndArchive/result-unowned
=== RUN   TestRawGraphJournalGenerationsOutcomesAndArchive/source-sequence
=== RUN   TestRawGraphJournalGenerationsOutcomesAndArchive/source-missing
=== RUN   TestRawGraphJournalGenerationsOutcomesAndArchive/projection-differs
=== RUN   TestRawGraphJournalGenerationsOutcomesAndArchive/projection-missing
=== RUN   TestRawGraphJournalGenerationsOutcomesAndArchive/input-source-token
=== RUN   TestRawGraphJournalGenerationsOutcomesAndArchive/archive-count
--- PASS: TestRawGraphJournalGenerationsOutcomesAndArchive (0.07s)
    --- PASS: TestRawGraphJournalGenerationsOutcomesAndArchive/json/archivefalse (0.00s)
    --- PASS: TestRawGraphJournalGenerationsOutcomesAndArchive/json/archivetrue (0.01s)
    --- PASS: TestRawGraphJournalGenerationsOutcomesAndArchive/protobuf-v1/archivefalse (0.00s)
    --- PASS: TestRawGraphJournalGenerationsOutcomesAndArchive/protobuf-v1/archivetrue (0.01s)
    --- PASS: TestRawGraphJournalGenerationsOutcomesAndArchive/envelope-generation (0.00s)
    --- PASS: TestRawGraphJournalGenerationsOutcomesAndArchive/entry-edge-missing (0.00s)
    --- PASS: TestRawGraphJournalGenerationsOutcomesAndArchive/index-gap (0.00s)
    --- PASS: TestRawGraphJournalGenerationsOutcomesAndArchive/epoch-decrease (0.00s)
    --- PASS: TestRawGraphJournalGenerationsOutcomesAndArchive/epoch-two-workers (0.00s)
    --- PASS: TestRawGraphJournalGenerationsOutcomesAndArchive/completion-without-request (0.00s)
    --- PASS: TestRawGraphJournalGenerationsOutcomesAndArchive/overlapping-requests (0.00s)
    --- PASS: TestRawGraphJournalGenerationsOutcomesAndArchive/entry-after-terminal (0.00s)
    --- PASS: TestRawGraphJournalGenerationsOutcomesAndArchive/terminal-generation (0.00s)
    --- PASS: TestRawGraphJournalGenerationsOutcomesAndArchive/result-unowned (0.00s)
    --- PASS: TestRawGraphJournalGenerationsOutcomesAndArchive/source-sequence (0.00s)
    --- PASS: TestRawGraphJournalGenerationsOutcomesAndArchive/source-missing (0.00s)
    --- PASS: TestRawGraphJournalGenerationsOutcomesAndArchive/projection-differs (0.00s)
    --- PASS: TestRawGraphJournalGenerationsOutcomesAndArchive/projection-missing (0.00s)
    --- PASS: TestRawGraphJournalGenerationsOutcomesAndArchive/input-source-token (0.01s)
    --- PASS: TestRawGraphJournalGenerationsOutcomesAndArchive/archive-count (0.01s)
=== RUN   TestRawGraphCheckpointPointerAndFrameBindings
=== RUN   TestRawGraphCheckpointPointerAndFrameBindings/pointer-generation
=== RUN   TestRawGraphCheckpointPointerAndFrameBindings/pointer-sequence
=== RUN   TestRawGraphCheckpointPointerAndFrameBindings/pointer-request
=== RUN   TestRawGraphCheckpointPointerAndFrameBindings/pointer-position
=== RUN   TestRawGraphCheckpointPointerAndFrameBindings/pointer-object
=== RUN   TestRawGraphCheckpointPointerAndFrameBindings/completion-result
=== RUN   TestRawGraphCheckpointPointerAndFrameBindings/request-kind
=== RUN   TestRawGraphCheckpointPointerAndFrameBindings/frame-unowned
=== RUN   TestRawGraphCheckpointPointerAndFrameBindings/frame-generation
=== RUN   TestRawGraphCheckpointPointerAndFrameBindings/frame-anchor
=== RUN   TestRawGraphCheckpointPointerAndFrameBindings/frame-stage
=== RUN   TestRawGraphCheckpointPointerAndFrameBindings/frame-position
=== RUN   TestRawGraphCheckpointPointerAndFrameBindings/frame-version
=== RUN   TestRawGraphCheckpointPointerAndFrameBindings/frame-locals
--- PASS: TestRawGraphCheckpointPointerAndFrameBindings (0.08s)
    --- PASS: TestRawGraphCheckpointPointerAndFrameBindings/pointer-generation (0.00s)
    --- PASS: TestRawGraphCheckpointPointerAndFrameBindings/pointer-sequence (0.01s)
    --- PASS: TestRawGraphCheckpointPointerAndFrameBindings/pointer-request (0.00s)
    --- PASS: TestRawGraphCheckpointPointerAndFrameBindings/pointer-position (0.00s)
    --- PASS: TestRawGraphCheckpointPointerAndFrameBindings/pointer-object (0.00s)
    --- PASS: TestRawGraphCheckpointPointerAndFrameBindings/completion-result (0.00s)
    --- PASS: TestRawGraphCheckpointPointerAndFrameBindings/request-kind (0.01s)
    --- PASS: TestRawGraphCheckpointPointerAndFrameBindings/frame-unowned (0.02s)
    --- PASS: TestRawGraphCheckpointPointerAndFrameBindings/frame-generation (0.00s)
    --- PASS: TestRawGraphCheckpointPointerAndFrameBindings/frame-anchor (0.00s)
    --- PASS: TestRawGraphCheckpointPointerAndFrameBindings/frame-stage (0.00s)
    --- PASS: TestRawGraphCheckpointPointerAndFrameBindings/frame-position (0.00s)
    --- PASS: TestRawGraphCheckpointPointerAndFrameBindings/frame-version (0.00s)
    --- PASS: TestRawGraphCheckpointPointerAndFrameBindings/frame-locals (0.00s)
=== RUN   TestRawGraphCheckpointMaterializedState
=== RUN   TestRawGraphCheckpointMaterializedState/json/valid
=== RUN   TestRawGraphCheckpointMaterializedState/protobuf-v1/valid
=== RUN   TestRawGraphCheckpointMaterializedState/state-name
=== RUN   TestRawGraphCheckpointMaterializedState/promise-name
=== RUN   TestRawGraphCheckpointMaterializedState/promise-nonobject
=== RUN   TestRawGraphCheckpointMaterializedState/promise-unknown-field
=== RUN   TestRawGraphCheckpointMaterializedState/promise-hash-no-ref
=== RUN   TestRawGraphCheckpointMaterializedState/promise-ref-bad-hash
=== RUN   TestRawGraphCheckpointMaterializedState/promise-inline-and-ref
=== RUN   TestRawGraphCheckpointMaterializedState/consumed-zero
=== RUN   TestRawGraphCheckpointMaterializedState/consumed-duplicate
=== RUN   TestRawGraphCheckpointMaterializedState/consumed-unsorted
=== RUN   TestRawGraphCheckpointMaterializedState/pending-zero
=== RUN   TestRawGraphCheckpointMaterializedState/pending-beyond-cursor
=== RUN   TestRawGraphCheckpointMaterializedState/pending-consumed
=== RUN   TestRawGraphCheckpointMaterializedState/pending-name
=== RUN   TestRawGraphCheckpointMaterializedState/pending-duplicate
=== RUN   TestRawGraphCheckpointMaterializedState/timer-odd
=== RUN   TestRawGraphCheckpointMaterializedState/timer-beyond-position
=== RUN   TestRawGraphCheckpointMaterializedState/timer-duplicate
=== RUN   TestRawGraphCheckpointMaterializedState/panic-prefix-mismatch
--- PASS: TestRawGraphCheckpointMaterializedState (0.12s)
    --- PASS: TestRawGraphCheckpointMaterializedState/json/valid (0.00s)
    --- PASS: TestRawGraphCheckpointMaterializedState/protobuf-v1/valid (0.00s)
    --- PASS: TestRawGraphCheckpointMaterializedState/state-name (0.01s)
    --- PASS: TestRawGraphCheckpointMaterializedState/promise-name (0.01s)
    --- PASS: TestRawGraphCheckpointMaterializedState/promise-nonobject (0.01s)
    --- PASS: TestRawGraphCheckpointMaterializedState/promise-unknown-field (0.00s)
    --- PASS: TestRawGraphCheckpointMaterializedState/promise-hash-no-ref (0.00s)
    --- PASS: TestRawGraphCheckpointMaterializedState/promise-ref-bad-hash (0.00s)
    --- PASS: TestRawGraphCheckpointMaterializedState/promise-inline-and-ref (0.00s)
    --- PASS: TestRawGraphCheckpointMaterializedState/consumed-zero (0.00s)
    --- PASS: TestRawGraphCheckpointMaterializedState/consumed-duplicate (0.01s)
    --- PASS: TestRawGraphCheckpointMaterializedState/consumed-unsorted (0.00s)
    --- PASS: TestRawGraphCheckpointMaterializedState/pending-zero (0.01s)
    --- PASS: TestRawGraphCheckpointMaterializedState/pending-beyond-cursor (0.01s)
    --- PASS: TestRawGraphCheckpointMaterializedState/pending-consumed (0.01s)
    --- PASS: TestRawGraphCheckpointMaterializedState/pending-name (0.01s)
    --- PASS: TestRawGraphCheckpointMaterializedState/pending-duplicate (0.01s)
    --- PASS: TestRawGraphCheckpointMaterializedState/timer-odd (0.00s)
    --- PASS: TestRawGraphCheckpointMaterializedState/timer-beyond-position (0.00s)
    --- PASS: TestRawGraphCheckpointMaterializedState/timer-duplicate (0.00s)
    --- PASS: TestRawGraphCheckpointMaterializedState/panic-prefix-mismatch (0.00s)
=== RUN   TestRawGraphCheckpointPromiseOwnership
=== RUN   TestRawGraphCheckpointPromiseOwnership/json/valid
=== RUN   TestRawGraphCheckpointPromiseOwnership/protobuf-v1/valid
=== RUN   TestRawGraphCheckpointPromiseOwnership/promise-owned-missing
=== RUN   TestRawGraphCheckpointPromiseOwnership/promise-owned-wrong
=== RUN   TestRawGraphCheckpointPromiseOwnership/promise-owned-conflict
--- PASS: TestRawGraphCheckpointPromiseOwnership (0.02s)
    --- PASS: TestRawGraphCheckpointPromiseOwnership/json/valid (0.00s)
    --- PASS: TestRawGraphCheckpointPromiseOwnership/protobuf-v1/valid (0.00s)
    --- PASS: TestRawGraphCheckpointPromiseOwnership/promise-owned-missing (0.00s)
    --- PASS: TestRawGraphCheckpointPromiseOwnership/promise-owned-wrong (0.00s)
    --- PASS: TestRawGraphCheckpointPromiseOwnership/promise-owned-conflict (0.01s)
=== RUN   TestRawGraphCheckpointMetadataBindings
=== RUN   TestRawGraphCheckpointMetadataBindings/json/valid
=== RUN   TestRawGraphCheckpointMetadataBindings/protobuf-v1/valid
=== RUN   TestRawGraphCheckpointMetadataBindings/metadata-generation
=== RUN   TestRawGraphCheckpointMetadataBindings/metadata-anchor
=== RUN   TestRawGraphCheckpointMetadataBindings/metadata-frame
=== RUN   TestRawGraphCheckpointMetadataBindings/metadata-version
=== RUN   TestRawGraphCheckpointMetadataBindings/metadata-child
=== RUN   TestRawGraphCheckpointMetadataBindings/metadata-signal-prefix
=== RUN   TestRawGraphCheckpointMetadataBindings/metadata-buffered-child
=== RUN   TestRawGraphCheckpointMetadataBindings/metadata-half-pointer
=== RUN   TestRawGraphCheckpointMetadataBindings/metadata-wrong-edge
=== RUN   TestRawGraphCheckpointMetadataBindings/metadata-unowned
--- PASS: TestRawGraphCheckpointMetadataBindings (0.06s)
    --- PASS: TestRawGraphCheckpointMetadataBindings/json/valid (0.00s)
    --- PASS: TestRawGraphCheckpointMetadataBindings/protobuf-v1/valid (0.00s)
    --- PASS: TestRawGraphCheckpointMetadataBindings/metadata-generation (0.00s)
    --- PASS: TestRawGraphCheckpointMetadataBindings/metadata-anchor (0.00s)
    --- PASS: TestRawGraphCheckpointMetadataBindings/metadata-frame (0.01s)
    --- PASS: TestRawGraphCheckpointMetadataBindings/metadata-version (0.00s)
    --- PASS: TestRawGraphCheckpointMetadataBindings/metadata-child (0.00s)
    --- PASS: TestRawGraphCheckpointMetadataBindings/metadata-signal-prefix (0.01s)
    --- PASS: TestRawGraphCheckpointMetadataBindings/metadata-buffered-child (0.00s)
    --- PASS: TestRawGraphCheckpointMetadataBindings/metadata-half-pointer (0.00s)
    --- PASS: TestRawGraphCheckpointMetadataBindings/metadata-wrong-edge (0.00s)
    --- PASS: TestRawGraphCheckpointMetadataBindings/metadata-unowned (0.01s)
PASS
ok  	js-wf/integrity	1.389s
