=== RUN   TestMixedMatrixServerPartitionEveryThirtySeconds
    mixed_matrix_leader_test.go:150: experimental partition server binary=/tmp/js-wf-candidate-partition200-v2-20261007/campaign/seed-003/partition-server.bin
    mixed_matrix_leader_test.go:150: retained matrix process stores=/tmp/js-wf-candidate-partition200-v2-20261007/campaign/seed-003/originals/TestMixedMatrixServerPartitionEveryThirtySeconds
    mixed_matrix_leader_test.go:150: mixed batch=1 elapsed=5.628191585s
    mixed_matrix_leader_test.go:150: mixed batch=2 elapsed=10.249467334s
    mixed_matrix_leader_test.go:150: mixed batch=3 elapsed=14.287582961s
    mixed_matrix_leader_test.go:150: mixed batch=4 elapsed=18.30852567s
    mixed_matrix_leader_test.go:150: mixed batch=5 elapsed=22.23959958s
    mixed_matrix_leader_test.go:150: mixed batch=6 elapsed=26.2554711s
    mixed_matrix_leader_test.go:150: mixed batch=7 elapsed=37.385528885s
    mixed_matrix_leader_test.go:664: server_partition fault node=2 nodes=[] worker= pid=0 active_leases=0 routes=[4 4 0] majority_seq=1 consumer= pending=0 ack_pending=0 scheduled=30s killed=30.000152938s healed=46.679439722s
    mixed_matrix_leader_test.go:150: mixed batch=8 elapsed=49.112270517s
    mixed_matrix_leader_test.go:150: mixed batch=9 elapsed=56.653898062s
    mixed_matrix_leader_test.go:150: mixed batch=10 elapsed=1m2.286859603s
    mixed_matrix_leader_test.go:688: checkpoint audit batch=10 invocation_cutoff=280 started elapsed=1m2.286932664s
    mixed_matrix_leader_test.go:700: checkpoint audit batch=10 complete report={Invocations:280 Journals:280 Entries:3092 Terminal:280} elapsed=1m2.971250887s
    mixed_matrix_leader_test.go:150: mixed batch=11 elapsed=1m8.000167979s
    mixed_matrix_leader_test.go:664: server_partition fault node=2 nodes=[] worker= pid=0 active_leases=0 routes=[4 4 0] majority_seq=2 consumer= pending=0 ack_pending=0 scheduled=1m0s killed=1m0.000332777s healed=1m19.357100405s
    mixed_matrix_leader_test.go:150: mixed batch=12 elapsed=1m20.736639421s
    mixed_matrix_leader_test.go:150: mixed batch=13 elapsed=1m27.146304807s
    mixed_matrix_leader_test.go:150: mixed batch=14 elapsed=1m32.37155653s
    mixed_matrix_leader_test.go:150: mixed batch=15 elapsed=1m37.899319025s
    mixed_matrix_leader_test.go:664: server_partition fault node=2 nodes=[] worker= pid=0 active_leases=0 routes=[4 4 0] majority_seq=3 consumer= pending=0 ack_pending=0 scheduled=1m30s killed=1m30.000769538s healed=1m47.845735634s
    mixed_matrix_leader_test.go:150: mixed batch=16 elapsed=1m54.61595717s
    mixed_matrix_leader_test.go:150: mixed batch=17 elapsed=2m0.45400475s
    mixed_matrix_leader_test.go:150: mixed batch=18 elapsed=2m6.110643639s
    mixed_matrix_leader_test.go:150: mixed batch=19 elapsed=2m18.205430195s
    mixed_matrix_leader_test.go:664: server_partition fault node=2 nodes=[] worker= pid=0 active_leases=0 routes=[4 4 0] majority_seq=4 consumer= pending=0 ack_pending=0 scheduled=2m0s killed=2m0.000431191s healed=2m19.392763818s
    mixed_matrix_leader_test.go:150: mixed batch=20 elapsed=2m26.335173926s
    mixed_matrix_leader_test.go:688: checkpoint audit batch=20 invocation_cutoff=560 started elapsed=2m26.335753338s
    mixed_matrix_leader_test.go:700: checkpoint audit batch=20 complete report={Invocations:560 Journals:560 Entries:6184 Terminal:560} elapsed=2m27.92939961s
    mixed_matrix_leader_test.go:150: mixed batch=21 elapsed=2m32.384888019s
    mixed_matrix_leader_test.go:150: mixed batch=22 elapsed=2m38.195627778s
    mixed_matrix_leader_test.go:664: server_partition fault node=2 nodes=[] worker= pid=0 active_leases=0 routes=[4 4 0] majority_seq=5 consumer= pending=0 ack_pending=0 scheduled=2m30s killed=2m30.00008395s healed=2m48.916545803s
    mixed_matrix_leader_test.go:150: mixed batch=23 elapsed=2m54.940107165s
    mixed_matrix_leader_test.go:150: mixed batch=24 elapsed=3m1.166865768s
    mixed_matrix_leader_test.go:150: mixed batch=25 elapsed=3m5.211156375s
    mixed_matrix_leader_test.go:150: mixed batch=26 elapsed=3m9.323525939s
    mixed_matrix_leader_test.go:664: server_partition fault node=2 nodes=[] worker= pid=0 active_leases=0 routes=[4 4 0] majority_seq=6 consumer= pending=0 ack_pending=0 scheduled=3m0s killed=3m0.000855191s healed=3m19.111263812s
    mixed_matrix_leader_test.go:150: mixed batch=27 elapsed=3m25.836920838s
    mixed_matrix_leader_test.go:150: mixed batch=28 elapsed=3m29.88034165s
    mixed_matrix_leader_test.go:150: mixed batch=29 elapsed=3m34.998494009s
    mixed_matrix_leader_test.go:664: server_partition fault node=2 nodes=[] worker= pid=0 active_leases=0 routes=[4 4 0] majority_seq=7 consumer= pending=0 ack_pending=0 scheduled=3m30s killed=3m30.000623083s healed=3m49.196615436s
    mixed_matrix_leader_test.go:150: mixed batch=30 elapsed=3m53.77374064s
    mixed_matrix_leader_test.go:688: checkpoint audit batch=30 invocation_cutoff=840 started elapsed=3m53.774186238s
    mixed_matrix_leader_test.go:700: checkpoint audit batch=30 complete report={Invocations:840 Journals:840 Entries:9281 Terminal:840} elapsed=3m56.419952871s
    mixed_matrix_leader_test.go:150: mixed batch=31 elapsed=3m59.825125994s
    mixed_matrix_leader_test.go:150: mixed batch=32 elapsed=4m5.440911046s
    mixed_matrix_leader_test.go:150: mixed batch=33 elapsed=4m17.176815177s
    mixed_matrix_leader_test.go:664: server_partition fault node=2 nodes=[] worker= pid=0 active_leases=0 routes=[4 4 0] majority_seq=8 consumer= pending=0 ack_pending=0 scheduled=4m0s killed=4m0.000086499s healed=4m18.859985838s
    mixed_matrix_leader_test.go:150: mixed batch=34 elapsed=4m24.462464787s
    mixed_matrix_leader_test.go:150: mixed batch=35 elapsed=4m30.285295829s
    mixed_matrix_leader_test.go:150: mixed batch=36 elapsed=4m34.310426572s
    mixed_matrix_leader_test.go:664: server_partition fault node=2 nodes=[] worker= pid=0 active_leases=0 routes=[4 4 0] majority_seq=9 consumer= pending=0 ack_pending=0 scheduled=4m30s killed=4m30.000870653s healed=4m49.159069881s
    mixed_matrix_leader_test.go:150: mixed batch=37 elapsed=4m49.270940416s
    mixed_matrix_leader_test.go:150: mixed batch=38 elapsed=4m58.688969256s
    mixed_matrix_leader_test.go:150: mixed batch=39 elapsed=5m4.101978333s
    mixed_matrix_leader_test.go:150: mixed batch=40 elapsed=5m9.420864047s
    mixed_matrix_leader_test.go:688: checkpoint audit batch=40 invocation_cutoff=1120 started elapsed=5m9.420929436s
    mixed_matrix_leader_test.go:664: server_partition fault node=2 nodes=[] worker= pid=0 active_leases=0 routes=[4 4 0] majority_seq=10 consumer= pending=0 ack_pending=0 scheduled=5m0s killed=5m0.001688101s healed=5m19.051208596s
    mixed_matrix_leader_test.go:700: checkpoint audit batch=40 complete report={Invocations:1120 Journals:1120 Entries:12382 Terminal:1120} elapsed=5m21.848040238s
    mixed_matrix_leader_test.go:150: mixed batch=41 elapsed=5m26.34486662s
    mixed_matrix_leader_test.go:150: mixed batch=42 elapsed=5m32.011996832s
    mixed_matrix_leader_test.go:150: mixed batch=43 elapsed=5m37.850234944s
    mixed_matrix_leader_test.go:664: server_partition fault node=2 nodes=[] worker= pid=0 active_leases=0 routes=[4 4 0] majority_seq=11 consumer= pending=0 ack_pending=0 scheduled=5m30s killed=5m30.00079537s healed=5m48.539365921s
    mixed_matrix_leader_test.go:150: mixed batch=44 elapsed=5m54.885013774s
    mixed_matrix_leader_test.go:150: mixed batch=45 elapsed=6m1.029002263s
    mixed_matrix_leader_test.go:150: mixed batch=46 elapsed=6m6.474692925s
    mixed_matrix_leader_test.go:664: server_partition fault node=2 nodes=[] worker= pid=0 active_leases=0 routes=[4 4 0] majority_seq=12 consumer= pending=0 ack_pending=0 scheduled=6m0s killed=6m0.000064675s healed=6m18.804801364s
    mixed_matrix_leader_test.go:150: mixed batch=47 elapsed=6m23.421303494s
    mixed_matrix_leader_test.go:150: mixed batch=48 elapsed=6m28.55975877s
    mixed_matrix_leader_test.go:150: mixed batch=49 elapsed=6m34.198593394s
    mixed_matrix_leader_test.go:150: mixed batch=50 elapsed=6m39.73224338s
    mixed_matrix_leader_test.go:688: checkpoint audit batch=50 invocation_cutoff=1400 started elapsed=6m39.732409423s
    mixed_matrix_leader_test.go:664: server_partition fault node=2 nodes=[] worker= pid=0 active_leases=0 routes=[4 4 0] majority_seq=13 consumer= pending=0 ack_pending=0 scheduled=6m30s killed=6m30.000013384s healed=6m48.444129952s
    mixed_matrix_leader_test.go:700: checkpoint audit batch=50 complete report={Invocations:1400 Journals:1400 Entries:15478 Terminal:1400} elapsed=6m52.264162035s
    mixed_matrix_leader_test.go:150: mixed batch=51 elapsed=6m56.773348615s
    mixed_matrix_leader_test.go:150: mixed batch=52 elapsed=7m5.106161879s
    mixed_matrix_leader_test.go:664: server_partition fault node=2 nodes=[] worker= pid=0 active_leases=0 routes=[4 4 0] majority_seq=14 consumer= pending=0 ack_pending=0 scheduled=7m0s killed=7m0.000537315s healed=7m16.506924349s
    mixed_matrix_leader_test.go:150: mixed batch=53 elapsed=7m23.52348381s
    mixed_matrix_leader_test.go:150: mixed batch=54 elapsed=7m27.549561901s
    mixed_matrix_leader_test.go:150: mixed batch=55 elapsed=7m33.379890066s
    mixed_matrix_leader_test.go:150: mixed batch=56 elapsed=7m39.014468084s
    mixed_matrix_leader_test.go:664: server_partition fault node=2 nodes=[] worker= pid=0 active_leases=0 routes=[4 4 0] majority_seq=15 consumer= pending=0 ack_pending=0 scheduled=7m30s killed=7m30.001069752s healed=7m48.188056759s
    mixed_matrix_leader_test.go:150: mixed batch=57 elapsed=7m54.963455145s
    mixed_matrix_leader_test.go:150: mixed batch=58 elapsed=8m0.127053139s
    mixed_matrix_leader_test.go:150: mixed batch=59 elapsed=8m5.744229674s
    mixed_matrix_leader_test.go:664: server_partition fault node=2 nodes=[] worker= pid=0 active_leases=0 routes=[4 4 0] majority_seq=16 consumer= pending=0 ack_pending=0 scheduled=8m0s killed=8m0.000231635s healed=8m16.934481779s
    mixed_matrix_leader_test.go:150: mixed batch=60 elapsed=8m26.171791985s
    mixed_matrix_leader_test.go:688: checkpoint audit batch=60 invocation_cutoff=1680 started elapsed=8m26.171864305s
    mixed_matrix_leader_test.go:700: checkpoint audit batch=60 complete report={Invocations:1680 Journals:1680 Entries:18576 Terminal:1680} elapsed=8m28.971810221s
    mixed_matrix_leader_test.go:150: mixed batch=61 elapsed=8m31.891882128s
    mixed_matrix_leader_test.go:150: mixed batch=62 elapsed=8m37.31713773s
    mixed_matrix_leader_test.go:664: server_partition fault node=2 nodes=[] worker= pid=0 active_leases=0 routes=[4 4 0] majority_seq=17 consumer= pending=0 ack_pending=0 scheduled=8m30s killed=8m30.000179932s healed=8m46.869434125s
    mixed_matrix_leader_test.go:150: mixed batch=63 elapsed=8m54.441148961s
    mixed_matrix_leader_test.go:150: mixed batch=64 elapsed=9m0.877246379s
    mixed_matrix_leader_test.go:150: mixed batch=65 elapsed=9m6.791655678s
    mixed_matrix_leader_test.go:664: server_partition fault node=2 nodes=[] worker= pid=0 active_leases=0 routes=[4 4 0] majority_seq=18 consumer= pending=0 ack_pending=0 scheduled=9m0s killed=9m0.000581667s healed=9m19.150397565s
    mixed_matrix_leader_test.go:150: mixed batch=66 elapsed=9m23.714612236s
    mixed_matrix_leader_test.go:150: mixed batch=67 elapsed=9m28.342372229s
    mixed_matrix_leader_test.go:150: mixed batch=68 elapsed=9m32.470350673s
    mixed_matrix_leader_test.go:150: mixed batch=69 elapsed=9m36.499171953s
    mixed_matrix_leader_test.go:664: server_partition fault node=2 nodes=[] worker= pid=0 active_leases=0 routes=[4 4 0] majority_seq=19 consumer= pending=0 ack_pending=0 scheduled=9m30s killed=9m30.000903827s healed=9m48.383507468s
    mixed_matrix_leader_test.go:150: mixed batch=70 elapsed=9m48.541429111s
    mixed_matrix_leader_test.go:688: checkpoint audit batch=70 invocation_cutoff=1960 started elapsed=9m48.541600191s
    mixed_matrix_leader_test.go:700: checkpoint audit batch=70 complete report={Invocations:1960 Journals:1960 Entries:21669 Terminal:1960} elapsed=9m58.519732967s
    mixed_matrix_leader_test.go:150: mixed batch=71 elapsed=10m0.760782457s
    mixed_matrix_leader_test.go:150: MATRIX_RETAINED row=server_partition report={Invocations:1988 Journals:1988 Entries:21979 Terminal:1988} expected_invocations=1988
    mixed_matrix_leader_test.go:150: MATRIX_RESULT row=server_partition seed=3 duration=10m0s release_duration=true batches=71 invocations=1988 faults=19 terminal_p99=12.22988384s
    mixed_matrix_leader_test.go:150: MATRIX_CELL type=matrixshort invocations=284 terminal_p99=5.846383993s
    mixed_matrix_leader_test.go:150: MATRIX_PROGRESS type=matrixshort enabled_events=284 progress_p99=5.832306647s progress_max=10.039361672s above_30s=0
    mixed_matrix_leader_test.go:150: MATRIX_CELL type=matrixtimer invocations=213 terminal_p99=12.303773105s
    mixed_matrix_leader_test.go:150: MATRIX_PROGRESS type=matrixtimer enabled_events=1917 progress_p99=12.412843156s progress_max=16.371864162s above_30s=0
    mixed_matrix_leader_test.go:150: MATRIX_CELL type=matrixsignal invocations=142 terminal_p99=16.248443638s
    mixed_matrix_leader_test.go:150: MATRIX_PROGRESS type=matrixsignal enabled_events=1278 progress_p99=3.002874768s progress_max=4.221707873s above_30s=0
    mixed_matrix_leader_test.go:150: MATRIX_CELL type=matrixfanout invocations=71 terminal_p99=15.261994347s
    mixed_matrix_leader_test.go:150: MATRIX_PROGRESS type=matrixfanout enabled_events=923 progress_p99=6.460470745s progress_max=10.568564324s above_30s=0
    mixed_matrix_leader_test.go:150: MATRIX_CELL type=matrixchild invocations=426 terminal_p99=13.064282531s
    mixed_matrix_leader_test.go:150: MATRIX_PROGRESS type=matrixchild enabled_events=2130 progress_p99=4.239231384s progress_max=13.068849943s above_30s=0
    mixed_matrix_leader_test.go:150: MATRIX_CELL type=matrixgrandchild invocations=852 terminal_p99=950.406378ms
    mixed_matrix_leader_test.go:150: MATRIX_PROGRESS type=matrixgrandchild enabled_events=852 progress_p99=921.890189ms progress_max=13.150976558s above_30s=0
--- PASS: TestMixedMatrixServerPartitionEveryThirtySeconds (703.76s)
PASS
