=== RUN   TestGraphReplaceReaderCurrentForestsAndOldHandleRevocation
=== RUN   TestGraphReplaceReaderCurrentForestsAndOldHandleRevocation/unchanged
=== RUN   TestGraphReplaceReaderCurrentForestsAndOldHandleRevocation/named-streams
=== RUN   TestGraphReplaceReaderCurrentForestsAndOldHandleRevocation/full-slots
=== RUN   TestGraphReplaceReaderCurrentForestsAndOldHandleRevocation/lost-ack
--- PASS: TestGraphReplaceReaderCurrentForestsAndOldHandleRevocation (0.03s)
    --- PASS: TestGraphReplaceReaderCurrentForestsAndOldHandleRevocation/unchanged (0.00s)
    --- PASS: TestGraphReplaceReaderCurrentForestsAndOldHandleRevocation/named-streams (0.01s)
    --- PASS: TestGraphReplaceReaderCurrentForestsAndOldHandleRevocation/full-slots (0.01s)
    --- PASS: TestGraphReplaceReaderCurrentForestsAndOldHandleRevocation/lost-ack (0.00s)
=== RUN   TestGraphReplaceReaderFailClosed
=== RUN   TestGraphReplaceReaderFailClosed/expired
=== RUN   TestGraphReplaceReaderFailClosed/expiry-during-read
=== RUN   TestGraphReplaceReaderFailClosed/shorter-expiry
=== RUN   TestGraphReplaceReaderFailClosed/reused-id
=== RUN   TestGraphReplaceReaderFailClosed/released
=== RUN   TestGraphReplaceReaderFailClosed/unknown-read
=== RUN   TestGraphReplaceReaderFailClosed/lost-ack-unknown-witness
=== RUN   TestGraphReplaceReaderFailClosed/lost-ack-advanced-head
=== RUN   TestGraphReplaceReaderFailClosed/conflict
--- PASS: TestGraphReplaceReaderFailClosed (0.06s)
    --- PASS: TestGraphReplaceReaderFailClosed/expired (0.04s)
    --- PASS: TestGraphReplaceReaderFailClosed/expiry-during-read (0.00s)
    --- PASS: TestGraphReplaceReaderFailClosed/shorter-expiry (0.00s)
    --- PASS: TestGraphReplaceReaderFailClosed/reused-id (0.00s)
    --- PASS: TestGraphReplaceReaderFailClosed/released (0.00s)
    --- PASS: TestGraphReplaceReaderFailClosed/unknown-read (0.00s)
    --- PASS: TestGraphReplaceReaderFailClosed/lost-ack-unknown-witness (0.00s)
    --- PASS: TestGraphReplaceReaderFailClosed/lost-ack-advanced-head (0.00s)
    --- PASS: TestGraphReplaceReaderFailClosed/conflict (0.00s)
PASS
ok  	js-wf/internal/graphpublication	1.119s
=== RUN   TestGraphCheckpointArchiveLogicalHistoryAndCollection
=== RUN   TestGraphCheckpointArchiveLogicalHistoryAndCollection/1
=== RUN   TestGraphCheckpointArchiveLogicalHistoryAndCollection/2
=== RUN   TestGraphCheckpointArchiveLogicalHistoryAndCollection/3
=== RUN   TestGraphCheckpointArchiveLogicalHistoryAndCollection/4
=== RUN   TestGraphCheckpointArchiveLogicalHistoryAndCollection/5
=== RUN   TestGraphCheckpointArchiveLogicalHistoryAndCollection/6
=== RUN   TestGraphCheckpointArchiveLogicalHistoryAndCollection/7
=== RUN   TestGraphCheckpointArchiveLogicalHistoryAndCollection/8
=== RUN   TestGraphCheckpointArchiveLogicalHistoryAndCollection/9
=== RUN   TestGraphCheckpointArchiveLogicalHistoryAndCollection/10
=== RUN   TestGraphCheckpointArchiveLogicalHistoryAndCollection/11
=== RUN   TestGraphCheckpointArchiveLogicalHistoryAndCollection/12
=== RUN   TestGraphCheckpointArchiveLogicalHistoryAndCollection/13
=== RUN   TestGraphCheckpointArchiveLogicalHistoryAndCollection/14
=== RUN   TestGraphCheckpointArchiveLogicalHistoryAndCollection/15
=== RUN   TestGraphCheckpointArchiveLogicalHistoryAndCollection/16
--- PASS: TestGraphCheckpointArchiveLogicalHistoryAndCollection (43.61s)
    --- PASS: TestGraphCheckpointArchiveLogicalHistoryAndCollection/1 (1.39s)
    --- PASS: TestGraphCheckpointArchiveLogicalHistoryAndCollection/2 (1.60s)
    --- PASS: TestGraphCheckpointArchiveLogicalHistoryAndCollection/3 (1.49s)
    --- PASS: TestGraphCheckpointArchiveLogicalHistoryAndCollection/4 (2.01s)
    --- PASS: TestGraphCheckpointArchiveLogicalHistoryAndCollection/5 (2.70s)
    --- PASS: TestGraphCheckpointArchiveLogicalHistoryAndCollection/6 (2.80s)
    --- PASS: TestGraphCheckpointArchiveLogicalHistoryAndCollection/7 (2.71s)
    --- PASS: TestGraphCheckpointArchiveLogicalHistoryAndCollection/8 (2.30s)
    --- PASS: TestGraphCheckpointArchiveLogicalHistoryAndCollection/9 (2.67s)
    --- PASS: TestGraphCheckpointArchiveLogicalHistoryAndCollection/10 (2.75s)
    --- PASS: TestGraphCheckpointArchiveLogicalHistoryAndCollection/11 (2.98s)
    --- PASS: TestGraphCheckpointArchiveLogicalHistoryAndCollection/12 (3.08s)
    --- PASS: TestGraphCheckpointArchiveLogicalHistoryAndCollection/13 (3.59s)
    --- PASS: TestGraphCheckpointArchiveLogicalHistoryAndCollection/14 (3.64s)
    --- PASS: TestGraphCheckpointArchiveLogicalHistoryAndCollection/15 (3.77s)
    --- PASS: TestGraphCheckpointArchiveLogicalHistoryAndCollection/16 (4.14s)
=== RUN   TestGraphViewRefreshFencesAndOneCAS
=== RUN   TestGraphViewRefreshFencesAndOneCAS/append
=== RUN   TestGraphViewRefreshFencesAndOneCAS/unchanged
=== RUN   TestGraphViewRefreshFencesAndOneCAS/lost-ack
=== RUN   TestGraphViewRefreshFencesAndOneCAS/expired
=== RUN   TestGraphViewRefreshFencesAndOneCAS/expiry-during-observe
=== RUN   TestGraphViewRefreshFencesAndOneCAS/different-id
=== RUN   TestGraphViewRefreshFencesAndOneCAS/retired
=== RUN   TestGraphViewRefreshFencesAndOneCAS/replaced-generation
=== RUN   TestGraphViewRefreshFencesAndOneCAS/unknown-read
=== RUN   TestGraphViewRefreshFencesAndOneCAS/conflict
=== RUN   TestGraphViewRefreshFencesAndOneCAS/unknown-ack
--- PASS: TestGraphViewRefreshFencesAndOneCAS (0.15s)
    --- PASS: TestGraphViewRefreshFencesAndOneCAS/append (0.05s)
    --- PASS: TestGraphViewRefreshFencesAndOneCAS/unchanged (0.01s)
    --- PASS: TestGraphViewRefreshFencesAndOneCAS/lost-ack (0.01s)
    --- PASS: TestGraphViewRefreshFencesAndOneCAS/expired (0.00s)
    --- PASS: TestGraphViewRefreshFencesAndOneCAS/expiry-during-observe (0.00s)
    --- PASS: TestGraphViewRefreshFencesAndOneCAS/different-id (0.00s)
    --- PASS: TestGraphViewRefreshFencesAndOneCAS/retired (0.01s)
    --- PASS: TestGraphViewRefreshFencesAndOneCAS/replaced-generation (0.01s)
    --- PASS: TestGraphViewRefreshFencesAndOneCAS/unknown-read (0.00s)
    --- PASS: TestGraphViewRefreshFencesAndOneCAS/conflict (0.01s)
    --- PASS: TestGraphViewRefreshFencesAndOneCAS/unknown-ack (0.05s)
PASS
ok  	js-wf/journal	44.788s
=== RUN   TestGraphCheckpointMetadataEnvelopeAdmission
--- PASS: TestGraphCheckpointMetadataEnvelopeAdmission (0.00s)
PASS
ok  	js-wf/worker	1.073s
