=== RUN   TestGraphCompactionIntentRenewalScopesAndFences
=== RUN   TestGraphCompactionIntentRenewalScopesAndFences/normal
    compaction_renewal_test.go:195: renewal incomplete true <nil> 21 20
=== RUN   TestGraphCompactionIntentRenewalScopesAndFences/inherited
    compaction_renewal_test.go:195: renewal incomplete true <nil> 18 17
=== RUN   TestGraphCompactionIntentRenewalScopesAndFences/drop
    compaction_renewal_test.go:195: renewal incomplete true <nil> 21 20
=== RUN   TestGraphCompactionIntentRenewalScopesAndFences/lost
    compaction_renewal_test.go:195: renewal incomplete true <nil> 21 20
=== RUN   TestGraphCompactionIntentRenewalScopesAndFences/cancel
    compaction_renewal_test.go:195: renewal incomplete true <nil> 21 20
=== RUN   TestGraphCompactionIntentRenewalScopesAndFences/expired
=== RUN   TestGraphCompactionIntentRenewalScopesAndFences/expiry-read
=== RUN   TestGraphCompactionIntentRenewalScopesAndFences/expiry-after-cas
=== RUN   TestGraphCompactionIntentRenewalScopesAndFences/append
=== RUN   TestGraphCompactionIntentRenewalScopesAndFences/append-during-cas
=== RUN   TestGraphCompactionIntentRenewalScopesAndFences/reader
=== RUN   TestGraphCompactionIntentRenewalScopesAndFences/collector
=== RUN   TestGraphCompactionIntentRenewalScopesAndFences/collector-during-cas
=== RUN   TestGraphCompactionIntentRenewalScopesAndFences/revoked
=== RUN   TestGraphCompactionIntentRenewalScopesAndFences/wrong-expiry
=== RUN   TestGraphCompactionIntentRenewalScopesAndFences/input-ownership
    compaction_renewal_test.go:195: renewal incomplete true <nil> 21 20
=== RUN   TestGraphCompactionIntentRenewalScopesAndFences/result-ownership
    compaction_renewal_test.go:195: renewal incomplete true <nil> 21 20
--- FAIL: TestGraphCompactionIntentRenewalScopesAndFences (0.19s)
    --- FAIL: TestGraphCompactionIntentRenewalScopesAndFences/normal (0.01s)
    --- FAIL: TestGraphCompactionIntentRenewalScopesAndFences/inherited (0.06s)
    --- FAIL: TestGraphCompactionIntentRenewalScopesAndFences/drop (0.00s)
    --- FAIL: TestGraphCompactionIntentRenewalScopesAndFences/lost (0.01s)
    --- FAIL: TestGraphCompactionIntentRenewalScopesAndFences/cancel (0.01s)
    --- PASS: TestGraphCompactionIntentRenewalScopesAndFences/expired (0.00s)
    --- PASS: TestGraphCompactionIntentRenewalScopesAndFences/expiry-read (0.01s)
    --- PASS: TestGraphCompactionIntentRenewalScopesAndFences/expiry-after-cas (0.00s)
    --- PASS: TestGraphCompactionIntentRenewalScopesAndFences/append (0.00s)
    --- PASS: TestGraphCompactionIntentRenewalScopesAndFences/append-during-cas (0.01s)
    --- PASS: TestGraphCompactionIntentRenewalScopesAndFences/reader (0.04s)
    --- PASS: TestGraphCompactionIntentRenewalScopesAndFences/collector (0.01s)
    --- PASS: TestGraphCompactionIntentRenewalScopesAndFences/collector-during-cas (0.01s)
    --- PASS: TestGraphCompactionIntentRenewalScopesAndFences/revoked (0.00s)
    --- PASS: TestGraphCompactionIntentRenewalScopesAndFences/wrong-expiry (0.00s)
    --- FAIL: TestGraphCompactionIntentRenewalScopesAndFences/input-ownership (0.01s)
    --- FAIL: TestGraphCompactionIntentRenewalScopesAndFences/result-ownership (0.01s)
FAIL
FAIL	js-wf/internal/graphpublication	0.195s
FAIL
