=== RUN   TestLiveWorkflowsRetainCohortsAndSpillInputs
--- PASS: TestLiveWorkflowsRetainCohortsAndSpillInputs (20.07s)
=== RUN   TestOfflineLiveVerifierRejectsIncompleteAndChangedEvidence
=== RUN   TestOfflineLiveVerifierRejectsIncompleteAndChangedEvidence/unfinished
=== RUN   TestOfflineLiveVerifierRejectsIncompleteAndChangedEvidence/missing_cohort
=== RUN   TestOfflineLiveVerifierRejectsIncompleteAndChangedEvidence/prior_counts_omitted
=== RUN   TestOfflineLiveVerifierRejectsIncompleteAndChangedEvidence/aggregate_count
=== RUN   TestOfflineLiveVerifierRejectsIncompleteAndChangedEvidence/spill_count
=== RUN   TestOfflineLiveVerifierRejectsIncompleteAndChangedEvidence/changed_expected_input
=== RUN   TestOfflineLiveVerifierRejectsIncompleteAndChangedEvidence/reordered_journal
=== RUN   TestOfflineLiveVerifierRejectsIncompleteAndChangedEvidence/changed_immutable_result
=== RUN   TestOfflineLiveVerifierRejectsIncompleteAndChangedEvidence/consistent_but_wrong_outcome
=== RUN   TestOfflineLiveVerifierRejectsIncompleteAndChangedEvidence/pretty_print_changes_payload_bytes
--- PASS: TestOfflineLiveVerifierRejectsIncompleteAndChangedEvidence (1.99s)
    --- PASS: TestOfflineLiveVerifierRejectsIncompleteAndChangedEvidence/unfinished (0.01s)
    --- PASS: TestOfflineLiveVerifierRejectsIncompleteAndChangedEvidence/missing_cohort (0.00s)
    --- PASS: TestOfflineLiveVerifierRejectsIncompleteAndChangedEvidence/prior_counts_omitted (0.35s)
    --- PASS: TestOfflineLiveVerifierRejectsIncompleteAndChangedEvidence/aggregate_count (0.66s)
    --- PASS: TestOfflineLiveVerifierRejectsIncompleteAndChangedEvidence/spill_count (0.33s)
    --- PASS: TestOfflineLiveVerifierRejectsIncompleteAndChangedEvidence/changed_expected_input (0.04s)
    --- PASS: TestOfflineLiveVerifierRejectsIncompleteAndChangedEvidence/reordered_journal (0.01s)
    --- PASS: TestOfflineLiveVerifierRejectsIncompleteAndChangedEvidence/changed_immutable_result (0.01s)
    --- PASS: TestOfflineLiveVerifierRejectsIncompleteAndChangedEvidence/consistent_but_wrong_outcome (0.04s)
    --- PASS: TestOfflineLiveVerifierRejectsIncompleteAndChangedEvidence/pretty_print_changes_payload_bytes (0.01s)
PASS
ok  	js-wf/cmd/wf-scale	23.174s
