=== RUN   TestWorkerContinuationPlugin
=== RUN   TestWorkerContinuationPlugin/Workflows
    continuation_plugin_test.go:96: Workflows runner completed two checkpoints, restored state/input/locals, result=60
=== RUN   TestWorkerContinuationPlugin/WorkflowFactory
    continuation_plugin_test.go:96: WorkflowFactory runner completed two checkpoints, restored state/input/locals, result=60
--- PASS: TestWorkerContinuationPlugin (2.20s)
    --- PASS: TestWorkerContinuationPlugin/Workflows (0.53s)
    --- PASS: TestWorkerContinuationPlugin/WorkflowFactory (0.47s)
=== RUN   TestWorkerRunnerCompletesWorkflowAndServesMetrics
=== RUN   TestWorkerRunnerCompletesWorkflowAndServesMetrics/static
=== RUN   TestWorkerRunnerCompletesWorkflowAndServesMetrics/kv
=== RUN   TestWorkerRunnerCompletesWorkflowAndServesMetrics/auto
--- PASS: TestWorkerRunnerCompletesWorkflowAndServesMetrics (1.87s)
    --- PASS: TestWorkerRunnerCompletesWorkflowAndServesMetrics/static (0.67s)
    --- PASS: TestWorkerRunnerCompletesWorkflowAndServesMetrics/kv (0.61s)
    --- PASS: TestWorkerRunnerCompletesWorkflowAndServesMetrics/auto (0.59s)
=== RUN   TestWorkerRunnerRunsFallbackTimerLoop
--- PASS: TestWorkerRunnerRunsFallbackTimerLoop (0.55s)
PASS
ok  	js-wf/cmd/wf-worker	5.665s
