=== RUN   TestReplaySignalEnvelopeBeforeHandler
=== RUN   TestReplaySignalEnvelopeBeforeHandler/duplicate_sequence
=== RUN   TestReplaySignalEnvelopeBeforeHandler/alias_sequence
=== RUN   TestReplaySignalEnvelopeBeforeHandler/escaped_sequence
=== RUN   TestReplaySignalEnvelopeBeforeHandler/duplicate_name
=== RUN   TestReplaySignalEnvelopeBeforeHandler/alias_name
=== RUN   TestReplaySignalEnvelopeBeforeHandler/duplicate_payload
=== RUN   TestReplaySignalEnvelopeBeforeHandler/alias_payload
=== RUN   TestReplaySignalEnvelopeBeforeHandler/duplicate_reference
=== RUN   TestReplaySignalEnvelopeBeforeHandler/alias_reference
=== RUN   TestReplaySignalEnvelopeBeforeHandler/duplicate_hash
=== RUN   TestReplaySignalEnvelopeBeforeHandler/alias_hash
=== RUN   TestReplaySignalEnvelopeBeforeHandler/duplicate_child
=== RUN   TestReplaySignalEnvelopeBeforeHandler/alias_child
=== RUN   TestReplaySignalEnvelopeBeforeHandler/duplicate_canonical
=== RUN   TestReplaySignalEnvelopeBeforeHandler/alias_canonical
=== RUN   TestReplaySignalEnvelopeBeforeHandler/nested_child_invocation
=== RUN   TestReplaySignalEnvelopeBeforeHandler/nested_child_alias
=== RUN   TestReplaySignalEnvelopeBeforeHandler/nested_canonical_index
=== RUN   TestReplaySignalEnvelopeBeforeHandler/nested_canonical_alias
=== RUN   TestReplaySignalEnvelopeBeforeHandler/unknown_field
--- PASS: TestReplaySignalEnvelopeBeforeHandler (0.03s)
    --- PASS: TestReplaySignalEnvelopeBeforeHandler/duplicate_sequence (0.00s)
    --- PASS: TestReplaySignalEnvelopeBeforeHandler/alias_sequence (0.00s)
    --- PASS: TestReplaySignalEnvelopeBeforeHandler/escaped_sequence (0.00s)
    --- PASS: TestReplaySignalEnvelopeBeforeHandler/duplicate_name (0.00s)
    --- PASS: TestReplaySignalEnvelopeBeforeHandler/alias_name (0.00s)
    --- PASS: TestReplaySignalEnvelopeBeforeHandler/duplicate_payload (0.00s)
    --- PASS: TestReplaySignalEnvelopeBeforeHandler/alias_payload (0.00s)
    --- PASS: TestReplaySignalEnvelopeBeforeHandler/duplicate_reference (0.00s)
    --- PASS: TestReplaySignalEnvelopeBeforeHandler/alias_reference (0.00s)
    --- PASS: TestReplaySignalEnvelopeBeforeHandler/duplicate_hash (0.00s)
    --- PASS: TestReplaySignalEnvelopeBeforeHandler/alias_hash (0.00s)
    --- PASS: TestReplaySignalEnvelopeBeforeHandler/duplicate_child (0.00s)
    --- PASS: TestReplaySignalEnvelopeBeforeHandler/alias_child (0.00s)
    --- PASS: TestReplaySignalEnvelopeBeforeHandler/duplicate_canonical (0.00s)
    --- PASS: TestReplaySignalEnvelopeBeforeHandler/alias_canonical (0.00s)
    --- PASS: TestReplaySignalEnvelopeBeforeHandler/nested_child_invocation (0.00s)
    --- PASS: TestReplaySignalEnvelopeBeforeHandler/nested_child_alias (0.00s)
    --- PASS: TestReplaySignalEnvelopeBeforeHandler/nested_canonical_index (0.00s)
    --- PASS: TestReplaySignalEnvelopeBeforeHandler/nested_canonical_alias (0.00s)
    --- PASS: TestReplaySignalEnvelopeBeforeHandler/unknown_field (0.00s)
=== RUN   TestReplaySignalEnvelopeOpaquePayload
--- PASS: TestReplaySignalEnvelopeOpaquePayload (0.00s)
=== RUN   TestReplaySignalEnvelopeMissing
=== RUN   TestReplaySignalEnvelopeMissing/payload=
=== RUN   TestReplaySignalEnvelopeMissing/payload=null
=== RUN   TestReplaySignalEnvelopeMissing/payload=__null__
--- PASS: TestReplaySignalEnvelopeMissing (0.00s)
    --- PASS: TestReplaySignalEnvelopeMissing/payload= (0.00s)
    --- PASS: TestReplaySignalEnvelopeMissing/payload=null (0.00s)
    --- PASS: TestReplaySignalEnvelopeMissing/payload=__null__ (0.00s)
PASS
ok  	js-wf/wf	1.056s
=== RUN   TestReplaySignalEnvelopeBeforePlugin
=== RUN   TestReplaySignalEnvelopeBeforePlugin/sequence
=== RUN   TestReplaySignalEnvelopeBeforePlugin/name
=== RUN   TestReplaySignalEnvelopeBeforePlugin/payload
=== RUN   TestReplaySignalEnvelopeBeforePlugin/reference
=== RUN   TestReplaySignalEnvelopeBeforePlugin/hash
=== RUN   TestReplaySignalEnvelopeBeforePlugin/child
=== RUN   TestReplaySignalEnvelopeBeforePlugin/canonical
=== RUN   TestReplaySignalEnvelopeBeforePlugin/unknown
--- PASS: TestReplaySignalEnvelopeBeforePlugin (0.00s)
    --- PASS: TestReplaySignalEnvelopeBeforePlugin/sequence (0.00s)
    --- PASS: TestReplaySignalEnvelopeBeforePlugin/name (0.00s)
    --- PASS: TestReplaySignalEnvelopeBeforePlugin/payload (0.00s)
    --- PASS: TestReplaySignalEnvelopeBeforePlugin/reference (0.00s)
    --- PASS: TestReplaySignalEnvelopeBeforePlugin/hash (0.00s)
    --- PASS: TestReplaySignalEnvelopeBeforePlugin/child (0.00s)
    --- PASS: TestReplaySignalEnvelopeBeforePlugin/canonical (0.00s)
    --- PASS: TestReplaySignalEnvelopeBeforePlugin/unknown (0.00s)
PASS
ok  	js-wf/cmd/wf	1.026s
