=== RUN   TestReplaySignalEnvelopeBeforeHandler
=== RUN   TestReplaySignalEnvelopeBeforeHandler/duplicate_sequence
    replay_signal_envelope_test.go:46: signal envelope reached handler: calls=1 err=<nil>
=== RUN   TestReplaySignalEnvelopeBeforeHandler/alias_sequence
    replay_signal_envelope_test.go:46: signal envelope reached handler: calls=1 err=<nil>
=== RUN   TestReplaySignalEnvelopeBeforeHandler/escaped_sequence
    replay_signal_envelope_test.go:46: signal envelope reached handler: calls=1 err=<nil>
=== RUN   TestReplaySignalEnvelopeBeforeHandler/duplicate_name
    replay_signal_envelope_test.go:46: signal envelope reached handler: calls=1 err=<nil>
=== RUN   TestReplaySignalEnvelopeBeforeHandler/alias_name
    replay_signal_envelope_test.go:46: signal envelope reached handler: calls=1 err=<nil>
=== RUN   TestReplaySignalEnvelopeBeforeHandler/duplicate_payload
    replay_signal_envelope_test.go:46: signal envelope reached handler: calls=1 err=<nil>
=== RUN   TestReplaySignalEnvelopeBeforeHandler/alias_payload
    replay_signal_envelope_test.go:46: signal envelope reached handler: calls=1 err=<nil>
=== RUN   TestReplaySignalEnvelopeBeforeHandler/duplicate_reference
    replay_signal_envelope_test.go:46: signal envelope reached handler: calls=1 err=<nil>
=== RUN   TestReplaySignalEnvelopeBeforeHandler/alias_reference
    replay_signal_envelope_test.go:46: signal envelope reached handler: calls=1 err=<nil>
=== RUN   TestReplaySignalEnvelopeBeforeHandler/duplicate_hash
    replay_signal_envelope_test.go:46: signal envelope reached handler: calls=1 err=<nil>
=== RUN   TestReplaySignalEnvelopeBeforeHandler/alias_hash
    replay_signal_envelope_test.go:46: signal envelope reached handler: calls=1 err=<nil>
=== RUN   TestReplaySignalEnvelopeBeforeHandler/duplicate_child
    replay_signal_envelope_test.go:46: signal envelope reached handler: calls=1 err=<nil>
=== RUN   TestReplaySignalEnvelopeBeforeHandler/alias_child
    replay_signal_envelope_test.go:46: signal envelope reached handler: calls=1 err=<nil>
=== RUN   TestReplaySignalEnvelopeBeforeHandler/duplicate_canonical
    replay_signal_envelope_test.go:46: signal envelope reached handler: calls=1 err=<nil>
=== RUN   TestReplaySignalEnvelopeBeforeHandler/alias_canonical
    replay_signal_envelope_test.go:46: signal envelope reached handler: calls=1 err=<nil>
=== RUN   TestReplaySignalEnvelopeBeforeHandler/nested_child_invocation
=== RUN   TestReplaySignalEnvelopeBeforeHandler/nested_child_alias
=== RUN   TestReplaySignalEnvelopeBeforeHandler/nested_canonical_index
    replay_signal_envelope_test.go:46: signal envelope reached handler: calls=1 err=<nil>
=== RUN   TestReplaySignalEnvelopeBeforeHandler/nested_canonical_alias
    replay_signal_envelope_test.go:46: signal envelope reached handler: calls=1 err=<nil>
=== RUN   TestReplaySignalEnvelopeBeforeHandler/unknown_field
    replay_signal_envelope_test.go:46: signal envelope reached handler: calls=1 err=<nil>
--- FAIL: TestReplaySignalEnvelopeBeforeHandler (0.03s)
    --- FAIL: TestReplaySignalEnvelopeBeforeHandler/duplicate_sequence (0.00s)
    --- FAIL: TestReplaySignalEnvelopeBeforeHandler/alias_sequence (0.00s)
    --- FAIL: TestReplaySignalEnvelopeBeforeHandler/escaped_sequence (0.00s)
    --- FAIL: TestReplaySignalEnvelopeBeforeHandler/duplicate_name (0.00s)
    --- FAIL: TestReplaySignalEnvelopeBeforeHandler/alias_name (0.00s)
    --- FAIL: TestReplaySignalEnvelopeBeforeHandler/duplicate_payload (0.00s)
    --- FAIL: TestReplaySignalEnvelopeBeforeHandler/alias_payload (0.00s)
    --- FAIL: TestReplaySignalEnvelopeBeforeHandler/duplicate_reference (0.00s)
    --- FAIL: TestReplaySignalEnvelopeBeforeHandler/alias_reference (0.00s)
    --- FAIL: TestReplaySignalEnvelopeBeforeHandler/duplicate_hash (0.00s)
    --- FAIL: TestReplaySignalEnvelopeBeforeHandler/alias_hash (0.00s)
    --- FAIL: TestReplaySignalEnvelopeBeforeHandler/duplicate_child (0.00s)
    --- FAIL: TestReplaySignalEnvelopeBeforeHandler/alias_child (0.00s)
    --- FAIL: TestReplaySignalEnvelopeBeforeHandler/duplicate_canonical (0.00s)
    --- FAIL: TestReplaySignalEnvelopeBeforeHandler/alias_canonical (0.00s)
    --- PASS: TestReplaySignalEnvelopeBeforeHandler/nested_child_invocation (0.00s)
    --- PASS: TestReplaySignalEnvelopeBeforeHandler/nested_child_alias (0.00s)
    --- FAIL: TestReplaySignalEnvelopeBeforeHandler/nested_canonical_index (0.00s)
    --- FAIL: TestReplaySignalEnvelopeBeforeHandler/nested_canonical_alias (0.00s)
    --- FAIL: TestReplaySignalEnvelopeBeforeHandler/unknown_field (0.00s)
FAIL
FAIL	js-wf/wf	0.043s
=== RUN   TestReplaySignalEnvelopeBeforePlugin
=== RUN   TestReplaySignalEnvelopeBeforePlugin/sequence
    replay_signal_envelope_test.go:35: legacy signal envelope reached plugin: open replay handler: plugin.Open("/does-not-exist.so"): realpath failed
=== RUN   TestReplaySignalEnvelopeBeforePlugin/name
    replay_signal_envelope_test.go:35: legacy signal envelope reached plugin: open replay handler: plugin.Open("/does-not-exist.so"): realpath failed
=== RUN   TestReplaySignalEnvelopeBeforePlugin/payload
    replay_signal_envelope_test.go:35: legacy signal envelope reached plugin: open replay handler: plugin.Open("/does-not-exist.so"): realpath failed
=== RUN   TestReplaySignalEnvelopeBeforePlugin/reference
    replay_signal_envelope_test.go:35: legacy signal envelope reached plugin: open replay handler: plugin.Open("/does-not-exist.so"): realpath failed
=== RUN   TestReplaySignalEnvelopeBeforePlugin/hash
    replay_signal_envelope_test.go:35: legacy signal envelope reached plugin: open replay handler: plugin.Open("/does-not-exist.so"): realpath failed
=== RUN   TestReplaySignalEnvelopeBeforePlugin/child
=== RUN   TestReplaySignalEnvelopeBeforePlugin/canonical
    replay_signal_envelope_test.go:35: legacy signal envelope reached plugin: open replay handler: plugin.Open("/does-not-exist.so"): realpath failed
=== RUN   TestReplaySignalEnvelopeBeforePlugin/unknown
    replay_signal_envelope_test.go:35: legacy signal envelope reached plugin: open replay handler: plugin.Open("/does-not-exist.so"): realpath failed
--- FAIL: TestReplaySignalEnvelopeBeforePlugin (0.00s)
    --- FAIL: TestReplaySignalEnvelopeBeforePlugin/sequence (0.00s)
    --- FAIL: TestReplaySignalEnvelopeBeforePlugin/name (0.00s)
    --- FAIL: TestReplaySignalEnvelopeBeforePlugin/payload (0.00s)
    --- FAIL: TestReplaySignalEnvelopeBeforePlugin/reference (0.00s)
    --- FAIL: TestReplaySignalEnvelopeBeforePlugin/hash (0.00s)
    --- PASS: TestReplaySignalEnvelopeBeforePlugin/child (0.00s)
    --- FAIL: TestReplaySignalEnvelopeBeforePlugin/canonical (0.00s)
    --- FAIL: TestReplaySignalEnvelopeBeforePlugin/unknown (0.00s)
FAIL
FAIL	js-wf/cmd/wf	0.028s
FAIL
