[1] 2026/10/01 17:43:36.158706 [INF] Starting nats-server
[1] 2026/10/01 17:43:36.159193 [INF]   Version:  2.15.0
[1] 2026/10/01 17:43:36.159196 [INF]   Git:      [not set]
[1] 2026/10/01 17:43:36.159197 [INF]   Cluster:  js-wf-route-28253-1790876213545205686
[1] 2026/10/01 17:43:36.159200 [INF]   Name:     js-wf-route-28253-1790876213545205686-n1
[1] 2026/10/01 17:43:36.159202 [INF]   Node:     AVbn29w3
[1] 2026/10/01 17:43:36.159203 [INF]   ID:       NDUTRXEQFQO2FVCODNTXO6I36Y7IO56DS4AYX6EMU5HBLPXZCTR2AB4D
[1] 2026/10/01 17:43:36.160396 [INF] Using configuration file: /etc/nats.conf (sha256:2b3c0cdf1bae0dc828987430072bec52f1eee9114880f8779b1ec8bfa212027e)
[1] 2026/10/01 17:43:36.163309 [INF] Starting http monitor on 0.0.0.0:8222
[1] 2026/10/01 17:43:36.163408 [INF] Starting JetStream
[1] 2026/10/01 17:43:36.163519 [INF]     _ ___ _____ ___ _____ ___ ___   _   __  __
[1] 2026/10/01 17:43:36.163523 [INF]  _ | | __|_   _/ __|_   _| _ \ __| /_\ |  \/  |
[1] 2026/10/01 17:43:36.163524 [INF] | || | _|  | | \__ \ | | |   / _| / _ \| |\/| |
[1] 2026/10/01 17:43:36.163525 [INF]  \__/|___| |_| |___/ |_| |_|_\___/_/ \_\_|  |_|
[1] 2026/10/01 17:43:36.163525 [INF] 
[1] 2026/10/01 17:43:36.163526 [INF]          https://docs.nats.io/jetstream
[1] 2026/10/01 17:43:36.163527 [INF] 
[1] 2026/10/01 17:43:36.163527 [INF] ---------------- JETSTREAM ----------------
[1] 2026/10/01 17:43:36.163528 [INF]   Strict:          true
[1] 2026/10/01 17:43:36.163530 [INF]   Max Memory:      11.71 GB
[1] 2026/10/01 17:43:36.163531 [INF]   Max Storage:     2.52 GB
[1] 2026/10/01 17:43:36.163531 [INF]   Store Directory: "/data/jetstream"
[1] 2026/10/01 17:43:36.163532 [INF]   API Level:       5
[1] 2026/10/01 17:43:36.163533 [INF] -------------------------------------------
[1] 2026/10/01 17:43:36.164083 [INF]   Starting restore for stream '$G > WF_PURGE'
[1] 2026/10/01 17:43:36.164083 [INF]   Starting restore for stream '$G > WF_RUN'
[1] 2026/10/01 17:43:36.164108 [INF]   Starting restore for stream '$G > KV_WF_LEASE'
[1] 2026/10/01 17:43:36.164153 [INF]   Starting restore for stream '$G > WF_SIG'
[1] 2026/10/01 17:43:36.164165 [INF]   Starting restore for stream '$G > KV_WF_VIEW'
[1] 2026/10/01 17:43:36.164169 [INF]   Starting restore for stream '$G > WF_JRN'
[1] 2026/10/01 17:43:36.164179 [INF]   Starting restore for stream '$G > KV_WF_ASSIGN'
[1] 2026/10/01 17:43:36.164195 [INF]   Starting restore for stream '$G > KV_WF_STATE'
[1] 2026/10/01 17:43:36.164210 [INF]   Starting restore for stream '$G > WF_INV'
[1] 2026/10/01 17:43:36.164227 [INF]   Starting restore for stream '$G > OBJ_WF_BLOB'
[1] 2026/10/01 17:43:36.165236 [WRN] Filestore [KV_WF_LEASE] Stream state outdated, last block has additional entries, will rebuild
[1] 2026/10/01 17:43:36.165244 [WRN] Filestore [WF_RUN] Stream state outdated, last block has additional entries, will rebuild
[1] 2026/10/01 17:43:36.165249 [WRN] Filestore [WF_RUN] Recovering stream state from index errored: prior state file
[1] 2026/10/01 17:43:36.165377 [INF]   Restored 0 messages for stream '$G > KV_WF_VIEW' in 1ms
[1] 2026/10/01 17:43:36.165906 [WRN] Filestore [WF_SIG] Stream state outdated, last block has additional entries, will rebuild
[1] 2026/10/01 17:43:36.165915 [WRN] Filestore [WF_SIG] Recovering stream state from index errored: prior state file
[1] 2026/10/01 17:43:36.166424 [WRN] Filestore [WF_INV] Stream state outdated, last block has additional entries, will rebuild
[1] 2026/10/01 17:43:36.166431 [WRN] Filestore [WF_INV] Recovering stream state from index errored: prior state file
[1] 2026/10/01 17:43:36.165244 [WRN] Filestore [KV_WF_LEASE] Recovering stream state from index errored: prior state file
[1] 2026/10/01 17:43:36.168473 [INF]   Restored 0 messages for stream '$G > KV_WF_ASSIGN' in 4ms
[1] 2026/10/01 17:43:36.170288 [INF]   Restored 0 messages for stream '$G > WF_PURGE' in 6ms
[1] 2026/10/01 17:43:36.171119 [INF]   Restored 0 messages for stream '$G > OBJ_WF_BLOB' in 7ms
[1] 2026/10/01 17:43:36.171835 [WRN] Filestore [KV_WF_STATE] Stream state outdated, last block has additional entries, will rebuild
[1] 2026/10/01 17:43:36.172578 [WRN] Filestore [KV_WF_STATE] Recovering stream state from index errored: prior state file
[1] 2026/10/01 17:43:36.173944 [WRN] Filestore [WF_JRN] Stream state outdated, last block has additional entries, will rebuild
[1] 2026/10/01 17:43:36.173973 [WRN] Filestore [WF_JRN] Recovering stream state from index errored: prior state file
[1] 2026/10/01 17:43:36.174211 [INF]   Restored 1,835 messages for stream '$G > WF_SIG' in 10ms
[1] 2026/10/01 17:43:36.175273 [WRN] Filestore [WF_RUN] Message scheduling state is outdated; attempting to recover using linear scan (seq 5528 to 5957)
[1] 2026/10/01 17:43:36.182585 [INF]   Restored 26 messages for stream '$G > WF_RUN' in 18ms
[1] 2026/10/01 17:43:36.182965 [INF]   Recovering 64 consumers for stream - '$G > WF_RUN'
[1] 2026/10/01 17:43:36.183736 [INF]   Restored 1,512 messages for stream '$G > WF_INV' in 20ms
[1] 2026/10/01 17:43:36.192442 [INF]   Restored 1,510 messages for stream '$G > KV_WF_STATE' in 28ms
[1] 2026/10/01 17:43:36.198011 [INF]   Restored 16,650 messages for stream '$G > WF_JRN' in 34ms
[1] 2026/10/01 17:43:36.199412 [WRN] Filestore [KV_WF_LEASE] TTL state is outdated; attempting to recover using linear scan (seq 33957 to 35172)
[1] 2026/10/01 17:43:36.236548 [INF]   Restored 968 messages for stream '$G > KV_WF_LEASE' in 72ms
[1] 2026/10/01 17:43:36.236651 [INF] Starting JetStream cluster
[1] 2026/10/01 17:43:36.236657 [INF] Creating JetStream metadata controller
[1] 2026/10/01 17:43:36.236880 [WRN] Filestore [_meta_] Stream state outdated, last block has additional entries, will rebuild
[1] 2026/10/01 17:43:36.236887 [WRN] Filestore [_meta_] Recovering stream state from index errored: prior state file
[1] 2026/10/01 17:43:36.237098 [INF] JetStream cluster recovering state
[1] 2026/10/01 17:43:36.252332 [INF] Took 88.918681ms to start JetStream
[1] 2026/10/01 17:43:36.252538 [INF] Listening for client connections on 0.0.0.0:4222
[1] 2026/10/01 17:43:36.252822 [INF] Server is ready
[1] 2026/10/01 17:43:36.252882 [INF] Cluster name is js-wf-route-28253-1790876213545205686
[1] 2026/10/01 17:43:36.252903 [INF] Listening for route connections on 0.0.0.0:6222
[1] 2026/10/01 17:43:36.254419 [INF] 172.19.0.2:6222 - rid:166 - Route connection created
[1] 2026/10/01 17:43:36.254709 [INF] 172.19.0.2:6222 - rid:167 - Route connection created
[1] 2026/10/01 17:43:36.256393 [INF] 172.19.0.4:51832 - rid:169 - Route connection created
[1] 2026/10/01 17:43:36.256537 [INF] 172.19.0.6:53344 - rid:170 - Route connection created
[1] 2026/10/01 17:43:36.256555 [INF] 172.19.0.6:53354 - rid:171 - Route connection created
[1] 2026/10/01 17:43:36.256703 [INF] 172.19.0.5:40822 - rid:172 - Route connection created
[1] 2026/10/01 17:43:36.256771 [INF] 172.19.0.5:40816 - rid:173 - Route connection created
[1] 2026/10/01 17:43:36.256938 [INF] 172.19.0.4:51848 - rid:174 - Route connection created
[1] 2026/10/01 17:43:36.258175 [INF] 172.19.0.2:6222 - rid:175 - Route connection created
[1] 2026/10/01 17:43:36.258719 [INF] 172.19.0.6:53360 - rid:176 - Route connection created
[1] 2026/10/01 17:43:36.259204 [INF] 172.19.0.6:53370 - rid:177 - Route connection created
[1] 2026/10/01 17:43:36.259921 [INF] 172.19.0.5:40826 - rid:178 - Route connection created
[1] 2026/10/01 17:43:36.260297 [INF] 172.19.0.2:6222 - rid:179 - Route connection created
[1] 2026/10/01 17:43:36.260614 [INF] 172.19.0.5:40838 - rid:180 - Route connection created
[1] 2026/10/01 17:43:36.263667 [INF] 172.19.0.4:51864 - rid:181 - Route connection created
[1] 2026/10/01 17:43:36.265160 [INF] 172.19.0.4:51870 - rid:182 - Route connection created
[1] 2026/10/01 17:43:36.271982 [INF] 172.19.0.2:59176 - rid:183 - Route connection created
[1] 2026/10/01 17:43:36.272336 [INF] 172.19.0.2:59176 - rid:183 - Router connection closed: Client Closed
[1] 2026/10/01 17:43:36.296920 [INF] 172.19.0.2:59178 - rid:184 - Route connection created
[1] 2026/10/01 17:43:36.297162 [INF] 172.19.0.2:59178 - rid:184 - Router connection closed: Client Closed
[1] 2026/10/01 17:43:36.301943 [INF] 172.19.0.2:59192 - rid:185 - Route connection created
[1] 2026/10/01 17:43:36.302196 [INF] 172.19.0.2:59192 - rid:185 - Router connection closed: Client Closed
[1] 2026/10/01 17:43:36.353241 [WRN] Waiting for routing to be established...
[1] 2026/10/01 17:43:36.406763 [WRN] Filestore [S-R5F-ZgswZAyg] Stream state outdated, last block has additional entries, will rebuild
[1] 2026/10/01 17:43:36.406776 [WRN] Filestore [S-R5F-ZgswZAyg] Recovering stream state from index errored: prior state file
[1] 2026/10/01 17:43:36.414868 [WRN] Filestore [S-R5F-qXhhgiAg] Stream state outdated, last block has additional entries, will rebuild
[1] 2026/10/01 17:43:36.414927 [WRN] Filestore [S-R5F-qXhhgiAg] Recovering stream state from index errored: prior state file
[1] 2026/10/01 17:43:36.418894 [WRN] Filestore [S-R5F-VuED4yaP] Stream state outdated, last block has additional entries, will rebuild
[1] 2026/10/01 17:43:36.418994 [WRN] Filestore [S-R5F-VuED4yaP] Recovering stream state from index errored: prior state file
[1] 2026/10/01 17:43:36.423773 [WRN] Filestore [S-R5F-nvbygIVe] Stream state outdated, last block has additional entries, will rebuild
[1] 2026/10/01 17:43:36.423897 [WRN] Filestore [S-R5F-nvbygIVe] Recovering stream state from index errored: prior state file
[1] 2026/10/01 17:43:36.428144 [WRN] Catchup for stream '$G > KV_WF_LEASE' resetting first sequence: 33929 on catchup request
[1] 2026/10/01 17:43:36.446399 [WRN] Filestore [C-R5F-DpoxJlP6] Stream state outdated, last block has additional entries, will rebuild
[1] 2026/10/01 17:43:36.446414 [WRN] Filestore [C-R5F-DpoxJlP6] Recovering stream state from index errored: prior state file
[1] 2026/10/01 17:43:36.451821 [WRN] Filestore [C-R5F-hJddxlUR] Stream state outdated, last block has additional entries, will rebuild
[1] 2026/10/01 17:43:36.451830 [WRN] Filestore [C-R5F-hJddxlUR] Recovering stream state from index errored: prior state file
[1] 2026/10/01 17:43:36.454711 [WRN] Filestore [C-R5F-xEMdv3hq] Stream state outdated, last block has additional entries, will rebuild
[1] 2026/10/01 17:43:36.454720 [WRN] Filestore [C-R5F-xEMdv3hq] Recovering stream state from index errored: prior state file
[1] 2026/10/01 17:43:36.457972 [WRN] Filestore [C-R5F-G7ECqq9u] Stream state outdated, last block has additional entries, will rebuild
[1] 2026/10/01 17:43:36.457983 [WRN] Filestore [C-R5F-G7ECqq9u] Recovering stream state from index errored: prior state file
[1] 2026/10/01 17:43:36.461439 [WRN] Filestore [C-R5F-QAJgiK2F] Stream state outdated, last block has additional entries, will rebuild
[1] 2026/10/01 17:43:36.461450 [WRN] Filestore [C-R5F-QAJgiK2F] Recovering stream state from index errored: prior state file
[1] 2026/10/01 17:43:36.465060 [WRN] Filestore [C-R5F-t3wc5nFh] Stream state outdated, last block has additional entries, will rebuild
[1] 2026/10/01 17:43:36.465070 [WRN] Filestore [C-R5F-t3wc5nFh] Recovering stream state from index errored: prior state file
[1] 2026/10/01 17:43:36.468915 [WRN] Filestore [C-R5F-2GroPi5z] Stream state outdated, last block has additional entries, will rebuild
[1] 2026/10/01 17:43:36.468923 [WRN] Filestore [C-R5F-2GroPi5z] Recovering stream state from index errored: prior state file
[1] 2026/10/01 17:43:36.472529 [WRN] Filestore [C-R5F-RckEkWmu] Stream state outdated, last block has additional entries, will rebuild
[1] 2026/10/01 17:43:36.472537 [WRN] Filestore [C-R5F-RckEkWmu] Recovering stream state from index errored: prior state file
[1] 2026/10/01 17:43:36.475930 [WRN] Filestore [C-R5F-S8TLVvtt] Stream state outdated, last block has additional entries, will rebuild
[1] 2026/10/01 17:43:36.475939 [WRN] Filestore [C-R5F-S8TLVvtt] Recovering stream state from index errored: prior state file
[1] 2026/10/01 17:43:36.478881 [WRN] Filestore [C-R5F-TpmWd2cv] Stream state outdated, last block has additional entries, will rebuild
[1] 2026/10/01 17:43:36.478890 [WRN] Filestore [C-R5F-TpmWd2cv] Recovering stream state from index errored: prior state file
[1] 2026/10/01 17:43:36.481947 [WRN] Filestore [C-R5F-s2wJS5mC] Stream state outdated, last block has additional entries, will rebuild
[1] 2026/10/01 17:43:36.481957 [WRN] Filestore [C-R5F-s2wJS5mC] Recovering stream state from index errored: prior state file
[1] 2026/10/01 17:43:36.485036 [WRN] Filestore [C-R5F-6phBWFvR] Stream state outdated, last block has additional entries, will rebuild
[1] 2026/10/01 17:43:36.485046 [WRN] Filestore [C-R5F-6phBWFvR] Recovering stream state from index errored: prior state file
[1] 2026/10/01 17:43:36.489370 [WRN] Filestore [C-R5F-4oafoVFY] Stream state outdated, last block has additional entries, will rebuild
[1] 2026/10/01 17:43:36.489381 [WRN] Filestore [C-R5F-4oafoVFY] Recovering stream state from index errored: prior state file
[1] 2026/10/01 17:43:36.496172 [WRN] Filestore [C-R5F-dpUSPy1H] Stream state outdated, last block has additional entries, will rebuild
[1] 2026/10/01 17:43:36.496184 [WRN] Filestore [C-R5F-dpUSPy1H] Recovering stream state from index errored: prior state file
[1] 2026/10/01 17:43:36.500450 [WRN] Filestore [C-R5F-N11amTlI] Stream state outdated, last block has additional entries, will rebuild
[1] 2026/10/01 17:43:36.500462 [WRN] Filestore [C-R5F-N11amTlI] Recovering stream state from index errored: prior state file
[1] 2026/10/01 17:43:36.503557 [WRN] Filestore [C-R5F-96ShicA7] Stream state outdated, last block has additional entries, will rebuild
[1] 2026/10/01 17:43:36.503569 [WRN] Filestore [C-R5F-96ShicA7] Recovering stream state from index errored: prior state file
[1] 2026/10/01 17:43:36.507194 [WRN] Filestore [C-R5F-DqqdJtGY] Stream state outdated, last block has additional entries, will rebuild
[1] 2026/10/01 17:43:36.507205 [WRN] Filestore [C-R5F-DqqdJtGY] Recovering stream state from index errored: prior state file
[1] 2026/10/01 17:43:36.510457 [WRN] Filestore [C-R5F-PEbMPFcC] Stream state outdated, last block has additional entries, will rebuild
[1] 2026/10/01 17:43:36.510470 [WRN] Filestore [C-R5F-PEbMPFcC] Recovering stream state from index errored: prior state file
[1] 2026/10/01 17:43:36.514127 [WRN] Filestore [C-R5F-Id1T79ov] Stream state outdated, last block has additional entries, will rebuild
[1] 2026/10/01 17:43:36.514138 [WRN] Filestore [C-R5F-Id1T79ov] Recovering stream state from index errored: prior state file
[1] 2026/10/01 17:43:36.520151 [WRN] Filestore [C-R5F-uWIAkgbm] Stream state outdated, last block has additional entries, will rebuild
[1] 2026/10/01 17:43:36.520163 [WRN] Filestore [C-R5F-uWIAkgbm] Recovering stream state from index errored: prior state file
[1] 2026/10/01 17:43:36.527168 [WRN] Filestore [C-R5F-XvpkKKzU] Stream state outdated, last block has additional entries, will rebuild
[1] 2026/10/01 17:43:36.527180 [WRN] Filestore [C-R5F-XvpkKKzU] Recovering stream state from index errored: prior state file
[1] 2026/10/01 17:43:36.530698 [WRN] Filestore [C-R5F-cbq2V1Vj] Stream state outdated, last block has additional entries, will rebuild
[1] 2026/10/01 17:43:36.530721 [WRN] Filestore [C-R5F-cbq2V1Vj] Recovering stream state from index errored: prior state file
[1] 2026/10/01 17:43:36.538991 [WRN] Filestore [C-R5F-5m6xtXhb] Stream state outdated, last block has additional entries, will rebuild
[1] 2026/10/01 17:43:36.539163 [WRN] Filestore [C-R5F-5m6xtXhb] Recovering stream state from index errored: prior state file
[1] 2026/10/01 17:43:36.544209 [WRN] Filestore [C-R5F-QFvAjx6x] Stream state outdated, last block has additional entries, will rebuild
[1] 2026/10/01 17:43:36.544226 [WRN] Filestore [C-R5F-QFvAjx6x] Recovering stream state from index errored: prior state file
[1] 2026/10/01 17:43:36.547253 [WRN] Filestore [C-R5F-Gouc2DR2] Stream state outdated, last block has additional entries, will rebuild
[1] 2026/10/01 17:43:36.547265 [WRN] Filestore [C-R5F-Gouc2DR2] Recovering stream state from index errored: prior state file
[1] 2026/10/01 17:43:36.550350 [WRN] Filestore [C-R5F-E7sBdcBs] Stream state outdated, last block has additional entries, will rebuild
[1] 2026/10/01 17:43:36.550361 [WRN] Filestore [C-R5F-E7sBdcBs] Recovering stream state from index errored: prior state file
[1] 2026/10/01 17:43:36.553164 [WRN] Filestore [C-R5F-Wv1sdYy8] Stream state outdated, last block has additional entries, will rebuild
[1] 2026/10/01 17:43:36.553172 [WRN] Filestore [C-R5F-Wv1sdYy8] Recovering stream state from index errored: prior state file
[1] 2026/10/01 17:43:36.557221 [WRN] Filestore [C-R5F-kMvfdrQ9] Stream state outdated, last block has additional entries, will rebuild
[1] 2026/10/01 17:43:36.557230 [WRN] Filestore [C-R5F-kMvfdrQ9] Recovering stream state from index errored: prior state file
[1] 2026/10/01 17:43:36.560148 [WRN] Filestore [C-R5F-rL03EjBD] Stream state outdated, last block has additional entries, will rebuild
[1] 2026/10/01 17:43:36.560157 [WRN] Filestore [C-R5F-rL03EjBD] Recovering stream state from index errored: prior state file
[1] 2026/10/01 17:43:36.563323 [WRN] Filestore [C-R5F-M5ky20qO] Stream state outdated, last block has additional entries, will rebuild
[1] 2026/10/01 17:43:36.563334 [WRN] Filestore [C-R5F-M5ky20qO] Recovering stream state from index errored: prior state file
[1] 2026/10/01 17:43:36.566898 [WRN] Filestore [C-R5F-icy4r0QO] Stream state outdated, last block has additional entries, will rebuild
[1] 2026/10/01 17:43:36.566909 [WRN] Filestore [C-R5F-icy4r0QO] Recovering stream state from index errored: prior state file
[1] 2026/10/01 17:43:36.576677 [WRN] Filestore [C-R5F-Cstbmx0M] Stream state outdated, last block has additional entries, will rebuild
[1] 2026/10/01 17:43:36.576689 [WRN] Filestore [C-R5F-Cstbmx0M] Recovering stream state from index errored: prior state file
[1] 2026/10/01 17:43:36.581960 [WRN] Filestore [C-R5F-unrIRVZc] Stream state outdated, last block has additional entries, will rebuild
[1] 2026/10/01 17:43:36.581978 [WRN] Filestore [C-R5F-unrIRVZc] Recovering stream state from index errored: prior state file
[1] 2026/10/01 17:43:36.585844 [WRN] Filestore [C-R5F-EtVtzLZK] Stream state outdated, last block has additional entries, will rebuild
[1] 2026/10/01 17:43:36.585853 [WRN] Filestore [C-R5F-EtVtzLZK] Recovering stream state from index errored: prior state file
[1] 2026/10/01 17:43:36.588961 [WRN] Filestore [C-R5F-llrCrQBu] Stream state outdated, last block has additional entries, will rebuild
[1] 2026/10/01 17:43:36.588970 [WRN] Filestore [C-R5F-llrCrQBu] Recovering stream state from index errored: prior state file
[1] 2026/10/01 17:43:36.594193 [WRN] Filestore [C-R5F-CjxMvGlE] Stream state outdated, last block has additional entries, will rebuild
[1] 2026/10/01 17:43:36.594205 [WRN] Filestore [C-R5F-CjxMvGlE] Recovering stream state from index errored: prior state file
[1] 2026/10/01 17:43:36.597483 [WRN] Filestore [C-R5F-GhAZwpbP] Stream state outdated, last block has additional entries, will rebuild
[1] 2026/10/01 17:43:36.597495 [WRN] Filestore [C-R5F-GhAZwpbP] Recovering stream state from index errored: prior state file
[1] 2026/10/01 17:43:36.601424 [WRN] Filestore [C-R5F-YiZ5MXTE] Stream state outdated, last block has additional entries, will rebuild
[1] 2026/10/01 17:43:36.601437 [WRN] Filestore [C-R5F-YiZ5MXTE] Recovering stream state from index errored: prior state file
[1] 2026/10/01 17:43:36.606200 [WRN] Filestore [C-R5F-acQ2tGAH] Stream state outdated, last block has additional entries, will rebuild
[1] 2026/10/01 17:43:36.606242 [WRN] Filestore [C-R5F-acQ2tGAH] Recovering stream state from index errored: prior state file
[1] 2026/10/01 17:43:36.611105 [WRN] Filestore [C-R5F-0znd06my] Stream state outdated, last block has additional entries, will rebuild
[1] 2026/10/01 17:43:36.611116 [WRN] Filestore [C-R5F-0znd06my] Recovering stream state from index errored: prior state file
[1] 2026/10/01 17:43:36.614409 [WRN] Filestore [C-R5F-y9PiBYpY] Stream state outdated, last block has additional entries, will rebuild
[1] 2026/10/01 17:43:36.614418 [WRN] Filestore [C-R5F-y9PiBYpY] Recovering stream state from index errored: prior state file
[1] 2026/10/01 17:43:36.618885 [WRN] Filestore [C-R5F-GfdGm9uv] Stream state outdated, last block has additional entries, will rebuild
[1] 2026/10/01 17:43:36.618896 [WRN] Filestore [C-R5F-GfdGm9uv] Recovering stream state from index errored: prior state file
[1] 2026/10/01 17:43:36.625328 [WRN] Filestore [C-R5F-NrtBgYZN] Stream state outdated, last block has additional entries, will rebuild
[1] 2026/10/01 17:43:36.625341 [WRN] Filestore [C-R5F-NrtBgYZN] Recovering stream state from index errored: prior state file
[1] 2026/10/01 17:43:36.631076 [WRN] Filestore [C-R5F-P5pVZQQ9] Stream state outdated, last block has additional entries, will rebuild
[1] 2026/10/01 17:43:36.631086 [WRN] Filestore [C-R5F-P5pVZQQ9] Recovering stream state from index errored: prior state file
[1] 2026/10/01 17:43:36.634085 [WRN] Filestore [C-R5F-GqFJ2pK0] Stream state outdated, last block has additional entries, will rebuild
[1] 2026/10/01 17:43:36.634095 [WRN] Filestore [C-R5F-GqFJ2pK0] Recovering stream state from index errored: prior state file
[1] 2026/10/01 17:43:36.636566 [WRN] Filestore [C-R5F-LC9OpWED] Stream state outdated, last block has additional entries, will rebuild
[1] 2026/10/01 17:43:36.636574 [WRN] Filestore [C-R5F-LC9OpWED] Recovering stream state from index errored: prior state file
[1] 2026/10/01 17:43:36.642115 [WRN] Filestore [C-R5F-TKhMuruh] Stream state outdated, last block has additional entries, will rebuild
[1] 2026/10/01 17:43:36.642125 [WRN] Filestore [C-R5F-TKhMuruh] Recovering stream state from index errored: prior state file
[1] 2026/10/01 17:43:36.644552 [WRN] Filestore [C-R5F-aMPaxkvv] Stream state outdated, last block has additional entries, will rebuild
[1] 2026/10/01 17:43:36.644559 [WRN] Filestore [C-R5F-aMPaxkvv] Recovering stream state from index errored: prior state file
[1] 2026/10/01 17:43:36.648204 [WRN] Filestore [C-R5F-pLLje2j9] Stream state outdated, last block has additional entries, will rebuild
[1] 2026/10/01 17:43:36.648213 [WRN] Filestore [C-R5F-pLLje2j9] Recovering stream state from index errored: prior state file
[1] 2026/10/01 17:43:36.652355 [WRN] Filestore [C-R5F-lgI7HU8G] Stream state outdated, last block has additional entries, will rebuild
[1] 2026/10/01 17:43:36.652365 [WRN] Filestore [C-R5F-lgI7HU8G] Recovering stream state from index errored: prior state file
[1] 2026/10/01 17:43:36.655627 [WRN] Filestore [C-R5F-cak36pfv] Stream state outdated, last block has additional entries, will rebuild
[1] 2026/10/01 17:43:36.655652 [WRN] Filestore [C-R5F-cak36pfv] Recovering stream state from index errored: prior state file
[1] 2026/10/01 17:43:36.660102 [WRN] Filestore [C-R5F-hbZS62va] Stream state outdated, last block has additional entries, will rebuild
[1] 2026/10/01 17:43:36.660109 [WRN] Filestore [C-R5F-hbZS62va] Recovering stream state from index errored: prior state file
[1] 2026/10/01 17:43:36.663874 [WRN] Filestore [C-R5F-89cr8v7q] Stream state outdated, last block has additional entries, will rebuild
[1] 2026/10/01 17:43:36.663882 [WRN] Filestore [C-R5F-89cr8v7q] Recovering stream state from index errored: prior state file
[1] 2026/10/01 17:43:36.667890 [WRN] Filestore [C-R5F-1xWzzdqO] Stream state outdated, last block has additional entries, will rebuild
[1] 2026/10/01 17:43:36.667899 [WRN] Filestore [C-R5F-1xWzzdqO] Recovering stream state from index errored: prior state file
[1] 2026/10/01 17:43:36.672208 [WRN] Filestore [C-R5F-msjHnwT6] Stream state outdated, last block has additional entries, will rebuild
[1] 2026/10/01 17:43:36.672216 [WRN] Filestore [C-R5F-msjHnwT6] Recovering stream state from index errored: prior state file
[1] 2026/10/01 17:43:36.676641 [WRN] Filestore [C-R5F-9yHXut7a] Stream state outdated, last block has additional entries, will rebuild
[1] 2026/10/01 17:43:36.676648 [WRN] Filestore [C-R5F-9yHXut7a] Recovering stream state from index errored: prior state file
[1] 2026/10/01 17:43:36.681791 [WRN] Filestore [C-R5F-YJs8J95N] Stream state outdated, last block has additional entries, will rebuild
[1] 2026/10/01 17:43:36.681800 [WRN] Filestore [C-R5F-YJs8J95N] Recovering stream state from index errored: prior state file
[1] 2026/10/01 17:43:36.685622 [WRN] Filestore [C-R5F-95608TlK] Stream state outdated, last block has additional entries, will rebuild
[1] 2026/10/01 17:43:36.685630 [WRN] Filestore [C-R5F-95608TlK] Recovering stream state from index errored: prior state file
[1] 2026/10/01 17:43:36.694134 [WRN] Filestore [C-R5F-uIqk69sr] Stream state outdated, last block has additional entries, will rebuild
[1] 2026/10/01 17:43:36.694145 [WRN] Filestore [C-R5F-uIqk69sr] Recovering stream state from index errored: prior state file
[1] 2026/10/01 17:43:36.698883 [WRN] Filestore [C-R5F-v1P2Amkv] Stream state outdated, last block has additional entries, will rebuild
[1] 2026/10/01 17:43:36.698890 [WRN] Filestore [C-R5F-v1P2Amkv] Recovering stream state from index errored: prior state file
[1] 2026/10/01 17:43:36.710743 [WRN] Filestore [C-R5F-79z46D1W] Stream state outdated, last block has additional entries, will rebuild
[1] 2026/10/01 17:43:36.710753 [WRN] Filestore [C-R5F-79z46D1W] Recovering stream state from index errored: prior state file
[1] 2026/10/01 17:43:36.717864 [WRN] Filestore [C-R5F-e4gkvegB] Stream state outdated, last block has additional entries, will rebuild
[1] 2026/10/01 17:43:36.717872 [WRN] Filestore [C-R5F-e4gkvegB] Recovering stream state from index errored: prior state file
[1] 2026/10/01 17:43:36.724691 [WRN] Metalayer blocking snapshot starting
[1] 2026/10/01 17:43:36.727643 [WRN] Metalayer blocking snapshot took 0.003s (streams: 10, consumers: 64, compacted: 34.09 KB)
[1] 2026/10/01 17:43:36.727739 [WRN] JetStream has not established contact with a meta leader
[1] 2026/10/01 17:43:37.219882 [INF] 172.19.0.2:59200 - rid:260 - Route connection created
[1] 2026/10/01 17:43:37.220781 [INF] 172.19.0.2:59200 - rid:260 - Router connection closed: Client Closed
[1] 2026/10/01 17:43:40.308263 [INF] JetStream cluster new metadata leader: js-wf-route-28253-1790876213545205686-n4/js-wf-route-28253-1790876213545205686
[1] 2026/10/01 17:43:41.798571 [WRN] JetStream cluster consumer '$G > WF_RUN > WF_P_54' has NO quorum, stalled.
[1] 2026/10/01 17:43:42.244827 [WRN] JetStream cluster stream '$G > WF_PURGE' has NO quorum, stalled
[1] 2026/10/01 17:43:42.319112 [WRN] JetStream cluster consumer '$G > WF_RUN > WF_P_37' has NO quorum, stalled.
[1] 2026/10/01 17:44:05.212980 [INF] 172.19.0.4:51864 - rid:181 - Router connection closed: Client Closed - Remote: js-wf-route-28253-1790876213545205686-n2
[1] 2026/10/01 17:44:05.213136 [INF] 172.19.0.4:51870 - rid:182 - Router connection closed: Client Closed - Remote: js-wf-route-28253-1790876213545205686-n2
[1] 2026/10/01 17:44:05.213301 [INF] 172.19.0.4:51832 - rid:169 - Router connection closed: Client Closed - Remote: js-wf-route-28253-1790876213545205686-n2
[1] 2026/10/01 17:44:05.214121 [INF] 172.19.0.4:51848 - rid:174 - Router connection closed: Client Closed - Remote: js-wf-route-28253-1790876213545205686-n2
[1] 2026/10/01 17:44:06.162202 [INF] 172.19.0.4:6222 - rid:261 - Route connection created
[1] 2026/10/01 17:44:06.162894 [INF] 172.19.0.4:6222 - rid:262 - Route connection created
[1] 2026/10/01 17:44:06.164620 [INF] 172.19.0.4:6222 - rid:263 - Route connection created
[1] 2026/10/01 17:44:06.172214 [INF] 172.19.0.4:6222 - rid:264 - Route connection created
[1] 2026/10/01 17:44:09.534750 [INF] JetStream cluster new stream leader for '$G > WF_JRN'
[1] 2026/10/01 17:44:09.563759 [INF] JetStream cluster new consumer leader for '$G > WF_RUN > WF_P_18'
[1] 2026/10/01 17:44:09.778974 [WRN] JetStream cluster consumer '$G > WF_RUN > WF_P_51' has NO quorum, stalled.