[1] 2026/10/01 17:42:36.071948 [INF] Starting nats-server
[1] 2026/10/01 17:42:36.072007 [INF]   Version:  2.15.0
[1] 2026/10/01 17:42:36.072009 [INF]   Git:      [not set]
[1] 2026/10/01 17:42:36.072010 [INF]   Cluster:  js-wf-route-28253-1790876213545205686
[1] 2026/10/01 17:42:36.072013 [INF]   Name:     js-wf-route-28253-1790876213545205686-n2
[1] 2026/10/01 17:42:36.072014 [INF]   Node:     pkYEq3qI
[1] 2026/10/01 17:42:36.072015 [INF]   ID:       NDJZ647MCLX7X2ELPDUZQDRKV275ZZF6HZTAD4S3OPGJUG7ODP4BCHWL
[1] 2026/10/01 17:42:36.072032 [INF] Using configuration file: /etc/nats.conf (sha256:2b3c0cdf1bae0dc828987430072bec52f1eee9114880f8779b1ec8bfa212027e)
[1] 2026/10/01 17:42:36.074822 [INF] Starting http monitor on 0.0.0.0:8222
[1] 2026/10/01 17:42:36.075251 [INF] Starting JetStream
[1] 2026/10/01 17:42:36.075370 [INF]     _ ___ _____ ___ _____ ___ ___   _   __  __
[1] 2026/10/01 17:42:36.075373 [INF]  _ | | __|_   _/ __|_   _| _ \ __| /_\ |  \/  |
[1] 2026/10/01 17:42:36.075374 [INF] | || | _|  | | \__ \ | | |   / _| / _ \| |\/| |
[1] 2026/10/01 17:42:36.075375 [INF]  \__/|___| |_| |___/ |_| |_|_\___/_/ \_\_|  |_|
[1] 2026/10/01 17:42:36.075375 [INF] 
[1] 2026/10/01 17:42:36.075376 [INF]          https://docs.nats.io/jetstream
[1] 2026/10/01 17:42:36.075377 [INF] 
[1] 2026/10/01 17:42:36.075377 [INF] ---------------- JETSTREAM ----------------
[1] 2026/10/01 17:42:36.075378 [INF]   Strict:          true
[1] 2026/10/01 17:42:36.075380 [INF]   Max Memory:      11.71 GB
[1] 2026/10/01 17:42:36.075381 [INF]   Max Storage:     2.50 GB
[1] 2026/10/01 17:42:36.075382 [INF]   Store Directory: "/data/jetstream"
[1] 2026/10/01 17:42:36.075382 [INF]   API Level:       5
[1] 2026/10/01 17:42:36.075383 [INF] -------------------------------------------
[1] 2026/10/01 17:42:36.075825 [INF]   Starting restore for stream '$G > WF_SIG'
[1] 2026/10/01 17:42:36.075827 [INF]   Starting restore for stream '$G > WF_PURGE'
[1] 2026/10/01 17:42:36.075864 [INF]   Starting restore for stream '$G > KV_WF_LEASE'
[1] 2026/10/01 17:42:36.075897 [INF]   Starting restore for stream '$G > WF_JRN'
[1] 2026/10/01 17:42:36.075974 [INF]   Starting restore for stream '$G > KV_WF_ASSIGN'
[1] 2026/10/01 17:42:36.076059 [INF]   Starting restore for stream '$G > WF_INV'
[1] 2026/10/01 17:42:36.076124 [INF]   Starting restore for stream '$G > OBJ_WF_BLOB'
[1] 2026/10/01 17:42:36.076173 [INF]   Starting restore for stream '$G > KV_WF_STATE'
[1] 2026/10/01 17:42:36.076173 [INF]   Starting restore for stream '$G > WF_RUN'
[1] 2026/10/01 17:42:36.076214 [INF]   Starting restore for stream '$G > KV_WF_VIEW'
[1] 2026/10/01 17:42:36.076355 [INF]   Restored 0 messages for stream '$G > OBJ_WF_BLOB' in 0s
[1] 2026/10/01 17:42:36.076378 [INF]   Restored 0 messages for stream '$G > KV_WF_VIEW' in 0s
[1] 2026/10/01 17:42:36.076393 [INF]   Restored 0 messages for stream '$G > KV_WF_ASSIGN' in 0s
[1] 2026/10/01 17:42:36.076459 [WRN] Filestore [WF_SIG] Stream state outdated, last block has additional entries, will rebuild
[1] 2026/10/01 17:42:36.076462 [WRN] Filestore [WF_SIG] Recovering stream state from index errored: prior state file
[1] 2026/10/01 17:42:36.077049 [WRN] Filestore [KV_WF_LEASE] Stream state outdated, last block has additional entries, will rebuild
[1] 2026/10/01 17:42:36.077057 [WRN] Filestore [KV_WF_LEASE] Recovering stream state from index errored: prior state file
[1] 2026/10/01 17:42:36.077701 [WRN] Filestore [WF_INV] Stream state outdated, last block has additional entries, will rebuild
[1] 2026/10/01 17:42:36.077708 [WRN] Filestore [WF_INV] Recovering stream state from index errored: prior state file
[1] 2026/10/01 17:42:36.079078 [WRN] Filestore [WF_JRN] Stream state outdated, last block has additional entries, will rebuild
[1] 2026/10/01 17:42:36.079087 [WRN] Filestore [WF_JRN] Recovering stream state from index errored: prior state file
[1] 2026/10/01 17:42:36.080247 [INF]   Restored 0 messages for stream '$G > WF_PURGE' in 4ms
[1] 2026/10/01 17:42:36.081849 [WRN] Filestore [WF_RUN] Stream state detected prior state, could not locate msg block 3
[1] 2026/10/01 17:42:36.081863 [WRN] Filestore [WF_RUN] Recovering stream state from index errored: prior state file
[1] 2026/10/01 17:42:36.082569 [WRN] Filestore [KV_WF_STATE] Stream state outdated, last block has additional entries, will rebuild
[1] 2026/10/01 17:42:36.082606 [WRN] Filestore [KV_WF_STATE] Recovering stream state from index errored: prior state file
[1] 2026/10/01 17:42:36.083724 [INF]   Restored 1,564 messages for stream '$G > WF_SIG' in 8ms
[1] 2026/10/01 17:42:36.085067 [WRN] Filestore [WF_RUN] Message scheduling state is outdated; attempting to recover using linear scan (seq 4418 to 5084)
[1] 2026/10/01 17:42:36.086370 [INF]   Restored 28 messages for stream '$G > WF_RUN' in 10ms
[1] 2026/10/01 17:42:36.087202 [INF]   Recovering 64 consumers for stream - '$G > WF_RUN'
[1] 2026/10/01 17:42:36.088504 [WRN] Filestore [KV_WF_LEASE] TTL state is outdated; attempting to recover using linear scan (seq 23506 to 29995)
[1] 2026/10/01 17:42:36.091935 [INF]   Restored 1,288 messages for stream '$G > WF_INV' in 16ms
[1] 2026/10/01 17:42:36.096599 [INF]   Restored 1,288 messages for stream '$G > KV_WF_STATE' in 20ms
[1] 2026/10/01 17:42:36.101142 [INF]   Restored 14,197 messages for stream '$G > WF_JRN' in 25ms
[1] 2026/10/01 17:42:36.105098 [INF]   Restored 512 messages for stream '$G > KV_WF_LEASE' in 29ms
[1] 2026/10/01 17:42:36.105163 [INF] Starting JetStream cluster
[1] 2026/10/01 17:42:36.105170 [INF] Creating JetStream metadata controller
[1] 2026/10/01 17:42:36.105372 [WRN] Filestore [_meta_] Stream state outdated, last block has additional entries, will rebuild
[1] 2026/10/01 17:42:36.105379 [WRN] Filestore [_meta_] Recovering stream state from index errored: prior state file
[1] 2026/10/01 17:42:36.105532 [INF] JetStream cluster recovering state
[1] 2026/10/01 17:42:36.112548 [INF] Took 37.290113ms to start JetStream
[1] 2026/10/01 17:42:36.112681 [INF] Listening for client connections on 0.0.0.0:4222
[1] 2026/10/01 17:42:36.112931 [INF] Server is ready
[1] 2026/10/01 17:42:36.112983 [INF] Cluster name is js-wf-route-28253-1790876213545205686
[1] 2026/10/01 17:42:36.113022 [INF] Listening for route connections on 0.0.0.0:6222
[1] 2026/10/01 17:42:36.114155 [INF] 172.19.0.2:6222 - rid:166 - Route connection created
[1] 2026/10/01 17:42:36.115059 [INF] 172.19.0.5:39496 - rid:167 - Route connection created
[1] 2026/10/01 17:42:36.115316 [INF] 172.19.0.2:6222 - rid:169 - Route connection created
[1] 2026/10/01 17:42:36.115422 [INF] 172.19.0.6:47164 - rid:168 - Route connection created
[1] 2026/10/01 17:42:36.115827 [INF] 172.19.0.3:41198 - rid:170 - Route connection created
[1] 2026/10/01 17:42:36.115908 [INF] 172.19.0.5:39508 - rid:171 - Route connection created
[1] 2026/10/01 17:42:36.116381 [INF] 172.19.0.6:47176 - rid:172 - Route connection created
[1] 2026/10/01 17:42:36.117049 [INF] 172.19.0.6:47190 - rid:174 - Route connection created
[1] 2026/10/01 17:42:36.117209 [INF] 172.19.0.3:41208 - rid:175 - Route connection created
[1] 2026/10/01 17:42:36.117318 [INF] 172.19.0.5:39510 - rid:176 - Route connection created
[1] 2026/10/01 17:42:36.118061 [INF] 172.19.0.3:41212 - rid:177 - Route connection created
[1] 2026/10/01 17:42:36.119126 [INF] 172.19.0.2:6222 - rid:178 - Route connection created
[1] 2026/10/01 17:42:36.119471 [INF] 172.19.0.2:6222 - rid:173 - Route connection created
[1] 2026/10/01 17:42:36.120291 [INF] 172.19.0.5:39526 - rid:179 - Route connection created
[1] 2026/10/01 17:42:36.120948 [INF] 172.19.0.6:47200 - rid:181 - Route connection created
[1] 2026/10/01 17:42:36.121316 [INF] 172.19.0.3:41222 - rid:180 - Route connection created
[1] 2026/10/01 17:42:36.213142 [WRN] Waiting for routing to be established...
[1] 2026/10/01 17:42:36.219574 [WRN] Filestore [S-R5F-5aAqg13g] Stream state outdated, last block has additional entries, will rebuild
[1] 2026/10/01 17:42:36.219671 [WRN] Filestore [S-R5F-5aAqg13g] Recovering stream state from index errored: prior state file
[1] 2026/10/01 17:42:36.223150 [WRN] Filestore [S-R5F-P7aP6FG9] Stream state outdated, last block has additional entries, will rebuild
[1] 2026/10/01 17:42:36.223190 [WRN] Filestore [S-R5F-P7aP6FG9] Recovering stream state from index errored: prior state file
[1] 2026/10/01 17:42:36.229945 [WRN] Filestore [S-R5F-VuED4yaP] Stream state outdated, last block has additional entries, will rebuild
[1] 2026/10/01 17:42:36.230006 [WRN] Filestore [S-R5F-VuED4yaP] Recovering stream state from index errored: prior state file
[1] 2026/10/01 17:42:36.242538 [WRN] Filestore [S-R5F-ZgswZAyg] Stream state outdated, last block has additional entries, will rebuild
[1] 2026/10/01 17:42:36.242553 [WRN] Filestore [S-R5F-ZgswZAyg] Recovering stream state from index errored: prior state file
[1] 2026/10/01 17:42:36.245127 [WRN] Filestore [S-R5F-7LQYsnk6] Stream state outdated, last block has additional entries, will rebuild
[1] 2026/10/01 17:42:36.245135 [WRN] Filestore [S-R5F-7LQYsnk6] Recovering stream state from index errored: prior state file
[1] 2026/10/01 17:42:36.251188 [WRN] Filestore [S-R5F-qXhhgiAg] Stream state outdated, last block has additional entries, will rebuild
[1] 2026/10/01 17:42:36.251200 [WRN] Filestore [S-R5F-qXhhgiAg] Recovering stream state from index errored: prior state file
[1] 2026/10/01 17:42:36.258685 [WRN] Filestore [S-R5F-nvbygIVe] Stream state outdated, last block has additional entries, will rebuild
[1] 2026/10/01 17:42:36.258694 [WRN] Filestore [S-R5F-nvbygIVe] Recovering stream state from index errored: prior state file
[1] 2026/10/01 17:42:36.265941 [WRN] Filestore [S-R5F-ACdBe4Nw] Stream state outdated, last block has additional entries, will rebuild
[1] 2026/10/01 17:42:36.265949 [WRN] Filestore [S-R5F-ACdBe4Nw] Recovering stream state from index errored: prior state file
[1] 2026/10/01 17:42:36.268689 [WRN] Filestore [C-R5F-hbZS62va] Stream state outdated, last block has additional entries, will rebuild
[1] 2026/10/01 17:42:36.268694 [WRN] Filestore [C-R5F-hbZS62va] Recovering stream state from index errored: prior state file
[1] 2026/10/01 17:42:36.271597 [WRN] Filestore [C-R5F-xEMdv3hq] Stream state outdated, last block has additional entries, will rebuild
[1] 2026/10/01 17:42:36.271605 [WRN] Filestore [C-R5F-xEMdv3hq] Recovering stream state from index errored: prior state file
[1] 2026/10/01 17:42:36.276529 [WRN] Filestore [C-R5F-uWIAkgbm] Stream state outdated, last block has additional entries, will rebuild
[1] 2026/10/01 17:42:36.276536 [WRN] Filestore [C-R5F-uWIAkgbm] Recovering stream state from index errored: prior state file
[1] 2026/10/01 17:42:36.279302 [WRN] Filestore [C-R5F-acQ2tGAH] Stream state outdated, last block has additional entries, will rebuild
[1] 2026/10/01 17:42:36.279312 [WRN] Filestore [C-R5F-acQ2tGAH] Recovering stream state from index errored: prior state file
[1] 2026/10/01 17:42:36.284647 [WRN] Filestore [C-R5F-M5ky20qO] Stream state outdated, last block has additional entries, will rebuild
[1] 2026/10/01 17:42:36.284654 [WRN] Filestore [C-R5F-M5ky20qO] Recovering stream state from index errored: prior state file
[1] 2026/10/01 17:42:36.290635 [WRN] Filestore [C-R5F-P5pVZQQ9] Stream state outdated, last block has additional entries, will rebuild
[1] 2026/10/01 17:42:36.290644 [WRN] Filestore [C-R5F-P5pVZQQ9] Recovering stream state from index errored: prior state file
[1] 2026/10/01 17:42:36.295309 [WRN] Filestore [C-R5F-icy4r0QO] Stream state outdated, last block has additional entries, will rebuild
[1] 2026/10/01 17:42:36.295318 [WRN] Filestore [C-R5F-icy4r0QO] Recovering stream state from index errored: prior state file
[1] 2026/10/01 17:42:36.298057 [WRN] Filestore [C-R5F-msjHnwT6] Stream state outdated, last block has additional entries, will rebuild
[1] 2026/10/01 17:42:36.298066 [WRN] Filestore [C-R5F-msjHnwT6] Recovering stream state from index errored: prior state file
[1] 2026/10/01 17:42:36.304301 [WRN] Filestore [C-R5F-dpUSPy1H] Stream state outdated, last block has additional entries, will rebuild
[1] 2026/10/01 17:42:36.304309 [WRN] Filestore [C-R5F-dpUSPy1H] Recovering stream state from index errored: prior state file
[1] 2026/10/01 17:42:36.308562 [WRN] Filestore [C-R5F-PEbMPFcC] Stream state outdated, last block has additional entries, will rebuild
[1] 2026/10/01 17:42:36.308571 [WRN] Filestore [C-R5F-PEbMPFcC] Recovering stream state from index errored: prior state file
[1] 2026/10/01 17:42:36.312761 [WRN] Filestore [C-R5F-Cstbmx0M] Stream state outdated, last block has additional entries, will rebuild
[1] 2026/10/01 17:42:36.312768 [WRN] Filestore [C-R5F-Cstbmx0M] Recovering stream state from index errored: prior state file
[1] 2026/10/01 17:42:36.315644 [WRN] Filestore [C-R5F-cbq2V1Vj] Stream state outdated, last block has additional entries, will rebuild
[1] 2026/10/01 17:42:36.315653 [WRN] Filestore [C-R5F-cbq2V1Vj] Recovering stream state from index errored: prior state file
[1] 2026/10/01 17:42:36.319076 [WRN] Filestore [C-R5F-rL03EjBD] Stream state outdated, last block has additional entries, will rebuild
[1] 2026/10/01 17:42:36.319084 [WRN] Filestore [C-R5F-rL03EjBD] Recovering stream state from index errored: prior state file
[1] 2026/10/01 17:42:36.328373 [WRN] Filestore [C-R5F-S8TLVvtt] Stream state outdated, last block has additional entries, will rebuild
[1] 2026/10/01 17:42:36.328384 [WRN] Filestore [C-R5F-S8TLVvtt] Recovering stream state from index errored: prior state file
[1] 2026/10/01 17:42:36.336886 [WRN] Filestore [C-R5F-YJs8J95N] Stream state outdated, last block has additional entries, will rebuild
[1] 2026/10/01 17:42:36.336896 [WRN] Filestore [C-R5F-YJs8J95N] Recovering stream state from index errored: prior state file
[1] 2026/10/01 17:42:36.344624 [WRN] Filestore [C-R5F-2GroPi5z] Stream state outdated, last block has additional entries, will rebuild
[1] 2026/10/01 17:42:36.344633 [WRN] Filestore [C-R5F-2GroPi5z] Recovering stream state from index errored: prior state file
[1] 2026/10/01 17:42:36.347280 [WRN] Filestore [C-R5F-v1P2Amkv] Stream state outdated, last block has additional entries, will rebuild
[1] 2026/10/01 17:42:36.347287 [WRN] Filestore [C-R5F-v1P2Amkv] Recovering stream state from index errored: prior state file
[1] 2026/10/01 17:42:36.349795 [WRN] Filestore [C-R5F-pLLje2j9] Stream state outdated, last block has additional entries, will rebuild
[1] 2026/10/01 17:42:36.349799 [WRN] Filestore [C-R5F-pLLje2j9] Recovering stream state from index errored: prior state file
[1] 2026/10/01 17:42:36.352671 [WRN] Filestore [C-R5F-GA8GRlPi] Stream state outdated, last block has additional entries, will rebuild
[1] 2026/10/01 17:42:36.352680 [WRN] Filestore [C-R5F-GA8GRlPi] Recovering stream state from index errored: prior state file
[1] 2026/10/01 17:42:36.355475 [WRN] Filestore [C-R5F-N11amTlI] Stream state outdated, last block has additional entries, will rebuild
[1] 2026/10/01 17:42:36.355481 [WRN] Filestore [C-R5F-N11amTlI] Recovering stream state from index errored: prior state file
[1] 2026/10/01 17:42:36.361151 [WRN] Filestore [C-R5F-aMPaxkvv] Stream state outdated, last block has additional entries, will rebuild
[1] 2026/10/01 17:42:36.361162 [WRN] Filestore [C-R5F-aMPaxkvv] Recovering stream state from index errored: prior state file
[1] 2026/10/01 17:42:36.367086 [WRN] Filestore [C-R5F-YiZ5MXTE] Stream state outdated, last block has additional entries, will rebuild
[1] 2026/10/01 17:42:36.367096 [WRN] Filestore [C-R5F-YiZ5MXTE] Recovering stream state from index errored: prior state file
[1] 2026/10/01 17:42:36.371942 [WRN] Filestore [C-R5F-Wv1sdYy8] Stream state outdated, last block has additional entries, will rebuild
[1] 2026/10/01 17:42:36.371955 [WRN] Filestore [C-R5F-Wv1sdYy8] Recovering stream state from index errored: prior state file
[1] 2026/10/01 17:42:36.375034 [WRN] Filestore [C-R5F-LC9OpWED] Stream state outdated, last block has additional entries, will rebuild
[1] 2026/10/01 17:42:36.375041 [WRN] Filestore [C-R5F-LC9OpWED] Recovering stream state from index errored: prior state file
[1] 2026/10/01 17:42:36.377799 [WRN] Filestore [C-R5F-RckEkWmu] Stream state outdated, last block has additional entries, will rebuild
[1] 2026/10/01 17:42:36.377809 [WRN] Filestore [C-R5F-RckEkWmu] Recovering stream state from index errored: prior state file
[1] 2026/10/01 17:42:36.380692 [WRN] Filestore [C-R5F-uIqk69sr] Stream state outdated, last block has additional entries, will rebuild
[1] 2026/10/01 17:42:36.380698 [WRN] Filestore [C-R5F-uIqk69sr] Recovering stream state from index errored: prior state file
[1] 2026/10/01 17:42:36.385983 [WRN] Filestore [C-R5F-Id1T79ov] Stream state outdated, last block has additional entries, will rebuild
[1] 2026/10/01 17:42:36.385990 [WRN] Filestore [C-R5F-Id1T79ov] Recovering stream state from index errored: prior state file
[1] 2026/10/01 17:42:36.388643 [WRN] Filestore [C-R5F-4oafoVFY] Stream state outdated, last block has additional entries, will rebuild
[1] 2026/10/01 17:42:36.388650 [WRN] Filestore [C-R5F-4oafoVFY] Recovering stream state from index errored: prior state file
[1] 2026/10/01 17:42:36.391139 [WRN] Filestore [C-R5F-GfdGm9uv] Stream state outdated, last block has additional entries, will rebuild
[1] 2026/10/01 17:42:36.391146 [WRN] Filestore [C-R5F-GfdGm9uv] Recovering stream state from index errored: prior state file
[1] 2026/10/01 17:42:36.395522 [WRN] Filestore [C-R5F-TpmWd2cv] Stream state outdated, last block has additional entries, will rebuild
[1] 2026/10/01 17:42:36.395529 [WRN] Filestore [C-R5F-TpmWd2cv] Recovering stream state from index errored: prior state file
[1] 2026/10/01 17:42:36.401796 [WRN] Filestore [C-R5F-9yHXut7a] Stream state outdated, last block has additional entries, will rebuild
[1] 2026/10/01 17:42:36.401804 [WRN] Filestore [C-R5F-9yHXut7a] Recovering stream state from index errored: prior state file
[1] 2026/10/01 17:42:36.405969 [WRN] Filestore [C-R5F-1xWzzdqO] Stream state outdated, last block has additional entries, will rebuild
[1] 2026/10/01 17:42:36.405978 [WRN] Filestore [C-R5F-1xWzzdqO] Recovering stream state from index errored: prior state file
[1] 2026/10/01 17:42:36.408947 [WRN] Filestore [C-R5F-EtVtzLZK] Stream state outdated, last block has additional entries, will rebuild
[1] 2026/10/01 17:42:36.408954 [WRN] Filestore [C-R5F-EtVtzLZK] Recovering stream state from index errored: prior state file
[1] 2026/10/01 17:42:36.412023 [WRN] Filestore [C-R5F-XvpkKKzU] Stream state outdated, last block has additional entries, will rebuild
[1] 2026/10/01 17:42:36.412031 [WRN] Filestore [C-R5F-XvpkKKzU] Recovering stream state from index errored: prior state file
[1] 2026/10/01 17:42:36.415359 [WRN] Filestore [C-R5F-CjxMvGlE] Stream state outdated, last block has additional entries, will rebuild
[1] 2026/10/01 17:42:36.415366 [WRN] Filestore [C-R5F-CjxMvGlE] Recovering stream state from index errored: prior state file
[1] 2026/10/01 17:42:36.418180 [WRN] Filestore [C-R5F-GhAZwpbP] Stream state outdated, last block has additional entries, will rebuild
[1] 2026/10/01 17:42:36.418189 [WRN] Filestore [C-R5F-GhAZwpbP] Recovering stream state from index errored: prior state file
[1] 2026/10/01 17:42:36.421098 [WRN] Filestore [C-R5F-96ShicA7] Stream state outdated, last block has additional entries, will rebuild
[1] 2026/10/01 17:42:36.421108 [WRN] Filestore [C-R5F-96ShicA7] Recovering stream state from index errored: prior state file
[1] 2026/10/01 17:42:36.426300 [WRN] Filestore [C-R5F-GqFJ2pK0] Stream state outdated, last block has additional entries, will rebuild
[1] 2026/10/01 17:42:36.426310 [WRN] Filestore [C-R5F-GqFJ2pK0] Recovering stream state from index errored: prior state file
[1] 2026/10/01 17:42:36.429775 [WRN] Filestore [C-R5F-G7ECqq9u] Stream state outdated, last block has additional entries, will rebuild
[1] 2026/10/01 17:42:36.429782 [WRN] Filestore [C-R5F-G7ECqq9u] Recovering stream state from index errored: prior state file
[1] 2026/10/01 17:42:36.432508 [WRN] Filestore [C-R5F-QFvAjx6x] Stream state outdated, last block has additional entries, will rebuild
[1] 2026/10/01 17:42:36.432514 [WRN] Filestore [C-R5F-QFvAjx6x] Recovering stream state from index errored: prior state file
[1] 2026/10/01 17:42:36.435424 [WRN] Filestore [C-R5F-6phBWFvR] Stream state outdated, last block has additional entries, will rebuild
[1] 2026/10/01 17:42:36.435431 [WRN] Filestore [C-R5F-6phBWFvR] Recovering stream state from index errored: prior state file
[1] 2026/10/01 17:42:36.438068 [WRN] Filestore [C-R5F-DqqdJtGY] Stream state outdated, last block has additional entries, will rebuild
[1] 2026/10/01 17:42:36.438073 [WRN] Filestore [C-R5F-DqqdJtGY] Recovering stream state from index errored: prior state file
[1] 2026/10/01 17:42:36.441892 [WRN] Filestore [C-R5F-Gouc2DR2] Stream state outdated, last block has additional entries, will rebuild
[1] 2026/10/01 17:42:36.441898 [WRN] Filestore [C-R5F-Gouc2DR2] Recovering stream state from index errored: prior state file
[1] 2026/10/01 17:42:36.444785 [WRN] Filestore [C-R5F-unrIRVZc] Stream state outdated, last block has additional entries, will rebuild
[1] 2026/10/01 17:42:36.444793 [WRN] Filestore [C-R5F-unrIRVZc] Recovering stream state from index errored: prior state file
[1] 2026/10/01 17:42:36.451737 [WRN] Filestore [C-R5F-hJddxlUR] Stream state outdated, last block has additional entries, will rebuild
[1] 2026/10/01 17:42:36.451746 [WRN] Filestore [C-R5F-hJddxlUR] Recovering stream state from index errored: prior state file
[1] 2026/10/01 17:42:36.458166 [WRN] Filestore [C-R5F-NrtBgYZN] Stream state outdated, last block has additional entries, will rebuild
[1] 2026/10/01 17:42:36.458180 [WRN] Filestore [C-R5F-NrtBgYZN] Recovering stream state from index errored: prior state file
[1] 2026/10/01 17:42:36.476179 [WRN] Filestore [C-R5F-rpuD2G6N] Stream state outdated, last block has additional entries, will rebuild
[1] 2026/10/01 17:42:36.476200 [WRN] Filestore [C-R5F-rpuD2G6N] Recovering stream state from index errored: prior state file
[1] 2026/10/01 17:42:36.509159 [WRN] Filestore [C-R5F-89cr8v7q] Stream state outdated, last block has additional entries, will rebuild
[1] 2026/10/01 17:42:36.509174 [WRN] Filestore [C-R5F-89cr8v7q] Recovering stream state from index errored: prior state file
[1] 2026/10/01 17:42:36.538862 [WRN] Filestore [C-R5F-DpoxJlP6] Stream state outdated, last block has additional entries, will rebuild
[1] 2026/10/01 17:42:36.538876 [WRN] Filestore [C-R5F-DpoxJlP6] Recovering stream state from index errored: prior state file
[1] 2026/10/01 17:42:36.542553 [WRN] Filestore [C-R5F-y9PiBYpY] Stream state outdated, last block has additional entries, will rebuild
[1] 2026/10/01 17:42:36.542568 [WRN] Filestore [C-R5F-y9PiBYpY] Recovering stream state from index errored: prior state file
[1] 2026/10/01 17:42:36.551333 [WRN] Filestore [C-R5F-llrCrQBu] Stream state outdated, last block has additional entries, will rebuild
[1] 2026/10/01 17:42:36.551344 [WRN] Filestore [C-R5F-llrCrQBu] Recovering stream state from index errored: prior state file
[1] 2026/10/01 17:42:36.556871 [WRN] Filestore [C-R5F-0znd06my] Stream state outdated, last block has additional entries, will rebuild
[1] 2026/10/01 17:42:36.556882 [WRN] Filestore [C-R5F-0znd06my] Recovering stream state from index errored: prior state file
[1] 2026/10/01 17:42:36.560073 [WRN] Filestore [C-R5F-95608TlK] Stream state outdated, last block has additional entries, will rebuild
[1] 2026/10/01 17:42:36.560081 [WRN] Filestore [C-R5F-95608TlK] Recovering stream state from index errored: prior state file
[1] 2026/10/01 17:42:36.568049 [WRN] Filestore [C-R5F-cak36pfv] Stream state outdated, last block has additional entries, will rebuild
[1] 2026/10/01 17:42:36.568062 [WRN] Filestore [C-R5F-cak36pfv] Recovering stream state from index errored: prior state file
[1] 2026/10/01 17:42:36.570707 [WRN] Filestore [C-R5F-QAJgiK2F] Stream state outdated, last block has additional entries, will rebuild
[1] 2026/10/01 17:42:36.570715 [WRN] Filestore [C-R5F-QAJgiK2F] Recovering stream state from index errored: prior state file
[1] 2026/10/01 17:42:36.573562 [WRN] Filestore [C-R5F-5m6xtXhb] Stream state outdated, last block has additional entries, will rebuild
[1] 2026/10/01 17:42:36.573569 [WRN] Filestore [C-R5F-5m6xtXhb] Recovering stream state from index errored: prior state file
[1] 2026/10/01 17:42:36.578815 [WRN] Filestore [C-R5F-e4gkvegB] Stream state outdated, last block has additional entries, will rebuild
[1] 2026/10/01 17:42:36.578823 [WRN] Filestore [C-R5F-e4gkvegB] Recovering stream state from index errored: prior state file
[1] 2026/10/01 17:42:36.583645 [WRN] Filestore [C-R5F-E7sBdcBs] Stream state outdated, last block has additional entries, will rebuild
[1] 2026/10/01 17:42:36.583655 [WRN] Filestore [C-R5F-E7sBdcBs] Recovering stream state from index errored: prior state file
[1] 2026/10/01 17:42:36.585746 [WRN] Filestore [C-R5F-t3wc5nFh] Stream state outdated, last block has additional entries, will rebuild
[1] 2026/10/01 17:42:36.585754 [WRN] Filestore [C-R5F-t3wc5nFh] Recovering stream state from index errored: prior state file
[1] 2026/10/01 17:42:36.588448 [WRN] Filestore [C-R5F-kMvfdrQ9] Stream state outdated, last block has additional entries, will rebuild
[1] 2026/10/01 17:42:36.588454 [WRN] Filestore [C-R5F-kMvfdrQ9] Recovering stream state from index errored: prior state file
[1] 2026/10/01 17:42:36.591057 [WRN] Filestore [C-R5F-TKhMuruh] Stream state outdated, last block has additional entries, will rebuild
[1] 2026/10/01 17:42:36.591066 [WRN] Filestore [C-R5F-TKhMuruh] Recovering stream state from index errored: prior state file
[1] 2026/10/01 17:42:36.597812 [WRN] Filestore [C-R5F-79z46D1W] Stream state outdated, last block has additional entries, will rebuild
[1] 2026/10/01 17:42:36.597820 [WRN] Filestore [C-R5F-79z46D1W] Recovering stream state from index errored: prior state file
[1] 2026/10/01 17:42:36.601952 [WRN] Filestore [C-R5F-lgI7HU8G] Stream state outdated, last block has additional entries, will rebuild
[1] 2026/10/01 17:42:36.601960 [WRN] Filestore [C-R5F-lgI7HU8G] Recovering stream state from index errored: prior state file
[1] 2026/10/01 17:42:36.614460 [WRN] Metalayer blocking snapshot starting
[1] 2026/10/01 17:42:36.619279 [WRN] Metalayer blocking snapshot took 0.005s (streams: 10, consumers: 64, compacted: 80.62 KB)
[1] 2026/10/01 17:42:36.619315 [WRN] JetStream has not established contact with a meta leader
[1] 2026/10/01 17:42:40.472385 [INF] JetStream cluster new metadata leader: js-wf-route-28253-1790876213545205686-n1/js-wf-route-28253-1790876213545205686
[1] 2026/10/01 17:42:40.808986 [INF] JetStream cluster new stream leader for '$G > WF_JRN'
[1] 2026/10/01 17:42:41.470289 [WRN] JetStream cluster consumer '$G > WF_RUN > WF_P_25' has NO quorum, stalled.