=== RUN   TestFiveContainerMixedJournalLeaderEveryThirtySeconds
    tier3_mixed_journal_test.go:307: tier3 mixed batch=1 elapsed=5.921448697s
    tier3_mixed_journal_test.go:307: tier3 mixed batch=2 elapsed=9.947871398s
    tier3_mixed_journal_test.go:307: tier3 mixed batch=3 elapsed=13.86882478s
    tier3_mixed_journal_test.go:307: tier3 mixed batch=4 elapsed=17.890846434s
    tier3_mixed_journal_test.go:307: tier3 mixed batch=5 elapsed=21.90764308s
    tier3_mixed_journal_test.go:307: tier3 mixed batch=6 elapsed=27.322040153s
    tier3_mixed_journal_test.go:243: tier3 journal fault node=0 scheduled=30s killed=30.030682864s healed=34.863872154s
    tier3_mixed_journal_test.go:307: tier3 mixed batch=7 elapsed=38.335398133s
    tier3_mixed_journal_test.go:307: tier3 mixed batch=8 elapsed=43.450952627s
    tier3_mixed_journal_test.go:307: tier3 mixed batch=9 elapsed=48.969088138s
    tier3_mixed_journal_test.go:305: tier3 checkpoint batch=10 report={Invocations:280 Journals:280 Entries:3091 Terminal:280}
    tier3_mixed_journal_test.go:307: tier3 mixed batch=10 elapsed=54.628353088s
    tier3_mixed_journal_test.go:307: tier3 mixed batch=11 elapsed=59.942297606s
    tier3_mixed_journal_test.go:243: tier3 journal fault node=2 scheduled=1m0s killed=1m0.056399323s healed=1m7.456873864s
    tier3_mixed_journal_test.go:243: tier3 journal fault node=0 scheduled=1m30s killed=1m30.017717291s healed=1m35.520950033s
    tier3_mixed_journal_test.go:307: tier3 mixed batch=12 elapsed=2m5.659987823s
    tier3_mixed_journal_test.go:243: tier3 journal fault node=4 scheduled=2m0s killed=2m0.020375211s healed=2m7.729078499s
    tier3_mixed_journal_test.go:307: tier3 mixed batch=13 elapsed=2m10.767529033s
    tier3_mixed_journal_test.go:307: tier3 mixed batch=14 elapsed=2m15.948211842s
    tier3_mixed_journal_test.go:307: tier3 mixed batch=15 elapsed=2m21.260527486s
    tier3_mixed_journal_test.go:307: tier3 mixed batch=16 elapsed=2m26.576056543s
    tier3_mixed_journal_test.go:243: tier3 journal fault node=2 scheduled=2m30s killed=2m30.018716933s healed=2m35.577152265s
    tier3_mixed_journal_test.go:307: tier3 mixed batch=17 elapsed=2m36.490446292s
    tier3_mixed_journal_test.go:307: tier3 mixed batch=18 elapsed=2m40.404533012s
    tier3_mixed_journal_test.go:307: tier3 mixed batch=19 elapsed=2m45.719017773s
    tier3_mixed_journal_test.go:305: tier3 checkpoint batch=20 report={Invocations:560 Journals:560 Entries:6180 Terminal:560}
    tier3_mixed_journal_test.go:307: tier3 mixed batch=20 elapsed=2m50.444217527s
    tier3_mixed_journal_test.go:307: tier3 mixed batch=21 elapsed=2m56.062056876s
    tier3_mixed_journal_test.go:307: tier3 mixed batch=22 elapsed=3m7.283717991s
    tier3_mixed_journal_test.go:243: tier3 journal fault node=1 scheduled=3m0s killed=3m0.021461147s healed=3m7.507577224s
    tier3_mixed_journal_test.go:307: tier3 mixed batch=23 elapsed=3m12.366641515s
    tier3_mixed_journal_test.go:307: tier3 mixed batch=24 elapsed=3m17.678334593s
    tier3_mixed_journal_test.go:307: tier3 mixed batch=25 elapsed=3m22.989206495s
    tier3_mixed_journal_test.go:307: tier3 mixed batch=26 elapsed=3m28.300976753s
    tier3_mixed_journal_test.go:243: tier3 journal fault node=4 scheduled=3m30s killed=3m30.031820784s healed=3m36.101223611s
    tier3_mixed_journal_test.go:307: tier3 mixed batch=27 elapsed=3m39.017291506s
    tier3_mixed_journal_test.go:307: tier3 mixed batch=28 elapsed=3m44.329289089s
    tier3_mixed_journal_test.go:307: tier3 mixed batch=29 elapsed=3m49.751358344s
    tier3_mixed_journal_test.go:305: tier3 checkpoint batch=30 report={Invocations:840 Journals:840 Entries:9262 Terminal:840}
    tier3_mixed_journal_test.go:307: tier3 mixed batch=30 elapsed=3m56.917896641s
    tier3_mixed_journal_test.go:307: tier3 mixed batch=31 elapsed=4m6.096199721s
    tier3_mixed_journal_test.go:243: tier3 journal fault node=1 scheduled=4m0s killed=4m0.04139836s healed=4m6.736398971s
    tier3_mixed_journal_test.go:307: tier3 mixed batch=32 elapsed=4m10.021730361s
    tier3_mixed_journal_test.go:307: tier3 mixed batch=33 elapsed=4m15.537724146s
    tier3_mixed_journal_test.go:307: tier3 mixed batch=34 elapsed=4m20.956047099s
    tier3_mixed_journal_test.go:307: tier3 mixed batch=35 elapsed=4m26.472476393s
    tier3_mixed_journal_test.go:243: tier3 journal fault node=0 scheduled=4m30s killed=4m30.01959002s healed=4m36.070518445s
    tier3_mixed_journal_test.go:307: tier3 mixed batch=36 elapsed=4m37.385119988s
    tier3_mixed_journal_test.go:307: tier3 mixed batch=37 elapsed=4m42.797221379s
    tier3_mixed_journal_test.go:307: tier3 mixed batch=38 elapsed=4m47.894614102s
    tier3_mixed_journal_test.go:307: tier3 mixed batch=39 elapsed=4m51.877950465s
    tier3_mixed_journal_test.go:305: tier3 checkpoint batch=40 report={Invocations:1120 Journals:1120 Entries:12351 Terminal:1120}
    tier3_mixed_journal_test.go:307: tier3 mixed batch=40 elapsed=4m57.642549579s
    tier3_mixed_journal_test.go:243: tier3 journal fault node=3 scheduled=5m0s killed=5m0.03434729s healed=5m7.61266412s
    tier3_mixed_journal_test.go:307: tier3 mixed batch=41 elapsed=5m8.995690123s
    tier3_mixed_journal_test.go:307: tier3 mixed batch=42 elapsed=5m14.50994743s
    tier3_mixed_journal_test.go:307: tier3 mixed batch=43 elapsed=5m18.426160373s
    tier3_mixed_journal_test.go:307: tier3 mixed batch=44 elapsed=5m22.447597595s
    tier3_mixed_journal_test.go:307: tier3 mixed batch=45 elapsed=5m26.461407667s
    tier3_mixed_journal_test.go:307: tier3 mixed batch=46 elapsed=5m37.279013186s
    tier3_mixed_journal_test.go:243: tier3 journal fault node=2 scheduled=5m30s killed=5m30.022850558s healed=5m37.640101609s
    tier3_mixed_journal_test.go:307: tier3 mixed batch=47 elapsed=5m42.693863075s
    tier3_mixed_journal_test.go:307: tier3 mixed batch=48 elapsed=5m48.009846304s
    tier3_mixed_journal_test.go:307: tier3 mixed batch=49 elapsed=5m53.421996911s
    tier3_mixed_journal_test.go:243: tier3 journal fault node=2 scheduled=6m0s killed=6m0.032667164s healed=6m5.511809503s
    tier3_mixed_journal_test.go:305: tier3 checkpoint batch=50 report={Invocations:1400 Journals:1400 Entries:15436 Terminal:1400}
    tier3_mixed_journal_test.go:307: tier3 mixed batch=50 elapsed=6m11.818191539s
    tier3_mixed_journal_test.go:307: tier3 mixed batch=51 elapsed=6m17.245012467s
    tier3_mixed_journal_test.go:307: tier3 mixed batch=52 elapsed=6m22.764809652s
    tier3_mixed_journal_test.go:307: tier3 mixed batch=53 elapsed=6m26.68854737s
    tier3_mixed_journal_test.go:307: tier3 mixed batch=54 elapsed=6m38.320716157s
    tier3_mixed_journal_test.go:243: tier3 journal fault node=1 scheduled=6m30s killed=6m30.032859242s healed=6m38.796350693s
    tier3_mixed_journal_test.go:307: tier3 mixed batch=55 elapsed=6m43.457784057s
    tier3_mixed_journal_test.go:307: tier3 mixed batch=56 elapsed=6m49.39094734s
    tier3_mixed_journal_test.go:307: tier3 mixed batch=57 elapsed=6m54.917240315s
    tier3_mixed_journal_test.go:243: tier3 journal fault node=2 scheduled=7m0s killed=7m0.031717529s healed=7m4.671697065s
    tier3_mixed_journal_test.go:307: tier3 mixed batch=58 elapsed=7m7.235074439s
    tier3_mixed_journal_test.go:307: tier3 mixed batch=59 elapsed=7m12.549766849s
    tier3_mixed_journal_test.go:305: tier3 checkpoint batch=60 report={Invocations:1680 Journals:1680 Entries:18526 Terminal:1680}
    tier3_mixed_journal_test.go:307: tier3 mixed batch=60 elapsed=7m20.430384474s
    tier3_mixed_journal_test.go:307: tier3 mixed batch=61 elapsed=7m25.544585869s
    tier3_mixed_journal_test.go:307: tier3 mixed batch=62 elapsed=7m35.060220479s
    tier3_mixed_journal_test.go:243: tier3 journal fault node=1 scheduled=7m30s killed=7m30.025152487s healed=7m35.934289494s
    tier3_mixed_journal_test.go:307: tier3 mixed batch=63 elapsed=7m42.690982349s
    tier3_mixed_journal_test.go:307: tier3 mixed batch=64 elapsed=7m48.424218355s
    tier3_mixed_journal_test.go:307: tier3 mixed batch=65 elapsed=7m53.948844789s
    tier3_mixed_journal_test.go:307: tier3 mixed batch=66 elapsed=7m59.669955901s
    tier3_mixed_journal_test.go:243: tier3 journal fault node=2 scheduled=8m0s killed=8m0.062646262s healed=8m5.712950104s
    tier3_mixed_journal_test.go:307: tier3 mixed batch=67 elapsed=8m10.387931986s
    tier3_mixed_journal_test.go:307: tier3 mixed batch=68 elapsed=8m15.80822139s
    tier3_mixed_journal_test.go:307: tier3 mixed batch=69 elapsed=8m21.428141081s
    tier3_mixed_journal_test.go:305: tier3 checkpoint batch=70 report={Invocations:1960 Journals:1960 Entries:21610 Terminal:1960}
    tier3_mixed_journal_test.go:307: tier3 mixed batch=70 elapsed=8m29.807699886s
    tier3_mixed_journal_test.go:243: tier3 journal fault node=0 scheduled=8m30s killed=8m30.089410987s healed=8m37.833574211s
    tier3_mixed_journal_test.go:307: tier3 mixed batch=71 elapsed=8m43.223009122s
    tier3_mixed_journal_test.go:307: tier3 mixed batch=72 elapsed=8m48.539262264s
    tier3_mixed_journal_test.go:307: tier3 mixed batch=73 elapsed=8m53.950952636s
    tier3_mixed_journal_test.go:307: tier3 mixed batch=74 elapsed=8m59.365819205s
    tier3_mixed_journal_test.go:243: tier3 journal fault node=2 scheduled=9m0s killed=9m0.019825447s healed=9m4.638696259s
    tier3_mixed_journal_test.go:307: tier3 mixed batch=75 elapsed=9m9.879287816s
    tier3_mixed_journal_test.go:307: tier3 mixed batch=76 elapsed=9m15.295795195s
    tier3_mixed_journal_test.go:307: tier3 mixed batch=77 elapsed=9m20.614097892s
    tier3_mixed_journal_test.go:307: tier3 mixed batch=78 elapsed=9m25.753152842s
    tier3_mixed_journal_test.go:307: tier3 mixed batch=79 elapsed=9m35.369643766s
    tier3_mixed_journal_test.go:243: tier3 journal fault node=3 scheduled=9m30s killed=9m30.036855658s healed=9m35.73662268s
    tier3_mixed_journal_test.go:305: tier3 checkpoint batch=80 report={Invocations:2240 Journals:2240 Entries:24700 Terminal:2240}
    tier3_mixed_journal_test.go:307: tier3 mixed batch=80 elapsed=9m45.022183384s
    tier3_mixed_journal_test.go:307: tier3 mixed batch=81 elapsed=9m50.650985446s
    tier3_mixed_journal_test.go:307: tier3 mixed batch=82 elapsed=9m56.292395283s
    tier3_mixed_journal_test.go:307: tier3 mixed batch=83 elapsed=10m1.605854861s
    tier3_mixed_journal_test.go:384: TIER3_MIXED_CELL type=matrixshort invocations=332 terminal_p99=754.485097ms progress_p99=732.812796ms
    tier3_mixed_journal_test.go:384: TIER3_MIXED_CELL type=matrixtimer invocations=249 terminal_p99=7.313849153s progress_p99=6.439135772s
    tier3_mixed_journal_test.go:384: TIER3_MIXED_CELL type=matrixsignal invocations=166 terminal_p99=10.393477233s progress_p99=1.797211254s
    tier3_mixed_journal_test.go:384: TIER3_MIXED_CELL type=matrixfanout invocations=83 terminal_p99=10.778016969s progress_p99=1.247807111s
    tier3_mixed_journal_test.go:384: TIER3_MIXED_CELL type=matrixchild invocations=498 terminal_p99=7.317040502s progress_p99=6.072349196s
    tier3_mixed_journal_test.go:384: TIER3_MIXED_CELL type=matrixgrandchild invocations=996 terminal_p99=6.058288956s progress_p99=1.975013345s
    tier3_mixed_journal_test.go:419: run queue not drained: <nil> context deadline exceeded
--- FAIL: TestFiveContainerMixedJournalLeaderEveryThirtySeconds (685.78s)
FAIL
