[1] 2026/10/01 17:46:06.038790 [INF] Starting nats-server
[1] 2026/10/01 17:46:06.038845 [INF]   Version:  2.15.0
[1] 2026/10/01 17:46:06.038846 [INF]   Git:      [not set]
[1] 2026/10/01 17:46:06.038848 [INF]   Cluster:  js-wf-route-28253-1790876213545205686
[1] 2026/10/01 17:46:06.038849 [INF]   Name:     js-wf-route-28253-1790876213545205686-n2
[1] 2026/10/01 17:46:06.038850 [INF]   Node:     pkYEq3qI
[1] 2026/10/01 17:46:06.038851 [INF]   ID:       NAGYREJM7J2HIIYEJT6KTRY35IG3EVNON2OSDTQWFFNJZTYUF7VUFDU5
[1] 2026/10/01 17:46:06.038856 [INF] Using configuration file: /etc/nats.conf (sha256:2b3c0cdf1bae0dc828987430072bec52f1eee9114880f8779b1ec8bfa212027e)
[1] 2026/10/01 17:46:06.041944 [INF] Starting http monitor on 0.0.0.0:8222
[1] 2026/10/01 17:46:06.042047 [INF] Starting JetStream
[1] 2026/10/01 17:46:06.042371 [INF]     _ ___ _____ ___ _____ ___ ___   _   __  __
[1] 2026/10/01 17:46:06.042376 [INF]  _ | | __|_   _/ __|_   _| _ \ __| /_\ |  \/  |
[1] 2026/10/01 17:46:06.042377 [INF] | || | _|  | | \__ \ | | |   / _| / _ \| |\/| |
[1] 2026/10/01 17:46:06.042378 [INF]  \__/|___| |_| |___/ |_| |_|_\___/_/ \_\_|  |_|
[1] 2026/10/01 17:46:06.042378 [INF] 
[1] 2026/10/01 17:46:06.042379 [INF]          https://docs.nats.io/jetstream
[1] 2026/10/01 17:46:06.042379 [INF] 
[1] 2026/10/01 17:46:06.042380 [INF] ---------------- JETSTREAM ----------------
[1] 2026/10/01 17:46:06.042381 [INF]   Strict:          true
[1] 2026/10/01 17:46:06.042384 [INF]   Max Memory:      11.71 GB
[1] 2026/10/01 17:46:06.042386 [INF]   Max Storage:     2.40 GB
[1] 2026/10/01 17:46:06.042387 [INF]   Store Directory: "/data/jetstream"
[1] 2026/10/01 17:46:06.042387 [INF]   API Level:       5
[1] 2026/10/01 17:46:06.042388 [INF] -------------------------------------------
[1] 2026/10/01 17:46:06.043182 [INF]   Starting restore for stream '$G > WF_SIG'
[1] 2026/10/01 17:46:06.043271 [INF]   Starting restore for stream '$G > KV_WF_ASSIGN'
[1] 2026/10/01 17:46:06.043339 [INF]   Starting restore for stream '$G > WF_INV'
[1] 2026/10/01 17:46:06.043383 [INF]   Starting restore for stream '$G > KV_WF_LEASE'
[1] 2026/10/01 17:46:06.043478 [INF]   Starting restore for stream '$G > KV_WF_STATE'
[1] 2026/10/01 17:46:06.043524 [INF]   Starting restore for stream '$G > KV_WF_VIEW'
[1] 2026/10/01 17:46:06.043791 [INF]   Starting restore for stream '$G > OBJ_WF_BLOB'
[1] 2026/10/01 17:46:06.043830 [INF]   Restored 0 messages for stream '$G > KV_WF_ASSIGN' in 1ms
[1] 2026/10/01 17:46:06.043898 [INF]   Starting restore for stream '$G > WF_JRN'
[1] 2026/10/01 17:46:06.044087 [INF]   Starting restore for stream '$G > WF_PURGE'
[1] 2026/10/01 17:46:06.044151 [INF]   Restored 0 messages for stream '$G > OBJ_WF_BLOB' in 0s
[1] 2026/10/01 17:46:06.044154 [WRN] Filestore [WF_SIG] Stream state outdated, last block has additional entries, will rebuild
[1] 2026/10/01 17:46:06.044159 [WRN] Filestore [WF_SIG] Recovering stream state from index errored: prior state file
[1] 2026/10/01 17:46:06.044154 [WRN] Filestore [KV_WF_STATE] Stream state outdated, last block has additional entries, will rebuild
[1] 2026/10/01 17:46:06.044192 [WRN] Filestore [KV_WF_STATE] Recovering stream state from index errored: prior state file
[1] 2026/10/01 17:46:06.044361 [INF]   Starting restore for stream '$G > WF_RUN'
[1] 2026/10/01 17:46:06.044420 [WRN] Filestore [KV_WF_LEASE] Stream state outdated, last block has additional entries, will rebuild
[1] 2026/10/01 17:46:06.044426 [WRN] Filestore [KV_WF_LEASE] Recovering stream state from index errored: prior state file
[1] 2026/10/01 17:46:06.045939 [INF]   Restored 0 messages for stream '$G > WF_PURGE' in 2ms
[1] 2026/10/01 17:46:06.047051 [WRN] Filestore [WF_JRN] Stream state outdated, last block has additional entries, will rebuild
[1] 2026/10/01 17:46:06.047405 [WRN] Filestore [WF_JRN] Recovering stream state from index errored: prior state file
[1] 2026/10/01 17:46:06.047153 [WRN] Filestore [WF_RUN] Stream state detected prior state, could not locate msg block 3
[1] 2026/10/01 17:46:06.047255 [INF]   Restored 0 messages for stream '$G > KV_WF_VIEW' in 4ms
[1] 2026/10/01 17:46:06.051164 [WRN] Filestore [WF_RUN] Recovering stream state from index errored: prior state file
[1] 2026/10/01 17:46:06.051531 [WRN] Filestore [WF_INV] Stream state outdated, last block has additional entries, will rebuild
[1] 2026/10/01 17:46:06.051535 [WRN] Filestore [WF_INV] Recovering stream state from index errored: prior state file
[1] 2026/10/01 17:46:06.052677 [WRN] Filestore [WF_RUN] Message scheduling state is outdated; attempting to recover using linear scan (seq 7618 to 8245)
[1] 2026/10/01 17:46:06.053698 [INF]   Restored 33 messages for stream '$G > WF_RUN' in 9ms
[1] 2026/10/01 17:46:06.054777 [INF]   Recovering 64 consumers for stream - '$G > WF_RUN'
[1] 2026/10/01 17:46:06.059440 [INF]   Restored 2,550 messages for stream '$G > WF_SIG' in 16ms
[1] 2026/10/01 17:46:06.065519 [INF]   Restored 2,100 messages for stream '$G > WF_INV' in 22ms
[1] 2026/10/01 17:46:06.068091 [INF]   Restored 2,100 messages for stream '$G > KV_WF_STATE' in 25ms
[1] 2026/10/01 17:46:06.069743 [WRN] Filestore [KV_WF_LEASE] TTL state is outdated; attempting to recover using linear scan (seq 23506 to 48952)
[1] 2026/10/01 17:46:06.081194 [INF]   Restored 818 messages for stream '$G > KV_WF_LEASE' in 38ms
[1] 2026/10/01 17:46:06.087599 [INF]   Restored 23,094 messages for stream '$G > WF_JRN' in 44ms
[1] 2026/10/01 17:46:06.087662 [INF] Starting JetStream cluster
[1] 2026/10/01 17:46:06.087664 [INF] Creating JetStream metadata controller
[1] 2026/10/01 17:46:06.087814 [WRN] Filestore [_meta_] Stream state outdated, last block has additional entries, will rebuild
[1] 2026/10/01 17:46:06.087821 [WRN] Filestore [_meta_] Recovering stream state from index errored: prior state file
[1] 2026/10/01 17:46:06.088265 [INF] JetStream cluster recovering state
[1] 2026/10/01 17:46:06.094542 [INF] Took 52.490018ms to start JetStream
[1] 2026/10/01 17:46:06.094604 [INF] Listening for client connections on 0.0.0.0:4222
[1] 2026/10/01 17:46:06.094780 [INF] Server is ready
[1] 2026/10/01 17:46:06.094794 [INF] Cluster name is js-wf-route-28253-1790876213545205686
[1] 2026/10/01 17:46:06.094807 [INF] Listening for route connections on 0.0.0.0:6222
[1] 2026/10/01 17:46:06.096549 [INF] 172.19.0.2:6222 - rid:166 - Route connection created
[1] 2026/10/01 17:46:06.096712 [INF] 172.19.0.2:6222 - rid:167 - Route connection created
[1] 2026/10/01 17:46:06.098115 [INF] 172.19.0.6:44412 - rid:168 - Route connection created
[1] 2026/10/01 17:46:06.098222 [INF] 172.19.0.5:48914 - rid:169 - Route connection created
[1] 2026/10/01 17:46:06.098278 [INF] 172.19.0.3:46984 - rid:170 - Route connection created
[1] 2026/10/01 17:46:06.098408 [INF] 172.19.0.3:46990 - rid:171 - Route connection created
[1] 2026/10/01 17:46:06.098482 [INF] 172.19.0.5:48930 - rid:172 - Route connection created
[1] 2026/10/01 17:46:06.098495 [INF] 172.19.0.6:44420 - rid:173 - Route connection created
[1] 2026/10/01 17:46:06.099695 [INF] 172.19.0.5:48942 - rid:174 - Route connection created
[1] 2026/10/01 17:46:06.099927 [INF] 172.19.0.2:6222 - rid:175 - Route connection created
[1] 2026/10/01 17:46:06.100447 [INF] 172.19.0.3:47006 - rid:176 - Route connection created
[1] 2026/10/01 17:46:06.100633 [INF] 172.19.0.5:48956 - rid:177 - Route connection created
[1] 2026/10/01 17:46:06.100813 [INF] 172.19.0.6:44434 - rid:178 - Route connection created
[1] 2026/10/01 17:46:06.101148 [INF] 172.19.0.5:48970 - rid:179 - Route connection created
[1] 2026/10/01 17:46:06.101514 [INF] 172.19.0.2:6222 - rid:180 - Route connection created
[1] 2026/10/01 17:46:06.102199 [INF] 172.19.0.6:44436 - rid:181 - Route connection created
[1] 2026/10/01 17:46:06.102253 [INF] 172.19.0.5:48970 - rid:179 - Router connection closed: Client Closed
[1] 2026/10/01 17:46:06.102983 [INF] 172.19.0.3:47016 - rid:182 - Route connection created
[1] 2026/10/01 17:46:06.194888 [WRN] Waiting for routing to be established...
[1] 2026/10/01 17:46:06.343416 [WRN] Filestore [C-R5F-Gouc2DR2] Stream state outdated, last block has additional entries, will rebuild
[1] 2026/10/01 17:46:06.343430 [WRN] Filestore [C-R5F-Gouc2DR2] Recovering stream state from index errored: prior state file
[1] 2026/10/01 17:46:06.346215 [WRN] Filestore [C-R5F-aMPaxkvv] Stream state outdated, last block has additional entries, will rebuild
[1] 2026/10/01 17:46:06.346223 [WRN] Filestore [C-R5F-aMPaxkvv] Recovering stream state from index errored: prior state file
[1] 2026/10/01 17:46:06.351321 [WRN] Filestore [C-R5F-cak36pfv] Stream state outdated, last block has additional entries, will rebuild
[1] 2026/10/01 17:46:06.351329 [WRN] Filestore [C-R5F-cak36pfv] Recovering stream state from index errored: prior state file
[1] 2026/10/01 17:46:06.365599 [WRN] Filestore [C-R5F-hJddxlUR] Stream state outdated, last block has additional entries, will rebuild
[1] 2026/10/01 17:46:06.365609 [WRN] Filestore [C-R5F-hJddxlUR] Recovering stream state from index errored: prior state file
[1] 2026/10/01 17:46:06.373200 [WRN] Filestore [C-R5F-Cstbmx0M] Stream state outdated, last block has additional entries, will rebuild
[1] 2026/10/01 17:46:06.373212 [WRN] Filestore [C-R5F-Cstbmx0M] Recovering stream state from index errored: prior state file
[1] 2026/10/01 17:46:06.379398 [WRN] Filestore [C-R5F-unrIRVZc] Stream state outdated, last block has additional entries, will rebuild
[1] 2026/10/01 17:46:06.379405 [WRN] Filestore [C-R5F-unrIRVZc] Recovering stream state from index errored: prior state file
[1] 2026/10/01 17:46:06.388084 [WRN] Filestore [C-R5F-t3wc5nFh] Stream state outdated, last block has additional entries, will rebuild
[1] 2026/10/01 17:46:06.388100 [WRN] Filestore [C-R5F-t3wc5nFh] Recovering stream state from index errored: prior state file
[1] 2026/10/01 17:46:06.398730 [WRN] Filestore [C-R5F-XvpkKKzU] Stream state outdated, last block has additional entries, will rebuild
[1] 2026/10/01 17:46:06.398769 [WRN] Filestore [C-R5F-XvpkKKzU] Recovering stream state from index errored: prior state file
[1] 2026/10/01 17:46:06.458231 [WRN] Filestore [C-R5F-GA8GRlPi] Stream state outdated, last block has additional entries, will rebuild
[1] 2026/10/01 17:46:06.458548 [WRN] Filestore [C-R5F-GA8GRlPi] Recovering stream state from index errored: prior state file
[1] 2026/10/01 17:46:06.476028 [WRN] Filestore [C-R5F-acQ2tGAH] Stream state outdated, last block has additional entries, will rebuild
[1] 2026/10/01 17:46:06.476523 [WRN] Filestore [C-R5F-acQ2tGAH] Recovering stream state from index errored: prior state file
[1] 2026/10/01 17:46:06.487253 [WRN] Filestore [C-R5F-P5pVZQQ9] Stream state outdated, last block has additional entries, will rebuild
[1] 2026/10/01 17:46:06.487316 [WRN] Filestore [C-R5F-P5pVZQQ9] Recovering stream state from index errored: prior state file
[1] 2026/10/01 17:46:06.491661 [WRN] Filestore [C-R5F-DqqdJtGY] Stream state outdated, last block has additional entries, will rebuild
[1] 2026/10/01 17:46:06.491915 [WRN] Filestore [C-R5F-DqqdJtGY] Recovering stream state from index errored: prior state file
[1] 2026/10/01 17:46:06.500605 [WRN] Filestore [C-R5F-QAJgiK2F] Stream state outdated, last block has additional entries, will rebuild
[1] 2026/10/01 17:46:06.500757 [WRN] Filestore [C-R5F-QAJgiK2F] Recovering stream state from index errored: prior state file
[1] 2026/10/01 17:46:06.506554 [WRN] Filestore [C-R5F-NrtBgYZN] Stream state outdated, last block has additional entries, will rebuild
[1] 2026/10/01 17:46:06.506619 [WRN] Filestore [C-R5F-NrtBgYZN] Recovering stream state from index errored: prior state file
[1] 2026/10/01 17:46:06.509502 [WRN] Filestore [C-R5F-cbq2V1Vj] Stream state outdated, last block has additional entries, will rebuild
[1] 2026/10/01 17:46:06.509550 [WRN] Filestore [C-R5F-cbq2V1Vj] Recovering stream state from index errored: prior state file
[1] 2026/10/01 17:46:06.512952 [WRN] Filestore [C-R5F-0znd06my] Stream state outdated, last block has additional entries, will rebuild
[1] 2026/10/01 17:46:06.513011 [WRN] Filestore [C-R5F-0znd06my] Recovering stream state from index errored: prior state file
[1] 2026/10/01 17:46:06.532225 [WRN] Filestore [C-R5F-PEbMPFcC] Stream state outdated, last block has additional entries, will rebuild
[1] 2026/10/01 17:46:06.532337 [WRN] Filestore [C-R5F-PEbMPFcC] Recovering stream state from index errored: prior state file
[1] 2026/10/01 17:46:06.534797 [WRN] Filestore [C-R5F-e4gkvegB] Stream state outdated, last block has additional entries, will rebuild
[1] 2026/10/01 17:46:06.534845 [WRN] Filestore [C-R5F-e4gkvegB] Recovering stream state from index errored: prior state file
[1] 2026/10/01 17:46:06.563071 [WRN] Filestore [C-R5F-1xWzzdqO] Stream state outdated, last block has additional entries, will rebuild
[1] 2026/10/01 17:46:06.563085 [WRN] Filestore [C-R5F-1xWzzdqO] Recovering stream state from index errored: prior state file
[1] 2026/10/01 17:46:06.577441 [WRN] Filestore [C-R5F-G7ECqq9u] Stream state outdated, last block has additional entries, will rebuild
[1] 2026/10/01 17:46:06.577456 [WRN] Filestore [C-R5F-G7ECqq9u] Recovering stream state from index errored: prior state file
[1] 2026/10/01 17:46:06.580655 [WRN] Filestore [C-R5F-5m6xtXhb] Stream state outdated, last block has additional entries, will rebuild
[1] 2026/10/01 17:46:06.580663 [WRN] Filestore [C-R5F-5m6xtXhb] Recovering stream state from index errored: prior state file
[1] 2026/10/01 17:46:06.594390 [WRN] Filestore [C-R5F-79z46D1W] Stream state outdated, last block has additional entries, will rebuild
[1] 2026/10/01 17:46:06.594404 [WRN] Filestore [C-R5F-79z46D1W] Recovering stream state from index errored: prior state file
[1] 2026/10/01 17:46:06.607355 [WRN] Filestore [C-R5F-QFvAjx6x] Stream state outdated, last block has additional entries, will rebuild
[1] 2026/10/01 17:46:06.607373 [WRN] Filestore [C-R5F-QFvAjx6x] Recovering stream state from index errored: prior state file
[1] 2026/10/01 17:46:06.610017 [WRN] Filestore [C-R5F-N11amTlI] Stream state outdated, last block has additional entries, will rebuild
[1] 2026/10/01 17:46:06.610023 [WRN] Filestore [C-R5F-N11amTlI] Recovering stream state from index errored: prior state file
[1] 2026/10/01 17:46:06.615738 [WRN] Filestore [C-R5F-4oafoVFY] Stream state outdated, last block has additional entries, will rebuild
[1] 2026/10/01 17:46:06.615745 [WRN] Filestore [C-R5F-4oafoVFY] Recovering stream state from index errored: prior state file
[1] 2026/10/01 17:46:06.624436 [WRN] Filestore [C-R5F-rL03EjBD] Stream state outdated, last block has additional entries, will rebuild
[1] 2026/10/01 17:46:06.624446 [WRN] Filestore [C-R5F-rL03EjBD] Recovering stream state from index errored: prior state file
[1] 2026/10/01 17:46:06.632062 [WRN] Filestore [C-R5F-uWIAkgbm] Stream state outdated, last block has additional entries, will rebuild
[1] 2026/10/01 17:46:06.632119 [WRN] Filestore [C-R5F-uWIAkgbm] Recovering stream state from index errored: prior state file
[1] 2026/10/01 17:46:06.635691 [WRN] Filestore [C-R5F-S8TLVvtt] Stream state outdated, last block has additional entries, will rebuild
[1] 2026/10/01 17:46:06.635724 [WRN] Filestore [C-R5F-S8TLVvtt] Recovering stream state from index errored: prior state file
[1] 2026/10/01 17:46:06.639693 [WRN] Filestore [C-R5F-Id1T79ov] Stream state outdated, last block has additional entries, will rebuild
[1] 2026/10/01 17:46:06.640472 [WRN] Filestore [C-R5F-Id1T79ov] Recovering stream state from index errored: prior state file
[1] 2026/10/01 17:46:06.646813 [WRN] Filestore [C-R5F-pLLje2j9] Stream state outdated, last block has additional entries, will rebuild
[1] 2026/10/01 17:46:06.646898 [WRN] Filestore [C-R5F-pLLje2j9] Recovering stream state from index errored: prior state file
[1] 2026/10/01 17:46:06.649466 [WRN] Filestore [C-R5F-msjHnwT6] Stream state outdated, last block has additional entries, will rebuild
[1] 2026/10/01 17:46:06.649534 [WRN] Filestore [C-R5F-msjHnwT6] Recovering stream state from index errored: prior state file
[1] 2026/10/01 17:46:06.678197 [WRN] Filestore [C-R5F-v1P2Amkv] Stream state outdated, last block has additional entries, will rebuild
[1] 2026/10/01 17:46:06.678733 [WRN] Filestore [C-R5F-v1P2Amkv] Recovering stream state from index errored: prior state file
[1] 2026/10/01 17:46:06.683764 [WRN] Filestore [C-R5F-xEMdv3hq] Stream state outdated, last block has additional entries, will rebuild
[1] 2026/10/01 17:46:06.683855 [WRN] Filestore [C-R5F-xEMdv3hq] Recovering stream state from index errored: prior state file
[1] 2026/10/01 17:46:06.686556 [WRN] Filestore [C-R5F-GfdGm9uv] Stream state outdated, last block has additional entries, will rebuild
[1] 2026/10/01 17:46:06.686645 [WRN] Filestore [C-R5F-GfdGm9uv] Recovering stream state from index errored: prior state file
[1] 2026/10/01 17:46:06.689690 [WRN] Filestore [C-R5F-dpUSPy1H] Stream state outdated, last block has additional entries, will rebuild
[1] 2026/10/01 17:46:06.689763 [WRN] Filestore [C-R5F-dpUSPy1H] Recovering stream state from index errored: prior state file
[1] 2026/10/01 17:46:06.692612 [WRN] Filestore [C-R5F-Wv1sdYy8] Stream state outdated, last block has additional entries, will rebuild
[1] 2026/10/01 17:46:06.692699 [WRN] Filestore [C-R5F-Wv1sdYy8] Recovering stream state from index errored: prior state file
[1] 2026/10/01 17:46:06.696660 [WRN] Filestore [C-R5F-YJs8J95N] Stream state outdated, last block has additional entries, will rebuild
[1] 2026/10/01 17:46:06.698601 [WRN] Filestore [C-R5F-YJs8J95N] Recovering stream state from index errored: prior state file
[1] 2026/10/01 17:46:06.708523 [WRN] Filestore [C-R5F-LC9OpWED] Stream state outdated, last block has additional entries, will rebuild
[1] 2026/10/01 17:46:06.708596 [WRN] Filestore [C-R5F-LC9OpWED] Recovering stream state from index errored: prior state file
[1] 2026/10/01 17:46:06.721924 [WRN] Filestore [C-R5F-TKhMuruh] Stream state outdated, last block has additional entries, will rebuild
[1] 2026/10/01 17:46:06.722070 [WRN] Filestore [C-R5F-TKhMuruh] Recovering stream state from index errored: prior state file
[1] 2026/10/01 17:46:06.724602 [WRN] Filestore [C-R5F-9yHXut7a] Stream state outdated, last block has additional entries, will rebuild
[1] 2026/10/01 17:46:06.724774 [WRN] Filestore [C-R5F-9yHXut7a] Recovering stream state from index errored: prior state file
[1] 2026/10/01 17:46:06.734080 [WRN] Metalayer blocking snapshot starting
[1] 2026/10/01 17:46:06.736726 [WRN] Metalayer blocking snapshot took 0.002s (streams: 10, consumers: 64, compacted: 126.48 KB)
[1] 2026/10/01 17:46:06.736802 [INF] JetStream cluster new metadata leader: js-wf-route-28253-1790876213545205686-n4/js-wf-route-28253-1790876213545205686
[1] 2026/10/01 17:46:06.738000 [WRN] JetStream stream '$G > WF_RUN' is not current: group node unhealthy
[1] 2026/10/01 17:46:35.217340 [INF] 172.19.0.5:48956 - rid:177 - Router connection closed: Client Closed - Remote: js-wf-route-28253-1790876213545205686-n3
[1] 2026/10/01 17:46:35.217617 [INF] 172.19.0.5:48942 - rid:174 - Router connection closed: Client Closed - Remote: js-wf-route-28253-1790876213545205686-n3
[1] 2026/10/01 17:46:35.217657 [INF] 172.19.0.5:48930 - rid:172 - Router connection closed: Client Closed - Remote: js-wf-route-28253-1790876213545205686-n3
[1] 2026/10/01 17:46:35.217997 [INF] 172.19.0.5:48914 - rid:169 - Router connection closed: Client Closed - Remote: js-wf-route-28253-1790876213545205686-n3
[1] 2026/10/01 17:46:36.121831 [INF] 172.19.0.5:6222 - rid:258 - Route connection created
[1] 2026/10/01 17:46:36.122940 [INF] 172.19.0.5:6222 - rid:259 - Route connection created
[1] 2026/10/01 17:46:36.123045 [INF] 172.19.0.5:6222 - rid:260 - Route connection created
[1] 2026/10/01 17:46:36.123422 [INF] 172.19.0.5:6222 - rid:261 - Route connection created
[1] 2026/10/01 17:46:36.127120 [INF] 172.19.0.5:6222 - rid:262 - Route connection created
[1] 2026/10/01 17:46:36.129382 [INF] 172.19.0.5:6222 - rid:261 - Router connection closed: Duplicate Route - Remote: js-wf-route-28253-1790876213545205686-n3
[1] 2026/10/01 17:46:38.656125 [WRN] JetStream cluster consumer '$G > WF_RUN > WF_P_47' has NO quorum, stalled.
[1] 2026/10/01 17:46:38.657213 [WRN] JetStream cluster consumer '$G > WF_RUN > WF_P_55' has NO quorum, stalled.
[1] 2026/10/01 17:46:38.769655 [WRN] JetStream cluster consumer '$G > WF_RUN > WF_P_49' has NO quorum, stalled.
[1] 2026/10/01 17:46:38.892756 [WRN] JetStream cluster stream '$G > WF_JRN' has NO quorum, stalled
[1] 2026/10/01 17:46:38.928423 [WRN] JetStream cluster consumer '$G > WF_RUN > WF_P_45' has NO quorum, stalled.
[1] 2026/10/01 17:46:38.940956 [WRN] JetStream cluster consumer '$G > WF_RUN > WF_P_02' has NO quorum, stalled.
[1] 2026/10/01 17:46:39.113207 [WRN] JetStream cluster consumer '$G > WF_RUN > WF_P_50' has NO quorum, stalled.
[1] 2026/10/01 17:46:39.155084 [WRN] JetStream cluster consumer '$G > WF_RUN > WF_P_53' has NO quorum, stalled.
[1] 2026/10/01 17:46:39.279514 [WRN] JetStream cluster consumer '$G > WF_RUN > WF_P_60' has NO quorum, stalled.
[1] 2026/10/01 17:46:39.497763 [WRN] JetStream cluster consumer '$G > WF_RUN > WF_P_40' has NO quorum, stalled.
[1] 2026/10/01 17:46:39.573170 [INF] JetStream cluster new consumer leader for '$G > WF_RUN > WF_P_28'
[1] 2026/10/01 17:46:39.876607 [WRN] JetStream cluster consumer '$G > WF_RUN > WF_P_32' has NO quorum, stalled.
[1] 2026/10/01 17:46:39.902284 [WRN] JetStream cluster consumer '$G > WF_RUN > WF_P_11' has NO quorum, stalled.
[1] 2026/10/01 17:46:39.931720 [WRN] JetStream cluster consumer '$G > WF_RUN > WF_P_59' has NO quorum, stalled.
[1] 2026/10/01 17:46:39.939864 [WRN] JetStream cluster stream '$G > WF_INV' has NO quorum, stalled
[1] 2026/10/01 17:46:40.201316 [WRN] JetStream cluster consumer '$G > WF_RUN > WF_P_10' has NO quorum, stalled.
[1] 2026/10/01 17:46:40.447841 [WRN] JetStream cluster stream '$G > WF_RUN' has NO quorum, stalled
[1] 2026/10/01 17:46:40.525750 [WRN] JetStream cluster stream '$G > OBJ_WF_BLOB' has NO quorum, stalled
[1] 2026/10/01 17:46:40.531582 [INF] JetStream cluster new consumer leader for '$G > WF_RUN > WF_P_19'
[1] 2026/10/01 17:46:40.765169 [WRN] JetStream cluster consumer '$G > WF_RUN > WF_P_07' has NO quorum, stalled.
[1] 2026/10/01 17:46:40.793850 [WRN] JetStream cluster consumer '$G > WF_RUN > WF_P_03' has NO quorum, stalled.
[1] 2026/10/01 17:46:40.795444 [WRN] JetStream cluster stream '$G > KV_WF_VIEW' has NO quorum, stalled
[1] 2026/10/01 17:46:40.933973 [WRN] JetStream cluster consumer '$G > WF_RUN > WF_P_14' has NO quorum, stalled.
[1] 2026/10/01 17:46:41.007590 [WRN] JetStream cluster consumer '$G > WF_RUN > WF_P_33' has NO quorum, stalled.