[1] 2026/10/01 17:46:36.059923 [INF] Starting nats-server
[1] 2026/10/01 17:46:36.059994 [INF]   Version:  2.15.0
[1] 2026/10/01 17:46:36.059996 [INF]   Git:      [not set]
[1] 2026/10/01 17:46:36.059997 [INF]   Cluster:  js-wf-route-28253-1790876213545205686
[1] 2026/10/01 17:46:36.059999 [INF]   Name:     js-wf-route-28253-1790876213545205686-n3
[1] 2026/10/01 17:46:36.060000 [INF]   Node:     gW656DGq
[1] 2026/10/01 17:46:36.060001 [INF]   ID:       NC5OH4BPRAYITGIPJJN7GYNVZYGMFMIYTRKDAUPZJLPTH6RJYWZBNCL6
[1] 2026/10/01 17:46:36.060009 [INF] Using configuration file: /etc/nats.conf (sha256:2b3c0cdf1bae0dc828987430072bec52f1eee9114880f8779b1ec8bfa212027e)
[1] 2026/10/01 17:46:36.065361 [INF] Starting http monitor on 0.0.0.0:8222
[1] 2026/10/01 17:46:36.068709 [INF] Starting JetStream
[1] 2026/10/01 17:46:36.068857 [INF]     _ ___ _____ ___ _____ ___ ___   _   __  __
[1] 2026/10/01 17:46:36.068867 [INF]  _ | | __|_   _/ __|_   _| _ \ __| /_\ |  \/  |
[1] 2026/10/01 17:46:36.068868 [INF] | || | _|  | | \__ \ | | |   / _| / _ \| |\/| |
[1] 2026/10/01 17:46:36.068869 [INF]  \__/|___| |_| |___/ |_| |_|_\___/_/ \_\_|  |_|
[1] 2026/10/01 17:46:36.068870 [INF] 
[1] 2026/10/01 17:46:36.068872 [INF]          https://docs.nats.io/jetstream
[1] 2026/10/01 17:46:36.068872 [INF] 
[1] 2026/10/01 17:46:36.068874 [INF] ---------------- JETSTREAM ----------------
[1] 2026/10/01 17:46:36.068875 [INF]   Strict:          true
[1] 2026/10/01 17:46:36.068878 [INF]   Max Memory:      11.71 GB
[1] 2026/10/01 17:46:36.068880 [INF]   Max Storage:     2.44 GB
[1] 2026/10/01 17:46:36.068881 [INF]   Store Directory: "/data/jetstream"
[1] 2026/10/01 17:46:36.068882 [INF]   API Level:       5
[1] 2026/10/01 17:46:36.068883 [INF] -------------------------------------------
[1] 2026/10/01 17:46:36.069454 [INF]   Starting restore for stream '$G > OBJ_WF_BLOB'
[1] 2026/10/01 17:46:36.069550 [INF]   Starting restore for stream '$G > KV_WF_LEASE'
[1] 2026/10/01 17:46:36.069634 [INF]   Starting restore for stream '$G > WF_JRN'
[1] 2026/10/01 17:46:36.069670 [INF]   Restored 0 messages for stream '$G > OBJ_WF_BLOB' in 0s
[1] 2026/10/01 17:46:36.069728 [INF]   Starting restore for stream '$G > WF_SIG'
[1] 2026/10/01 17:46:36.069812 [WRN] Filestore [KV_WF_LEASE] Stream state detected prior state, could not locate msg block 2
[1] 2026/10/01 17:46:36.069817 [WRN] Filestore [KV_WF_LEASE] Recovering stream state from index errored: prior state file
[1] 2026/10/01 17:46:36.069842 [INF]   Starting restore for stream '$G > KV_WF_ASSIGN'
[1] 2026/10/01 17:46:36.070288 [INF]   Restored 0 messages for stream '$G > KV_WF_ASSIGN' in 0s
[1] 2026/10/01 17:46:36.070468 [INF]   Starting restore for stream '$G > WF_INV'
[1] 2026/10/01 17:46:36.072126 [WRN] Filestore [WF_JRN] Stream state outdated, last block has additional entries, will rebuild
[1] 2026/10/01 17:46:36.072135 [WRN] Filestore [WF_JRN] Recovering stream state from index errored: prior state file
[1] 2026/10/01 17:46:36.072304 [INF]   Starting restore for stream '$G > WF_PURGE'
[1] 2026/10/01 17:46:36.072709 [INF]   Restored 0 messages for stream '$G > WF_PURGE' in 0s
[1] 2026/10/01 17:46:36.072770 [INF]   Starting restore for stream '$G > WF_RUN'
[1] 2026/10/01 17:46:36.072989 [WRN] Filestore [WF_RUN] Stream state detected prior state, could not locate msg block 6
[1] 2026/10/01 17:46:36.072997 [WRN] Filestore [WF_RUN] Recovering stream state from index errored: prior state file
[1] 2026/10/01 17:46:36.073024 [WRN] Filestore [KV_WF_LEASE] TTL state is outdated; attempting to recover using linear scan (seq 47567 to 51727)
[1] 2026/10/01 17:46:36.073306 [INF]   Starting restore for stream '$G > KV_WF_VIEW'
[1] 2026/10/01 17:46:36.078560 [INF]   Restored 0 messages for stream '$G > KV_WF_VIEW' in 5ms
[1] 2026/10/01 17:46:36.078646 [INF]   Starting restore for stream '$G > KV_WF_STATE'
[1] 2026/10/01 17:46:36.080909 [WRN] Filestore [KV_WF_STATE] Stream state outdated, last block has additional entries, will rebuild
[1] 2026/10/01 17:46:36.080943 [WRN] Filestore [KV_WF_STATE] Recovering stream state from index errored: prior state file
[1] 2026/10/01 17:46:36.085121 [WRN] Filestore [WF_RUN] Message scheduling state is outdated; attempting to recover using linear scan (seq 7618 to 8724)
[1] 2026/10/01 17:46:36.086167 [INF]   Restored 27 messages for stream '$G > WF_RUN' in 13ms
[1] 2026/10/01 17:46:36.086249 [INF]   Recovering 64 consumers for stream - '$G > WF_RUN'
[1] 2026/10/01 17:46:36.088027 [INF]   Restored 2,214 messages for stream '$G > KV_WF_STATE' in 9ms
[1] 2026/10/01 17:46:36.088640 [WRN] Filestore [WF_SIG] Stream state outdated, last block has additional entries, will rebuild
[1] 2026/10/01 17:46:36.088650 [WRN] Filestore [WF_SIG] Recovering stream state from index errored: prior state file
[1] 2026/10/01 17:46:36.089886 [INF]   Restored 192 messages for stream '$G > KV_WF_LEASE' in 20ms
[1] 2026/10/01 17:46:36.091306 [WRN] Filestore [WF_INV] Stream state outdated, last block has additional entries, will rebuild
[1] 2026/10/01 17:46:36.091330 [WRN] Filestore [WF_INV] Recovering stream state from index errored: prior state file
[1] 2026/10/01 17:46:36.092570 [INF]   Restored 2,686 messages for stream '$G > WF_SIG' in 23ms
[1] 2026/10/01 17:46:36.100266 [INF]   Restored 2,212 messages for stream '$G > WF_INV' in 30ms
[1] 2026/10/01 17:46:36.103535 [INF]   Restored 24,378 messages for stream '$G > WF_JRN' in 34ms
[1] 2026/10/01 17:46:36.103582 [INF] Starting JetStream cluster
[1] 2026/10/01 17:46:36.103584 [INF] Creating JetStream metadata controller
[1] 2026/10/01 17:46:36.106177 [WRN] Filestore [_meta_] Stream state outdated, last block has additional entries, will rebuild
[1] 2026/10/01 17:46:36.106184 [WRN] Filestore [_meta_] Recovering stream state from index errored: prior state file
[1] 2026/10/01 17:46:36.106315 [INF] JetStream cluster recovering state
[1] 2026/10/01 17:46:36.117597 [INF] Took 48.875757ms to start JetStream
[1] 2026/10/01 17:46:36.117679 [INF] Listening for client connections on 0.0.0.0:4222
[1] 2026/10/01 17:46:36.117896 [INF] Server is ready
[1] 2026/10/01 17:46:36.117910 [INF] Cluster name is js-wf-route-28253-1790876213545205686
[1] 2026/10/01 17:46:36.117926 [INF] Listening for route connections on 0.0.0.0:6222
[1] 2026/10/01 17:46:36.120913 [INF] 172.19.0.2:6222 - rid:166 - Route connection created
[1] 2026/10/01 17:46:36.120989 [INF] 172.19.0.2:6222 - rid:167 - Route connection created
[1] 2026/10/01 17:46:36.122132 [INF] 172.19.0.6:33872 - rid:168 - Route connection created
[1] 2026/10/01 17:46:36.122184 [INF] 172.19.0.4:36476 - rid:169 - Route connection created
[1] 2026/10/01 17:46:36.122233 [INF] 172.19.0.2:6222 - rid:170 - Route connection created
[1] 2026/10/01 17:46:36.122424 [INF] 172.19.0.3:48966 - rid:171 - Route connection created
[1] 2026/10/01 17:46:36.122432 [INF] 172.19.0.3:48972 - rid:172 - Route connection created
[1] 2026/10/01 17:46:36.123237 [INF] 172.19.0.4:36478 - rid:173 - Route connection created
[1] 2026/10/01 17:46:36.123269 [INF] 172.19.0.3:48986 - rid:174 - Route connection created
[1] 2026/10/01 17:46:36.123300 [INF] 172.19.0.6:33890 - rid:175 - Route connection created
[1] 2026/10/01 17:46:36.123320 [INF] 172.19.0.4:36482 - rid:176 - Route connection created
[1] 2026/10/01 17:46:36.123331 [INF] 172.19.0.6:33876 - rid:177 - Route connection created
[1] 2026/10/01 17:46:36.127314 [INF] 172.19.0.6:33908 - rid:178 - Route connection created
[1] 2026/10/01 17:46:36.127317 [INF] 172.19.0.6:33890 - rid:175 - Router connection closed: Client Closed
[1] 2026/10/01 17:46:36.127555 [INF] 172.19.0.2:6222 - rid:179 - Route connection created
[1] 2026/10/01 17:46:36.128156 [INF] 172.19.0.3:48988 - rid:180 - Route connection created
[1] 2026/10/01 17:46:36.128428 [INF] 172.19.0.6:33896 - rid:181 - Route connection created
[1] 2026/10/01 17:46:36.128533 [INF] 172.19.0.4:36486 - rid:182 - Route connection created
[1] 2026/10/01 17:46:36.128662 [INF] 172.19.0.4:36488 - rid:183 - Route connection created
[1] 2026/10/01 17:46:36.129671 [INF] 172.19.0.4:36486 - rid:182 - Router connection closed: Client Closed
[1] 2026/10/01 17:46:36.129923 [INF] 172.19.0.6:33918 - rid:184 - Route connection created
[1] 2026/10/01 17:46:36.130070 [INF] 172.19.0.6:33918 - rid:184 - Router connection closed: Client Closed
[1] 2026/10/01 17:46:36.217965 [WRN] Waiting for routing to be established...
[1] 2026/10/01 17:46:36.226077 [WRN] Filestore [S-R5F-ZgswZAyg] Stream state outdated, last block has additional entries, will rebuild
[1] 2026/10/01 17:46:36.226090 [WRN] Filestore [S-R5F-ZgswZAyg] Recovering stream state from index errored: prior state file
[1] 2026/10/01 17:46:36.240315 [WRN] Filestore [S-R5F-5aAqg13g] Stream state outdated, last block has additional entries, will rebuild
[1] 2026/10/01 17:46:36.240333 [WRN] Filestore [S-R5F-5aAqg13g] Recovering stream state from index errored: prior state file
[1] 2026/10/01 17:46:36.244128 [WRN] Filestore [S-R5F-qXhhgiAg] Stream state outdated, last block has additional entries, will rebuild
[1] 2026/10/01 17:46:36.244139 [WRN] Filestore [S-R5F-qXhhgiAg] Recovering stream state from index errored: prior state file
[1] 2026/10/01 17:46:36.281021 [WRN] Filestore [S-R5F-VuED4yaP] Stream state outdated, last block has additional entries, will rebuild
[1] 2026/10/01 17:46:36.281037 [WRN] Filestore [S-R5F-VuED4yaP] Recovering stream state from index errored: prior state file
[1] 2026/10/01 17:46:36.315044 [WRN] Filestore [S-R5F-7LQYsnk6] Stream state outdated, last block has additional entries, will rebuild
[1] 2026/10/01 17:46:36.315056 [WRN] Filestore [S-R5F-7LQYsnk6] Recovering stream state from index errored: prior state file
[1] 2026/10/01 17:46:36.322444 [WRN] Filestore [S-R5F-P7aP6FG9] Stream state outdated, last block has additional entries, will rebuild
[1] 2026/10/01 17:46:36.322451 [WRN] Filestore [S-R5F-P7aP6FG9] Recovering stream state from index errored: prior state file
[1] 2026/10/01 17:46:36.327727 [WRN] Filestore [C-R5F-dpUSPy1H] Stream state outdated, last block has additional entries, will rebuild
[1] 2026/10/01 17:46:36.327736 [WRN] Filestore [C-R5F-dpUSPy1H] Recovering stream state from index errored: prior state file
[1] 2026/10/01 17:46:36.333414 [WRN] Filestore [C-R5F-Wv1sdYy8] Stream state outdated, last block has additional entries, will rebuild
[1] 2026/10/01 17:46:36.333426 [WRN] Filestore [C-R5F-Wv1sdYy8] Recovering stream state from index errored: prior state file
[1] 2026/10/01 17:46:36.342209 [WRN] Filestore [C-R5F-96ShicA7] Stream state outdated, last block has additional entries, will rebuild
[1] 2026/10/01 17:46:36.342218 [WRN] Filestore [C-R5F-96ShicA7] Recovering stream state from index errored: prior state file
[1] 2026/10/01 17:46:36.362054 [WRN] Filestore [C-R5F-hJddxlUR] Stream state outdated, last block has additional entries, will rebuild
[1] 2026/10/01 17:46:36.362071 [WRN] Filestore [C-R5F-hJddxlUR] Recovering stream state from index errored: prior state file
[1] 2026/10/01 17:46:36.368477 [WRN] Filestore [C-R5F-95608TlK] Stream state outdated, last block has additional entries, will rebuild
[1] 2026/10/01 17:46:36.368488 [WRN] Filestore [C-R5F-95608TlK] Recovering stream state from index errored: prior state file
[1] 2026/10/01 17:46:36.374459 [WRN] Filestore [C-R5F-aMPaxkvv] Stream state outdated, last block has additional entries, will rebuild
[1] 2026/10/01 17:46:36.374470 [WRN] Filestore [C-R5F-aMPaxkvv] Recovering stream state from index errored: prior state file
[1] 2026/10/01 17:46:36.380203 [WRN] Filestore [C-R5F-LC9OpWED] Stream state outdated, last block has additional entries, will rebuild
[1] 2026/10/01 17:46:36.380213 [WRN] Filestore [C-R5F-LC9OpWED] Recovering stream state from index errored: prior state file
[1] 2026/10/01 17:46:36.383233 [WRN] Filestore [C-R5F-QFvAjx6x] Stream state outdated, last block has additional entries, will rebuild
[1] 2026/10/01 17:46:36.383252 [WRN] Filestore [C-R5F-QFvAjx6x] Recovering stream state from index errored: prior state file
[1] 2026/10/01 17:46:36.386569 [WRN] Filestore [C-R5F-hbZS62va] Stream state outdated, last block has additional entries, will rebuild
[1] 2026/10/01 17:46:36.386595 [WRN] Filestore [C-R5F-hbZS62va] Recovering stream state from index errored: prior state file
[1] 2026/10/01 17:46:36.389702 [WRN] Filestore [C-R5F-Id1T79ov] Stream state outdated, last block has additional entries, will rebuild
[1] 2026/10/01 17:46:36.389738 [WRN] Filestore [C-R5F-Id1T79ov] Recovering stream state from index errored: prior state file
[1] 2026/10/01 17:46:36.393074 [WRN] Filestore [C-R5F-79z46D1W] Stream state outdated, last block has additional entries, will rebuild
[1] 2026/10/01 17:46:36.393102 [WRN] Filestore [C-R5F-79z46D1W] Recovering stream state from index errored: prior state file
[1] 2026/10/01 17:46:36.399409 [WRN] Filestore [C-R5F-cbq2V1Vj] Stream state outdated, last block has additional entries, will rebuild
[1] 2026/10/01 17:46:36.400724 [WRN] Filestore [C-R5F-cbq2V1Vj] Recovering stream state from index errored: prior state file
[1] 2026/10/01 17:46:36.415019 [WRN] Filestore [C-R5F-QAJgiK2F] Stream state outdated, last block has additional entries, will rebuild
[1] 2026/10/01 17:46:36.415691 [WRN] Filestore [C-R5F-QAJgiK2F] Recovering stream state from index errored: prior state file
[1] 2026/10/01 17:46:36.419495 [WRN] Filestore [C-R5F-acQ2tGAH] Stream state outdated, last block has additional entries, will rebuild
[1] 2026/10/01 17:46:36.419547 [WRN] Filestore [C-R5F-acQ2tGAH] Recovering stream state from index errored: prior state file
[1] 2026/10/01 17:46:36.422435 [WRN] Filestore [C-R5F-y9PiBYpY] Stream state outdated, last block has additional entries, will rebuild
[1] 2026/10/01 17:46:36.422459 [WRN] Filestore [C-R5F-y9PiBYpY] Recovering stream state from index errored: prior state file
[1] 2026/10/01 17:46:36.427385 [WRN] Filestore [C-R5F-Cstbmx0M] Stream state outdated, last block has additional entries, will rebuild
[1] 2026/10/01 17:46:36.427429 [WRN] Filestore [C-R5F-Cstbmx0M] Recovering stream state from index errored: prior state file
[1] 2026/10/01 17:46:36.430883 [WRN] Filestore [C-R5F-GA8GRlPi] Stream state outdated, last block has additional entries, will rebuild
[1] 2026/10/01 17:46:36.430918 [WRN] Filestore [C-R5F-GA8GRlPi] Recovering stream state from index errored: prior state file
[1] 2026/10/01 17:46:36.434164 [WRN] Filestore [C-R5F-DqqdJtGY] Stream state outdated, last block has additional entries, will rebuild
[1] 2026/10/01 17:46:36.434195 [WRN] Filestore [C-R5F-DqqdJtGY] Recovering stream state from index errored: prior state file
[1] 2026/10/01 17:46:36.437535 [WRN] Filestore [C-R5F-EtVtzLZK] Stream state outdated, last block has additional entries, will rebuild
[1] 2026/10/01 17:46:36.437564 [WRN] Filestore [C-R5F-EtVtzLZK] Recovering stream state from index errored: prior state file
[1] 2026/10/01 17:46:36.446574 [WRN] Filestore [C-R5F-XvpkKKzU] Stream state outdated, last block has additional entries, will rebuild
[1] 2026/10/01 17:46:36.446740 [WRN] Filestore [C-R5F-XvpkKKzU] Recovering stream state from index errored: prior state file
[1] 2026/10/01 17:46:36.452294 [WRN] Filestore [C-R5F-s2wJS5mC] Stream state outdated, last block has additional entries, will rebuild
[1] 2026/10/01 17:46:36.452350 [WRN] Filestore [C-R5F-s2wJS5mC] Recovering stream state from index errored: prior state file
[1] 2026/10/01 17:46:36.456175 [WRN] Filestore [C-R5F-TKhMuruh] Stream state outdated, last block has additional entries, will rebuild
[1] 2026/10/01 17:46:36.456220 [WRN] Filestore [C-R5F-TKhMuruh] Recovering stream state from index errored: prior state file
[1] 2026/10/01 17:46:36.459674 [WRN] Filestore [C-R5F-TpmWd2cv] Stream state outdated, last block has additional entries, will rebuild
[1] 2026/10/01 17:46:36.459724 [WRN] Filestore [C-R5F-TpmWd2cv] Recovering stream state from index errored: prior state file
[1] 2026/10/01 17:46:36.464654 [WRN] Filestore [C-R5F-P5pVZQQ9] Stream state outdated, last block has additional entries, will rebuild
[1] 2026/10/01 17:46:36.465046 [WRN] Filestore [C-R5F-P5pVZQQ9] Recovering stream state from index errored: prior state file
[1] 2026/10/01 17:46:36.469015 [WRN] Filestore [C-R5F-6phBWFvR] Stream state outdated, last block has additional entries, will rebuild
[1] 2026/10/01 17:46:36.469062 [WRN] Filestore [C-R5F-6phBWFvR] Recovering stream state from index errored: prior state file
[1] 2026/10/01 17:46:36.474520 [WRN] Filestore [C-R5F-1xWzzdqO] Stream state outdated, last block has additional entries, will rebuild
[1] 2026/10/01 17:46:36.474565 [WRN] Filestore [C-R5F-1xWzzdqO] Recovering stream state from index errored: prior state file
[1] 2026/10/01 17:46:36.477911 [WRN] Filestore [C-R5F-CjxMvGlE] Stream state outdated, last block has additional entries, will rebuild
[1] 2026/10/01 17:46:36.477947 [WRN] Filestore [C-R5F-CjxMvGlE] Recovering stream state from index errored: prior state file
[1] 2026/10/01 17:46:36.482092 [WRN] Filestore [C-R5F-uIqk69sr] Stream state outdated, last block has additional entries, will rebuild
[1] 2026/10/01 17:46:36.482299 [WRN] Filestore [C-R5F-uIqk69sr] Recovering stream state from index errored: prior state file
[1] 2026/10/01 17:46:36.488905 [WRN] Filestore [C-R5F-S8TLVvtt] Stream state outdated, last block has additional entries, will rebuild
[1] 2026/10/01 17:46:36.488963 [WRN] Filestore [C-R5F-S8TLVvtt] Recovering stream state from index errored: prior state file
[1] 2026/10/01 17:46:36.494144 [WRN] Filestore [C-R5F-9yHXut7a] Stream state outdated, last block has additional entries, will rebuild
[1] 2026/10/01 17:46:36.494197 [WRN] Filestore [C-R5F-9yHXut7a] Recovering stream state from index errored: prior state file
[1] 2026/10/01 17:46:36.498118 [WRN] Filestore [C-R5F-5m6xtXhb] Stream state outdated, last block has additional entries, will rebuild
[1] 2026/10/01 17:46:36.498197 [WRN] Filestore [C-R5F-5m6xtXhb] Recovering stream state from index errored: prior state file
[1] 2026/10/01 17:46:36.501651 [WRN] Filestore [C-R5F-2GroPi5z] Stream state outdated, last block has additional entries, will rebuild
[1] 2026/10/01 17:46:36.501715 [WRN] Filestore [C-R5F-2GroPi5z] Recovering stream state from index errored: prior state file
[1] 2026/10/01 17:46:36.504561 [WRN] Filestore [C-R5F-pLLje2j9] Stream state outdated, last block has additional entries, will rebuild
[1] 2026/10/01 17:46:36.504613 [WRN] Filestore [C-R5F-pLLje2j9] Recovering stream state from index errored: prior state file
[1] 2026/10/01 17:46:36.509283 [WRN] Filestore [C-R5F-rpuD2G6N] Stream state outdated, last block has additional entries, will rebuild
[1] 2026/10/01 17:46:36.509488 [WRN] Filestore [C-R5F-rpuD2G6N] Recovering stream state from index errored: prior state file
[1] 2026/10/01 17:46:36.513567 [WRN] Filestore [C-R5F-xEMdv3hq] Stream state outdated, last block has additional entries, will rebuild
[1] 2026/10/01 17:46:36.513603 [WRN] Filestore [C-R5F-xEMdv3hq] Recovering stream state from index errored: prior state file
[1] 2026/10/01 17:46:36.516792 [WRN] Filestore [C-R5F-YiZ5MXTE] Stream state outdated, last block has additional entries, will rebuild
[1] 2026/10/01 17:46:36.516827 [WRN] Filestore [C-R5F-YiZ5MXTE] Recovering stream state from index errored: prior state file
[1] 2026/10/01 17:46:36.521623 [WRN] Filestore [C-R5F-RckEkWmu] Stream state outdated, last block has additional entries, will rebuild
[1] 2026/10/01 17:46:36.522549 [WRN] Filestore [C-R5F-RckEkWmu] Recovering stream state from index errored: prior state file
[1] 2026/10/01 17:46:36.525294 [WRN] Filestore [C-R5F-lgI7HU8G] Stream state outdated, last block has additional entries, will rebuild
[1] 2026/10/01 17:46:36.525325 [WRN] Filestore [C-R5F-lgI7HU8G] Recovering stream state from index errored: prior state file
[1] 2026/10/01 17:46:36.528280 [WRN] Filestore [C-R5F-YJs8J95N] Stream state outdated, last block has additional entries, will rebuild
[1] 2026/10/01 17:46:36.528310 [WRN] Filestore [C-R5F-YJs8J95N] Recovering stream state from index errored: prior state file
[1] 2026/10/01 17:46:36.537439 [WRN] Filestore [C-R5F-e4gkvegB] Stream state outdated, last block has additional entries, will rebuild
[1] 2026/10/01 17:46:36.537514 [WRN] Filestore [C-R5F-e4gkvegB] Recovering stream state from index errored: prior state file
[1] 2026/10/01 17:46:36.540313 [WRN] Filestore [C-R5F-4oafoVFY] Stream state outdated, last block has additional entries, will rebuild
[1] 2026/10/01 17:46:36.540348 [WRN] Filestore [C-R5F-4oafoVFY] Recovering stream state from index errored: prior state file
[1] 2026/10/01 17:46:36.546068 [WRN] Filestore [C-R5F-M5ky20qO] Stream state outdated, last block has additional entries, will rebuild
[1] 2026/10/01 17:46:36.546084 [WRN] Filestore [C-R5F-M5ky20qO] Recovering stream state from index errored: prior state file
[1] 2026/10/01 17:46:36.549271 [WRN] Filestore [C-R5F-E7sBdcBs] Stream state outdated, last block has additional entries, will rebuild
[1] 2026/10/01 17:46:36.549278 [WRN] Filestore [C-R5F-E7sBdcBs] Recovering stream state from index errored: prior state file
[1] 2026/10/01 17:46:36.551845 [WRN] Filestore [C-R5F-msjHnwT6] Stream state outdated, last block has additional entries, will rebuild
[1] 2026/10/01 17:46:36.551855 [WRN] Filestore [C-R5F-msjHnwT6] Recovering stream state from index errored: prior state file
[1] 2026/10/01 17:46:36.557034 [WRN] Filestore [C-R5F-G7ECqq9u] Stream state outdated, last block has additional entries, will rebuild
[1] 2026/10/01 17:46:36.557043 [WRN] Filestore [C-R5F-G7ECqq9u] Recovering stream state from index errored: prior state file
[1] 2026/10/01 17:46:36.564804 [WRN] Filestore [C-R5F-v1P2Amkv] Stream state outdated, last block has additional entries, will rebuild
[1] 2026/10/01 17:46:36.564817 [WRN] Filestore [C-R5F-v1P2Amkv] Recovering stream state from index errored: prior state file
[1] 2026/10/01 17:46:36.570521 [WRN] Filestore [C-R5F-unrIRVZc] Stream state outdated, last block has additional entries, will rebuild
[1] 2026/10/01 17:46:36.570532 [WRN] Filestore [C-R5F-unrIRVZc] Recovering stream state from index errored: prior state file
[1] 2026/10/01 17:46:36.573998 [WRN] Filestore [C-R5F-GhAZwpbP] Stream state outdated, last block has additional entries, will rebuild
[1] 2026/10/01 17:46:36.574006 [WRN] Filestore [C-R5F-GhAZwpbP] Recovering stream state from index errored: prior state file
[1] 2026/10/01 17:46:36.579599 [WRN] Filestore [C-R5F-cak36pfv] Stream state outdated, last block has additional entries, will rebuild
[1] 2026/10/01 17:46:36.579611 [WRN] Filestore [C-R5F-cak36pfv] Recovering stream state from index errored: prior state file
[1] 2026/10/01 17:46:36.583121 [WRN] Filestore [C-R5F-llrCrQBu] Stream state outdated, last block has additional entries, will rebuild
[1] 2026/10/01 17:46:36.583129 [WRN] Filestore [C-R5F-llrCrQBu] Recovering stream state from index errored: prior state file
[1] 2026/10/01 17:46:36.586118 [WRN] Filestore [C-R5F-0znd06my] Stream state outdated, last block has additional entries, will rebuild
[1] 2026/10/01 17:46:36.586127 [WRN] Filestore [C-R5F-0znd06my] Recovering stream state from index errored: prior state file
[1] 2026/10/01 17:46:36.589479 [WRN] Filestore [C-R5F-N11amTlI] Stream state outdated, last block has additional entries, will rebuild
[1] 2026/10/01 17:46:36.589488 [WRN] Filestore [C-R5F-N11amTlI] Recovering stream state from index errored: prior state file
[1] 2026/10/01 17:46:36.593734 [WRN] Filestore [C-R5F-DpoxJlP6] Stream state outdated, last block has additional entries, will rebuild
[1] 2026/10/01 17:46:36.594003 [WRN] Filestore [C-R5F-DpoxJlP6] Recovering stream state from index errored: prior state file
[1] 2026/10/01 17:46:36.598185 [WRN] Filestore [C-R5F-t3wc5nFh] Stream state outdated, last block has additional entries, will rebuild
[1] 2026/10/01 17:46:36.598195 [WRN] Filestore [C-R5F-t3wc5nFh] Recovering stream state from index errored: prior state file
[1] 2026/10/01 17:46:36.602830 [WRN] Filestore [C-R5F-rL03EjBD] Stream state outdated, last block has additional entries, will rebuild
[1] 2026/10/01 17:46:36.602839 [WRN] Filestore [C-R5F-rL03EjBD] Recovering stream state from index errored: prior state file
[1] 2026/10/01 17:46:36.605879 [WRN] Filestore [C-R5F-Gouc2DR2] Stream state outdated, last block has additional entries, will rebuild
[1] 2026/10/01 17:46:36.605888 [WRN] Filestore [C-R5F-Gouc2DR2] Recovering stream state from index errored: prior state file
[1] 2026/10/01 17:46:36.610156 [WRN] Filestore [C-R5F-uWIAkgbm] Stream state outdated, last block has additional entries, will rebuild
[1] 2026/10/01 17:46:36.610167 [WRN] Filestore [C-R5F-uWIAkgbm] Recovering stream state from index errored: prior state file
[1] 2026/10/01 17:46:36.612773 [WRN] Filestore [C-R5F-PEbMPFcC] Stream state outdated, last block has additional entries, will rebuild
[1] 2026/10/01 17:46:36.612783 [WRN] Filestore [C-R5F-PEbMPFcC] Recovering stream state from index errored: prior state file
[1] 2026/10/01 17:46:36.615750 [WRN] Filestore [C-R5F-89cr8v7q] Stream state outdated, last block has additional entries, will rebuild
[1] 2026/10/01 17:46:36.615760 [WRN] Filestore [C-R5F-89cr8v7q] Recovering stream state from index errored: prior state file
[1] 2026/10/01 17:46:36.618770 [WRN] Filestore [C-R5F-kMvfdrQ9] Stream state outdated, last block has additional entries, will rebuild
[1] 2026/10/01 17:46:36.618781 [WRN] Filestore [C-R5F-kMvfdrQ9] Recovering stream state from index errored: prior state file
[1] 2026/10/01 17:46:36.621743 [WRN] Filestore [C-R5F-GfdGm9uv] Stream state outdated, last block has additional entries, will rebuild
[1] 2026/10/01 17:46:36.621754 [WRN] Filestore [C-R5F-GfdGm9uv] Recovering stream state from index errored: prior state file
[1] 2026/10/01 17:46:36.624622 [WRN] Filestore [C-R5F-icy4r0QO] Stream state outdated, last block has additional entries, will rebuild
[1] 2026/10/01 17:46:36.624632 [WRN] Filestore [C-R5F-icy4r0QO] Recovering stream state from index errored: prior state file
[1] 2026/10/01 17:46:36.628278 [WRN] Filestore [C-R5F-NrtBgYZN] Stream state outdated, last block has additional entries, will rebuild
[1] 2026/10/01 17:46:36.628289 [WRN] Filestore [C-R5F-NrtBgYZN] Recovering stream state from index errored: prior state file
[1] 2026/10/01 17:46:36.631564 [WRN] Metalayer blocking snapshot starting
[1] 2026/10/01 17:46:36.634110 [WRN] Metalayer blocking snapshot took 0.003s (streams: 10, consumers: 64, compacted: 60.22 KB)
[1] 2026/10/01 17:46:36.634125 [INF] JetStream cluster new metadata leader: js-wf-route-28253-1790876213545205686-n4/js-wf-route-28253-1790876213545205686
[1] 2026/10/01 17:46:40.933890 [INF] JetStream cluster new consumer leader for '$G > WF_RUN > WF_P_14'